Running Gradle task 'assembleRelease'...                        
lib/generated/spacex_api/device/device.pb.dart:17:8: Error: Error when reading '../../../.pub-cache/hosted/pub.dev/protobuf-3.1.0/lib/well_known_types/google/protobuf/timestamp.pb.dart': No such file or directory
import 'package:protobuf/well_known_types/google/protobuf/timestamp.pb.dart'
       ^
lib/generated/spacex_api/device/wifi.pb.dart:17:8: Error: Error when reading '../../../.pub-cache/hosted/pub.dev/protobuf-3.1.0/lib/well_known_types/google/protobuf/wrappers.pb.dart': No such file or directory
import 'package:protobuf/well_known_types/google/protobuf/wrappers.pb.dart'
       ^
lib/generated/spacex_api/device/device.pb.dart:230:5: Error: Type '$1.Timestamp' not found.
    $1.Timestamp? timestamp,
    ^^^^^^^^^^^^
lib/generated/spacex_api/device/device.pb.dart:294:3: Error: Type '$1.Timestamp' not found.
  $1.Timestamp get timestamp => $_getN(0);
  ^^^^^^^^^^^^
lib/generated/spacex_api/device/device.pb.dart:296:17: Error: Type '$1.Timestamp' not found.
  set timestamp($1.Timestamp value) => $_setField(1, value);
                ^^^^^^^^^^^^
lib/generated/spacex_api/device/device.pb.dart:302:3: Error: Type '$1.Timestamp' not found.
  $1.Timestamp ensureTimestamp() => $_ensure(0);
  ^^^^^^^^^^^^
lib/generated/spacex_api/device/wifi.pb.dart:6641:5: Error: Type '$4.StringValue' not found.
    $4.StringValue? id,
    ^^^^^^^^^^^^^^
lib/generated/spacex_api/device/wifi.pb.dart:6642:5: Error: Type '$4.StringValue' not found.
    $4.StringValue? timestampDate,
    ^^^^^^^^^^^^^^
lib/generated/spacex_api/device/wifi.pb.dart:6643:5: Error: Type '$4.UInt32Value' not found.
    $4.UInt32Value? timestampHour,
    ^^^^^^^^^^^^^^
lib/generated/spacex_api/device/wifi.pb.dart:6644:5: Error: Type '$4.UInt32Value' not found.
    $4.UInt32Value? sysHwGen,
    ^^^^^^^^^^^^^^
lib/generated/spacex_api/device/wifi.pb.dart:6645:5: Error: Type '$4.StringValue' not found.
    $4.StringValue? sysSw,
    ^^^^^^^^^^^^^^
lib/generated/spacex_api/device/wifi.pb.dart:6646:5: Error: Type '$4.StringValue' not found.
    $4.StringValue? sysCountry,
    ^^^^^^^^^^^^^^
lib/generated/spacex_api/device/wifi.pb.dart:6647:5: Error: Type '$4.BoolValue' not found.
    $4.BoolValue? sysIsDev,
    ^^^^^^^^^^^^
lib/generated/spacex_api/device/wifi.pb.dart:6648:5: Error: Type '$4.UInt32Value' not found.
    $4.UInt32Value? sysAllocFds,
    ^^^^^^^^^^^^^^
lib/generated/spacex_api/device/wifi.pb.dart:6649:5: Error: Type '$4.FloatValue' not found.
    $4.FloatValue? sysCpuUsage,
    ^^^^^^^^^^^^^
lib/generated/spacex_api/device/wifi.pb.dart:6650:5: Error: Type '$4.FloatValue' not found.
    $4.FloatValue? sysMemFreeKb,
    ^^^^^^^^^^^^^
lib/generated/spacex_api/device/wifi.pb.dart:6651:5: Error: Type '$4.Int32Value' not found.
    $4.Int32Value? sysBootcount,
    ^^^^^^^^^^^^^
lib/generated/spacex_api/device/wifi.pb.dart:6652:5: Error: Type '$4.BoolValue' not found.
    $4.BoolValue? sysPartitionsEqual,
    ^^^^^^^^^^^^
lib/generated/spacex_api/device/wifi.pb.dart:6653:5: Error: Type '$4.UInt32Value' not found.
    $4.UInt32Value? sysUptimeSeconds,
    ^^^^^^^^^^^^^^
lib/generated/spacex_api/device/wifi.pb.dart:6654:5: Error: Type '$4.Int32Value' not found.
    $4.Int32Value? sysAntiRollbackVersion,
    ^^^^^^^^^^^^^
lib/generated/spacex_api/device/wifi.pb.dart:6655:5: Error: Type '$4.BoolValue' not found.
    $4.BoolValue? sysIsWitl,
    ^^^^^^^^^^^^
lib/generated/spacex_api/device/wifi.pb.dart:6656:5: Error: Type '$4.BoolValue' not found.
    $4.BoolValue? sysIsAviationConformed,
    ^^^^^^^^^^^^
lib/generated/spacex_api/device/wifi.pb.dart:6657:5: Error: Type '$4.UInt32Value' not found.
    $4.UInt32Value? sysUbiMaxEc,
    ^^^^^^^^^^^^^^
lib/generated/spacex_api/device/wifi.pb.dart:6658:5: Error: Type '$4.UInt32Value' not found.
    $4.UInt32Value? sysUbiBadPeb,
    ^^^^^^^^^^^^^^
lib/generated/spacex_api/device/wifi.pb.dart:6659:5: Error: Type '$4.UInt32Value' not found.
    $4.UInt32Value? sysBoardRev,
    ^^^^^^^^^^^^^^
lib/generated/spacex_api/device/wifi.pb.dart:6660:5: Error: Type '$4.UInt32Value' not found.
    $4.UInt32Value? sysCalibrationState,
    ^^^^^^^^^^^^^^
lib/generated/spacex_api/device/wifi.pb.dart:6661:5: Error: Type '$4.UInt32Value' not found.
    $4.UInt32Value? sysCalibrationPartitionsState,
    ^^^^^^^^^^^^^^
lib/generated/spacex_api/device/wifi.pb.dart:6662:5: Error: Type '$4.UInt32Value' not found.
    $4.UInt32Value? sysHwIndex,
    ^^^^^^^^^^^^^^
lib/generated/spacex_api/device/wifi.pb.dart:6663:5: Error: Type '$4.UInt32Value' not found.
    $4.UInt32Value? radios2ghzChannel,
    ^^^^^^^^^^^^^^
lib/generated/spacex_api/device/wifi.pb.dart:6664:5: Error: Type '$4.FloatValue' not found.
    $4.FloatValue? radios2ghzAntenna1Rssi,
    ^^^^^^^^^^^^^
lib/generated/spacex_api/device/wifi.pb.dart:6665:5: Error: Type '$4.FloatValue' not found.
    $4.FloatValue? radios2ghzAntenna2Rssi,
    ^^^^^^^^^^^^^
lib/generated/spacex_api/device/wifi.pb.dart:6666:5: Error: Type '$4.FloatValue' not found.
    $4.FloatValue? radios2ghzAntenna3Rssi,
    ^^^^^^^^^^^^^
lib/generated/spacex_api/device/wifi.pb.dart:6667:5: Error: Type '$4.UInt32Value' not found.
    $4.UInt32Value? radios2ghzIfaceCount,
    ^^^^^^^^^^^^^^
lib/generated/spacex_api/device/wifi.pb.dart:6668:5: Error: Type '$4.FloatValue' not found.
    $4.FloatValue? radios2ghzChanBusyFraction,
    ^^^^^^^^^^^^^
lib/generated/spacex_api/device/wifi.pb.dart:6669:5: Error: Type '$4.FloatValue' not found.
    $4.FloatValue? radios2ghzEdccaFraction,
    ^^^^^^^^^^^^^
lib/generated/spacex_api/device/wifi.pb.dart:6670:5: Error: Type '$4.FloatValue' not found.
    $4.FloatValue? radios2ghzOverlappingBssFraction,
    ^^^^^^^^^^^^^
lib/generated/spacex_api/device/wifi.pb.dart:6671:5: Error: Type '$4.Int64Value' not found.
    $4.Int64Value? radios2ghzRxBytes,
    ^^^^^^^^^^^^^
lib/generated/spacex_api/device/wifi.pb.dart:6672:5: Error: Type '$4.Int64Value' not found.
    $4.Int64Value? radios2ghzRxPackets,
    ^^^^^^^^^^^^^
lib/generated/spacex_api/device/wifi.pb.dart:6673:5: Error: Type '$4.Int64Value' not found.
    $4.Int64Value? radios2ghzRxErrors,
    ^^^^^^^^^^^^^
lib/generated/spacex_api/device/wifi.pb.dart:6674:5: Error: Type '$4.Int64Value' not found.
    $4.Int64Value? radios2ghzRxFrameErrors,
    ^^^^^^^^^^^^^
lib/generated/spacex_api/device/wifi.pb.dart:6675:5: Error: Type '$4.FloatValue' not found.
    $4.FloatValue? radios2ghzRxPacketErrorRate,
    ^^^^^^^^^^^^^
lib/generated/spacex_api/device/wifi.pb.dart:6676:5: Error: Type '$4.FloatValue' not found.
    $4.FloatValue? radios2ghzRxAirtimeFraction,
    ^^^^^^^^^^^^^
lib/generated/spacex_api/device/wifi.pb.dart:6677:5: Error: Type '$4.Int64Value' not found.
    $4.Int64Value? radios2ghzTxBytes,
    ^^^^^^^^^^^^^
lib/generated/spacex_api/device/wifi.pb.dart:6678:5: Error: Type '$4.Int64Value' not found.
    $4.Int64Value? radios2ghzTxPackets,
    ^^^^^^^^^^^^^
lib/generated/spacex_api/device/wifi.pb.dart:6679:5: Error: Type '$4.Int64Value' not found.
    $4.Int64Value? radios2ghzTxErrors,
    ^^^^^^^^^^^^^
lib/generated/spacex_api/device/wifi.pb.dart:6680:5: Error: Type '$4.FloatValue' not found.
    $4.FloatValue? radios2ghzTxPacketErrorRate,
    ^^^^^^^^^^^^^
lib/generated/spacex_api/device/wifi.pb.dart:6681:5: Error: Type '$4.FloatValue' not found.
    $4.FloatValue? radios2ghzTxAirtimeFraction,
    ^^^^^^^^^^^^^
lib/generated/spacex_api/device/wifi.pb.dart:6682:5: Error: Type '$4.UInt32Value' not found.
    $4.UInt32Value? radios5ghzChannel,
    ^^^^^^^^^^^^^^
lib/generated/spacex_api/device/wifi.pb.dart:6683:5: Error: Type '$4.FloatValue' not found.
    $4.FloatValue? radios5ghzAntenna1Rssi,
    ^^^^^^^^^^^^^
lib/generated/spacex_api/device/wifi.pb.dart:6684:5: Error: Type '$4.FloatValue' not found.
    $4.FloatValue? radios5ghzAntenna2Rssi,
    ^^^^^^^^^^^^^
lib/generated/spacex_api/device/wifi.pb.dart:6685:5: Error: Type '$4.FloatValue' not found.
    $4.FloatValue? radios5ghzAntenna3Rssi,
    ^^^^^^^^^^^^^
lib/generated/spacex_api/device/wifi.pb.dart:6686:5: Error: Type '$4.UInt32Value' not found.
    $4.UInt32Value? radios5ghzIfaceCount,
    ^^^^^^^^^^^^^^
lib/generated/spacex_api/device/wifi.pb.dart:6687:5: Error: Type '$4.FloatValue' not found.
    $4.FloatValue? radios5ghzChanBusyFraction,
    ^^^^^^^^^^^^^
lib/generated/spacex_api/device/wifi.pb.dart:6688:5: Error: Type '$4.FloatValue' not found.
    $4.FloatValue? radios5ghzEdccaFraction,
    ^^^^^^^^^^^^^
lib/generated/spacex_api/device/wifi.pb.dart:6689:5: Error: Type '$4.FloatValue' not found.
    $4.FloatValue? radios5ghzOverlappingBssFraction,
    ^^^^^^^^^^^^^
lib/generated/spacex_api/device/wifi.pb.dart:6690:5: Error: Type '$4.Int64Value' not found.
    $4.Int64Value? radios5ghzRxBytes,
    ^^^^^^^^^^^^^
lib/generated/spacex_api/device/wifi.pb.dart:6691:5: Error: Type '$4.Int64Value' not found.
    $4.Int64Value? radios5ghzRxPackets,
    ^^^^^^^^^^^^^
lib/generated/spacex_api/device/wifi.pb.dart:6692:5: Error: Type '$4.Int64Value' not found.
    $4.Int64Value? radios5ghzRxErrors,
    ^^^^^^^^^^^^^
lib/generated/spacex_api/device/wifi.pb.dart:6693:5: Error: Type '$4.Int64Value' not found.
    $4.Int64Value? radios5ghzRxFrameErrors,
    ^^^^^^^^^^^^^
lib/generated/spacex_api/device/wifi.pb.dart:6694:5: Error: Type '$4.FloatValue' not found.
    $4.FloatValue? radios5ghzRxPacketErrorRate,
    ^^^^^^^^^^^^^
lib/generated/spacex_api/device/wifi.pb.dart:6695:5: Error: Type '$4.FloatValue' not found.
    $4.FloatValue? radios5ghzRxAirtimeFraction,
    ^^^^^^^^^^^^^
lib/generated/spacex_api/device/wifi.pb.dart:6696:5: Error: Type '$4.Int64Value' not found.
    $4.Int64Value? radios5ghzTxBytes,
    ^^^^^^^^^^^^^
lib/generated/spacex_api/device/wifi.pb.dart:6697:5: Error: Type '$4.Int64Value' not found.
    $4.Int64Value? radios5ghzTxPackets,
    ^^^^^^^^^^^^^
lib/generated/spacex_api/device/wifi.pb.dart:6698:5: Error: Type '$4.Int64Value' not found.
    $4.Int64Value? radios5ghzTxErrors,
    ^^^^^^^^^^^^^
lib/generated/spacex_api/device/wifi.pb.dart:6699:5: Error: Type '$4.FloatValue' not found.
    $4.FloatValue? radios5ghzTxPacketErrorRate,
    ^^^^^^^^^^^^^
lib/generated/spacex_api/device/wifi.pb.dart:6700:5: Error: Type '$4.FloatValue' not found.
    $4.FloatValue? radios5ghzTxAirtimeFraction,
    ^^^^^^^^^^^^^
lib/generated/spacex_api/device/wifi.pb.dart:6701:5: Error: Type '$4.UInt32Value' not found.
    $4.UInt32Value? radios5ghzHighChannel,
    ^^^^^^^^^^^^^^
lib/generated/spacex_api/device/wifi.pb.dart:6702:5: Error: Type '$4.FloatValue' not found.
    $4.FloatValue? radios5ghzHighAntenna1Rssi,
    ^^^^^^^^^^^^^
lib/generated/spacex_api/device/wifi.pb.dart:6703:5: Error: Type '$4.FloatValue' not found.
    $4.FloatValue? radios5ghzHighAntenna2Rssi,
    ^^^^^^^^^^^^^
lib/generated/spacex_api/device/wifi.pb.dart:6704:5: Error: Type '$4.FloatValue' not found.
    $4.FloatValue? radios5ghzHighAntenna3Rssi,
    ^^^^^^^^^^^^^
lib/generated/spacex_api/device/wifi.pb.dart:6705:5: Error: Type '$4.UInt32Value' not found.
    $4.UInt32Value? radios5ghzHighIfaceCount,
    ^^^^^^^^^^^^^^
lib/generated/spacex_api/device/wifi.pb.dart:6706:5: Error: Type '$4.FloatValue' not found.
    $4.FloatValue? radios5ghzHighChanBusyFraction,
    ^^^^^^^^^^^^^
lib/generated/spacex_api/device/wifi.pb.dart:6707:5: Error: Type '$4.FloatValue' not found.
    $4.FloatValue? radios5ghzHighEdccaFraction,
    ^^^^^^^^^^^^^
lib/generated/spacex_api/device/wifi.pb.dart:6708:5: Error: Type '$4.FloatValue' not found.
    $4.FloatValue? radios5ghzHighOverlappingBssFraction,
    ^^^^^^^^^^^^^
lib/generated/spacex_api/device/wifi.pb.dart:6709:5: Error: Type '$4.Int64Value' not found.
    $4.Int64Value? radios5ghzHighRxBytes,
    ^^^^^^^^^^^^^
lib/generated/spacex_api/device/wifi.pb.dart:6710:5: Error: Type '$4.Int64Value' not found.
    $4.Int64Value? radios5ghzHighRxPackets,
    ^^^^^^^^^^^^^
lib/generated/spacex_api/device/wifi.pb.dart:6711:5: Error: Type '$4.Int64Value' not found.
    $4.Int64Value? radios5ghzHighRxErrors,
    ^^^^^^^^^^^^^
lib/generated/spacex_api/device/wifi.pb.dart:6712:5: Error: Type '$4.Int64Value' not found.
    $4.Int64Value? radios5ghzHighRxFrameErrors,
    ^^^^^^^^^^^^^
lib/generated/spacex_api/device/wifi.pb.dart:6713:5: Error: Type '$4.FloatValue' not found.
    $4.FloatValue? radios5ghzHighRxPacketErrorRate,
    ^^^^^^^^^^^^^
lib/generated/spacex_api/device/wifi.pb.dart:6714:5: Error: Type '$4.FloatValue' not found.
    $4.FloatValue? radios5ghzHighRxAirtimeFraction,
    ^^^^^^^^^^^^^
lib/generated/spacex_api/device/wifi.pb.dart:6715:5: Error: Type '$4.Int64Value' not found.
    $4.Int64Value? radios5ghzHighTxBytes,
    ^^^^^^^^^^^^^
lib/generated/spacex_api/device/wifi.pb.dart:6716:5: Error: Type '$4.Int64Value' not found.
    $4.Int64Value? radios5ghzHighTxPackets,
    ^^^^^^^^^^^^^
lib/generated/spacex_api/device/wifi.pb.dart:6717:5: Error: Type '$4.Int64Value' not found.
    $4.Int64Value? radios5ghzHighTxErrors,
    ^^^^^^^^^^^^^
lib/generated/spacex_api/device/wifi.pb.dart:6718:5: Error: Type '$4.FloatValue' not found.
    $4.FloatValue? radios5ghzHighTxPacketErrorRate,
    ^^^^^^^^^^^^^
lib/generated/spacex_api/device/wifi.pb.dart:6719:5: Error: Type '$4.FloatValue' not found.
    $4.FloatValue? radios5ghzHighTxAirtimeFraction,
    ^^^^^^^^^^^^^
lib/generated/spacex_api/device/wifi.pb.dart:6720:5: Error: Type '$4.FloatValue' not found.
    $4.FloatValue? radios2ghzAntenna1Tssi,
    ^^^^^^^^^^^^^
lib/generated/spacex_api/device/wifi.pb.dart:6721:5: Error: Type '$4.FloatValue' not found.
    $4.FloatValue? radios2ghzAntenna2Tssi,
    ^^^^^^^^^^^^^
lib/generated/spacex_api/device/wifi.pb.dart:6722:5: Error: Type '$4.FloatValue' not found.
    $4.FloatValue? radios2ghzAntenna3Tssi,
    ^^^^^^^^^^^^^
lib/generated/spacex_api/device/wifi.pb.dart:6723:5: Error: Type '$4.FloatValue' not found.
    $4.FloatValue? radios2ghzAntenna4Tssi,
    ^^^^^^^^^^^^^
lib/generated/spacex_api/device/wifi.pb.dart:6724:5: Error: Type '$4.FloatValue' not found.
    $4.FloatValue? radios5ghzAntenna1Tssi,
    ^^^^^^^^^^^^^
lib/generated/spacex_api/device/wifi.pb.dart:6725:5: Error: Type '$4.FloatValue' not found.
    $4.FloatValue? radios5ghzAntenna2Tssi,
    ^^^^^^^^^^^^^
lib/generated/spacex_api/device/wifi.pb.dart:6726:5: Error: Type '$4.FloatValue' not found.
    $4.FloatValue? radios5ghzAntenna3Tssi,
    ^^^^^^^^^^^^^
lib/generated/spacex_api/device/wifi.pb.dart:6727:5: Error: Type '$4.FloatValue' not found.
    $4.FloatValue? radios5ghzAntenna4Tssi,
    ^^^^^^^^^^^^^
lib/generated/spacex_api/device/wifi.pb.dart:6728:5: Error: Type '$4.FloatValue' not found.
    $4.FloatValue? radios5ghzHighAntenna1Tssi,
    ^^^^^^^^^^^^^
lib/generated/spacex_api/device/wifi.pb.dart:6729:5: Error: Type '$4.FloatValue' not found.
    $4.FloatValue? radios5ghzHighAntenna2Tssi,
    ^^^^^^^^^^^^^
lib/generated/spacex_api/device/wifi.pb.dart:6730:5: Error: Type '$4.FloatValue' not found.
    $4.FloatValue? radios5ghzHighAntenna3Tssi,
    ^^^^^^^^^^^^^
lib/generated/spacex_api/device/wifi.pb.dart:6731:5: Error: Type '$4.FloatValue' not found.
    $4.FloatValue? radios5ghzHighAntenna4Tssi,
    ^^^^^^^^^^^^^
lib/generated/spacex_api/device/wifi.pb.dart:6732:5: Error: Type '$4.FloatValue' not found.
    $4.FloatValue? radios2ghzAntenna4Rssi,
    ^^^^^^^^^^^^^
lib/generated/spacex_api/device/wifi.pb.dart:6733:5: Error: Type '$4.FloatValue' not found.
    $4.FloatValue? radios5ghzAntenna4Rssi,
    ^^^^^^^^^^^^^
lib/generated/spacex_api/device/wifi.pb.dart:6734:5: Error: Type '$4.FloatValue' not found.
    $4.FloatValue? radios5ghzHighAntenna4Rssi,
    ^^^^^^^^^^^^^
lib/generated/spacex_api/device/wifi.pb.dart:6735:5: Error: Type '$4.FloatValue' not found.
    $4.FloatValue? radios2ghzThermalTemp,
    ^^^^^^^^^^^^^
lib/generated/spacex_api/device/wifi.pb.dart:6736:5: Error: Type '$4.FloatValue' not found.
    $4.FloatValue? radios5ghzThermalTemp,
    ^^^^^^^^^^^^^
lib/generated/spacex_api/device/wifi.pb.dart:6737:5: Error: Type '$4.FloatValue' not found.
    $4.FloatValue? radios2ghzThermalDutyCycle,
    ^^^^^^^^^^^^^
lib/generated/spacex_api/device/wifi.pb.dart:6738:5: Error: Type '$4.FloatValue' not found.
    $4.FloatValue? radios5ghzThermalDutyCycle,
    ^^^^^^^^^^^^^
lib/generated/spacex_api/device/wifi.pb.dart:6739:5: Error: Type '$4.UInt32Value' not found.
    $4.UInt32Value? radios2ghzThermalThrottledSeconds,
    ^^^^^^^^^^^^^^
lib/generated/spacex_api/device/wifi.pb.dart:6740:5: Error: Type '$4.UInt32Value' not found.
    $4.UInt32Value? radios5ghzThermalThrottledSeconds,
    ^^^^^^^^^^^^^^
lib/generated/spacex_api/device/wifi.pb.dart:6741:5: Error: Type '$4.FloatValue' not found.
    $4.FloatValue? radios5ghzHighThermalTemp,
    ^^^^^^^^^^^^^
lib/generated/spacex_api/device/wifi.pb.dart:6742:5: Error: Type '$4.FloatValue' not found.
    $4.FloatValue? radios5ghzHighThermalDutyCycle,
    ^^^^^^^^^^^^^
lib/generated/spacex_api/device/wifi.pb.dart:6743:5: Error: Type '$4.UInt32Value' not found.
    $4.UInt32Value? radios5ghzHighThermalThrottledSeconds,
    ^^^^^^^^^^^^^^
lib/generated/spacex_api/device/wifi.pb.dart:6744:5: Error: Type '$4.FloatValue' not found.
    $4.FloatValue? boardTemp,
    ^^^^^^^^^^^^^
lib/generated/spacex_api/device/wifi.pb.dart:6745:5: Error: Type '$4.FloatValue' not found.
    $4.FloatValue? poeMcuDieTemp,
    ^^^^^^^^^^^^^
lib/generated/spacex_api/device/wifi.pb.dart:6746:5: Error: Type '$4.FloatValue' not found.
    $4.FloatValue? poePercentWaterDetectAvg,
    ^^^^^^^^^^^^^
lib/generated/spacex_api/device/wifi.pb.dart:6747:5: Error: Type '$4.Int64Value' not found.
    $4.Int64Value? ifacesLanEthRxBytes,
    ^^^^^^^^^^^^^
lib/generated/spacex_api/device/wifi.pb.dart:6748:5: Error: Type '$4.Int64Value' not found.
    $4.Int64Value? ifacesLanEthRxPackets,
    ^^^^^^^^^^^^^
lib/generated/spacex_api/device/wifi.pb.dart:6749:5: Error: Type '$4.Int64Value' not found.
    $4.Int64Value? ifacesLanEthRxErrors,
    ^^^^^^^^^^^^^
lib/generated/spacex_api/device/wifi.pb.dart:6750:5: Error: Type '$4.Int64Value' not found.
    $4.Int64Value? ifacesLanEthRxFrameErrors,
    ^^^^^^^^^^^^^
lib/generated/spacex_api/device/wifi.pb.dart:6751:5: Error: Type '$4.Int64Value' not found.
    $4.Int64Value? ifacesLanEthTxBytes,
    ^^^^^^^^^^^^^
lib/generated/spacex_api/device/wifi.pb.dart:6752:5: Error: Type '$4.Int64Value' not found.
    $4.Int64Value? ifacesLanEthTxPackets,
    ^^^^^^^^^^^^^
lib/generated/spacex_api/device/wifi.pb.dart:6753:5: Error: Type '$4.Int64Value' not found.
    $4.Int64Value? ifacesLanEthTxErrors,
    ^^^^^^^^^^^^^
lib/generated/spacex_api/device/wifi.pb.dart:6754:5: Error: Type '$4.Int64Value' not found.
    $4.Int64Value? ifacesWanEthRxBytes,
    ^^^^^^^^^^^^^
lib/generated/spacex_api/device/wifi.pb.dart:6755:5: Error: Type '$4.Int64Value' not found.
    $4.Int64Value? ifacesWanEthRxPackets,
    ^^^^^^^^^^^^^
lib/generated/spacex_api/device/wifi.pb.dart:6756:5: Error: Type '$4.Int64Value' not found.
    $4.Int64Value? ifacesWanEthRxErrors,
    ^^^^^^^^^^^^^
lib/generated/spacex_api/device/wifi.pb.dart:6757:5: Error: Type '$4.Int64Value' not found.
    $4.Int64Value? ifacesWanEthRxFrameErrors,
    ^^^^^^^^^^^^^
lib/generated/spacex_api/device/wifi.pb.dart:6758:5: Error: Type '$4.Int64Value' not found.
    $4.Int64Value? ifacesWanEthTxBytes,
    ^^^^^^^^^^^^^
lib/generated/spacex_api/device/wifi.pb.dart:6759:5: Error: Type '$4.Int64Value' not found.
    $4.Int64Value? ifacesWanEthTxPackets,
    ^^^^^^^^^^^^^
lib/generated/spacex_api/device/wifi.pb.dart:6760:5: Error: Type '$4.Int64Value' not found.
    $4.Int64Value? ifacesWanEthTxErrors,
    ^^^^^^^^^^^^^
lib/generated/spacex_api/device/wifi.pb.dart:6761:5: Error: Type '$4.Int64Value' not found.
    $4.Int64Value? ifacesLan1EthRxBytes,
    ^^^^^^^^^^^^^
lib/generated/spacex_api/device/wifi.pb.dart:6762:5: Error: Type '$4.Int64Value' not found.
    $4.Int64Value? ifacesLan1EthRxPackets,
    ^^^^^^^^^^^^^
lib/generated/spacex_api/device/wifi.pb.dart:6763:5: Error: Type '$4.Int64Value' not found.
    $4.Int64Value? ifacesLan1EthRxErrors,
    ^^^^^^^^^^^^^
lib/generated/spacex_api/device/wifi.pb.dart:6764:5: Error: Type '$4.Int64Value' not found.
    $4.Int64Value? ifacesLan1EthRxFrameErrors,
    ^^^^^^^^^^^^^
lib/generated/spacex_api/device/wifi.pb.dart:6765:5: Error: Type '$4.Int64Value' not found.
    $4.Int64Value? ifacesLan1EthTxBytes,
    ^^^^^^^^^^^^^
lib/generated/spacex_api/device/wifi.pb.dart:6766:5: Error: Type '$4.Int64Value' not found.
    $4.Int64Value? ifacesLan1EthTxPackets,
    ^^^^^^^^^^^^^
lib/generated/spacex_api/device/wifi.pb.dart:6767:5: Error: Type '$4.Int64Value' not found.
    $4.Int64Value? ifacesLan1EthTxErrors,
    ^^^^^^^^^^^^^
lib/generated/spacex_api/device/wifi.pb.dart:6768:5: Error: Type '$4.StringValue' not found.
    $4.StringValue? ifacesWanPort,
    ^^^^^^^^^^^^^^
lib/generated/spacex_api/device/wifi.pb.dart:6769:5: Error: Type '$4.UInt32Value' not found.
    $4.UInt32Value? clients,
    ^^^^^^^^^^^^^^
lib/generated/spacex_api/device/wifi.pb.dart:6770:5: Error: Type '$4.UInt32Value' not found.
    $4.UInt32Value? clients2ghz,
    ^^^^^^^^^^^^^^
lib/generated/spacex_api/device/wifi.pb.dart:6771:5: Error: Type '$4.UInt32Value' not found.
    $4.UInt32Value? clients5ghz,
    ^^^^^^^^^^^^^^
lib/generated/spacex_api/device/wifi.pb.dart:6772:5: Error: Type '$4.UInt32Value' not found.
    $4.UInt32Value? clientsEth,
    ^^^^^^^^^^^^^^
lib/generated/spacex_api/device/wifi.pb.dart:6773:5: Error: Type '$4.UInt32Value' not found.
    $4.UInt32Value? clientsRepeater,
    ^^^^^^^^^^^^^^
lib/generated/spacex_api/device/wifi.pb.dart:6774:5: Error: Type '$4.UInt32Value' not found.
    $4.UInt32Value? clientsRepeater2ghz,
    ^^^^^^^^^^^^^^
lib/generated/spacex_api/device/wifi.pb.dart:6775:5: Error: Type '$4.UInt32Value' not found.
    $4.UInt32Value? clientsRepeater5ghz,
    ^^^^^^^^^^^^^^
lib/generated/spacex_api/device/wifi.pb.dart:6776:5: Error: Type '$4.UInt32Value' not found.
    $4.UInt32Value? clientsRepeaterEth,
    ^^^^^^^^^^^^^^
lib/generated/spacex_api/device/wifi.pb.dart:6777:5: Error: Type '$4.UInt32Value' not found.
    $4.UInt32Value? meshHops,
    ^^^^^^^^^^^^^^
lib/generated/spacex_api/device/wifi.pb.dart:6778:5: Error: Type '$4.FloatValue' not found.
    $4.FloatValue? meshOneHopRssiAvg2ghz,
    ^^^^^^^^^^^^^
lib/generated/spacex_api/device/wifi.pb.dart:6779:5: Error: Type '$4.FloatValue' not found.
    $4.FloatValue? meshOneHopRssiAvg5ghz,
    ^^^^^^^^^^^^^
lib/generated/spacex_api/device/wifi.pb.dart:6780:5: Error: Type '$4.FloatValue' not found.
    $4.FloatValue? meshTwoHopRssiAvg2ghz,
    ^^^^^^^^^^^^^
lib/generated/spacex_api/device/wifi.pb.dart:6781:5: Error: Type '$4.FloatValue' not found.
    $4.FloatValue? meshTwoHopRssiAvg5ghz,
    ^^^^^^^^^^^^^
lib/generated/spacex_api/device/wifi.pb.dart:6782:5: Error: Type '$4.UInt32Value' not found.
    $4.UInt32Value? clients5ghzHigh,
    ^^^^^^^^^^^^^^
lib/generated/spacex_api/device/wifi.pb.dart:6783:5: Error: Type '$4.FloatValue' not found.
    $4.FloatValue? meshOneHopRssiAvg5ghzHigh,
    ^^^^^^^^^^^^^
lib/generated/spacex_api/device/wifi.pb.dart:6784:5: Error: Type '$4.FloatValue' not found.
    $4.FloatValue? meshTwoHopRssiAvg5ghzHigh,
    ^^^^^^^^^^^^^
lib/generated/spacex_api/device/wifi.pb.dart:6785:5: Error: Type '$4.UInt32Value' not found.
    $4.UInt32Value? clientsRepeater5ghzHigh,
    ^^^^^^^^^^^^^^
lib/generated/spacex_api/device/wifi.pb.dart:6786:5: Error: Type '$4.FloatValue' not found.
    $4.FloatValue? repeaterTxRateMbpsMin,
    ^^^^^^^^^^^^^
lib/generated/spacex_api/device/wifi.pb.dart:6787:5: Error: Type '$4.FloatValue' not found.
    $4.FloatValue? repeaterRxRateMbpsMin,
    ^^^^^^^^^^^^^
lib/generated/spacex_api/device/wifi.pb.dart:6788:5: Error: Type '$4.FloatValue' not found.
    $4.FloatValue? repeaterTxRateMbpsAvg,
    ^^^^^^^^^^^^^
lib/generated/spacex_api/device/wifi.pb.dart:6789:5: Error: Type '$4.FloatValue' not found.
    $4.FloatValue? repeaterRxRateMbpsAvg,
    ^^^^^^^^^^^^^
lib/generated/spacex_api/device/wifi.pb.dart:6790:5: Error: Type '$4.FloatValue' not found.
    $4.FloatValue? repeaterSecondsSince2sOutageMin,
    ^^^^^^^^^^^^^
lib/generated/spacex_api/device/wifi.pb.dart:6791:5: Error: Type '$4.FloatValue' not found.
    $4.FloatValue? repeaterSecondsSince2sOutageAvg,
    ^^^^^^^^^^^^^
lib/generated/spacex_api/device/wifi.pb.dart:6792:5: Error: Type '$4.FloatValue' not found.
    $4.FloatValue? repeaterSecondsSince5sOutageMin,
    ^^^^^^^^^^^^^
lib/generated/spacex_api/device/wifi.pb.dart:6793:5: Error: Type '$4.FloatValue' not found.
    $4.FloatValue? repeaterSecondsSince5sOutageAvg,
    ^^^^^^^^^^^^^
lib/generated/spacex_api/device/wifi.pb.dart:6794:5: Error: Type '$4.FloatValue' not found.
    $4.FloatValue? repeaterLatencyMs1hMax,
    ^^^^^^^^^^^^^
lib/generated/spacex_api/device/wifi.pb.dart:6795:5: Error: Type '$4.FloatValue' not found.
    $4.FloatValue? repeaterLatencyMs1hAvg,
    ^^^^^^^^^^^^^
lib/generated/spacex_api/device/wifi.pb.dart:6796:5: Error: Type '$4.UInt32Value' not found.
    $4.UInt32Value? meshTopologyChangeCount1d,
    ^^^^^^^^^^^^^^
lib/generated/spacex_api/device/wifi.pb.dart:6797:5: Error: Type '$4.UInt32Value' not found.
    $4.UInt32Value? clients5ghzRxBandwidth20mhz,
    ^^^^^^^^^^^^^^
lib/generated/spacex_api/device/wifi.pb.dart:6798:5: Error: Type '$4.UInt32Value' not found.
    $4.UInt32Value? clients5ghzRxBandwidth40mhz,
    ^^^^^^^^^^^^^^
lib/generated/spacex_api/device/wifi.pb.dart:6799:5: Error: Type '$4.UInt32Value' not found.
    $4.UInt32Value? clients5ghzRxBandwidth80mhz,
    ^^^^^^^^^^^^^^
lib/generated/spacex_api/device/wifi.pb.dart:6800:5: Error: Type '$4.UInt32Value' not found.
    $4.UInt32Value? macExportsSuccessful,
    ^^^^^^^^^^^^^^
lib/generated/spacex_api/device/wifi.pb.dart:6801:5: Error: Type '$4.UInt32Value' not found.
    $4.UInt32Value? macExportsServerConnectErrors,
    ^^^^^^^^^^^^^^
lib/generated/spacex_api/device/wifi.pb.dart:6802:5: Error: Type '$4.UInt32Value' not found.
    $4.UInt32Value? macExportsServerSendErrors,
    ^^^^^^^^^^^^^^
lib/generated/spacex_api/device/wifi.pb.dart:6803:5: Error: Type '$4.FloatValue' not found.
    $4.FloatValue? pingSecondsSinceLast1sOutage,
    ^^^^^^^^^^^^^
lib/generated/spacex_api/device/wifi.pb.dart:6804:5: Error: Type '$4.FloatValue' not found.
    $4.FloatValue? pingSecondsSinceLast2sOutage,
    ^^^^^^^^^^^^^
lib/generated/spacex_api/device/wifi.pb.dart:6805:5: Error: Type '$4.FloatValue' not found.
    $4.FloatValue? pingSecondsSinceLast5sOutage,
    ^^^^^^^^^^^^^
lib/generated/spacex_api/device/wifi.pb.dart:6806:5: Error: Type '$4.FloatValue' not found.
    $4.FloatValue? pingSecondsSinceLast60sOutage,
    ^^^^^^^^^^^^^
lib/generated/spacex_api/device/wifi.pb.dart:6807:5: Error: Type '$4.FloatValue' not found.
    $4.FloatValue? pingSecondsSinceLast300sOutage,
    ^^^^^^^^^^^^^
lib/generated/spacex_api/device/wifi.pb.dart:6808:5: Error: Type '$4.FloatValue' not found.
    $4.FloatValue? pingDropRate,
    ^^^^^^^^^^^^^
lib/generated/spacex_api/device/wifi.pb.dart:6809:5: Error: Type '$4.FloatValue' not found.
    $4.FloatValue? pingDropRateLast1h,
    ^^^^^^^^^^^^^
lib/generated/spacex_api/device/wifi.pb.dart:6810:5: Error: Type '$4.FloatValue' not found.
    $4.FloatValue? pingLatency,
    ^^^^^^^^^^^^^
lib/generated/spacex_api/device/wifi.pb.dart:6811:5: Error: Type '$4.FloatValue' not found.
    $4.FloatValue? pingDishSecondsSinceLast1sOutage,
    ^^^^^^^^^^^^^
lib/generated/spacex_api/device/wifi.pb.dart:6812:5: Error: Type '$4.FloatValue' not found.
    $4.FloatValue? pingDishSecondsSinceLast2sOutage,
    ^^^^^^^^^^^^^
lib/generated/spacex_api/device/wifi.pb.dart:6813:5: Error: Type '$4.FloatValue' not found.
    $4.FloatValue? pingDishSecondsSinceLast5sOutage,
    ^^^^^^^^^^^^^
lib/generated/spacex_api/device/wifi.pb.dart:6814:5: Error: Type '$4.FloatValue' not found.
    $4.FloatValue? pingDishSecondsSinceLast60sOutage,
    ^^^^^^^^^^^^^
lib/generated/spacex_api/device/wifi.pb.dart:6815:5: Error: Type '$4.FloatValue' not found.
    $4.FloatValue? pingDishSecondsSinceLast300sOutage,
    ^^^^^^^^^^^^^
lib/generated/spacex_api/device/wifi.pb.dart:6816:5: Error: Type '$4.FloatValue' not found.
    $4.FloatValue? pingDishDropRate,
    ^^^^^^^^^^^^^
lib/generated/spacex_api/device/wifi.pb.dart:6817:5: Error: Type '$4.FloatValue' not found.
    $4.FloatValue? pingDishDropRateLast1h,
    ^^^^^^^^^^^^^
lib/generated/spacex_api/device/wifi.pb.dart:6818:5: Error: Type '$4.FloatValue' not found.
    $4.FloatValue? pingDishLatency,
    ^^^^^^^^^^^^^
lib/generated/spacex_api/device/wifi.pb.dart:6819:5: Error: Type '$4.FloatValue' not found.
    $4.FloatValue? pingLatencyLast1h,
    ^^^^^^^^^^^^^
lib/generated/spacex_api/device/wifi.pb.dart:6820:5: Error: Type '$4.FloatValue' not found.
    $4.FloatValue? pingDishLatencyLast1h,
    ^^^^^^^^^^^^^
lib/generated/spacex_api/device/wifi.pb.dart:6821:5: Error: Type '$4.FloatValue' not found.
    $4.FloatValue? pingPopIpv6DropRateLast1h,
    ^^^^^^^^^^^^^
lib/generated/spacex_api/device/wifi.pb.dart:6822:5: Error: Type '$4.FloatValue' not found.
    $4.FloatValue? pingPopIpv6LatencyLast1h,
    ^^^^^^^^^^^^^
lib/generated/spacex_api/device/wifi.pb.dart:6823:5: Error: Type '$4.FloatValue' not found.
    $4.FloatValue? clientSpeedtestRouterDownloadMbps,
    ^^^^^^^^^^^^^
lib/generated/spacex_api/device/wifi.pb.dart:6824:5: Error: Type '$4.FloatValue' not found.
    $4.FloatValue? clientSpeedtestRouterUploadMbps,
    ^^^^^^^^^^^^^
lib/generated/spacex_api/device/wifi.pb.dart:6825:5: Error: Type '$4.FloatValue' not found.
    $4.FloatValue? clientSpeedtestRouterRssi,
    ^^^^^^^^^^^^^
lib/generated/spacex_api/device/wifi.pb.dart:6826:5: Error: Type '$4.FloatValue' not found.
    $4.FloatValue? clientSpeedtestWifiDownloadMbps,
    ^^^^^^^^^^^^^
lib/generated/spacex_api/device/wifi.pb.dart:6827:5: Error: Type '$4.FloatValue' not found.
    $4.FloatValue? clientSpeedtestWifiUploadMbps,
    ^^^^^^^^^^^^^
lib/generated/spacex_api/device/wifi.pb.dart:6828:5: Error: Type '$4.FloatValue' not found.
    $4.FloatValue? clientSpeedtestClientDownloadMbps,
    ^^^^^^^^^^^^^
lib/generated/spacex_api/device/wifi.pb.dart:6829:5: Error: Type '$4.FloatValue' not found.
    $4.FloatValue? clientSpeedtestClientUploadMbps,
    ^^^^^^^^^^^^^
lib/generated/spacex_api/device/wifi.pb.dart:6830:5: Error: Type '$4.FloatValue' not found.
    $4.FloatValue? clientSpeedtestClientRssi,
    ^^^^^^^^^^^^^
lib/generated/spacex_api/device/wifi.pb.dart:6831:5: Error: Type '$4.UInt32Value' not found.
    $4.UInt32Value? clientSpeedtestClientIface,
    ^^^^^^^^^^^^^^
lib/generated/spacex_api/device/wifi.pb.dart:6832:5: Error: Type '$4.StringValue' not found.
    $4.StringValue? clientSpeedtestClientOui,
    ^^^^^^^^^^^^^^
lib/generated/spacex_api/device/wifi.pb.dart:6833:5: Error: Type '$4.UInt32Value' not found.
    $4.UInt32Value? clientSpeedtestClientTxRate,
    ^^^^^^^^^^^^^^
lib/generated/spacex_api/device/wifi.pb.dart:6834:5: Error: Type '$4.UInt32Value' not found.
    $4.UInt32Value? clientSpeedtestClientRxRate,
    ^^^^^^^^^^^^^^
lib/generated/spacex_api/device/wifi.pb.dart:6835:5: Error: Type '$4.UInt32Value' not found.
    $4.UInt32Value? clientSpeedtestClientPlatformType,
    ^^^^^^^^^^^^^^
lib/generated/spacex_api/device/wifi.pb.dart:6836:5: Error: Type '$4.FloatValue' not found.
    $4.FloatValue? speedtestTcp8DownloadMbpsAvg,
    ^^^^^^^^^^^^^
lib/generated/spacex_api/device/wifi.pb.dart:6837:5: Error: Type '$4.FloatValue' not found.
    $4.FloatValue? speedtestTcp8DownloadMbpsMax,
    ^^^^^^^^^^^^^
lib/generated/spacex_api/device/wifi.pb.dart:6838:5: Error: Type '$4.FloatValue' not found.
    $4.FloatValue? speedtestTcp8UploadMbpsAvg,
    ^^^^^^^^^^^^^
lib/generated/spacex_api/device/wifi.pb.dart:6839:5: Error: Type '$4.FloatValue' not found.
    $4.FloatValue? speedtestTcp8UploadMbpsMax,
    ^^^^^^^^^^^^^
lib/generated/spacex_api/device/wifi.pb.dart:6840:5: Error: Type '$4.FloatValue' not found.
    $4.FloatValue? speedtestTcp64DownloadMbpsAvg,
    ^^^^^^^^^^^^^
lib/generated/spacex_api/device/wifi.pb.dart:6841:5: Error: Type '$4.FloatValue' not found.
    $4.FloatValue? speedtestTcp64DownloadMbpsMax,
    ^^^^^^^^^^^^^
lib/generated/spacex_api/device/wifi.pb.dart:6842:5: Error: Type '$4.FloatValue' not found.
    $4.FloatValue? speedtestTcp64UploadMbpsAvg,
    ^^^^^^^^^^^^^
lib/generated/spacex_api/device/wifi.pb.dart:6843:5: Error: Type '$4.FloatValue' not found.
    $4.FloatValue? speedtestTcp64UploadMbpsMax,
    ^^^^^^^^^^^^^
lib/generated/spacex_api/device/wifi.pb.dart:6844:5: Error: Type '$4.FloatValue' not found.
    $4.FloatValue? speedtestTcp1DownloadMbpsAvg,
    ^^^^^^^^^^^^^
lib/generated/spacex_api/device/wifi.pb.dart:6845:5: Error: Type '$4.FloatValue' not found.
    $4.FloatValue? speedtestTcp1DownloadMbpsMax,
    ^^^^^^^^^^^^^
lib/generated/spacex_api/device/wifi.pb.dart:6846:5: Error: Type '$4.FloatValue' not found.
    $4.FloatValue? speedtestTcp1UploadMbpsAvg,
    ^^^^^^^^^^^^^
lib/generated/spacex_api/device/wifi.pb.dart:6847:5: Error: Type '$4.FloatValue' not found.
    $4.FloatValue? speedtestTcp1UploadMbpsMax,
    ^^^^^^^^^^^^^
lib/generated/spacex_api/device/wifi.pb.dart:6848:5: Error: Type '$4.FloatValue' not found.
    $4.FloatValue? speedtestTcp8DownloadMeanTcpConnectTime,
    ^^^^^^^^^^^^^
lib/generated/spacex_api/device/wifi.pb.dart:6849:5: Error: Type '$4.FloatValue' not found.
    $4.FloatValue? speedtestTcp8UploadMeanTcpConnectTime,
    ^^^^^^^^^^^^^
lib/generated/spacex_api/device/wifi.pb.dart:6852:5: Error: Type '$4.FloatValue' not found.
    $4.FloatValue? speedtestTcp1DownloadMeanTcpConnectTime,
    ^^^^^^^^^^^^^
lib/generated/spacex_api/device/wifi.pb.dart:6853:5: Error: Type '$4.FloatValue' not found.
    $4.FloatValue? speedtestTcp1UploadMeanTcpConnectTime,
    ^^^^^^^^^^^^^
lib/generated/spacex_api/device/wifi.pb.dart:6856:5: Error: Type '$4.UInt32Value' not found.
    $4.UInt32Value? dishCellId,
    ^^^^^^^^^^^^^^
lib/generated/spacex_api/device/wifi.pb.dart:6857:5: Error: Type '$4.BoolValue' not found.
    $4.BoolValue? configSetupComplete,
    ^^^^^^^^^^^^
lib/generated/spacex_api/device/wifi.pb.dart:6858:5: Error: Type '$4.BoolValue' not found.
    $4.BoolValue? configBandsSplit,
    ^^^^^^^^^^^^
lib/generated/spacex_api/device/wifi.pb.dart:6859:5: Error: Type '$4.BoolValue' not found.
    $4.BoolValue? configIsRepeater,
    ^^^^^^^^^^^^
lib/generated/spacex_api/device/wifi.pb.dart:6860:5: Error: Type '$4.BoolValue' not found.
    $4.BoolValue? configOpenNetwork,
    ^^^^^^^^^^^^
lib/generated/spacex_api/device/wifi.pb.dart:6861:5: Error: Type '$4.BoolValue' not found.
    $4.BoolValue? configIsAviation,
    ^^^^^^^^^^^^
lib/generated/spacex_api/device/wifi.pb.dart:6862:5: Error: Type '$4.BoolValue' not found.
    $4.BoolValue? configSecureDns,
    ^^^^^^^^^^^^
lib/generated/spacex_api/device/wifi.pb.dart:6863:5: Error: Type '$4.BoolValue' not found.
    $4.BoolValue? configLegacy,
    ^^^^^^^^^^^^
lib/generated/spacex_api/device/wifi.pb.dart:6864:5: Error: Type '$4.BoolValue' not found.
    $4.BoolValue? configApMode,
    ^^^^^^^^^^^^
lib/generated/spacex_api/device/wifi.pb.dart:6865:5: Error: Type '$4.BoolValue' not found.
    $4.BoolValue? configDfsEnabled,
    ^^^^^^^^^^^^
lib/generated/spacex_api/device/wifi.pb.dart:6866:5: Error: Type '$4.BoolValue' not found.
    $4.BoolValue? configNetworkNameIsDefault,
    ^^^^^^^^^^^^
lib/generated/spacex_api/device/wifi.pb.dart:6867:5: Error: Type '$4.BoolValue' not found.
    $4.BoolValue? configRemoteSshEnabled,
    ^^^^^^^^^^^^
lib/generated/spacex_api/device/wifi.pb.dart:6868:5: Error: Type '$4.BoolValue' not found.
    $4.BoolValue? configIsRepeaterWired,
    ^^^^^^^^^^^^
lib/generated/spacex_api/device/wifi.pb.dart:6869:5: Error: Type '$4.BoolValue' not found.
    $4.BoolValue? configIsRepeaterWireless,
    ^^^^^^^^^^^^
lib/generated/spacex_api/device/wifi.pb.dart:6870:5: Error: Type '$4.UInt32Value' not found.
    $4.UInt32Value? configBlockSchedulesSet,
    ^^^^^^^^^^^^^^
lib/generated/spacex_api/device/wifi.pb.dart:6871:5: Error: Type '$4.BoolValue' not found.
    $4.BoolValue? configCustomNameservers,
    ^^^^^^^^^^^^
lib/generated/spacex_api/device/wifi.pb.dart:6872:5: Error: Type '$4.BoolValue' not found.
    $4.BoolValue? configDisableMeshOnboarding,
    ^^^^^^^^^^^^
lib/generated/spacex_api/device/wifi.pb.dart:6873:5: Error: Type '$4.BoolValue' not found.
    $4.BoolValue? configPinCountryCode,
    ^^^^^^^^^^^^
lib/generated/spacex_api/device/wifi.pb.dart:6874:5: Error: Type '$4.BoolValue' not found.
    $4.BoolValue? configDisableUpdateReboot,
    ^^^^^^^^^^^^
lib/generated/spacex_api/device/wifi.pb.dart:6875:5: Error: Type '$4.BoolValue' not found.
    $4.BoolValue? configDisable2ghz,
    ^^^^^^^^^^^^
lib/generated/spacex_api/device/wifi.pb.dart:6876:5: Error: Type '$4.BoolValue' not found.
    $4.BoolValue? configDisable5ghz,
    ^^^^^^^^^^^^
lib/generated/spacex_api/device/wifi.pb.dart:6877:5: Error: Type '$4.UInt32Value' not found.
    $4.UInt32Value? configChannel2ghz,
    ^^^^^^^^^^^^^^
lib/generated/spacex_api/device/wifi.pb.dart:6878:5: Error: Type '$4.UInt32Value' not found.
    $4.UInt32Value? configChannel5ghz,
    ^^^^^^^^^^^^^^
lib/generated/spacex_api/device/wifi.pb.dart:6879:5: Error: Type '$4.UInt32Value' not found.
    $4.UInt32Value? configChannel5ghzHigh,
    ^^^^^^^^^^^^^^
lib/generated/spacex_api/device/wifi.pb.dart:6880:5: Error: Type '$4.UInt32Value' not found.
    $4.UInt32Value? configNetworks,
    ^^^^^^^^^^^^^^
lib/generated/spacex_api/device/wifi.pb.dart:6881:5: Error: Type '$4.UInt32Value' not found.
    $4.UInt32Value? configNetworksGuest,
    ^^^^^^^^^^^^^^
lib/generated/spacex_api/device/wifi.pb.dart:6882:5: Error: Type '$4.UInt32Value' not found.
    $4.UInt32Value? configNetworksHidden,
    ^^^^^^^^^^^^^^
lib/generated/spacex_api/device/wifi.pb.dart:6883:5: Error: Type '$4.UInt32Value' not found.
    $4.UInt32Value? configNetworksClientIsolation,
    ^^^^^^^^^^^^^^
lib/generated/spacex_api/device/wifi.pb.dart:6884:5: Error: Type '$4.UInt32Value' not found.
    $4.UInt32Value? configNetworksBandsSplit,
    ^^^^^^^^^^^^^^
lib/generated/spacex_api/device/wifi.pb.dart:6885:5: Error: Type '$4.BoolValue' not found.
    $4.BoolValue? configDisable5ghzHigh,
    ^^^^^^^^^^^^
lib/generated/spacex_api/device/wifi.pb.dart:6886:5: Error: Type '$4.BoolValue' not found.
    $4.BoolValue? configHttpsContentHostingEnabled,
    ^^^^^^^^^^^^
lib/generated/spacex_api/device/wifi.pb.dart:6887:5: Error: Type '$4.BoolValue' not found.
    $4.BoolValue? configOnlyOverflightBlockingEnabled,
    ^^^^^^^^^^^^
lib/generated/spacex_api/device/wifi.pb.dart:6888:5: Error: Type '$4.BoolValue' not found.
    $4.BoolValue? configOfflineNetworksDisablementEnabled,
    ^^^^^^^^^^^^
lib/generated/spacex_api/device/wifi.pb.dart:6889:5: Error: Type '$4.BoolValue' not found.
    $4.BoolValue? configCustomDnsDisabled,
    ^^^^^^^^^^^^
lib/generated/spacex_api/device/wifi.pb.dart:6890:5: Error: Type '$4.UInt32Value' not found.
    $4.UInt32Value? configNetworksUser,
    ^^^^^^^^^^^^^^
lib/generated/spacex_api/device/wifi.pb.dart:6891:5: Error: Type '$4.BoolValue' not found.
    $4.BoolValue? configForeflightEnabled,
    ^^^^^^^^^^^^
lib/generated/spacex_api/device/wifi.pb.dart:6892:5: Error: Type '$4.UInt32Value' not found.
    $4.UInt32Value? wifiReloadCount,
    ^^^^^^^^^^^^^^
lib/generated/spacex_api/device/wifi.pb.dart:6893:5: Error: Type '$4.UInt32Value' not found.
    $4.UInt32Value? radiusReloadCount,
    ^^^^^^^^^^^^^^
lib/generated/spacex_api/device/wifi.pb.dart:6894:5: Error: Type '$4.UInt32Value' not found.
    $4.UInt32Value? opensshReloadCount,
    ^^^^^^^^^^^^^^
lib/generated/spacex_api/device/wifi.pb.dart:6895:5: Error: Type '$4.UInt32Value' not found.
    $4.UInt32Value? iptablesReloadCount,
    ^^^^^^^^^^^^^^
lib/generated/spacex_api/device/wifi.pb.dart:6896:5: Error: Type '$4.UInt32Value' not found.
    $4.UInt32Value? ebtablesReloadCount,
    ^^^^^^^^^^^^^^
lib/generated/spacex_api/device/wifi.pb.dart:6897:5: Error: Type '$4.UInt32Value' not found.
    $4.UInt32Value? trafficControlReloadCount,
    ^^^^^^^^^^^^^^
lib/generated/spacex_api/device/wifi.pb.dart:6898:5: Error: Type '$4.UInt32Value' not found.
    $4.UInt32Value? dhcpReloadCount,
    ^^^^^^^^^^^^^^
lib/generated/spacex_api/device/wifi.pb.dart:6899:5: Error: Type '$4.UInt32Value' not found.
    $4.UInt32Value? dhcpv6ReloadCount,
    ^^^^^^^^^^^^^^
lib/generated/spacex_api/device/wifi.pb.dart:6900:5: Error: Type '$4.UInt32Value' not found.
    $4.UInt32Value? systemReloadCount,
    ^^^^^^^^^^^^^^
lib/generated/spacex_api/device/wifi.pb.dart:6901:5: Error: Type '$4.UInt32Value' not found.
    $4.UInt32Value? dnsReloadCount,
    ^^^^^^^^^^^^^^
lib/generated/spacex_api/device/wifi.pb.dart:6902:5: Error: Type '$4.UInt32Value' not found.
    $4.UInt32Value? httpsReloadCount,
    ^^^^^^^^^^^^^^
lib/generated/spacex_api/device/wifi.pb.dart:6903:5: Error: Type '$4.UInt32Value' not found.
    $4.UInt32Value? bandSteeringReloadCount,
    ^^^^^^^^^^^^^^
lib/generated/spacex_api/device/wifi.pb.dart:6904:5: Error: Type '$4.UInt32Value' not found.
    $4.UInt32Value? commitCount,
    ^^^^^^^^^^^^^^
lib/generated/spacex_api/device/wifi.pb.dart:6905:5: Error: Type '$4.UInt32Value' not found.
    $4.UInt32Value? networkReloadCount,
    ^^^^^^^^^^^^^^
lib/generated/spacex_api/device/wifi.pb.dart:6906:5: Error: Type '$4.UInt32Value' not found.
    $4.UInt32Value? foreflightReloadCount,
    ^^^^^^^^^^^^^^
lib/generated/spacex_api/device/wifi.pb.dart:6907:5: Error: Type '$4.UInt32Value' not found.
    $4.UInt32Value? conntrackEntries,
    ^^^^^^^^^^^^^^
lib/generated/spacex_api/device/wifi.pb.dart:6908:5: Error: Type '$4.Int64Value' not found.
    $4.Int64Value? wanTrafficControlCakeBytes,
    ^^^^^^^^^^^^^
lib/generated/spacex_api/device/wifi.pb.dart:6909:5: Error: Type '$4.Int64Value' not found.
    $4.Int64Value? wanTrafficControlCakePackets,
    ^^^^^^^^^^^^^
lib/generated/spacex_api/device/wifi.pb.dart:6910:5: Error: Type '$4.Int64Value' not found.
    $4.Int64Value? wanTrafficControlCakeDrops,
    ^^^^^^^^^^^^^
lib/generated/spacex_api/device/wifi.pb.dart:6911:5: Error: Type '$4.Int64Value' not found.
    $4.Int64Value? wanTrafficControlCakeAckDrops,
    ^^^^^^^^^^^^^
lib/generated/spacex_api/device/wifi.pb.dart:6912:5: Error: Type '$4.UInt32Value' not found.
    $4.UInt32Value? dhcpSecsEq0,
    ^^^^^^^^^^^^^^
lib/generated/spacex_api/device/wifi.pb.dart:6913:5: Error: Type '$4.UInt32Value' not found.
    $4.UInt32Value? dhcpSecsGt0,
    ^^^^^^^^^^^^^^
lib/generated/spacex_api/device/wifi.pb.dart:6914:5: Error: Type '$4.UInt32Value' not found.
    $4.UInt32Value? dhcpSecsGt10,
    ^^^^^^^^^^^^^^
lib/generated/spacex_api/device/wifi.pb.dart:6915:5: Error: Type '$4.UInt32Value' not found.
    $4.UInt32Value? dhcpSecsGt30,
    ^^^^^^^^^^^^^^
lib/generated/spacex_api/device/wifi.pb.dart:6916:5: Error: Type '$4.UInt32Value' not found.
    $4.UInt32Value? dhcpSecsGt60,
    ^^^^^^^^^^^^^^
lib/generated/spacex_api/device/wifi.pb.dart:6917:5: Error: Type '$4.UInt32Value' not found.
    $4.UInt32Value? dnsForwards,
    ^^^^^^^^^^^^^^
lib/generated/spacex_api/device/wifi.pb.dart:6918:5: Error: Type '$4.UInt32Value' not found.
    $4.UInt32Value? dnsForwardsSuccess,
    ^^^^^^^^^^^^^^
lib/generated/spacex_api/device/wifi.pb.dart:6919:5: Error: Type '$4.UInt32Value' not found.
    $4.UInt32Value? dnsForwardsServerFailure,
    ^^^^^^^^^^^^^^
lib/generated/spacex_api/device/wifi.pb.dart:6920:5: Error: Type '$4.UInt32Value' not found.
    $4.UInt32Value? dnsForwardsNoServerResponse,
    ^^^^^^^^^^^^^^
lib/generated/spacex_api/device/wifi.pb.dart:6921:5: Error: Type '$4.UInt32Value' not found.
    $4.UInt32Value? dnsForwardsSuccessOnDefaultBackup,
    ^^^^^^^^^^^^^^
lib/generated/spacex_api/device/wifi.pb.dart:6922:5: Error: Type '$4.UInt32Value' not found.
    $4.UInt32Value? dnsForwardsDropped,
    ^^^^^^^^^^^^^^
lib/generated/spacex_api/device/wifi.pb.dart:6923:5: Error: Type '$4.UInt32Value' not found.
    $4.UInt32Value? dnsForwardsWithBackup,
    ^^^^^^^^^^^^^^
lib/generated/spacex_api/device/wifi.pb.dart:8286:3: Error: Type '$4.StringValue' not found.
  $4.StringValue get id => $_getN(0);
  ^^^^^^^^^^^^^^
lib/generated/spacex_api/device/wifi.pb.dart:8288:10: Error: Type '$4.StringValue' not found.
  set id($4.StringValue value) => $_setField(1, value);
         ^^^^^^^^^^^^^^
lib/generated/spacex_api/device/wifi.pb.dart:8294:3: Error: Type '$4.StringValue' not found.
  $4.StringValue ensureId() => $_ensure(0);
  ^^^^^^^^^^^^^^
lib/generated/spacex_api/device/wifi.pb.dart:8297:3: Error: Type '$4.StringValue' not found.
  $4.StringValue get timestampDate => $_getN(1);
  ^^^^^^^^^^^^^^
lib/generated/spacex_api/device/wifi.pb.dart:8299:21: Error: Type '$4.StringValue' not found.
  set timestampDate($4.StringValue value) => $_setField(2, value);
                    ^^^^^^^^^^^^^^
lib/generated/spacex_api/device/wifi.pb.dart:8305:3: Error: Type '$4.StringValue' not found.
  $4.StringValue ensureTimestampDate() => $_ensure(1);
  ^^^^^^^^^^^^^^
lib/generated/spacex_api/device/wifi.pb.dart:8308:3: Error: Type '$4.UInt32Value' not found.
  $4.UInt32Value get timestampHour => $_getN(2);
  ^^^^^^^^^^^^^^
lib/generated/spacex_api/device/wifi.pb.dart:8310:21: Error: Type '$4.UInt32Value' not found.
  set timestampHour($4.UInt32Value value) => $_setField(3, value);
                    ^^^^^^^^^^^^^^
lib/generated/spacex_api/device/wifi.pb.dart:8316:3: Error: Type '$4.UInt32Value' not found.
  $4.UInt32Value ensureTimestampHour() => $_ensure(2);
  ^^^^^^^^^^^^^^
lib/generated/spacex_api/device/wifi.pb.dart:8319:3: Error: Type '$4.UInt32Value' not found.
  $4.UInt32Value get sysHwGen => $_getN(3);
  ^^^^^^^^^^^^^^
lib/generated/spacex_api/device/wifi.pb.dart:8321:16: Error: Type '$4.UInt32Value' not found.
  set sysHwGen($4.UInt32Value value) => $_setField(4, value);
               ^^^^^^^^^^^^^^
lib/generated/spacex_api/device/wifi.pb.dart:8327:3: Error: Type '$4.UInt32Value' not found.
  $4.UInt32Value ensureSysHwGen() => $_ensure(3);
  ^^^^^^^^^^^^^^
lib/generated/spacex_api/device/wifi.pb.dart:8330:3: Error: Type '$4.StringValue' not found.
  $4.StringValue get sysSw => $_getN(4);
  ^^^^^^^^^^^^^^
lib/generated/spacex_api/device/wifi.pb.dart:8332:13: Error: Type '$4.StringValue' not found.
  set sysSw($4.StringValue value) => $_setField(5, value);
            ^^^^^^^^^^^^^^
lib/generated/spacex_api/device/wifi.pb.dart:8338:3: Error: Type '$4.StringValue' not found.
  $4.StringValue ensureSysSw() => $_ensure(4);
  ^^^^^^^^^^^^^^
lib/generated/spacex_api/device/wifi.pb.dart:8341:3: Error: Type '$4.StringValue' not found.
  $4.StringValue get sysCountry => $_getN(5);
  ^^^^^^^^^^^^^^
lib/generated/spacex_api/device/wifi.pb.dart:8343:18: Error: Type '$4.StringValue' not found.
  set sysCountry($4.StringValue value) => $_setField(6, value);
                 ^^^^^^^^^^^^^^
lib/generated/spacex_api/device/wifi.pb.dart:8349:3: Error: Type '$4.StringValue' not found.
  $4.StringValue ensureSysCountry() => $_ensure(5);
  ^^^^^^^^^^^^^^
lib/generated/spacex_api/device/wifi.pb.dart:8352:3: Error: Type '$4.BoolValue' not found.
  $4.BoolValue get sysIsDev => $_getN(6);
  ^^^^^^^^^^^^
lib/generated/spacex_api/device/wifi.pb.dart:8354:16: Error: Type '$4.BoolValue' not found.
  set sysIsDev($4.BoolValue value) => $_setField(7, value);
               ^^^^^^^^^^^^
lib/generated/spacex_api/device/wifi.pb.dart:8360:3: Error: Type '$4.BoolValue' not found.
  $4.BoolValue ensureSysIsDev() => $_ensure(6);
  ^^^^^^^^^^^^
lib/generated/spacex_api/device/wifi.pb.dart:8363:3: Error: Type '$4.UInt32Value' not found.
  $4.UInt32Value get sysAllocFds => $_getN(7);
  ^^^^^^^^^^^^^^
lib/generated/spacex_api/device/wifi.pb.dart:8365:19: Error: Type '$4.UInt32Value' not found.
  set sysAllocFds($4.UInt32Value value) => $_setField(8, value);
                  ^^^^^^^^^^^^^^
lib/generated/spacex_api/device/wifi.pb.dart:8371:3: Error: Type '$4.UInt32Value' not found.
  $4.UInt32Value ensureSysAllocFds() => $_ensure(7);
  ^^^^^^^^^^^^^^
lib/generated/spacex_api/device/wifi.pb.dart:8374:3: Error: Type '$4.FloatValue' not found.
  $4.FloatValue get sysCpuUsage => $_getN(8);
  ^^^^^^^^^^^^^
lib/generated/spacex_api/device/wifi.pb.dart:8376:19: Error: Type '$4.FloatValue' not found.
  set sysCpuUsage($4.FloatValue value) => $_setField(9, value);
                  ^^^^^^^^^^^^^
lib/generated/spacex_api/device/wifi.pb.dart:8382:3: Error: Type '$4.FloatValue' not found.
  $4.FloatValue ensureSysCpuUsage() => $_ensure(8);
  ^^^^^^^^^^^^^
lib/generated/spacex_api/device/wifi.pb.dart:8385:3: Error: Type '$4.FloatValue' not found.
  $4.FloatValue get sysMemFreeKb => $_getN(9);
  ^^^^^^^^^^^^^
lib/generated/spacex_api/device/wifi.pb.dart:8387:20: Error: Type '$4.FloatValue' not found.
  set sysMemFreeKb($4.FloatValue value) => $_setField(10, value);
                   ^^^^^^^^^^^^^
lib/generated/spacex_api/device/wifi.pb.dart:8393:3: Error: Type '$4.FloatValue' not found.
  $4.FloatValue ensureSysMemFreeKb() => $_ensure(9);
  ^^^^^^^^^^^^^
lib/generated/spacex_api/device/wifi.pb.dart:8396:3: Error: Type '$4.Int32Value' not found.
  $4.Int32Value get sysBootcount => $_getN(10);
  ^^^^^^^^^^^^^
lib/generated/spacex_api/device/wifi.pb.dart:8398:20: Error: Type '$4.Int32Value' not found.
  set sysBootcount($4.Int32Value value) => $_setField(11, value);
                   ^^^^^^^^^^^^^
lib/generated/spacex_api/device/wifi.pb.dart:8404:3: Error: Type '$4.Int32Value' not found.
  $4.Int32Value ensureSysBootcount() => $_ensure(10);
  ^^^^^^^^^^^^^
lib/generated/spacex_api/device/wifi.pb.dart:8407:3: Error: Type '$4.BoolValue' not found.
  $4.BoolValue get sysPartitionsEqual => $_getN(11);
  ^^^^^^^^^^^^
lib/generated/spacex_api/device/wifi.pb.dart:8409:26: Error: Type '$4.BoolValue' not found.
  set sysPartitionsEqual($4.BoolValue value) => $_setField(12, value);
                         ^^^^^^^^^^^^
lib/generated/spacex_api/device/wifi.pb.dart:8415:3: Error: Type '$4.BoolValue' not found.
  $4.BoolValue ensureSysPartitionsEqual() => $_ensure(11);
  ^^^^^^^^^^^^
lib/generated/spacex_api/device/wifi.pb.dart:8418:3: Error: Type '$4.UInt32Value' not found.
  $4.UInt32Value get sysUptimeSeconds => $_getN(12);
  ^^^^^^^^^^^^^^
lib/generated/spacex_api/device/wifi.pb.dart:8420:24: Error: Type '$4.UInt32Value' not found.
  set sysUptimeSeconds($4.UInt32Value value) => $_setField(13, value);
                       ^^^^^^^^^^^^^^
lib/generated/spacex_api/device/wifi.pb.dart:8426:3: Error: Type '$4.UInt32Value' not found.
  $4.UInt32Value ensureSysUptimeSeconds() => $_ensure(12);
  ^^^^^^^^^^^^^^
lib/generated/spacex_api/device/wifi.pb.dart:8429:3: Error: Type '$4.Int32Value' not found.
  $4.Int32Value get sysAntiRollbackVersion => $_getN(13);
  ^^^^^^^^^^^^^
lib/generated/spacex_api/device/wifi.pb.dart:8431:30: Error: Type '$4.Int32Value' not found.
  set sysAntiRollbackVersion($4.Int32Value value) => $_setField(14, value);
                             ^^^^^^^^^^^^^
lib/generated/spacex_api/device/wifi.pb.dart:8437:3: Error: Type '$4.Int32Value' not found.
  $4.Int32Value ensureSysAntiRollbackVersion() => $_ensure(13);
  ^^^^^^^^^^^^^
lib/generated/spacex_api/device/wifi.pb.dart:8440:3: Error: Type '$4.BoolValue' not found.
  $4.BoolValue get sysIsWitl => $_getN(14);
  ^^^^^^^^^^^^
lib/generated/spacex_api/device/wifi.pb.dart:8442:17: Error: Type '$4.BoolValue' not found.
  set sysIsWitl($4.BoolValue value) => $_setField(15, value);
                ^^^^^^^^^^^^
lib/generated/spacex_api/device/wifi.pb.dart:8448:3: Error: Type '$4.BoolValue' not found.
  $4.BoolValue ensureSysIsWitl() => $_ensure(14);
  ^^^^^^^^^^^^
lib/generated/spacex_api/device/wifi.pb.dart:8451:3: Error: Type '$4.BoolValue' not found.
  $4.BoolValue get sysIsAviationConformed => $_getN(15);
  ^^^^^^^^^^^^
lib/generated/spacex_api/device/wifi.pb.dart:8453:30: Error: Type '$4.BoolValue' not found.
  set sysIsAviationConformed($4.BoolValue value) => $_setField(16, value);
                             ^^^^^^^^^^^^
lib/generated/spacex_api/device/wifi.pb.dart:8459:3: Error: Type '$4.BoolValue' not found.
  $4.BoolValue ensureSysIsAviationConformed() => $_ensure(15);
  ^^^^^^^^^^^^
lib/generated/spacex_api/device/wifi.pb.dart:8462:3: Error: Type '$4.UInt32Value' not found.
  $4.UInt32Value get sysUbiMaxEc => $_getN(16);
  ^^^^^^^^^^^^^^
lib/generated/spacex_api/device/wifi.pb.dart:8464:19: Error: Type '$4.UInt32Value' not found.
  set sysUbiMaxEc($4.UInt32Value value) => $_setField(17, value);
                  ^^^^^^^^^^^^^^
lib/generated/spacex_api/device/wifi.pb.dart:8470:3: Error: Type '$4.UInt32Value' not found.
  $4.UInt32Value ensureSysUbiMaxEc() => $_ensure(16);
  ^^^^^^^^^^^^^^
lib/generated/spacex_api/device/wifi.pb.dart:8473:3: Error: Type '$4.UInt32Value' not found.
  $4.UInt32Value get sysUbiBadPeb => $_getN(17);
  ^^^^^^^^^^^^^^
lib/generated/spacex_api/device/wifi.pb.dart:8475:20: Error: Type '$4.UInt32Value' not found.
  set sysUbiBadPeb($4.UInt32Value value) => $_setField(18, value);
                   ^^^^^^^^^^^^^^
lib/generated/spacex_api/device/wifi.pb.dart:8481:3: Error: Type '$4.UInt32Value' not found.
  $4.UInt32Value ensureSysUbiBadPeb() => $_ensure(17);
  ^^^^^^^^^^^^^^
lib/generated/spacex_api/device/wifi.pb.dart:8484:3: Error: Type '$4.UInt32Value' not found.
  $4.UInt32Value get sysBoardRev => $_getN(18);
  ^^^^^^^^^^^^^^
lib/generated/spacex_api/device/wifi.pb.dart:8486:19: Error: Type '$4.UInt32Value' not found.
  set sysBoardRev($4.UInt32Value value) => $_setField(19, value);
                  ^^^^^^^^^^^^^^
lib/generated/spacex_api/device/wifi.pb.dart:8492:3: Error: Type '$4.UInt32Value' not found.
  $4.UInt32Value ensureSysBoardRev() => $_ensure(18);
  ^^^^^^^^^^^^^^
lib/generated/spacex_api/device/wifi.pb.dart:8495:3: Error: Type '$4.UInt32Value' not found.
  $4.UInt32Value get sysCalibrationState => $_getN(19);
  ^^^^^^^^^^^^^^
lib/generated/spacex_api/device/wifi.pb.dart:8497:27: Error: Type '$4.UInt32Value' not found.
  set sysCalibrationState($4.UInt32Value value) => $_setField(20, value);
                          ^^^^^^^^^^^^^^
lib/generated/spacex_api/device/wifi.pb.dart:8503:3: Error: Type '$4.UInt32Value' not found.
  $4.UInt32Value ensureSysCalibrationState() => $_ensure(19);
  ^^^^^^^^^^^^^^
lib/generated/spacex_api/device/wifi.pb.dart:8506:3: Error: Type '$4.UInt32Value' not found.
  $4.UInt32Value get sysCalibrationPartitionsState => $_getN(20);
  ^^^^^^^^^^^^^^
lib/generated/spacex_api/device/wifi.pb.dart:8508:37: Error: Type '$4.UInt32Value' not found.
  set sysCalibrationPartitionsState($4.UInt32Value value) =>
                                    ^^^^^^^^^^^^^^
lib/generated/spacex_api/device/wifi.pb.dart:8515:3: Error: Type '$4.UInt32Value' not found.
  $4.UInt32Value ensureSysCalibrationPartitionsState() => $_ensure(20);
  ^^^^^^^^^^^^^^
lib/generated/spacex_api/device/wifi.pb.dart:8518:3: Error: Type '$4.UInt32Value' not found.
  $4.UInt32Value get sysHwIndex => $_getN(21);
  ^^^^^^^^^^^^^^
lib/generated/spacex_api/device/wifi.pb.dart:8520:18: Error: Type '$4.UInt32Value' not found.
  set sysHwIndex($4.UInt32Value value) => $_setField(22, value);
                 ^^^^^^^^^^^^^^
lib/generated/spacex_api/device/wifi.pb.dart:8526:3: Error: Type '$4.UInt32Value' not found.
  $4.UInt32Value ensureSysHwIndex() => $_ensure(21);
  ^^^^^^^^^^^^^^
lib/generated/spacex_api/device/wifi.pb.dart:8529:3: Error: Type '$4.UInt32Value' not found.
  $4.UInt32Value get radios2ghzChannel => $_getN(22);
  ^^^^^^^^^^^^^^
lib/generated/spacex_api/device/wifi.pb.dart:8531:25: Error: Type '$4.UInt32Value' not found.
  set radios2ghzChannel($4.UInt32Value value) => $_setField(100, value);
                        ^^^^^^^^^^^^^^
lib/generated/spacex_api/device/wifi.pb.dart:8537:3: Error: Type '$4.UInt32Value' not found.
  $4.UInt32Value ensureRadios2ghzChannel() => $_ensure(22);
  ^^^^^^^^^^^^^^
lib/generated/spacex_api/device/wifi.pb.dart:8540:3: Error: Type '$4.FloatValue' not found.
  $4.FloatValue get radios2ghzAntenna1Rssi => $_getN(23);
  ^^^^^^^^^^^^^
lib/generated/spacex_api/device/wifi.pb.dart:8542:30: Error: Type '$4.FloatValue' not found.
  set radios2ghzAntenna1Rssi($4.FloatValue value) => $_setField(101, value);
                             ^^^^^^^^^^^^^
lib/generated/spacex_api/device/wifi.pb.dart:8548:3: Error: Type '$4.FloatValue' not found.
  $4.FloatValue ensureRadios2ghzAntenna1Rssi() => $_ensure(23);
  ^^^^^^^^^^^^^
lib/generated/spacex_api/device/wifi.pb.dart:8551:3: Error: Type '$4.FloatValue' not found.
  $4.FloatValue get radios2ghzAntenna2Rssi => $_getN(24);
  ^^^^^^^^^^^^^
lib/generated/spacex_api/device/wifi.pb.dart:8553:30: Error: Type '$4.FloatValue' not found.
  set radios2ghzAntenna2Rssi($4.FloatValue value) => $_setField(102, value);
                             ^^^^^^^^^^^^^
lib/generated/spacex_api/device/wifi.pb.dart:8559:3: Error: Type '$4.FloatValue' not found.
  $4.FloatValue ensureRadios2ghzAntenna2Rssi() => $_ensure(24);
  ^^^^^^^^^^^^^
lib/generated/spacex_api/device/wifi.pb.dart:8562:3: Error: Type '$4.FloatValue' not found.
  $4.FloatValue get radios2ghzAntenna3Rssi => $_getN(25);
  ^^^^^^^^^^^^^
lib/generated/spacex_api/device/wifi.pb.dart:8564:30: Error: Type '$4.FloatValue' not found.
  set radios2ghzAntenna3Rssi($4.FloatValue value) => $_setField(103, value);
                             ^^^^^^^^^^^^^
lib/generated/spacex_api/device/wifi.pb.dart:8570:3: Error: Type '$4.FloatValue' not found.
  $4.FloatValue ensureRadios2ghzAntenna3Rssi() => $_ensure(25);
  ^^^^^^^^^^^^^
lib/generated/spacex_api/device/wifi.pb.dart:8573:3: Error: Type '$4.UInt32Value' not found.
  $4.UInt32Value get radios2ghzIfaceCount => $_getN(26);
  ^^^^^^^^^^^^^^
lib/generated/spacex_api/device/wifi.pb.dart:8575:28: Error: Type '$4.UInt32Value' not found.
  set radios2ghzIfaceCount($4.UInt32Value value) => $_setField(104, value);
                           ^^^^^^^^^^^^^^
lib/generated/spacex_api/device/wifi.pb.dart:8581:3: Error: Type '$4.UInt32Value' not found.
  $4.UInt32Value ensureRadios2ghzIfaceCount() => $_ensure(26);
  ^^^^^^^^^^^^^^
lib/generated/spacex_api/device/wifi.pb.dart:8584:3: Error: Type '$4.FloatValue' not found.
  $4.FloatValue get radios2ghzChanBusyFraction => $_getN(27);
  ^^^^^^^^^^^^^
lib/generated/spacex_api/device/wifi.pb.dart:8586:34: Error: Type '$4.FloatValue' not found.
  set radios2ghzChanBusyFraction($4.FloatValue value) => $_setField(105, value);
                                 ^^^^^^^^^^^^^
lib/generated/spacex_api/device/wifi.pb.dart:8592:3: Error: Type '$4.FloatValue' not found.
  $4.FloatValue ensureRadios2ghzChanBusyFraction() => $_ensure(27);
  ^^^^^^^^^^^^^
lib/generated/spacex_api/device/wifi.pb.dart:8595:3: Error: Type '$4.FloatValue' not found.
  $4.FloatValue get radios2ghzEdccaFraction => $_getN(28);
  ^^^^^^^^^^^^^
lib/generated/spacex_api/device/wifi.pb.dart:8597:31: Error: Type '$4.FloatValue' not found.
  set radios2ghzEdccaFraction($4.FloatValue value) => $_setField(106, value);
                              ^^^^^^^^^^^^^
lib/generated/spacex_api/device/wifi.pb.dart:8603:3: Error: Type '$4.FloatValue' not found.
  $4.FloatValue ensureRadios2ghzEdccaFraction() => $_ensure(28);
  ^^^^^^^^^^^^^
lib/generated/spacex_api/device/wifi.pb.dart:8606:3: Error: Type '$4.FloatValue' not found.
  $4.FloatValue get radios2ghzOverlappingBssFraction => $_getN(29);
  ^^^^^^^^^^^^^
lib/generated/spacex_api/device/wifi.pb.dart:8608:40: Error: Type '$4.FloatValue' not found.
  set radios2ghzOverlappingBssFraction($4.FloatValue value) =>
                                       ^^^^^^^^^^^^^
lib/generated/spacex_api/device/wifi.pb.dart:8615:3: Error: Type '$4.FloatValue' not found.
  $4.FloatValue ensureRadios2ghzOverlappingBssFraction() => $_ensure(29);
  ^^^^^^^^^^^^^
lib/generated/spacex_api/device/wifi.pb.dart:8618:3: Error: Type '$4.Int64Value' not found.
  $4.Int64Value get radios2ghzRxBytes => $_getN(30);
  ^^^^^^^^^^^^^
lib/generated/spacex_api/device/wifi.pb.dart:8620:25: Error: Type '$4.Int64Value' not found.
  set radios2ghzRxBytes($4.Int64Value value) => $_setField(108, value);
                        ^^^^^^^^^^^^^
lib/generated/spacex_api/device/wifi.pb.dart:8626:3: Error: Type '$4.Int64Value' not found.
  $4.Int64Value ensureRadios2ghzRxBytes() => $_ensure(30);
  ^^^^^^^^^^^^^
lib/generated/spacex_api/device/wifi.pb.dart:8629:3: Error: Type '$4.Int64Value' not found.
  $4.Int64Value get radios2ghzRxPackets => $_getN(31);
  ^^^^^^^^^^^^^
lib/generated/spacex_api/device/wifi.pb.dart:8631:27: Error: Type '$4.Int64Value' not found.
  set radios2ghzRxPackets($4.Int64Value value) => $_setField(109, value);
                          ^^^^^^^^^^^^^
lib/generated/spacex_api/device/wifi.pb.dart:8637:3: Error: Type '$4.Int64Value' not found.
  $4.Int64Value ensureRadios2ghzRxPackets() => $_ensure(31);
  ^^^^^^^^^^^^^
lib/generated/spacex_api/device/wifi.pb.dart:8640:3: Error: Type '$4.Int64Value' not found.
  $4.Int64Value get radios2ghzRxErrors => $_getN(32);
  ^^^^^^^^^^^^^
lib/generated/spacex_api/device/wifi.pb.dart:8642:26: Error: Type '$4.Int64Value' not found.
  set radios2ghzRxErrors($4.Int64Value value) => $_setField(110, value);
                         ^^^^^^^^^^^^^
lib/generated/spacex_api/device/wifi.pb.dart:8648:3: Error: Type '$4.Int64Value' not found.
  $4.Int64Value ensureRadios2ghzRxErrors() => $_ensure(32);
  ^^^^^^^^^^^^^
lib/generated/spacex_api/device/wifi.pb.dart:8651:3: Error: Type '$4.Int64Value' not found.
  $4.Int64Value get radios2ghzRxFrameErrors => $_getN(33);
  ^^^^^^^^^^^^^
lib/generated/spacex_api/device/wifi.pb.dart:8653:31: Error: Type '$4.Int64Value' not found.
  set radios2ghzRxFrameErrors($4.Int64Value value) => $_setField(111, value);
                              ^^^^^^^^^^^^^
lib/generated/spacex_api/device/wifi.pb.dart:8659:3: Error: Type '$4.Int64Value' not found.
  $4.Int64Value ensureRadios2ghzRxFrameErrors() => $_ensure(33);
  ^^^^^^^^^^^^^
lib/generated/spacex_api/device/wifi.pb.dart:8662:3: Error: Type '$4.FloatValue' not found.
  $4.FloatValue get radios2ghzRxPacketErrorRate => $_getN(34);
  ^^^^^^^^^^^^^
lib/generated/spacex_api/device/wifi.pb.dart:8664:35: Error: Type '$4.FloatValue' not found.
  set radios2ghzRxPacketErrorRate($4.FloatValue value) =>
                                  ^^^^^^^^^^^^^
lib/generated/spacex_api/device/wifi.pb.dart:8671:3: Error: Type '$4.FloatValue' not found.
  $4.FloatValue ensureRadios2ghzRxPacketErrorRate() => $_ensure(34);
  ^^^^^^^^^^^^^
lib/generated/spacex_api/device/wifi.pb.dart:8674:3: Error: Type '$4.FloatValue' not found.
  $4.FloatValue get radios2ghzRxAirtimeFraction => $_getN(35);
  ^^^^^^^^^^^^^
lib/generated/spacex_api/device/wifi.pb.dart:8676:35: Error: Type '$4.FloatValue' not found.
  set radios2ghzRxAirtimeFraction($4.FloatValue value) =>
                                  ^^^^^^^^^^^^^
lib/generated/spacex_api/device/wifi.pb.dart:8683:3: Error: Type '$4.FloatValue' not found.
  $4.FloatValue ensureRadios2ghzRxAirtimeFraction() => $_ensure(35);
  ^^^^^^^^^^^^^
lib/generated/spacex_api/device/wifi.pb.dart:8686:3: Error: Type '$4.Int64Value' not found.
  $4.Int64Value get radios2ghzTxBytes => $_getN(36);
  ^^^^^^^^^^^^^
lib/generated/spacex_api/device/wifi.pb.dart:8688:25: Error: Type '$4.Int64Value' not found.
  set radios2ghzTxBytes($4.Int64Value value) => $_setField(114, value);
                        ^^^^^^^^^^^^^
lib/generated/spacex_api/device/wifi.pb.dart:8694:3: Error: Type '$4.Int64Value' not found.
  $4.Int64Value ensureRadios2ghzTxBytes() => $_ensure(36);
  ^^^^^^^^^^^^^
lib/generated/spacex_api/device/wifi.pb.dart:8697:3: Error: Type '$4.Int64Value' not found.
  $4.Int64Value get radios2ghzTxPackets => $_getN(37);
  ^^^^^^^^^^^^^
lib/generated/spacex_api/device/wifi.pb.dart:8699:27: Error: Type '$4.Int64Value' not found.
  set radios2ghzTxPackets($4.Int64Value value) => $_setField(115, value);
                          ^^^^^^^^^^^^^
lib/generated/spacex_api/device/wifi.pb.dart:8705:3: Error: Type '$4.Int64Value' not found.
  $4.Int64Value ensureRadios2ghzTxPackets() => $_ensure(37);
  ^^^^^^^^^^^^^
lib/generated/spacex_api/device/wifi.pb.dart:8708:3: Error: Type '$4.Int64Value' not found.
  $4.Int64Value get radios2ghzTxErrors => $_getN(38);
  ^^^^^^^^^^^^^
lib/generated/spacex_api/device/wifi.pb.dart:8710:26: Error: Type '$4.Int64Value' not found.
  set radios2ghzTxErrors($4.Int64Value value) => $_setField(116, value);
                         ^^^^^^^^^^^^^
lib/generated/spacex_api/device/wifi.pb.dart:8716:3: Error: Type '$4.Int64Value' not found.
  $4.Int64Value ensureRadios2ghzTxErrors() => $_ensure(38);
  ^^^^^^^^^^^^^
lib/generated/spacex_api/device/wifi.pb.dart:8719:3: Error: Type '$4.FloatValue' not found.
  $4.FloatValue get radios2ghzTxPacketErrorRate => $_getN(39);
  ^^^^^^^^^^^^^
lib/generated/spacex_api/device/wifi.pb.dart:8721:35: Error: Type '$4.FloatValue' not found.
  set radios2ghzTxPacketErrorRate($4.FloatValue value) =>
                                  ^^^^^^^^^^^^^
lib/generated/spacex_api/device/wifi.pb.dart:8728:3: Error: Type '$4.FloatValue' not found.
  $4.FloatValue ensureRadios2ghzTxPacketErrorRate() => $_ensure(39);
  ^^^^^^^^^^^^^
lib/generated/spacex_api/device/wifi.pb.dart:8731:3: Error: Type '$4.FloatValue' not found.
  $4.FloatValue get radios2ghzTxAirtimeFraction => $_getN(40);
  ^^^^^^^^^^^^^
lib/generated/spacex_api/device/wifi.pb.dart:8733:35: Error: Type '$4.FloatValue' not found.
  set radios2ghzTxAirtimeFraction($4.FloatValue value) =>
                                  ^^^^^^^^^^^^^
lib/generated/spacex_api/device/wifi.pb.dart:8740:3: Error: Type '$4.FloatValue' not found.
  $4.FloatValue ensureRadios2ghzTxAirtimeFraction() => $_ensure(40);
  ^^^^^^^^^^^^^
lib/generated/spacex_api/device/wifi.pb.dart:8743:3: Error: Type '$4.UInt32Value' not found.
  $4.UInt32Value get radios5ghzChannel => $_getN(41);
  ^^^^^^^^^^^^^^
lib/generated/spacex_api/device/wifi.pb.dart:8745:25: Error: Type '$4.UInt32Value' not found.
  set radios5ghzChannel($4.UInt32Value value) => $_setField(119, value);
                        ^^^^^^^^^^^^^^
lib/generated/spacex_api/device/wifi.pb.dart:8751:3: Error: Type '$4.UInt32Value' not found.
  $4.UInt32Value ensureRadios5ghzChannel() => $_ensure(41);
  ^^^^^^^^^^^^^^
lib/generated/spacex_api/device/wifi.pb.dart:8754:3: Error: Type '$4.FloatValue' not found.
  $4.FloatValue get radios5ghzAntenna1Rssi => $_getN(42);
  ^^^^^^^^^^^^^
lib/generated/spacex_api/device/wifi.pb.dart:8756:30: Error: Type '$4.FloatValue' not found.
  set radios5ghzAntenna1Rssi($4.FloatValue value) => $_setField(120, value);
                             ^^^^^^^^^^^^^
lib/generated/spacex_api/device/wifi.pb.dart:8762:3: Error: Type '$4.FloatValue' not found.
  $4.FloatValue ensureRadios5ghzAntenna1Rssi() => $_ensure(42);
  ^^^^^^^^^^^^^
lib/generated/spacex_api/device/wifi.pb.dart:8765:3: Error: Type '$4.FloatValue' not found.
  $4.FloatValue get radios5ghzAntenna2Rssi => $_getN(43);
  ^^^^^^^^^^^^^
lib/generated/spacex_api/device/wifi.pb.dart:8767:30: Error: Type '$4.FloatValue' not found.
  set radios5ghzAntenna2Rssi($4.FloatValue value) => $_setField(121, value);
                             ^^^^^^^^^^^^^
lib/generated/spacex_api/device/wifi.pb.dart:8773:3: Error: Type '$4.FloatValue' not found.
  $4.FloatValue ensureRadios5ghzAntenna2Rssi() => $_ensure(43);
  ^^^^^^^^^^^^^
lib/generated/spacex_api/device/wifi.pb.dart:8776:3: Error: Type '$4.FloatValue' not found.
  $4.FloatValue get radios5ghzAntenna3Rssi => $_getN(44);
  ^^^^^^^^^^^^^
lib/generated/spacex_api/device/wifi.pb.dart:8778:30: Error: Type '$4.FloatValue' not found.
  set radios5ghzAntenna3Rssi($4.FloatValue value) => $_setField(122, value);
                             ^^^^^^^^^^^^^
lib/generated/spacex_api/device/wifi.pb.dart:8784:3: Error: Type '$4.FloatValue' not found.
  $4.FloatValue ensureRadios5ghzAntenna3Rssi() => $_ensure(44);
  ^^^^^^^^^^^^^
lib/generated/spacex_api/device/wifi.pb.dart:8787:3: Error: Type '$4.UInt32Value' not found.
  $4.UInt32Value get radios5ghzIfaceCount => $_getN(45);
  ^^^^^^^^^^^^^^
lib/generated/spacex_api/device/wifi.pb.dart:8789:28: Error: Type '$4.UInt32Value' not found.
  set radios5ghzIfaceCount($4.UInt32Value value) => $_setField(123, value);
                           ^^^^^^^^^^^^^^
lib/generated/spacex_api/device/wifi.pb.dart:8795:3: Error: Type '$4.UInt32Value' not found.
  $4.UInt32Value ensureRadios5ghzIfaceCount() => $_ensure(45);
  ^^^^^^^^^^^^^^
lib/generated/spacex_api/device/wifi.pb.dart:8798:3: Error: Type '$4.FloatValue' not found.
  $4.FloatValue get radios5ghzChanBusyFraction => $_getN(46);
  ^^^^^^^^^^^^^
lib/generated/spacex_api/device/wifi.pb.dart:8800:34: Error: Type '$4.FloatValue' not found.
  set radios5ghzChanBusyFraction($4.FloatValue value) => $_setField(124, value);
                                 ^^^^^^^^^^^^^
lib/generated/spacex_api/device/wifi.pb.dart:8806:3: Error: Type '$4.FloatValue' not found.
  $4.FloatValue ensureRadios5ghzChanBusyFraction() => $_ensure(46);
  ^^^^^^^^^^^^^
lib/generated/spacex_api/device/wifi.pb.dart:8809:3: Error: Type '$4.FloatValue' not found.
  $4.FloatValue get radios5ghzEdccaFraction => $_getN(47);
  ^^^^^^^^^^^^^
lib/generated/spacex_api/device/wifi.pb.dart:8811:31: Error: Type '$4.FloatValue' not found.
  set radios5ghzEdccaFraction($4.FloatValue value) => $_setField(125, value);
                              ^^^^^^^^^^^^^
lib/generated/spacex_api/device/wifi.pb.dart:8817:3: Error: Type '$4.FloatValue' not found.
  $4.FloatValue ensureRadios5ghzEdccaFraction() => $_ensure(47);
  ^^^^^^^^^^^^^
lib/generated/spacex_api/device/wifi.pb.dart:8820:3: Error: Type '$4.FloatValue' not found.
  $4.FloatValue get radios5ghzOverlappingBssFraction => $_getN(48);
  ^^^^^^^^^^^^^
lib/generated/spacex_api/device/wifi.pb.dart:8822:40: Error: Type '$4.FloatValue' not found.
  set radios5ghzOverlappingBssFraction($4.FloatValue value) =>
                                       ^^^^^^^^^^^^^
lib/generated/spacex_api/device/wifi.pb.dart:8829:3: Error: Type '$4.FloatValue' not found.
  $4.FloatValue ensureRadios5ghzOverlappingBssFraction() => $_ensure(48);
  ^^^^^^^^^^^^^
lib/generated/spacex_api/device/wifi.pb.dart:8832:3: Error: Type '$4.Int64Value' not found.
  $4.Int64Value get radios5ghzRxBytes => $_getN(49);
  ^^^^^^^^^^^^^
lib/generated/spacex_api/device/wifi.pb.dart:8834:25: Error: Type '$4.Int64Value' not found.
  set radios5ghzRxBytes($4.Int64Value value) => $_setField(127, value);
                        ^^^^^^^^^^^^^
lib/generated/spacex_api/device/wifi.pb.dart:8840:3: Error: Type '$4.Int64Value' not found.
  $4.Int64Value ensureRadios5ghzRxBytes() => $_ensure(49);
  ^^^^^^^^^^^^^
lib/generated/spacex_api/device/wifi.pb.dart:8843:3: Error: Type '$4.Int64Value' not found.
  $4.Int64Value get radios5ghzRxPackets => $_getN(50);
  ^^^^^^^^^^^^^
lib/generated/spacex_api/device/wifi.pb.dart:8845:27: Error: Type '$4.Int64Value' not found.
  set radios5ghzRxPackets($4.Int64Value value) => $_setField(128, value);
                          ^^^^^^^^^^^^^
lib/generated/spacex_api/device/wifi.pb.dart:8851:3: Error: Type '$4.Int64Value' not found.
  $4.Int64Value ensureRadios5ghzRxPackets() => $_ensure(50);
  ^^^^^^^^^^^^^
lib/generated/spacex_api/device/wifi.pb.dart:8854:3: Error: Type '$4.Int64Value' not found.
  $4.Int64Value get radios5ghzRxErrors => $_getN(51);
  ^^^^^^^^^^^^^
lib/generated/spacex_api/device/wifi.pb.dart:8856:26: Error: Type '$4.Int64Value' not found.
  set radios5ghzRxErrors($4.Int64Value value) => $_setField(129, value);
                         ^^^^^^^^^^^^^
lib/generated/spacex_api/device/wifi.pb.dart:8862:3: Error: Type '$4.Int64Value' not found.
  $4.Int64Value ensureRadios5ghzRxErrors() => $_ensure(51);
  ^^^^^^^^^^^^^
lib/generated/spacex_api/device/wifi.pb.dart:8865:3: Error: Type '$4.Int64Value' not found.
  $4.Int64Value get radios5ghzRxFrameErrors => $_getN(52);
  ^^^^^^^^^^^^^
lib/generated/spacex_api/device/wifi.pb.dart:8867:31: Error: Type '$4.Int64Value' not found.
  set radios5ghzRxFrameErrors($4.Int64Value value) => $_setField(130, value);
                              ^^^^^^^^^^^^^
lib/generated/spacex_api/device/wifi.pb.dart:8873:3: Error: Type '$4.Int64Value' not found.
  $4.Int64Value ensureRadios5ghzRxFrameErrors() => $_ensure(52);
  ^^^^^^^^^^^^^
lib/generated/spacex_api/device/wifi.pb.dart:8876:3: Error: Type '$4.FloatValue' not found.
  $4.FloatValue get radios5ghzRxPacketErrorRate => $_getN(53);
  ^^^^^^^^^^^^^
lib/generated/spacex_api/device/wifi.pb.dart:8878:35: Error: Type '$4.FloatValue' not found.
  set radios5ghzRxPacketErrorRate($4.FloatValue value) =>
                                  ^^^^^^^^^^^^^
lib/generated/spacex_api/device/wifi.pb.dart:8885:3: Error: Type '$4.FloatValue' not found.
  $4.FloatValue ensureRadios5ghzRxPacketErrorRate() => $_ensure(53);
  ^^^^^^^^^^^^^
lib/generated/spacex_api/device/wifi.pb.dart:8888:3: Error: Type '$4.FloatValue' not found.
  $4.FloatValue get radios5ghzRxAirtimeFraction => $_getN(54);
  ^^^^^^^^^^^^^
lib/generated/spacex_api/device/wifi.pb.dart:8890:35: Error: Type '$4.FloatValue' not found.
  set radios5ghzRxAirtimeFraction($4.FloatValue value) =>
                                  ^^^^^^^^^^^^^
lib/generated/spacex_api/device/wifi.pb.dart:8897:3: Error: Type '$4.FloatValue' not found.
  $4.FloatValue ensureRadios5ghzRxAirtimeFraction() => $_ensure(54);
  ^^^^^^^^^^^^^
lib/generated/spacex_api/device/wifi.pb.dart:8900:3: Error: Type '$4.Int64Value' not found.
  $4.Int64Value get radios5ghzTxBytes => $_getN(55);
  ^^^^^^^^^^^^^
lib/generated/spacex_api/device/wifi.pb.dart:8902:25: Error: Type '$4.Int64Value' not found.
  set radios5ghzTxBytes($4.Int64Value value) => $_setField(133, value);
                        ^^^^^^^^^^^^^
lib/generated/spacex_api/device/wifi.pb.dart:8908:3: Error: Type '$4.Int64Value' not found.
  $4.Int64Value ensureRadios5ghzTxBytes() => $_ensure(55);
  ^^^^^^^^^^^^^
lib/generated/spacex_api/device/wifi.pb.dart:8911:3: Error: Type '$4.Int64Value' not found.
  $4.Int64Value get radios5ghzTxPackets => $_getN(56);
  ^^^^^^^^^^^^^
lib/generated/spacex_api/device/wifi.pb.dart:8913:27: Error: Type '$4.Int64Value' not found.
  set radios5ghzTxPackets($4.Int64Value value) => $_setField(134, value);
                          ^^^^^^^^^^^^^
lib/generated/spacex_api/device/wifi.pb.dart:8919:3: Error: Type '$4.Int64Value' not found.
  $4.Int64Value ensureRadios5ghzTxPackets() => $_ensure(56);
  ^^^^^^^^^^^^^
lib/generated/spacex_api/device/wifi.pb.dart:8922:3: Error: Type '$4.Int64Value' not found.
  $4.Int64Value get radios5ghzTxErrors => $_getN(57);
  ^^^^^^^^^^^^^
lib/generated/spacex_api/device/wifi.pb.dart:8924:26: Error: Type '$4.Int64Value' not found.
  set radios5ghzTxErrors($4.Int64Value value) => $_setField(135, value);
                         ^^^^^^^^^^^^^
lib/generated/spacex_api/device/wifi.pb.dart:8930:3: Error: Type '$4.Int64Value' not found.
  $4.Int64Value ensureRadios5ghzTxErrors() => $_ensure(57);
  ^^^^^^^^^^^^^
lib/generated/spacex_api/device/wifi.pb.dart:8933:3: Error: Type '$4.FloatValue' not found.
  $4.FloatValue get radios5ghzTxPacketErrorRate => $_getN(58);
  ^^^^^^^^^^^^^
lib/generated/spacex_api/device/wifi.pb.dart:8935:35: Error: Type '$4.FloatValue' not found.
  set radios5ghzTxPacketErrorRate($4.FloatValue value) =>
                                  ^^^^^^^^^^^^^
lib/generated/spacex_api/device/wifi.pb.dart:8942:3: Error: Type '$4.FloatValue' not found.
  $4.FloatValue ensureRadios5ghzTxPacketErrorRate() => $_ensure(58);
  ^^^^^^^^^^^^^
lib/generated/spacex_api/device/wifi.pb.dart:8945:3: Error: Type '$4.FloatValue' not found.
  $4.FloatValue get radios5ghzTxAirtimeFraction => $_getN(59);
  ^^^^^^^^^^^^^
lib/generated/spacex_api/device/wifi.pb.dart:8947:35: Error: Type '$4.FloatValue' not found.
  set radios5ghzTxAirtimeFraction($4.FloatValue value) =>
                                  ^^^^^^^^^^^^^
lib/generated/spacex_api/device/wifi.pb.dart:8954:3: Error: Type '$4.FloatValue' not found.
  $4.FloatValue ensureRadios5ghzTxAirtimeFraction() => $_ensure(59);
  ^^^^^^^^^^^^^
lib/generated/spacex_api/device/wifi.pb.dart:8957:3: Error: Type '$4.UInt32Value' not found.
  $4.UInt32Value get radios5ghzHighChannel => $_getN(60);
  ^^^^^^^^^^^^^^
lib/generated/spacex_api/device/wifi.pb.dart:8959:29: Error: Type '$4.UInt32Value' not found.
  set radios5ghzHighChannel($4.UInt32Value value) => $_setField(138, value);
                            ^^^^^^^^^^^^^^
lib/generated/spacex_api/device/wifi.pb.dart:8965:3: Error: Type '$4.UInt32Value' not found.
  $4.UInt32Value ensureRadios5ghzHighChannel() => $_ensure(60);
  ^^^^^^^^^^^^^^
lib/generated/spacex_api/device/wifi.pb.dart:8968:3: Error: Type '$4.FloatValue' not found.
  $4.FloatValue get radios5ghzHighAntenna1Rssi => $_getN(61);
  ^^^^^^^^^^^^^
lib/generated/spacex_api/device/wifi.pb.dart:8970:34: Error: Type '$4.FloatValue' not found.
  set radios5ghzHighAntenna1Rssi($4.FloatValue value) => $_setField(139, value);
                                 ^^^^^^^^^^^^^
lib/generated/spacex_api/device/wifi.pb.dart:8976:3: Error: Type '$4.FloatValue' not found.
  $4.FloatValue ensureRadios5ghzHighAntenna1Rssi() => $_ensure(61);
  ^^^^^^^^^^^^^
lib/generated/spacex_api/device/wifi.pb.dart:8979:3: Error: Type '$4.FloatValue' not found.
  $4.FloatValue get radios5ghzHighAntenna2Rssi => $_getN(62);
  ^^^^^^^^^^^^^
lib/generated/spacex_api/device/wifi.pb.dart:8981:34: Error: Type '$4.FloatValue' not found.
  set radios5ghzHighAntenna2Rssi($4.FloatValue value) => $_setField(140, value);
                                 ^^^^^^^^^^^^^
lib/generated/spacex_api/device/wifi.pb.dart:8987:3: Error: Type '$4.FloatValue' not found.
  $4.FloatValue ensureRadios5ghzHighAntenna2Rssi() => $_ensure(62);
  ^^^^^^^^^^^^^
lib/generated/spacex_api/device/wifi.pb.dart:8990:3: Error: Type '$4.FloatValue' not found.
  $4.FloatValue get radios5ghzHighAntenna3Rssi => $_getN(63);
  ^^^^^^^^^^^^^
lib/generated/spacex_api/device/wifi.pb.dart:8992:34: Error: Type '$4.FloatValue' not found.
  set radios5ghzHighAntenna3Rssi($4.FloatValue value) => $_setField(141, value);
                                 ^^^^^^^^^^^^^
lib/generated/spacex_api/device/wifi.pb.dart:8998:3: Error: Type '$4.FloatValue' not found.
  $4.FloatValue ensureRadios5ghzHighAntenna3Rssi() => $_ensure(63);
  ^^^^^^^^^^^^^
lib/generated/spacex_api/device/wifi.pb.dart:9001:3: Error: Type '$4.UInt32Value' not found.
  $4.UInt32Value get radios5ghzHighIfaceCount => $_getN(64);
  ^^^^^^^^^^^^^^
lib/generated/spacex_api/device/wifi.pb.dart:9003:32: Error: Type '$4.UInt32Value' not found.
  set radios5ghzHighIfaceCount($4.UInt32Value value) => $_setField(142, value);
                               ^^^^^^^^^^^^^^
lib/generated/spacex_api/device/wifi.pb.dart:9009:3: Error: Type '$4.UInt32Value' not found.
  $4.UInt32Value ensureRadios5ghzHighIfaceCount() => $_ensure(64);
  ^^^^^^^^^^^^^^
lib/generated/spacex_api/device/wifi.pb.dart:9012:3: Error: Type '$4.FloatValue' not found.
  $4.FloatValue get radios5ghzHighChanBusyFraction => $_getN(65);
  ^^^^^^^^^^^^^
lib/generated/spacex_api/device/wifi.pb.dart:9014:38: Error: Type '$4.FloatValue' not found.
  set radios5ghzHighChanBusyFraction($4.FloatValue value) =>
                                     ^^^^^^^^^^^^^
lib/generated/spacex_api/device/wifi.pb.dart:9021:3: Error: Type '$4.FloatValue' not found.
  $4.FloatValue ensureRadios5ghzHighChanBusyFraction() => $_ensure(65);
  ^^^^^^^^^^^^^
lib/generated/spacex_api/device/wifi.pb.dart:9024:3: Error: Type '$4.FloatValue' not found.
  $4.FloatValue get radios5ghzHighEdccaFraction => $_getN(66);
  ^^^^^^^^^^^^^
lib/generated/spacex_api/device/wifi.pb.dart:9026:35: Error: Type '$4.FloatValue' not found.
  set radios5ghzHighEdccaFraction($4.FloatValue value) =>
                                  ^^^^^^^^^^^^^
lib/generated/spacex_api/device/wifi.pb.dart:9033:3: Error: Type '$4.FloatValue' not found.
  $4.FloatValue ensureRadios5ghzHighEdccaFraction() => $_ensure(66);
  ^^^^^^^^^^^^^
lib/generated/spacex_api/device/wifi.pb.dart:9036:3: Error: Type '$4.FloatValue' not found.
  $4.FloatValue get radios5ghzHighOverlappingBssFraction => $_getN(67);
  ^^^^^^^^^^^^^
lib/generated/spacex_api/device/wifi.pb.dart:9038:44: Error: Type '$4.FloatValue' not found.
  set radios5ghzHighOverlappingBssFraction($4.FloatValue value) =>
                                           ^^^^^^^^^^^^^
lib/generated/spacex_api/device/wifi.pb.dart:9045:3: Error: Type '$4.FloatValue' not found.
  $4.FloatValue ensureRadios5ghzHighOverlappingBssFraction() => $_ensure(67);
  ^^^^^^^^^^^^^
lib/generated/spacex_api/device/wifi.pb.dart:9048:3: Error: Type '$4.Int64Value' not found.
  $4.Int64Value get radios5ghzHighRxBytes => $_getN(68);
  ^^^^^^^^^^^^^
lib/generated/spacex_api/device/wifi.pb.dart:9050:29: Error: Type '$4.Int64Value' not found.
  set radios5ghzHighRxBytes($4.Int64Value value) => $_setField(146, value);
                            ^^^^^^^^^^^^^
lib/generated/spacex_api/device/wifi.pb.dart:9056:3: Error: Type '$4.Int64Value' not found.
  $4.Int64Value ensureRadios5ghzHighRxBytes() => $_ensure(68);
  ^^^^^^^^^^^^^
lib/generated/spacex_api/device/wifi.pb.dart:9059:3: Error: Type '$4.Int64Value' not found.
  $4.Int64Value get radios5ghzHighRxPackets => $_getN(69);
  ^^^^^^^^^^^^^
lib/generated/spacex_api/device/wifi.pb.dart:9061:31: Error: Type '$4.Int64Value' not found.
  set radios5ghzHighRxPackets($4.Int64Value value) => $_setField(147, value);
                              ^^^^^^^^^^^^^
lib/generated/spacex_api/device/wifi.pb.dart:9067:3: Error: Type '$4.Int64Value' not found.
  $4.Int64Value ensureRadios5ghzHighRxPackets() => $_ensure(69);
  ^^^^^^^^^^^^^
lib/generated/spacex_api/device/wifi.pb.dart:9070:3: Error: Type '$4.Int64Value' not found.
  $4.Int64Value get radios5ghzHighRxErrors => $_getN(70);
  ^^^^^^^^^^^^^
lib/generated/spacex_api/device/wifi.pb.dart:9072:30: Error: Type '$4.Int64Value' not found.
  set radios5ghzHighRxErrors($4.Int64Value value) => $_setField(148, value);
                             ^^^^^^^^^^^^^
lib/generated/spacex_api/device/wifi.pb.dart:9078:3: Error: Type '$4.Int64Value' not found.
  $4.Int64Value ensureRadios5ghzHighRxErrors() => $_ensure(70);
  ^^^^^^^^^^^^^
lib/generated/spacex_api/device/wifi.pb.dart:9081:3: Error: Type '$4.Int64Value' not found.
  $4.Int64Value get radios5ghzHighRxFrameErrors => $_getN(71);
  ^^^^^^^^^^^^^
lib/generated/spacex_api/device/wifi.pb.dart:9083:35: Error: Type '$4.Int64Value' not found.
  set radios5ghzHighRxFrameErrors($4.Int64Value value) =>
                                  ^^^^^^^^^^^^^
lib/generated/spacex_api/device/wifi.pb.dart:9090:3: Error: Type '$4.Int64Value' not found.
  $4.Int64Value ensureRadios5ghzHighRxFrameErrors() => $_ensure(71);
  ^^^^^^^^^^^^^
lib/generated/spacex_api/device/wifi.pb.dart:9093:3: Error: Type '$4.FloatValue' not found.
  $4.FloatValue get radios5ghzHighRxPacketErrorRate => $_getN(72);
  ^^^^^^^^^^^^^
lib/generated/spacex_api/device/wifi.pb.dart:9095:39: Error: Type '$4.FloatValue' not found.
  set radios5ghzHighRxPacketErrorRate($4.FloatValue value) =>
                                      ^^^^^^^^^^^^^
lib/generated/spacex_api/device/wifi.pb.dart:9102:3: Error: Type '$4.FloatValue' not found.
  $4.FloatValue ensureRadios5ghzHighRxPacketErrorRate() => $_ensure(72);
  ^^^^^^^^^^^^^
lib/generated/spacex_api/device/wifi.pb.dart:9105:3: Error: Type '$4.FloatValue' not found.
  $4.FloatValue get radios5ghzHighRxAirtimeFraction => $_getN(73);
  ^^^^^^^^^^^^^
lib/generated/spacex_api/device/wifi.pb.dart:9107:39: Error: Type '$4.FloatValue' not found.
  set radios5ghzHighRxAirtimeFraction($4.FloatValue value) =>
                                      ^^^^^^^^^^^^^
lib/generated/spacex_api/device/wifi.pb.dart:9114:3: Error: Type '$4.FloatValue' not found.
  $4.FloatValue ensureRadios5ghzHighRxAirtimeFraction() => $_ensure(73);
  ^^^^^^^^^^^^^
lib/generated/spacex_api/device/wifi.pb.dart:9117:3: Error: Type '$4.Int64Value' not found.
  $4.Int64Value get radios5ghzHighTxBytes => $_getN(74);
  ^^^^^^^^^^^^^
lib/generated/spacex_api/device/wifi.pb.dart:9119:29: Error: Type '$4.Int64Value' not found.
  set radios5ghzHighTxBytes($4.Int64Value value) => $_setField(152, value);
                            ^^^^^^^^^^^^^
lib/generated/spacex_api/device/wifi.pb.dart:9125:3: Error: Type '$4.Int64Value' not found.
  $4.Int64Value ensureRadios5ghzHighTxBytes() => $_ensure(74);
  ^^^^^^^^^^^^^
lib/generated/spacex_api/device/wifi.pb.dart:9128:3: Error: Type '$4.Int64Value' not found.
  $4.Int64Value get radios5ghzHighTxPackets => $_getN(75);
  ^^^^^^^^^^^^^
lib/generated/spacex_api/device/wifi.pb.dart:9130:31: Error: Type '$4.Int64Value' not found.
  set radios5ghzHighTxPackets($4.Int64Value value) => $_setField(153, value);
                              ^^^^^^^^^^^^^
lib/generated/spacex_api/device/wifi.pb.dart:9136:3: Error: Type '$4.Int64Value' not found.
  $4.Int64Value ensureRadios5ghzHighTxPackets() => $_ensure(75);
  ^^^^^^^^^^^^^
lib/generated/spacex_api/device/wifi.pb.dart:9139:3: Error: Type '$4.Int64Value' not found.
  $4.Int64Value get radios5ghzHighTxErrors => $_getN(76);
  ^^^^^^^^^^^^^
lib/generated/spacex_api/device/wifi.pb.dart:9141:30: Error: Type '$4.Int64Value' not found.
  set radios5ghzHighTxErrors($4.Int64Value value) => $_setField(154, value);
                             ^^^^^^^^^^^^^
lib/generated/spacex_api/device/wifi.pb.dart:9147:3: Error: Type '$4.Int64Value' not found.
  $4.Int64Value ensureRadios5ghzHighTxErrors() => $_ensure(76);
  ^^^^^^^^^^^^^
lib/generated/spacex_api/device/wifi.pb.dart:9150:3: Error: Type '$4.FloatValue' not found.
  $4.FloatValue get radios5ghzHighTxPacketErrorRate => $_getN(77);
  ^^^^^^^^^^^^^
lib/generated/spacex_api/device/wifi.pb.dart:9152:39: Error: Type '$4.FloatValue' not found.
  set radios5ghzHighTxPacketErrorRate($4.FloatValue value) =>
                                      ^^^^^^^^^^^^^
lib/generated/spacex_api/device/wifi.pb.dart:9159:3: Error: Type '$4.FloatValue' not found.
  $4.FloatValue ensureRadios5ghzHighTxPacketErrorRate() => $_ensure(77);
  ^^^^^^^^^^^^^
lib/generated/spacex_api/device/wifi.pb.dart:9162:3: Error: Type '$4.FloatValue' not found.
  $4.FloatValue get radios5ghzHighTxAirtimeFraction => $_getN(78);
  ^^^^^^^^^^^^^
lib/generated/spacex_api/device/wifi.pb.dart:9164:39: Error: Type '$4.FloatValue' not found.
  set radios5ghzHighTxAirtimeFraction($4.FloatValue value) =>
                                      ^^^^^^^^^^^^^
lib/generated/spacex_api/device/wifi.pb.dart:9171:3: Error: Type '$4.FloatValue' not found.
  $4.FloatValue ensureRadios5ghzHighTxAirtimeFraction() => $_ensure(78);
  ^^^^^^^^^^^^^
lib/generated/spacex_api/device/wifi.pb.dart:9174:3: Error: Type '$4.FloatValue' not found.
  $4.FloatValue get radios2ghzAntenna1Tssi => $_getN(79);
  ^^^^^^^^^^^^^
lib/generated/spacex_api/device/wifi.pb.dart:9176:30: Error: Type '$4.FloatValue' not found.
  set radios2ghzAntenna1Tssi($4.FloatValue value) => $_setField(157, value);
                             ^^^^^^^^^^^^^
lib/generated/spacex_api/device/wifi.pb.dart:9182:3: Error: Type '$4.FloatValue' not found.
  $4.FloatValue ensureRadios2ghzAntenna1Tssi() => $_ensure(79);
  ^^^^^^^^^^^^^
lib/generated/spacex_api/device/wifi.pb.dart:9185:3: Error: Type '$4.FloatValue' not found.
  $4.FloatValue get radios2ghzAntenna2Tssi => $_getN(80);
  ^^^^^^^^^^^^^
lib/generated/spacex_api/device/wifi.pb.dart:9187:30: Error: Type '$4.FloatValue' not found.
  set radios2ghzAntenna2Tssi($4.FloatValue value) => $_setField(158, value);
                             ^^^^^^^^^^^^^
lib/generated/spacex_api/device/wifi.pb.dart:9193:3: Error: Type '$4.FloatValue' not found.
  $4.FloatValue ensureRadios2ghzAntenna2Tssi() => $_ensure(80);
  ^^^^^^^^^^^^^
lib/generated/spacex_api/device/wifi.pb.dart:9196:3: Error: Type '$4.FloatValue' not found.
  $4.FloatValue get radios2ghzAntenna3Tssi => $_getN(81);
  ^^^^^^^^^^^^^
lib/generated/spacex_api/device/wifi.pb.dart:9198:30: Error: Type '$4.FloatValue' not found.
  set radios2ghzAntenna3Tssi($4.FloatValue value) => $_setField(159, value);
                             ^^^^^^^^^^^^^
lib/generated/spacex_api/device/wifi.pb.dart:9204:3: Error: Type '$4.FloatValue' not found.
  $4.FloatValue ensureRadios2ghzAntenna3Tssi() => $_ensure(81);
  ^^^^^^^^^^^^^
lib/generated/spacex_api/device/wifi.pb.dart:9207:3: Error: Type '$4.FloatValue' not found.
  $4.FloatValue get radios2ghzAntenna4Tssi => $_getN(82);
  ^^^^^^^^^^^^^
lib/generated/spacex_api/device/wifi.pb.dart:9209:30: Error: Type '$4.FloatValue' not found.
  set radios2ghzAntenna4Tssi($4.FloatValue value) => $_setField(160, value);
                             ^^^^^^^^^^^^^
lib/generated/spacex_api/device/wifi.pb.dart:9215:3: Error: Type '$4.FloatValue' not found.
  $4.FloatValue ensureRadios2ghzAntenna4Tssi() => $_ensure(82);
  ^^^^^^^^^^^^^
lib/generated/spacex_api/device/wifi.pb.dart:9218:3: Error: Type '$4.FloatValue' not found.
  $4.FloatValue get radios5ghzAntenna1Tssi => $_getN(83);
  ^^^^^^^^^^^^^
lib/generated/spacex_api/device/wifi.pb.dart:9220:30: Error: Type '$4.FloatValue' not found.
  set radios5ghzAntenna1Tssi($4.FloatValue value) => $_setField(161, value);
                             ^^^^^^^^^^^^^
lib/generated/spacex_api/device/wifi.pb.dart:9226:3: Error: Type '$4.FloatValue' not found.
  $4.FloatValue ensureRadios5ghzAntenna1Tssi() => $_ensure(83);
  ^^^^^^^^^^^^^
lib/generated/spacex_api/device/wifi.pb.dart:9229:3: Error: Type '$4.FloatValue' not found.
  $4.FloatValue get radios5ghzAntenna2Tssi => $_getN(84);
  ^^^^^^^^^^^^^
lib/generated/spacex_api/device/wifi.pb.dart:9231:30: Error: Type '$4.FloatValue' not found.
  set radios5ghzAntenna2Tssi($4.FloatValue value) => $_setField(162, value);
                             ^^^^^^^^^^^^^
lib/generated/spacex_api/device/wifi.pb.dart:9237:3: Error: Type '$4.FloatValue' not found.
  $4.FloatValue ensureRadios5ghzAntenna2Tssi() => $_ensure(84);
  ^^^^^^^^^^^^^
lib/generated/spacex_api/device/wifi.pb.dart:9240:3: Error: Type '$4.FloatValue' not found.
  $4.FloatValue get radios5ghzAntenna3Tssi => $_getN(85);
  ^^^^^^^^^^^^^
lib/generated/spacex_api/device/wifi.pb.dart:9242:30: Error: Type '$4.FloatValue' not found.
  set radios5ghzAntenna3Tssi($4.FloatValue value) => $_setField(163, value);
                             ^^^^^^^^^^^^^
lib/generated/spacex_api/device/wifi.pb.dart:9248:3: Error: Type '$4.FloatValue' not found.
  $4.FloatValue ensureRadios5ghzAntenna3Tssi() => $_ensure(85);
  ^^^^^^^^^^^^^
lib/generated/spacex_api/device/wifi.pb.dart:9251:3: Error: Type '$4.FloatValue' not found.
  $4.FloatValue get radios5ghzAntenna4Tssi => $_getN(86);
  ^^^^^^^^^^^^^
lib/generated/spacex_api/device/wifi.pb.dart:9253:30: Error: Type '$4.FloatValue' not found.
  set radios5ghzAntenna4Tssi($4.FloatValue value) => $_setField(164, value);
                             ^^^^^^^^^^^^^
lib/generated/spacex_api/device/wifi.pb.dart:9259:3: Error: Type '$4.FloatValue' not found.
  $4.FloatValue ensureRadios5ghzAntenna4Tssi() => $_ensure(86);
  ^^^^^^^^^^^^^
lib/generated/spacex_api/device/wifi.pb.dart:9262:3: Error: Type '$4.FloatValue' not found.
  $4.FloatValue get radios5ghzHighAntenna1Tssi => $_getN(87);
  ^^^^^^^^^^^^^
lib/generated/spacex_api/device/wifi.pb.dart:9264:34: Error: Type '$4.FloatValue' not found.
  set radios5ghzHighAntenna1Tssi($4.FloatValue value) => $_setField(165, value);
                                 ^^^^^^^^^^^^^
lib/generated/spacex_api/device/wifi.pb.dart:9270:3: Error: Type '$4.FloatValue' not found.
  $4.FloatValue ensureRadios5ghzHighAntenna1Tssi() => $_ensure(87);
  ^^^^^^^^^^^^^
lib/generated/spacex_api/device/wifi.pb.dart:9273:3: Error: Type '$4.FloatValue' not found.
  $4.FloatValue get radios5ghzHighAntenna2Tssi => $_getN(88);
  ^^^^^^^^^^^^^
lib/generated/spacex_api/device/wifi.pb.dart:9275:34: Error: Type '$4.FloatValue' not found.
  set radios5ghzHighAntenna2Tssi($4.FloatValue value) => $_setField(166, value);
                                 ^^^^^^^^^^^^^
lib/generated/spacex_api/device/wifi.pb.dart:9281:3: Error: Type '$4.FloatValue' not found.
  $4.FloatValue ensureRadios5ghzHighAntenna2Tssi() => $_ensure(88);
  ^^^^^^^^^^^^^
lib/generated/spacex_api/device/wifi.pb.dart:9284:3: Error: Type '$4.FloatValue' not found.
  $4.FloatValue get radios5ghzHighAntenna3Tssi => $_getN(89);
  ^^^^^^^^^^^^^
lib/generated/spacex_api/device/wifi.pb.dart:9286:34: Error: Type '$4.FloatValue' not found.
  set radios5ghzHighAntenna3Tssi($4.FloatValue value) => $_setField(167, value);
                                 ^^^^^^^^^^^^^
lib/generated/spacex_api/device/wifi.pb.dart:9292:3: Error: Type '$4.FloatValue' not found.
  $4.FloatValue ensureRadios5ghzHighAntenna3Tssi() => $_ensure(89);
  ^^^^^^^^^^^^^
lib/generated/spacex_api/device/wifi.pb.dart:9295:3: Error: Type '$4.FloatValue' not found.
  $4.FloatValue get radios5ghzHighAntenna4Tssi => $_getN(90);
  ^^^^^^^^^^^^^
lib/generated/spacex_api/device/wifi.pb.dart:9297:34: Error: Type '$4.FloatValue' not found.
  set radios5ghzHighAntenna4Tssi($4.FloatValue value) => $_setField(168, value);
                                 ^^^^^^^^^^^^^
lib/generated/spacex_api/device/wifi.pb.dart:9303:3: Error: Type '$4.FloatValue' not found.
  $4.FloatValue ensureRadios5ghzHighAntenna4Tssi() => $_ensure(90);
  ^^^^^^^^^^^^^
lib/generated/spacex_api/device/wifi.pb.dart:9306:3: Error: Type '$4.FloatValue' not found.
  $4.FloatValue get radios2ghzAntenna4Rssi => $_getN(91);
  ^^^^^^^^^^^^^
lib/generated/spacex_api/device/wifi.pb.dart:9308:30: Error: Type '$4.FloatValue' not found.
  set radios2ghzAntenna4Rssi($4.FloatValue value) => $_setField(197, value);
                             ^^^^^^^^^^^^^
lib/generated/spacex_api/device/wifi.pb.dart:9314:3: Error: Type '$4.FloatValue' not found.
  $4.FloatValue ensureRadios2ghzAntenna4Rssi() => $_ensure(91);
  ^^^^^^^^^^^^^
lib/generated/spacex_api/device/wifi.pb.dart:9317:3: Error: Type '$4.FloatValue' not found.
  $4.FloatValue get radios5ghzAntenna4Rssi => $_getN(92);
  ^^^^^^^^^^^^^
lib/generated/spacex_api/device/wifi.pb.dart:9319:30: Error: Type '$4.FloatValue' not found.
  set radios5ghzAntenna4Rssi($4.FloatValue value) => $_setField(198, value);
                             ^^^^^^^^^^^^^
lib/generated/spacex_api/device/wifi.pb.dart:9325:3: Error: Type '$4.FloatValue' not found.
  $4.FloatValue ensureRadios5ghzAntenna4Rssi() => $_ensure(92);
  ^^^^^^^^^^^^^
lib/generated/spacex_api/device/wifi.pb.dart:9328:3: Error: Type '$4.FloatValue' not found.
  $4.FloatValue get radios5ghzHighAntenna4Rssi => $_getN(93);
  ^^^^^^^^^^^^^
lib/generated/spacex_api/device/wifi.pb.dart:9330:34: Error: Type '$4.FloatValue' not found.
  set radios5ghzHighAntenna4Rssi($4.FloatValue value) => $_setField(199, value);
                                 ^^^^^^^^^^^^^
lib/generated/spacex_api/device/wifi.pb.dart:9336:3: Error: Type '$4.FloatValue' not found.
  $4.FloatValue ensureRadios5ghzHighAntenna4Rssi() => $_ensure(93);
  ^^^^^^^^^^^^^
lib/generated/spacex_api/device/wifi.pb.dart:9339:3: Error: Type '$4.FloatValue' not found.
  $4.FloatValue get radios2ghzThermalTemp => $_getN(94);
  ^^^^^^^^^^^^^
lib/generated/spacex_api/device/wifi.pb.dart:9341:29: Error: Type '$4.FloatValue' not found.
  set radios2ghzThermalTemp($4.FloatValue value) => $_setField(200, value);
                            ^^^^^^^^^^^^^
lib/generated/spacex_api/device/wifi.pb.dart:9347:3: Error: Type '$4.FloatValue' not found.
  $4.FloatValue ensureRadios2ghzThermalTemp() => $_ensure(94);
  ^^^^^^^^^^^^^
lib/generated/spacex_api/device/wifi.pb.dart:9350:3: Error: Type '$4.FloatValue' not found.
  $4.FloatValue get radios5ghzThermalTemp => $_getN(95);
  ^^^^^^^^^^^^^
lib/generated/spacex_api/device/wifi.pb.dart:9352:29: Error: Type '$4.FloatValue' not found.
  set radios5ghzThermalTemp($4.FloatValue value) => $_setField(201, value);
                            ^^^^^^^^^^^^^
lib/generated/spacex_api/device/wifi.pb.dart:9358:3: Error: Type '$4.FloatValue' not found.
  $4.FloatValue ensureRadios5ghzThermalTemp() => $_ensure(95);
  ^^^^^^^^^^^^^
lib/generated/spacex_api/device/wifi.pb.dart:9361:3: Error: Type '$4.FloatValue' not found.
  $4.FloatValue get radios2ghzThermalDutyCycle => $_getN(96);
  ^^^^^^^^^^^^^
lib/generated/spacex_api/device/wifi.pb.dart:9363:34: Error: Type '$4.FloatValue' not found.
  set radios2ghzThermalDutyCycle($4.FloatValue value) => $_setField(202, value);
                                 ^^^^^^^^^^^^^
lib/generated/spacex_api/device/wifi.pb.dart:9369:3: Error: Type '$4.FloatValue' not found.
  $4.FloatValue ensureRadios2ghzThermalDutyCycle() => $_ensure(96);
  ^^^^^^^^^^^^^
lib/generated/spacex_api/device/wifi.pb.dart:9372:3: Error: Type '$4.FloatValue' not found.
  $4.FloatValue get radios5ghzThermalDutyCycle => $_getN(97);
  ^^^^^^^^^^^^^
lib/generated/spacex_api/device/wifi.pb.dart:9374:34: Error: Type '$4.FloatValue' not found.
  set radios5ghzThermalDutyCycle($4.FloatValue value) => $_setField(203, value);
                                 ^^^^^^^^^^^^^
lib/generated/spacex_api/device/wifi.pb.dart:9380:3: Error: Type '$4.FloatValue' not found.
  $4.FloatValue ensureRadios5ghzThermalDutyCycle() => $_ensure(97);
  ^^^^^^^^^^^^^
lib/generated/spacex_api/device/wifi.pb.dart:9383:3: Error: Type '$4.UInt32Value' not found.
  $4.UInt32Value get radios2ghzThermalThrottledSeconds => $_getN(98);
  ^^^^^^^^^^^^^^
lib/generated/spacex_api/device/wifi.pb.dart:9385:41: Error: Type '$4.UInt32Value' not found.
  set radios2ghzThermalThrottledSeconds($4.UInt32Value value) =>
                                        ^^^^^^^^^^^^^^
lib/generated/spacex_api/device/wifi.pb.dart:9392:3: Error: Type '$4.UInt32Value' not found.
  $4.UInt32Value ensureRadios2ghzThermalThrottledSeconds() => $_ensure(98);
  ^^^^^^^^^^^^^^
lib/generated/spacex_api/device/wifi.pb.dart:9395:3: Error: Type '$4.UInt32Value' not found.
  $4.UInt32Value get radios5ghzThermalThrottledSeconds => $_getN(99);
  ^^^^^^^^^^^^^^
lib/generated/spacex_api/device/wifi.pb.dart:9397:41: Error: Type '$4.UInt32Value' not found.
  set radios5ghzThermalThrottledSeconds($4.UInt32Value value) =>
                                        ^^^^^^^^^^^^^^
lib/generated/spacex_api/device/wifi.pb.dart:9404:3: Error: Type '$4.UInt32Value' not found.
  $4.UInt32Value ensureRadios5ghzThermalThrottledSeconds() => $_ensure(99);
  ^^^^^^^^^^^^^^
lib/generated/spacex_api/device/wifi.pb.dart:9407:3: Error: Type '$4.FloatValue' not found.
  $4.FloatValue get radios5ghzHighThermalTemp => $_getN(100);
  ^^^^^^^^^^^^^
lib/generated/spacex_api/device/wifi.pb.dart:9409:33: Error: Type '$4.FloatValue' not found.
  set radios5ghzHighThermalTemp($4.FloatValue value) => $_setField(206, value);
                                ^^^^^^^^^^^^^
lib/generated/spacex_api/device/wifi.pb.dart:9415:3: Error: Type '$4.FloatValue' not found.
  $4.FloatValue ensureRadios5ghzHighThermalTemp() => $_ensure(100);
  ^^^^^^^^^^^^^
lib/generated/spacex_api/device/wifi.pb.dart:9418:3: Error: Type '$4.FloatValue' not found.
  $4.FloatValue get radios5ghzHighThermalDutyCycle => $_getN(101);
  ^^^^^^^^^^^^^
lib/generated/spacex_api/device/wifi.pb.dart:9420:38: Error: Type '$4.FloatValue' not found.
  set radios5ghzHighThermalDutyCycle($4.FloatValue value) =>
                                     ^^^^^^^^^^^^^
lib/generated/spacex_api/device/wifi.pb.dart:9427:3: Error: Type '$4.FloatValue' not found.
  $4.FloatValue ensureRadios5ghzHighThermalDutyCycle() => $_ensure(101);
  ^^^^^^^^^^^^^
lib/generated/spacex_api/device/wifi.pb.dart:9430:3: Error: Type '$4.UInt32Value' not found.
  $4.UInt32Value get radios5ghzHighThermalThrottledSeconds => $_getN(102);
  ^^^^^^^^^^^^^^
lib/generated/spacex_api/device/wifi.pb.dart:9432:45: Error: Type '$4.UInt32Value' not found.
  set radios5ghzHighThermalThrottledSeconds($4.UInt32Value value) =>
                                            ^^^^^^^^^^^^^^
lib/generated/spacex_api/device/wifi.pb.dart:9439:3: Error: Type '$4.UInt32Value' not found.
  $4.UInt32Value ensureRadios5ghzHighThermalThrottledSeconds() => $_ensure(102);
  ^^^^^^^^^^^^^^
lib/generated/spacex_api/device/wifi.pb.dart:9442:3: Error: Type '$4.FloatValue' not found.
  $4.FloatValue get boardTemp => $_getN(103);
  ^^^^^^^^^^^^^
lib/generated/spacex_api/device/wifi.pb.dart:9444:17: Error: Type '$4.FloatValue' not found.
  set boardTemp($4.FloatValue value) => $_setField(210, value);
                ^^^^^^^^^^^^^
lib/generated/spacex_api/device/wifi.pb.dart:9450:3: Error: Type '$4.FloatValue' not found.
  $4.FloatValue ensureBoardTemp() => $_ensure(103);
  ^^^^^^^^^^^^^
lib/generated/spacex_api/device/wifi.pb.dart:9453:3: Error: Type '$4.FloatValue' not found.
  $4.FloatValue get poeMcuDieTemp => $_getN(104);
  ^^^^^^^^^^^^^
lib/generated/spacex_api/device/wifi.pb.dart:9455:21: Error: Type '$4.FloatValue' not found.
  set poeMcuDieTemp($4.FloatValue value) => $_setField(211, value);
                    ^^^^^^^^^^^^^
lib/generated/spacex_api/device/wifi.pb.dart:9461:3: Error: Type '$4.FloatValue' not found.
  $4.FloatValue ensurePoeMcuDieTemp() => $_ensure(104);
  ^^^^^^^^^^^^^
lib/generated/spacex_api/device/wifi.pb.dart:9464:3: Error: Type '$4.FloatValue' not found.
  $4.FloatValue get poePercentWaterDetectAvg => $_getN(105);
  ^^^^^^^^^^^^^
lib/generated/spacex_api/device/wifi.pb.dart:9466:32: Error: Type '$4.FloatValue' not found.
  set poePercentWaterDetectAvg($4.FloatValue value) => $_setField(212, value);
                               ^^^^^^^^^^^^^
lib/generated/spacex_api/device/wifi.pb.dart:9472:3: Error: Type '$4.FloatValue' not found.
  $4.FloatValue ensurePoePercentWaterDetectAvg() => $_ensure(105);
  ^^^^^^^^^^^^^
lib/generated/spacex_api/device/wifi.pb.dart:9475:3: Error: Type '$4.Int64Value' not found.
  $4.Int64Value get ifacesLanEthRxBytes => $_getN(106);
  ^^^^^^^^^^^^^
lib/generated/spacex_api/device/wifi.pb.dart:9477:27: Error: Type '$4.Int64Value' not found.
  set ifacesLanEthRxBytes($4.Int64Value value) => $_setField(300, value);
                          ^^^^^^^^^^^^^
lib/generated/spacex_api/device/wifi.pb.dart:9483:3: Error: Type '$4.Int64Value' not found.
  $4.Int64Value ensureIfacesLanEthRxBytes() => $_ensure(106);
  ^^^^^^^^^^^^^
lib/generated/spacex_api/device/wifi.pb.dart:9486:3: Error: Type '$4.Int64Value' not found.
  $4.Int64Value get ifacesLanEthRxPackets => $_getN(107);
  ^^^^^^^^^^^^^
lib/generated/spacex_api/device/wifi.pb.dart:9488:29: Error: Type '$4.Int64Value' not found.
  set ifacesLanEthRxPackets($4.Int64Value value) => $_setField(301, value);
                            ^^^^^^^^^^^^^
lib/generated/spacex_api/device/wifi.pb.dart:9494:3: Error: Type '$4.Int64Value' not found.
  $4.Int64Value ensureIfacesLanEthRxPackets() => $_ensure(107);
  ^^^^^^^^^^^^^
lib/generated/spacex_api/device/wifi.pb.dart:9497:3: Error: Type '$4.Int64Value' not found.
  $4.Int64Value get ifacesLanEthRxErrors => $_getN(108);
  ^^^^^^^^^^^^^
lib/generated/spacex_api/device/wifi.pb.dart:9499:28: Error: Type '$4.Int64Value' not found.
  set ifacesLanEthRxErrors($4.Int64Value value) => $_setField(302, value);
                           ^^^^^^^^^^^^^
lib/generated/spacex_api/device/wifi.pb.dart:9505:3: Error: Type '$4.Int64Value' not found.
  $4.Int64Value ensureIfacesLanEthRxErrors() => $_ensure(108);
  ^^^^^^^^^^^^^
lib/generated/spacex_api/device/wifi.pb.dart:9508:3: Error: Type '$4.Int64Value' not found.
  $4.Int64Value get ifacesLanEthRxFrameErrors => $_getN(109);
  ^^^^^^^^^^^^^
lib/generated/spacex_api/device/wifi.pb.dart:9510:33: Error: Type '$4.Int64Value' not found.
  set ifacesLanEthRxFrameErrors($4.Int64Value value) => $_setField(303, value);
                                ^^^^^^^^^^^^^
lib/generated/spacex_api/device/wifi.pb.dart:9516:3: Error: Type '$4.Int64Value' not found.
  $4.Int64Value ensureIfacesLanEthRxFrameErrors() => $_ensure(109);
  ^^^^^^^^^^^^^
lib/generated/spacex_api/device/wifi.pb.dart:9519:3: Error: Type '$4.Int64Value' not found.
  $4.Int64Value get ifacesLanEthTxBytes => $_getN(110);
  ^^^^^^^^^^^^^
lib/generated/spacex_api/device/wifi.pb.dart:9521:27: Error: Type '$4.Int64Value' not found.
  set ifacesLanEthTxBytes($4.Int64Value value) => $_setField(304, value);
                          ^^^^^^^^^^^^^
lib/generated/spacex_api/device/wifi.pb.dart:9527:3: Error: Type '$4.Int64Value' not found.
  $4.Int64Value ensureIfacesLanEthTxBytes() => $_ensure(110);
  ^^^^^^^^^^^^^
lib/generated/spacex_api/device/wifi.pb.dart:9530:3: Error: Type '$4.Int64Value' not found.
  $4.Int64Value get ifacesLanEthTxPackets => $_getN(111);
  ^^^^^^^^^^^^^
lib/generated/spacex_api/device/wifi.pb.dart:9532:29: Error: Type '$4.Int64Value' not found.
  set ifacesLanEthTxPackets($4.Int64Value value) => $_setField(305, value);
                            ^^^^^^^^^^^^^
lib/generated/spacex_api/device/wifi.pb.dart:9538:3: Error: Type '$4.Int64Value' not found.
  $4.Int64Value ensureIfacesLanEthTxPackets() => $_ensure(111);
  ^^^^^^^^^^^^^
lib/generated/spacex_api/device/wifi.pb.dart:9541:3: Error: Type '$4.Int64Value' not found.
  $4.Int64Value get ifacesLanEthTxErrors => $_getN(112);
  ^^^^^^^^^^^^^
lib/generated/spacex_api/device/wifi.pb.dart:9543:28: Error: Type '$4.Int64Value' not found.
  set ifacesLanEthTxErrors($4.Int64Value value) => $_setField(306, value);
                           ^^^^^^^^^^^^^
lib/generated/spacex_api/device/wifi.pb.dart:9549:3: Error: Type '$4.Int64Value' not found.
  $4.Int64Value ensureIfacesLanEthTxErrors() => $_ensure(112);
  ^^^^^^^^^^^^^
lib/generated/spacex_api/device/wifi.pb.dart:9552:3: Error: Type '$4.Int64Value' not found.
  $4.Int64Value get ifacesWanEthRxBytes => $_getN(113);
  ^^^^^^^^^^^^^
lib/generated/spacex_api/device/wifi.pb.dart:9554:27: Error: Type '$4.Int64Value' not found.
  set ifacesWanEthRxBytes($4.Int64Value value) => $_setField(307, value);
                          ^^^^^^^^^^^^^
lib/generated/spacex_api/device/wifi.pb.dart:9560:3: Error: Type '$4.Int64Value' not found.
  $4.Int64Value ensureIfacesWanEthRxBytes() => $_ensure(113);
  ^^^^^^^^^^^^^
lib/generated/spacex_api/device/wifi.pb.dart:9563:3: Error: Type '$4.Int64Value' not found.
  $4.Int64Value get ifacesWanEthRxPackets => $_getN(114);
  ^^^^^^^^^^^^^
lib/generated/spacex_api/device/wifi.pb.dart:9565:29: Error: Type '$4.Int64Value' not found.
  set ifacesWanEthRxPackets($4.Int64Value value) => $_setField(308, value);
                            ^^^^^^^^^^^^^
lib/generated/spacex_api/device/wifi.pb.dart:9571:3: Error: Type '$4.Int64Value' not found.
  $4.Int64Value ensureIfacesWanEthRxPackets() => $_ensure(114);
  ^^^^^^^^^^^^^
lib/generated/spacex_api/device/wifi.pb.dart:9574:3: Error: Type '$4.Int64Value' not found.
  $4.Int64Value get ifacesWanEthRxErrors => $_getN(115);
  ^^^^^^^^^^^^^
lib/generated/spacex_api/device/wifi.pb.dart:9576:28: Error: Type '$4.Int64Value' not found.
  set ifacesWanEthRxErrors($4.Int64Value value) => $_setField(309, value);
                           ^^^^^^^^^^^^^
lib/generated/spacex_api/device/wifi.pb.dart:9582:3: Error: Type '$4.Int64Value' not found.
  $4.Int64Value ensureIfacesWanEthRxErrors() => $_ensure(115);
  ^^^^^^^^^^^^^
lib/generated/spacex_api/device/wifi.pb.dart:9585:3: Error: Type '$4.Int64Value' not found.
  $4.Int64Value get ifacesWanEthRxFrameErrors => $_getN(116);
  ^^^^^^^^^^^^^
lib/generated/spacex_api/device/wifi.pb.dart:9587:33: Error: Type '$4.Int64Value' not found.
  set ifacesWanEthRxFrameErrors($4.Int64Value value) => $_setField(310, value);
                                ^^^^^^^^^^^^^
lib/generated/spacex_api/device/wifi.pb.dart:9593:3: Error: Type '$4.Int64Value' not found.
  $4.Int64Value ensureIfacesWanEthRxFrameErrors() => $_ensure(116);
  ^^^^^^^^^^^^^
lib/generated/spacex_api/device/wifi.pb.dart:9596:3: Error: Type '$4.Int64Value' not found.
  $4.Int64Value get ifacesWanEthTxBytes => $_getN(117);
  ^^^^^^^^^^^^^
lib/generated/spacex_api/device/wifi.pb.dart:9598:27: Error: Type '$4.Int64Value' not found.
  set ifacesWanEthTxBytes($4.Int64Value value) => $_setField(311, value);
                          ^^^^^^^^^^^^^
lib/generated/spacex_api/device/wifi.pb.dart:9604:3: Error: Type '$4.Int64Value' not found.
  $4.Int64Value ensureIfacesWanEthTxBytes() => $_ensure(117);
  ^^^^^^^^^^^^^
lib/generated/spacex_api/device/wifi.pb.dart:9607:3: Error: Type '$4.Int64Value' not found.
  $4.Int64Value get ifacesWanEthTxPackets => $_getN(118);
  ^^^^^^^^^^^^^
lib/generated/spacex_api/device/wifi.pb.dart:9609:29: Error: Type '$4.Int64Value' not found.
  set ifacesWanEthTxPackets($4.Int64Value value) => $_setField(312, value);
                            ^^^^^^^^^^^^^
lib/generated/spacex_api/device/wifi.pb.dart:9615:3: Error: Type '$4.Int64Value' not found.
  $4.Int64Value ensureIfacesWanEthTxPackets() => $_ensure(118);
  ^^^^^^^^^^^^^
lib/generated/spacex_api/device/wifi.pb.dart:9618:3: Error: Type '$4.Int64Value' not found.
  $4.Int64Value get ifacesWanEthTxErrors => $_getN(119);
  ^^^^^^^^^^^^^
lib/generated/spacex_api/device/wifi.pb.dart:9620:28: Error: Type '$4.Int64Value' not found.
  set ifacesWanEthTxErrors($4.Int64Value value) => $_setField(313, value);
                           ^^^^^^^^^^^^^
lib/generated/spacex_api/device/wifi.pb.dart:9626:3: Error: Type '$4.Int64Value' not found.
  $4.Int64Value ensureIfacesWanEthTxErrors() => $_ensure(119);
  ^^^^^^^^^^^^^
lib/generated/spacex_api/device/wifi.pb.dart:9629:3: Error: Type '$4.Int64Value' not found.
  $4.Int64Value get ifacesLan1EthRxBytes => $_getN(120);
  ^^^^^^^^^^^^^
lib/generated/spacex_api/device/wifi.pb.dart:9631:28: Error: Type '$4.Int64Value' not found.
  set ifacesLan1EthRxBytes($4.Int64Value value) => $_setField(314, value);
                           ^^^^^^^^^^^^^
lib/generated/spacex_api/device/wifi.pb.dart:9637:3: Error: Type '$4.Int64Value' not found.
  $4.Int64Value ensureIfacesLan1EthRxBytes() => $_ensure(120);
  ^^^^^^^^^^^^^
lib/generated/spacex_api/device/wifi.pb.dart:9640:3: Error: Type '$4.Int64Value' not found.
  $4.Int64Value get ifacesLan1EthRxPackets => $_getN(121);
  ^^^^^^^^^^^^^
lib/generated/spacex_api/device/wifi.pb.dart:9642:30: Error: Type '$4.Int64Value' not found.
  set ifacesLan1EthRxPackets($4.Int64Value value) => $_setField(315, value);
                             ^^^^^^^^^^^^^
lib/generated/spacex_api/device/wifi.pb.dart:9648:3: Error: Type '$4.Int64Value' not found.
  $4.Int64Value ensureIfacesLan1EthRxPackets() => $_ensure(121);
  ^^^^^^^^^^^^^
lib/generated/spacex_api/device/wifi.pb.dart:9651:3: Error: Type '$4.Int64Value' not found.
  $4.Int64Value get ifacesLan1EthRxErrors => $_getN(122);
  ^^^^^^^^^^^^^
lib/generated/spacex_api/device/wifi.pb.dart:9653:29: Error: Type '$4.Int64Value' not found.
  set ifacesLan1EthRxErrors($4.Int64Value value) => $_setField(316, value);
                            ^^^^^^^^^^^^^
lib/generated/spacex_api/device/wifi.pb.dart:9659:3: Error: Type '$4.Int64Value' not found.
  $4.Int64Value ensureIfacesLan1EthRxErrors() => $_ensure(122);
  ^^^^^^^^^^^^^
lib/generated/spacex_api/device/wifi.pb.dart:9662:3: Error: Type '$4.Int64Value' not found.
  $4.Int64Value get ifacesLan1EthRxFrameErrors => $_getN(123);
  ^^^^^^^^^^^^^
lib/generated/spacex_api/device/wifi.pb.dart:9664:34: Error: Type '$4.Int64Value' not found.
  set ifacesLan1EthRxFrameErrors($4.Int64Value value) => $_setField(317, value);
                                 ^^^^^^^^^^^^^
lib/generated/spacex_api/device/wifi.pb.dart:9670:3: Error: Type '$4.Int64Value' not found.
  $4.Int64Value ensureIfacesLan1EthRxFrameErrors() => $_ensure(123);
  ^^^^^^^^^^^^^
lib/generated/spacex_api/device/wifi.pb.dart:9673:3: Error: Type '$4.Int64Value' not found.
  $4.Int64Value get ifacesLan1EthTxBytes => $_getN(124);
  ^^^^^^^^^^^^^
lib/generated/spacex_api/device/wifi.pb.dart:9675:28: Error: Type '$4.Int64Value' not found.
  set ifacesLan1EthTxBytes($4.Int64Value value) => $_setField(318, value);
                           ^^^^^^^^^^^^^
lib/generated/spacex_api/device/wifi.pb.dart:9681:3: Error: Type '$4.Int64Value' not found.
  $4.Int64Value ensureIfacesLan1EthTxBytes() => $_ensure(124);
  ^^^^^^^^^^^^^
lib/generated/spacex_api/device/wifi.pb.dart:9684:3: Error: Type '$4.Int64Value' not found.
  $4.Int64Value get ifacesLan1EthTxPackets => $_getN(125);
  ^^^^^^^^^^^^^
lib/generated/spacex_api/device/wifi.pb.dart:9686:30: Error: Type '$4.Int64Value' not found.
  set ifacesLan1EthTxPackets($4.Int64Value value) => $_setField(319, value);
                             ^^^^^^^^^^^^^
lib/generated/spacex_api/device/wifi.pb.dart:9692:3: Error: Type '$4.Int64Value' not found.
  $4.Int64Value ensureIfacesLan1EthTxPackets() => $_ensure(125);
  ^^^^^^^^^^^^^
lib/generated/spacex_api/device/wifi.pb.dart:9695:3: Error: Type '$4.Int64Value' not found.
  $4.Int64Value get ifacesLan1EthTxErrors => $_getN(126);
  ^^^^^^^^^^^^^
lib/generated/spacex_api/device/wifi.pb.dart:9697:29: Error: Type '$4.Int64Value' not found.
  set ifacesLan1EthTxErrors($4.Int64Value value) => $_setField(320, value);
                            ^^^^^^^^^^^^^
lib/generated/spacex_api/device/wifi.pb.dart:9703:3: Error: Type '$4.Int64Value' not found.
  $4.Int64Value ensureIfacesLan1EthTxErrors() => $_ensure(126);
  ^^^^^^^^^^^^^
lib/generated/spacex_api/device/wifi.pb.dart:9706:3: Error: Type '$4.StringValue' not found.
  $4.StringValue get ifacesWanPort => $_getN(127);
  ^^^^^^^^^^^^^^
lib/generated/spacex_api/device/wifi.pb.dart:9708:21: Error: Type '$4.StringValue' not found.
  set ifacesWanPort($4.StringValue value) => $_setField(321, value);
                    ^^^^^^^^^^^^^^
lib/generated/spacex_api/device/wifi.pb.dart:9714:3: Error: Type '$4.StringValue' not found.
  $4.StringValue ensureIfacesWanPort() => $_ensure(127);
  ^^^^^^^^^^^^^^
lib/generated/spacex_api/device/wifi.pb.dart:9717:3: Error: Type '$4.UInt32Value' not found.
  $4.UInt32Value get clients => $_getN(128);
  ^^^^^^^^^^^^^^
lib/generated/spacex_api/device/wifi.pb.dart:9719:15: Error: Type '$4.UInt32Value' not found.
  set clients($4.UInt32Value value) => $_setField(400, value);
              ^^^^^^^^^^^^^^
lib/generated/spacex_api/device/wifi.pb.dart:9725:3: Error: Type '$4.UInt32Value' not found.
  $4.UInt32Value ensureClients() => $_ensure(128);
  ^^^^^^^^^^^^^^
lib/generated/spacex_api/device/wifi.pb.dart:9728:3: Error: Type '$4.UInt32Value' not found.
  $4.UInt32Value get clients2ghz => $_getN(129);
  ^^^^^^^^^^^^^^
lib/generated/spacex_api/device/wifi.pb.dart:9730:19: Error: Type '$4.UInt32Value' not found.
  set clients2ghz($4.UInt32Value value) => $_setField(401, value);
                  ^^^^^^^^^^^^^^
lib/generated/spacex_api/device/wifi.pb.dart:9736:3: Error: Type '$4.UInt32Value' not found.
  $4.UInt32Value ensureClients2ghz() => $_ensure(129);
  ^^^^^^^^^^^^^^
lib/generated/spacex_api/device/wifi.pb.dart:9739:3: Error: Type '$4.UInt32Value' not found.
  $4.UInt32Value get clients5ghz => $_getN(130);
  ^^^^^^^^^^^^^^
lib/generated/spacex_api/device/wifi.pb.dart:9741:19: Error: Type '$4.UInt32Value' not found.
  set clients5ghz($4.UInt32Value value) => $_setField(402, value);
                  ^^^^^^^^^^^^^^
lib/generated/spacex_api/device/wifi.pb.dart:9747:3: Error: Type '$4.UInt32Value' not found.
  $4.UInt32Value ensureClients5ghz() => $_ensure(130);
  ^^^^^^^^^^^^^^
lib/generated/spacex_api/device/wifi.pb.dart:9750:3: Error: Type '$4.UInt32Value' not found.
  $4.UInt32Value get clientsEth => $_getN(131);
  ^^^^^^^^^^^^^^
lib/generated/spacex_api/device/wifi.pb.dart:9752:18: Error: Type '$4.UInt32Value' not found.
  set clientsEth($4.UInt32Value value) => $_setField(403, value);
                 ^^^^^^^^^^^^^^
lib/generated/spacex_api/device/wifi.pb.dart:9758:3: Error: Type '$4.UInt32Value' not found.
  $4.UInt32Value ensureClientsEth() => $_ensure(131);
  ^^^^^^^^^^^^^^
lib/generated/spacex_api/device/wifi.pb.dart:9761:3: Error: Type '$4.UInt32Value' not found.
  $4.UInt32Value get clientsRepeater => $_getN(132);
  ^^^^^^^^^^^^^^
lib/generated/spacex_api/device/wifi.pb.dart:9763:23: Error: Type '$4.UInt32Value' not found.
  set clientsRepeater($4.UInt32Value value) => $_setField(404, value);
                      ^^^^^^^^^^^^^^
lib/generated/spacex_api/device/wifi.pb.dart:9769:3: Error: Type '$4.UInt32Value' not found.
  $4.UInt32Value ensureClientsRepeater() => $_ensure(132);
  ^^^^^^^^^^^^^^
lib/generated/spacex_api/device/wifi.pb.dart:9772:3: Error: Type '$4.UInt32Value' not found.
  $4.UInt32Value get clientsRepeater2ghz => $_getN(133);
  ^^^^^^^^^^^^^^
lib/generated/spacex_api/device/wifi.pb.dart:9774:27: Error: Type '$4.UInt32Value' not found.
  set clientsRepeater2ghz($4.UInt32Value value) => $_setField(405, value);
                          ^^^^^^^^^^^^^^
lib/generated/spacex_api/device/wifi.pb.dart:9780:3: Error: Type '$4.UInt32Value' not found.
  $4.UInt32Value ensureClientsRepeater2ghz() => $_ensure(133);
  ^^^^^^^^^^^^^^
lib/generated/spacex_api/device/wifi.pb.dart:9783:3: Error: Type '$4.UInt32Value' not found.
  $4.UInt32Value get clientsRepeater5ghz => $_getN(134);
  ^^^^^^^^^^^^^^
lib/generated/spacex_api/device/wifi.pb.dart:9785:27: Error: Type '$4.UInt32Value' not found.
  set clientsRepeater5ghz($4.UInt32Value value) => $_setField(406, value);
                          ^^^^^^^^^^^^^^
lib/generated/spacex_api/device/wifi.pb.dart:9791:3: Error: Type '$4.UInt32Value' not found.
  $4.UInt32Value ensureClientsRepeater5ghz() => $_ensure(134);
  ^^^^^^^^^^^^^^
lib/generated/spacex_api/device/wifi.pb.dart:9794:3: Error: Type '$4.UInt32Value' not found.
  $4.UInt32Value get clientsRepeaterEth => $_getN(135);
  ^^^^^^^^^^^^^^
lib/generated/spacex_api/device/wifi.pb.dart:9796:26: Error: Type '$4.UInt32Value' not found.
  set clientsRepeaterEth($4.UInt32Value value) => $_setField(407, value);
                         ^^^^^^^^^^^^^^
lib/generated/spacex_api/device/wifi.pb.dart:9802:3: Error: Type '$4.UInt32Value' not found.
  $4.UInt32Value ensureClientsRepeaterEth() => $_ensure(135);
  ^^^^^^^^^^^^^^
lib/generated/spacex_api/device/wifi.pb.dart:9805:3: Error: Type '$4.UInt32Value' not found.
  $4.UInt32Value get meshHops => $_getN(136);
  ^^^^^^^^^^^^^^
lib/generated/spacex_api/device/wifi.pb.dart:9807:16: Error: Type '$4.UInt32Value' not found.
  set meshHops($4.UInt32Value value) => $_setField(408, value);
               ^^^^^^^^^^^^^^
lib/generated/spacex_api/device/wifi.pb.dart:9813:3: Error: Type '$4.UInt32Value' not found.
  $4.UInt32Value ensureMeshHops() => $_ensure(136);
  ^^^^^^^^^^^^^^
lib/generated/spacex_api/device/wifi.pb.dart:9816:3: Error: Type '$4.FloatValue' not found.
  $4.FloatValue get meshOneHopRssiAvg2ghz => $_getN(137);
  ^^^^^^^^^^^^^
lib/generated/spacex_api/device/wifi.pb.dart:9818:29: Error: Type '$4.FloatValue' not found.
  set meshOneHopRssiAvg2ghz($4.FloatValue value) => $_setField(409, value);
                            ^^^^^^^^^^^^^
lib/generated/spacex_api/device/wifi.pb.dart:9824:3: Error: Type '$4.FloatValue' not found.
  $4.FloatValue ensureMeshOneHopRssiAvg2ghz() => $_ensure(137);
  ^^^^^^^^^^^^^
lib/generated/spacex_api/device/wifi.pb.dart:9827:3: Error: Type '$4.FloatValue' not found.
  $4.FloatValue get meshOneHopRssiAvg5ghz => $_getN(138);
  ^^^^^^^^^^^^^
lib/generated/spacex_api/device/wifi.pb.dart:9829:29: Error: Type '$4.FloatValue' not found.
  set meshOneHopRssiAvg5ghz($4.FloatValue value) => $_setField(410, value);
                            ^^^^^^^^^^^^^
lib/generated/spacex_api/device/wifi.pb.dart:9835:3: Error: Type '$4.FloatValue' not found.
  $4.FloatValue ensureMeshOneHopRssiAvg5ghz() => $_ensure(138);
  ^^^^^^^^^^^^^
lib/generated/spacex_api/device/wifi.pb.dart:9838:3: Error: Type '$4.FloatValue' not found.
  $4.FloatValue get meshTwoHopRssiAvg2ghz => $_getN(139);
  ^^^^^^^^^^^^^
lib/generated/spacex_api/device/wifi.pb.dart:9840:29: Error: Type '$4.FloatValue' not found.
  set meshTwoHopRssiAvg2ghz($4.FloatValue value) => $_setField(411, value);
                            ^^^^^^^^^^^^^
lib/generated/spacex_api/device/wifi.pb.dart:9846:3: Error: Type '$4.FloatValue' not found.
  $4.FloatValue ensureMeshTwoHopRssiAvg2ghz() => $_ensure(139);
  ^^^^^^^^^^^^^
lib/generated/spacex_api/device/wifi.pb.dart:9849:3: Error: Type '$4.FloatValue' not found.
  $4.FloatValue get meshTwoHopRssiAvg5ghz => $_getN(140);
  ^^^^^^^^^^^^^
lib/generated/spacex_api/device/wifi.pb.dart:9851:29: Error: Type '$4.FloatValue' not found.
  set meshTwoHopRssiAvg5ghz($4.FloatValue value) => $_setField(412, value);
                            ^^^^^^^^^^^^^
lib/generated/spacex_api/device/wifi.pb.dart:9857:3: Error: Type '$4.FloatValue' not found.
  $4.FloatValue ensureMeshTwoHopRssiAvg5ghz() => $_ensure(140);
  ^^^^^^^^^^^^^
lib/generated/spacex_api/device/wifi.pb.dart:9860:3: Error: Type '$4.UInt32Value' not found.
  $4.UInt32Value get clients5ghzHigh => $_getN(141);
  ^^^^^^^^^^^^^^
lib/generated/spacex_api/device/wifi.pb.dart:9862:23: Error: Type '$4.UInt32Value' not found.
  set clients5ghzHigh($4.UInt32Value value) => $_setField(413, value);
                      ^^^^^^^^^^^^^^
lib/generated/spacex_api/device/wifi.pb.dart:9868:3: Error: Type '$4.UInt32Value' not found.
  $4.UInt32Value ensureClients5ghzHigh() => $_ensure(141);
  ^^^^^^^^^^^^^^
lib/generated/spacex_api/device/wifi.pb.dart:9871:3: Error: Type '$4.FloatValue' not found.
  $4.FloatValue get meshOneHopRssiAvg5ghzHigh => $_getN(142);
  ^^^^^^^^^^^^^
lib/generated/spacex_api/device/wifi.pb.dart:9873:33: Error: Type '$4.FloatValue' not found.
  set meshOneHopRssiAvg5ghzHigh($4.FloatValue value) => $_setField(414, value);
                                ^^^^^^^^^^^^^
lib/generated/spacex_api/device/wifi.pb.dart:9879:3: Error: Type '$4.FloatValue' not found.
  $4.FloatValue ensureMeshOneHopRssiAvg5ghzHigh() => $_ensure(142);
  ^^^^^^^^^^^^^
lib/generated/spacex_api/device/wifi.pb.dart:9882:3: Error: Type '$4.FloatValue' not found.
  $4.FloatValue get meshTwoHopRssiAvg5ghzHigh => $_getN(143);
  ^^^^^^^^^^^^^
lib/generated/spacex_api/device/wifi.pb.dart:9884:33: Error: Type '$4.FloatValue' not found.
  set meshTwoHopRssiAvg5ghzHigh($4.FloatValue value) => $_setField(415, value);
                                ^^^^^^^^^^^^^
lib/generated/spacex_api/device/wifi.pb.dart:9890:3: Error: Type '$4.FloatValue' not found.
  $4.FloatValue ensureMeshTwoHopRssiAvg5ghzHigh() => $_ensure(143);
  ^^^^^^^^^^^^^
lib/generated/spacex_api/device/wifi.pb.dart:9893:3: Error: Type '$4.UInt32Value' not found.
  $4.UInt32Value get clientsRepeater5ghzHigh => $_getN(144);
  ^^^^^^^^^^^^^^
lib/generated/spacex_api/device/wifi.pb.dart:9895:31: Error: Type '$4.UInt32Value' not found.
  set clientsRepeater5ghzHigh($4.UInt32Value value) => $_setField(416, value);
                              ^^^^^^^^^^^^^^
lib/generated/spacex_api/device/wifi.pb.dart:9901:3: Error: Type '$4.UInt32Value' not found.
  $4.UInt32Value ensureClientsRepeater5ghzHigh() => $_ensure(144);
  ^^^^^^^^^^^^^^
lib/generated/spacex_api/device/wifi.pb.dart:9904:3: Error: Type '$4.FloatValue' not found.
  $4.FloatValue get repeaterTxRateMbpsMin => $_getN(145);
  ^^^^^^^^^^^^^
lib/generated/spacex_api/device/wifi.pb.dart:9906:29: Error: Type '$4.FloatValue' not found.
  set repeaterTxRateMbpsMin($4.FloatValue value) => $_setField(418, value);
                            ^^^^^^^^^^^^^
lib/generated/spacex_api/device/wifi.pb.dart:9912:3: Error: Type '$4.FloatValue' not found.
  $4.FloatValue ensureRepeaterTxRateMbpsMin() => $_ensure(145);
  ^^^^^^^^^^^^^
lib/generated/spacex_api/device/wifi.pb.dart:9915:3: Error: Type '$4.FloatValue' not found.
  $4.FloatValue get repeaterRxRateMbpsMin => $_getN(146);
  ^^^^^^^^^^^^^
lib/generated/spacex_api/device/wifi.pb.dart:9917:29: Error: Type '$4.FloatValue' not found.
  set repeaterRxRateMbpsMin($4.FloatValue value) => $_setField(419, value);
                            ^^^^^^^^^^^^^
lib/generated/spacex_api/device/wifi.pb.dart:9923:3: Error: Type '$4.FloatValue' not found.
  $4.FloatValue ensureRepeaterRxRateMbpsMin() => $_ensure(146);
  ^^^^^^^^^^^^^
lib/generated/spacex_api/device/wifi.pb.dart:9926:3: Error: Type '$4.FloatValue' not found.
  $4.FloatValue get repeaterTxRateMbpsAvg => $_getN(147);
  ^^^^^^^^^^^^^
lib/generated/spacex_api/device/wifi.pb.dart:9928:29: Error: Type '$4.FloatValue' not found.
  set repeaterTxRateMbpsAvg($4.FloatValue value) => $_setField(420, value);
                            ^^^^^^^^^^^^^
lib/generated/spacex_api/device/wifi.pb.dart:9934:3: Error: Type '$4.FloatValue' not found.
  $4.FloatValue ensureRepeaterTxRateMbpsAvg() => $_ensure(147);
  ^^^^^^^^^^^^^
lib/generated/spacex_api/device/wifi.pb.dart:9937:3: Error: Type '$4.FloatValue' not found.
  $4.FloatValue get repeaterRxRateMbpsAvg => $_getN(148);
  ^^^^^^^^^^^^^
lib/generated/spacex_api/device/wifi.pb.dart:9939:29: Error: Type '$4.FloatValue' not found.
  set repeaterRxRateMbpsAvg($4.FloatValue value) => $_setField(421, value);
                            ^^^^^^^^^^^^^
lib/generated/spacex_api/device/wifi.pb.dart:9945:3: Error: Type '$4.FloatValue' not found.
  $4.FloatValue ensureRepeaterRxRateMbpsAvg() => $_ensure(148);
  ^^^^^^^^^^^^^
lib/generated/spacex_api/device/wifi.pb.dart:9948:3: Error: Type '$4.FloatValue' not found.
  $4.FloatValue get repeaterSecondsSince2sOutageMin => $_getN(149);
  ^^^^^^^^^^^^^
lib/generated/spacex_api/device/wifi.pb.dart:9950:39: Error: Type '$4.FloatValue' not found.
  set repeaterSecondsSince2sOutageMin($4.FloatValue value) =>
                                      ^^^^^^^^^^^^^
lib/generated/spacex_api/device/wifi.pb.dart:9957:3: Error: Type '$4.FloatValue' not found.
  $4.FloatValue ensureRepeaterSecondsSince2sOutageMin() => $_ensure(149);
  ^^^^^^^^^^^^^
lib/generated/spacex_api/device/wifi.pb.dart:9960:3: Error: Type '$4.FloatValue' not found.
  $4.FloatValue get repeaterSecondsSince2sOutageAvg => $_getN(150);
  ^^^^^^^^^^^^^
lib/generated/spacex_api/device/wifi.pb.dart:9962:39: Error: Type '$4.FloatValue' not found.
  set repeaterSecondsSince2sOutageAvg($4.FloatValue value) =>
                                      ^^^^^^^^^^^^^
lib/generated/spacex_api/device/wifi.pb.dart:9969:3: Error: Type '$4.FloatValue' not found.
  $4.FloatValue ensureRepeaterSecondsSince2sOutageAvg() => $_ensure(150);
  ^^^^^^^^^^^^^
lib/generated/spacex_api/device/wifi.pb.dart:9972:3: Error: Type '$4.FloatValue' not found.
  $4.FloatValue get repeaterSecondsSince5sOutageMin => $_getN(151);
  ^^^^^^^^^^^^^
lib/generated/spacex_api/device/wifi.pb.dart:9974:39: Error: Type '$4.FloatValue' not found.
  set repeaterSecondsSince5sOutageMin($4.FloatValue value) =>
                                      ^^^^^^^^^^^^^
lib/generated/spacex_api/device/wifi.pb.dart:9981:3: Error: Type '$4.FloatValue' not found.
  $4.FloatValue ensureRepeaterSecondsSince5sOutageMin() => $_ensure(151);
  ^^^^^^^^^^^^^
lib/generated/spacex_api/device/wifi.pb.dart:9984:3: Error: Type '$4.FloatValue' not found.
  $4.FloatValue get repeaterSecondsSince5sOutageAvg => $_getN(152);
  ^^^^^^^^^^^^^
lib/generated/spacex_api/device/wifi.pb.dart:9986:39: Error: Type '$4.FloatValue' not found.
  set repeaterSecondsSince5sOutageAvg($4.FloatValue value) =>
                                      ^^^^^^^^^^^^^
lib/generated/spacex_api/device/wifi.pb.dart:9993:3: Error: Type '$4.FloatValue' not found.
  $4.FloatValue ensureRepeaterSecondsSince5sOutageAvg() => $_ensure(152);
  ^^^^^^^^^^^^^
lib/generated/spacex_api/device/wifi.pb.dart:9996:3: Error: Type '$4.FloatValue' not found.
  $4.FloatValue get repeaterLatencyMs1hMax => $_getN(153);
  ^^^^^^^^^^^^^
lib/generated/spacex_api/device/wifi.pb.dart:9998:30: Error: Type '$4.FloatValue' not found.
  set repeaterLatencyMs1hMax($4.FloatValue value) => $_setField(426, value);
                             ^^^^^^^^^^^^^
lib/generated/spacex_api/device/wifi.pb.dart:10004:3: Error: Type '$4.FloatValue' not found.
  $4.FloatValue ensureRepeaterLatencyMs1hMax() => $_ensure(153);
  ^^^^^^^^^^^^^
lib/generated/spacex_api/device/wifi.pb.dart:10007:3: Error: Type '$4.FloatValue' not found.
  $4.FloatValue get repeaterLatencyMs1hAvg => $_getN(154);
  ^^^^^^^^^^^^^
lib/generated/spacex_api/device/wifi.pb.dart:10009:30: Error: Type '$4.FloatValue' not found.
  set repeaterLatencyMs1hAvg($4.FloatValue value) => $_setField(427, value);
                             ^^^^^^^^^^^^^
lib/generated/spacex_api/device/wifi.pb.dart:10015:3: Error: Type '$4.FloatValue' not found.
  $4.FloatValue ensureRepeaterLatencyMs1hAvg() => $_ensure(154);
  ^^^^^^^^^^^^^
lib/generated/spacex_api/device/wifi.pb.dart:10018:3: Error: Type '$4.UInt32Value' not found.
  $4.UInt32Value get meshTopologyChangeCount1d => $_getN(155);
  ^^^^^^^^^^^^^^
lib/generated/spacex_api/device/wifi.pb.dart:10020:33: Error: Type '$4.UInt32Value' not found.
  set meshTopologyChangeCount1d($4.UInt32Value value) => $_setField(428, value);
                                ^^^^^^^^^^^^^^
lib/generated/spacex_api/device/wifi.pb.dart:10026:3: Error: Type '$4.UInt32Value' not found.
  $4.UInt32Value ensureMeshTopologyChangeCount1d() => $_ensure(155);
  ^^^^^^^^^^^^^^
lib/generated/spacex_api/device/wifi.pb.dart:10029:3: Error: Type '$4.UInt32Value' not found.
  $4.UInt32Value get clients5ghzRxBandwidth20mhz => $_getN(156);
  ^^^^^^^^^^^^^^
lib/generated/spacex_api/device/wifi.pb.dart:10031:35: Error: Type '$4.UInt32Value' not found.
  set clients5ghzRxBandwidth20mhz($4.UInt32Value value) =>
                                  ^^^^^^^^^^^^^^
lib/generated/spacex_api/device/wifi.pb.dart:10038:3: Error: Type '$4.UInt32Value' not found.
  $4.UInt32Value ensureClients5ghzRxBandwidth20mhz() => $_ensure(156);
  ^^^^^^^^^^^^^^
lib/generated/spacex_api/device/wifi.pb.dart:10041:3: Error: Type '$4.UInt32Value' not found.
  $4.UInt32Value get clients5ghzRxBandwidth40mhz => $_getN(157);
  ^^^^^^^^^^^^^^
lib/generated/spacex_api/device/wifi.pb.dart:10043:35: Error: Type '$4.UInt32Value' not found.
  set clients5ghzRxBandwidth40mhz($4.UInt32Value value) =>
                                  ^^^^^^^^^^^^^^
lib/generated/spacex_api/device/wifi.pb.dart:10050:3: Error: Type '$4.UInt32Value' not found.
  $4.UInt32Value ensureClients5ghzRxBandwidth40mhz() => $_ensure(157);
  ^^^^^^^^^^^^^^
lib/generated/spacex_api/device/wifi.pb.dart:10053:3: Error: Type '$4.UInt32Value' not found.
  $4.UInt32Value get clients5ghzRxBandwidth80mhz => $_getN(158);
  ^^^^^^^^^^^^^^
lib/generated/spacex_api/device/wifi.pb.dart:10055:35: Error: Type '$4.UInt32Value' not found.
  set clients5ghzRxBandwidth80mhz($4.UInt32Value value) =>
                                  ^^^^^^^^^^^^^^
lib/generated/spacex_api/device/wifi.pb.dart:10062:3: Error: Type '$4.UInt32Value' not found.
  $4.UInt32Value ensureClients5ghzRxBandwidth80mhz() => $_ensure(158);
  ^^^^^^^^^^^^^^
lib/generated/spacex_api/device/wifi.pb.dart:10065:3: Error: Type '$4.UInt32Value' not found.
  $4.UInt32Value get macExportsSuccessful => $_getN(159);
  ^^^^^^^^^^^^^^
lib/generated/spacex_api/device/wifi.pb.dart:10067:28: Error: Type '$4.UInt32Value' not found.
  set macExportsSuccessful($4.UInt32Value value) => $_setField(432, value);
                           ^^^^^^^^^^^^^^
lib/generated/spacex_api/device/wifi.pb.dart:10073:3: Error: Type '$4.UInt32Value' not found.
  $4.UInt32Value ensureMacExportsSuccessful() => $_ensure(159);
  ^^^^^^^^^^^^^^
lib/generated/spacex_api/device/wifi.pb.dart:10076:3: Error: Type '$4.UInt32Value' not found.
  $4.UInt32Value get macExportsServerConnectErrors => $_getN(160);
  ^^^^^^^^^^^^^^
lib/generated/spacex_api/device/wifi.pb.dart:10078:37: Error: Type '$4.UInt32Value' not found.
  set macExportsServerConnectErrors($4.UInt32Value value) =>
                                    ^^^^^^^^^^^^^^
lib/generated/spacex_api/device/wifi.pb.dart:10085:3: Error: Type '$4.UInt32Value' not found.
  $4.UInt32Value ensureMacExportsServerConnectErrors() => $_ensure(160);
  ^^^^^^^^^^^^^^
lib/generated/spacex_api/device/wifi.pb.dart:10088:3: Error: Type '$4.UInt32Value' not found.
  $4.UInt32Value get macExportsServerSendErrors => $_getN(161);
  ^^^^^^^^^^^^^^
lib/generated/spacex_api/device/wifi.pb.dart:10090:34: Error: Type '$4.UInt32Value' not found.
  set macExportsServerSendErrors($4.UInt32Value value) =>
                                 ^^^^^^^^^^^^^^
lib/generated/spacex_api/device/wifi.pb.dart:10097:3: Error: Type '$4.UInt32Value' not found.
  $4.UInt32Value ensureMacExportsServerSendErrors() => $_ensure(161);
  ^^^^^^^^^^^^^^
lib/generated/spacex_api/device/wifi.pb.dart:10100:3: Error: Type '$4.FloatValue' not found.
  $4.FloatValue get pingSecondsSinceLast1sOutage => $_getN(162);
  ^^^^^^^^^^^^^
lib/generated/spacex_api/device/wifi.pb.dart:10102:36: Error: Type '$4.FloatValue' not found.
  set pingSecondsSinceLast1sOutage($4.FloatValue value) =>
                                   ^^^^^^^^^^^^^
lib/generated/spacex_api/device/wifi.pb.dart:10109:3: Error: Type '$4.FloatValue' not found.
  $4.FloatValue ensurePingSecondsSinceLast1sOutage() => $_ensure(162);
  ^^^^^^^^^^^^^
lib/generated/spacex_api/device/wifi.pb.dart:10112:3: Error: Type '$4.FloatValue' not found.
  $4.FloatValue get pingSecondsSinceLast2sOutage => $_getN(163);
  ^^^^^^^^^^^^^
lib/generated/spacex_api/device/wifi.pb.dart:10114:36: Error: Type '$4.FloatValue' not found.
  set pingSecondsSinceLast2sOutage($4.FloatValue value) =>
                                   ^^^^^^^^^^^^^
lib/generated/spacex_api/device/wifi.pb.dart:10121:3: Error: Type '$4.FloatValue' not found.
  $4.FloatValue ensurePingSecondsSinceLast2sOutage() => $_ensure(163);
  ^^^^^^^^^^^^^
lib/generated/spacex_api/device/wifi.pb.dart:10124:3: Error: Type '$4.FloatValue' not found.
  $4.FloatValue get pingSecondsSinceLast5sOutage => $_getN(164);
  ^^^^^^^^^^^^^
lib/generated/spacex_api/device/wifi.pb.dart:10126:36: Error: Type '$4.FloatValue' not found.
  set pingSecondsSinceLast5sOutage($4.FloatValue value) =>
                                   ^^^^^^^^^^^^^
lib/generated/spacex_api/device/wifi.pb.dart:10133:3: Error: Type '$4.FloatValue' not found.
  $4.FloatValue ensurePingSecondsSinceLast5sOutage() => $_ensure(164);
  ^^^^^^^^^^^^^
lib/generated/spacex_api/device/wifi.pb.dart:10136:3: Error: Type '$4.FloatValue' not found.
  $4.FloatValue get pingSecondsSinceLast60sOutage => $_getN(165);
  ^^^^^^^^^^^^^
lib/generated/spacex_api/device/wifi.pb.dart:10138:37: Error: Type '$4.FloatValue' not found.
  set pingSecondsSinceLast60sOutage($4.FloatValue value) =>
                                    ^^^^^^^^^^^^^
lib/generated/spacex_api/device/wifi.pb.dart:10145:3: Error: Type '$4.FloatValue' not found.
  $4.FloatValue ensurePingSecondsSinceLast60sOutage() => $_ensure(165);
  ^^^^^^^^^^^^^
lib/generated/spacex_api/device/wifi.pb.dart:10148:3: Error: Type '$4.FloatValue' not found.
  $4.FloatValue get pingSecondsSinceLast300sOutage => $_getN(166);
  ^^^^^^^^^^^^^
lib/generated/spacex_api/device/wifi.pb.dart:10150:38: Error: Type '$4.FloatValue' not found.
  set pingSecondsSinceLast300sOutage($4.FloatValue value) =>
                                     ^^^^^^^^^^^^^
lib/generated/spacex_api/device/wifi.pb.dart:10157:3: Error: Type '$4.FloatValue' not found.
  $4.FloatValue ensurePingSecondsSinceLast300sOutage() => $_ensure(166);
  ^^^^^^^^^^^^^
lib/generated/spacex_api/device/wifi.pb.dart:10160:3: Error: Type '$4.FloatValue' not found.
  $4.FloatValue get pingDropRate => $_getN(167);
  ^^^^^^^^^^^^^
lib/generated/spacex_api/device/wifi.pb.dart:10162:20: Error: Type '$4.FloatValue' not found.
  set pingDropRate($4.FloatValue value) => $_setField(605, value);
                   ^^^^^^^^^^^^^
lib/generated/spacex_api/device/wifi.pb.dart:10168:3: Error: Type '$4.FloatValue' not found.
  $4.FloatValue ensurePingDropRate() => $_ensure(167);
  ^^^^^^^^^^^^^
lib/generated/spacex_api/device/wifi.pb.dart:10171:3: Error: Type '$4.FloatValue' not found.
  $4.FloatValue get pingDropRateLast1h => $_getN(168);
  ^^^^^^^^^^^^^
lib/generated/spacex_api/device/wifi.pb.dart:10173:26: Error: Type '$4.FloatValue' not found.
  set pingDropRateLast1h($4.FloatValue value) => $_setField(606, value);
                         ^^^^^^^^^^^^^
lib/generated/spacex_api/device/wifi.pb.dart:10179:3: Error: Type '$4.FloatValue' not found.
  $4.FloatValue ensurePingDropRateLast1h() => $_ensure(168);
  ^^^^^^^^^^^^^
lib/generated/spacex_api/device/wifi.pb.dart:10182:3: Error: Type '$4.FloatValue' not found.
  $4.FloatValue get pingLatency => $_getN(169);
  ^^^^^^^^^^^^^
lib/generated/spacex_api/device/wifi.pb.dart:10184:19: Error: Type '$4.FloatValue' not found.
  set pingLatency($4.FloatValue value) => $_setField(607, value);
                  ^^^^^^^^^^^^^
lib/generated/spacex_api/device/wifi.pb.dart:10190:3: Error: Type '$4.FloatValue' not found.
  $4.FloatValue ensurePingLatency() => $_ensure(169);
  ^^^^^^^^^^^^^
lib/generated/spacex_api/device/wifi.pb.dart:10193:3: Error: Type '$4.FloatValue' not found.
  $4.FloatValue get pingDishSecondsSinceLast1sOutage => $_getN(170);
  ^^^^^^^^^^^^^
lib/generated/spacex_api/device/wifi.pb.dart:10195:40: Error: Type '$4.FloatValue' not found.
  set pingDishSecondsSinceLast1sOutage($4.FloatValue value) =>
                                       ^^^^^^^^^^^^^
lib/generated/spacex_api/device/wifi.pb.dart:10202:3: Error: Type '$4.FloatValue' not found.
  $4.FloatValue ensurePingDishSecondsSinceLast1sOutage() => $_ensure(170);
  ^^^^^^^^^^^^^
lib/generated/spacex_api/device/wifi.pb.dart:10205:3: Error: Type '$4.FloatValue' not found.
  $4.FloatValue get pingDishSecondsSinceLast2sOutage => $_getN(171);
  ^^^^^^^^^^^^^
lib/generated/spacex_api/device/wifi.pb.dart:10207:40: Error: Type '$4.FloatValue' not found.
  set pingDishSecondsSinceLast2sOutage($4.FloatValue value) =>
                                       ^^^^^^^^^^^^^
lib/generated/spacex_api/device/wifi.pb.dart:10214:3: Error: Type '$4.FloatValue' not found.
  $4.FloatValue ensurePingDishSecondsSinceLast2sOutage() => $_ensure(171);
  ^^^^^^^^^^^^^
lib/generated/spacex_api/device/wifi.pb.dart:10217:3: Error: Type '$4.FloatValue' not found.
  $4.FloatValue get pingDishSecondsSinceLast5sOutage => $_getN(172);
  ^^^^^^^^^^^^^
lib/generated/spacex_api/device/wifi.pb.dart:10219:40: Error: Type '$4.FloatValue' not found.
  set pingDishSecondsSinceLast5sOutage($4.FloatValue value) =>
                                       ^^^^^^^^^^^^^
lib/generated/spacex_api/device/wifi.pb.dart:10226:3: Error: Type '$4.FloatValue' not found.
  $4.FloatValue ensurePingDishSecondsSinceLast5sOutage() => $_ensure(172);
  ^^^^^^^^^^^^^
lib/generated/spacex_api/device/wifi.pb.dart:10229:3: Error: Type '$4.FloatValue' not found.
  $4.FloatValue get pingDishSecondsSinceLast60sOutage => $_getN(173);
  ^^^^^^^^^^^^^
lib/generated/spacex_api/device/wifi.pb.dart:10231:41: Error: Type '$4.FloatValue' not found.
  set pingDishSecondsSinceLast60sOutage($4.FloatValue value) =>
                                        ^^^^^^^^^^^^^
lib/generated/spacex_api/device/wifi.pb.dart:10238:3: Error: Type '$4.FloatValue' not found.
  $4.FloatValue ensurePingDishSecondsSinceLast60sOutage() => $_ensure(173);
  ^^^^^^^^^^^^^
lib/generated/spacex_api/device/wifi.pb.dart:10241:3: Error: Type '$4.FloatValue' not found.
  $4.FloatValue get pingDishSecondsSinceLast300sOutage => $_getN(174);
  ^^^^^^^^^^^^^
lib/generated/spacex_api/device/wifi.pb.dart:10243:42: Error: Type '$4.FloatValue' not found.
  set pingDishSecondsSinceLast300sOutage($4.FloatValue value) =>
                                         ^^^^^^^^^^^^^
lib/generated/spacex_api/device/wifi.pb.dart:10250:3: Error: Type '$4.FloatValue' not found.
  $4.FloatValue ensurePingDishSecondsSinceLast300sOutage() => $_ensure(174);
  ^^^^^^^^^^^^^
lib/generated/spacex_api/device/wifi.pb.dart:10253:3: Error: Type '$4.FloatValue' not found.
  $4.FloatValue get pingDishDropRate => $_getN(175);
  ^^^^^^^^^^^^^
lib/generated/spacex_api/device/wifi.pb.dart:10255:24: Error: Type '$4.FloatValue' not found.
  set pingDishDropRate($4.FloatValue value) => $_setField(615, value);
                       ^^^^^^^^^^^^^
lib/generated/spacex_api/device/wifi.pb.dart:10261:3: Error: Type '$4.FloatValue' not found.
  $4.FloatValue ensurePingDishDropRate() => $_ensure(175);
  ^^^^^^^^^^^^^
lib/generated/spacex_api/device/wifi.pb.dart:10264:3: Error: Type '$4.FloatValue' not found.
  $4.FloatValue get pingDishDropRateLast1h => $_getN(176);
  ^^^^^^^^^^^^^
lib/generated/spacex_api/device/wifi.pb.dart:10266:30: Error: Type '$4.FloatValue' not found.
  set pingDishDropRateLast1h($4.FloatValue value) => $_setField(616, value);
                             ^^^^^^^^^^^^^
lib/generated/spacex_api/device/wifi.pb.dart:10272:3: Error: Type '$4.FloatValue' not found.
  $4.FloatValue ensurePingDishDropRateLast1h() => $_ensure(176);
  ^^^^^^^^^^^^^
lib/generated/spacex_api/device/wifi.pb.dart:10275:3: Error: Type '$4.FloatValue' not found.
  $4.FloatValue get pingDishLatency => $_getN(177);
  ^^^^^^^^^^^^^
lib/generated/spacex_api/device/wifi.pb.dart:10277:23: Error: Type '$4.FloatValue' not found.
  set pingDishLatency($4.FloatValue value) => $_setField(617, value);
                      ^^^^^^^^^^^^^
lib/generated/spacex_api/device/wifi.pb.dart:10283:3: Error: Type '$4.FloatValue' not found.
  $4.FloatValue ensurePingDishLatency() => $_ensure(177);
  ^^^^^^^^^^^^^
lib/generated/spacex_api/device/wifi.pb.dart:10286:3: Error: Type '$4.FloatValue' not found.
  $4.FloatValue get pingLatencyLast1h => $_getN(178);
  ^^^^^^^^^^^^^
lib/generated/spacex_api/device/wifi.pb.dart:10288:25: Error: Type '$4.FloatValue' not found.
  set pingLatencyLast1h($4.FloatValue value) => $_setField(618, value);
                        ^^^^^^^^^^^^^
lib/generated/spacex_api/device/wifi.pb.dart:10294:3: Error: Type '$4.FloatValue' not found.
  $4.FloatValue ensurePingLatencyLast1h() => $_ensure(178);
  ^^^^^^^^^^^^^
lib/generated/spacex_api/device/wifi.pb.dart:10297:3: Error: Type '$4.FloatValue' not found.
  $4.FloatValue get pingDishLatencyLast1h => $_getN(179);
  ^^^^^^^^^^^^^
lib/generated/spacex_api/device/wifi.pb.dart:10299:29: Error: Type '$4.FloatValue' not found.
  set pingDishLatencyLast1h($4.FloatValue value) => $_setField(619, value);
                            ^^^^^^^^^^^^^
lib/generated/spacex_api/device/wifi.pb.dart:10305:3: Error: Type '$4.FloatValue' not found.
  $4.FloatValue ensurePingDishLatencyLast1h() => $_ensure(179);
  ^^^^^^^^^^^^^
lib/generated/spacex_api/device/wifi.pb.dart:10308:3: Error: Type '$4.FloatValue' not found.
  $4.FloatValue get pingPopIpv6DropRateLast1h => $_getN(180);
  ^^^^^^^^^^^^^
lib/generated/spacex_api/device/wifi.pb.dart:10310:33: Error: Type '$4.FloatValue' not found.
  set pingPopIpv6DropRateLast1h($4.FloatValue value) => $_setField(621, value);
                                ^^^^^^^^^^^^^
lib/generated/spacex_api/device/wifi.pb.dart:10316:3: Error: Type '$4.FloatValue' not found.
  $4.FloatValue ensurePingPopIpv6DropRateLast1h() => $_ensure(180);
  ^^^^^^^^^^^^^
lib/generated/spacex_api/device/wifi.pb.dart:10319:3: Error: Type '$4.FloatValue' not found.
  $4.FloatValue get pingPopIpv6LatencyLast1h => $_getN(181);
  ^^^^^^^^^^^^^
lib/generated/spacex_api/device/wifi.pb.dart:10321:32: Error: Type '$4.FloatValue' not found.
  set pingPopIpv6LatencyLast1h($4.FloatValue value) => $_setField(623, value);
                               ^^^^^^^^^^^^^
lib/generated/spacex_api/device/wifi.pb.dart:10327:3: Error: Type '$4.FloatValue' not found.
  $4.FloatValue ensurePingPopIpv6LatencyLast1h() => $_ensure(181);
  ^^^^^^^^^^^^^
lib/generated/spacex_api/device/wifi.pb.dart:10330:3: Error: Type '$4.FloatValue' not found.
  $4.FloatValue get clientSpeedtestRouterDownloadMbps => $_getN(182);
  ^^^^^^^^^^^^^
lib/generated/spacex_api/device/wifi.pb.dart:10332:41: Error: Type '$4.FloatValue' not found.
  set clientSpeedtestRouterDownloadMbps($4.FloatValue value) =>
                                        ^^^^^^^^^^^^^
lib/generated/spacex_api/device/wifi.pb.dart:10339:3: Error: Type '$4.FloatValue' not found.
  $4.FloatValue ensureClientSpeedtestRouterDownloadMbps() => $_ensure(182);
  ^^^^^^^^^^^^^
lib/generated/spacex_api/device/wifi.pb.dart:10342:3: Error: Type '$4.FloatValue' not found.
  $4.FloatValue get clientSpeedtestRouterUploadMbps => $_getN(183);
  ^^^^^^^^^^^^^
lib/generated/spacex_api/device/wifi.pb.dart:10344:39: Error: Type '$4.FloatValue' not found.
  set clientSpeedtestRouterUploadMbps($4.FloatValue value) =>
                                      ^^^^^^^^^^^^^
lib/generated/spacex_api/device/wifi.pb.dart:10351:3: Error: Type '$4.FloatValue' not found.
  $4.FloatValue ensureClientSpeedtestRouterUploadMbps() => $_ensure(183);
  ^^^^^^^^^^^^^
lib/generated/spacex_api/device/wifi.pb.dart:10354:3: Error: Type '$4.FloatValue' not found.
  $4.FloatValue get clientSpeedtestRouterRssi => $_getN(184);
  ^^^^^^^^^^^^^
lib/generated/spacex_api/device/wifi.pb.dart:10356:33: Error: Type '$4.FloatValue' not found.
  set clientSpeedtestRouterRssi($4.FloatValue value) => $_setField(702, value);
                                ^^^^^^^^^^^^^
lib/generated/spacex_api/device/wifi.pb.dart:10362:3: Error: Type '$4.FloatValue' not found.
  $4.FloatValue ensureClientSpeedtestRouterRssi() => $_ensure(184);
  ^^^^^^^^^^^^^
lib/generated/spacex_api/device/wifi.pb.dart:10365:3: Error: Type '$4.FloatValue' not found.
  $4.FloatValue get clientSpeedtestWifiDownloadMbps => $_getN(185);
  ^^^^^^^^^^^^^
lib/generated/spacex_api/device/wifi.pb.dart:10367:39: Error: Type '$4.FloatValue' not found.
  set clientSpeedtestWifiDownloadMbps($4.FloatValue value) =>
                                      ^^^^^^^^^^^^^
lib/generated/spacex_api/device/wifi.pb.dart:10374:3: Error: Type '$4.FloatValue' not found.
  $4.FloatValue ensureClientSpeedtestWifiDownloadMbps() => $_ensure(185);
  ^^^^^^^^^^^^^
lib/generated/spacex_api/device/wifi.pb.dart:10377:3: Error: Type '$4.FloatValue' not found.
  $4.FloatValue get clientSpeedtestWifiUploadMbps => $_getN(186);
  ^^^^^^^^^^^^^
lib/generated/spacex_api/device/wifi.pb.dart:10379:37: Error: Type '$4.FloatValue' not found.
  set clientSpeedtestWifiUploadMbps($4.FloatValue value) =>
                                    ^^^^^^^^^^^^^
lib/generated/spacex_api/device/wifi.pb.dart:10386:3: Error: Type '$4.FloatValue' not found.
  $4.FloatValue ensureClientSpeedtestWifiUploadMbps() => $_ensure(186);
  ^^^^^^^^^^^^^
lib/generated/spacex_api/device/wifi.pb.dart:10389:3: Error: Type '$4.FloatValue' not found.
  $4.FloatValue get clientSpeedtestClientDownloadMbps => $_getN(187);
  ^^^^^^^^^^^^^
lib/generated/spacex_api/device/wifi.pb.dart:10391:41: Error: Type '$4.FloatValue' not found.
  set clientSpeedtestClientDownloadMbps($4.FloatValue value) =>
                                        ^^^^^^^^^^^^^
lib/generated/spacex_api/device/wifi.pb.dart:10398:3: Error: Type '$4.FloatValue' not found.
  $4.FloatValue ensureClientSpeedtestClientDownloadMbps() => $_ensure(187);
  ^^^^^^^^^^^^^
lib/generated/spacex_api/device/wifi.pb.dart:10401:3: Error: Type '$4.FloatValue' not found.
  $4.FloatValue get clientSpeedtestClientUploadMbps => $_getN(188);
  ^^^^^^^^^^^^^
lib/generated/spacex_api/device/wifi.pb.dart:10403:39: Error: Type '$4.FloatValue' not found.
  set clientSpeedtestClientUploadMbps($4.FloatValue value) =>
                                      ^^^^^^^^^^^^^
lib/generated/spacex_api/device/wifi.pb.dart:10410:3: Error: Type '$4.FloatValue' not found.
  $4.FloatValue ensureClientSpeedtestClientUploadMbps() => $_ensure(188);
  ^^^^^^^^^^^^^
lib/generated/spacex_api/device/wifi.pb.dart:10413:3: Error: Type '$4.FloatValue' not found.
  $4.FloatValue get clientSpeedtestClientRssi => $_getN(189);
  ^^^^^^^^^^^^^
lib/generated/spacex_api/device/wifi.pb.dart:10415:33: Error: Type '$4.FloatValue' not found.
  set clientSpeedtestClientRssi($4.FloatValue value) => $_setField(707, value);
                                ^^^^^^^^^^^^^
lib/generated/spacex_api/device/wifi.pb.dart:10421:3: Error: Type '$4.FloatValue' not found.
  $4.FloatValue ensureClientSpeedtestClientRssi() => $_ensure(189);
  ^^^^^^^^^^^^^
lib/generated/spacex_api/device/wifi.pb.dart:10424:3: Error: Type '$4.UInt32Value' not found.
  $4.UInt32Value get clientSpeedtestClientIface => $_getN(190);
  ^^^^^^^^^^^^^^
lib/generated/spacex_api/device/wifi.pb.dart:10426:34: Error: Type '$4.UInt32Value' not found.
  set clientSpeedtestClientIface($4.UInt32Value value) =>
                                 ^^^^^^^^^^^^^^
lib/generated/spacex_api/device/wifi.pb.dart:10433:3: Error: Type '$4.UInt32Value' not found.
  $4.UInt32Value ensureClientSpeedtestClientIface() => $_ensure(190);
  ^^^^^^^^^^^^^^
lib/generated/spacex_api/device/wifi.pb.dart:10436:3: Error: Type '$4.StringValue' not found.
  $4.StringValue get clientSpeedtestClientOui => $_getN(191);
  ^^^^^^^^^^^^^^
lib/generated/spacex_api/device/wifi.pb.dart:10438:32: Error: Type '$4.StringValue' not found.
  set clientSpeedtestClientOui($4.StringValue value) => $_setField(709, value);
                               ^^^^^^^^^^^^^^
lib/generated/spacex_api/device/wifi.pb.dart:10444:3: Error: Type '$4.StringValue' not found.
  $4.StringValue ensureClientSpeedtestClientOui() => $_ensure(191);
  ^^^^^^^^^^^^^^
lib/generated/spacex_api/device/wifi.pb.dart:10447:3: Error: Type '$4.UInt32Value' not found.
  $4.UInt32Value get clientSpeedtestClientTxRate => $_getN(192);
  ^^^^^^^^^^^^^^
lib/generated/spacex_api/device/wifi.pb.dart:10449:35: Error: Type '$4.UInt32Value' not found.
  set clientSpeedtestClientTxRate($4.UInt32Value value) =>
                                  ^^^^^^^^^^^^^^
lib/generated/spacex_api/device/wifi.pb.dart:10456:3: Error: Type '$4.UInt32Value' not found.
  $4.UInt32Value ensureClientSpeedtestClientTxRate() => $_ensure(192);
  ^^^^^^^^^^^^^^
lib/generated/spacex_api/device/wifi.pb.dart:10459:3: Error: Type '$4.UInt32Value' not found.
  $4.UInt32Value get clientSpeedtestClientRxRate => $_getN(193);
  ^^^^^^^^^^^^^^
lib/generated/spacex_api/device/wifi.pb.dart:10461:35: Error: Type '$4.UInt32Value' not found.
  set clientSpeedtestClientRxRate($4.UInt32Value value) =>
                                  ^^^^^^^^^^^^^^
lib/generated/spacex_api/device/wifi.pb.dart:10468:3: Error: Type '$4.UInt32Value' not found.
  $4.UInt32Value ensureClientSpeedtestClientRxRate() => $_ensure(193);
  ^^^^^^^^^^^^^^
lib/generated/spacex_api/device/wifi.pb.dart:10471:3: Error: Type '$4.UInt32Value' not found.
  $4.UInt32Value get clientSpeedtestClientPlatformType => $_getN(194);
  ^^^^^^^^^^^^^^
lib/generated/spacex_api/device/wifi.pb.dart:10473:41: Error: Type '$4.UInt32Value' not found.
  set clientSpeedtestClientPlatformType($4.UInt32Value value) =>
                                        ^^^^^^^^^^^^^^
lib/generated/spacex_api/device/wifi.pb.dart:10480:3: Error: Type '$4.UInt32Value' not found.
  $4.UInt32Value ensureClientSpeedtestClientPlatformType() => $_ensure(194);
  ^^^^^^^^^^^^^^
lib/generated/spacex_api/device/wifi.pb.dart:10483:3: Error: Type '$4.FloatValue' not found.
  $4.FloatValue get speedtestTcp8DownloadMbpsAvg => $_getN(195);
  ^^^^^^^^^^^^^
lib/generated/spacex_api/device/wifi.pb.dart:10485:36: Error: Type '$4.FloatValue' not found.
  set speedtestTcp8DownloadMbpsAvg($4.FloatValue value) =>
                                   ^^^^^^^^^^^^^
lib/generated/spacex_api/device/wifi.pb.dart:10492:3: Error: Type '$4.FloatValue' not found.
  $4.FloatValue ensureSpeedtestTcp8DownloadMbpsAvg() => $_ensure(195);
  ^^^^^^^^^^^^^
lib/generated/spacex_api/device/wifi.pb.dart:10495:3: Error: Type '$4.FloatValue' not found.
  $4.FloatValue get speedtestTcp8DownloadMbpsMax => $_getN(196);
  ^^^^^^^^^^^^^
lib/generated/spacex_api/device/wifi.pb.dart:10497:36: Error: Type '$4.FloatValue' not found.
  set speedtestTcp8DownloadMbpsMax($4.FloatValue value) =>
                                   ^^^^^^^^^^^^^
lib/generated/spacex_api/device/wifi.pb.dart:10504:3: Error: Type '$4.FloatValue' not found.
  $4.FloatValue ensureSpeedtestTcp8DownloadMbpsMax() => $_ensure(196);
  ^^^^^^^^^^^^^
lib/generated/spacex_api/device/wifi.pb.dart:10507:3: Error: Type '$4.FloatValue' not found.
  $4.FloatValue get speedtestTcp8UploadMbpsAvg => $_getN(197);
  ^^^^^^^^^^^^^
lib/generated/spacex_api/device/wifi.pb.dart:10509:34: Error: Type '$4.FloatValue' not found.
  set speedtestTcp8UploadMbpsAvg($4.FloatValue value) => $_setField(802, value);
                                 ^^^^^^^^^^^^^
lib/generated/spacex_api/device/wifi.pb.dart:10515:3: Error: Type '$4.FloatValue' not found.
  $4.FloatValue ensureSpeedtestTcp8UploadMbpsAvg() => $_ensure(197);
  ^^^^^^^^^^^^^
lib/generated/spacex_api/device/wifi.pb.dart:10518:3: Error: Type '$4.FloatValue' not found.
  $4.FloatValue get speedtestTcp8UploadMbpsMax => $_getN(198);
  ^^^^^^^^^^^^^
lib/generated/spacex_api/device/wifi.pb.dart:10520:34: Error: Type '$4.FloatValue' not found.
  set speedtestTcp8UploadMbpsMax($4.FloatValue value) => $_setField(803, value);
                                 ^^^^^^^^^^^^^
lib/generated/spacex_api/device/wifi.pb.dart:10526:3: Error: Type '$4.FloatValue' not found.
  $4.FloatValue ensureSpeedtestTcp8UploadMbpsMax() => $_ensure(198);
  ^^^^^^^^^^^^^
lib/generated/spacex_api/device/wifi.pb.dart:10529:3: Error: Type '$4.FloatValue' not found.
  $4.FloatValue get speedtestTcp64DownloadMbpsAvg => $_getN(199);
  ^^^^^^^^^^^^^
lib/generated/spacex_api/device/wifi.pb.dart:10531:37: Error: Type '$4.FloatValue' not found.
  set speedtestTcp64DownloadMbpsAvg($4.FloatValue value) =>
                                    ^^^^^^^^^^^^^
lib/generated/spacex_api/device/wifi.pb.dart:10538:3: Error: Type '$4.FloatValue' not found.
  $4.FloatValue ensureSpeedtestTcp64DownloadMbpsAvg() => $_ensure(199);
  ^^^^^^^^^^^^^
lib/generated/spacex_api/device/wifi.pb.dart:10541:3: Error: Type '$4.FloatValue' not found.
  $4.FloatValue get speedtestTcp64DownloadMbpsMax => $_getN(200);
  ^^^^^^^^^^^^^
lib/generated/spacex_api/device/wifi.pb.dart:10543:37: Error: Type '$4.FloatValue' not found.
  set speedtestTcp64DownloadMbpsMax($4.FloatValue value) =>
                                    ^^^^^^^^^^^^^
lib/generated/spacex_api/device/wifi.pb.dart:10550:3: Error: Type '$4.FloatValue' not found.
  $4.FloatValue ensureSpeedtestTcp64DownloadMbpsMax() => $_ensure(200);
  ^^^^^^^^^^^^^
lib/generated/spacex_api/device/wifi.pb.dart:10553:3: Error: Type '$4.FloatValue' not found.
  $4.FloatValue get speedtestTcp64UploadMbpsAvg => $_getN(201);
  ^^^^^^^^^^^^^
lib/generated/spacex_api/device/wifi.pb.dart:10555:35: Error: Type '$4.FloatValue' not found.
  set speedtestTcp64UploadMbpsAvg($4.FloatValue value) =>
                                  ^^^^^^^^^^^^^
lib/generated/spacex_api/device/wifi.pb.dart:10562:3: Error: Type '$4.FloatValue' not found.
  $4.FloatValue ensureSpeedtestTcp64UploadMbpsAvg() => $_ensure(201);
  ^^^^^^^^^^^^^
lib/generated/spacex_api/device/wifi.pb.dart:10565:3: Error: Type '$4.FloatValue' not found.
  $4.FloatValue get speedtestTcp64UploadMbpsMax => $_getN(202);
  ^^^^^^^^^^^^^
lib/generated/spacex_api/device/wifi.pb.dart:10567:35: Error: Type '$4.FloatValue' not found.
  set speedtestTcp64UploadMbpsMax($4.FloatValue value) =>
                                  ^^^^^^^^^^^^^
lib/generated/spacex_api/device/wifi.pb.dart:10574:3: Error: Type '$4.FloatValue' not found.
  $4.FloatValue ensureSpeedtestTcp64UploadMbpsMax() => $_ensure(202);
  ^^^^^^^^^^^^^
lib/generated/spacex_api/device/wifi.pb.dart:10577:3: Error: Type '$4.FloatValue' not found.
  $4.FloatValue get speedtestTcp1DownloadMbpsAvg => $_getN(203);
  ^^^^^^^^^^^^^
lib/generated/spacex_api/device/wifi.pb.dart:10579:36: Error: Type '$4.FloatValue' not found.
  set speedtestTcp1DownloadMbpsAvg($4.FloatValue value) =>
                                   ^^^^^^^^^^^^^
lib/generated/spacex_api/device/wifi.pb.dart:10586:3: Error: Type '$4.FloatValue' not found.
  $4.FloatValue ensureSpeedtestTcp1DownloadMbpsAvg() => $_ensure(203);
  ^^^^^^^^^^^^^
lib/generated/spacex_api/device/wifi.pb.dart:10589:3: Error: Type '$4.FloatValue' not found.
  $4.FloatValue get speedtestTcp1DownloadMbpsMax => $_getN(204);
  ^^^^^^^^^^^^^
lib/generated/spacex_api/device/wifi.pb.dart:10591:36: Error: Type '$4.FloatValue' not found.
  set speedtestTcp1DownloadMbpsMax($4.FloatValue value) =>
                                   ^^^^^^^^^^^^^
lib/generated/spacex_api/device/wifi.pb.dart:10598:3: Error: Type '$4.FloatValue' not found.
  $4.FloatValue ensureSpeedtestTcp1DownloadMbpsMax() => $_ensure(204);
  ^^^^^^^^^^^^^
lib/generated/spacex_api/device/wifi.pb.dart:10601:3: Error: Type '$4.FloatValue' not found.
  $4.FloatValue get speedtestTcp1UploadMbpsAvg => $_getN(205);
  ^^^^^^^^^^^^^
lib/generated/spacex_api/device/wifi.pb.dart:10603:34: Error: Type '$4.FloatValue' not found.
  set speedtestTcp1UploadMbpsAvg($4.FloatValue value) => $_setField(810, value);
                                 ^^^^^^^^^^^^^
lib/generated/spacex_api/device/wifi.pb.dart:10609:3: Error: Type '$4.FloatValue' not found.
  $4.FloatValue ensureSpeedtestTcp1UploadMbpsAvg() => $_ensure(205);
  ^^^^^^^^^^^^^
lib/generated/spacex_api/device/wifi.pb.dart:10612:3: Error: Type '$4.FloatValue' not found.
  $4.FloatValue get speedtestTcp1UploadMbpsMax => $_getN(206);
  ^^^^^^^^^^^^^
lib/generated/spacex_api/device/wifi.pb.dart:10614:34: Error: Type '$4.FloatValue' not found.
  set speedtestTcp1UploadMbpsMax($4.FloatValue value) => $_setField(811, value);
                                 ^^^^^^^^^^^^^
lib/generated/spacex_api/device/wifi.pb.dart:10620:3: Error: Type '$4.FloatValue' not found.
  $4.FloatValue ensureSpeedtestTcp1UploadMbpsMax() => $_ensure(206);
  ^^^^^^^^^^^^^
lib/generated/spacex_api/device/wifi.pb.dart:10623:3: Error: Type '$4.FloatValue' not found.
  $4.FloatValue get speedtestTcp8DownloadMeanTcpConnectTime => $_getN(207);
  ^^^^^^^^^^^^^
lib/generated/spacex_api/device/wifi.pb.dart:10625:47: Error: Type '$4.FloatValue' not found.
  set speedtestTcp8DownloadMeanTcpConnectTime($4.FloatValue value) =>
                                              ^^^^^^^^^^^^^
lib/generated/spacex_api/device/wifi.pb.dart:10632:3: Error: Type '$4.FloatValue' not found.
  $4.FloatValue ensureSpeedtestTcp8DownloadMeanTcpConnectTime() =>
  ^^^^^^^^^^^^^
lib/generated/spacex_api/device/wifi.pb.dart:10636:3: Error: Type '$4.FloatValue' not found.
  $4.FloatValue get speedtestTcp8UploadMeanTcpConnectTime => $_getN(208);
  ^^^^^^^^^^^^^
lib/generated/spacex_api/device/wifi.pb.dart:10638:45: Error: Type '$4.FloatValue' not found.
  set speedtestTcp8UploadMeanTcpConnectTime($4.FloatValue value) =>
                                            ^^^^^^^^^^^^^
lib/generated/spacex_api/device/wifi.pb.dart:10645:3: Error: Type '$4.FloatValue' not found.
  $4.FloatValue ensureSpeedtestTcp8UploadMeanTcpConnectTime() => $_ensure(208);
  ^^^^^^^^^^^^^
lib/generated/spacex_api/device/wifi.pb.dart:10656:3: Error: Type '$4.FloatValue' not found.
  $4.FloatValue get speedtestTcp1DownloadMeanTcpConnectTime => $_getN(211);
  ^^^^^^^^^^^^^
lib/generated/spacex_api/device/wifi.pb.dart:10658:47: Error: Type '$4.FloatValue' not found.
  set speedtestTcp1DownloadMeanTcpConnectTime($4.FloatValue value) =>
                                              ^^^^^^^^^^^^^
lib/generated/spacex_api/device/wifi.pb.dart:10665:3: Error: Type '$4.FloatValue' not found.
  $4.FloatValue ensureSpeedtestTcp1DownloadMeanTcpConnectTime() =>
  ^^^^^^^^^^^^^
lib/generated/spacex_api/device/wifi.pb.dart:10669:3: Error: Type '$4.FloatValue' not found.
  $4.FloatValue get speedtestTcp1UploadMeanTcpConnectTime => $_getN(212);
  ^^^^^^^^^^^^^
lib/generated/spacex_api/device/wifi.pb.dart:10671:45: Error: Type '$4.FloatValue' not found.
  set speedtestTcp1UploadMeanTcpConnectTime($4.FloatValue value) =>
                                            ^^^^^^^^^^^^^
lib/generated/spacex_api/device/wifi.pb.dart:10678:3: Error: Type '$4.FloatValue' not found.
  $4.FloatValue ensureSpeedtestTcp1UploadMeanTcpConnectTime() => $_ensure(212);
  ^^^^^^^^^^^^^
lib/generated/spacex_api/device/wifi.pb.dart:10689:3: Error: Type '$4.UInt32Value' not found.
  $4.UInt32Value get dishCellId => $_getN(215);
  ^^^^^^^^^^^^^^
lib/generated/spacex_api/device/wifi.pb.dart:10691:18: Error: Type '$4.UInt32Value' not found.
  set dishCellId($4.UInt32Value value) => $_setField(900, value);
                 ^^^^^^^^^^^^^^
lib/generated/spacex_api/device/wifi.pb.dart:10697:3: Error: Type '$4.UInt32Value' not found.
  $4.UInt32Value ensureDishCellId() => $_ensure(215);
  ^^^^^^^^^^^^^^
lib/generated/spacex_api/device/wifi.pb.dart:10700:3: Error: Type '$4.BoolValue' not found.
  $4.BoolValue get configSetupComplete => $_getN(216);
  ^^^^^^^^^^^^
lib/generated/spacex_api/device/wifi.pb.dart:10702:27: Error: Type '$4.BoolValue' not found.
  set configSetupComplete($4.BoolValue value) => $_setField(1000, value);
                          ^^^^^^^^^^^^
lib/generated/spacex_api/device/wifi.pb.dart:10708:3: Error: Type '$4.BoolValue' not found.
  $4.BoolValue ensureConfigSetupComplete() => $_ensure(216);
  ^^^^^^^^^^^^
lib/generated/spacex_api/device/wifi.pb.dart:10711:3: Error: Type '$4.BoolValue' not found.
  $4.BoolValue get configBandsSplit => $_getN(217);
  ^^^^^^^^^^^^
lib/generated/spacex_api/device/wifi.pb.dart:10713:24: Error: Type '$4.BoolValue' not found.
  set configBandsSplit($4.BoolValue value) => $_setField(1001, value);
                       ^^^^^^^^^^^^
lib/generated/spacex_api/device/wifi.pb.dart:10719:3: Error: Type '$4.BoolValue' not found.
  $4.BoolValue ensureConfigBandsSplit() => $_ensure(217);
  ^^^^^^^^^^^^
lib/generated/spacex_api/device/wifi.pb.dart:10722:3: Error: Type '$4.BoolValue' not found.
  $4.BoolValue get configIsRepeater => $_getN(218);
  ^^^^^^^^^^^^
lib/generated/spacex_api/device/wifi.pb.dart:10724:24: Error: Type '$4.BoolValue' not found.
  set configIsRepeater($4.BoolValue value) => $_setField(1002, value);
                       ^^^^^^^^^^^^
lib/generated/spacex_api/device/wifi.pb.dart:10730:3: Error: Type '$4.BoolValue' not found.
  $4.BoolValue ensureConfigIsRepeater() => $_ensure(218);
  ^^^^^^^^^^^^
lib/generated/spacex_api/device/wifi.pb.dart:10733:3: Error: Type '$4.BoolValue' not found.
  $4.BoolValue get configOpenNetwork => $_getN(219);
  ^^^^^^^^^^^^
lib/generated/spacex_api/device/wifi.pb.dart:10735:25: Error: Type '$4.BoolValue' not found.
  set configOpenNetwork($4.BoolValue value) => $_setField(1003, value);
                        ^^^^^^^^^^^^
lib/generated/spacex_api/device/wifi.pb.dart:10741:3: Error: Type '$4.BoolValue' not found.
  $4.BoolValue ensureConfigOpenNetwork() => $_ensure(219);
  ^^^^^^^^^^^^
lib/generated/spacex_api/device/wifi.pb.dart:10744:3: Error: Type '$4.BoolValue' not found.
  $4.BoolValue get configIsAviation => $_getN(220);
  ^^^^^^^^^^^^
lib/generated/spacex_api/device/wifi.pb.dart:10746:24: Error: Type '$4.BoolValue' not found.
  set configIsAviation($4.BoolValue value) => $_setField(1004, value);
                       ^^^^^^^^^^^^
lib/generated/spacex_api/device/wifi.pb.dart:10752:3: Error: Type '$4.BoolValue' not found.
  $4.BoolValue ensureConfigIsAviation() => $_ensure(220);
  ^^^^^^^^^^^^
lib/generated/spacex_api/device/wifi.pb.dart:10755:3: Error: Type '$4.BoolValue' not found.
  $4.BoolValue get configSecureDns => $_getN(221);
  ^^^^^^^^^^^^
lib/generated/spacex_api/device/wifi.pb.dart:10757:23: Error: Type '$4.BoolValue' not found.
  set configSecureDns($4.BoolValue value) => $_setField(1005, value);
                      ^^^^^^^^^^^^
lib/generated/spacex_api/device/wifi.pb.dart:10763:3: Error: Type '$4.BoolValue' not found.
  $4.BoolValue ensureConfigSecureDns() => $_ensure(221);
  ^^^^^^^^^^^^
lib/generated/spacex_api/device/wifi.pb.dart:10766:3: Error: Type '$4.BoolValue' not found.
  $4.BoolValue get configLegacy => $_getN(222);
  ^^^^^^^^^^^^
lib/generated/spacex_api/device/wifi.pb.dart:10768:20: Error: Type '$4.BoolValue' not found.
  set configLegacy($4.BoolValue value) => $_setField(1006, value);
                   ^^^^^^^^^^^^
lib/generated/spacex_api/device/wifi.pb.dart:10774:3: Error: Type '$4.BoolValue' not found.
  $4.BoolValue ensureConfigLegacy() => $_ensure(222);
  ^^^^^^^^^^^^
lib/generated/spacex_api/device/wifi.pb.dart:10777:3: Error: Type '$4.BoolValue' not found.
  $4.BoolValue get configApMode => $_getN(223);
  ^^^^^^^^^^^^
lib/generated/spacex_api/device/wifi.pb.dart:10779:20: Error: Type '$4.BoolValue' not found.
  set configApMode($4.BoolValue value) => $_setField(1007, value);
                   ^^^^^^^^^^^^
lib/generated/spacex_api/device/wifi.pb.dart:10785:3: Error: Type '$4.BoolValue' not found.
  $4.BoolValue ensureConfigApMode() => $_ensure(223);
  ^^^^^^^^^^^^
lib/generated/spacex_api/device/wifi.pb.dart:10788:3: Error: Type '$4.BoolValue' not found.
  $4.BoolValue get configDfsEnabled => $_getN(224);
  ^^^^^^^^^^^^
lib/generated/spacex_api/device/wifi.pb.dart:10790:24: Error: Type '$4.BoolValue' not found.
  set configDfsEnabled($4.BoolValue value) => $_setField(1008, value);
                       ^^^^^^^^^^^^
lib/generated/spacex_api/device/wifi.pb.dart:10796:3: Error: Type '$4.BoolValue' not found.
  $4.BoolValue ensureConfigDfsEnabled() => $_ensure(224);
  ^^^^^^^^^^^^
lib/generated/spacex_api/device/wifi.pb.dart:10799:3: Error: Type '$4.BoolValue' not found.
  $4.BoolValue get configNetworkNameIsDefault => $_getN(225);
  ^^^^^^^^^^^^
lib/generated/spacex_api/device/wifi.pb.dart:10801:34: Error: Type '$4.BoolValue' not found.
  set configNetworkNameIsDefault($4.BoolValue value) => $_setField(1009, value);
                                 ^^^^^^^^^^^^
lib/generated/spacex_api/device/wifi.pb.dart:10807:3: Error: Type '$4.BoolValue' not found.
  $4.BoolValue ensureConfigNetworkNameIsDefault() => $_ensure(225);
  ^^^^^^^^^^^^
lib/generated/spacex_api/device/wifi.pb.dart:10810:3: Error: Type '$4.BoolValue' not found.
  $4.BoolValue get configRemoteSshEnabled => $_getN(226);
  ^^^^^^^^^^^^
lib/generated/spacex_api/device/wifi.pb.dart:10812:30: Error: Type '$4.BoolValue' not found.
  set configRemoteSshEnabled($4.BoolValue value) => $_setField(1010, value);
                             ^^^^^^^^^^^^
lib/generated/spacex_api/device/wifi.pb.dart:10818:3: Error: Type '$4.BoolValue' not found.
  $4.BoolValue ensureConfigRemoteSshEnabled() => $_ensure(226);
  ^^^^^^^^^^^^
lib/generated/spacex_api/device/wifi.pb.dart:10821:3: Error: Type '$4.BoolValue' not found.
  $4.BoolValue get configIsRepeaterWired => $_getN(227);
  ^^^^^^^^^^^^
lib/generated/spacex_api/device/wifi.pb.dart:10823:29: Error: Type '$4.BoolValue' not found.
  set configIsRepeaterWired($4.BoolValue value) => $_setField(1011, value);
                            ^^^^^^^^^^^^
lib/generated/spacex_api/device/wifi.pb.dart:10829:3: Error: Type '$4.BoolValue' not found.
  $4.BoolValue ensureConfigIsRepeaterWired() => $_ensure(227);
  ^^^^^^^^^^^^
lib/generated/spacex_api/device/wifi.pb.dart:10832:3: Error: Type '$4.BoolValue' not found.
  $4.BoolValue get configIsRepeaterWireless => $_getN(228);
  ^^^^^^^^^^^^
lib/generated/spacex_api/device/wifi.pb.dart:10834:32: Error: Type '$4.BoolValue' not found.
  set configIsRepeaterWireless($4.BoolValue value) => $_setField(1012, value);
                               ^^^^^^^^^^^^
lib/generated/spacex_api/device/wifi.pb.dart:10840:3: Error: Type '$4.BoolValue' not found.
  $4.BoolValue ensureConfigIsRepeaterWireless() => $_ensure(228);
  ^^^^^^^^^^^^
lib/generated/spacex_api/device/wifi.pb.dart:10843:3: Error: Type '$4.UInt32Value' not found.
  $4.UInt32Value get configBlockSchedulesSet => $_getN(229);
  ^^^^^^^^^^^^^^
lib/generated/spacex_api/device/wifi.pb.dart:10845:31: Error: Type '$4.UInt32Value' not found.
  set configBlockSchedulesSet($4.UInt32Value value) => $_setField(1013, value);
                              ^^^^^^^^^^^^^^
lib/generated/spacex_api/device/wifi.pb.dart:10851:3: Error: Type '$4.UInt32Value' not found.
  $4.UInt32Value ensureConfigBlockSchedulesSet() => $_ensure(229);
  ^^^^^^^^^^^^^^
lib/generated/spacex_api/device/wifi.pb.dart:10854:3: Error: Type '$4.BoolValue' not found.
  $4.BoolValue get configCustomNameservers => $_getN(230);
  ^^^^^^^^^^^^
lib/generated/spacex_api/device/wifi.pb.dart:10856:31: Error: Type '$4.BoolValue' not found.
  set configCustomNameservers($4.BoolValue value) => $_setField(1014, value);
                              ^^^^^^^^^^^^
lib/generated/spacex_api/device/wifi.pb.dart:10862:3: Error: Type '$4.BoolValue' not found.
  $4.BoolValue ensureConfigCustomNameservers() => $_ensure(230);
  ^^^^^^^^^^^^
lib/generated/spacex_api/device/wifi.pb.dart:10865:3: Error: Type '$4.BoolValue' not found.
  $4.BoolValue get configDisableMeshOnboarding => $_getN(231);
  ^^^^^^^^^^^^
lib/generated/spacex_api/device/wifi.pb.dart:10867:35: Error: Type '$4.BoolValue' not found.
  set configDisableMeshOnboarding($4.BoolValue value) =>
                                  ^^^^^^^^^^^^
lib/generated/spacex_api/device/wifi.pb.dart:10874:3: Error: Type '$4.BoolValue' not found.
  $4.BoolValue ensureConfigDisableMeshOnboarding() => $_ensure(231);
  ^^^^^^^^^^^^
lib/generated/spacex_api/device/wifi.pb.dart:10877:3: Error: Type '$4.BoolValue' not found.
  $4.BoolValue get configPinCountryCode => $_getN(232);
  ^^^^^^^^^^^^
lib/generated/spacex_api/device/wifi.pb.dart:10879:28: Error: Type '$4.BoolValue' not found.
  set configPinCountryCode($4.BoolValue value) => $_setField(1016, value);
                           ^^^^^^^^^^^^
lib/generated/spacex_api/device/wifi.pb.dart:10885:3: Error: Type '$4.BoolValue' not found.
  $4.BoolValue ensureConfigPinCountryCode() => $_ensure(232);
  ^^^^^^^^^^^^
lib/generated/spacex_api/device/wifi.pb.dart:10888:3: Error: Type '$4.BoolValue' not found.
  $4.BoolValue get configDisableUpdateReboot => $_getN(233);
  ^^^^^^^^^^^^
lib/generated/spacex_api/device/wifi.pb.dart:10890:33: Error: Type '$4.BoolValue' not found.
  set configDisableUpdateReboot($4.BoolValue value) => $_setField(1017, value);
                                ^^^^^^^^^^^^
lib/generated/spacex_api/device/wifi.pb.dart:10896:3: Error: Type '$4.BoolValue' not found.
  $4.BoolValue ensureConfigDisableUpdateReboot() => $_ensure(233);
  ^^^^^^^^^^^^
lib/generated/spacex_api/device/wifi.pb.dart:10899:3: Error: Type '$4.BoolValue' not found.
  $4.BoolValue get configDisable2ghz => $_getN(234);
  ^^^^^^^^^^^^
lib/generated/spacex_api/device/wifi.pb.dart:10901:25: Error: Type '$4.BoolValue' not found.
  set configDisable2ghz($4.BoolValue value) => $_setField(1018, value);
                        ^^^^^^^^^^^^
lib/generated/spacex_api/device/wifi.pb.dart:10907:3: Error: Type '$4.BoolValue' not found.
  $4.BoolValue ensureConfigDisable2ghz() => $_ensure(234);
  ^^^^^^^^^^^^
lib/generated/spacex_api/device/wifi.pb.dart:10910:3: Error: Type '$4.BoolValue' not found.
  $4.BoolValue get configDisable5ghz => $_getN(235);
  ^^^^^^^^^^^^
lib/generated/spacex_api/device/wifi.pb.dart:10912:25: Error: Type '$4.BoolValue' not found.
  set configDisable5ghz($4.BoolValue value) => $_setField(1019, value);
                        ^^^^^^^^^^^^
lib/generated/spacex_api/device/wifi.pb.dart:10918:3: Error: Type '$4.BoolValue' not found.
  $4.BoolValue ensureConfigDisable5ghz() => $_ensure(235);
  ^^^^^^^^^^^^
lib/generated/spacex_api/device/wifi.pb.dart:10921:3: Error: Type '$4.UInt32Value' not found.
  $4.UInt32Value get configChannel2ghz => $_getN(236);
  ^^^^^^^^^^^^^^
lib/generated/spacex_api/device/wifi.pb.dart:10923:25: Error: Type '$4.UInt32Value' not found.
  set configChannel2ghz($4.UInt32Value value) => $_setField(1020, value);
                        ^^^^^^^^^^^^^^
lib/generated/spacex_api/device/wifi.pb.dart:10929:3: Error: Type '$4.UInt32Value' not found.
  $4.UInt32Value ensureConfigChannel2ghz() => $_ensure(236);
  ^^^^^^^^^^^^^^
lib/generated/spacex_api/device/wifi.pb.dart:10932:3: Error: Type '$4.UInt32Value' not found.
  $4.UInt32Value get configChannel5ghz => $_getN(237);
  ^^^^^^^^^^^^^^
lib/generated/spacex_api/device/wifi.pb.dart:10934:25: Error: Type '$4.UInt32Value' not found.
  set configChannel5ghz($4.UInt32Value value) => $_setField(1021, value);
                        ^^^^^^^^^^^^^^
lib/generated/spacex_api/device/wifi.pb.dart:10940:3: Error: Type '$4.UInt32Value' not found.
  $4.UInt32Value ensureConfigChannel5ghz() => $_ensure(237);
  ^^^^^^^^^^^^^^
lib/generated/spacex_api/device/wifi.pb.dart:10943:3: Error: Type '$4.UInt32Value' not found.
  $4.UInt32Value get configChannel5ghzHigh => $_getN(238);
  ^^^^^^^^^^^^^^
lib/generated/spacex_api/device/wifi.pb.dart:10945:29: Error: Type '$4.UInt32Value' not found.
  set configChannel5ghzHigh($4.UInt32Value value) => $_setField(1022, value);
                            ^^^^^^^^^^^^^^
lib/generated/spacex_api/device/wifi.pb.dart:10951:3: Error: Type '$4.UInt32Value' not found.
  $4.UInt32Value ensureConfigChannel5ghzHigh() => $_ensure(238);
  ^^^^^^^^^^^^^^
lib/generated/spacex_api/device/wifi.pb.dart:10954:3: Error: Type '$4.UInt32Value' not found.
  $4.UInt32Value get configNetworks => $_getN(239);
  ^^^^^^^^^^^^^^
lib/generated/spacex_api/device/wifi.pb.dart:10956:22: Error: Type '$4.UInt32Value' not found.
  set configNetworks($4.UInt32Value value) => $_setField(1023, value);
                     ^^^^^^^^^^^^^^
lib/generated/spacex_api/device/wifi.pb.dart:10962:3: Error: Type '$4.UInt32Value' not found.
  $4.UInt32Value ensureConfigNetworks() => $_ensure(239);
  ^^^^^^^^^^^^^^
lib/generated/spacex_api/device/wifi.pb.dart:10965:3: Error: Type '$4.UInt32Value' not found.
  $4.UInt32Value get configNetworksGuest => $_getN(240);
  ^^^^^^^^^^^^^^
lib/generated/spacex_api/device/wifi.pb.dart:10967:27: Error: Type '$4.UInt32Value' not found.
  set configNetworksGuest($4.UInt32Value value) => $_setField(1024, value);
                          ^^^^^^^^^^^^^^
lib/generated/spacex_api/device/wifi.pb.dart:10973:3: Error: Type '$4.UInt32Value' not found.
  $4.UInt32Value ensureConfigNetworksGuest() => $_ensure(240);
  ^^^^^^^^^^^^^^
lib/generated/spacex_api/device/wifi.pb.dart:10976:3: Error: Type '$4.UInt32Value' not found.
  $4.UInt32Value get configNetworksHidden => $_getN(241);
  ^^^^^^^^^^^^^^
lib/generated/spacex_api/device/wifi.pb.dart:10978:28: Error: Type '$4.UInt32Value' not found.
  set configNetworksHidden($4.UInt32Value value) => $_setField(1025, value);
                           ^^^^^^^^^^^^^^
lib/generated/spacex_api/device/wifi.pb.dart:10984:3: Error: Type '$4.UInt32Value' not found.
  $4.UInt32Value ensureConfigNetworksHidden() => $_ensure(241);
  ^^^^^^^^^^^^^^
lib/generated/spacex_api/device/wifi.pb.dart:10987:3: Error: Type '$4.UInt32Value' not found.
  $4.UInt32Value get configNetworksClientIsolation => $_getN(242);
  ^^^^^^^^^^^^^^
lib/generated/spacex_api/device/wifi.pb.dart:10989:37: Error: Type '$4.UInt32Value' not found.
  set configNetworksClientIsolation($4.UInt32Value value) =>
                                    ^^^^^^^^^^^^^^
lib/generated/spacex_api/device/wifi.pb.dart:10996:3: Error: Type '$4.UInt32Value' not found.
  $4.UInt32Value ensureConfigNetworksClientIsolation() => $_ensure(242);
  ^^^^^^^^^^^^^^
lib/generated/spacex_api/device/wifi.pb.dart:10999:3: Error: Type '$4.UInt32Value' not found.
  $4.UInt32Value get configNetworksBandsSplit => $_getN(243);
  ^^^^^^^^^^^^^^
lib/generated/spacex_api/device/wifi.pb.dart:11001:32: Error: Type '$4.UInt32Value' not found.
  set configNetworksBandsSplit($4.UInt32Value value) => $_setField(1027, value);
                               ^^^^^^^^^^^^^^
lib/generated/spacex_api/device/wifi.pb.dart:11007:3: Error: Type '$4.UInt32Value' not found.
  $4.UInt32Value ensureConfigNetworksBandsSplit() => $_ensure(243);
  ^^^^^^^^^^^^^^
lib/generated/spacex_api/device/wifi.pb.dart:11010:3: Error: Type '$4.BoolValue' not found.
  $4.BoolValue get configDisable5ghzHigh => $_getN(244);
  ^^^^^^^^^^^^
lib/generated/spacex_api/device/wifi.pb.dart:11012:29: Error: Type '$4.BoolValue' not found.
  set configDisable5ghzHigh($4.BoolValue value) => $_setField(1029, value);
                            ^^^^^^^^^^^^
lib/generated/spacex_api/device/wifi.pb.dart:11018:3: Error: Type '$4.BoolValue' not found.
  $4.BoolValue ensureConfigDisable5ghzHigh() => $_ensure(244);
  ^^^^^^^^^^^^
lib/generated/spacex_api/device/wifi.pb.dart:11021:3: Error: Type '$4.BoolValue' not found.
  $4.BoolValue get configHttpsContentHostingEnabled => $_getN(245);
  ^^^^^^^^^^^^
lib/generated/spacex_api/device/wifi.pb.dart:11023:40: Error: Type '$4.BoolValue' not found.
  set configHttpsContentHostingEnabled($4.BoolValue value) =>
                                       ^^^^^^^^^^^^
lib/generated/spacex_api/device/wifi.pb.dart:11030:3: Error: Type '$4.BoolValue' not found.
  $4.BoolValue ensureConfigHttpsContentHostingEnabled() => $_ensure(245);
  ^^^^^^^^^^^^
lib/generated/spacex_api/device/wifi.pb.dart:11033:3: Error: Type '$4.BoolValue' not found.
  $4.BoolValue get configOnlyOverflightBlockingEnabled => $_getN(246);
  ^^^^^^^^^^^^
lib/generated/spacex_api/device/wifi.pb.dart:11035:43: Error: Type '$4.BoolValue' not found.
  set configOnlyOverflightBlockingEnabled($4.BoolValue value) =>
                                          ^^^^^^^^^^^^
lib/generated/spacex_api/device/wifi.pb.dart:11042:3: Error: Type '$4.BoolValue' not found.
  $4.BoolValue ensureConfigOnlyOverflightBlockingEnabled() => $_ensure(246);
  ^^^^^^^^^^^^
lib/generated/spacex_api/device/wifi.pb.dart:11045:3: Error: Type '$4.BoolValue' not found.
  $4.BoolValue get configOfflineNetworksDisablementEnabled => $_getN(247);
  ^^^^^^^^^^^^
lib/generated/spacex_api/device/wifi.pb.dart:11047:47: Error: Type '$4.BoolValue' not found.
  set configOfflineNetworksDisablementEnabled($4.BoolValue value) =>
                                              ^^^^^^^^^^^^
lib/generated/spacex_api/device/wifi.pb.dart:11054:3: Error: Type '$4.BoolValue' not found.
  $4.BoolValue ensureConfigOfflineNetworksDisablementEnabled() => $_ensure(247);
  ^^^^^^^^^^^^
lib/generated/spacex_api/device/wifi.pb.dart:11057:3: Error: Type '$4.BoolValue' not found.
  $4.BoolValue get configCustomDnsDisabled => $_getN(248);
  ^^^^^^^^^^^^
lib/generated/spacex_api/device/wifi.pb.dart:11059:31: Error: Type '$4.BoolValue' not found.
  set configCustomDnsDisabled($4.BoolValue value) => $_setField(1034, value);
                              ^^^^^^^^^^^^
lib/generated/spacex_api/device/wifi.pb.dart:11065:3: Error: Type '$4.BoolValue' not found.
  $4.BoolValue ensureConfigCustomDnsDisabled() => $_ensure(248);
  ^^^^^^^^^^^^
lib/generated/spacex_api/device/wifi.pb.dart:11068:3: Error: Type '$4.UInt32Value' not found.
  $4.UInt32Value get configNetworksUser => $_getN(249);
  ^^^^^^^^^^^^^^
lib/generated/spacex_api/device/wifi.pb.dart:11070:26: Error: Type '$4.UInt32Value' not found.
  set configNetworksUser($4.UInt32Value value) => $_setField(1035, value);
                         ^^^^^^^^^^^^^^
lib/generated/spacex_api/device/wifi.pb.dart:11076:3: Error: Type '$4.UInt32Value' not found.
  $4.UInt32Value ensureConfigNetworksUser() => $_ensure(249);
  ^^^^^^^^^^^^^^
lib/generated/spacex_api/device/wifi.pb.dart:11079:3: Error: Type '$4.BoolValue' not found.
  $4.BoolValue get configForeflightEnabled => $_getN(250);
  ^^^^^^^^^^^^
lib/generated/spacex_api/device/wifi.pb.dart:11081:31: Error: Type '$4.BoolValue' not found.
  set configForeflightEnabled($4.BoolValue value) => $_setField(1036, value);
                              ^^^^^^^^^^^^
lib/generated/spacex_api/device/wifi.pb.dart:11087:3: Error: Type '$4.BoolValue' not found.
  $4.BoolValue ensureConfigForeflightEnabled() => $_ensure(250);
  ^^^^^^^^^^^^
lib/generated/spacex_api/device/wifi.pb.dart:11090:3: Error: Type '$4.UInt32Value' not found.
  $4.UInt32Value get wifiReloadCount => $_getN(251);
  ^^^^^^^^^^^^^^
lib/generated/spacex_api/device/wifi.pb.dart:11092:23: Error: Type '$4.UInt32Value' not found.
  set wifiReloadCount($4.UInt32Value value) => $_setField(1040, value);
                      ^^^^^^^^^^^^^^
lib/generated/spacex_api/device/wifi.pb.dart:11098:3: Error: Type '$4.UInt32Value' not found.
  $4.UInt32Value ensureWifiReloadCount() => $_ensure(251);
  ^^^^^^^^^^^^^^
lib/generated/spacex_api/device/wifi.pb.dart:11101:3: Error: Type '$4.UInt32Value' not found.
  $4.UInt32Value get radiusReloadCount => $_getN(252);
  ^^^^^^^^^^^^^^
lib/generated/spacex_api/device/wifi.pb.dart:11103:25: Error: Type '$4.UInt32Value' not found.
  set radiusReloadCount($4.UInt32Value value) => $_setField(1041, value);
                        ^^^^^^^^^^^^^^
lib/generated/spacex_api/device/wifi.pb.dart:11109:3: Error: Type '$4.UInt32Value' not found.
  $4.UInt32Value ensureRadiusReloadCount() => $_ensure(252);
  ^^^^^^^^^^^^^^
lib/generated/spacex_api/device/wifi.pb.dart:11112:3: Error: Type '$4.UInt32Value' not found.
  $4.UInt32Value get opensshReloadCount => $_getN(253);
  ^^^^^^^^^^^^^^
lib/generated/spacex_api/device/wifi.pb.dart:11114:26: Error: Type '$4.UInt32Value' not found.
  set opensshReloadCount($4.UInt32Value value) => $_setField(1042, value);
                         ^^^^^^^^^^^^^^
lib/generated/spacex_api/device/wifi.pb.dart:11120:3: Error: Type '$4.UInt32Value' not found.
  $4.UInt32Value ensureOpensshReloadCount() => $_ensure(253);
  ^^^^^^^^^^^^^^
lib/generated/spacex_api/device/wifi.pb.dart:11123:3: Error: Type '$4.UInt32Value' not found.
  $4.UInt32Value get iptablesReloadCount => $_getN(254);
  ^^^^^^^^^^^^^^
lib/generated/spacex_api/device/wifi.pb.dart:11125:27: Error: Type '$4.UInt32Value' not found.
  set iptablesReloadCount($4.UInt32Value value) => $_setField(1043, value);
                          ^^^^^^^^^^^^^^
lib/generated/spacex_api/device/wifi.pb.dart:11131:3: Error: Type '$4.UInt32Value' not found.
  $4.UInt32Value ensureIptablesReloadCount() => $_ensure(254);
  ^^^^^^^^^^^^^^
lib/generated/spacex_api/device/wifi.pb.dart:11134:3: Error: Type '$4.UInt32Value' not found.
  $4.UInt32Value get ebtablesReloadCount => $_getN(255);
  ^^^^^^^^^^^^^^
lib/generated/spacex_api/device/wifi.pb.dart:11136:27: Error: Type '$4.UInt32Value' not found.
  set ebtablesReloadCount($4.UInt32Value value) => $_setField(1044, value);
                          ^^^^^^^^^^^^^^
lib/generated/spacex_api/device/wifi.pb.dart:11142:3: Error: Type '$4.UInt32Value' not found.
  $4.UInt32Value ensureEbtablesReloadCount() => $_ensure(255);
  ^^^^^^^^^^^^^^
lib/generated/spacex_api/device/wifi.pb.dart:11145:3: Error: Type '$4.UInt32Value' not found.
  $4.UInt32Value get trafficControlReloadCount => $_getN(256);
  ^^^^^^^^^^^^^^
lib/generated/spacex_api/device/wifi.pb.dart:11147:33: Error: Type '$4.UInt32Value' not found.
  set trafficControlReloadCount($4.UInt32Value value) =>
                                ^^^^^^^^^^^^^^
lib/generated/spacex_api/device/wifi.pb.dart:11154:3: Error: Type '$4.UInt32Value' not found.
  $4.UInt32Value ensureTrafficControlReloadCount() => $_ensure(256);
  ^^^^^^^^^^^^^^
lib/generated/spacex_api/device/wifi.pb.dart:11157:3: Error: Type '$4.UInt32Value' not found.
  $4.UInt32Value get dhcpReloadCount => $_getN(257);
  ^^^^^^^^^^^^^^
lib/generated/spacex_api/device/wifi.pb.dart:11159:23: Error: Type '$4.UInt32Value' not found.
  set dhcpReloadCount($4.UInt32Value value) => $_setField(1046, value);
                      ^^^^^^^^^^^^^^
lib/generated/spacex_api/device/wifi.pb.dart:11165:3: Error: Type '$4.UInt32Value' not found.
  $4.UInt32Value ensureDhcpReloadCount() => $_ensure(257);
  ^^^^^^^^^^^^^^
lib/generated/spacex_api/device/wifi.pb.dart:11168:3: Error: Type '$4.UInt32Value' not found.
  $4.UInt32Value get dhcpv6ReloadCount => $_getN(258);
  ^^^^^^^^^^^^^^
lib/generated/spacex_api/device/wifi.pb.dart:11170:25: Error: Type '$4.UInt32Value' not found.
  set dhcpv6ReloadCount($4.UInt32Value value) => $_setField(1047, value);
                        ^^^^^^^^^^^^^^
lib/generated/spacex_api/device/wifi.pb.dart:11176:3: Error: Type '$4.UInt32Value' not found.
  $4.UInt32Value ensureDhcpv6ReloadCount() => $_ensure(258);
  ^^^^^^^^^^^^^^
lib/generated/spacex_api/device/wifi.pb.dart:11179:3: Error: Type '$4.UInt32Value' not found.
  $4.UInt32Value get systemReloadCount => $_getN(259);
  ^^^^^^^^^^^^^^
lib/generated/spacex_api/device/wifi.pb.dart:11181:25: Error: Type '$4.UInt32Value' not found.
  set systemReloadCount($4.UInt32Value value) => $_setField(1048, value);
                        ^^^^^^^^^^^^^^
lib/generated/spacex_api/device/wifi.pb.dart:11187:3: Error: Type '$4.UInt32Value' not found.
  $4.UInt32Value ensureSystemReloadCount() => $_ensure(259);
  ^^^^^^^^^^^^^^
lib/generated/spacex_api/device/wifi.pb.dart:11190:3: Error: Type '$4.UInt32Value' not found.
  $4.UInt32Value get dnsReloadCount => $_getN(260);
  ^^^^^^^^^^^^^^
lib/generated/spacex_api/device/wifi.pb.dart:11192:22: Error: Type '$4.UInt32Value' not found.
  set dnsReloadCount($4.UInt32Value value) => $_setField(1049, value);
                     ^^^^^^^^^^^^^^
lib/generated/spacex_api/device/wifi.pb.dart:11198:3: Error: Type '$4.UInt32Value' not found.
  $4.UInt32Value ensureDnsReloadCount() => $_ensure(260);
  ^^^^^^^^^^^^^^
lib/generated/spacex_api/device/wifi.pb.dart:11201:3: Error: Type '$4.UInt32Value' not found.
  $4.UInt32Value get httpsReloadCount => $_getN(261);
  ^^^^^^^^^^^^^^
lib/generated/spacex_api/device/wifi.pb.dart:11203:24: Error: Type '$4.UInt32Value' not found.
  set httpsReloadCount($4.UInt32Value value) => $_setField(1050, value);
                       ^^^^^^^^^^^^^^
lib/generated/spacex_api/device/wifi.pb.dart:11209:3: Error: Type '$4.UInt32Value' not found.
  $4.UInt32Value ensureHttpsReloadCount() => $_ensure(261);
  ^^^^^^^^^^^^^^
lib/generated/spacex_api/device/wifi.pb.dart:11212:3: Error: Type '$4.UInt32Value' not found.
  $4.UInt32Value get bandSteeringReloadCount => $_getN(262);
  ^^^^^^^^^^^^^^
lib/generated/spacex_api/device/wifi.pb.dart:11214:31: Error: Type '$4.UInt32Value' not found.
  set bandSteeringReloadCount($4.UInt32Value value) => $_setField(1051, value);
                              ^^^^^^^^^^^^^^
lib/generated/spacex_api/device/wifi.pb.dart:11220:3: Error: Type '$4.UInt32Value' not found.
  $4.UInt32Value ensureBandSteeringReloadCount() => $_ensure(262);
  ^^^^^^^^^^^^^^
lib/generated/spacex_api/device/wifi.pb.dart:11223:3: Error: Type '$4.UInt32Value' not found.
  $4.UInt32Value get commitCount => $_getN(263);
  ^^^^^^^^^^^^^^
lib/generated/spacex_api/device/wifi.pb.dart:11225:19: Error: Type '$4.UInt32Value' not found.
  set commitCount($4.UInt32Value value) => $_setField(1052, value);
                  ^^^^^^^^^^^^^^
lib/generated/spacex_api/device/wifi.pb.dart:11231:3: Error: Type '$4.UInt32Value' not found.
  $4.UInt32Value ensureCommitCount() => $_ensure(263);
  ^^^^^^^^^^^^^^
lib/generated/spacex_api/device/wifi.pb.dart:11234:3: Error: Type '$4.UInt32Value' not found.
  $4.UInt32Value get networkReloadCount => $_getN(264);
  ^^^^^^^^^^^^^^
lib/generated/spacex_api/device/wifi.pb.dart:11236:26: Error: Type '$4.UInt32Value' not found.
  set networkReloadCount($4.UInt32Value value) => $_setField(1053, value);
                         ^^^^^^^^^^^^^^
lib/generated/spacex_api/device/wifi.pb.dart:11242:3: Error: Type '$4.UInt32Value' not found.
  $4.UInt32Value ensureNetworkReloadCount() => $_ensure(264);
  ^^^^^^^^^^^^^^
lib/generated/spacex_api/device/wifi.pb.dart:11245:3: Error: Type '$4.UInt32Value' not found.
  $4.UInt32Value get foreflightReloadCount => $_getN(265);
  ^^^^^^^^^^^^^^
lib/generated/spacex_api/device/wifi.pb.dart:11247:29: Error: Type '$4.UInt32Value' not found.
  set foreflightReloadCount($4.UInt32Value value) => $_setField(1054, value);
                            ^^^^^^^^^^^^^^
lib/generated/spacex_api/device/wifi.pb.dart:11253:3: Error: Type '$4.UInt32Value' not found.
  $4.UInt32Value ensureForeflightReloadCount() => $_ensure(265);
  ^^^^^^^^^^^^^^
lib/generated/spacex_api/device/wifi.pb.dart:11256:3: Error: Type '$4.UInt32Value' not found.
  $4.UInt32Value get conntrackEntries => $_getN(266);
  ^^^^^^^^^^^^^^
lib/generated/spacex_api/device/wifi.pb.dart:11258:24: Error: Type '$4.UInt32Value' not found.
  set conntrackEntries($4.UInt32Value value) => $_setField(1100, value);
                       ^^^^^^^^^^^^^^
lib/generated/spacex_api/device/wifi.pb.dart:11264:3: Error: Type '$4.UInt32Value' not found.
  $4.UInt32Value ensureConntrackEntries() => $_ensure(266);
  ^^^^^^^^^^^^^^
lib/generated/spacex_api/device/wifi.pb.dart:11267:3: Error: Type '$4.Int64Value' not found.
  $4.Int64Value get wanTrafficControlCakeBytes => $_getN(267);
  ^^^^^^^^^^^^^
lib/generated/spacex_api/device/wifi.pb.dart:11269:34: Error: Type '$4.Int64Value' not found.
  set wanTrafficControlCakeBytes($4.Int64Value value) =>
                                 ^^^^^^^^^^^^^
lib/generated/spacex_api/device/wifi.pb.dart:11276:3: Error: Type '$4.Int64Value' not found.
  $4.Int64Value ensureWanTrafficControlCakeBytes() => $_ensure(267);
  ^^^^^^^^^^^^^
lib/generated/spacex_api/device/wifi.pb.dart:11279:3: Error: Type '$4.Int64Value' not found.
  $4.Int64Value get wanTrafficControlCakePackets => $_getN(268);
  ^^^^^^^^^^^^^
lib/generated/spacex_api/device/wifi.pb.dart:11281:36: Error: Type '$4.Int64Value' not found.
  set wanTrafficControlCakePackets($4.Int64Value value) =>
                                   ^^^^^^^^^^^^^
lib/generated/spacex_api/device/wifi.pb.dart:11288:3: Error: Type '$4.Int64Value' not found.
  $4.Int64Value ensureWanTrafficControlCakePackets() => $_ensure(268);
  ^^^^^^^^^^^^^
lib/generated/spacex_api/device/wifi.pb.dart:11291:3: Error: Type '$4.Int64Value' not found.
  $4.Int64Value get wanTrafficControlCakeDrops => $_getN(269);
  ^^^^^^^^^^^^^
lib/generated/spacex_api/device/wifi.pb.dart:11293:34: Error: Type '$4.Int64Value' not found.
  set wanTrafficControlCakeDrops($4.Int64Value value) =>
                                 ^^^^^^^^^^^^^
lib/generated/spacex_api/device/wifi.pb.dart:11300:3: Error: Type '$4.Int64Value' not found.
  $4.Int64Value ensureWanTrafficControlCakeDrops() => $_ensure(269);
  ^^^^^^^^^^^^^
lib/generated/spacex_api/device/wifi.pb.dart:11303:3: Error: Type '$4.Int64Value' not found.
  $4.Int64Value get wanTrafficControlCakeAckDrops => $_getN(270);
  ^^^^^^^^^^^^^
lib/generated/spacex_api/device/wifi.pb.dart:11305:37: Error: Type '$4.Int64Value' not found.
  set wanTrafficControlCakeAckDrops($4.Int64Value value) =>
                                    ^^^^^^^^^^^^^
lib/generated/spacex_api/device/wifi.pb.dart:11312:3: Error: Type '$4.Int64Value' not found.
  $4.Int64Value ensureWanTrafficControlCakeAckDrops() => $_ensure(270);
  ^^^^^^^^^^^^^
lib/generated/spacex_api/device/wifi.pb.dart:11315:3: Error: Type '$4.UInt32Value' not found.
  $4.UInt32Value get dhcpSecsEq0 => $_getN(271);
  ^^^^^^^^^^^^^^
lib/generated/spacex_api/device/wifi.pb.dart:11317:19: Error: Type '$4.UInt32Value' not found.
  set dhcpSecsEq0($4.UInt32Value value) => $_setField(1105, value);
                  ^^^^^^^^^^^^^^
lib/generated/spacex_api/device/wifi.pb.dart:11323:3: Error: Type '$4.UInt32Value' not found.
  $4.UInt32Value ensureDhcpSecsEq0() => $_ensure(271);
  ^^^^^^^^^^^^^^
lib/generated/spacex_api/device/wifi.pb.dart:11326:3: Error: Type '$4.UInt32Value' not found.
  $4.UInt32Value get dhcpSecsGt0 => $_getN(272);
  ^^^^^^^^^^^^^^
lib/generated/spacex_api/device/wifi.pb.dart:11328:19: Error: Type '$4.UInt32Value' not found.
  set dhcpSecsGt0($4.UInt32Value value) => $_setField(1106, value);
                  ^^^^^^^^^^^^^^
lib/generated/spacex_api/device/wifi.pb.dart:11334:3: Error: Type '$4.UInt32Value' not found.
  $4.UInt32Value ensureDhcpSecsGt0() => $_ensure(272);
  ^^^^^^^^^^^^^^
lib/generated/spacex_api/device/wifi.pb.dart:11337:3: Error: Type '$4.UInt32Value' not found.
  $4.UInt32Value get dhcpSecsGt10 => $_getN(273);
  ^^^^^^^^^^^^^^
lib/generated/spacex_api/device/wifi.pb.dart:11339:20: Error: Type '$4.UInt32Value' not found.
  set dhcpSecsGt10($4.UInt32Value value) => $_setField(1107, value);
                   ^^^^^^^^^^^^^^
lib/generated/spacex_api/device/wifi.pb.dart:11345:3: Error: Type '$4.UInt32Value' not found.
  $4.UInt32Value ensureDhcpSecsGt10() => $_ensure(273);
  ^^^^^^^^^^^^^^
lib/generated/spacex_api/device/wifi.pb.dart:11348:3: Error: Type '$4.UInt32Value' not found.
  $4.UInt32Value get dhcpSecsGt30 => $_getN(274);
  ^^^^^^^^^^^^^^
lib/generated/spacex_api/device/wifi.pb.dart:11350:20: Error: Type '$4.UInt32Value' not found.
  set dhcpSecsGt30($4.UInt32Value value) => $_setField(1108, value);
                   ^^^^^^^^^^^^^^
lib/generated/spacex_api/device/wifi.pb.dart:11356:3: Error: Type '$4.UInt32Value' not found.
  $4.UInt32Value ensureDhcpSecsGt30() => $_ensure(274);
  ^^^^^^^^^^^^^^
lib/generated/spacex_api/device/wifi.pb.dart:11359:3: Error: Type '$4.UInt32Value' not found.
  $4.UInt32Value get dhcpSecsGt60 => $_getN(275);
  ^^^^^^^^^^^^^^
lib/generated/spacex_api/device/wifi.pb.dart:11361:20: Error: Type '$4.UInt32Value' not found.
  set dhcpSecsGt60($4.UInt32Value value) => $_setField(1109, value);
                   ^^^^^^^^^^^^^^
lib/generated/spacex_api/device/wifi.pb.dart:11367:3: Error: Type '$4.UInt32Value' not found.
  $4.UInt32Value ensureDhcpSecsGt60() => $_ensure(275);
  ^^^^^^^^^^^^^^
lib/generated/spacex_api/device/wifi.pb.dart:11370:3: Error: Type '$4.UInt32Value' not found.
  $4.UInt32Value get dnsForwards => $_getN(276);
  ^^^^^^^^^^^^^^
lib/generated/spacex_api/device/wifi.pb.dart:11372:19: Error: Type '$4.UInt32Value' not found.
  set dnsForwards($4.UInt32Value value) => $_setField(1200, value);
                  ^^^^^^^^^^^^^^
lib/generated/spacex_api/device/wifi.pb.dart:11378:3: Error: Type '$4.UInt32Value' not found.
  $4.UInt32Value ensureDnsForwards() => $_ensure(276);
  ^^^^^^^^^^^^^^
lib/generated/spacex_api/device/wifi.pb.dart:11381:3: Error: Type '$4.UInt32Value' not found.
  $4.UInt32Value get dnsForwardsSuccess => $_getN(277);
  ^^^^^^^^^^^^^^
lib/generated/spacex_api/device/wifi.pb.dart:11383:26: Error: Type '$4.UInt32Value' not found.
  set dnsForwardsSuccess($4.UInt32Value value) => $_setField(1201, value);
                         ^^^^^^^^^^^^^^
lib/generated/spacex_api/device/wifi.pb.dart:11389:3: Error: Type '$4.UInt32Value' not found.
  $4.UInt32Value ensureDnsForwardsSuccess() => $_ensure(277);
  ^^^^^^^^^^^^^^
lib/generated/spacex_api/device/wifi.pb.dart:11392:3: Error: Type '$4.UInt32Value' not found.
  $4.UInt32Value get dnsForwardsServerFailure => $_getN(278);
  ^^^^^^^^^^^^^^
lib/generated/spacex_api/device/wifi.pb.dart:11394:32: Error: Type '$4.UInt32Value' not found.
  set dnsForwardsServerFailure($4.UInt32Value value) => $_setField(1202, value);
                               ^^^^^^^^^^^^^^
lib/generated/spacex_api/device/wifi.pb.dart:11400:3: Error: Type '$4.UInt32Value' not found.
  $4.UInt32Value ensureDnsForwardsServerFailure() => $_ensure(278);
  ^^^^^^^^^^^^^^
lib/generated/spacex_api/device/wifi.pb.dart:11403:3: Error: Type '$4.UInt32Value' not found.
  $4.UInt32Value get dnsForwardsNoServerResponse => $_getN(279);
  ^^^^^^^^^^^^^^
lib/generated/spacex_api/device/wifi.pb.dart:11405:35: Error: Type '$4.UInt32Value' not found.
  set dnsForwardsNoServerResponse($4.UInt32Value value) =>
                                  ^^^^^^^^^^^^^^
lib/generated/spacex_api/device/wifi.pb.dart:11412:3: Error: Type '$4.UInt32Value' not found.
  $4.UInt32Value ensureDnsForwardsNoServerResponse() => $_ensure(279);
  ^^^^^^^^^^^^^^
lib/generated/spacex_api/device/wifi.pb.dart:11415:3: Error: Type '$4.UInt32Value' not found.
  $4.UInt32Value get dnsForwardsSuccessOnDefaultBackup => $_getN(280);
  ^^^^^^^^^^^^^^
lib/generated/spacex_api/device/wifi.pb.dart:11417:41: Error: Type '$4.UInt32Value' not found.
  set dnsForwardsSuccessOnDefaultBackup($4.UInt32Value value) =>
                                        ^^^^^^^^^^^^^^
lib/generated/spacex_api/device/wifi.pb.dart:11424:3: Error: Type '$4.UInt32Value' not found.
  $4.UInt32Value ensureDnsForwardsSuccessOnDefaultBackup() => $_ensure(280);
  ^^^^^^^^^^^^^^
lib/generated/spacex_api/device/wifi.pb.dart:11427:3: Error: Type '$4.UInt32Value' not found.
  $4.UInt32Value get dnsForwardsDropped => $_getN(281);
  ^^^^^^^^^^^^^^
lib/generated/spacex_api/device/wifi.pb.dart:11429:26: Error: Type '$4.UInt32Value' not found.
  set dnsForwardsDropped($4.UInt32Value value) => $_setField(1205, value);
                         ^^^^^^^^^^^^^^
lib/generated/spacex_api/device/wifi.pb.dart:11435:3: Error: Type '$4.UInt32Value' not found.
  $4.UInt32Value ensureDnsForwardsDropped() => $_ensure(281);
  ^^^^^^^^^^^^^^
lib/generated/spacex_api/device/wifi.pb.dart:11438:3: Error: Type '$4.UInt32Value' not found.
  $4.UInt32Value get dnsForwardsWithBackup => $_getN(282);
  ^^^^^^^^^^^^^^
lib/generated/spacex_api/device/wifi.pb.dart:11440:29: Error: Type '$4.UInt32Value' not found.
  set dnsForwardsWithBackup($4.UInt32Value value) => $_setField(1206, value);
                            ^^^^^^^^^^^^^^
lib/generated/spacex_api/device/wifi.pb.dart:11446:3: Error: Type '$4.UInt32Value' not found.
  $4.UInt32Value ensureDnsForwardsWithBackup() => $_ensure(282);
  ^^^^^^^^^^^^^^
lib/generated/spacex_api/device/wifi.pb.dart:11613:5: Error: Type '$4.FloatValue' not found.
    $4.FloatValue? clientDownloadMbpsAvg,
    ^^^^^^^^^^^^^
lib/generated/spacex_api/device/wifi.pb.dart:11614:5: Error: Type '$4.FloatValue' not found.
    $4.FloatValue? clientUploadMbpsAvg,
    ^^^^^^^^^^^^^
lib/generated/spacex_api/device/wifi.pb.dart:11615:5: Error: Type '$4.FloatValue' not found.
    $4.FloatValue? clientRssi,
    ^^^^^^^^^^^^^
lib/generated/spacex_api/device/wifi.pb.dart:11616:5: Error: Type '$4.FloatValue' not found.
    $4.FloatValue? routerRssi,
    ^^^^^^^^^^^^^
lib/generated/spacex_api/device/wifi.pb.dart:11617:5: Error: Type '$4.UInt32Value' not found.
    $4.UInt32Value? clientIface,
    ^^^^^^^^^^^^^^
lib/generated/spacex_api/device/wifi.pb.dart:11618:5: Error: Type '$4.StringValue' not found.
    $4.StringValue? clientOui,
    ^^^^^^^^^^^^^^
lib/generated/spacex_api/device/wifi.pb.dart:11619:5: Error: Type '$4.UInt32Value' not found.
    $4.UInt32Value? clientTxRate,
    ^^^^^^^^^^^^^^
lib/generated/spacex_api/device/wifi.pb.dart:11620:5: Error: Type '$4.UInt32Value' not found.
    $4.UInt32Value? clientRxRate,
    ^^^^^^^^^^^^^^
lib/generated/spacex_api/device/wifi.pb.dart:11621:5: Error: Type '$4.UInt32Value' not found.
    $4.UInt32Value? clientTcpStreams,
    ^^^^^^^^^^^^^^
lib/generated/spacex_api/device/wifi.pb.dart:11624:5: Error: Type '$4.FloatValue' not found.
    $4.FloatValue? routerDownloadMbpsAvg,
    ^^^^^^^^^^^^^
lib/generated/spacex_api/device/wifi.pb.dart:11625:5: Error: Type '$4.FloatValue' not found.
    $4.FloatValue? routerUploadMbpsAvg,
    ^^^^^^^^^^^^^
lib/generated/spacex_api/device/wifi.pb.dart:11626:5: Error: Type '$4.UInt32Value' not found.
    $4.UInt32Value? routerTcpStreams,
    ^^^^^^^^^^^^^^
lib/generated/spacex_api/device/wifi.pb.dart:11629:5: Error: Type '$4.FloatValue' not found.
    $4.FloatValue? wifiDownloadMbpsAvg,
    ^^^^^^^^^^^^^
lib/generated/spacex_api/device/wifi.pb.dart:11630:5: Error: Type '$4.FloatValue' not found.
    $4.FloatValue? wifiUploadMbpsAvg,
    ^^^^^^^^^^^^^
lib/generated/spacex_api/device/wifi.pb.dart:11631:5: Error: Type '$4.StringValue' not found.
    $4.StringValue? clientPlatformType,
    ^^^^^^^^^^^^^^
lib/generated/spacex_api/device/wifi.pb.dart:11632:5: Error: Type '$4.StringValue' not found.
    $4.StringValue? clientTarget,
    ^^^^^^^^^^^^^^
lib/generated/spacex_api/device/wifi.pb.dart:11633:5: Error: Type '$4.StringValue' not found.
    $4.StringValue? routerTarget,
    ^^^^^^^^^^^^^^
lib/generated/spacex_api/device/wifi.pb.dart:11634:5: Error: Type '$4.StringValue' not found.
    $4.StringValue? speedtestId,
    ^^^^^^^^^^^^^^
lib/generated/spacex_api/device/wifi.pb.dart:11635:5: Error: Type '$4.UInt32Value' not found.
    $4.UInt32Value? clientRxPhyMode,
    ^^^^^^^^^^^^^^
lib/generated/spacex_api/device/wifi.pb.dart:11636:5: Error: Type '$4.UInt32Value' not found.
    $4.UInt32Value? clientRxSpatialStreams,
    ^^^^^^^^^^^^^^
lib/generated/spacex_api/device/wifi.pb.dart:11637:5: Error: Type '$4.UInt32Value' not found.
    $4.UInt32Value? clientRxMcs,
    ^^^^^^^^^^^^^^
lib/generated/spacex_api/device/wifi.pb.dart:11638:5: Error: Type '$4.StringValue' not found.
    $4.StringValue? clientAppVersion,
    ^^^^^^^^^^^^^^
lib/generated/spacex_api/device/wifi.pb.dart:11639:5: Error: Type '$4.UInt32Value' not found.
    $4.UInt32Value? clientAppBuild,
    ^^^^^^^^^^^^^^
lib/generated/spacex_api/device/wifi.pb.dart:11845:3: Error: Type '$4.FloatValue' not found.
  $4.FloatValue get clientDownloadMbpsAvg => $_getN(5);
  ^^^^^^^^^^^^^
lib/generated/spacex_api/device/wifi.pb.dart:11847:29: Error: Type '$4.FloatValue' not found.
  set clientDownloadMbpsAvg($4.FloatValue value) => $_setField(6, value);
                            ^^^^^^^^^^^^^
lib/generated/spacex_api/device/wifi.pb.dart:11853:3: Error: Type '$4.FloatValue' not found.
  $4.FloatValue ensureClientDownloadMbpsAvg() => $_ensure(5);
  ^^^^^^^^^^^^^
lib/generated/spacex_api/device/wifi.pb.dart:11856:3: Error: Type '$4.FloatValue' not found.
  $4.FloatValue get clientUploadMbpsAvg => $_getN(6);
  ^^^^^^^^^^^^^
lib/generated/spacex_api/device/wifi.pb.dart:11858:27: Error: Type '$4.FloatValue' not found.
  set clientUploadMbpsAvg($4.FloatValue value) => $_setField(7, value);
                          ^^^^^^^^^^^^^
lib/generated/spacex_api/device/wifi.pb.dart:11864:3: Error: Type '$4.FloatValue' not found.
  $4.FloatValue ensureClientUploadMbpsAvg() => $_ensure(6);
  ^^^^^^^^^^^^^
lib/generated/spacex_api/device/wifi.pb.dart:11867:3: Error: Type '$4.FloatValue' not found.
  $4.FloatValue get clientRssi => $_getN(7);
  ^^^^^^^^^^^^^
lib/generated/spacex_api/device/wifi.pb.dart:11869:18: Error: Type '$4.FloatValue' not found.
  set clientRssi($4.FloatValue value) => $_setField(8, value);
                 ^^^^^^^^^^^^^
lib/generated/spacex_api/device/wifi.pb.dart:11875:3: Error: Type '$4.FloatValue' not found.
  $4.FloatValue ensureClientRssi() => $_ensure(7);
  ^^^^^^^^^^^^^
lib/generated/spacex_api/device/wifi.pb.dart:11878:3: Error: Type '$4.FloatValue' not found.
  $4.FloatValue get routerRssi => $_getN(8);
  ^^^^^^^^^^^^^
lib/generated/spacex_api/device/wifi.pb.dart:11880:18: Error: Type '$4.FloatValue' not found.
  set routerRssi($4.FloatValue value) => $_setField(9, value);
                 ^^^^^^^^^^^^^
lib/generated/spacex_api/device/wifi.pb.dart:11886:3: Error: Type '$4.FloatValue' not found.
  $4.FloatValue ensureRouterRssi() => $_ensure(8);
  ^^^^^^^^^^^^^
lib/generated/spacex_api/device/wifi.pb.dart:11889:3: Error: Type '$4.UInt32Value' not found.
  $4.UInt32Value get clientIface => $_getN(9);
  ^^^^^^^^^^^^^^
lib/generated/spacex_api/device/wifi.pb.dart:11891:19: Error: Type '$4.UInt32Value' not found.
  set clientIface($4.UInt32Value value) => $_setField(10, value);
                  ^^^^^^^^^^^^^^
lib/generated/spacex_api/device/wifi.pb.dart:11897:3: Error: Type '$4.UInt32Value' not found.
  $4.UInt32Value ensureClientIface() => $_ensure(9);
  ^^^^^^^^^^^^^^
lib/generated/spacex_api/device/wifi.pb.dart:11900:3: Error: Type '$4.StringValue' not found.
  $4.StringValue get clientOui => $_getN(10);
  ^^^^^^^^^^^^^^
lib/generated/spacex_api/device/wifi.pb.dart:11902:17: Error: Type '$4.StringValue' not found.
  set clientOui($4.StringValue value) => $_setField(11, value);
                ^^^^^^^^^^^^^^
lib/generated/spacex_api/device/wifi.pb.dart:11908:3: Error: Type '$4.StringValue' not found.
  $4.StringValue ensureClientOui() => $_ensure(10);
  ^^^^^^^^^^^^^^
lib/generated/spacex_api/device/wifi.pb.dart:11911:3: Error: Type '$4.UInt32Value' not found.
  $4.UInt32Value get clientTxRate => $_getN(11);
  ^^^^^^^^^^^^^^
lib/generated/spacex_api/device/wifi.pb.dart:11913:20: Error: Type '$4.UInt32Value' not found.
  set clientTxRate($4.UInt32Value value) => $_setField(12, value);
                   ^^^^^^^^^^^^^^
lib/generated/spacex_api/device/wifi.pb.dart:11919:3: Error: Type '$4.UInt32Value' not found.
  $4.UInt32Value ensureClientTxRate() => $_ensure(11);
  ^^^^^^^^^^^^^^
lib/generated/spacex_api/device/wifi.pb.dart:11922:3: Error: Type '$4.UInt32Value' not found.
  $4.UInt32Value get clientRxRate => $_getN(12);
  ^^^^^^^^^^^^^^
lib/generated/spacex_api/device/wifi.pb.dart:11924:20: Error: Type '$4.UInt32Value' not found.
  set clientRxRate($4.UInt32Value value) => $_setField(13, value);
                   ^^^^^^^^^^^^^^
lib/generated/spacex_api/device/wifi.pb.dart:11930:3: Error: Type '$4.UInt32Value' not found.
  $4.UInt32Value ensureClientRxRate() => $_ensure(12);
  ^^^^^^^^^^^^^^
lib/generated/spacex_api/device/wifi.pb.dart:11933:3: Error: Type '$4.UInt32Value' not found.
  $4.UInt32Value get clientTcpStreams => $_getN(13);
  ^^^^^^^^^^^^^^
lib/generated/spacex_api/device/wifi.pb.dart:11935:24: Error: Type '$4.UInt32Value' not found.
  set clientTcpStreams($4.UInt32Value value) => $_setField(16, value);
                       ^^^^^^^^^^^^^^
lib/generated/spacex_api/device/wifi.pb.dart:11941:3: Error: Type '$4.UInt32Value' not found.
  $4.UInt32Value ensureClientTcpStreams() => $_ensure(13);
  ^^^^^^^^^^^^^^
lib/generated/spacex_api/device/wifi.pb.dart:11966:3: Error: Type '$4.FloatValue' not found.
  $4.FloatValue get routerDownloadMbpsAvg => $_getN(16);
  ^^^^^^^^^^^^^
lib/generated/spacex_api/device/wifi.pb.dart:11968:29: Error: Type '$4.FloatValue' not found.
  set routerDownloadMbpsAvg($4.FloatValue value) => $_setField(19, value);
                            ^^^^^^^^^^^^^
lib/generated/spacex_api/device/wifi.pb.dart:11974:3: Error: Type '$4.FloatValue' not found.
  $4.FloatValue ensureRouterDownloadMbpsAvg() => $_ensure(16);
  ^^^^^^^^^^^^^
lib/generated/spacex_api/device/wifi.pb.dart:11977:3: Error: Type '$4.FloatValue' not found.
  $4.FloatValue get routerUploadMbpsAvg => $_getN(17);
  ^^^^^^^^^^^^^
lib/generated/spacex_api/device/wifi.pb.dart:11979:27: Error: Type '$4.FloatValue' not found.
  set routerUploadMbpsAvg($4.FloatValue value) => $_setField(20, value);
                          ^^^^^^^^^^^^^
lib/generated/spacex_api/device/wifi.pb.dart:11985:3: Error: Type '$4.FloatValue' not found.
  $4.FloatValue ensureRouterUploadMbpsAvg() => $_ensure(17);
  ^^^^^^^^^^^^^
lib/generated/spacex_api/device/wifi.pb.dart:11988:3: Error: Type '$4.UInt32Value' not found.
  $4.UInt32Value get routerTcpStreams => $_getN(18);
  ^^^^^^^^^^^^^^
lib/generated/spacex_api/device/wifi.pb.dart:11990:24: Error: Type '$4.UInt32Value' not found.
  set routerTcpStreams($4.UInt32Value value) => $_setField(22, value);
                       ^^^^^^^^^^^^^^
lib/generated/spacex_api/device/wifi.pb.dart:11996:3: Error: Type '$4.UInt32Value' not found.
  $4.UInt32Value ensureRouterTcpStreams() => $_ensure(18);
  ^^^^^^^^^^^^^^
lib/generated/spacex_api/device/wifi.pb.dart:12021:3: Error: Type '$4.FloatValue' not found.
  $4.FloatValue get wifiDownloadMbpsAvg => $_getN(21);
  ^^^^^^^^^^^^^
lib/generated/spacex_api/device/wifi.pb.dart:12023:27: Error: Type '$4.FloatValue' not found.
  set wifiDownloadMbpsAvg($4.FloatValue value) => $_setField(25, value);
                          ^^^^^^^^^^^^^
lib/generated/spacex_api/device/wifi.pb.dart:12029:3: Error: Type '$4.FloatValue' not found.
  $4.FloatValue ensureWifiDownloadMbpsAvg() => $_ensure(21);
  ^^^^^^^^^^^^^
lib/generated/spacex_api/device/wifi.pb.dart:12032:3: Error: Type '$4.FloatValue' not found.
  $4.FloatValue get wifiUploadMbpsAvg => $_getN(22);
  ^^^^^^^^^^^^^
lib/generated/spacex_api/device/wifi.pb.dart:12034:25: Error: Type '$4.FloatValue' not found.
  set wifiUploadMbpsAvg($4.FloatValue value) => $_setField(26, value);
                        ^^^^^^^^^^^^^
lib/generated/spacex_api/device/wifi.pb.dart:12040:3: Error: Type '$4.FloatValue' not found.
  $4.FloatValue ensureWifiUploadMbpsAvg() => $_ensure(22);
  ^^^^^^^^^^^^^
lib/generated/spacex_api/device/wifi.pb.dart:12043:3: Error: Type '$4.StringValue' not found.
  $4.StringValue get clientPlatformType => $_getN(23);
  ^^^^^^^^^^^^^^
lib/generated/spacex_api/device/wifi.pb.dart:12045:26: Error: Type '$4.StringValue' not found.
  set clientPlatformType($4.StringValue value) => $_setField(27, value);
                         ^^^^^^^^^^^^^^
lib/generated/spacex_api/device/wifi.pb.dart:12051:3: Error: Type '$4.StringValue' not found.
  $4.StringValue ensureClientPlatformType() => $_ensure(23);
  ^^^^^^^^^^^^^^
lib/generated/spacex_api/device/wifi.pb.dart:12054:3: Error: Type '$4.StringValue' not found.
  $4.StringValue get clientTarget => $_getN(24);
  ^^^^^^^^^^^^^^
lib/generated/spacex_api/device/wifi.pb.dart:12056:20: Error: Type '$4.StringValue' not found.
  set clientTarget($4.StringValue value) => $_setField(28, value);
                   ^^^^^^^^^^^^^^
lib/generated/spacex_api/device/wifi.pb.dart:12062:3: Error: Type '$4.StringValue' not found.
  $4.StringValue ensureClientTarget() => $_ensure(24);
  ^^^^^^^^^^^^^^
lib/generated/spacex_api/device/wifi.pb.dart:12065:3: Error: Type '$4.StringValue' not found.
  $4.StringValue get routerTarget => $_getN(25);
  ^^^^^^^^^^^^^^
lib/generated/spacex_api/device/wifi.pb.dart:12067:20: Error: Type '$4.StringValue' not found.
  set routerTarget($4.StringValue value) => $_setField(29, value);
                   ^^^^^^^^^^^^^^
lib/generated/spacex_api/device/wifi.pb.dart:12073:3: Error: Type '$4.StringValue' not found.
  $4.StringValue ensureRouterTarget() => $_ensure(25);
  ^^^^^^^^^^^^^^
lib/generated/spacex_api/device/wifi.pb.dart:12076:3: Error: Type '$4.StringValue' not found.
  $4.StringValue get speedtestId => $_getN(26);
  ^^^^^^^^^^^^^^
lib/generated/spacex_api/device/wifi.pb.dart:12078:19: Error: Type '$4.StringValue' not found.
  set speedtestId($4.StringValue value) => $_setField(30, value);
                  ^^^^^^^^^^^^^^
lib/generated/spacex_api/device/wifi.pb.dart:12084:3: Error: Type '$4.StringValue' not found.
  $4.StringValue ensureSpeedtestId() => $_ensure(26);
  ^^^^^^^^^^^^^^
lib/generated/spacex_api/device/wifi.pb.dart:12087:3: Error: Type '$4.UInt32Value' not found.
  $4.UInt32Value get clientRxPhyMode => $_getN(27);
  ^^^^^^^^^^^^^^
lib/generated/spacex_api/device/wifi.pb.dart:12089:23: Error: Type '$4.UInt32Value' not found.
  set clientRxPhyMode($4.UInt32Value value) => $_setField(31, value);
                      ^^^^^^^^^^^^^^
lib/generated/spacex_api/device/wifi.pb.dart:12095:3: Error: Type '$4.UInt32Value' not found.
  $4.UInt32Value ensureClientRxPhyMode() => $_ensure(27);
  ^^^^^^^^^^^^^^
lib/generated/spacex_api/device/wifi.pb.dart:12098:3: Error: Type '$4.UInt32Value' not found.
  $4.UInt32Value get clientRxSpatialStreams => $_getN(28);
  ^^^^^^^^^^^^^^
lib/generated/spacex_api/device/wifi.pb.dart:12100:30: Error: Type '$4.UInt32Value' not found.
  set clientRxSpatialStreams($4.UInt32Value value) => $_setField(32, value);
                             ^^^^^^^^^^^^^^
lib/generated/spacex_api/device/wifi.pb.dart:12106:3: Error: Type '$4.UInt32Value' not found.
  $4.UInt32Value ensureClientRxSpatialStreams() => $_ensure(28);
  ^^^^^^^^^^^^^^
lib/generated/spacex_api/device/wifi.pb.dart:12109:3: Error: Type '$4.UInt32Value' not found.
  $4.UInt32Value get clientRxMcs => $_getN(29);
  ^^^^^^^^^^^^^^
lib/generated/spacex_api/device/wifi.pb.dart:12111:19: Error: Type '$4.UInt32Value' not found.
  set clientRxMcs($4.UInt32Value value) => $_setField(33, value);
                  ^^^^^^^^^^^^^^
lib/generated/spacex_api/device/wifi.pb.dart:12117:3: Error: Type '$4.UInt32Value' not found.
  $4.UInt32Value ensureClientRxMcs() => $_ensure(29);
  ^^^^^^^^^^^^^^
lib/generated/spacex_api/device/wifi.pb.dart:12120:3: Error: Type '$4.StringValue' not found.
  $4.StringValue get clientAppVersion => $_getN(30);
  ^^^^^^^^^^^^^^
lib/generated/spacex_api/device/wifi.pb.dart:12122:24: Error: Type '$4.StringValue' not found.
  set clientAppVersion($4.StringValue value) => $_setField(34, value);
                       ^^^^^^^^^^^^^^
lib/generated/spacex_api/device/wifi.pb.dart:12128:3: Error: Type '$4.StringValue' not found.
  $4.StringValue ensureClientAppVersion() => $_ensure(30);
  ^^^^^^^^^^^^^^
lib/generated/spacex_api/device/wifi.pb.dart:12131:3: Error: Type '$4.UInt32Value' not found.
  $4.UInt32Value get clientAppBuild => $_getN(31);
  ^^^^^^^^^^^^^^
lib/generated/spacex_api/device/wifi.pb.dart:12133:22: Error: Type '$4.UInt32Value' not found.
  set clientAppBuild($4.UInt32Value value) => $_setField(35, value);
                     ^^^^^^^^^^^^^^
lib/generated/spacex_api/device/wifi.pb.dart:12139:3: Error: Type '$4.UInt32Value' not found.
  $4.UInt32Value ensureClientAppBuild() => $_ensure(31);
  ^^^^^^^^^^^^^^
lib/generated/spacex_api/device/wifi.pb.dart:12148:5: Error: Type '$4.StringValue' not found.
    $4.StringValue? oui,
    ^^^^^^^^^^^^^^
lib/generated/spacex_api/device/wifi.pb.dart:12149:5: Error: Type '$4.StringValue' not found.
    $4.StringValue? upstreamId,
    ^^^^^^^^^^^^^^
lib/generated/spacex_api/device/wifi.pb.dart:12150:5: Error: Type '$4.BoolValue' not found.
    $4.BoolValue? isRepeater,
    ^^^^^^^^^^^^
lib/generated/spacex_api/device/wifi.pb.dart:12151:5: Error: Type '$4.UInt32Value' not found.
    $4.UInt32Value? connectedS,
    ^^^^^^^^^^^^^^
lib/generated/spacex_api/device/wifi.pb.dart:12152:5: Error: Type '$4.StringValue' not found.
    $4.StringValue? interface,
    ^^^^^^^^^^^^^^
lib/generated/spacex_api/device/wifi.pb.dart:12153:5: Error: Type '$4.UInt32Value' not found.
    $4.UInt32Value? radioChannel,
    ^^^^^^^^^^^^^^
lib/generated/spacex_api/device/wifi.pb.dart:12154:5: Error: Type '$4.FloatValue' not found.
    $4.FloatValue? rssi,
    ^^^^^^^^^^^^^
lib/generated/spacex_api/device/wifi.pb.dart:12155:5: Error: Type '$4.UInt32Value' not found.
    $4.UInt32Value? rxMcs,
    ^^^^^^^^^^^^^^
lib/generated/spacex_api/device/wifi.pb.dart:12156:5: Error: Type '$4.UInt32Value' not found.
    $4.UInt32Value? txMcs,
    ^^^^^^^^^^^^^^
lib/generated/spacex_api/device/wifi.pb.dart:12157:5: Error: Type '$4.UInt32Value' not found.
    $4.UInt32Value? rxRate,
    ^^^^^^^^^^^^^^
lib/generated/spacex_api/device/wifi.pb.dart:12158:5: Error: Type '$4.UInt32Value' not found.
    $4.UInt32Value? txRate,
    ^^^^^^^^^^^^^^
lib/generated/spacex_api/device/wifi.pb.dart:12159:5: Error: Type '$4.UInt32Value' not found.
    $4.UInt32Value? rxBandwidth,
    ^^^^^^^^^^^^^^
lib/generated/spacex_api/device/wifi.pb.dart:12160:5: Error: Type '$4.UInt32Value' not found.
    $4.UInt32Value? rxSpatialStreams,
    ^^^^^^^^^^^^^^
lib/generated/spacex_api/device/wifi.pb.dart:12161:5: Error: Type '$4.UInt32Value' not found.
    $4.UInt32Value? rxPhyMode,
    ^^^^^^^^^^^^^^
lib/generated/spacex_api/device/wifi.pb.dart:12162:5: Error: Type '$4.FloatValue' not found.
    $4.FloatValue? pingDropRateLast1h,
    ^^^^^^^^^^^^^
lib/generated/spacex_api/device/wifi.pb.dart:12163:5: Error: Type '$4.FloatValue' not found.
    $4.FloatValue? pingLatencyLast1h,
    ^^^^^^^^^^^^^
lib/generated/spacex_api/device/wifi.pb.dart:12164:5: Error: Type '$4.StringValue' not found.
    $4.StringValue? steerState,
    ^^^^^^^^^^^^^^
lib/generated/spacex_api/device/wifi.pb.dart:12165:5: Error: Type '$4.UInt32Value' not found.
    $4.UInt32Value? meshHops,
    ^^^^^^^^^^^^^^
lib/generated/spacex_api/device/wifi.pb.dart:12166:5: Error: Type '$4.StringValue' not found.
    $4.StringValue? routerHw,
    ^^^^^^^^^^^^^^
lib/generated/spacex_api/device/wifi.pb.dart:12167:5: Error: Type '$4.StringValue' not found.
    $4.StringValue? routerSw,
    ^^^^^^^^^^^^^^
lib/generated/spacex_api/device/wifi.pb.dart:12168:5: Error: Type '$4.StringValue' not found.
    $4.StringValue? clientRouterId,
    ^^^^^^^^^^^^^^
lib/generated/spacex_api/device/wifi.pb.dart:12169:5: Error: Type '$4.StringValue' not found.
    $4.StringValue? clientHw,
    ^^^^^^^^^^^^^^
lib/generated/spacex_api/device/wifi.pb.dart:12170:5: Error: Type '$4.StringValue' not found.
    $4.StringValue? clientSw,
    ^^^^^^^^^^^^^^
lib/generated/spacex_api/device/wifi.pb.dart:12171:5: Error: Type '$4.FloatValue' not found.
    $4.FloatValue? speedtestUploadMbps,
    ^^^^^^^^^^^^^
lib/generated/spacex_api/device/wifi.pb.dart:12172:5: Error: Type '$4.FloatValue' not found.
    $4.FloatValue? speedtestDownloadMbps,
    ^^^^^^^^^^^^^
lib/generated/spacex_api/device/wifi.pb.dart:12173:5: Error: Type '$4.BoolValue' not found.
    $4.BoolValue? blocked,
    ^^^^^^^^^^^^
lib/generated/spacex_api/device/wifi.pb.dart:12174:5: Error: Type '$4.FloatValue' not found.
    $4.FloatValue? siteSurveyRssi,
    ^^^^^^^^^^^^^
lib/generated/spacex_api/device/wifi.pb.dart:12175:5: Error: Type '$4.FloatValue' not found.
    $4.FloatValue? siteSurveyEstRxRate,
    ^^^^^^^^^^^^^
lib/generated/spacex_api/device/wifi.pb.dart:12176:5: Error: Type '$4.UInt32Value' not found.
    $4.UInt32Value? estControllerThroughputMbps,
    ^^^^^^^^^^^^^^
lib/generated/spacex_api/device/wifi.pb.dart:12177:5: Error: Type '$4.BoolValue' not found.
    $4.BoolValue? hasDhcpV4Lease,
    ^^^^^^^^^^^^
lib/generated/spacex_api/device/wifi.pb.dart:12178:5: Error: Type '$4.StringValue' not found.
    $4.StringValue? ipv4Address,
    ^^^^^^^^^^^^^^
lib/generated/spacex_api/device/wifi.pb.dart:12179:5: Error: Type '$4.BoolValue' not found.
    $4.BoolValue? hasHostname,
    ^^^^^^^^^^^^
lib/generated/spacex_api/device/wifi.pb.dart:12180:5: Error: Type '$4.BoolValue' not found.
    $4.BoolValue? dhcpV4LeaseIsActive,
    ^^^^^^^^^^^^
lib/generated/spacex_api/device/wifi.pb.dart:12181:5: Error: Type '$4.BoolValue' not found.
    $4.BoolValue? dhcpV4LeaseWasRenewed,
    ^^^^^^^^^^^^
lib/generated/spacex_api/device/wifi.pb.dart:12182:5: Error: Type '$4.FloatValue' not found.
    $4.FloatValue? secondsUntilDhcpV4LeaseExpires,
    ^^^^^^^^^^^^^
lib/generated/spacex_api/device/wifi.pb.dart:12183:5: Error: Type '$4.UInt32Value' not found.
    $4.UInt32Value? routerUptimeS,
    ^^^^^^^^^^^^^^
lib/generated/spacex_api/device/wifi.pb.dart:12184:5: Error: Type '$4.UInt32Value' not found.
    $4.UInt32Value? dissociationsUnder10s,
    ^^^^^^^^^^^^^^
lib/generated/spacex_api/device/wifi.pb.dart:12185:5: Error: Type '$4.UInt32Value' not found.
    $4.UInt32Value? dissociationsUnder30s,
    ^^^^^^^^^^^^^^
lib/generated/spacex_api/device/wifi.pb.dart:12186:5: Error: Type '$4.UInt32Value' not found.
    $4.UInt32Value? dissociationsUnder60s,
    ^^^^^^^^^^^^^^
lib/generated/spacex_api/device/wifi.pb.dart:12187:5: Error: Type '$4.UInt32Value' not found.
    $4.UInt32Value? dissociationsUnder120s,
    ^^^^^^^^^^^^^^
lib/generated/spacex_api/device/wifi.pb.dart:12188:5: Error: Type '$4.FloatValue' not found.
    $4.FloatValue? secondsToConnTcpIpv4,
    ^^^^^^^^^^^^^
lib/generated/spacex_api/device/wifi.pb.dart:12189:5: Error: Type '$4.FloatValue' not found.
    $4.FloatValue? secondsToConnTcpIpv6,
    ^^^^^^^^^^^^^
lib/generated/spacex_api/device/wifi.pb.dart:12190:5: Error: Type '$4.FloatValue' not found.
    $4.FloatValue? secondsToConnUdpIpv4,
    ^^^^^^^^^^^^^
lib/generated/spacex_api/device/wifi.pb.dart:12191:5: Error: Type '$4.FloatValue' not found.
    $4.FloatValue? secondsToConnUdpIpv6,
    ^^^^^^^^^^^^^
lib/generated/spacex_api/device/wifi.pb.dart:12192:5: Error: Type '$4.UInt32Value' not found.
    $4.UInt32Value? flowsTcpIpv4,
    ^^^^^^^^^^^^^^
lib/generated/spacex_api/device/wifi.pb.dart:12193:5: Error: Type '$4.UInt32Value' not found.
    $4.UInt32Value? flowsTcpIpv6,
    ^^^^^^^^^^^^^^
lib/generated/spacex_api/device/wifi.pb.dart:12194:5: Error: Type '$4.UInt32Value' not found.
    $4.UInt32Value? flowsUdpIpv4,
    ^^^^^^^^^^^^^^
lib/generated/spacex_api/device/wifi.pb.dart:12195:5: Error: Type '$4.UInt32Value' not found.
    $4.UInt32Value? flowsUdpIpv6,
    ^^^^^^^^^^^^^^
lib/generated/spacex_api/device/wifi.pb.dart:12454:3: Error: Type '$4.StringValue' not found.
  $4.StringValue get oui => $_getN(4);
  ^^^^^^^^^^^^^^
lib/generated/spacex_api/device/wifi.pb.dart:12456:11: Error: Type '$4.StringValue' not found.
  set oui($4.StringValue value) => $_setField(101, value);
          ^^^^^^^^^^^^^^
lib/generated/spacex_api/device/wifi.pb.dart:12462:3: Error: Type '$4.StringValue' not found.
  $4.StringValue ensureOui() => $_ensure(4);
  ^^^^^^^^^^^^^^
lib/generated/spacex_api/device/wifi.pb.dart:12465:3: Error: Type '$4.StringValue' not found.
  $4.StringValue get upstreamId => $_getN(5);
  ^^^^^^^^^^^^^^
lib/generated/spacex_api/device/wifi.pb.dart:12467:18: Error: Type '$4.StringValue' not found.
  set upstreamId($4.StringValue value) => $_setField(102, value);
                 ^^^^^^^^^^^^^^
lib/generated/spacex_api/device/wifi.pb.dart:12473:3: Error: Type '$4.StringValue' not found.
  $4.StringValue ensureUpstreamId() => $_ensure(5);
  ^^^^^^^^^^^^^^
lib/generated/spacex_api/device/wifi.pb.dart:12476:3: Error: Type '$4.BoolValue' not found.
  $4.BoolValue get isRepeater => $_getN(6);
  ^^^^^^^^^^^^
lib/generated/spacex_api/device/wifi.pb.dart:12478:18: Error: Type '$4.BoolValue' not found.
  set isRepeater($4.BoolValue value) => $_setField(103, value);
                 ^^^^^^^^^^^^
lib/generated/spacex_api/device/wifi.pb.dart:12484:3: Error: Type '$4.BoolValue' not found.
  $4.BoolValue ensureIsRepeater() => $_ensure(6);
  ^^^^^^^^^^^^
lib/generated/spacex_api/device/wifi.pb.dart:12487:3: Error: Type '$4.UInt32Value' not found.
  $4.UInt32Value get connectedS => $_getN(7);
  ^^^^^^^^^^^^^^
lib/generated/spacex_api/device/wifi.pb.dart:12489:18: Error: Type '$4.UInt32Value' not found.
  set connectedS($4.UInt32Value value) => $_setField(104, value);
                 ^^^^^^^^^^^^^^
lib/generated/spacex_api/device/wifi.pb.dart:12495:3: Error: Type '$4.UInt32Value' not found.
  $4.UInt32Value ensureConnectedS() => $_ensure(7);
  ^^^^^^^^^^^^^^
lib/generated/spacex_api/device/wifi.pb.dart:12498:3: Error: Type '$4.StringValue' not found.
  $4.StringValue get interface => $_getN(8);
  ^^^^^^^^^^^^^^
lib/generated/spacex_api/device/wifi.pb.dart:12500:17: Error: Type '$4.StringValue' not found.
  set interface($4.StringValue value) => $_setField(105, value);
                ^^^^^^^^^^^^^^
lib/generated/spacex_api/device/wifi.pb.dart:12506:3: Error: Type '$4.StringValue' not found.
  $4.StringValue ensureInterface() => $_ensure(8);
  ^^^^^^^^^^^^^^
lib/generated/spacex_api/device/wifi.pb.dart:12509:3: Error: Type '$4.UInt32Value' not found.
  $4.UInt32Value get radioChannel => $_getN(9);
  ^^^^^^^^^^^^^^
lib/generated/spacex_api/device/wifi.pb.dart:12511:20: Error: Type '$4.UInt32Value' not found.
  set radioChannel($4.UInt32Value value) => $_setField(106, value);
                   ^^^^^^^^^^^^^^
lib/generated/spacex_api/device/wifi.pb.dart:12517:3: Error: Type '$4.UInt32Value' not found.
  $4.UInt32Value ensureRadioChannel() => $_ensure(9);
  ^^^^^^^^^^^^^^
lib/generated/spacex_api/device/wifi.pb.dart:12520:3: Error: Type '$4.FloatValue' not found.
  $4.FloatValue get rssi => $_getN(10);
  ^^^^^^^^^^^^^
lib/generated/spacex_api/device/wifi.pb.dart:12522:12: Error: Type '$4.FloatValue' not found.
  set rssi($4.FloatValue value) => $_setField(107, value);
           ^^^^^^^^^^^^^
lib/generated/spacex_api/device/wifi.pb.dart:12528:3: Error: Type '$4.FloatValue' not found.
  $4.FloatValue ensureRssi() => $_ensure(10);
  ^^^^^^^^^^^^^
lib/generated/spacex_api/device/wifi.pb.dart:12531:3: Error: Type '$4.UInt32Value' not found.
  $4.UInt32Value get rxMcs => $_getN(11);
  ^^^^^^^^^^^^^^
lib/generated/spacex_api/device/wifi.pb.dart:12533:13: Error: Type '$4.UInt32Value' not found.
  set rxMcs($4.UInt32Value value) => $_setField(108, value);
            ^^^^^^^^^^^^^^
lib/generated/spacex_api/device/wifi.pb.dart:12539:3: Error: Type '$4.UInt32Value' not found.
  $4.UInt32Value ensureRxMcs() => $_ensure(11);
  ^^^^^^^^^^^^^^
lib/generated/spacex_api/device/wifi.pb.dart:12542:3: Error: Type '$4.UInt32Value' not found.
  $4.UInt32Value get txMcs => $_getN(12);
  ^^^^^^^^^^^^^^
lib/generated/spacex_api/device/wifi.pb.dart:12544:13: Error: Type '$4.UInt32Value' not found.
  set txMcs($4.UInt32Value value) => $_setField(109, value);
            ^^^^^^^^^^^^^^
lib/generated/spacex_api/device/wifi.pb.dart:12550:3: Error: Type '$4.UInt32Value' not found.
  $4.UInt32Value ensureTxMcs() => $_ensure(12);
  ^^^^^^^^^^^^^^
lib/generated/spacex_api/device/wifi.pb.dart:12553:3: Error: Type '$4.UInt32Value' not found.
  $4.UInt32Value get rxRate => $_getN(13);
  ^^^^^^^^^^^^^^
lib/generated/spacex_api/device/wifi.pb.dart:12555:14: Error: Type '$4.UInt32Value' not found.
  set rxRate($4.UInt32Value value) => $_setField(110, value);
             ^^^^^^^^^^^^^^
lib/generated/spacex_api/device/wifi.pb.dart:12561:3: Error: Type '$4.UInt32Value' not found.
  $4.UInt32Value ensureRxRate() => $_ensure(13);
  ^^^^^^^^^^^^^^
lib/generated/spacex_api/device/wifi.pb.dart:12564:3: Error: Type '$4.UInt32Value' not found.
  $4.UInt32Value get txRate => $_getN(14);
  ^^^^^^^^^^^^^^
lib/generated/spacex_api/device/wifi.pb.dart:12566:14: Error: Type '$4.UInt32Value' not found.
  set txRate($4.UInt32Value value) => $_setField(111, value);
             ^^^^^^^^^^^^^^
lib/generated/spacex_api/device/wifi.pb.dart:12572:3: Error: Type '$4.UInt32Value' not found.
  $4.UInt32Value ensureTxRate() => $_ensure(14);
  ^^^^^^^^^^^^^^
lib/generated/spacex_api/device/wifi.pb.dart:12575:3: Error: Type '$4.UInt32Value' not found.
  $4.UInt32Value get rxBandwidth => $_getN(15);
  ^^^^^^^^^^^^^^
lib/generated/spacex_api/device/wifi.pb.dart:12577:19: Error: Type '$4.UInt32Value' not found.
  set rxBandwidth($4.UInt32Value value) => $_setField(112, value);
                  ^^^^^^^^^^^^^^
lib/generated/spacex_api/device/wifi.pb.dart:12583:3: Error: Type '$4.UInt32Value' not found.
  $4.UInt32Value ensureRxBandwidth() => $_ensure(15);
  ^^^^^^^^^^^^^^
lib/generated/spacex_api/device/wifi.pb.dart:12586:3: Error: Type '$4.UInt32Value' not found.
  $4.UInt32Value get rxSpatialStreams => $_getN(16);
  ^^^^^^^^^^^^^^
lib/generated/spacex_api/device/wifi.pb.dart:12588:24: Error: Type '$4.UInt32Value' not found.
  set rxSpatialStreams($4.UInt32Value value) => $_setField(113, value);
                       ^^^^^^^^^^^^^^
lib/generated/spacex_api/device/wifi.pb.dart:12594:3: Error: Type '$4.UInt32Value' not found.
  $4.UInt32Value ensureRxSpatialStreams() => $_ensure(16);
  ^^^^^^^^^^^^^^
lib/generated/spacex_api/device/wifi.pb.dart:12597:3: Error: Type '$4.UInt32Value' not found.
  $4.UInt32Value get rxPhyMode => $_getN(17);
  ^^^^^^^^^^^^^^
lib/generated/spacex_api/device/wifi.pb.dart:12599:17: Error: Type '$4.UInt32Value' not found.
  set rxPhyMode($4.UInt32Value value) => $_setField(114, value);
                ^^^^^^^^^^^^^^
lib/generated/spacex_api/device/wifi.pb.dart:12605:3: Error: Type '$4.UInt32Value' not found.
  $4.UInt32Value ensureRxPhyMode() => $_ensure(17);
  ^^^^^^^^^^^^^^
lib/generated/spacex_api/device/wifi.pb.dart:12608:3: Error: Type '$4.FloatValue' not found.
  $4.FloatValue get pingDropRateLast1h => $_getN(18);
  ^^^^^^^^^^^^^
lib/generated/spacex_api/device/wifi.pb.dart:12610:26: Error: Type '$4.FloatValue' not found.
  set pingDropRateLast1h($4.FloatValue value) => $_setField(115, value);
                         ^^^^^^^^^^^^^
lib/generated/spacex_api/device/wifi.pb.dart:12616:3: Error: Type '$4.FloatValue' not found.
  $4.FloatValue ensurePingDropRateLast1h() => $_ensure(18);
  ^^^^^^^^^^^^^
lib/generated/spacex_api/device/wifi.pb.dart:12619:3: Error: Type '$4.FloatValue' not found.
  $4.FloatValue get pingLatencyLast1h => $_getN(19);
  ^^^^^^^^^^^^^
lib/generated/spacex_api/device/wifi.pb.dart:12621:25: Error: Type '$4.FloatValue' not found.
  set pingLatencyLast1h($4.FloatValue value) => $_setField(116, value);
                        ^^^^^^^^^^^^^
lib/generated/spacex_api/device/wifi.pb.dart:12627:3: Error: Type '$4.FloatValue' not found.
  $4.FloatValue ensurePingLatencyLast1h() => $_ensure(19);
  ^^^^^^^^^^^^^
lib/generated/spacex_api/device/wifi.pb.dart:12630:3: Error: Type '$4.StringValue' not found.
  $4.StringValue get steerState => $_getN(20);
  ^^^^^^^^^^^^^^
lib/generated/spacex_api/device/wifi.pb.dart:12632:18: Error: Type '$4.StringValue' not found.
  set steerState($4.StringValue value) => $_setField(117, value);
                 ^^^^^^^^^^^^^^
lib/generated/spacex_api/device/wifi.pb.dart:12638:3: Error: Type '$4.StringValue' not found.
  $4.StringValue ensureSteerState() => $_ensure(20);
  ^^^^^^^^^^^^^^
lib/generated/spacex_api/device/wifi.pb.dart:12641:3: Error: Type '$4.UInt32Value' not found.
  $4.UInt32Value get meshHops => $_getN(21);
  ^^^^^^^^^^^^^^
lib/generated/spacex_api/device/wifi.pb.dart:12643:16: Error: Type '$4.UInt32Value' not found.
  set meshHops($4.UInt32Value value) => $_setField(118, value);
               ^^^^^^^^^^^^^^
lib/generated/spacex_api/device/wifi.pb.dart:12649:3: Error: Type '$4.UInt32Value' not found.
  $4.UInt32Value ensureMeshHops() => $_ensure(21);
  ^^^^^^^^^^^^^^
lib/generated/spacex_api/device/wifi.pb.dart:12652:3: Error: Type '$4.StringValue' not found.
  $4.StringValue get routerHw => $_getN(22);
  ^^^^^^^^^^^^^^
lib/generated/spacex_api/device/wifi.pb.dart:12654:16: Error: Type '$4.StringValue' not found.
  set routerHw($4.StringValue value) => $_setField(119, value);
               ^^^^^^^^^^^^^^
lib/generated/spacex_api/device/wifi.pb.dart:12660:3: Error: Type '$4.StringValue' not found.
  $4.StringValue ensureRouterHw() => $_ensure(22);
  ^^^^^^^^^^^^^^
lib/generated/spacex_api/device/wifi.pb.dart:12663:3: Error: Type '$4.StringValue' not found.
  $4.StringValue get routerSw => $_getN(23);
  ^^^^^^^^^^^^^^
lib/generated/spacex_api/device/wifi.pb.dart:12665:16: Error: Type '$4.StringValue' not found.
  set routerSw($4.StringValue value) => $_setField(120, value);
               ^^^^^^^^^^^^^^
lib/generated/spacex_api/device/wifi.pb.dart:12671:3: Error: Type '$4.StringValue' not found.
  $4.StringValue ensureRouterSw() => $_ensure(23);
  ^^^^^^^^^^^^^^
lib/generated/spacex_api/device/wifi.pb.dart:12674:3: Error: Type '$4.StringValue' not found.
  $4.StringValue get clientRouterId => $_getN(24);
  ^^^^^^^^^^^^^^
lib/generated/spacex_api/device/wifi.pb.dart:12676:22: Error: Type '$4.StringValue' not found.
  set clientRouterId($4.StringValue value) => $_setField(121, value);
                     ^^^^^^^^^^^^^^
lib/generated/spacex_api/device/wifi.pb.dart:12682:3: Error: Type '$4.StringValue' not found.
  $4.StringValue ensureClientRouterId() => $_ensure(24);
  ^^^^^^^^^^^^^^
lib/generated/spacex_api/device/wifi.pb.dart:12685:3: Error: Type '$4.StringValue' not found.
  $4.StringValue get clientHw => $_getN(25);
  ^^^^^^^^^^^^^^
lib/generated/spacex_api/device/wifi.pb.dart:12687:16: Error: Type '$4.StringValue' not found.
  set clientHw($4.StringValue value) => $_setField(122, value);
               ^^^^^^^^^^^^^^
lib/generated/spacex_api/device/wifi.pb.dart:12693:3: Error: Type '$4.StringValue' not found.
  $4.StringValue ensureClientHw() => $_ensure(25);
  ^^^^^^^^^^^^^^
lib/generated/spacex_api/device/wifi.pb.dart:12696:3: Error: Type '$4.StringValue' not found.
  $4.StringValue get clientSw => $_getN(26);
  ^^^^^^^^^^^^^^
lib/generated/spacex_api/device/wifi.pb.dart:12698:16: Error: Type '$4.StringValue' not found.
  set clientSw($4.StringValue value) => $_setField(123, value);
               ^^^^^^^^^^^^^^
lib/generated/spacex_api/device/wifi.pb.dart:12704:3: Error: Type '$4.StringValue' not found.
  $4.StringValue ensureClientSw() => $_ensure(26);
  ^^^^^^^^^^^^^^
lib/generated/spacex_api/device/wifi.pb.dart:12707:3: Error: Type '$4.FloatValue' not found.
  $4.FloatValue get speedtestUploadMbps => $_getN(27);
  ^^^^^^^^^^^^^
lib/generated/spacex_api/device/wifi.pb.dart:12709:27: Error: Type '$4.FloatValue' not found.
  set speedtestUploadMbps($4.FloatValue value) => $_setField(124, value);
                          ^^^^^^^^^^^^^
lib/generated/spacex_api/device/wifi.pb.dart:12715:3: Error: Type '$4.FloatValue' not found.
  $4.FloatValue ensureSpeedtestUploadMbps() => $_ensure(27);
  ^^^^^^^^^^^^^
lib/generated/spacex_api/device/wifi.pb.dart:12718:3: Error: Type '$4.FloatValue' not found.
  $4.FloatValue get speedtestDownloadMbps => $_getN(28);
  ^^^^^^^^^^^^^
lib/generated/spacex_api/device/wifi.pb.dart:12720:29: Error: Type '$4.FloatValue' not found.
  set speedtestDownloadMbps($4.FloatValue value) => $_setField(125, value);
                            ^^^^^^^^^^^^^
lib/generated/spacex_api/device/wifi.pb.dart:12726:3: Error: Type '$4.FloatValue' not found.
  $4.FloatValue ensureSpeedtestDownloadMbps() => $_ensure(28);
  ^^^^^^^^^^^^^
lib/generated/spacex_api/device/wifi.pb.dart:12729:3: Error: Type '$4.BoolValue' not found.
  $4.BoolValue get blocked => $_getN(29);
  ^^^^^^^^^^^^
lib/generated/spacex_api/device/wifi.pb.dart:12731:15: Error: Type '$4.BoolValue' not found.
  set blocked($4.BoolValue value) => $_setField(126, value);
              ^^^^^^^^^^^^
lib/generated/spacex_api/device/wifi.pb.dart:12737:3: Error: Type '$4.BoolValue' not found.
  $4.BoolValue ensureBlocked() => $_ensure(29);
  ^^^^^^^^^^^^
lib/generated/spacex_api/device/wifi.pb.dart:12740:3: Error: Type '$4.FloatValue' not found.
  $4.FloatValue get siteSurveyRssi => $_getN(30);
  ^^^^^^^^^^^^^
lib/generated/spacex_api/device/wifi.pb.dart:12742:22: Error: Type '$4.FloatValue' not found.
  set siteSurveyRssi($4.FloatValue value) => $_setField(127, value);
                     ^^^^^^^^^^^^^
lib/generated/spacex_api/device/wifi.pb.dart:12748:3: Error: Type '$4.FloatValue' not found.
  $4.FloatValue ensureSiteSurveyRssi() => $_ensure(30);
  ^^^^^^^^^^^^^
lib/generated/spacex_api/device/wifi.pb.dart:12751:3: Error: Type '$4.FloatValue' not found.
  $4.FloatValue get siteSurveyEstRxRate => $_getN(31);
  ^^^^^^^^^^^^^
lib/generated/spacex_api/device/wifi.pb.dart:12753:27: Error: Type '$4.FloatValue' not found.
  set siteSurveyEstRxRate($4.FloatValue value) => $_setField(128, value);
                          ^^^^^^^^^^^^^
lib/generated/spacex_api/device/wifi.pb.dart:12759:3: Error: Type '$4.FloatValue' not found.
  $4.FloatValue ensureSiteSurveyEstRxRate() => $_ensure(31);
  ^^^^^^^^^^^^^
lib/generated/spacex_api/device/wifi.pb.dart:12762:3: Error: Type '$4.UInt32Value' not found.
  $4.UInt32Value get estControllerThroughputMbps => $_getN(32);
  ^^^^^^^^^^^^^^
lib/generated/spacex_api/device/wifi.pb.dart:12764:35: Error: Type '$4.UInt32Value' not found.
  set estControllerThroughputMbps($4.UInt32Value value) =>
                                  ^^^^^^^^^^^^^^
lib/generated/spacex_api/device/wifi.pb.dart:12771:3: Error: Type '$4.UInt32Value' not found.
  $4.UInt32Value ensureEstControllerThroughputMbps() => $_ensure(32);
  ^^^^^^^^^^^^^^
lib/generated/spacex_api/device/wifi.pb.dart:12774:3: Error: Type '$4.BoolValue' not found.
  $4.BoolValue get hasDhcpV4Lease => $_getN(33);
  ^^^^^^^^^^^^
lib/generated/spacex_api/device/wifi.pb.dart:12776:22: Error: Type '$4.BoolValue' not found.
  set hasDhcpV4Lease($4.BoolValue value) => $_setField(130, value);
                     ^^^^^^^^^^^^
lib/generated/spacex_api/device/wifi.pb.dart:12782:3: Error: Type '$4.BoolValue' not found.
  $4.BoolValue ensureHasDhcpV4Lease() => $_ensure(33);
  ^^^^^^^^^^^^
lib/generated/spacex_api/device/wifi.pb.dart:12785:3: Error: Type '$4.StringValue' not found.
  $4.StringValue get ipv4Address => $_getN(34);
  ^^^^^^^^^^^^^^
lib/generated/spacex_api/device/wifi.pb.dart:12787:19: Error: Type '$4.StringValue' not found.
  set ipv4Address($4.StringValue value) => $_setField(131, value);
                  ^^^^^^^^^^^^^^
lib/generated/spacex_api/device/wifi.pb.dart:12793:3: Error: Type '$4.StringValue' not found.
  $4.StringValue ensureIpv4Address() => $_ensure(34);
  ^^^^^^^^^^^^^^
lib/generated/spacex_api/device/wifi.pb.dart:12796:3: Error: Type '$4.BoolValue' not found.
  $4.BoolValue get hasHostname => $_getN(35);
  ^^^^^^^^^^^^
lib/generated/spacex_api/device/wifi.pb.dart:12798:19: Error: Type '$4.BoolValue' not found.
  set hasHostname($4.BoolValue value) => $_setField(132, value);
                  ^^^^^^^^^^^^
lib/generated/spacex_api/device/wifi.pb.dart:12804:3: Error: Type '$4.BoolValue' not found.
  $4.BoolValue ensureHasHostname() => $_ensure(35);
  ^^^^^^^^^^^^
lib/generated/spacex_api/device/wifi.pb.dart:12807:3: Error: Type '$4.BoolValue' not found.
  $4.BoolValue get dhcpV4LeaseIsActive => $_getN(36);
  ^^^^^^^^^^^^
lib/generated/spacex_api/device/wifi.pb.dart:12809:27: Error: Type '$4.BoolValue' not found.
  set dhcpV4LeaseIsActive($4.BoolValue value) => $_setField(133, value);
                          ^^^^^^^^^^^^
lib/generated/spacex_api/device/wifi.pb.dart:12815:3: Error: Type '$4.BoolValue' not found.
  $4.BoolValue ensureDhcpV4LeaseIsActive() => $_ensure(36);
  ^^^^^^^^^^^^
lib/generated/spacex_api/device/wifi.pb.dart:12818:3: Error: Type '$4.BoolValue' not found.
  $4.BoolValue get dhcpV4LeaseWasRenewed => $_getN(37);
  ^^^^^^^^^^^^
lib/generated/spacex_api/device/wifi.pb.dart:12820:29: Error: Type '$4.BoolValue' not found.
  set dhcpV4LeaseWasRenewed($4.BoolValue value) => $_setField(134, value);
                            ^^^^^^^^^^^^
lib/generated/spacex_api/device/wifi.pb.dart:12826:3: Error: Type '$4.BoolValue' not found.
  $4.BoolValue ensureDhcpV4LeaseWasRenewed() => $_ensure(37);
  ^^^^^^^^^^^^
lib/generated/spacex_api/device/wifi.pb.dart:12829:3: Error: Type '$4.FloatValue' not found.
  $4.FloatValue get secondsUntilDhcpV4LeaseExpires => $_getN(38);
  ^^^^^^^^^^^^^
lib/generated/spacex_api/device/wifi.pb.dart:12831:38: Error: Type '$4.FloatValue' not found.
  set secondsUntilDhcpV4LeaseExpires($4.FloatValue value) =>
                                     ^^^^^^^^^^^^^
lib/generated/spacex_api/device/wifi.pb.dart:12838:3: Error: Type '$4.FloatValue' not found.
  $4.FloatValue ensureSecondsUntilDhcpV4LeaseExpires() => $_ensure(38);
  ^^^^^^^^^^^^^
lib/generated/spacex_api/device/wifi.pb.dart:12841:3: Error: Type '$4.UInt32Value' not found.
  $4.UInt32Value get routerUptimeS => $_getN(39);
  ^^^^^^^^^^^^^^
lib/generated/spacex_api/device/wifi.pb.dart:12843:21: Error: Type '$4.UInt32Value' not found.
  set routerUptimeS($4.UInt32Value value) => $_setField(137, value);
                    ^^^^^^^^^^^^^^
lib/generated/spacex_api/device/wifi.pb.dart:12849:3: Error: Type '$4.UInt32Value' not found.
  $4.UInt32Value ensureRouterUptimeS() => $_ensure(39);
  ^^^^^^^^^^^^^^
lib/generated/spacex_api/device/wifi.pb.dart:12852:3: Error: Type '$4.UInt32Value' not found.
  $4.UInt32Value get dissociationsUnder10s => $_getN(40);
  ^^^^^^^^^^^^^^
lib/generated/spacex_api/device/wifi.pb.dart:12854:29: Error: Type '$4.UInt32Value' not found.
  set dissociationsUnder10s($4.UInt32Value value) => $_setField(138, value);
                            ^^^^^^^^^^^^^^
lib/generated/spacex_api/device/wifi.pb.dart:12860:3: Error: Type '$4.UInt32Value' not found.
  $4.UInt32Value ensureDissociationsUnder10s() => $_ensure(40);
  ^^^^^^^^^^^^^^
lib/generated/spacex_api/device/wifi.pb.dart:12863:3: Error: Type '$4.UInt32Value' not found.
  $4.UInt32Value get dissociationsUnder30s => $_getN(41);
  ^^^^^^^^^^^^^^
lib/generated/spacex_api/device/wifi.pb.dart:12865:29: Error: Type '$4.UInt32Value' not found.
  set dissociationsUnder30s($4.UInt32Value value) => $_setField(139, value);
                            ^^^^^^^^^^^^^^
lib/generated/spacex_api/device/wifi.pb.dart:12871:3: Error: Type '$4.UInt32Value' not found.
  $4.UInt32Value ensureDissociationsUnder30s() => $_ensure(41);
  ^^^^^^^^^^^^^^
lib/generated/spacex_api/device/wifi.pb.dart:12874:3: Error: Type '$4.UInt32Value' not found.
  $4.UInt32Value get dissociationsUnder60s => $_getN(42);
  ^^^^^^^^^^^^^^
lib/generated/spacex_api/device/wifi.pb.dart:12876:29: Error: Type '$4.UInt32Value' not found.
  set dissociationsUnder60s($4.UInt32Value value) => $_setField(140, value);
                            ^^^^^^^^^^^^^^
lib/generated/spacex_api/device/wifi.pb.dart:12882:3: Error: Type '$4.UInt32Value' not found.
  $4.UInt32Value ensureDissociationsUnder60s() => $_ensure(42);
  ^^^^^^^^^^^^^^
lib/generated/spacex_api/device/wifi.pb.dart:12885:3: Error: Type '$4.UInt32Value' not found.
  $4.UInt32Value get dissociationsUnder120s => $_getN(43);
  ^^^^^^^^^^^^^^
lib/generated/spacex_api/device/wifi.pb.dart:12887:30: Error: Type '$4.UInt32Value' not found.
  set dissociationsUnder120s($4.UInt32Value value) => $_setField(141, value);
                             ^^^^^^^^^^^^^^
lib/generated/spacex_api/device/wifi.pb.dart:12893:3: Error: Type '$4.UInt32Value' not found.
  $4.UInt32Value ensureDissociationsUnder120s() => $_ensure(43);
  ^^^^^^^^^^^^^^
lib/generated/spacex_api/device/wifi.pb.dart:12896:3: Error: Type '$4.FloatValue' not found.
  $4.FloatValue get secondsToConnTcpIpv4 => $_getN(44);
  ^^^^^^^^^^^^^
lib/generated/spacex_api/device/wifi.pb.dart:12898:28: Error: Type '$4.FloatValue' not found.
  set secondsToConnTcpIpv4($4.FloatValue value) => $_setField(142, value);
                           ^^^^^^^^^^^^^
lib/generated/spacex_api/device/wifi.pb.dart:12904:3: Error: Type '$4.FloatValue' not found.
  $4.FloatValue ensureSecondsToConnTcpIpv4() => $_ensure(44);
  ^^^^^^^^^^^^^
lib/generated/spacex_api/device/wifi.pb.dart:12907:3: Error: Type '$4.FloatValue' not found.
  $4.FloatValue get secondsToConnTcpIpv6 => $_getN(45);
  ^^^^^^^^^^^^^
lib/generated/spacex_api/device/wifi.pb.dart:12909:28: Error: Type '$4.FloatValue' not found.
  set secondsToConnTcpIpv6($4.FloatValue value) => $_setField(143, value);
                           ^^^^^^^^^^^^^
lib/generated/spacex_api/device/wifi.pb.dart:12915:3: Error: Type '$4.FloatValue' not found.
  $4.FloatValue ensureSecondsToConnTcpIpv6() => $_ensure(45);
  ^^^^^^^^^^^^^
lib/generated/spacex_api/device/wifi.pb.dart:12918:3: Error: Type '$4.FloatValue' not found.
  $4.FloatValue get secondsToConnUdpIpv4 => $_getN(46);
  ^^^^^^^^^^^^^
lib/generated/spacex_api/device/wifi.pb.dart:12920:28: Error: Type '$4.FloatValue' not found.
  set secondsToConnUdpIpv4($4.FloatValue value) => $_setField(144, value);
                           ^^^^^^^^^^^^^
lib/generated/spacex_api/device/wifi.pb.dart:12926:3: Error: Type '$4.FloatValue' not found.
  $4.FloatValue ensureSecondsToConnUdpIpv4() => $_ensure(46);
  ^^^^^^^^^^^^^
lib/generated/spacex_api/device/wifi.pb.dart:12929:3: Error: Type '$4.FloatValue' not found.
  $4.FloatValue get secondsToConnUdpIpv6 => $_getN(47);
  ^^^^^^^^^^^^^
lib/generated/spacex_api/device/wifi.pb.dart:12931:28: Error: Type '$4.FloatValue' not found.
  set secondsToConnUdpIpv6($4.FloatValue value) => $_setField(145, value);
                           ^^^^^^^^^^^^^
lib/generated/spacex_api/device/wifi.pb.dart:12937:3: Error: Type '$4.FloatValue' not found.
  $4.FloatValue ensureSecondsToConnUdpIpv6() => $_ensure(47);
  ^^^^^^^^^^^^^
lib/generated/spacex_api/device/wifi.pb.dart:12940:3: Error: Type '$4.UInt32Value' not found.
  $4.UInt32Value get flowsTcpIpv4 => $_getN(48);
  ^^^^^^^^^^^^^^
lib/generated/spacex_api/device/wifi.pb.dart:12942:20: Error: Type '$4.UInt32Value' not found.
  set flowsTcpIpv4($4.UInt32Value value) => $_setField(146, value);
                   ^^^^^^^^^^^^^^
lib/generated/spacex_api/device/wifi.pb.dart:12948:3: Error: Type '$4.UInt32Value' not found.
  $4.UInt32Value ensureFlowsTcpIpv4() => $_ensure(48);
  ^^^^^^^^^^^^^^
lib/generated/spacex_api/device/wifi.pb.dart:12951:3: Error: Type '$4.UInt32Value' not found.
  $4.UInt32Value get flowsTcpIpv6 => $_getN(49);
  ^^^^^^^^^^^^^^
lib/generated/spacex_api/device/wifi.pb.dart:12953:20: Error: Type '$4.UInt32Value' not found.
  set flowsTcpIpv6($4.UInt32Value value) => $_setField(147, value);
                   ^^^^^^^^^^^^^^
lib/generated/spacex_api/device/wifi.pb.dart:12959:3: Error: Type '$4.UInt32Value' not found.
  $4.UInt32Value ensureFlowsTcpIpv6() => $_ensure(49);
  ^^^^^^^^^^^^^^
lib/generated/spacex_api/device/wifi.pb.dart:12962:3: Error: Type '$4.UInt32Value' not found.
  $4.UInt32Value get flowsUdpIpv4 => $_getN(50);
  ^^^^^^^^^^^^^^
lib/generated/spacex_api/device/wifi.pb.dart:12964:20: Error: Type '$4.UInt32Value' not found.
  set flowsUdpIpv4($4.UInt32Value value) => $_setField(148, value);
                   ^^^^^^^^^^^^^^
lib/generated/spacex_api/device/wifi.pb.dart:12970:3: Error: Type '$4.UInt32Value' not found.
  $4.UInt32Value ensureFlowsUdpIpv4() => $_ensure(50);
  ^^^^^^^^^^^^^^
lib/generated/spacex_api/device/wifi.pb.dart:12973:3: Error: Type '$4.UInt32Value' not found.
  $4.UInt32Value get flowsUdpIpv6 => $_getN(51);
  ^^^^^^^^^^^^^^
lib/generated/spacex_api/device/wifi.pb.dart:12975:20: Error: Type '$4.UInt32Value' not found.
  set flowsUdpIpv6($4.UInt32Value value) => $_setField(149, value);
                   ^^^^^^^^^^^^^^
lib/generated/spacex_api/device/wifi.pb.dart:12981:3: Error: Type '$4.UInt32Value' not found.
  $4.UInt32Value ensureFlowsUdpIpv6() => $_ensure(51);
  ^^^^^^^^^^^^^^
lib/generated/spacex_api/device/wifi.pb.dart:13000:5: Error: Type '$4.StringValue' not found.
    $4.StringValue? clientIfaceName,
    ^^^^^^^^^^^^^^
lib/generated/spacex_api/device/wifi.pb.dart:13001:5: Error: Type '$4.StringValue' not found.
    $4.StringValue? targetSsid,
    ^^^^^^^^^^^^^^
lib/generated/spacex_api/device/wifi.pb.dart:13002:5: Error: Type '$4.BoolValue' not found.
    $4.BoolValue? targetHasPassword,
    ^^^^^^^^^^^^
lib/generated/spacex_api/device/wifi.pb.dart:13003:5: Error: Type '$4.StringValue' not found.
    $4.StringValue? targetAuth,
    ^^^^^^^^^^^^^^
lib/generated/spacex_api/device/wifi.pb.dart:13004:5: Error: Type '$4.StringValue' not found.
    $4.StringValue? targetEncryption,
    ^^^^^^^^^^^^^^
lib/generated/spacex_api/device/wifi.pb.dart:13005:5: Error: Type '$4.StringValue' not found.
    $4.StringValue? targetBssid,
    ^^^^^^^^^^^^^^
lib/generated/spacex_api/device/wifi.pb.dart:13006:5: Error: Type '$4.UInt32Value' not found.
    $4.UInt32Value? iteration,
    ^^^^^^^^^^^^^^
lib/generated/spacex_api/device/wifi.pb.dart:13007:5: Error: Type '$4.StringValue' not found.
    $4.StringValue? errorCode,
    ^^^^^^^^^^^^^^
lib/generated/spacex_api/device/wifi.pb.dart:13008:5: Error: Type '$4.FloatValue' not found.
    $4.FloatValue? secondsToAssociate,
    ^^^^^^^^^^^^^
lib/generated/spacex_api/device/wifi.pb.dart:13009:5: Error: Type '$4.FloatValue' not found.
    $4.FloatValue? secondsToLease,
    ^^^^^^^^^^^^^
lib/generated/spacex_api/device/wifi.pb.dart:13010:5: Error: Type '$4.FloatValue' not found.
    $4.FloatValue? secondsToResolveRouter,
    ^^^^^^^^^^^^^
lib/generated/spacex_api/device/wifi.pb.dart:13011:5: Error: Type '$4.FloatValue' not found.
    $4.FloatValue? secondsToResolveInternet,
    ^^^^^^^^^^^^^
lib/generated/spacex_api/device/wifi.pb.dart:13012:5: Error: Type '$4.FloatValue' not found.
    $4.FloatValue? secondsToPingDish,
    ^^^^^^^^^^^^^
lib/generated/spacex_api/device/wifi.pb.dart:13013:5: Error: Type '$4.FloatValue' not found.
    $4.FloatValue? v4IrttTestDurationS,
    ^^^^^^^^^^^^^
lib/generated/spacex_api/device/wifi.pb.dart:13014:5: Error: Type '$4.FloatValue' not found.
    $4.FloatValue? v4IrttRttLatencyMinMs,
    ^^^^^^^^^^^^^
lib/generated/spacex_api/device/wifi.pb.dart:13015:5: Error: Type '$4.FloatValue' not found.
    $4.FloatValue? v4IrttRttLatencyMeanMs,
    ^^^^^^^^^^^^^
lib/generated/spacex_api/device/wifi.pb.dart:13016:5: Error: Type '$4.FloatValue' not found.
    $4.FloatValue? v4IrttRttLatencyMedianMs,
    ^^^^^^^^^^^^^
lib/generated/spacex_api/device/wifi.pb.dart:13017:5: Error: Type '$4.FloatValue' not found.
    $4.FloatValue? v4IrttRttLatencyMaxMs,
    ^^^^^^^^^^^^^
lib/generated/spacex_api/device/wifi.pb.dart:13018:5: Error: Type '$4.FloatValue' not found.
    $4.FloatValue? v4IrttRttLatencyStdDevMs,
    ^^^^^^^^^^^^^
lib/generated/spacex_api/device/wifi.pb.dart:13019:5: Error: Type '$4.UInt32Value' not found.
    $4.UInt32Value? v4IrttPktsSent,
    ^^^^^^^^^^^^^^
lib/generated/spacex_api/device/wifi.pb.dart:13020:5: Error: Type '$4.UInt32Value' not found.
    $4.UInt32Value? v4IrttPktsRecv,
    ^^^^^^^^^^^^^^
lib/generated/spacex_api/device/wifi.pb.dart:13021:5: Error: Type '$4.FloatValue' not found.
    $4.FloatValue? v4IrttLossPercent,
    ^^^^^^^^^^^^^
lib/generated/spacex_api/device/wifi.pb.dart:13022:5: Error: Type '$4.StringValue' not found.
    $4.StringValue? targetIrttServer,
    ^^^^^^^^^^^^^^
lib/generated/spacex_api/device/wifi.pb.dart:13171:3: Error: Type '$4.StringValue' not found.
  $4.StringValue get clientIfaceName => $_getN(2);
  ^^^^^^^^^^^^^^
lib/generated/spacex_api/device/wifi.pb.dart:13173:23: Error: Type '$4.StringValue' not found.
  set clientIfaceName($4.StringValue value) => $_setField(3, value);
                      ^^^^^^^^^^^^^^
lib/generated/spacex_api/device/wifi.pb.dart:13179:3: Error: Type '$4.StringValue' not found.
  $4.StringValue ensureClientIfaceName() => $_ensure(2);
  ^^^^^^^^^^^^^^
lib/generated/spacex_api/device/wifi.pb.dart:13182:3: Error: Type '$4.StringValue' not found.
  $4.StringValue get targetSsid => $_getN(3);
  ^^^^^^^^^^^^^^
lib/generated/spacex_api/device/wifi.pb.dart:13184:18: Error: Type '$4.StringValue' not found.
  set targetSsid($4.StringValue value) => $_setField(4, value);
                 ^^^^^^^^^^^^^^
lib/generated/spacex_api/device/wifi.pb.dart:13190:3: Error: Type '$4.StringValue' not found.
  $4.StringValue ensureTargetSsid() => $_ensure(3);
  ^^^^^^^^^^^^^^
lib/generated/spacex_api/device/wifi.pb.dart:13193:3: Error: Type '$4.BoolValue' not found.
  $4.BoolValue get targetHasPassword => $_getN(4);
  ^^^^^^^^^^^^
lib/generated/spacex_api/device/wifi.pb.dart:13195:25: Error: Type '$4.BoolValue' not found.
  set targetHasPassword($4.BoolValue value) => $_setField(5, value);
                        ^^^^^^^^^^^^
lib/generated/spacex_api/device/wifi.pb.dart:13201:3: Error: Type '$4.BoolValue' not found.
  $4.BoolValue ensureTargetHasPassword() => $_ensure(4);
  ^^^^^^^^^^^^
lib/generated/spacex_api/device/wifi.pb.dart:13204:3: Error: Type '$4.StringValue' not found.
  $4.StringValue get targetAuth => $_getN(5);
  ^^^^^^^^^^^^^^
lib/generated/spacex_api/device/wifi.pb.dart:13206:18: Error: Type '$4.StringValue' not found.
  set targetAuth($4.StringValue value) => $_setField(6, value);
                 ^^^^^^^^^^^^^^
lib/generated/spacex_api/device/wifi.pb.dart:13212:3: Error: Type '$4.StringValue' not found.
  $4.StringValue ensureTargetAuth() => $_ensure(5);
  ^^^^^^^^^^^^^^
lib/generated/spacex_api/device/wifi.pb.dart:13215:3: Error: Type '$4.StringValue' not found.
  $4.StringValue get targetEncryption => $_getN(6);
  ^^^^^^^^^^^^^^
lib/generated/spacex_api/device/wifi.pb.dart:13217:24: Error: Type '$4.StringValue' not found.
  set targetEncryption($4.StringValue value) => $_setField(7, value);
                       ^^^^^^^^^^^^^^
lib/generated/spacex_api/device/wifi.pb.dart:13223:3: Error: Type '$4.StringValue' not found.
  $4.StringValue ensureTargetEncryption() => $_ensure(6);
  ^^^^^^^^^^^^^^
lib/generated/spacex_api/device/wifi.pb.dart:13226:3: Error: Type '$4.StringValue' not found.
  $4.StringValue get targetBssid => $_getN(7);
  ^^^^^^^^^^^^^^
lib/generated/spacex_api/device/wifi.pb.dart:13228:19: Error: Type '$4.StringValue' not found.
  set targetBssid($4.StringValue value) => $_setField(8, value);
                  ^^^^^^^^^^^^^^
lib/generated/spacex_api/device/wifi.pb.dart:13234:3: Error: Type '$4.StringValue' not found.
  $4.StringValue ensureTargetBssid() => $_ensure(7);
  ^^^^^^^^^^^^^^
lib/generated/spacex_api/device/wifi.pb.dart:13237:3: Error: Type '$4.UInt32Value' not found.
  $4.UInt32Value get iteration => $_getN(8);
  ^^^^^^^^^^^^^^
lib/generated/spacex_api/device/wifi.pb.dart:13239:17: Error: Type '$4.UInt32Value' not found.
  set iteration($4.UInt32Value value) => $_setField(9, value);
                ^^^^^^^^^^^^^^
lib/generated/spacex_api/device/wifi.pb.dart:13245:3: Error: Type '$4.UInt32Value' not found.
  $4.UInt32Value ensureIteration() => $_ensure(8);
  ^^^^^^^^^^^^^^
lib/generated/spacex_api/device/wifi.pb.dart:13248:3: Error: Type '$4.StringValue' not found.
  $4.StringValue get errorCode => $_getN(9);
  ^^^^^^^^^^^^^^
lib/generated/spacex_api/device/wifi.pb.dart:13250:17: Error: Type '$4.StringValue' not found.
  set errorCode($4.StringValue value) => $_setField(10, value);
                ^^^^^^^^^^^^^^
lib/generated/spacex_api/device/wifi.pb.dart:13256:3: Error: Type '$4.StringValue' not found.
  $4.StringValue ensureErrorCode() => $_ensure(9);
  ^^^^^^^^^^^^^^
lib/generated/spacex_api/device/wifi.pb.dart:13259:3: Error: Type '$4.FloatValue' not found.
  $4.FloatValue get secondsToAssociate => $_getN(10);
  ^^^^^^^^^^^^^
lib/generated/spacex_api/device/wifi.pb.dart:13261:26: Error: Type '$4.FloatValue' not found.
  set secondsToAssociate($4.FloatValue value) => $_setField(11, value);
                         ^^^^^^^^^^^^^
lib/generated/spacex_api/device/wifi.pb.dart:13267:3: Error: Type '$4.FloatValue' not found.
  $4.FloatValue ensureSecondsToAssociate() => $_ensure(10);
  ^^^^^^^^^^^^^
lib/generated/spacex_api/device/wifi.pb.dart:13270:3: Error: Type '$4.FloatValue' not found.
  $4.FloatValue get secondsToLease => $_getN(11);
  ^^^^^^^^^^^^^
lib/generated/spacex_api/device/wifi.pb.dart:13272:22: Error: Type '$4.FloatValue' not found.
  set secondsToLease($4.FloatValue value) => $_setField(12, value);
                     ^^^^^^^^^^^^^
lib/generated/spacex_api/device/wifi.pb.dart:13278:3: Error: Type '$4.FloatValue' not found.
  $4.FloatValue ensureSecondsToLease() => $_ensure(11);
  ^^^^^^^^^^^^^
lib/generated/spacex_api/device/wifi.pb.dart:13281:3: Error: Type '$4.FloatValue' not found.
  $4.FloatValue get secondsToResolveRouter => $_getN(12);
  ^^^^^^^^^^^^^
lib/generated/spacex_api/device/wifi.pb.dart:13283:30: Error: Type '$4.FloatValue' not found.
  set secondsToResolveRouter($4.FloatValue value) => $_setField(13, value);
                             ^^^^^^^^^^^^^
lib/generated/spacex_api/device/wifi.pb.dart:13289:3: Error: Type '$4.FloatValue' not found.
  $4.FloatValue ensureSecondsToResolveRouter() => $_ensure(12);
  ^^^^^^^^^^^^^
lib/generated/spacex_api/device/wifi.pb.dart:13292:3: Error: Type '$4.FloatValue' not found.
  $4.FloatValue get secondsToResolveInternet => $_getN(13);
  ^^^^^^^^^^^^^
lib/generated/spacex_api/device/wifi.pb.dart:13294:32: Error: Type '$4.FloatValue' not found.
  set secondsToResolveInternet($4.FloatValue value) => $_setField(14, value);
                               ^^^^^^^^^^^^^
lib/generated/spacex_api/device/wifi.pb.dart:13300:3: Error: Type '$4.FloatValue' not found.
  $4.FloatValue ensureSecondsToResolveInternet() => $_ensure(13);
  ^^^^^^^^^^^^^
lib/generated/spacex_api/device/wifi.pb.dart:13303:3: Error: Type '$4.FloatValue' not found.
  $4.FloatValue get secondsToPingDish => $_getN(14);
  ^^^^^^^^^^^^^
lib/generated/spacex_api/device/wifi.pb.dart:13305:25: Error: Type '$4.FloatValue' not found.
  set secondsToPingDish($4.FloatValue value) => $_setField(15, value);
                        ^^^^^^^^^^^^^
lib/generated/spacex_api/device/wifi.pb.dart:13311:3: Error: Type '$4.FloatValue' not found.
  $4.FloatValue ensureSecondsToPingDish() => $_ensure(14);
  ^^^^^^^^^^^^^
lib/generated/spacex_api/device/wifi.pb.dart:13314:3: Error: Type '$4.FloatValue' not found.
  $4.FloatValue get v4IrttTestDurationS => $_getN(15);
  ^^^^^^^^^^^^^
lib/generated/spacex_api/device/wifi.pb.dart:13316:27: Error: Type '$4.FloatValue' not found.
  set v4IrttTestDurationS($4.FloatValue value) => $_setField(16, value);
                          ^^^^^^^^^^^^^
lib/generated/spacex_api/device/wifi.pb.dart:13322:3: Error: Type '$4.FloatValue' not found.
  $4.FloatValue ensureV4IrttTestDurationS() => $_ensure(15);
  ^^^^^^^^^^^^^
lib/generated/spacex_api/device/wifi.pb.dart:13325:3: Error: Type '$4.FloatValue' not found.
  $4.FloatValue get v4IrttRttLatencyMinMs => $_getN(16);
  ^^^^^^^^^^^^^
lib/generated/spacex_api/device/wifi.pb.dart:13327:29: Error: Type '$4.FloatValue' not found.
  set v4IrttRttLatencyMinMs($4.FloatValue value) => $_setField(17, value);
                            ^^^^^^^^^^^^^
lib/generated/spacex_api/device/wifi.pb.dart:13333:3: Error: Type '$4.FloatValue' not found.
  $4.FloatValue ensureV4IrttRttLatencyMinMs() => $_ensure(16);
  ^^^^^^^^^^^^^
lib/generated/spacex_api/device/wifi.pb.dart:13336:3: Error: Type '$4.FloatValue' not found.
  $4.FloatValue get v4IrttRttLatencyMeanMs => $_getN(17);
  ^^^^^^^^^^^^^
lib/generated/spacex_api/device/wifi.pb.dart:13338:30: Error: Type '$4.FloatValue' not found.
  set v4IrttRttLatencyMeanMs($4.FloatValue value) => $_setField(18, value);
                             ^^^^^^^^^^^^^
lib/generated/spacex_api/device/wifi.pb.dart:13344:3: Error: Type '$4.FloatValue' not found.
  $4.FloatValue ensureV4IrttRttLatencyMeanMs() => $_ensure(17);
  ^^^^^^^^^^^^^
lib/generated/spacex_api/device/wifi.pb.dart:13347:3: Error: Type '$4.FloatValue' not found.
  $4.FloatValue get v4IrttRttLatencyMedianMs => $_getN(18);
  ^^^^^^^^^^^^^
lib/generated/spacex_api/device/wifi.pb.dart:13349:32: Error: Type '$4.FloatValue' not found.
  set v4IrttRttLatencyMedianMs($4.FloatValue value) => $_setField(19, value);
                               ^^^^^^^^^^^^^
lib/generated/spacex_api/device/wifi.pb.dart:13355:3: Error: Type '$4.FloatValue' not found.
  $4.FloatValue ensureV4IrttRttLatencyMedianMs() => $_ensure(18);
  ^^^^^^^^^^^^^
lib/generated/spacex_api/device/wifi.pb.dart:13358:3: Error: Type '$4.FloatValue' not found.
  $4.FloatValue get v4IrttRttLatencyMaxMs => $_getN(19);
  ^^^^^^^^^^^^^
lib/generated/spacex_api/device/wifi.pb.dart:13360:29: Error: Type '$4.FloatValue' not found.
  set v4IrttRttLatencyMaxMs($4.FloatValue value) => $_setField(20, value);
                            ^^^^^^^^^^^^^
lib/generated/spacex_api/device/wifi.pb.dart:13366:3: Error: Type '$4.FloatValue' not found.
  $4.FloatValue ensureV4IrttRttLatencyMaxMs() => $_ensure(19);
  ^^^^^^^^^^^^^
lib/generated/spacex_api/device/wifi.pb.dart:13369:3: Error: Type '$4.FloatValue' not found.
  $4.FloatValue get v4IrttRttLatencyStdDevMs => $_getN(20);
  ^^^^^^^^^^^^^
lib/generated/spacex_api/device/wifi.pb.dart:13371:32: Error: Type '$4.FloatValue' not found.
  set v4IrttRttLatencyStdDevMs($4.FloatValue value) => $_setField(21, value);
                               ^^^^^^^^^^^^^
lib/generated/spacex_api/device/wifi.pb.dart:13377:3: Error: Type '$4.FloatValue' not found.
  $4.FloatValue ensureV4IrttRttLatencyStdDevMs() => $_ensure(20);
  ^^^^^^^^^^^^^
lib/generated/spacex_api/device/wifi.pb.dart:13380:3: Error: Type '$4.UInt32Value' not found.
  $4.UInt32Value get v4IrttPktsSent => $_getN(21);
  ^^^^^^^^^^^^^^
lib/generated/spacex_api/device/wifi.pb.dart:13382:22: Error: Type '$4.UInt32Value' not found.
  set v4IrttPktsSent($4.UInt32Value value) => $_setField(22, value);
                     ^^^^^^^^^^^^^^
lib/generated/spacex_api/device/wifi.pb.dart:13388:3: Error: Type '$4.UInt32Value' not found.
  $4.UInt32Value ensureV4IrttPktsSent() => $_ensure(21);
  ^^^^^^^^^^^^^^
lib/generated/spacex_api/device/wifi.pb.dart:13391:3: Error: Type '$4.UInt32Value' not found.
  $4.UInt32Value get v4IrttPktsRecv => $_getN(22);
  ^^^^^^^^^^^^^^
lib/generated/spacex_api/device/wifi.pb.dart:13393:22: Error: Type '$4.UInt32Value' not found.
  set v4IrttPktsRecv($4.UInt32Value value) => $_setField(23, value);
                     ^^^^^^^^^^^^^^
lib/generated/spacex_api/device/wifi.pb.dart:13399:3: Error: Type '$4.UInt32Value' not found.
  $4.UInt32Value ensureV4IrttPktsRecv() => $_ensure(22);
  ^^^^^^^^^^^^^^
lib/generated/spacex_api/device/wifi.pb.dart:13402:3: Error: Type '$4.FloatValue' not found.
  $4.FloatValue get v4IrttLossPercent => $_getN(23);
  ^^^^^^^^^^^^^
lib/generated/spacex_api/device/wifi.pb.dart:13404:25: Error: Type '$4.FloatValue' not found.
  set v4IrttLossPercent($4.FloatValue value) => $_setField(24, value);
                        ^^^^^^^^^^^^^
lib/generated/spacex_api/device/wifi.pb.dart:13410:3: Error: Type '$4.FloatValue' not found.
  $4.FloatValue ensureV4IrttLossPercent() => $_ensure(23);
  ^^^^^^^^^^^^^
lib/generated/spacex_api/device/wifi.pb.dart:13413:3: Error: Type '$4.StringValue' not found.
  $4.StringValue get targetIrttServer => $_getN(24);
  ^^^^^^^^^^^^^^
lib/generated/spacex_api/device/wifi.pb.dart:13415:24: Error: Type '$4.StringValue' not found.
  set targetIrttServer($4.StringValue value) => $_setField(25, value);
                       ^^^^^^^^^^^^^^
lib/generated/spacex_api/device/wifi.pb.dart:13421:3: Error: Type '$4.StringValue' not found.
  $4.StringValue ensureTargetIrttServer() => $_ensure(24);
  ^^^^^^^^^^^^^^
lib/generated/spacex_api/device/wifi.pb.dart:14087:5: Error: Type '$4.StringValue' not found.
    $4.StringValue? id,
    ^^^^^^^^^^^^^^
lib/generated/spacex_api/device/wifi.pb.dart:14088:5: Error: Type '$4.StringValue' not found.
    $4.StringValue? timestampDate,
    ^^^^^^^^^^^^^^
lib/generated/spacex_api/device/wifi.pb.dart:14089:5: Error: Type '$4.UInt32Value' not found.
    $4.UInt32Value? timestampHour,
    ^^^^^^^^^^^^^^
lib/generated/spacex_api/device/wifi.pb.dart:14090:5: Error: Type '$4.UInt32Value' not found.
    $4.UInt32Value? sysHwGen,
    ^^^^^^^^^^^^^^
lib/generated/spacex_api/device/wifi.pb.dart:14091:5: Error: Type '$4.StringValue' not found.
    $4.StringValue? sysSw,
    ^^^^^^^^^^^^^^
lib/generated/spacex_api/device/wifi.pb.dart:14092:5: Error: Type '$4.StringValue' not found.
    $4.StringValue? sysCountry,
    ^^^^^^^^^^^^^^
lib/generated/spacex_api/device/wifi.pb.dart:14093:5: Error: Type '$4.BoolValue' not found.
    $4.BoolValue? sysIsDev,
    ^^^^^^^^^^^^
lib/generated/spacex_api/device/wifi.pb.dart:14094:5: Error: Type '$4.UInt32Value' not found.
    $4.UInt32Value? sysAllocFds,
    ^^^^^^^^^^^^^^
lib/generated/spacex_api/device/wifi.pb.dart:14095:5: Error: Type '$4.FloatValue' not found.
    $4.FloatValue? sysCpuUsage,
    ^^^^^^^^^^^^^
lib/generated/spacex_api/device/wifi.pb.dart:14096:5: Error: Type '$4.FloatValue' not found.
    $4.FloatValue? sysMemFreeKb,
    ^^^^^^^^^^^^^
lib/generated/spacex_api/device/wifi.pb.dart:14097:5: Error: Type '$4.Int32Value' not found.
    $4.Int32Value? sysBootcount,
    ^^^^^^^^^^^^^
lib/generated/spacex_api/device/wifi.pb.dart:14098:5: Error: Type '$4.BoolValue' not found.
    $4.BoolValue? sysPartitionsEqual,
    ^^^^^^^^^^^^
lib/generated/spacex_api/device/wifi.pb.dart:14099:5: Error: Type '$4.UInt32Value' not found.
    $4.UInt32Value? sysUptimeSeconds,
    ^^^^^^^^^^^^^^
lib/generated/spacex_api/device/wifi.pb.dart:14100:5: Error: Type '$4.Int32Value' not found.
    $4.Int32Value? sysAntiRollbackVersion,
    ^^^^^^^^^^^^^
lib/generated/spacex_api/device/wifi.pb.dart:14101:5: Error: Type '$4.UInt32Value' not found.
    $4.UInt32Value? radios2ghzChannel,
    ^^^^^^^^^^^^^^
lib/generated/spacex_api/device/wifi.pb.dart:14102:5: Error: Type '$4.FloatValue' not found.
    $4.FloatValue? radios2ghzAntenna1Rssi,
    ^^^^^^^^^^^^^
lib/generated/spacex_api/device/wifi.pb.dart:14103:5: Error: Type '$4.FloatValue' not found.
    $4.FloatValue? radios2ghzAntenna2Rssi,
    ^^^^^^^^^^^^^
lib/generated/spacex_api/device/wifi.pb.dart:14104:5: Error: Type '$4.FloatValue' not found.
    $4.FloatValue? radios2ghzAntenna3Rssi,
    ^^^^^^^^^^^^^
lib/generated/spacex_api/device/wifi.pb.dart:14105:5: Error: Type '$4.UInt32Value' not found.
    $4.UInt32Value? radios2ghzIfaceCount,
    ^^^^^^^^^^^^^^
lib/generated/spacex_api/device/wifi.pb.dart:14106:5: Error: Type '$4.FloatValue' not found.
    $4.FloatValue? radios2ghzChanBusyFraction,
    ^^^^^^^^^^^^^
lib/generated/spacex_api/device/wifi.pb.dart:14107:5: Error: Type '$4.FloatValue' not found.
    $4.FloatValue? radios2ghzEdccaFraction,
    ^^^^^^^^^^^^^
lib/generated/spacex_api/device/wifi.pb.dart:14108:5: Error: Type '$4.FloatValue' not found.
    $4.FloatValue? radios2ghzOverlappingBssFraction,
    ^^^^^^^^^^^^^
lib/generated/spacex_api/device/wifi.pb.dart:14109:5: Error: Type '$4.UInt32Value' not found.
    $4.UInt32Value? radios2ghzRxBytes,
    ^^^^^^^^^^^^^^
lib/generated/spacex_api/device/wifi.pb.dart:14110:5: Error: Type '$4.UInt32Value' not found.
    $4.UInt32Value? radios2ghzRxPackets,
    ^^^^^^^^^^^^^^
lib/generated/spacex_api/device/wifi.pb.dart:14111:5: Error: Type '$4.UInt32Value' not found.
    $4.UInt32Value? radios2ghzRxErrors,
    ^^^^^^^^^^^^^^
lib/generated/spacex_api/device/wifi.pb.dart:14112:5: Error: Type '$4.UInt32Value' not found.
    $4.UInt32Value? radios2ghzRxFrameErrors,
    ^^^^^^^^^^^^^^
lib/generated/spacex_api/device/wifi.pb.dart:14113:5: Error: Type '$4.FloatValue' not found.
    $4.FloatValue? radios2ghzRxPacketErrorRate,
    ^^^^^^^^^^^^^
lib/generated/spacex_api/device/wifi.pb.dart:14114:5: Error: Type '$4.FloatValue' not found.
    $4.FloatValue? radios2ghzRxAirtimeFraction,
    ^^^^^^^^^^^^^
lib/generated/spacex_api/device/wifi.pb.dart:14115:5: Error: Type '$4.UInt32Value' not found.
    $4.UInt32Value? radios2ghzTxBytes,
    ^^^^^^^^^^^^^^
lib/generated/spacex_api/device/wifi.pb.dart:14116:5: Error: Type '$4.UInt32Value' not found.
    $4.UInt32Value? radios2ghzTxPackets,
    ^^^^^^^^^^^^^^
lib/generated/spacex_api/device/wifi.pb.dart:14117:5: Error: Type '$4.UInt32Value' not found.
    $4.UInt32Value? radios2ghzTxErrors,
    ^^^^^^^^^^^^^^
lib/generated/spacex_api/device/wifi.pb.dart:14118:5: Error: Type '$4.FloatValue' not found.
    $4.FloatValue? radios2ghzTxPacketErrorRate,
    ^^^^^^^^^^^^^
lib/generated/spacex_api/device/wifi.pb.dart:14119:5: Error: Type '$4.FloatValue' not found.
    $4.FloatValue? radios2ghzTxAirtimeFraction,
    ^^^^^^^^^^^^^
lib/generated/spacex_api/device/wifi.pb.dart:14120:5: Error: Type '$4.UInt32Value' not found.
    $4.UInt32Value? radios5ghzChannel,
    ^^^^^^^^^^^^^^
lib/generated/spacex_api/device/wifi.pb.dart:14121:5: Error: Type '$4.FloatValue' not found.
    $4.FloatValue? radios5ghzAntenna1Rssi,
    ^^^^^^^^^^^^^
lib/generated/spacex_api/device/wifi.pb.dart:14122:5: Error: Type '$4.FloatValue' not found.
    $4.FloatValue? radios5ghzAntenna2Rssi,
    ^^^^^^^^^^^^^
lib/generated/spacex_api/device/wifi.pb.dart:14123:5: Error: Type '$4.FloatValue' not found.
    $4.FloatValue? radios5ghzAntenna3Rssi,
    ^^^^^^^^^^^^^
lib/generated/spacex_api/device/wifi.pb.dart:14124:5: Error: Type '$4.UInt32Value' not found.
    $4.UInt32Value? radios5ghzIfaceCount,
    ^^^^^^^^^^^^^^
lib/generated/spacex_api/device/wifi.pb.dart:14125:5: Error: Type '$4.FloatValue' not found.
    $4.FloatValue? radios5ghzChanBusyFraction,
    ^^^^^^^^^^^^^
lib/generated/spacex_api/device/wifi.pb.dart:14126:5: Error: Type '$4.FloatValue' not found.
    $4.FloatValue? radios5ghzEdccaFraction,
    ^^^^^^^^^^^^^
lib/generated/spacex_api/device/wifi.pb.dart:14127:5: Error: Type '$4.FloatValue' not found.
    $4.FloatValue? radios5ghzOverlappingBssFraction,
    ^^^^^^^^^^^^^
lib/generated/spacex_api/device/wifi.pb.dart:14128:5: Error: Type '$4.UInt32Value' not found.
    $4.UInt32Value? radios5ghzRxBytes,
    ^^^^^^^^^^^^^^
lib/generated/spacex_api/device/wifi.pb.dart:14129:5: Error: Type '$4.UInt32Value' not found.
    $4.UInt32Value? radios5ghzRxPackets,
    ^^^^^^^^^^^^^^
lib/generated/spacex_api/device/wifi.pb.dart:14130:5: Error: Type '$4.UInt32Value' not found.
    $4.UInt32Value? radios5ghzRxErrors,
    ^^^^^^^^^^^^^^
lib/generated/spacex_api/device/wifi.pb.dart:14131:5: Error: Type '$4.UInt32Value' not found.
    $4.UInt32Value? radios5ghzRxFrameErrors,
    ^^^^^^^^^^^^^^
lib/generated/spacex_api/device/wifi.pb.dart:14132:5: Error: Type '$4.FloatValue' not found.
    $4.FloatValue? radios5ghzRxPacketErrorRate,
    ^^^^^^^^^^^^^
lib/generated/spacex_api/device/wifi.pb.dart:14133:5: Error: Type '$4.FloatValue' not found.
    $4.FloatValue? radios5ghzRxAirtimeFraction,
    ^^^^^^^^^^^^^
lib/generated/spacex_api/device/wifi.pb.dart:14134:5: Error: Type '$4.UInt32Value' not found.
    $4.UInt32Value? radios5ghzTxBytes,
    ^^^^^^^^^^^^^^
lib/generated/spacex_api/device/wifi.pb.dart:14135:5: Error: Type '$4.UInt32Value' not found.
    $4.UInt32Value? radios5ghzTxPackets,
    ^^^^^^^^^^^^^^
lib/generated/spacex_api/device/wifi.pb.dart:14136:5: Error: Type '$4.UInt32Value' not found.
    $4.UInt32Value? radios5ghzTxErrors,
    ^^^^^^^^^^^^^^
lib/generated/spacex_api/device/wifi.pb.dart:14137:5: Error: Type '$4.FloatValue' not found.
    $4.FloatValue? radios5ghzTxPacketErrorRate,
    ^^^^^^^^^^^^^
lib/generated/spacex_api/device/wifi.pb.dart:14138:5: Error: Type '$4.FloatValue' not found.
    $4.FloatValue? radios5ghzTxAirtimeFraction,
    ^^^^^^^^^^^^^
lib/generated/spacex_api/device/wifi.pb.dart:14139:5: Error: Type '$4.FloatValue' not found.
    $4.FloatValue? radios2ghzThermalTemp,
    ^^^^^^^^^^^^^
lib/generated/spacex_api/device/wifi.pb.dart:14140:5: Error: Type '$4.FloatValue' not found.
    $4.FloatValue? radios5ghzThermalTemp,
    ^^^^^^^^^^^^^
lib/generated/spacex_api/device/wifi.pb.dart:14141:5: Error: Type '$4.FloatValue' not found.
    $4.FloatValue? radios2ghzThermalDutyCycle,
    ^^^^^^^^^^^^^
lib/generated/spacex_api/device/wifi.pb.dart:14142:5: Error: Type '$4.FloatValue' not found.
    $4.FloatValue? radios5ghzThermalDutyCycle,
    ^^^^^^^^^^^^^
lib/generated/spacex_api/device/wifi.pb.dart:14143:5: Error: Type '$4.UInt32Value' not found.
    $4.UInt32Value? radios2ghzThermalThrottledSeconds,
    ^^^^^^^^^^^^^^
lib/generated/spacex_api/device/wifi.pb.dart:14144:5: Error: Type '$4.UInt32Value' not found.
    $4.UInt32Value? radios5ghzThermalThrottledSeconds,
    ^^^^^^^^^^^^^^
lib/generated/spacex_api/device/wifi.pb.dart:14145:5: Error: Type '$4.UInt32Value' not found.
    $4.UInt32Value? ifacesLanEthRxBytes,
    ^^^^^^^^^^^^^^
lib/generated/spacex_api/device/wifi.pb.dart:14146:5: Error: Type '$4.UInt32Value' not found.
    $4.UInt32Value? ifacesLanEthRxPackets,
    ^^^^^^^^^^^^^^
lib/generated/spacex_api/device/wifi.pb.dart:14147:5: Error: Type '$4.UInt32Value' not found.
    $4.UInt32Value? ifacesLanEthRxErrors,
    ^^^^^^^^^^^^^^
lib/generated/spacex_api/device/wifi.pb.dart:14148:5: Error: Type '$4.UInt32Value' not found.
    $4.UInt32Value? ifacesLanEthRxFrameErrors,
    ^^^^^^^^^^^^^^
lib/generated/spacex_api/device/wifi.pb.dart:14149:5: Error: Type '$4.UInt32Value' not found.
    $4.UInt32Value? ifacesLanEthTxBytes,
    ^^^^^^^^^^^^^^
lib/generated/spacex_api/device/wifi.pb.dart:14150:5: Error: Type '$4.UInt32Value' not found.
    $4.UInt32Value? ifacesLanEthTxPackets,
    ^^^^^^^^^^^^^^
lib/generated/spacex_api/device/wifi.pb.dart:14151:5: Error: Type '$4.UInt32Value' not found.
    $4.UInt32Value? ifacesLanEthTxErrors,
    ^^^^^^^^^^^^^^
lib/generated/spacex_api/device/wifi.pb.dart:14152:5: Error: Type '$4.UInt32Value' not found.
    $4.UInt32Value? ifacesWanEthRxBytes,
    ^^^^^^^^^^^^^^
lib/generated/spacex_api/device/wifi.pb.dart:14153:5: Error: Type '$4.UInt32Value' not found.
    $4.UInt32Value? ifacesWanEthRxPackets,
    ^^^^^^^^^^^^^^
lib/generated/spacex_api/device/wifi.pb.dart:14154:5: Error: Type '$4.UInt32Value' not found.
    $4.UInt32Value? ifacesWanEthRxErrors,
    ^^^^^^^^^^^^^^
lib/generated/spacex_api/device/wifi.pb.dart:14155:5: Error: Type '$4.UInt32Value' not found.
    $4.UInt32Value? ifacesWanEthRxFrameErrors,
    ^^^^^^^^^^^^^^
lib/generated/spacex_api/device/wifi.pb.dart:14156:5: Error: Type '$4.UInt32Value' not found.
    $4.UInt32Value? ifacesWanEthTxBytes,
    ^^^^^^^^^^^^^^
lib/generated/spacex_api/device/wifi.pb.dart:14157:5: Error: Type '$4.UInt32Value' not found.
    $4.UInt32Value? ifacesWanEthTxPackets,
    ^^^^^^^^^^^^^^
lib/generated/spacex_api/device/wifi.pb.dart:14158:5: Error: Type '$4.UInt32Value' not found.
    $4.UInt32Value? ifacesWanEthTxErrors,
    ^^^^^^^^^^^^^^
lib/generated/spacex_api/device/wifi.pb.dart:14159:5: Error: Type '$4.UInt32Value' not found.
    $4.UInt32Value? clients,
    ^^^^^^^^^^^^^^
lib/generated/spacex_api/device/wifi.pb.dart:14160:5: Error: Type '$4.UInt32Value' not found.
    $4.UInt32Value? clients2ghz,
    ^^^^^^^^^^^^^^
lib/generated/spacex_api/device/wifi.pb.dart:14161:5: Error: Type '$4.UInt32Value' not found.
    $4.UInt32Value? clients5ghz,
    ^^^^^^^^^^^^^^
lib/generated/spacex_api/device/wifi.pb.dart:14162:5: Error: Type '$4.UInt32Value' not found.
    $4.UInt32Value? clientsEth,
    ^^^^^^^^^^^^^^
lib/generated/spacex_api/device/wifi.pb.dart:14163:5: Error: Type '$4.UInt32Value' not found.
    $4.UInt32Value? clientsRepeater,
    ^^^^^^^^^^^^^^
lib/generated/spacex_api/device/wifi.pb.dart:14164:5: Error: Type '$4.UInt32Value' not found.
    $4.UInt32Value? clientsRepeater2ghz,
    ^^^^^^^^^^^^^^
lib/generated/spacex_api/device/wifi.pb.dart:14165:5: Error: Type '$4.UInt32Value' not found.
    $4.UInt32Value? clientsRepeater5ghz,
    ^^^^^^^^^^^^^^
lib/generated/spacex_api/device/wifi.pb.dart:14166:5: Error: Type '$4.UInt32Value' not found.
    $4.UInt32Value? clientsRepeaterEth,
    ^^^^^^^^^^^^^^
lib/generated/spacex_api/device/wifi.pb.dart:14167:5: Error: Type '$4.UInt32Value' not found.
    $4.UInt32Value? meshHops,
    ^^^^^^^^^^^^^^
lib/generated/spacex_api/device/wifi.pb.dart:14168:5: Error: Type '$4.FloatValue' not found.
    $4.FloatValue? meshOneHopRssiAvg2ghz,
    ^^^^^^^^^^^^^
lib/generated/spacex_api/device/wifi.pb.dart:14169:5: Error: Type '$4.FloatValue' not found.
    $4.FloatValue? meshOneHopRssiAvg5ghz,
    ^^^^^^^^^^^^^
lib/generated/spacex_api/device/wifi.pb.dart:14170:5: Error: Type '$4.FloatValue' not found.
    $4.FloatValue? meshTwoHopRssiAvg2ghz,
    ^^^^^^^^^^^^^
lib/generated/spacex_api/device/wifi.pb.dart:14171:5: Error: Type '$4.FloatValue' not found.
    $4.FloatValue? meshTwoHopRssiAvg5ghz,
    ^^^^^^^^^^^^^
lib/generated/spacex_api/device/wifi.pb.dart:14172:5: Error: Type '$4.FloatValue' not found.
    $4.FloatValue? pingSecondsSinceLast1sOutage,
    ^^^^^^^^^^^^^
lib/generated/spacex_api/device/wifi.pb.dart:14173:5: Error: Type '$4.FloatValue' not found.
    $4.FloatValue? pingSecondsSinceLast2sOutage,
    ^^^^^^^^^^^^^
lib/generated/spacex_api/device/wifi.pb.dart:14174:5: Error: Type '$4.FloatValue' not found.
    $4.FloatValue? pingSecondsSinceLast5sOutage,
    ^^^^^^^^^^^^^
lib/generated/spacex_api/device/wifi.pb.dart:14175:5: Error: Type '$4.FloatValue' not found.
    $4.FloatValue? pingSecondsSinceLast60sOutage,
    ^^^^^^^^^^^^^
lib/generated/spacex_api/device/wifi.pb.dart:14176:5: Error: Type '$4.FloatValue' not found.
    $4.FloatValue? pingSecondsSinceLast300sOutage,
    ^^^^^^^^^^^^^
lib/generated/spacex_api/device/wifi.pb.dart:14177:5: Error: Type '$4.FloatValue' not found.
    $4.FloatValue? pingDropRate,
    ^^^^^^^^^^^^^
lib/generated/spacex_api/device/wifi.pb.dart:14178:5: Error: Type '$4.FloatValue' not found.
    $4.FloatValue? pingDropRateLast1h,
    ^^^^^^^^^^^^^
lib/generated/spacex_api/device/wifi.pb.dart:14179:5: Error: Type '$4.FloatValue' not found.
    $4.FloatValue? pingLatency,
    ^^^^^^^^^^^^^
lib/generated/spacex_api/device/wifi.pb.dart:14180:5: Error: Type '$4.FloatValue' not found.
    $4.FloatValue? pingDishSecondsSinceLast1sOutage,
    ^^^^^^^^^^^^^
lib/generated/spacex_api/device/wifi.pb.dart:14181:5: Error: Type '$4.FloatValue' not found.
    $4.FloatValue? pingDishSecondsSinceLast2sOutage,
    ^^^^^^^^^^^^^
lib/generated/spacex_api/device/wifi.pb.dart:14182:5: Error: Type '$4.FloatValue' not found.
    $4.FloatValue? pingDishSecondsSinceLast5sOutage,
    ^^^^^^^^^^^^^
lib/generated/spacex_api/device/wifi.pb.dart:14183:5: Error: Type '$4.FloatValue' not found.
    $4.FloatValue? pingDishSecondsSinceLast60sOutage,
    ^^^^^^^^^^^^^
lib/generated/spacex_api/device/wifi.pb.dart:14184:5: Error: Type '$4.FloatValue' not found.
    $4.FloatValue? pingDishSecondsSinceLast300sOutage,
    ^^^^^^^^^^^^^
lib/generated/spacex_api/device/wifi.pb.dart:14185:5: Error: Type '$4.FloatValue' not found.
    $4.FloatValue? pingDishDropRate,
    ^^^^^^^^^^^^^
lib/generated/spacex_api/device/wifi.pb.dart:14186:5: Error: Type '$4.FloatValue' not found.
    $4.FloatValue? pingDishDropRateLast1h,
    ^^^^^^^^^^^^^
lib/generated/spacex_api/device/wifi.pb.dart:14187:5: Error: Type '$4.FloatValue' not found.
    $4.FloatValue? pingDishLatency,
    ^^^^^^^^^^^^^
lib/generated/spacex_api/device/wifi.pb.dart:14188:5: Error: Type '$4.FloatValue' not found.
    $4.FloatValue? clientSpeedtestRouterDownloadMbps,
    ^^^^^^^^^^^^^
lib/generated/spacex_api/device/wifi.pb.dart:14189:5: Error: Type '$4.FloatValue' not found.
    $4.FloatValue? clientSpeedtestRouterUploadMbps,
    ^^^^^^^^^^^^^
lib/generated/spacex_api/device/wifi.pb.dart:14190:5: Error: Type '$4.FloatValue' not found.
    $4.FloatValue? clientSpeedtestRouterRssi,
    ^^^^^^^^^^^^^
lib/generated/spacex_api/device/wifi.pb.dart:14191:5: Error: Type '$4.FloatValue' not found.
    $4.FloatValue? clientSpeedtestWifiDownloadMbps,
    ^^^^^^^^^^^^^
lib/generated/spacex_api/device/wifi.pb.dart:14192:5: Error: Type '$4.FloatValue' not found.
    $4.FloatValue? clientSpeedtestWifiUploadMbps,
    ^^^^^^^^^^^^^
lib/generated/spacex_api/device/wifi.pb.dart:14193:5: Error: Type '$4.FloatValue' not found.
    $4.FloatValue? clientSpeedtestClientDownloadMbps,
    ^^^^^^^^^^^^^
lib/generated/spacex_api/device/wifi.pb.dart:14194:5: Error: Type '$4.FloatValue' not found.
    $4.FloatValue? clientSpeedtestClientUploadMbps,
    ^^^^^^^^^^^^^
lib/generated/spacex_api/device/wifi.pb.dart:14195:5: Error: Type '$4.FloatValue' not found.
    $4.FloatValue? clientSpeedtestClientRssi,
    ^^^^^^^^^^^^^
lib/generated/spacex_api/device/wifi.pb.dart:14196:5: Error: Type '$4.UInt32Value' not found.
    $4.UInt32Value? clientSpeedtestClientIface,
    ^^^^^^^^^^^^^^
lib/generated/spacex_api/device/wifi.pb.dart:14197:5: Error: Type '$4.StringValue' not found.
    $4.StringValue? clientSpeedtestClientOui,
    ^^^^^^^^^^^^^^
lib/generated/spacex_api/device/wifi.pb.dart:14198:5: Error: Type '$4.UInt32Value' not found.
    $4.UInt32Value? clientSpeedtestClientTxRate,
    ^^^^^^^^^^^^^^
lib/generated/spacex_api/device/wifi.pb.dart:14199:5: Error: Type '$4.UInt32Value' not found.
    $4.UInt32Value? clientSpeedtestClientRxRate,
    ^^^^^^^^^^^^^^
lib/generated/spacex_api/device/wifi.pb.dart:14200:5: Error: Type '$4.UInt32Value' not found.
    $4.UInt32Value? clientSpeedtestClientPlatformType,
    ^^^^^^^^^^^^^^
lib/generated/spacex_api/device/wifi.pb.dart:14201:5: Error: Type '$4.FloatValue' not found.
    $4.FloatValue? speedtestTcp8DownloadMbpsAvg,
    ^^^^^^^^^^^^^
lib/generated/spacex_api/device/wifi.pb.dart:14202:5: Error: Type '$4.FloatValue' not found.
    $4.FloatValue? speedtestTcp8DownloadMbpsMax,
    ^^^^^^^^^^^^^
lib/generated/spacex_api/device/wifi.pb.dart:14203:5: Error: Type '$4.FloatValue' not found.
    $4.FloatValue? speedtestTcp8UploadMbpsAvg,
    ^^^^^^^^^^^^^
lib/generated/spacex_api/device/wifi.pb.dart:14204:5: Error: Type '$4.FloatValue' not found.
    $4.FloatValue? speedtestTcp8UploadMbpsMax,
    ^^^^^^^^^^^^^
lib/generated/spacex_api/device/wifi.pb.dart:14205:5: Error: Type '$4.FloatValue' not found.
    $4.FloatValue? speedtestTcp64DownloadMbpsAvg,
    ^^^^^^^^^^^^^
lib/generated/spacex_api/device/wifi.pb.dart:14206:5: Error: Type '$4.FloatValue' not found.
    $4.FloatValue? speedtestTcp64DownloadMbpsMax,
    ^^^^^^^^^^^^^
lib/generated/spacex_api/device/wifi.pb.dart:14207:5: Error: Type '$4.FloatValue' not found.
    $4.FloatValue? speedtestTcp64UploadMbpsAvg,
    ^^^^^^^^^^^^^
lib/generated/spacex_api/device/wifi.pb.dart:14208:5: Error: Type '$4.FloatValue' not found.
    $4.FloatValue? speedtestTcp64UploadMbpsMax,
    ^^^^^^^^^^^^^
lib/generated/spacex_api/device/wifi.pb.dart:14209:5: Error: Type '$4.UInt32Value' not found.
    $4.UInt32Value? dishCellId,
    ^^^^^^^^^^^^^^
lib/generated/spacex_api/device/wifi.pb.dart:14210:5: Error: Type '$4.BoolValue' not found.
    $4.BoolValue? configSetupComplete,
    ^^^^^^^^^^^^
lib/generated/spacex_api/device/wifi.pb.dart:14211:5: Error: Type '$4.BoolValue' not found.
    $4.BoolValue? configBandsSplit,
    ^^^^^^^^^^^^
lib/generated/spacex_api/device/wifi.pb.dart:14212:5: Error: Type '$4.BoolValue' not found.
    $4.BoolValue? configIsRepeater,
    ^^^^^^^^^^^^
lib/generated/spacex_api/device/wifi.pb.dart:14213:5: Error: Type '$4.BoolValue' not found.
    $4.BoolValue? configOpenNetwork,
    ^^^^^^^^^^^^
lib/generated/spacex_api/device/wifi.pb.dart:14214:5: Error: Type '$4.BoolValue' not found.
    $4.BoolValue? configIsAviation,
    ^^^^^^^^^^^^
lib/generated/spacex_api/device/wifi.pb.dart:14215:5: Error: Type '$4.BoolValue' not found.
    $4.BoolValue? configSecureDns,
    ^^^^^^^^^^^^
lib/generated/spacex_api/device/wifi.pb.dart:14216:5: Error: Type '$4.BoolValue' not found.
    $4.BoolValue? configLegacy,
    ^^^^^^^^^^^^
lib/generated/spacex_api/device/wifi.pb.dart:14217:5: Error: Type '$4.BoolValue' not found.
    $4.BoolValue? configApMode,
    ^^^^^^^^^^^^
lib/generated/spacex_api/device/wifi.pb.dart:14218:5: Error: Type '$4.BoolValue' not found.
    $4.BoolValue? configDfsEnabled,
    ^^^^^^^^^^^^
lib/generated/spacex_api/device/wifi.pb.dart:14219:5: Error: Type '$4.BoolValue' not found.
    $4.BoolValue? configNetworkNameIsDefault,
    ^^^^^^^^^^^^
lib/generated/spacex_api/device/wifi.pb.dart:14220:5: Error: Type '$4.BoolValue' not found.
    $4.BoolValue? configRemoteSshEnabled,
    ^^^^^^^^^^^^
lib/generated/spacex_api/device/wifi.pb.dart:14877:3: Error: Type '$4.StringValue' not found.
  $4.StringValue get id => $_getN(0);
  ^^^^^^^^^^^^^^
lib/generated/spacex_api/device/wifi.pb.dart:14879:10: Error: Type '$4.StringValue' not found.
  set id($4.StringValue value) => $_setField(1, value);
         ^^^^^^^^^^^^^^
lib/generated/spacex_api/device/wifi.pb.dart:14885:3: Error: Type '$4.StringValue' not found.
  $4.StringValue ensureId() => $_ensure(0);
  ^^^^^^^^^^^^^^
lib/generated/spacex_api/device/wifi.pb.dart:14888:3: Error: Type '$4.StringValue' not found.
  $4.StringValue get timestampDate => $_getN(1);
  ^^^^^^^^^^^^^^
lib/generated/spacex_api/device/wifi.pb.dart:14890:21: Error: Type '$4.StringValue' not found.
  set timestampDate($4.StringValue value) => $_setField(2, value);
                    ^^^^^^^^^^^^^^
lib/generated/spacex_api/device/wifi.pb.dart:14896:3: Error: Type '$4.StringValue' not found.
  $4.StringValue ensureTimestampDate() => $_ensure(1);
  ^^^^^^^^^^^^^^
lib/generated/spacex_api/device/wifi.pb.dart:14899:3: Error: Type '$4.UInt32Value' not found.
  $4.UInt32Value get timestampHour => $_getN(2);
  ^^^^^^^^^^^^^^
lib/generated/spacex_api/device/wifi.pb.dart:14901:21: Error: Type '$4.UInt32Value' not found.
  set timestampHour($4.UInt32Value value) => $_setField(3, value);
                    ^^^^^^^^^^^^^^
lib/generated/spacex_api/device/wifi.pb.dart:14907:3: Error: Type '$4.UInt32Value' not found.
  $4.UInt32Value ensureTimestampHour() => $_ensure(2);
  ^^^^^^^^^^^^^^
lib/generated/spacex_api/device/wifi.pb.dart:14910:3: Error: Type '$4.UInt32Value' not found.
  $4.UInt32Value get sysHwGen => $_getN(3);
  ^^^^^^^^^^^^^^
lib/generated/spacex_api/device/wifi.pb.dart:14912:16: Error: Type '$4.UInt32Value' not found.
  set sysHwGen($4.UInt32Value value) => $_setField(4, value);
               ^^^^^^^^^^^^^^
lib/generated/spacex_api/device/wifi.pb.dart:14918:3: Error: Type '$4.UInt32Value' not found.
  $4.UInt32Value ensureSysHwGen() => $_ensure(3);
  ^^^^^^^^^^^^^^
lib/generated/spacex_api/device/wifi.pb.dart:14921:3: Error: Type '$4.StringValue' not found.
  $4.StringValue get sysSw => $_getN(4);
  ^^^^^^^^^^^^^^
lib/generated/spacex_api/device/wifi.pb.dart:14923:13: Error: Type '$4.StringValue' not found.
  set sysSw($4.StringValue value) => $_setField(5, value);
            ^^^^^^^^^^^^^^
lib/generated/spacex_api/device/wifi.pb.dart:14929:3: Error: Type '$4.StringValue' not found.
  $4.StringValue ensureSysSw() => $_ensure(4);
  ^^^^^^^^^^^^^^
lib/generated/spacex_api/device/wifi.pb.dart:14932:3: Error: Type '$4.StringValue' not found.
  $4.StringValue get sysCountry => $_getN(5);
  ^^^^^^^^^^^^^^
lib/generated/spacex_api/device/wifi.pb.dart:14934:18: Error: Type '$4.StringValue' not found.
  set sysCountry($4.StringValue value) => $_setField(6, value);
                 ^^^^^^^^^^^^^^
lib/generated/spacex_api/device/wifi.pb.dart:14940:3: Error: Type '$4.StringValue' not found.
  $4.StringValue ensureSysCountry() => $_ensure(5);
  ^^^^^^^^^^^^^^
lib/generated/spacex_api/device/wifi.pb.dart:14943:3: Error: Type '$4.BoolValue' not found.
  $4.BoolValue get sysIsDev => $_getN(6);
  ^^^^^^^^^^^^
lib/generated/spacex_api/device/wifi.pb.dart:14945:16: Error: Type '$4.BoolValue' not found.
  set sysIsDev($4.BoolValue value) => $_setField(7, value);
               ^^^^^^^^^^^^
lib/generated/spacex_api/device/wifi.pb.dart:14951:3: Error: Type '$4.BoolValue' not found.
  $4.BoolValue ensureSysIsDev() => $_ensure(6);
  ^^^^^^^^^^^^
lib/generated/spacex_api/device/wifi.pb.dart:14954:3: Error: Type '$4.UInt32Value' not found.
  $4.UInt32Value get sysAllocFds => $_getN(7);
  ^^^^^^^^^^^^^^
lib/generated/spacex_api/device/wifi.pb.dart:14956:19: Error: Type '$4.UInt32Value' not found.
  set sysAllocFds($4.UInt32Value value) => $_setField(8, value);
                  ^^^^^^^^^^^^^^
lib/generated/spacex_api/device/wifi.pb.dart:14962:3: Error: Type '$4.UInt32Value' not found.
  $4.UInt32Value ensureSysAllocFds() => $_ensure(7);
  ^^^^^^^^^^^^^^
lib/generated/spacex_api/device/wifi.pb.dart:14965:3: Error: Type '$4.FloatValue' not found.
  $4.FloatValue get sysCpuUsage => $_getN(8);
  ^^^^^^^^^^^^^
lib/generated/spacex_api/device/wifi.pb.dart:14967:19: Error: Type '$4.FloatValue' not found.
  set sysCpuUsage($4.FloatValue value) => $_setField(9, value);
                  ^^^^^^^^^^^^^
lib/generated/spacex_api/device/wifi.pb.dart:14973:3: Error: Type '$4.FloatValue' not found.
  $4.FloatValue ensureSysCpuUsage() => $_ensure(8);
  ^^^^^^^^^^^^^
lib/generated/spacex_api/device/wifi.pb.dart:14976:3: Error: Type '$4.FloatValue' not found.
  $4.FloatValue get sysMemFreeKb => $_getN(9);
  ^^^^^^^^^^^^^
lib/generated/spacex_api/device/wifi.pb.dart:14978:20: Error: Type '$4.FloatValue' not found.
  set sysMemFreeKb($4.FloatValue value) => $_setField(10, value);
                   ^^^^^^^^^^^^^
lib/generated/spacex_api/device/wifi.pb.dart:14984:3: Error: Type '$4.FloatValue' not found.
  $4.FloatValue ensureSysMemFreeKb() => $_ensure(9);
  ^^^^^^^^^^^^^
lib/generated/spacex_api/device/wifi.pb.dart:14987:3: Error: Type '$4.Int32Value' not found.
  $4.Int32Value get sysBootcount => $_getN(10);
  ^^^^^^^^^^^^^
lib/generated/spacex_api/device/wifi.pb.dart:14989:20: Error: Type '$4.Int32Value' not found.
  set sysBootcount($4.Int32Value value) => $_setField(11, value);
                   ^^^^^^^^^^^^^
lib/generated/spacex_api/device/wifi.pb.dart:14995:3: Error: Type '$4.Int32Value' not found.
  $4.Int32Value ensureSysBootcount() => $_ensure(10);
  ^^^^^^^^^^^^^
lib/generated/spacex_api/device/wifi.pb.dart:14998:3: Error: Type '$4.BoolValue' not found.
  $4.BoolValue get sysPartitionsEqual => $_getN(11);
  ^^^^^^^^^^^^
lib/generated/spacex_api/device/wifi.pb.dart:15000:26: Error: Type '$4.BoolValue' not found.
  set sysPartitionsEqual($4.BoolValue value) => $_setField(12, value);
                         ^^^^^^^^^^^^
lib/generated/spacex_api/device/wifi.pb.dart:15006:3: Error: Type '$4.BoolValue' not found.
  $4.BoolValue ensureSysPartitionsEqual() => $_ensure(11);
  ^^^^^^^^^^^^
lib/generated/spacex_api/device/wifi.pb.dart:15009:3: Error: Type '$4.UInt32Value' not found.
  $4.UInt32Value get sysUptimeSeconds => $_getN(12);
  ^^^^^^^^^^^^^^
lib/generated/spacex_api/device/wifi.pb.dart:15011:24: Error: Type '$4.UInt32Value' not found.
  set sysUptimeSeconds($4.UInt32Value value) => $_setField(13, value);
                       ^^^^^^^^^^^^^^
lib/generated/spacex_api/device/wifi.pb.dart:15017:3: Error: Type '$4.UInt32Value' not found.
  $4.UInt32Value ensureSysUptimeSeconds() => $_ensure(12);
  ^^^^^^^^^^^^^^
lib/generated/spacex_api/device/wifi.pb.dart:15020:3: Error: Type '$4.Int32Value' not found.
  $4.Int32Value get sysAntiRollbackVersion => $_getN(13);
  ^^^^^^^^^^^^^
lib/generated/spacex_api/device/wifi.pb.dart:15022:30: Error: Type '$4.Int32Value' not found.
  set sysAntiRollbackVersion($4.Int32Value value) => $_setField(14, value);
                             ^^^^^^^^^^^^^
lib/generated/spacex_api/device/wifi.pb.dart:15028:3: Error: Type '$4.Int32Value' not found.
  $4.Int32Value ensureSysAntiRollbackVersion() => $_ensure(13);
  ^^^^^^^^^^^^^
lib/generated/spacex_api/device/wifi.pb.dart:15031:3: Error: Type '$4.UInt32Value' not found.
  $4.UInt32Value get radios2ghzChannel => $_getN(14);
  ^^^^^^^^^^^^^^
lib/generated/spacex_api/device/wifi.pb.dart:15033:25: Error: Type '$4.UInt32Value' not found.
  set radios2ghzChannel($4.UInt32Value value) => $_setField(100, value);
                        ^^^^^^^^^^^^^^
lib/generated/spacex_api/device/wifi.pb.dart:15039:3: Error: Type '$4.UInt32Value' not found.
  $4.UInt32Value ensureRadios2ghzChannel() => $_ensure(14);
  ^^^^^^^^^^^^^^
lib/generated/spacex_api/device/wifi.pb.dart:15042:3: Error: Type '$4.FloatValue' not found.
  $4.FloatValue get radios2ghzAntenna1Rssi => $_getN(15);
  ^^^^^^^^^^^^^
lib/generated/spacex_api/device/wifi.pb.dart:15044:30: Error: Type '$4.FloatValue' not found.
  set radios2ghzAntenna1Rssi($4.FloatValue value) => $_setField(101, value);
                             ^^^^^^^^^^^^^
lib/generated/spacex_api/device/wifi.pb.dart:15050:3: Error: Type '$4.FloatValue' not found.
  $4.FloatValue ensureRadios2ghzAntenna1Rssi() => $_ensure(15);
  ^^^^^^^^^^^^^
lib/generated/spacex_api/device/wifi.pb.dart:15053:3: Error: Type '$4.FloatValue' not found.
  $4.FloatValue get radios2ghzAntenna2Rssi => $_getN(16);
  ^^^^^^^^^^^^^
lib/generated/spacex_api/device/wifi.pb.dart:15055:30: Error: Type '$4.FloatValue' not found.
  set radios2ghzAntenna2Rssi($4.FloatValue value) => $_setField(102, value);
                             ^^^^^^^^^^^^^
lib/generated/spacex_api/device/wifi.pb.dart:15061:3: Error: Type '$4.FloatValue' not found.
  $4.FloatValue ensureRadios2ghzAntenna2Rssi() => $_ensure(16);
  ^^^^^^^^^^^^^
lib/generated/spacex_api/device/wifi.pb.dart:15064:3: Error: Type '$4.FloatValue' not found.
  $4.FloatValue get radios2ghzAntenna3Rssi => $_getN(17);
  ^^^^^^^^^^^^^
lib/generated/spacex_api/device/wifi.pb.dart:15066:30: Error: Type '$4.FloatValue' not found.
  set radios2ghzAntenna3Rssi($4.FloatValue value) => $_setField(103, value);
                             ^^^^^^^^^^^^^
lib/generated/spacex_api/device/wifi.pb.dart:15072:3: Error: Type '$4.FloatValue' not found.
  $4.FloatValue ensureRadios2ghzAntenna3Rssi() => $_ensure(17);
  ^^^^^^^^^^^^^
lib/generated/spacex_api/device/wifi.pb.dart:15075:3: Error: Type '$4.UInt32Value' not found.
  $4.UInt32Value get radios2ghzIfaceCount => $_getN(18);
  ^^^^^^^^^^^^^^
lib/generated/spacex_api/device/wifi.pb.dart:15077:28: Error: Type '$4.UInt32Value' not found.
  set radios2ghzIfaceCount($4.UInt32Value value) => $_setField(104, value);
                           ^^^^^^^^^^^^^^
lib/generated/spacex_api/device/wifi.pb.dart:15083:3: Error: Type '$4.UInt32Value' not found.
  $4.UInt32Value ensureRadios2ghzIfaceCount() => $_ensure(18);
  ^^^^^^^^^^^^^^
lib/generated/spacex_api/device/wifi.pb.dart:15086:3: Error: Type '$4.FloatValue' not found.
  $4.FloatValue get radios2ghzChanBusyFraction => $_getN(19);
  ^^^^^^^^^^^^^
lib/generated/spacex_api/device/wifi.pb.dart:15088:34: Error: Type '$4.FloatValue' not found.
  set radios2ghzChanBusyFraction($4.FloatValue value) => $_setField(105, value);
                                 ^^^^^^^^^^^^^
lib/generated/spacex_api/device/wifi.pb.dart:15094:3: Error: Type '$4.FloatValue' not found.
  $4.FloatValue ensureRadios2ghzChanBusyFraction() => $_ensure(19);
  ^^^^^^^^^^^^^
lib/generated/spacex_api/device/wifi.pb.dart:15097:3: Error: Type '$4.FloatValue' not found.
  $4.FloatValue get radios2ghzEdccaFraction => $_getN(20);
  ^^^^^^^^^^^^^
lib/generated/spacex_api/device/wifi.pb.dart:15099:31: Error: Type '$4.FloatValue' not found.
  set radios2ghzEdccaFraction($4.FloatValue value) => $_setField(106, value);
                              ^^^^^^^^^^^^^
lib/generated/spacex_api/device/wifi.pb.dart:15105:3: Error: Type '$4.FloatValue' not found.
  $4.FloatValue ensureRadios2ghzEdccaFraction() => $_ensure(20);
  ^^^^^^^^^^^^^
lib/generated/spacex_api/device/wifi.pb.dart:15108:3: Error: Type '$4.FloatValue' not found.
  $4.FloatValue get radios2ghzOverlappingBssFraction => $_getN(21);
  ^^^^^^^^^^^^^
lib/generated/spacex_api/device/wifi.pb.dart:15110:40: Error: Type '$4.FloatValue' not found.
  set radios2ghzOverlappingBssFraction($4.FloatValue value) =>
                                       ^^^^^^^^^^^^^
lib/generated/spacex_api/device/wifi.pb.dart:15117:3: Error: Type '$4.FloatValue' not found.
  $4.FloatValue ensureRadios2ghzOverlappingBssFraction() => $_ensure(21);
  ^^^^^^^^^^^^^
lib/generated/spacex_api/device/wifi.pb.dart:15120:3: Error: Type '$4.UInt32Value' not found.
  $4.UInt32Value get radios2ghzRxBytes => $_getN(22);
  ^^^^^^^^^^^^^^
lib/generated/spacex_api/device/wifi.pb.dart:15122:25: Error: Type '$4.UInt32Value' not found.
  set radios2ghzRxBytes($4.UInt32Value value) => $_setField(108, value);
                        ^^^^^^^^^^^^^^
lib/generated/spacex_api/device/wifi.pb.dart:15128:3: Error: Type '$4.UInt32Value' not found.
  $4.UInt32Value ensureRadios2ghzRxBytes() => $_ensure(22);
  ^^^^^^^^^^^^^^
lib/generated/spacex_api/device/wifi.pb.dart:15131:3: Error: Type '$4.UInt32Value' not found.
  $4.UInt32Value get radios2ghzRxPackets => $_getN(23);
  ^^^^^^^^^^^^^^
lib/generated/spacex_api/device/wifi.pb.dart:15133:27: Error: Type '$4.UInt32Value' not found.
  set radios2ghzRxPackets($4.UInt32Value value) => $_setField(109, value);
                          ^^^^^^^^^^^^^^
lib/generated/spacex_api/device/wifi.pb.dart:15139:3: Error: Type '$4.UInt32Value' not found.
  $4.UInt32Value ensureRadios2ghzRxPackets() => $_ensure(23);
  ^^^^^^^^^^^^^^
lib/generated/spacex_api/device/wifi.pb.dart:15142:3: Error: Type '$4.UInt32Value' not found.
  $4.UInt32Value get radios2ghzRxErrors => $_getN(24);
  ^^^^^^^^^^^^^^
lib/generated/spacex_api/device/wifi.pb.dart:15144:26: Error: Type '$4.UInt32Value' not found.
  set radios2ghzRxErrors($4.UInt32Value value) => $_setField(110, value);
                         ^^^^^^^^^^^^^^
lib/generated/spacex_api/device/wifi.pb.dart:15150:3: Error: Type '$4.UInt32Value' not found.
  $4.UInt32Value ensureRadios2ghzRxErrors() => $_ensure(24);
  ^^^^^^^^^^^^^^
lib/generated/spacex_api/device/wifi.pb.dart:15153:3: Error: Type '$4.UInt32Value' not found.
  $4.UInt32Value get radios2ghzRxFrameErrors => $_getN(25);
  ^^^^^^^^^^^^^^
lib/generated/spacex_api/device/wifi.pb.dart:15155:31: Error: Type '$4.UInt32Value' not found.
  set radios2ghzRxFrameErrors($4.UInt32Value value) => $_setField(111, value);
                              ^^^^^^^^^^^^^^
lib/generated/spacex_api/device/wifi.pb.dart:15161:3: Error: Type '$4.UInt32Value' not found.
  $4.UInt32Value ensureRadios2ghzRxFrameErrors() => $_ensure(25);
  ^^^^^^^^^^^^^^
lib/generated/spacex_api/device/wifi.pb.dart:15164:3: Error: Type '$4.FloatValue' not found.
  $4.FloatValue get radios2ghzRxPacketErrorRate => $_getN(26);
  ^^^^^^^^^^^^^
lib/generated/spacex_api/device/wifi.pb.dart:15166:35: Error: Type '$4.FloatValue' not found.
  set radios2ghzRxPacketErrorRate($4.FloatValue value) =>
                                  ^^^^^^^^^^^^^
lib/generated/spacex_api/device/wifi.pb.dart:15173:3: Error: Type '$4.FloatValue' not found.
  $4.FloatValue ensureRadios2ghzRxPacketErrorRate() => $_ensure(26);
  ^^^^^^^^^^^^^
lib/generated/spacex_api/device/wifi.pb.dart:15176:3: Error: Type '$4.FloatValue' not found.
  $4.FloatValue get radios2ghzRxAirtimeFraction => $_getN(27);
  ^^^^^^^^^^^^^
lib/generated/spacex_api/device/wifi.pb.dart:15178:35: Error: Type '$4.FloatValue' not found.
  set radios2ghzRxAirtimeFraction($4.FloatValue value) =>
                                  ^^^^^^^^^^^^^
lib/generated/spacex_api/device/wifi.pb.dart:15185:3: Error: Type '$4.FloatValue' not found.
  $4.FloatValue ensureRadios2ghzRxAirtimeFraction() => $_ensure(27);
  ^^^^^^^^^^^^^
lib/generated/spacex_api/device/wifi.pb.dart:15188:3: Error: Type '$4.UInt32Value' not found.
  $4.UInt32Value get radios2ghzTxBytes => $_getN(28);
  ^^^^^^^^^^^^^^
lib/generated/spacex_api/device/wifi.pb.dart:15190:25: Error: Type '$4.UInt32Value' not found.
  set radios2ghzTxBytes($4.UInt32Value value) => $_setField(114, value);
                        ^^^^^^^^^^^^^^
lib/generated/spacex_api/device/wifi.pb.dart:15196:3: Error: Type '$4.UInt32Value' not found.
  $4.UInt32Value ensureRadios2ghzTxBytes() => $_ensure(28);
  ^^^^^^^^^^^^^^
lib/generated/spacex_api/device/wifi.pb.dart:15199:3: Error: Type '$4.UInt32Value' not found.
  $4.UInt32Value get radios2ghzTxPackets => $_getN(29);
  ^^^^^^^^^^^^^^
lib/generated/spacex_api/device/wifi.pb.dart:15201:27: Error: Type '$4.UInt32Value' not found.
  set radios2ghzTxPackets($4.UInt32Value value) => $_setField(115, value);
                          ^^^^^^^^^^^^^^
lib/generated/spacex_api/device/wifi.pb.dart:15207:3: Error: Type '$4.UInt32Value' not found.
  $4.UInt32Value ensureRadios2ghzTxPackets() => $_ensure(29);
  ^^^^^^^^^^^^^^
lib/generated/spacex_api/device/wifi.pb.dart:15210:3: Error: Type '$4.UInt32Value' not found.
  $4.UInt32Value get radios2ghzTxErrors => $_getN(30);
  ^^^^^^^^^^^^^^
lib/generated/spacex_api/device/wifi.pb.dart:15212:26: Error: Type '$4.UInt32Value' not found.
  set radios2ghzTxErrors($4.UInt32Value value) => $_setField(116, value);
                         ^^^^^^^^^^^^^^
lib/generated/spacex_api/device/wifi.pb.dart:15218:3: Error: Type '$4.UInt32Value' not found.
  $4.UInt32Value ensureRadios2ghzTxErrors() => $_ensure(30);
  ^^^^^^^^^^^^^^
lib/generated/spacex_api/device/wifi.pb.dart:15221:3: Error: Type '$4.FloatValue' not found.
  $4.FloatValue get radios2ghzTxPacketErrorRate => $_getN(31);
  ^^^^^^^^^^^^^
lib/generated/spacex_api/device/wifi.pb.dart:15223:35: Error: Type '$4.FloatValue' not found.
  set radios2ghzTxPacketErrorRate($4.FloatValue value) =>
                                  ^^^^^^^^^^^^^
lib/generated/spacex_api/device/wifi.pb.dart:15230:3: Error: Type '$4.FloatValue' not found.
  $4.FloatValue ensureRadios2ghzTxPacketErrorRate() => $_ensure(31);
  ^^^^^^^^^^^^^
lib/generated/spacex_api/device/wifi.pb.dart:15233:3: Error: Type '$4.FloatValue' not found.
  $4.FloatValue get radios2ghzTxAirtimeFraction => $_getN(32);
  ^^^^^^^^^^^^^
lib/generated/spacex_api/device/wifi.pb.dart:15235:35: Error: Type '$4.FloatValue' not found.
  set radios2ghzTxAirtimeFraction($4.FloatValue value) =>
                                  ^^^^^^^^^^^^^
lib/generated/spacex_api/device/wifi.pb.dart:15242:3: Error: Type '$4.FloatValue' not found.
  $4.FloatValue ensureRadios2ghzTxAirtimeFraction() => $_ensure(32);
  ^^^^^^^^^^^^^
lib/generated/spacex_api/device/wifi.pb.dart:15245:3: Error: Type '$4.UInt32Value' not found.
  $4.UInt32Value get radios5ghzChannel => $_getN(33);
  ^^^^^^^^^^^^^^
lib/generated/spacex_api/device/wifi.pb.dart:15247:25: Error: Type '$4.UInt32Value' not found.
  set radios5ghzChannel($4.UInt32Value value) => $_setField(119, value);
                        ^^^^^^^^^^^^^^
lib/generated/spacex_api/device/wifi.pb.dart:15253:3: Error: Type '$4.UInt32Value' not found.
  $4.UInt32Value ensureRadios5ghzChannel() => $_ensure(33);
  ^^^^^^^^^^^^^^
lib/generated/spacex_api/device/wifi.pb.dart:15256:3: Error: Type '$4.FloatValue' not found.
  $4.FloatValue get radios5ghzAntenna1Rssi => $_getN(34);
  ^^^^^^^^^^^^^
lib/generated/spacex_api/device/wifi.pb.dart:15258:30: Error: Type '$4.FloatValue' not found.
  set radios5ghzAntenna1Rssi($4.FloatValue value) => $_setField(120, value);
                             ^^^^^^^^^^^^^
lib/generated/spacex_api/device/wifi.pb.dart:15264:3: Error: Type '$4.FloatValue' not found.
  $4.FloatValue ensureRadios5ghzAntenna1Rssi() => $_ensure(34);
  ^^^^^^^^^^^^^
lib/generated/spacex_api/device/wifi.pb.dart:15267:3: Error: Type '$4.FloatValue' not found.
  $4.FloatValue get radios5ghzAntenna2Rssi => $_getN(35);
  ^^^^^^^^^^^^^
lib/generated/spacex_api/device/wifi.pb.dart:15269:30: Error: Type '$4.FloatValue' not found.
  set radios5ghzAntenna2Rssi($4.FloatValue value) => $_setField(121, value);
                             ^^^^^^^^^^^^^
lib/generated/spacex_api/device/wifi.pb.dart:15275:3: Error: Type '$4.FloatValue' not found.
  $4.FloatValue ensureRadios5ghzAntenna2Rssi() => $_ensure(35);
  ^^^^^^^^^^^^^
lib/generated/spacex_api/device/wifi.pb.dart:15278:3: Error: Type '$4.FloatValue' not found.
  $4.FloatValue get radios5ghzAntenna3Rssi => $_getN(36);
  ^^^^^^^^^^^^^
lib/generated/spacex_api/device/wifi.pb.dart:15280:30: Error: Type '$4.FloatValue' not found.
  set radios5ghzAntenna3Rssi($4.FloatValue value) => $_setField(122, value);
                             ^^^^^^^^^^^^^
lib/generated/spacex_api/device/wifi.pb.dart:15286:3: Error: Type '$4.FloatValue' not found.
  $4.FloatValue ensureRadios5ghzAntenna3Rssi() => $_ensure(36);
  ^^^^^^^^^^^^^
lib/generated/spacex_api/device/wifi.pb.dart:15289:3: Error: Type '$4.UInt32Value' not found.
  $4.UInt32Value get radios5ghzIfaceCount => $_getN(37);
  ^^^^^^^^^^^^^^
lib/generated/spacex_api/device/wifi.pb.dart:15291:28: Error: Type '$4.UInt32Value' not found.
  set radios5ghzIfaceCount($4.UInt32Value value) => $_setField(123, value);
                           ^^^^^^^^^^^^^^
lib/generated/spacex_api/device/wifi.pb.dart:15297:3: Error: Type '$4.UInt32Value' not found.
  $4.UInt32Value ensureRadios5ghzIfaceCount() => $_ensure(37);
  ^^^^^^^^^^^^^^
lib/generated/spacex_api/device/wifi.pb.dart:15300:3: Error: Type '$4.FloatValue' not found.
  $4.FloatValue get radios5ghzChanBusyFraction => $_getN(38);
  ^^^^^^^^^^^^^
lib/generated/spacex_api/device/wifi.pb.dart:15302:34: Error: Type '$4.FloatValue' not found.
  set radios5ghzChanBusyFraction($4.FloatValue value) => $_setField(124, value);
                                 ^^^^^^^^^^^^^
lib/generated/spacex_api/device/wifi.pb.dart:15308:3: Error: Type '$4.FloatValue' not found.
  $4.FloatValue ensureRadios5ghzChanBusyFraction() => $_ensure(38);
  ^^^^^^^^^^^^^
lib/generated/spacex_api/device/wifi.pb.dart:15311:3: Error: Type '$4.FloatValue' not found.
  $4.FloatValue get radios5ghzEdccaFraction => $_getN(39);
  ^^^^^^^^^^^^^
lib/generated/spacex_api/device/wifi.pb.dart:15313:31: Error: Type '$4.FloatValue' not found.
  set radios5ghzEdccaFraction($4.FloatValue value) => $_setField(125, value);
                              ^^^^^^^^^^^^^
lib/generated/spacex_api/device/wifi.pb.dart:15319:3: Error: Type '$4.FloatValue' not found.
  $4.FloatValue ensureRadios5ghzEdccaFraction() => $_ensure(39);
  ^^^^^^^^^^^^^
lib/generated/spacex_api/device/wifi.pb.dart:15322:3: Error: Type '$4.FloatValue' not found.
  $4.FloatValue get radios5ghzOverlappingBssFraction => $_getN(40);
  ^^^^^^^^^^^^^
lib/generated/spacex_api/device/wifi.pb.dart:15324:40: Error: Type '$4.FloatValue' not found.
  set radios5ghzOverlappingBssFraction($4.FloatValue value) =>
                                       ^^^^^^^^^^^^^
lib/generated/spacex_api/device/wifi.pb.dart:15331:3: Error: Type '$4.FloatValue' not found.
  $4.FloatValue ensureRadios5ghzOverlappingBssFraction() => $_ensure(40);
  ^^^^^^^^^^^^^
lib/generated/spacex_api/device/wifi.pb.dart:15334:3: Error: Type '$4.UInt32Value' not found.
  $4.UInt32Value get radios5ghzRxBytes => $_getN(41);
  ^^^^^^^^^^^^^^
lib/generated/spacex_api/device/wifi.pb.dart:15336:25: Error: Type '$4.UInt32Value' not found.
  set radios5ghzRxBytes($4.UInt32Value value) => $_setField(127, value);
                        ^^^^^^^^^^^^^^
lib/generated/spacex_api/device/wifi.pb.dart:15342:3: Error: Type '$4.UInt32Value' not found.
  $4.UInt32Value ensureRadios5ghzRxBytes() => $_ensure(41);
  ^^^^^^^^^^^^^^
lib/generated/spacex_api/device/wifi.pb.dart:15345:3: Error: Type '$4.UInt32Value' not found.
  $4.UInt32Value get radios5ghzRxPackets => $_getN(42);
  ^^^^^^^^^^^^^^
lib/generated/spacex_api/device/wifi.pb.dart:15347:27: Error: Type '$4.UInt32Value' not found.
  set radios5ghzRxPackets($4.UInt32Value value) => $_setField(128, value);
                          ^^^^^^^^^^^^^^
lib/generated/spacex_api/device/wifi.pb.dart:15353:3: Error: Type '$4.UInt32Value' not found.
  $4.UInt32Value ensureRadios5ghzRxPackets() => $_ensure(42);
  ^^^^^^^^^^^^^^
lib/generated/spacex_api/device/wifi.pb.dart:15356:3: Error: Type '$4.UInt32Value' not found.
  $4.UInt32Value get radios5ghzRxErrors => $_getN(43);
  ^^^^^^^^^^^^^^
lib/generated/spacex_api/device/wifi.pb.dart:15358:26: Error: Type '$4.UInt32Value' not found.
  set radios5ghzRxErrors($4.UInt32Value value) => $_setField(129, value);
                         ^^^^^^^^^^^^^^
lib/generated/spacex_api/device/wifi.pb.dart:15364:3: Error: Type '$4.UInt32Value' not found.
  $4.UInt32Value ensureRadios5ghzRxErrors() => $_ensure(43);
  ^^^^^^^^^^^^^^
lib/generated/spacex_api/device/wifi.pb.dart:15367:3: Error: Type '$4.UInt32Value' not found.
  $4.UInt32Value get radios5ghzRxFrameErrors => $_getN(44);
  ^^^^^^^^^^^^^^
lib/generated/spacex_api/device/wifi.pb.dart:15369:31: Error: Type '$4.UInt32Value' not found.
  set radios5ghzRxFrameErrors($4.UInt32Value value) => $_setField(130, value);
                              ^^^^^^^^^^^^^^
lib/generated/spacex_api/device/wifi.pb.dart:15375:3: Error: Type '$4.UInt32Value' not found.
  $4.UInt32Value ensureRadios5ghzRxFrameErrors() => $_ensure(44);
  ^^^^^^^^^^^^^^
lib/generated/spacex_api/device/wifi.pb.dart:15378:3: Error: Type '$4.FloatValue' not found.
  $4.FloatValue get radios5ghzRxPacketErrorRate => $_getN(45);
  ^^^^^^^^^^^^^
lib/generated/spacex_api/device/wifi.pb.dart:15380:35: Error: Type '$4.FloatValue' not found.
  set radios5ghzRxPacketErrorRate($4.FloatValue value) =>
                                  ^^^^^^^^^^^^^
lib/generated/spacex_api/device/wifi.pb.dart:15387:3: Error: Type '$4.FloatValue' not found.
  $4.FloatValue ensureRadios5ghzRxPacketErrorRate() => $_ensure(45);
  ^^^^^^^^^^^^^
lib/generated/spacex_api/device/wifi.pb.dart:15390:3: Error: Type '$4.FloatValue' not found.
  $4.FloatValue get radios5ghzRxAirtimeFraction => $_getN(46);
  ^^^^^^^^^^^^^
lib/generated/spacex_api/device/wifi.pb.dart:15392:35: Error: Type '$4.FloatValue' not found.
  set radios5ghzRxAirtimeFraction($4.FloatValue value) =>
                                  ^^^^^^^^^^^^^
lib/generated/spacex_api/device/wifi.pb.dart:15399:3: Error: Type '$4.FloatValue' not found.
  $4.FloatValue ensureRadios5ghzRxAirtimeFraction() => $_ensure(46);
  ^^^^^^^^^^^^^
lib/generated/spacex_api/device/wifi.pb.dart:15402:3: Error: Type '$4.UInt32Value' not found.
  $4.UInt32Value get radios5ghzTxBytes => $_getN(47);
  ^^^^^^^^^^^^^^
lib/generated/spacex_api/device/wifi.pb.dart:15404:25: Error: Type '$4.UInt32Value' not found.
  set radios5ghzTxBytes($4.UInt32Value value) => $_setField(133, value);
                        ^^^^^^^^^^^^^^
lib/generated/spacex_api/device/wifi.pb.dart:15410:3: Error: Type '$4.UInt32Value' not found.
  $4.UInt32Value ensureRadios5ghzTxBytes() => $_ensure(47);
  ^^^^^^^^^^^^^^
lib/generated/spacex_api/device/wifi.pb.dart:15413:3: Error: Type '$4.UInt32Value' not found.
  $4.UInt32Value get radios5ghzTxPackets => $_getN(48);
  ^^^^^^^^^^^^^^
lib/generated/spacex_api/device/wifi.pb.dart:15415:27: Error: Type '$4.UInt32Value' not found.
  set radios5ghzTxPackets($4.UInt32Value value) => $_setField(134, value);
                          ^^^^^^^^^^^^^^
lib/generated/spacex_api/device/wifi.pb.dart:15421:3: Error: Type '$4.UInt32Value' not found.
  $4.UInt32Value ensureRadios5ghzTxPackets() => $_ensure(48);
  ^^^^^^^^^^^^^^
lib/generated/spacex_api/device/wifi.pb.dart:15424:3: Error: Type '$4.UInt32Value' not found.
  $4.UInt32Value get radios5ghzTxErrors => $_getN(49);
  ^^^^^^^^^^^^^^
lib/generated/spacex_api/device/wifi.pb.dart:15426:26: Error: Type '$4.UInt32Value' not found.
  set radios5ghzTxErrors($4.UInt32Value value) => $_setField(135, value);
                         ^^^^^^^^^^^^^^
lib/generated/spacex_api/device/wifi.pb.dart:15432:3: Error: Type '$4.UInt32Value' not found.
  $4.UInt32Value ensureRadios5ghzTxErrors() => $_ensure(49);
  ^^^^^^^^^^^^^^
lib/generated/spacex_api/device/wifi.pb.dart:15435:3: Error: Type '$4.FloatValue' not found.
  $4.FloatValue get radios5ghzTxPacketErrorRate => $_getN(50);
  ^^^^^^^^^^^^^
lib/generated/spacex_api/device/wifi.pb.dart:15437:35: Error: Type '$4.FloatValue' not found.
  set radios5ghzTxPacketErrorRate($4.FloatValue value) =>
                                  ^^^^^^^^^^^^^
lib/generated/spacex_api/device/wifi.pb.dart:15444:3: Error: Type '$4.FloatValue' not found.
  $4.FloatValue ensureRadios5ghzTxPacketErrorRate() => $_ensure(50);
  ^^^^^^^^^^^^^
lib/generated/spacex_api/device/wifi.pb.dart:15447:3: Error: Type '$4.FloatValue' not found.
  $4.FloatValue get radios5ghzTxAirtimeFraction => $_getN(51);
  ^^^^^^^^^^^^^
lib/generated/spacex_api/device/wifi.pb.dart:15449:35: Error: Type '$4.FloatValue' not found.
  set radios5ghzTxAirtimeFraction($4.FloatValue value) =>
                                  ^^^^^^^^^^^^^
lib/generated/spacex_api/device/wifi.pb.dart:15456:3: Error: Type '$4.FloatValue' not found.
  $4.FloatValue ensureRadios5ghzTxAirtimeFraction() => $_ensure(51);
  ^^^^^^^^^^^^^
lib/generated/spacex_api/device/wifi.pb.dart:15459:3: Error: Type '$4.FloatValue' not found.
  $4.FloatValue get radios2ghzThermalTemp => $_getN(52);
  ^^^^^^^^^^^^^
lib/generated/spacex_api/device/wifi.pb.dart:15461:29: Error: Type '$4.FloatValue' not found.
  set radios2ghzThermalTemp($4.FloatValue value) => $_setField(200, value);
                            ^^^^^^^^^^^^^
lib/generated/spacex_api/device/wifi.pb.dart:15467:3: Error: Type '$4.FloatValue' not found.
  $4.FloatValue ensureRadios2ghzThermalTemp() => $_ensure(52);
  ^^^^^^^^^^^^^
lib/generated/spacex_api/device/wifi.pb.dart:15470:3: Error: Type '$4.FloatValue' not found.
  $4.FloatValue get radios5ghzThermalTemp => $_getN(53);
  ^^^^^^^^^^^^^
lib/generated/spacex_api/device/wifi.pb.dart:15472:29: Error: Type '$4.FloatValue' not found.
  set radios5ghzThermalTemp($4.FloatValue value) => $_setField(201, value);
                            ^^^^^^^^^^^^^
lib/generated/spacex_api/device/wifi.pb.dart:15478:3: Error: Type '$4.FloatValue' not found.
  $4.FloatValue ensureRadios5ghzThermalTemp() => $_ensure(53);
  ^^^^^^^^^^^^^
lib/generated/spacex_api/device/wifi.pb.dart:15481:3: Error: Type '$4.FloatValue' not found.
  $4.FloatValue get radios2ghzThermalDutyCycle => $_getN(54);
  ^^^^^^^^^^^^^
lib/generated/spacex_api/device/wifi.pb.dart:15483:34: Error: Type '$4.FloatValue' not found.
  set radios2ghzThermalDutyCycle($4.FloatValue value) => $_setField(202, value);
                                 ^^^^^^^^^^^^^
lib/generated/spacex_api/device/wifi.pb.dart:15489:3: Error: Type '$4.FloatValue' not found.
  $4.FloatValue ensureRadios2ghzThermalDutyCycle() => $_ensure(54);
  ^^^^^^^^^^^^^
lib/generated/spacex_api/device/wifi.pb.dart:15492:3: Error: Type '$4.FloatValue' not found.
  $4.FloatValue get radios5ghzThermalDutyCycle => $_getN(55);
  ^^^^^^^^^^^^^
lib/generated/spacex_api/device/wifi.pb.dart:15494:34: Error: Type '$4.FloatValue' not found.
  set radios5ghzThermalDutyCycle($4.FloatValue value) => $_setField(203, value);
                                 ^^^^^^^^^^^^^
lib/generated/spacex_api/device/wifi.pb.dart:15500:3: Error: Type '$4.FloatValue' not found.
  $4.FloatValue ensureRadios5ghzThermalDutyCycle() => $_ensure(55);
  ^^^^^^^^^^^^^
lib/generated/spacex_api/device/wifi.pb.dart:15503:3: Error: Type '$4.UInt32Value' not found.
  $4.UInt32Value get radios2ghzThermalThrottledSeconds => $_getN(56);
  ^^^^^^^^^^^^^^
lib/generated/spacex_api/device/wifi.pb.dart:15505:41: Error: Type '$4.UInt32Value' not found.
  set radios2ghzThermalThrottledSeconds($4.UInt32Value value) =>
                                        ^^^^^^^^^^^^^^
lib/generated/spacex_api/device/wifi.pb.dart:15512:3: Error: Type '$4.UInt32Value' not found.
  $4.UInt32Value ensureRadios2ghzThermalThrottledSeconds() => $_ensure(56);
  ^^^^^^^^^^^^^^
lib/generated/spacex_api/device/wifi.pb.dart:15515:3: Error: Type '$4.UInt32Value' not found.
  $4.UInt32Value get radios5ghzThermalThrottledSeconds => $_getN(57);
  ^^^^^^^^^^^^^^
lib/generated/spacex_api/device/wifi.pb.dart:15517:41: Error: Type '$4.UInt32Value' not found.
  set radios5ghzThermalThrottledSeconds($4.UInt32Value value) =>
                                        ^^^^^^^^^^^^^^
lib/generated/spacex_api/device/wifi.pb.dart:15524:3: Error: Type '$4.UInt32Value' not found.
  $4.UInt32Value ensureRadios5ghzThermalThrottledSeconds() => $_ensure(57);
  ^^^^^^^^^^^^^^
lib/generated/spacex_api/device/wifi.pb.dart:15527:3: Error: Type '$4.UInt32Value' not found.
  $4.UInt32Value get ifacesLanEthRxBytes => $_getN(58);
  ^^^^^^^^^^^^^^
lib/generated/spacex_api/device/wifi.pb.dart:15529:27: Error: Type '$4.UInt32Value' not found.
  set ifacesLanEthRxBytes($4.UInt32Value value) => $_setField(300, value);
                          ^^^^^^^^^^^^^^
lib/generated/spacex_api/device/wifi.pb.dart:15535:3: Error: Type '$4.UInt32Value' not found.
  $4.UInt32Value ensureIfacesLanEthRxBytes() => $_ensure(58);
  ^^^^^^^^^^^^^^
lib/generated/spacex_api/device/wifi.pb.dart:15538:3: Error: Type '$4.UInt32Value' not found.
  $4.UInt32Value get ifacesLanEthRxPackets => $_getN(59);
  ^^^^^^^^^^^^^^
lib/generated/spacex_api/device/wifi.pb.dart:15540:29: Error: Type '$4.UInt32Value' not found.
  set ifacesLanEthRxPackets($4.UInt32Value value) => $_setField(301, value);
                            ^^^^^^^^^^^^^^
lib/generated/spacex_api/device/wifi.pb.dart:15546:3: Error: Type '$4.UInt32Value' not found.
  $4.UInt32Value ensureIfacesLanEthRxPackets() => $_ensure(59);
  ^^^^^^^^^^^^^^
lib/generated/spacex_api/device/wifi.pb.dart:15549:3: Error: Type '$4.UInt32Value' not found.
  $4.UInt32Value get ifacesLanEthRxErrors => $_getN(60);
  ^^^^^^^^^^^^^^
lib/generated/spacex_api/device/wifi.pb.dart:15551:28: Error: Type '$4.UInt32Value' not found.
  set ifacesLanEthRxErrors($4.UInt32Value value) => $_setField(302, value);
                           ^^^^^^^^^^^^^^
lib/generated/spacex_api/device/wifi.pb.dart:15557:3: Error: Type '$4.UInt32Value' not found.
  $4.UInt32Value ensureIfacesLanEthRxErrors() => $_ensure(60);
  ^^^^^^^^^^^^^^
lib/generated/spacex_api/device/wifi.pb.dart:15560:3: Error: Type '$4.UInt32Value' not found.
  $4.UInt32Value get ifacesLanEthRxFrameErrors => $_getN(61);
  ^^^^^^^^^^^^^^
lib/generated/spacex_api/device/wifi.pb.dart:15562:33: Error: Type '$4.UInt32Value' not found.
  set ifacesLanEthRxFrameErrors($4.UInt32Value value) => $_setField(303, value);
                                ^^^^^^^^^^^^^^
lib/generated/spacex_api/device/wifi.pb.dart:15568:3: Error: Type '$4.UInt32Value' not found.
  $4.UInt32Value ensureIfacesLanEthRxFrameErrors() => $_ensure(61);
  ^^^^^^^^^^^^^^
lib/generated/spacex_api/device/wifi.pb.dart:15571:3: Error: Type '$4.UInt32Value' not found.
  $4.UInt32Value get ifacesLanEthTxBytes => $_getN(62);
  ^^^^^^^^^^^^^^
lib/generated/spacex_api/device/wifi.pb.dart:15573:27: Error: Type '$4.UInt32Value' not found.
  set ifacesLanEthTxBytes($4.UInt32Value value) => $_setField(304, value);
                          ^^^^^^^^^^^^^^
lib/generated/spacex_api/device/wifi.pb.dart:15579:3: Error: Type '$4.UInt32Value' not found.
  $4.UInt32Value ensureIfacesLanEthTxBytes() => $_ensure(62);
  ^^^^^^^^^^^^^^
lib/generated/spacex_api/device/wifi.pb.dart:15582:3: Error: Type '$4.UInt32Value' not found.
  $4.UInt32Value get ifacesLanEthTxPackets => $_getN(63);
  ^^^^^^^^^^^^^^
lib/generated/spacex_api/device/wifi.pb.dart:15584:29: Error: Type '$4.UInt32Value' not found.
  set ifacesLanEthTxPackets($4.UInt32Value value) => $_setField(305, value);
                            ^^^^^^^^^^^^^^
lib/generated/spacex_api/device/wifi.pb.dart:15590:3: Error: Type '$4.UInt32Value' not found.
  $4.UInt32Value ensureIfacesLanEthTxPackets() => $_ensure(63);
  ^^^^^^^^^^^^^^
lib/generated/spacex_api/device/wifi.pb.dart:15593:3: Error: Type '$4.UInt32Value' not found.
  $4.UInt32Value get ifacesLanEthTxErrors => $_getN(64);
  ^^^^^^^^^^^^^^
lib/generated/spacex_api/device/wifi.pb.dart:15595:28: Error: Type '$4.UInt32Value' not found.
  set ifacesLanEthTxErrors($4.UInt32Value value) => $_setField(306, value);
                           ^^^^^^^^^^^^^^
lib/generated/spacex_api/device/wifi.pb.dart:15601:3: Error: Type '$4.UInt32Value' not found.
  $4.UInt32Value ensureIfacesLanEthTxErrors() => $_ensure(64);
  ^^^^^^^^^^^^^^
lib/generated/spacex_api/device/wifi.pb.dart:15604:3: Error: Type '$4.UInt32Value' not found.
  $4.UInt32Value get ifacesWanEthRxBytes => $_getN(65);
  ^^^^^^^^^^^^^^
lib/generated/spacex_api/device/wifi.pb.dart:15606:27: Error: Type '$4.UInt32Value' not found.
  set ifacesWanEthRxBytes($4.UInt32Value value) => $_setField(307, value);
                          ^^^^^^^^^^^^^^
lib/generated/spacex_api/device/wifi.pb.dart:15612:3: Error: Type '$4.UInt32Value' not found.
  $4.UInt32Value ensureIfacesWanEthRxBytes() => $_ensure(65);
  ^^^^^^^^^^^^^^
lib/generated/spacex_api/device/wifi.pb.dart:15615:3: Error: Type '$4.UInt32Value' not found.
  $4.UInt32Value get ifacesWanEthRxPackets => $_getN(66);
  ^^^^^^^^^^^^^^
lib/generated/spacex_api/device/wifi.pb.dart:15617:29: Error: Type '$4.UInt32Value' not found.
  set ifacesWanEthRxPackets($4.UInt32Value value) => $_setField(308, value);
                            ^^^^^^^^^^^^^^
lib/generated/spacex_api/device/wifi.pb.dart:15623:3: Error: Type '$4.UInt32Value' not found.
  $4.UInt32Value ensureIfacesWanEthRxPackets() => $_ensure(66);
  ^^^^^^^^^^^^^^
lib/generated/spacex_api/device/wifi.pb.dart:15626:3: Error: Type '$4.UInt32Value' not found.
  $4.UInt32Value get ifacesWanEthRxErrors => $_getN(67);
  ^^^^^^^^^^^^^^
lib/generated/spacex_api/device/wifi.pb.dart:15628:28: Error: Type '$4.UInt32Value' not found.
  set ifacesWanEthRxErrors($4.UInt32Value value) => $_setField(309, value);
                           ^^^^^^^^^^^^^^
lib/generated/spacex_api/device/wifi.pb.dart:15634:3: Error: Type '$4.UInt32Value' not found.
  $4.UInt32Value ensureIfacesWanEthRxErrors() => $_ensure(67);
  ^^^^^^^^^^^^^^
lib/generated/spacex_api/device/wifi.pb.dart:15637:3: Error: Type '$4.UInt32Value' not found.
  $4.UInt32Value get ifacesWanEthRxFrameErrors => $_getN(68);
  ^^^^^^^^^^^^^^
lib/generated/spacex_api/device/wifi.pb.dart:15639:33: Error: Type '$4.UInt32Value' not found.
  set ifacesWanEthRxFrameErrors($4.UInt32Value value) => $_setField(310, value);
                                ^^^^^^^^^^^^^^
lib/generated/spacex_api/device/wifi.pb.dart:15645:3: Error: Type '$4.UInt32Value' not found.
  $4.UInt32Value ensureIfacesWanEthRxFrameErrors() => $_ensure(68);
  ^^^^^^^^^^^^^^
lib/generated/spacex_api/device/wifi.pb.dart:15648:3: Error: Type '$4.UInt32Value' not found.
  $4.UInt32Value get ifacesWanEthTxBytes => $_getN(69);
  ^^^^^^^^^^^^^^
lib/generated/spacex_api/device/wifi.pb.dart:15650:27: Error: Type '$4.UInt32Value' not found.
  set ifacesWanEthTxBytes($4.UInt32Value value) => $_setField(311, value);
                          ^^^^^^^^^^^^^^
lib/generated/spacex_api/device/wifi.pb.dart:15656:3: Error: Type '$4.UInt32Value' not found.
  $4.UInt32Value ensureIfacesWanEthTxBytes() => $_ensure(69);
  ^^^^^^^^^^^^^^
lib/generated/spacex_api/device/wifi.pb.dart:15659:3: Error: Type '$4.UInt32Value' not found.
  $4.UInt32Value get ifacesWanEthTxPackets => $_getN(70);
  ^^^^^^^^^^^^^^
lib/generated/spacex_api/device/wifi.pb.dart:15661:29: Error: Type '$4.UInt32Value' not found.
  set ifacesWanEthTxPackets($4.UInt32Value value) => $_setField(312, value);
                            ^^^^^^^^^^^^^^
lib/generated/spacex_api/device/wifi.pb.dart:15667:3: Error: Type '$4.UInt32Value' not found.
  $4.UInt32Value ensureIfacesWanEthTxPackets() => $_ensure(70);
  ^^^^^^^^^^^^^^
lib/generated/spacex_api/device/wifi.pb.dart:15670:3: Error: Type '$4.UInt32Value' not found.
  $4.UInt32Value get ifacesWanEthTxErrors => $_getN(71);
  ^^^^^^^^^^^^^^
lib/generated/spacex_api/device/wifi.pb.dart:15672:28: Error: Type '$4.UInt32Value' not found.
  set ifacesWanEthTxErrors($4.UInt32Value value) => $_setField(313, value);
                           ^^^^^^^^^^^^^^
lib/generated/spacex_api/device/wifi.pb.dart:15678:3: Error: Type '$4.UInt32Value' not found.
  $4.UInt32Value ensureIfacesWanEthTxErrors() => $_ensure(71);
  ^^^^^^^^^^^^^^
lib/generated/spacex_api/device/wifi.pb.dart:15681:3: Error: Type '$4.UInt32Value' not found.
  $4.UInt32Value get clients => $_getN(72);
  ^^^^^^^^^^^^^^
lib/generated/spacex_api/device/wifi.pb.dart:15683:15: Error: Type '$4.UInt32Value' not found.
  set clients($4.UInt32Value value) => $_setField(400, value);
              ^^^^^^^^^^^^^^
lib/generated/spacex_api/device/wifi.pb.dart:15689:3: Error: Type '$4.UInt32Value' not found.
  $4.UInt32Value ensureClients() => $_ensure(72);
  ^^^^^^^^^^^^^^
lib/generated/spacex_api/device/wifi.pb.dart:15692:3: Error: Type '$4.UInt32Value' not found.
  $4.UInt32Value get clients2ghz => $_getN(73);
  ^^^^^^^^^^^^^^
lib/generated/spacex_api/device/wifi.pb.dart:15694:19: Error: Type '$4.UInt32Value' not found.
  set clients2ghz($4.UInt32Value value) => $_setField(401, value);
                  ^^^^^^^^^^^^^^
lib/generated/spacex_api/device/wifi.pb.dart:15700:3: Error: Type '$4.UInt32Value' not found.
  $4.UInt32Value ensureClients2ghz() => $_ensure(73);
  ^^^^^^^^^^^^^^
lib/generated/spacex_api/device/wifi.pb.dart:15703:3: Error: Type '$4.UInt32Value' not found.
  $4.UInt32Value get clients5ghz => $_getN(74);
  ^^^^^^^^^^^^^^
lib/generated/spacex_api/device/wifi.pb.dart:15705:19: Error: Type '$4.UInt32Value' not found.
  set clients5ghz($4.UInt32Value value) => $_setField(402, value);
                  ^^^^^^^^^^^^^^
lib/generated/spacex_api/device/wifi.pb.dart:15711:3: Error: Type '$4.UInt32Value' not found.
  $4.UInt32Value ensureClients5ghz() => $_ensure(74);
  ^^^^^^^^^^^^^^
lib/generated/spacex_api/device/wifi.pb.dart:15714:3: Error: Type '$4.UInt32Value' not found.
  $4.UInt32Value get clientsEth => $_getN(75);
  ^^^^^^^^^^^^^^
lib/generated/spacex_api/device/wifi.pb.dart:15716:18: Error: Type '$4.UInt32Value' not found.
  set clientsEth($4.UInt32Value value) => $_setField(403, value);
                 ^^^^^^^^^^^^^^
lib/generated/spacex_api/device/wifi.pb.dart:15722:3: Error: Type '$4.UInt32Value' not found.
  $4.UInt32Value ensureClientsEth() => $_ensure(75);
  ^^^^^^^^^^^^^^
lib/generated/spacex_api/device/wifi.pb.dart:15725:3: Error: Type '$4.UInt32Value' not found.
  $4.UInt32Value get clientsRepeater => $_getN(76);
  ^^^^^^^^^^^^^^
lib/generated/spacex_api/device/wifi.pb.dart:15727:23: Error: Type '$4.UInt32Value' not found.
  set clientsRepeater($4.UInt32Value value) => $_setField(404, value);
                      ^^^^^^^^^^^^^^
lib/generated/spacex_api/device/wifi.pb.dart:15733:3: Error: Type '$4.UInt32Value' not found.
  $4.UInt32Value ensureClientsRepeater() => $_ensure(76);
  ^^^^^^^^^^^^^^
lib/generated/spacex_api/device/wifi.pb.dart:15736:3: Error: Type '$4.UInt32Value' not found.
  $4.UInt32Value get clientsRepeater2ghz => $_getN(77);
  ^^^^^^^^^^^^^^
lib/generated/spacex_api/device/wifi.pb.dart:15738:27: Error: Type '$4.UInt32Value' not found.
  set clientsRepeater2ghz($4.UInt32Value value) => $_setField(405, value);
                          ^^^^^^^^^^^^^^
lib/generated/spacex_api/device/wifi.pb.dart:15744:3: Error: Type '$4.UInt32Value' not found.
  $4.UInt32Value ensureClientsRepeater2ghz() => $_ensure(77);
  ^^^^^^^^^^^^^^
lib/generated/spacex_api/device/wifi.pb.dart:15747:3: Error: Type '$4.UInt32Value' not found.
  $4.UInt32Value get clientsRepeater5ghz => $_getN(78);
  ^^^^^^^^^^^^^^
lib/generated/spacex_api/device/wifi.pb.dart:15749:27: Error: Type '$4.UInt32Value' not found.
  set clientsRepeater5ghz($4.UInt32Value value) => $_setField(406, value);
                          ^^^^^^^^^^^^^^
lib/generated/spacex_api/device/wifi.pb.dart:15755:3: Error: Type '$4.UInt32Value' not found.
  $4.UInt32Value ensureClientsRepeater5ghz() => $_ensure(78);
  ^^^^^^^^^^^^^^
lib/generated/spacex_api/device/wifi.pb.dart:15758:3: Error: Type '$4.UInt32Value' not found.
  $4.UInt32Value get clientsRepeaterEth => $_getN(79);
  ^^^^^^^^^^^^^^
lib/generated/spacex_api/device/wifi.pb.dart:15760:26: Error: Type '$4.UInt32Value' not found.
  set clientsRepeaterEth($4.UInt32Value value) => $_setField(407, value);
                         ^^^^^^^^^^^^^^
lib/generated/spacex_api/device/wifi.pb.dart:15766:3: Error: Type '$4.UInt32Value' not found.
  $4.UInt32Value ensureClientsRepeaterEth() => $_ensure(79);
  ^^^^^^^^^^^^^^
lib/generated/spacex_api/device/wifi.pb.dart:15769:3: Error: Type '$4.UInt32Value' not found.
  $4.UInt32Value get meshHops => $_getN(80);
  ^^^^^^^^^^^^^^
lib/generated/spacex_api/device/wifi.pb.dart:15771:16: Error: Type '$4.UInt32Value' not found.
  set meshHops($4.UInt32Value value) => $_setField(408, value);
               ^^^^^^^^^^^^^^
lib/generated/spacex_api/device/wifi.pb.dart:15777:3: Error: Type '$4.UInt32Value' not found.
  $4.UInt32Value ensureMeshHops() => $_ensure(80);
  ^^^^^^^^^^^^^^
lib/generated/spacex_api/device/wifi.pb.dart:15780:3: Error: Type '$4.FloatValue' not found.
  $4.FloatValue get meshOneHopRssiAvg2ghz => $_getN(81);
  ^^^^^^^^^^^^^
lib/generated/spacex_api/device/wifi.pb.dart:15782:29: Error: Type '$4.FloatValue' not found.
  set meshOneHopRssiAvg2ghz($4.FloatValue value) => $_setField(409, value);
                            ^^^^^^^^^^^^^
lib/generated/spacex_api/device/wifi.pb.dart:15788:3: Error: Type '$4.FloatValue' not found.
  $4.FloatValue ensureMeshOneHopRssiAvg2ghz() => $_ensure(81);
  ^^^^^^^^^^^^^
lib/generated/spacex_api/device/wifi.pb.dart:15791:3: Error: Type '$4.FloatValue' not found.
  $4.FloatValue get meshOneHopRssiAvg5ghz => $_getN(82);
  ^^^^^^^^^^^^^
lib/generated/spacex_api/device/wifi.pb.dart:15793:29: Error: Type '$4.FloatValue' not found.
  set meshOneHopRssiAvg5ghz($4.FloatValue value) => $_setField(410, value);
                            ^^^^^^^^^^^^^
lib/generated/spacex_api/device/wifi.pb.dart:15799:3: Error: Type '$4.FloatValue' not found.
  $4.FloatValue ensureMeshOneHopRssiAvg5ghz() => $_ensure(82);
  ^^^^^^^^^^^^^
lib/generated/spacex_api/device/wifi.pb.dart:15802:3: Error: Type '$4.FloatValue' not found.
  $4.FloatValue get meshTwoHopRssiAvg2ghz => $_getN(83);
  ^^^^^^^^^^^^^
lib/generated/spacex_api/device/wifi.pb.dart:15804:29: Error: Type '$4.FloatValue' not found.
  set meshTwoHopRssiAvg2ghz($4.FloatValue value) => $_setField(411, value);
                            ^^^^^^^^^^^^^
lib/generated/spacex_api/device/wifi.pb.dart:15810:3: Error: Type '$4.FloatValue' not found.
  $4.FloatValue ensureMeshTwoHopRssiAvg2ghz() => $_ensure(83);
  ^^^^^^^^^^^^^
lib/generated/spacex_api/device/wifi.pb.dart:15813:3: Error: Type '$4.FloatValue' not found.
  $4.FloatValue get meshTwoHopRssiAvg5ghz => $_getN(84);
  ^^^^^^^^^^^^^
lib/generated/spacex_api/device/wifi.pb.dart:15815:29: Error: Type '$4.FloatValue' not found.
  set meshTwoHopRssiAvg5ghz($4.FloatValue value) => $_setField(412, value);
                            ^^^^^^^^^^^^^
lib/generated/spacex_api/device/wifi.pb.dart:15821:3: Error: Type '$4.FloatValue' not found.
  $4.FloatValue ensureMeshTwoHopRssiAvg5ghz() => $_ensure(84);
  ^^^^^^^^^^^^^
lib/generated/spacex_api/device/wifi.pb.dart:15824:3: Error: Type '$4.FloatValue' not found.
  $4.FloatValue get pingSecondsSinceLast1sOutage => $_getN(85);
  ^^^^^^^^^^^^^
lib/generated/spacex_api/device/wifi.pb.dart:15826:36: Error: Type '$4.FloatValue' not found.
  set pingSecondsSinceLast1sOutage($4.FloatValue value) =>
                                   ^^^^^^^^^^^^^
lib/generated/spacex_api/device/wifi.pb.dart:15833:3: Error: Type '$4.FloatValue' not found.
  $4.FloatValue ensurePingSecondsSinceLast1sOutage() => $_ensure(85);
  ^^^^^^^^^^^^^
lib/generated/spacex_api/device/wifi.pb.dart:15836:3: Error: Type '$4.FloatValue' not found.
  $4.FloatValue get pingSecondsSinceLast2sOutage => $_getN(86);
  ^^^^^^^^^^^^^
lib/generated/spacex_api/device/wifi.pb.dart:15838:36: Error: Type '$4.FloatValue' not found.
  set pingSecondsSinceLast2sOutage($4.FloatValue value) =>
                                   ^^^^^^^^^^^^^
lib/generated/spacex_api/device/wifi.pb.dart:15845:3: Error: Type '$4.FloatValue' not found.
  $4.FloatValue ensurePingSecondsSinceLast2sOutage() => $_ensure(86);
  ^^^^^^^^^^^^^
lib/generated/spacex_api/device/wifi.pb.dart:15848:3: Error: Type '$4.FloatValue' not found.
  $4.FloatValue get pingSecondsSinceLast5sOutage => $_getN(87);
  ^^^^^^^^^^^^^
lib/generated/spacex_api/device/wifi.pb.dart:15850:36: Error: Type '$4.FloatValue' not found.
  set pingSecondsSinceLast5sOutage($4.FloatValue value) =>
                                   ^^^^^^^^^^^^^
lib/generated/spacex_api/device/wifi.pb.dart:15857:3: Error: Type '$4.FloatValue' not found.
  $4.FloatValue ensurePingSecondsSinceLast5sOutage() => $_ensure(87);
  ^^^^^^^^^^^^^
lib/generated/spacex_api/device/wifi.pb.dart:15860:3: Error: Type '$4.FloatValue' not found.
  $4.FloatValue get pingSecondsSinceLast60sOutage => $_getN(88);
  ^^^^^^^^^^^^^
lib/generated/spacex_api/device/wifi.pb.dart:15862:37: Error: Type '$4.FloatValue' not found.
  set pingSecondsSinceLast60sOutage($4.FloatValue value) =>
                                    ^^^^^^^^^^^^^
lib/generated/spacex_api/device/wifi.pb.dart:15869:3: Error: Type '$4.FloatValue' not found.
  $4.FloatValue ensurePingSecondsSinceLast60sOutage() => $_ensure(88);
  ^^^^^^^^^^^^^
lib/generated/spacex_api/device/wifi.pb.dart:15872:3: Error: Type '$4.FloatValue' not found.
  $4.FloatValue get pingSecondsSinceLast300sOutage => $_getN(89);
  ^^^^^^^^^^^^^
lib/generated/spacex_api/device/wifi.pb.dart:15874:38: Error: Type '$4.FloatValue' not found.
  set pingSecondsSinceLast300sOutage($4.FloatValue value) =>
                                     ^^^^^^^^^^^^^
lib/generated/spacex_api/device/wifi.pb.dart:15881:3: Error: Type '$4.FloatValue' not found.
  $4.FloatValue ensurePingSecondsSinceLast300sOutage() => $_ensure(89);
  ^^^^^^^^^^^^^
lib/generated/spacex_api/device/wifi.pb.dart:15884:3: Error: Type '$4.FloatValue' not found.
  $4.FloatValue get pingDropRate => $_getN(90);
  ^^^^^^^^^^^^^
lib/generated/spacex_api/device/wifi.pb.dart:15886:20: Error: Type '$4.FloatValue' not found.
  set pingDropRate($4.FloatValue value) => $_setField(605, value);
                   ^^^^^^^^^^^^^
lib/generated/spacex_api/device/wifi.pb.dart:15892:3: Error: Type '$4.FloatValue' not found.
  $4.FloatValue ensurePingDropRate() => $_ensure(90);
  ^^^^^^^^^^^^^
lib/generated/spacex_api/device/wifi.pb.dart:15895:3: Error: Type '$4.FloatValue' not found.
  $4.FloatValue get pingDropRateLast1h => $_getN(91);
  ^^^^^^^^^^^^^
lib/generated/spacex_api/device/wifi.pb.dart:15897:26: Error: Type '$4.FloatValue' not found.
  set pingDropRateLast1h($4.FloatValue value) => $_setField(606, value);
                         ^^^^^^^^^^^^^
lib/generated/spacex_api/device/wifi.pb.dart:15903:3: Error: Type '$4.FloatValue' not found.
  $4.FloatValue ensurePingDropRateLast1h() => $_ensure(91);
  ^^^^^^^^^^^^^
lib/generated/spacex_api/device/wifi.pb.dart:15906:3: Error: Type '$4.FloatValue' not found.
  $4.FloatValue get pingLatency => $_getN(92);
  ^^^^^^^^^^^^^
lib/generated/spacex_api/device/wifi.pb.dart:15908:19: Error: Type '$4.FloatValue' not found.
  set pingLatency($4.FloatValue value) => $_setField(607, value);
                  ^^^^^^^^^^^^^
lib/generated/spacex_api/device/wifi.pb.dart:15914:3: Error: Type '$4.FloatValue' not found.
  $4.FloatValue ensurePingLatency() => $_ensure(92);
  ^^^^^^^^^^^^^
lib/generated/spacex_api/device/wifi.pb.dart:15917:3: Error: Type '$4.FloatValue' not found.
  $4.FloatValue get pingDishSecondsSinceLast1sOutage => $_getN(93);
  ^^^^^^^^^^^^^
lib/generated/spacex_api/device/wifi.pb.dart:15919:40: Error: Type '$4.FloatValue' not found.
  set pingDishSecondsSinceLast1sOutage($4.FloatValue value) =>
                                       ^^^^^^^^^^^^^
lib/generated/spacex_api/device/wifi.pb.dart:15926:3: Error: Type '$4.FloatValue' not found.
  $4.FloatValue ensurePingDishSecondsSinceLast1sOutage() => $_ensure(93);
  ^^^^^^^^^^^^^
lib/generated/spacex_api/device/wifi.pb.dart:15929:3: Error: Type '$4.FloatValue' not found.
  $4.FloatValue get pingDishSecondsSinceLast2sOutage => $_getN(94);
  ^^^^^^^^^^^^^
lib/generated/spacex_api/device/wifi.pb.dart:15931:40: Error: Type '$4.FloatValue' not found.
  set pingDishSecondsSinceLast2sOutage($4.FloatValue value) =>
                                       ^^^^^^^^^^^^^
lib/generated/spacex_api/device/wifi.pb.dart:15938:3: Error: Type '$4.FloatValue' not found.
  $4.FloatValue ensurePingDishSecondsSinceLast2sOutage() => $_ensure(94);
  ^^^^^^^^^^^^^
lib/generated/spacex_api/device/wifi.pb.dart:15941:3: Error: Type '$4.FloatValue' not found.
  $4.FloatValue get pingDishSecondsSinceLast5sOutage => $_getN(95);
  ^^^^^^^^^^^^^
lib/generated/spacex_api/device/wifi.pb.dart:15943:40: Error: Type '$4.FloatValue' not found.
  set pingDishSecondsSinceLast5sOutage($4.FloatValue value) =>
                                       ^^^^^^^^^^^^^
lib/generated/spacex_api/device/wifi.pb.dart:15950:3: Error: Type '$4.FloatValue' not found.
  $4.FloatValue ensurePingDishSecondsSinceLast5sOutage() => $_ensure(95);
  ^^^^^^^^^^^^^
lib/generated/spacex_api/device/wifi.pb.dart:15953:3: Error: Type '$4.FloatValue' not found.
  $4.FloatValue get pingDishSecondsSinceLast60sOutage => $_getN(96);
  ^^^^^^^^^^^^^
lib/generated/spacex_api/device/wifi.pb.dart:15955:41: Error: Type '$4.FloatValue' not found.
  set pingDishSecondsSinceLast60sOutage($4.FloatValue value) =>
                                        ^^^^^^^^^^^^^
lib/generated/spacex_api/device/wifi.pb.dart:15962:3: Error: Type '$4.FloatValue' not found.
  $4.FloatValue ensurePingDishSecondsSinceLast60sOutage() => $_ensure(96);
  ^^^^^^^^^^^^^
lib/generated/spacex_api/device/wifi.pb.dart:15965:3: Error: Type '$4.FloatValue' not found.
  $4.FloatValue get pingDishSecondsSinceLast300sOutage => $_getN(97);
  ^^^^^^^^^^^^^
lib/generated/spacex_api/device/wifi.pb.dart:15967:42: Error: Type '$4.FloatValue' not found.
  set pingDishSecondsSinceLast300sOutage($4.FloatValue value) =>
                                         ^^^^^^^^^^^^^
lib/generated/spacex_api/device/wifi.pb.dart:15974:3: Error: Type '$4.FloatValue' not found.
  $4.FloatValue ensurePingDishSecondsSinceLast300sOutage() => $_ensure(97);
  ^^^^^^^^^^^^^
lib/generated/spacex_api/device/wifi.pb.dart:15977:3: Error: Type '$4.FloatValue' not found.
  $4.FloatValue get pingDishDropRate => $_getN(98);
  ^^^^^^^^^^^^^
lib/generated/spacex_api/device/wifi.pb.dart:15979:24: Error: Type '$4.FloatValue' not found.
  set pingDishDropRate($4.FloatValue value) => $_setField(615, value);
                       ^^^^^^^^^^^^^
lib/generated/spacex_api/device/wifi.pb.dart:15985:3: Error: Type '$4.FloatValue' not found.
  $4.FloatValue ensurePingDishDropRate() => $_ensure(98);
  ^^^^^^^^^^^^^
lib/generated/spacex_api/device/wifi.pb.dart:15988:3: Error: Type '$4.FloatValue' not found.
  $4.FloatValue get pingDishDropRateLast1h => $_getN(99);
  ^^^^^^^^^^^^^
lib/generated/spacex_api/device/wifi.pb.dart:15990:30: Error: Type '$4.FloatValue' not found.
  set pingDishDropRateLast1h($4.FloatValue value) => $_setField(616, value);
                             ^^^^^^^^^^^^^
lib/generated/spacex_api/device/wifi.pb.dart:15996:3: Error: Type '$4.FloatValue' not found.
  $4.FloatValue ensurePingDishDropRateLast1h() => $_ensure(99);
  ^^^^^^^^^^^^^
lib/generated/spacex_api/device/wifi.pb.dart:15999:3: Error: Type '$4.FloatValue' not found.
  $4.FloatValue get pingDishLatency => $_getN(100);
  ^^^^^^^^^^^^^
lib/generated/spacex_api/device/wifi.pb.dart:16001:23: Error: Type '$4.FloatValue' not found.
  set pingDishLatency($4.FloatValue value) => $_setField(617, value);
                      ^^^^^^^^^^^^^
lib/generated/spacex_api/device/wifi.pb.dart:16007:3: Error: Type '$4.FloatValue' not found.
  $4.FloatValue ensurePingDishLatency() => $_ensure(100);
  ^^^^^^^^^^^^^
lib/generated/spacex_api/device/wifi.pb.dart:16010:3: Error: Type '$4.FloatValue' not found.
  $4.FloatValue get clientSpeedtestRouterDownloadMbps => $_getN(101);
  ^^^^^^^^^^^^^
lib/generated/spacex_api/device/wifi.pb.dart:16012:41: Error: Type '$4.FloatValue' not found.
  set clientSpeedtestRouterDownloadMbps($4.FloatValue value) =>
                                        ^^^^^^^^^^^^^
lib/generated/spacex_api/device/wifi.pb.dart:16019:3: Error: Type '$4.FloatValue' not found.
  $4.FloatValue ensureClientSpeedtestRouterDownloadMbps() => $_ensure(101);
  ^^^^^^^^^^^^^
lib/generated/spacex_api/device/wifi.pb.dart:16022:3: Error: Type '$4.FloatValue' not found.
  $4.FloatValue get clientSpeedtestRouterUploadMbps => $_getN(102);
  ^^^^^^^^^^^^^
lib/generated/spacex_api/device/wifi.pb.dart:16024:39: Error: Type '$4.FloatValue' not found.
  set clientSpeedtestRouterUploadMbps($4.FloatValue value) =>
                                      ^^^^^^^^^^^^^
lib/generated/spacex_api/device/wifi.pb.dart:16031:3: Error: Type '$4.FloatValue' not found.
  $4.FloatValue ensureClientSpeedtestRouterUploadMbps() => $_ensure(102);
  ^^^^^^^^^^^^^
lib/generated/spacex_api/device/wifi.pb.dart:16034:3: Error: Type '$4.FloatValue' not found.
  $4.FloatValue get clientSpeedtestRouterRssi => $_getN(103);
  ^^^^^^^^^^^^^
lib/generated/spacex_api/device/wifi.pb.dart:16036:33: Error: Type '$4.FloatValue' not found.
  set clientSpeedtestRouterRssi($4.FloatValue value) => $_setField(702, value);
                                ^^^^^^^^^^^^^
lib/generated/spacex_api/device/wifi.pb.dart:16042:3: Error: Type '$4.FloatValue' not found.
  $4.FloatValue ensureClientSpeedtestRouterRssi() => $_ensure(103);
  ^^^^^^^^^^^^^
lib/generated/spacex_api/device/wifi.pb.dart:16045:3: Error: Type '$4.FloatValue' not found.
  $4.FloatValue get clientSpeedtestWifiDownloadMbps => $_getN(104);
  ^^^^^^^^^^^^^
lib/generated/spacex_api/device/wifi.pb.dart:16047:39: Error: Type '$4.FloatValue' not found.
  set clientSpeedtestWifiDownloadMbps($4.FloatValue value) =>
                                      ^^^^^^^^^^^^^
lib/generated/spacex_api/device/wifi.pb.dart:16054:3: Error: Type '$4.FloatValue' not found.
  $4.FloatValue ensureClientSpeedtestWifiDownloadMbps() => $_ensure(104);
  ^^^^^^^^^^^^^
lib/generated/spacex_api/device/wifi.pb.dart:16057:3: Error: Type '$4.FloatValue' not found.
  $4.FloatValue get clientSpeedtestWifiUploadMbps => $_getN(105);
  ^^^^^^^^^^^^^
lib/generated/spacex_api/device/wifi.pb.dart:16059:37: Error: Type '$4.FloatValue' not found.
  set clientSpeedtestWifiUploadMbps($4.FloatValue value) =>
                                    ^^^^^^^^^^^^^
lib/generated/spacex_api/device/wifi.pb.dart:16066:3: Error: Type '$4.FloatValue' not found.
  $4.FloatValue ensureClientSpeedtestWifiUploadMbps() => $_ensure(105);
  ^^^^^^^^^^^^^
lib/generated/spacex_api/device/wifi.pb.dart:16069:3: Error: Type '$4.FloatValue' not found.
  $4.FloatValue get clientSpeedtestClientDownloadMbps => $_getN(106);
  ^^^^^^^^^^^^^
lib/generated/spacex_api/device/wifi.pb.dart:16071:41: Error: Type '$4.FloatValue' not found.
  set clientSpeedtestClientDownloadMbps($4.FloatValue value) =>
                                        ^^^^^^^^^^^^^
lib/generated/spacex_api/device/wifi.pb.dart:16078:3: Error: Type '$4.FloatValue' not found.
  $4.FloatValue ensureClientSpeedtestClientDownloadMbps() => $_ensure(106);
  ^^^^^^^^^^^^^
lib/generated/spacex_api/device/wifi.pb.dart:16081:3: Error: Type '$4.FloatValue' not found.
  $4.FloatValue get clientSpeedtestClientUploadMbps => $_getN(107);
  ^^^^^^^^^^^^^
lib/generated/spacex_api/device/wifi.pb.dart:16083:39: Error: Type '$4.FloatValue' not found.
  set clientSpeedtestClientUploadMbps($4.FloatValue value) =>
                                      ^^^^^^^^^^^^^
lib/generated/spacex_api/device/wifi.pb.dart:16090:3: Error: Type '$4.FloatValue' not found.
  $4.FloatValue ensureClientSpeedtestClientUploadMbps() => $_ensure(107);
  ^^^^^^^^^^^^^
lib/generated/spacex_api/device/wifi.pb.dart:16093:3: Error: Type '$4.FloatValue' not found.
  $4.FloatValue get clientSpeedtestClientRssi => $_getN(108);
  ^^^^^^^^^^^^^
lib/generated/spacex_api/device/wifi.pb.dart:16095:33: Error: Type '$4.FloatValue' not found.
  set clientSpeedtestClientRssi($4.FloatValue value) => $_setField(707, value);
                                ^^^^^^^^^^^^^
lib/generated/spacex_api/device/wifi.pb.dart:16101:3: Error: Type '$4.FloatValue' not found.
  $4.FloatValue ensureClientSpeedtestClientRssi() => $_ensure(108);
  ^^^^^^^^^^^^^
lib/generated/spacex_api/device/wifi.pb.dart:16104:3: Error: Type '$4.UInt32Value' not found.
  $4.UInt32Value get clientSpeedtestClientIface => $_getN(109);
  ^^^^^^^^^^^^^^
lib/generated/spacex_api/device/wifi.pb.dart:16106:34: Error: Type '$4.UInt32Value' not found.
  set clientSpeedtestClientIface($4.UInt32Value value) =>
                                 ^^^^^^^^^^^^^^
lib/generated/spacex_api/device/wifi.pb.dart:16113:3: Error: Type '$4.UInt32Value' not found.
  $4.UInt32Value ensureClientSpeedtestClientIface() => $_ensure(109);
  ^^^^^^^^^^^^^^
lib/generated/spacex_api/device/wifi.pb.dart:16116:3: Error: Type '$4.StringValue' not found.
  $4.StringValue get clientSpeedtestClientOui => $_getN(110);
  ^^^^^^^^^^^^^^
lib/generated/spacex_api/device/wifi.pb.dart:16118:32: Error: Type '$4.StringValue' not found.
  set clientSpeedtestClientOui($4.StringValue value) => $_setField(709, value);
                               ^^^^^^^^^^^^^^
lib/generated/spacex_api/device/wifi.pb.dart:16124:3: Error: Type '$4.StringValue' not found.
  $4.StringValue ensureClientSpeedtestClientOui() => $_ensure(110);
  ^^^^^^^^^^^^^^
lib/generated/spacex_api/device/wifi.pb.dart:16127:3: Error: Type '$4.UInt32Value' not found.
  $4.UInt32Value get clientSpeedtestClientTxRate => $_getN(111);
  ^^^^^^^^^^^^^^
lib/generated/spacex_api/device/wifi.pb.dart:16129:35: Error: Type '$4.UInt32Value' not found.
  set clientSpeedtestClientTxRate($4.UInt32Value value) =>
                                  ^^^^^^^^^^^^^^
lib/generated/spacex_api/device/wifi.pb.dart:16136:3: Error: Type '$4.UInt32Value' not found.
  $4.UInt32Value ensureClientSpeedtestClientTxRate() => $_ensure(111);
  ^^^^^^^^^^^^^^
lib/generated/spacex_api/device/wifi.pb.dart:16139:3: Error: Type '$4.UInt32Value' not found.
  $4.UInt32Value get clientSpeedtestClientRxRate => $_getN(112);
  ^^^^^^^^^^^^^^
lib/generated/spacex_api/device/wifi.pb.dart:16141:35: Error: Type '$4.UInt32Value' not found.
  set clientSpeedtestClientRxRate($4.UInt32Value value) =>
                                  ^^^^^^^^^^^^^^
lib/generated/spacex_api/device/wifi.pb.dart:16148:3: Error: Type '$4.UInt32Value' not found.
  $4.UInt32Value ensureClientSpeedtestClientRxRate() => $_ensure(112);
  ^^^^^^^^^^^^^^
lib/generated/spacex_api/device/wifi.pb.dart:16151:3: Error: Type '$4.UInt32Value' not found.
  $4.UInt32Value get clientSpeedtestClientPlatformType => $_getN(113);
  ^^^^^^^^^^^^^^
lib/generated/spacex_api/device/wifi.pb.dart:16153:41: Error: Type '$4.UInt32Value' not found.
  set clientSpeedtestClientPlatformType($4.UInt32Value value) =>
                                        ^^^^^^^^^^^^^^
lib/generated/spacex_api/device/wifi.pb.dart:16160:3: Error: Type '$4.UInt32Value' not found.
  $4.UInt32Value ensureClientSpeedtestClientPlatformType() => $_ensure(113);
  ^^^^^^^^^^^^^^
lib/generated/spacex_api/device/wifi.pb.dart:16163:3: Error: Type '$4.FloatValue' not found.
  $4.FloatValue get speedtestTcp8DownloadMbpsAvg => $_getN(114);
  ^^^^^^^^^^^^^
lib/generated/spacex_api/device/wifi.pb.dart:16165:36: Error: Type '$4.FloatValue' not found.
  set speedtestTcp8DownloadMbpsAvg($4.FloatValue value) =>
                                   ^^^^^^^^^^^^^
lib/generated/spacex_api/device/wifi.pb.dart:16172:3: Error: Type '$4.FloatValue' not found.
  $4.FloatValue ensureSpeedtestTcp8DownloadMbpsAvg() => $_ensure(114);
  ^^^^^^^^^^^^^
lib/generated/spacex_api/device/wifi.pb.dart:16175:3: Error: Type '$4.FloatValue' not found.
  $4.FloatValue get speedtestTcp8DownloadMbpsMax => $_getN(115);
  ^^^^^^^^^^^^^
lib/generated/spacex_api/device/wifi.pb.dart:16177:36: Error: Type '$4.FloatValue' not found.
  set speedtestTcp8DownloadMbpsMax($4.FloatValue value) =>
                                   ^^^^^^^^^^^^^
lib/generated/spacex_api/device/wifi.pb.dart:16184:3: Error: Type '$4.FloatValue' not found.
  $4.FloatValue ensureSpeedtestTcp8DownloadMbpsMax() => $_ensure(115);
  ^^^^^^^^^^^^^
lib/generated/spacex_api/device/wifi.pb.dart:16187:3: Error: Type '$4.FloatValue' not found.
  $4.FloatValue get speedtestTcp8UploadMbpsAvg => $_getN(116);
  ^^^^^^^^^^^^^
lib/generated/spacex_api/device/wifi.pb.dart:16189:34: Error: Type '$4.FloatValue' not found.
  set speedtestTcp8UploadMbpsAvg($4.FloatValue value) => $_setField(802, value);
                                 ^^^^^^^^^^^^^
lib/generated/spacex_api/device/wifi.pb.dart:16195:3: Error: Type '$4.FloatValue' not found.
  $4.FloatValue ensureSpeedtestTcp8UploadMbpsAvg() => $_ensure(116);
  ^^^^^^^^^^^^^
lib/generated/spacex_api/device/wifi.pb.dart:16198:3: Error: Type '$4.FloatValue' not found.
  $4.FloatValue get speedtestTcp8UploadMbpsMax => $_getN(117);
  ^^^^^^^^^^^^^
lib/generated/spacex_api/device/wifi.pb.dart:16200:34: Error: Type '$4.FloatValue' not found.
  set speedtestTcp8UploadMbpsMax($4.FloatValue value) => $_setField(803, value);
                                 ^^^^^^^^^^^^^
lib/generated/spacex_api/device/wifi.pb.dart:16206:3: Error: Type '$4.FloatValue' not found.
  $4.FloatValue ensureSpeedtestTcp8UploadMbpsMax() => $_ensure(117);
  ^^^^^^^^^^^^^
lib/generated/spacex_api/device/wifi.pb.dart:16209:3: Error: Type '$4.FloatValue' not found.
  $4.FloatValue get speedtestTcp64DownloadMbpsAvg => $_getN(118);
  ^^^^^^^^^^^^^
lib/generated/spacex_api/device/wifi.pb.dart:16211:37: Error: Type '$4.FloatValue' not found.
  set speedtestTcp64DownloadMbpsAvg($4.FloatValue value) =>
                                    ^^^^^^^^^^^^^
lib/generated/spacex_api/device/wifi.pb.dart:16218:3: Error: Type '$4.FloatValue' not found.
  $4.FloatValue ensureSpeedtestTcp64DownloadMbpsAvg() => $_ensure(118);
  ^^^^^^^^^^^^^
lib/generated/spacex_api/device/wifi.pb.dart:16221:3: Error: Type '$4.FloatValue' not found.
  $4.FloatValue get speedtestTcp64DownloadMbpsMax => $_getN(119);
  ^^^^^^^^^^^^^
lib/generated/spacex_api/device/wifi.pb.dart:16223:37: Error: Type '$4.FloatValue' not found.
  set speedtestTcp64DownloadMbpsMax($4.FloatValue value) =>
                                    ^^^^^^^^^^^^^
lib/generated/spacex_api/device/wifi.pb.dart:16230:3: Error: Type '$4.FloatValue' not found.
  $4.FloatValue ensureSpeedtestTcp64DownloadMbpsMax() => $_ensure(119);
  ^^^^^^^^^^^^^
lib/generated/spacex_api/device/wifi.pb.dart:16233:3: Error: Type '$4.FloatValue' not found.
  $4.FloatValue get speedtestTcp64UploadMbpsAvg => $_getN(120);
  ^^^^^^^^^^^^^
lib/generated/spacex_api/device/wifi.pb.dart:16235:35: Error: Type '$4.FloatValue' not found.
  set speedtestTcp64UploadMbpsAvg($4.FloatValue value) =>
                                  ^^^^^^^^^^^^^
lib/generated/spacex_api/device/wifi.pb.dart:16242:3: Error: Type '$4.FloatValue' not found.
  $4.FloatValue ensureSpeedtestTcp64UploadMbpsAvg() => $_ensure(120);
  ^^^^^^^^^^^^^
lib/generated/spacex_api/device/wifi.pb.dart:16245:3: Error: Type '$4.FloatValue' not found.
  $4.FloatValue get speedtestTcp64UploadMbpsMax => $_getN(121);
  ^^^^^^^^^^^^^
lib/generated/spacex_api/device/wifi.pb.dart:16247:35: Error: Type '$4.FloatValue' not found.
  set speedtestTcp64UploadMbpsMax($4.FloatValue value) =>
                                  ^^^^^^^^^^^^^
lib/generated/spacex_api/device/wifi.pb.dart:16254:3: Error: Type '$4.FloatValue' not found.
  $4.FloatValue ensureSpeedtestTcp64UploadMbpsMax() => $_ensure(121);
  ^^^^^^^^^^^^^
lib/generated/spacex_api/device/wifi.pb.dart:16257:3: Error: Type '$4.UInt32Value' not found.
  $4.UInt32Value get dishCellId => $_getN(122);
  ^^^^^^^^^^^^^^
lib/generated/spacex_api/device/wifi.pb.dart:16259:18: Error: Type '$4.UInt32Value' not found.
  set dishCellId($4.UInt32Value value) => $_setField(900, value);
                 ^^^^^^^^^^^^^^
lib/generated/spacex_api/device/wifi.pb.dart:16265:3: Error: Type '$4.UInt32Value' not found.
  $4.UInt32Value ensureDishCellId() => $_ensure(122);
  ^^^^^^^^^^^^^^
lib/generated/spacex_api/device/wifi.pb.dart:16268:3: Error: Type '$4.BoolValue' not found.
  $4.BoolValue get configSetupComplete => $_getN(123);
  ^^^^^^^^^^^^
lib/generated/spacex_api/device/wifi.pb.dart:16270:27: Error: Type '$4.BoolValue' not found.
  set configSetupComplete($4.BoolValue value) => $_setField(1000, value);
                          ^^^^^^^^^^^^
lib/generated/spacex_api/device/wifi.pb.dart:16276:3: Error: Type '$4.BoolValue' not found.
  $4.BoolValue ensureConfigSetupComplete() => $_ensure(123);
  ^^^^^^^^^^^^
lib/generated/spacex_api/device/wifi.pb.dart:16279:3: Error: Type '$4.BoolValue' not found.
  $4.BoolValue get configBandsSplit => $_getN(124);
  ^^^^^^^^^^^^
lib/generated/spacex_api/device/wifi.pb.dart:16281:24: Error: Type '$4.BoolValue' not found.
  set configBandsSplit($4.BoolValue value) => $_setField(1001, value);
                       ^^^^^^^^^^^^
lib/generated/spacex_api/device/wifi.pb.dart:16287:3: Error: Type '$4.BoolValue' not found.
  $4.BoolValue ensureConfigBandsSplit() => $_ensure(124);
  ^^^^^^^^^^^^
lib/generated/spacex_api/device/wifi.pb.dart:16290:3: Error: Type '$4.BoolValue' not found.
  $4.BoolValue get configIsRepeater => $_getN(125);
  ^^^^^^^^^^^^
lib/generated/spacex_api/device/wifi.pb.dart:16292:24: Error: Type '$4.BoolValue' not found.
  set configIsRepeater($4.BoolValue value) => $_setField(1002, value);
                       ^^^^^^^^^^^^
lib/generated/spacex_api/device/wifi.pb.dart:16298:3: Error: Type '$4.BoolValue' not found.
  $4.BoolValue ensureConfigIsRepeater() => $_ensure(125);
  ^^^^^^^^^^^^
lib/generated/spacex_api/device/wifi.pb.dart:16301:3: Error: Type '$4.BoolValue' not found.
  $4.BoolValue get configOpenNetwork => $_getN(126);
  ^^^^^^^^^^^^
lib/generated/spacex_api/device/wifi.pb.dart:16303:25: Error: Type '$4.BoolValue' not found.
  set configOpenNetwork($4.BoolValue value) => $_setField(1003, value);
                        ^^^^^^^^^^^^
lib/generated/spacex_api/device/wifi.pb.dart:16309:3: Error: Type '$4.BoolValue' not found.
  $4.BoolValue ensureConfigOpenNetwork() => $_ensure(126);
  ^^^^^^^^^^^^
lib/generated/spacex_api/device/wifi.pb.dart:16312:3: Error: Type '$4.BoolValue' not found.
  $4.BoolValue get configIsAviation => $_getN(127);
  ^^^^^^^^^^^^
lib/generated/spacex_api/device/wifi.pb.dart:16314:24: Error: Type '$4.BoolValue' not found.
  set configIsAviation($4.BoolValue value) => $_setField(1004, value);
                       ^^^^^^^^^^^^
lib/generated/spacex_api/device/wifi.pb.dart:16320:3: Error: Type '$4.BoolValue' not found.
  $4.BoolValue ensureConfigIsAviation() => $_ensure(127);
  ^^^^^^^^^^^^
lib/generated/spacex_api/device/wifi.pb.dart:16323:3: Error: Type '$4.BoolValue' not found.
  $4.BoolValue get configSecureDns => $_getN(128);
  ^^^^^^^^^^^^
lib/generated/spacex_api/device/wifi.pb.dart:16325:23: Error: Type '$4.BoolValue' not found.
  set configSecureDns($4.BoolValue value) => $_setField(1005, value);
                      ^^^^^^^^^^^^
lib/generated/spacex_api/device/wifi.pb.dart:16331:3: Error: Type '$4.BoolValue' not found.
  $4.BoolValue ensureConfigSecureDns() => $_ensure(128);
  ^^^^^^^^^^^^
lib/generated/spacex_api/device/wifi.pb.dart:16334:3: Error: Type '$4.BoolValue' not found.
  $4.BoolValue get configLegacy => $_getN(129);
  ^^^^^^^^^^^^
lib/generated/spacex_api/device/wifi.pb.dart:16336:20: Error: Type '$4.BoolValue' not found.
  set configLegacy($4.BoolValue value) => $_setField(1006, value);
                   ^^^^^^^^^^^^
lib/generated/spacex_api/device/wifi.pb.dart:16342:3: Error: Type '$4.BoolValue' not found.
  $4.BoolValue ensureConfigLegacy() => $_ensure(129);
  ^^^^^^^^^^^^
lib/generated/spacex_api/device/wifi.pb.dart:16345:3: Error: Type '$4.BoolValue' not found.
  $4.BoolValue get configApMode => $_getN(130);
  ^^^^^^^^^^^^
lib/generated/spacex_api/device/wifi.pb.dart:16347:20: Error: Type '$4.BoolValue' not found.
  set configApMode($4.BoolValue value) => $_setField(1007, value);
                   ^^^^^^^^^^^^
lib/generated/spacex_api/device/wifi.pb.dart:16353:3: Error: Type '$4.BoolValue' not found.
  $4.BoolValue ensureConfigApMode() => $_ensure(130);
  ^^^^^^^^^^^^
lib/generated/spacex_api/device/wifi.pb.dart:16356:3: Error: Type '$4.BoolValue' not found.
  $4.BoolValue get configDfsEnabled => $_getN(131);
  ^^^^^^^^^^^^
lib/generated/spacex_api/device/wifi.pb.dart:16358:24: Error: Type '$4.BoolValue' not found.
  set configDfsEnabled($4.BoolValue value) => $_setField(1008, value);
                       ^^^^^^^^^^^^
lib/generated/spacex_api/device/wifi.pb.dart:16364:3: Error: Type '$4.BoolValue' not found.
  $4.BoolValue ensureConfigDfsEnabled() => $_ensure(131);
  ^^^^^^^^^^^^
lib/generated/spacex_api/device/wifi.pb.dart:16367:3: Error: Type '$4.BoolValue' not found.
  $4.BoolValue get configNetworkNameIsDefault => $_getN(132);
  ^^^^^^^^^^^^
lib/generated/spacex_api/device/wifi.pb.dart:16369:34: Error: Type '$4.BoolValue' not found.
  set configNetworkNameIsDefault($4.BoolValue value) => $_setField(1009, value);
                                 ^^^^^^^^^^^^
lib/generated/spacex_api/device/wifi.pb.dart:16375:3: Error: Type '$4.BoolValue' not found.
  $4.BoolValue ensureConfigNetworkNameIsDefault() => $_ensure(132);
  ^^^^^^^^^^^^
lib/generated/spacex_api/device/wifi.pb.dart:16378:3: Error: Type '$4.BoolValue' not found.
  $4.BoolValue get configRemoteSshEnabled => $_getN(133);
  ^^^^^^^^^^^^
lib/generated/spacex_api/device/wifi.pb.dart:16380:30: Error: Type '$4.BoolValue' not found.
  set configRemoteSshEnabled($4.BoolValue value) => $_setField(1010, value);
                             ^^^^^^^^^^^^
lib/generated/spacex_api/device/wifi.pb.dart:16386:3: Error: Type '$4.BoolValue' not found.
  $4.BoolValue ensureConfigRemoteSshEnabled() => $_ensure(133);
  ^^^^^^^^^^^^
lib/starlink_service.dart:47:25: Error: The getter 'state' isn't defined for the type 'DishGetStatusResponse'.
 - 'DishGetStatusResponse' is from 'package:starlink_isp_app/generated/spacex_api/device/dish.pb.dart' ('lib/generated/spacex_api/device/dish.pb.dart').
Try correcting the name to the name of an existing getter, or defining a getter or field named 'state'.
        'state': status.state.toString(),
                        ^^^^^
lib/starlink_service.dart:48:26: Error: The getter 'uptimeSeconds' isn't defined for the type 'DishGetStatusResponse'.
 - 'DishGetStatusResponse' is from 'package:starlink_isp_app/generated/spacex_api/device/dish.pb.dart' ('lib/generated/spacex_api/device/dish.pb.dart').
Try correcting the name to the name of an existing getter, or defining a getter or field named 'uptimeSeconds'.
        'uptime': status.uptimeSeconds.toInt(),
                         ^^^^^^^^^^^^^
lib/generated/spacex_api/device/device.pb.dart:95:26: Error: The method '$_clearField' isn't defined for the type 'ToDevice'.
 - 'ToDevice' is from 'package:starlink_isp_app/generated/spacex_api/device/device.pb.dart' ('lib/generated/spacex_api/device/device.pb.dart').
Try correcting the name to the name of an existing method, or defining a method named '$_clearField'.
  void clearMessage() => $_clearField($_whichOneof(0));
                         ^^^^^^^^^^^^
lib/generated/spacex_api/device/device.pb.dart:100:33: Error: The method '$_setField' isn't defined for the type 'ToDevice'.
 - 'ToDevice' is from 'package:starlink_isp_app/generated/spacex_api/device/device.pb.dart' ('lib/generated/spacex_api/device/device.pb.dart').
Try correcting the name to the name of an existing method, or defining a method named '$_setField'.
  set request(Request value) => $_setField(1, value);
                                ^^^^^^^^^^
lib/generated/spacex_api/device/device.pb.dart:104:26: Error: The method '$_clearField' isn't defined for the type 'ToDevice'.
 - 'ToDevice' is from 'package:starlink_isp_app/generated/spacex_api/device/device.pb.dart' ('lib/generated/spacex_api/device/device.pb.dart').
Try correcting the name to the name of an existing method, or defining a method named '$_clearField'.
  void clearRequest() => $_clearField(1);
                         ^^^^^^^^^^^^
lib/generated/spacex_api/device/device.pb.dart:111:41: Error: The method '$_setField' isn't defined for the type 'ToDevice'.
 - 'ToDevice' is from 'package:starlink_isp_app/generated/spacex_api/device/device.pb.dart' ('lib/generated/spacex_api/device/device.pb.dart').
Try correcting the name to the name of an existing method, or defining a method named '$_setField'.
  set healthCheck(HealthCheck value) => $_setField(2, value);
                                        ^^^^^^^^^^
lib/generated/spacex_api/device/device.pb.dart:115:30: Error: The method '$_clearField' isn't defined for the type 'ToDevice'.
 - 'ToDevice' is from 'package:starlink_isp_app/generated/spacex_api/device/device.pb.dart' ('lib/generated/spacex_api/device/device.pb.dart').
Try correcting the name to the name of an existing method, or defining a method named '$_clearField'.
  void clearHealthCheck() => $_clearField(2);
                             ^^^^^^^^^^^^
lib/generated/spacex_api/device/device.pb.dart:190:26: Error: The method '$_clearField' isn't defined for the type 'FromDevice'.
 - 'FromDevice' is from 'package:starlink_isp_app/generated/spacex_api/device/device.pb.dart' ('lib/generated/spacex_api/device/device.pb.dart').
Try correcting the name to the name of an existing method, or defining a method named '$_clearField'.
  void clearMessage() => $_clearField($_whichOneof(0));
                         ^^^^^^^^^^^^
lib/generated/spacex_api/device/device.pb.dart:195:35: Error: The method '$_setField' isn't defined for the type 'FromDevice'.
 - 'FromDevice' is from 'package:starlink_isp_app/generated/spacex_api/device/device.pb.dart' ('lib/generated/spacex_api/device/device.pb.dart').
Try correcting the name to the name of an existing method, or defining a method named '$_setField'.
  set response(Response value) => $_setField(1, value);
                                  ^^^^^^^^^^
lib/generated/spacex_api/device/device.pb.dart:199:27: Error: The method '$_clearField' isn't defined for the type 'FromDevice'.
 - 'FromDevice' is from 'package:starlink_isp_app/generated/spacex_api/device/device.pb.dart' ('lib/generated/spacex_api/device/device.pb.dart').
Try correcting the name to the name of an existing method, or defining a method named '$_clearField'.
  void clearResponse() => $_clearField(1);
                          ^^^^^^^^^^^^
lib/generated/spacex_api/device/device.pb.dart:206:29: Error: The method '$_setField' isn't defined for the type 'FromDevice'.
 - 'FromDevice' is from 'package:starlink_isp_app/generated/spacex_api/device/device.pb.dart' ('lib/generated/spacex_api/device/device.pb.dart').
Try correcting the name to the name of an existing method, or defining a method named '$_setField'.
  set event(Event value) => $_setField(2, value);
                            ^^^^^^^^^^
lib/generated/spacex_api/device/device.pb.dart:210:24: Error: The method '$_clearField' isn't defined for the type 'FromDevice'.
 - 'FromDevice' is from 'package:starlink_isp_app/generated/spacex_api/device/device.pb.dart' ('lib/generated/spacex_api/device/device.pb.dart').
Try correcting the name to the name of an existing method, or defining a method named '$_clearField'.
  void clearEvent() => $_clearField(2);
                       ^^^^^^^^^^^^
lib/generated/spacex_api/device/device.pb.dart:217:41: Error: The method '$_setField' isn't defined for the type 'FromDevice'.
 - 'FromDevice' is from 'package:starlink_isp_app/generated/spacex_api/device/device.pb.dart' ('lib/generated/spacex_api/device/device.pb.dart').
Try correcting the name to the name of an existing method, or defining a method named '$_setField'.
  set healthCheck(HealthCheck value) => $_setField(3, value);
                                        ^^^^^^^^^^
lib/generated/spacex_api/device/device.pb.dart:221:30: Error: The method '$_clearField' isn't defined for the type 'FromDevice'.
 - 'FromDevice' is from 'package:starlink_isp_app/generated/spacex_api/device/device.pb.dart' ('lib/generated/spacex_api/device/device.pb.dart').
Try correcting the name to the name of an existing method, or defining a method named '$_clearField'.
  void clearHealthCheck() => $_clearField(3);
                             ^^^^^^^^^^^^
lib/generated/spacex_api/device/device.pb.dart:230:8: Error: 'Timestamp' isn't a type.
    $1.Timestamp? timestamp,
       ^^^^^^^^^
lib/generated/spacex_api/device/device.pb.dart:261:14: Error: 'Timestamp' isn't a type.
    ..aOM<$1.Timestamp>(1, _omitFieldNames ? '' : 'timestamp',
             ^^^^^^^^^
lib/generated/spacex_api/device/device.pb.dart:262:24: Error: Undefined name 'Timestamp'.
        subBuilder: $1.Timestamp.create)
                       ^^^^^^^^^
lib/generated/spacex_api/device/device.pb.dart:291:26: Error: The method '$_clearField' isn't defined for the type 'SensitiveCommand'.
 - 'SensitiveCommand' is from 'package:starlink_isp_app/generated/spacex_api/device/device.pb.dart' ('lib/generated/spacex_api/device/device.pb.dart').
Try correcting the name to the name of an existing method, or defining a method named '$_clearField'.
  void clearRequest() => $_clearField($_whichOneof(0));
                         ^^^^^^^^^^^^
lib/generated/spacex_api/device/device.pb.dart:296:20: Error: 'Timestamp' isn't a type.
  set timestamp($1.Timestamp value) => $_setField(1, value);
                   ^^^^^^^^^
lib/generated/spacex_api/device/device.pb.dart:296:40: Error: The method '$_setField' isn't defined for the type 'SensitiveCommand'.
 - 'SensitiveCommand' is from 'package:starlink_isp_app/generated/spacex_api/device/device.pb.dart' ('lib/generated/spacex_api/device/device.pb.dart').
Try correcting the name to the name of an existing method, or defining a method named '$_setField'.
  set timestamp($1.Timestamp value) => $_setField(1, value);
                                       ^^^^^^^^^^
lib/generated/spacex_api/device/device.pb.dart:300:28: Error: The method '$_clearField' isn't defined for the type 'SensitiveCommand'.
 - 'SensitiveCommand' is from 'package:starlink_isp_app/generated/spacex_api/device/device.pb.dart' ('lib/generated/spacex_api/device/device.pb.dart').
Try correcting the name to the name of an existing method, or defining a method named '$_clearField'.
  void clearTimestamp() => $_clearField(1);
                           ^^^^^^^^^^^^
lib/generated/spacex_api/device/device.pb.dart:311:27: Error: The method '$_clearField' isn't defined for the type 'SensitiveCommand'.
 - 'SensitiveCommand' is from 'package:starlink_isp_app/generated/spacex_api/device/device.pb.dart' ('lib/generated/spacex_api/device/device.pb.dart').
Try correcting the name to the name of an existing method, or defining a method named '$_clearField'.
  void clearTargetId() => $_clearField(2);
                          ^^^^^^^^^^^^
lib/generated/spacex_api/device/device.pb.dart:316:48: Error: The method '$_setField' isn't defined for the type 'SensitiveCommand'.
 - 'SensitiveCommand' is from 'package:starlink_isp_app/generated/spacex_api/device/device.pb.dart' ('lib/generated/spacex_api/device/device.pb.dart').
Try correcting the name to the name of an existing method, or defining a method named '$_setField'.
  set getLocation(GetLocationRequest value) => $_setField(3, value);
                                               ^^^^^^^^^^
lib/generated/spacex_api/device/device.pb.dart:320:30: Error: The method '$_clearField' isn't defined for the type 'SensitiveCommand'.
 - 'SensitiveCommand' is from 'package:starlink_isp_app/generated/spacex_api/device/device.pb.dart' ('lib/generated/spacex_api/device/device.pb.dart').
Try correcting the name to the name of an existing method, or defining a method named '$_clearField'.
  void clearGetLocation() => $_clearField(3);
                             ^^^^^^^^^^^^
lib/generated/spacex_api/device/device.pb.dart:1300:26: Error: The method '$_clearField' isn't defined for the type 'Request'.
 - 'Request' is from 'package:starlink_isp_app/generated/spacex_api/device/device.pb.dart' ('lib/generated/spacex_api/device/device.pb.dart').
Try correcting the name to the name of an existing method, or defining a method named '$_clearField'.
  void clearRequest() => $_clearField($_whichOneof(0));
                         ^^^^^^^^^^^^
lib/generated/spacex_api/device/device.pb.dart:1309:21: Error: The method '$_clearField' isn't defined for the type 'Request'.
 - 'Request' is from 'package:starlink_isp_app/generated/spacex_api/device/device.pb.dart' ('lib/generated/spacex_api/device/device.pb.dart').
Try correcting the name to the name of an existing method, or defining a method named '$_clearField'.
  void clearId() => $_clearField(1);
                    ^^^^^^^^^^^^
lib/generated/spacex_api/device/device.pb.dart:1318:27: Error: The method '$_clearField' isn't defined for the type 'Request'.
 - 'Request' is from 'package:starlink_isp_app/generated/spacex_api/device/device.pb.dart' ('lib/generated/spacex_api/device/device.pb.dart').
Try correcting the name to the name of an existing method, or defining a method named '$_clearField'.
  void clearTargetId() => $_clearField(13);
                          ^^^^^^^^^^^^
lib/generated/spacex_api/device/device.pb.dart:1327:26: Error: The method '$_clearField' isn't defined for the type 'Request'.
 - 'Request' is from 'package:starlink_isp_app/generated/spacex_api/device/device.pb.dart' ('lib/generated/spacex_api/device/device.pb.dart').
Try correcting the name to the name of an existing method, or defining a method named '$_clearField'.
  void clearEpochId() => $_clearField(14);
                         ^^^^^^^^^^^^
lib/generated/spacex_api/device/device.pb.dart:1332:45: Error: The method '$_setField' isn't defined for the type 'Request'.
 - 'Request' is from 'package:starlink_isp_app/generated/spacex_api/device/device.pb.dart' ('lib/generated/spacex_api/device/device.pb.dart').
Try correcting the name to the name of an existing method, or defining a method named '$_setField'.
  set signedRequest($2.SignedData value) => $_setField(15, value);
                                            ^^^^^^^^^^
lib/generated/spacex_api/device/device.pb.dart:1336:32: Error: The method '$_clearField' isn't defined for the type 'Request'.
 - 'Request' is from 'package:starlink_isp_app/generated/spacex_api/device/device.pb.dart' ('lib/generated/spacex_api/device/device.pb.dart').
Try correcting the name to the name of an existing method, or defining a method named '$_clearField'.
  void clearSignedRequest() => $_clearField(15);
                               ^^^^^^^^^^^^
lib/generated/spacex_api/device/device.pb.dart:1343:38: Error: The method '$_setField' isn't defined for the type 'Request'.
 - 'Request' is from 'package:starlink_isp_app/generated/spacex_api/device/device.pb.dart' ('lib/generated/spacex_api/device/device.pb.dart').
Try correcting the name to the name of an existing method, or defining a method named '$_setField'.
  set reboot(RebootRequest value) => $_setField(1001, value);
                                     ^^^^^^^^^^
lib/generated/spacex_api/device/device.pb.dart:1347:25: Error: The method '$_clearField' isn't defined for the type 'Request'.
 - 'Request' is from 'package:starlink_isp_app/generated/spacex_api/device/device.pb.dart' ('lib/generated/spacex_api/device/device.pb.dart').
Try correcting the name to the name of an existing method, or defining a method named '$_clearField'.
  void clearReboot() => $_clearField(1001);
                        ^^^^^^^^^^^^
lib/generated/spacex_api/device/device.pb.dart:1354:44: Error: The method '$_setField' isn't defined for the type 'Request'.
 - 'Request' is from 'package:starlink_isp_app/generated/spacex_api/device/device.pb.dart' ('lib/generated/spacex_api/device/device.pb.dart').
Try correcting the name to the name of an existing method, or defining a method named '$_setField'.
  set speedTest(SpeedTestRequest value) => $_setField(1003, value);
                                           ^^^^^^^^^^
lib/generated/spacex_api/device/device.pb.dart:1358:28: Error: The method '$_clearField' isn't defined for the type 'Request'.
 - 'Request' is from 'package:starlink_isp_app/generated/spacex_api/device/device.pb.dart' ('lib/generated/spacex_api/device/device.pb.dart').
Try correcting the name to the name of an existing method, or defining a method named '$_clearField'.
  void clearSpeedTest() => $_clearField(1003);
                           ^^^^^^^^^^^^
lib/generated/spacex_api/device/device.pb.dart:1365:44: Error: The method '$_setField' isn't defined for the type 'Request'.
 - 'Request' is from 'package:starlink_isp_app/generated/spacex_api/device/device.pb.dart' ('lib/generated/spacex_api/device/device.pb.dart').
Try correcting the name to the name of an existing method, or defining a method named '$_setField'.
  set getStatus(GetStatusRequest value) => $_setField(1004, value);
                                           ^^^^^^^^^^
lib/generated/spacex_api/device/device.pb.dart:1369:28: Error: The method '$_clearField' isn't defined for the type 'Request'.
 - 'Request' is from 'package:starlink_isp_app/generated/spacex_api/device/device.pb.dart' ('lib/generated/spacex_api/device/device.pb.dart').
Try correcting the name to the name of an existing method, or defining a method named '$_clearField'.
  void clearGetStatus() => $_clearField(1004);
                           ^^^^^^^^^^^^
lib/generated/spacex_api/device/device.pb.dart:1376:53: Error: The method '$_setField' isn't defined for the type 'Request'.
 - 'Request' is from 'package:starlink_isp_app/generated/spacex_api/device/device.pb.dart' ('lib/generated/spacex_api/device/device.pb.dart').
Try correcting the name to the name of an existing method, or defining a method named '$_setField'.
  set authenticate($2.AuthenticateRequest value) => $_setField(1005, value);
                                                    ^^^^^^^^^^
lib/generated/spacex_api/device/device.pb.dart:1380:31: Error: The method '$_clearField' isn't defined for the type 'Request'.
 - 'Request' is from 'package:starlink_isp_app/generated/spacex_api/device/device.pb.dart' ('lib/generated/spacex_api/device/device.pb.dart').
Try correcting the name to the name of an existing method, or defining a method named '$_clearField'.
  void clearAuthenticate() => $_clearField(1005);
                              ^^^^^^^^^^^^
lib/generated/spacex_api/device/device.pb.dart:1387:47: Error: The method '$_setField' isn't defined for the type 'Request'.
 - 'Request' is from 'package:starlink_isp_app/generated/spacex_api/device/device.pb.dart' ('lib/generated/spacex_api/device/device.pb.dart').
Try correcting the name to the name of an existing method, or defining a method named '$_setField'.
  set getNextId($2.GetNextIdRequest value) => $_setField(1006, value);
                                              ^^^^^^^^^^
lib/generated/spacex_api/device/device.pb.dart:1391:28: Error: The method '$_clearField' isn't defined for the type 'Request'.
 - 'Request' is from 'package:starlink_isp_app/generated/spacex_api/device/device.pb.dart' ('lib/generated/spacex_api/device/device.pb.dart').
Try correcting the name to the name of an existing method, or defining a method named '$_clearField'.
  void clearGetNextId() => $_clearField(1006);
                           ^^^^^^^^^^^^
lib/generated/spacex_api/device/device.pb.dart:1398:46: Error: The method '$_setField' isn't defined for the type 'Request'.
 - 'Request' is from 'package:starlink_isp_app/generated/spacex_api/device/device.pb.dart' ('lib/generated/spacex_api/device/device.pb.dart').
Try correcting the name to the name of an existing method, or defining a method named '$_setField'.
  set getHistory(GetHistoryRequest value) => $_setField(1007, value);
                                             ^^^^^^^^^^
lib/generated/spacex_api/device/device.pb.dart:1402:29: Error: The method '$_clearField' isn't defined for the type 'Request'.
 - 'Request' is from 'package:starlink_isp_app/generated/spacex_api/device/device.pb.dart' ('lib/generated/spacex_api/device/device.pb.dart').
Try correcting the name to the name of an existing method, or defining a method named '$_clearField'.
  void clearGetHistory() => $_clearField(1007);
                            ^^^^^^^^^^^^
lib/generated/spacex_api/device/device.pb.dart:1409:52: Error: The method '$_setField' isn't defined for the type 'Request'.
 - 'Request' is from 'package:starlink_isp_app/generated/spacex_api/device/device.pb.dart' ('lib/generated/spacex_api/device/device.pb.dart').
Try correcting the name to the name of an existing method, or defining a method named '$_setField'.
  set getDeviceInfo(GetDeviceInfoRequest value) => $_setField(1008, value);
                                                   ^^^^^^^^^^
lib/generated/spacex_api/device/device.pb.dart:1413:32: Error: The method '$_clearField' isn't defined for the type 'Request'.
 - 'Request' is from 'package:starlink_isp_app/generated/spacex_api/device/device.pb.dart' ('lib/generated/spacex_api/device/device.pb.dart').
Try correcting the name to the name of an existing method, or defining a method named '$_clearField'.
  void clearGetDeviceInfo() => $_clearField(1008);
                               ^^^^^^^^^^^^
lib/generated/spacex_api/device/device.pb.dart:1420:40: Error: The method '$_setField' isn't defined for the type 'Request'.
 - 'Request' is from 'package:starlink_isp_app/generated/spacex_api/device/device.pb.dart' ('lib/generated/spacex_api/device/device.pb.dart').
Try correcting the name to the name of an existing method, or defining a method named '$_setField'.
  set getPing(GetPingRequest value) => $_setField(1009, value);
                                       ^^^^^^^^^^
lib/generated/spacex_api/device/device.pb.dart:1424:26: Error: The method '$_clearField' isn't defined for the type 'Request'.
 - 'Request' is from 'package:starlink_isp_app/generated/spacex_api/device/device.pb.dart' ('lib/generated/spacex_api/device/device.pb.dart').
Try correcting the name to the name of an existing method, or defining a method named '$_clearField'.
  void clearGetPing() => $_clearField(1009);
                         ^^^^^^^^^^^^
lib/generated/spacex_api/device/device.pb.dart:1431:54: Error: The method '$_setField' isn't defined for the type 'Request'.
 - 'Request' is from 'package:starlink_isp_app/generated/spacex_api/device/device.pb.dart' ('lib/generated/spacex_api/device/device.pb.dart').
Try correcting the name to the name of an existing method, or defining a method named '$_setField'.
  set setTrustedKeys(SetTrustedKeysRequest value) => $_setField(1010, value);
                                                     ^^^^^^^^^^
lib/generated/spacex_api/device/device.pb.dart:1435:33: Error: The method '$_clearField' isn't defined for the type 'Request'.
 - 'Request' is from 'package:starlink_isp_app/generated/spacex_api/device/device.pb.dart' ('lib/generated/spacex_api/device/device.pb.dart').
Try correcting the name to the name of an existing method, or defining a method named '$_clearField'.
  void clearSetTrustedKeys() => $_clearField(1010);
                                ^^^^^^^^^^^^
lib/generated/spacex_api/device/device.pb.dart:1442:50: Error: The method '$_setField' isn't defined for the type 'Request'.
 - 'Request' is from 'package:starlink_isp_app/generated/spacex_api/device/device.pb.dart' ('lib/generated/spacex_api/device/device.pb.dart').
Try correcting the name to the name of an existing method, or defining a method named '$_setField'.
  set factoryReset(FactoryResetRequest value) => $_setField(1011, value);
                                                 ^^^^^^^^^^
lib/generated/spacex_api/device/device.pb.dart:1446:31: Error: The method '$_clearField' isn't defined for the type 'Request'.
 - 'Request' is from 'package:starlink_isp_app/generated/spacex_api/device/device.pb.dart' ('lib/generated/spacex_api/device/device.pb.dart').
Try correcting the name to the name of an existing method, or defining a method named '$_clearField'.
  void clearFactoryReset() => $_clearField(1011);
                              ^^^^^^^^^^^^
lib/generated/spacex_api/device/device.pb.dart:1453:38: Error: The method '$_setField' isn't defined for the type 'Request'.
 - 'Request' is from 'package:starlink_isp_app/generated/spacex_api/device/device.pb.dart' ('lib/generated/spacex_api/device/device.pb.dart').
Try correcting the name to the name of an existing method, or defining a method named '$_setField'.
  set getLog(GetLogRequest value) => $_setField(1012, value);
                                     ^^^^^^^^^^
lib/generated/spacex_api/device/device.pb.dart:1457:25: Error: The method '$_clearField' isn't defined for the type 'Request'.
 - 'Request' is from 'package:starlink_isp_app/generated/spacex_api/device/device.pb.dart' ('lib/generated/spacex_api/device/device.pb.dart').
Try correcting the name to the name of an existing method, or defining a method named '$_clearField'.
  void clearGetLog() => $_clearField(1012);
                        ^^^^^^^^^^^^
lib/generated/spacex_api/device/device.pb.dart:1464:38: Error: The method '$_setField' isn't defined for the type 'Request'.
 - 'Request' is from 'package:starlink_isp_app/generated/spacex_api/device/device.pb.dart' ('lib/generated/spacex_api/device/device.pb.dart').
Try correcting the name to the name of an existing method, or defining a method named '$_setField'.
  set setSku(SetSkuRequest value) => $_setField(1013, value);
                                     ^^^^^^^^^^
lib/generated/spacex_api/device/device.pb.dart:1468:25: Error: The method '$_clearField' isn't defined for the type 'Request'.
 - 'Request' is from 'package:starlink_isp_app/generated/spacex_api/device/device.pb.dart' ('lib/generated/spacex_api/device/device.pb.dart').
Try correcting the name to the name of an existing method, or defining a method named '$_clearField'.
  void clearSetSku() => $_clearField(1013);
                        ^^^^^^^^^^^^
lib/generated/spacex_api/device/device.pb.dart:1475:38: Error: The method '$_setField' isn't defined for the type 'Request'.
 - 'Request' is from 'package:starlink_isp_app/generated/spacex_api/device/device.pb.dart' ('lib/generated/spacex_api/device/device.pb.dart').
Try correcting the name to the name of an existing method, or defining a method named '$_setField'.
  set update(UpdateRequest value) => $_setField(1014, value);
                                     ^^^^^^^^^^
lib/generated/spacex_api/device/device.pb.dart:1479:25: Error: The method '$_clearField' isn't defined for the type 'Request'.
 - 'Request' is from 'package:starlink_isp_app/generated/spacex_api/device/device.pb.dart' ('lib/generated/spacex_api/device/device.pb.dart').
Try correcting the name to the name of an existing method, or defining a method named '$_clearField'.
  void clearUpdate() => $_clearField(1014);
                        ^^^^^^^^^^^^
lib/generated/spacex_api/device/device.pb.dart:1487:7: Error: The method '$_setField' isn't defined for the type 'Request'.
 - 'Request' is from 'package:starlink_isp_app/generated/spacex_api/device/device.pb.dart' ('lib/generated/spacex_api/device/device.pb.dart').
Try correcting the name to the name of an existing method, or defining a method named '$_setField'.
      $_setField(1015, value);
      ^^^^^^^^^^
lib/generated/spacex_api/device/device.pb.dart:1491:39: Error: The method '$_clearField' isn't defined for the type 'Request'.
 - 'Request' is from 'package:starlink_isp_app/generated/spacex_api/device/device.pb.dart' ('lib/generated/spacex_api/device/device.pb.dart').
Try correcting the name to the name of an existing method, or defining a method named '$_clearField'.
  void clearGetNetworkInterfaces() => $_clearField(1015);
                                      ^^^^^^^^^^^^
lib/generated/spacex_api/device/device.pb.dart:1498:42: Error: The method '$_setField' isn't defined for the type 'Request'.
 - 'Request' is from 'package:starlink_isp_app/generated/spacex_api/device/device.pb.dart' ('lib/generated/spacex_api/device/device.pb.dart').
Try correcting the name to the name of an existing method, or defining a method named '$_setField'.
  set pingHost(PingHostRequest value) => $_setField(1016, value);
                                         ^^^^^^^^^^
lib/generated/spacex_api/device/device.pb.dart:1502:27: Error: The method '$_clearField' isn't defined for the type 'Request'.
 - 'Request' is from 'package:starlink_isp_app/generated/spacex_api/device/device.pb.dart' ('lib/generated/spacex_api/device/device.pb.dart').
Try correcting the name to the name of an existing method, or defining a method named '$_clearField'.
  void clearPingHost() => $_clearField(1016);
                          ^^^^^^^^^^^^
lib/generated/spacex_api/device/device.pb.dart:1509:48: Error: The method '$_setField' isn't defined for the type 'Request'.
 - 'Request' is from 'package:starlink_isp_app/generated/spacex_api/device/device.pb.dart' ('lib/generated/spacex_api/device/device.pb.dart').
Try correcting the name to the name of an existing method, or defining a method named '$_setField'.
  set getLocation(GetLocationRequest value) => $_setField(1017, value);
                                               ^^^^^^^^^^
lib/generated/spacex_api/device/device.pb.dart:1513:30: Error: The method '$_clearField' isn't defined for the type 'Request'.
 - 'Request' is from 'package:starlink_isp_app/generated/spacex_api/device/device.pb.dart' ('lib/generated/spacex_api/device/device.pb.dart').
Try correcting the name to the name of an existing method, or defining a method named '$_clearField'.
  void clearGetLocation() => $_clearField(1017);
                             ^^^^^^^^^^^^
lib/generated/spacex_api/device/device.pb.dart:1520:48: Error: The method '$_setField' isn't defined for the type 'Request'.
 - 'Request' is from 'package:starlink_isp_app/generated/spacex_api/device/device.pb.dart' ('lib/generated/spacex_api/device/device.pb.dart').
Try correcting the name to the name of an existing method, or defining a method named '$_setField'.
  set getHeapDump(GetHeapDumpRequest value) => $_setField(1019, value);
                                               ^^^^^^^^^^
lib/generated/spacex_api/device/device.pb.dart:1524:30: Error: The method '$_clearField' isn't defined for the type 'Request'.
 - 'Request' is from 'package:starlink_isp_app/generated/spacex_api/device/device.pb.dart' ('lib/generated/spacex_api/device/device.pb.dart').
Try correcting the name to the name of an existing method, or defining a method named '$_clearField'.
  void clearGetHeapDump() => $_clearField(1019);
                             ^^^^^^^^^^^^
lib/generated/spacex_api/device/device.pb.dart:1531:54: Error: The method '$_setField' isn't defined for the type 'Request'.
 - 'Request' is from 'package:starlink_isp_app/generated/spacex_api/device/device.pb.dart' ('lib/generated/spacex_api/device/device.pb.dart').
Try correcting the name to the name of an existing method, or defining a method named '$_setField'.
  set restartControl(RestartControlRequest value) => $_setField(1020, value);
                                                     ^^^^^^^^^^
lib/generated/spacex_api/device/device.pb.dart:1535:33: Error: The method '$_clearField' isn't defined for the type 'Request'.
 - 'Request' is from 'package:starlink_isp_app/generated/spacex_api/device/device.pb.dart' ('lib/generated/spacex_api/device/device.pb.dart').
Try correcting the name to the name of an existing method, or defining a method named '$_clearField'.
  void clearRestartControl() => $_clearField(1020);
                                ^^^^^^^^^^^^
lib/generated/spacex_api/device/device.pb.dart:1542:34: Error: The method '$_setField' isn't defined for the type 'Request'.
 - 'Request' is from 'package:starlink_isp_app/generated/spacex_api/device/device.pb.dart' ('lib/generated/spacex_api/device/device.pb.dart').
Try correcting the name to the name of an existing method, or defining a method named '$_setField'.
  set fuse(FuseRequest value) => $_setField(1021, value);
                                 ^^^^^^^^^^
lib/generated/spacex_api/device/device.pb.dart:1546:23: Error: The method '$_clearField' isn't defined for the type 'Request'.
 - 'Request' is from 'package:starlink_isp_app/generated/spacex_api/device/device.pb.dart' ('lib/generated/spacex_api/device/device.pb.dart').
Try correcting the name to the name of an existing method, or defining a method named '$_clearField'.
  void clearFuse() => $_clearField(1021);
                      ^^^^^^^^^^^^
lib/generated/spacex_api/device/device.pb.dart:1554:7: Error: The method '$_setField' isn't defined for the type 'Request'.
 - 'Request' is from 'package:starlink_isp_app/generated/spacex_api/device/device.pb.dart' ('lib/generated/spacex_api/device/device.pb.dart').
Try correcting the name to the name of an existing method, or defining a method named '$_setField'.
      $_setField(1022, value);
      ^^^^^^^^^^
lib/generated/spacex_api/device/device.pb.dart:1558:37: Error: The method '$_clearField' isn't defined for the type 'Request'.
 - 'Request' is from 'package:starlink_isp_app/generated/spacex_api/device/device.pb.dart' ('lib/generated/spacex_api/device/device.pb.dart').
Try correcting the name to the name of an existing method, or defining a method named '$_clearField'.
  void clearGetPersistentStats() => $_clearField(1022);
                                    ^^^^^^^^^^^^
lib/generated/spacex_api/device/device.pb.dart:1565:54: Error: The method '$_setField' isn't defined for the type 'Request'.
 - 'Request' is from 'package:starlink_isp_app/generated/spacex_api/device/device.pb.dart' ('lib/generated/spacex_api/device/device.pb.dart').
Try correcting the name to the name of an existing method, or defining a method named '$_setField'.
  set getConnections(GetConnectionsRequest value) => $_setField(1023, value);
                                                     ^^^^^^^^^^
lib/generated/spacex_api/device/device.pb.dart:1569:33: Error: The method '$_clearField' isn't defined for the type 'Request'.
 - 'Request' is from 'package:starlink_isp_app/generated/spacex_api/device/device.pb.dart' ('lib/generated/spacex_api/device/device.pb.dart').
Try correcting the name to the name of an existing method, or defining a method named '$_clearField'.
  void clearGetConnections() => $_clearField(1023);
                                ^^^^^^^^^^^^
lib/generated/spacex_api/device/device.pb.dart:1576:54: Error: The method '$_setField' isn't defined for the type 'Request'.
 - 'Request' is from 'package:starlink_isp_app/generated/spacex_api/device/device.pb.dart' ('lib/generated/spacex_api/device/device.pb.dart').
Try correcting the name to the name of an existing method, or defining a method named '$_setField'.
  set startSpeedtest(StartSpeedtestRequest value) => $_setField(1027, value);
                                                     ^^^^^^^^^^
lib/generated/spacex_api/device/device.pb.dart:1580:33: Error: The method '$_clearField' isn't defined for the type 'Request'.
 - 'Request' is from 'package:starlink_isp_app/generated/spacex_api/device/device.pb.dart' ('lib/generated/spacex_api/device/device.pb.dart').
Try correcting the name to the name of an existing method, or defining a method named '$_clearField'.
  void clearStartSpeedtest() => $_clearField(1027);
                                ^^^^^^^^^^^^
lib/generated/spacex_api/device/device.pb.dart:1588:7: Error: The method '$_setField' isn't defined for the type 'Request'.
 - 'Request' is from 'package:starlink_isp_app/generated/spacex_api/device/device.pb.dart' ('lib/generated/spacex_api/device/device.pb.dart').
Try correcting the name to the name of an existing method, or defining a method named '$_setField'.
      $_setField(1028, value);
      ^^^^^^^^^^
lib/generated/spacex_api/device/device.pb.dart:1592:37: Error: The method '$_clearField' isn't defined for the type 'Request'.
 - 'Request' is from 'package:starlink_isp_app/generated/spacex_api/device/device.pb.dart' ('lib/generated/spacex_api/device/device.pb.dart').
Try correcting the name to the name of an existing method, or defining a method named '$_clearField'.
  void clearGetSpeedtestStatus() => $_clearField(1028);
                                    ^^^^^^^^^^^^
lib/generated/spacex_api/device/device.pb.dart:1600:7: Error: The method '$_setField' isn't defined for the type 'Request'.
 - 'Request' is from 'package:starlink_isp_app/generated/spacex_api/device/device.pb.dart' ('lib/generated/spacex_api/device/device.pb.dart').
Try correcting the name to the name of an existing method, or defining a method named '$_setField'.
      $_setField(1029, value);
      ^^^^^^^^^^
lib/generated/spacex_api/device/device.pb.dart:1604:40: Error: The method '$_clearField' isn't defined for the type 'Request'.
 - 'Request' is from 'package:starlink_isp_app/generated/spacex_api/device/device.pb.dart' ('lib/generated/spacex_api/device/device.pb.dart').
Try correcting the name to the name of an existing method, or defining a method named '$_clearField'.
  void clearReportClientSpeedtest() => $_clearField(1029);
                                       ^^^^^^^^^^^^
lib/generated/spacex_api/device/device.pb.dart:1612:7: Error: The method '$_setField' isn't defined for the type 'Request'.
 - 'Request' is from 'package:starlink_isp_app/generated/spacex_api/device/device.pb.dart' ('lib/generated/spacex_api/device/device.pb.dart').
Try correcting the name to the name of an existing method, or defining a method named '$_setField'.
      $_setField(1030, value);
      ^^^^^^^^^^
lib/generated/spacex_api/device/device.pb.dart:1616:36: Error: The method '$_clearField' isn't defined for the type 'Request'.
 - 'Request' is from 'package:starlink_isp_app/generated/spacex_api/device/device.pb.dart' ('lib/generated/spacex_api/device/device.pb.dart').
Try correcting the name to the name of an existing method, or defining a method named '$_clearField'.
  void clearInitiateRemoteSsh() => $_clearField(1030);
                                   ^^^^^^^^^^^^
lib/generated/spacex_api/device/device.pb.dart:1623:45: Error: The method '$_setField' isn't defined for the type 'Request'.
 - 'Request' is from 'package:starlink_isp_app/generated/spacex_api/device/device.pb.dart' ('lib/generated/spacex_api/device/device.pb.dart').
Try correcting the name to the name of an existing method, or defining a method named '$_setField'.
  set selfTest($3.SelfTestRequest value) => $_setField(1031, value);
                                            ^^^^^^^^^^
lib/generated/spacex_api/device/device.pb.dart:1627:27: Error: The method '$_clearField' isn't defined for the type 'Request'.
 - 'Request' is from 'package:starlink_isp_app/generated/spacex_api/device/device.pb.dart' ('lib/generated/spacex_api/device/device.pb.dart').
Try correcting the name to the name of an existing method, or defining a method named '$_clearField'.
  void clearSelfTest() => $_clearField(1031);
                          ^^^^^^^^^^^^
lib/generated/spacex_api/device/device.pb.dart:1634:51: Error: The method '$_setField' isn't defined for the type 'Request'.
 - 'Request' is from 'package:starlink_isp_app/generated/spacex_api/device/device.pb.dart' ('lib/generated/spacex_api/device/device.pb.dart').
Try correcting the name to the name of an existing method, or defining a method named '$_setField'.
  set setTestMode($3.SetTestModeRequest value) => $_setField(1032, value);
                                                  ^^^^^^^^^^
lib/generated/spacex_api/device/device.pb.dart:1638:30: Error: The method '$_clearField' isn't defined for the type 'Request'.
 - 'Request' is from 'package:starlink_isp_app/generated/spacex_api/device/device.pb.dart' ('lib/generated/spacex_api/device/device.pb.dart').
Try correcting the name to the name of an existing method, or defining a method named '$_clearField'.
  void clearSetTestMode() => $_clearField(1032);
                             ^^^^^^^^^^^^
lib/generated/spacex_api/device/device.pb.dart:1645:57: Error: The method '$_setField' isn't defined for the type 'Request'.
 - 'Request' is from 'package:starlink_isp_app/generated/spacex_api/device/device.pb.dart' ('lib/generated/spacex_api/device/device.pb.dart').
Try correcting the name to the name of an existing method, or defining a method named '$_setField'.
  set softwareUpdate($2.SoftwareUpdateRequest value) => $_setField(1033, value);
                                                        ^^^^^^^^^^
lib/generated/spacex_api/device/device.pb.dart:1649:33: Error: The method '$_clearField' isn't defined for the type 'Request'.
 - 'Request' is from 'package:starlink_isp_app/generated/spacex_api/device/device.pb.dart' ('lib/generated/spacex_api/device/device.pb.dart').
Try correcting the name to the name of an existing method, or defining a method named '$_clearField'.
  void clearSoftwareUpdate() => $_clearField(1033);
                                ^^^^^^^^^^^^
lib/generated/spacex_api/device/device.pb.dart:1657:7: Error: The method '$_setField' isn't defined for the type 'Request'.
 - 'Request' is from 'package:starlink_isp_app/generated/spacex_api/device/device.pb.dart' ('lib/generated/spacex_api/device/device.pb.dart').
Try correcting the name to the name of an existing method, or defining a method named '$_setField'.
      $_setField(1034, value);
      ^^^^^^^^^^
lib/generated/spacex_api/device/device.pb.dart:1661:35: Error: The method '$_clearField' isn't defined for the type 'Request'.
 - 'Request' is from 'package:starlink_isp_app/generated/spacex_api/device/device.pb.dart' ('lib/generated/spacex_api/device/device.pb.dart').
Try correcting the name to the name of an existing method, or defining a method named '$_clearField'.
  void clearEnableDebugTelem() => $_clearField(1034);
                                  ^^^^^^^^^^^^
lib/generated/spacex_api/device/device.pb.dart:1668:44: Error: The method '$_setField' isn't defined for the type 'Request'.
 - 'Request' is from 'package:starlink_isp_app/generated/spacex_api/device/device.pb.dart' ('lib/generated/spacex_api/device/device.pb.dart').
Try correcting the name to the name of an existing method, or defining a method named '$_setField'.
  set iqCapture(IQCaptureRequest value) => $_setField(1035, value);
                                           ^^^^^^^^^^
lib/generated/spacex_api/device/device.pb.dart:1672:28: Error: The method '$_clearField' isn't defined for the type 'Request'.
 - 'Request' is from 'package:starlink_isp_app/generated/spacex_api/device/device.pb.dart' ('lib/generated/spacex_api/device/device.pb.dart').
Try correcting the name to the name of an existing method, or defining a method named '$_clearField'.
  void clearIqCapture() => $_clearField(1035);
                           ^^^^^^^^^^^^
lib/generated/spacex_api/device/device.pb.dart:1679:52: Error: The method '$_setField' isn't defined for the type 'Request'.
 - 'Request' is from 'package:starlink_isp_app/generated/spacex_api/device/device.pb.dart' ('lib/generated/spacex_api/device/device.pb.dart').
Try correcting the name to the name of an existing method, or defining a method named '$_setField'.
  set getRadioStats(GetRadioStatsRequest value) => $_setField(1036, value);
                                                   ^^^^^^^^^^
lib/generated/spacex_api/device/device.pb.dart:1683:32: Error: The method '$_clearField' isn't defined for the type 'Request'.
 - 'Request' is from 'package:starlink_isp_app/generated/spacex_api/device/device.pb.dart' ('lib/generated/spacex_api/device/device.pb.dart').
Try correcting the name to the name of an existing method, or defining a method named '$_clearField'.
  void clearGetRadioStats() => $_clearField(1036);
                               ^^^^^^^^^^^^
lib/generated/spacex_api/device/device.pb.dart:1690:37: Error: The method '$_setField' isn't defined for the type 'Request'.
 - 'Request' is from 'package:starlink_isp_app/generated/spacex_api/device/device.pb.dart' ('lib/generated/spacex_api/device/device.pb.dart').
Try correcting the name to the name of an existing method, or defining a method named '$_setField'.
  set time(GetTimeRequest value) => $_setField(1037, value);
                                    ^^^^^^^^^^
lib/generated/spacex_api/device/device.pb.dart:1694:23: Error: The method '$_clearField' isn't defined for the type 'Request'.
 - 'Request' is from 'package:starlink_isp_app/generated/spacex_api/device/device.pb.dart' ('lib/generated/spacex_api/device/device.pb.dart').
Try correcting the name to the name of an existing method, or defining a method named '$_clearField'.
  void clearTime() => $_clearField(1037);
                      ^^^^^^^^^^^^
lib/generated/spacex_api/device/device.pb.dart:1701:54: Error: The method '$_setField' isn't defined for the type 'Request'.
 - 'Request' is from 'package:starlink_isp_app/generated/spacex_api/device/device.pb.dart' ('lib/generated/spacex_api/device/device.pb.dart').
Try correcting the name to the name of an existing method, or defining a method named '$_setField'.
  set runIperfServer(RunIperfServerRequest value) => $_setField(1038, value);
                                                     ^^^^^^^^^^
lib/generated/spacex_api/device/device.pb.dart:1705:33: Error: The method '$_clearField' isn't defined for the type 'Request'.
 - 'Request' is from 'package:starlink_isp_app/generated/spacex_api/device/device.pb.dart' ('lib/generated/spacex_api/device/device.pb.dart').
Try correcting the name to the name of an existing method, or defining a method named '$_clearField'.
  void clearRunIperfServer() => $_clearField(1038);
                                ^^^^^^^^^^^^
lib/generated/spacex_api/device/device.pb.dart:1713:7: Error: The method '$_setField' isn't defined for the type 'Request'.
 - 'Request' is from 'package:starlink_isp_app/generated/spacex_api/device/device.pb.dart' ('lib/generated/spacex_api/device/device.pb.dart').
Try correcting the name to the name of an existing method, or defining a method named '$_setField'.
      $_setField(1039, value);
      ^^^^^^^^^^
lib/generated/spacex_api/device/device.pb.dart:1717:38: Error: The method '$_clearField' isn't defined for the type 'Request'.
 - 'Request' is from 'package:starlink_isp_app/generated/spacex_api/device/device.pb.dart' ('lib/generated/spacex_api/device/device.pb.dart').
Try correcting the name to the name of an existing method, or defining a method named '$_clearField'.
  void clearTcpConnectivityTest() => $_clearField(1039);
                                     ^^^^^^^^^^^^
lib/generated/spacex_api/device/device.pb.dart:1725:7: Error: The method '$_setField' isn't defined for the type 'Request'.
 - 'Request' is from 'package:starlink_isp_app/generated/spacex_api/device/device.pb.dart' ('lib/generated/spacex_api/device/device.pb.dart').
Try correcting the name to the name of an existing method, or defining a method named '$_setField'.
      $_setField(1040, value);
      ^^^^^^^^^^
lib/generated/spacex_api/device/device.pb.dart:1729:38: Error: The method '$_clearField' isn't defined for the type 'Request'.
 - 'Request' is from 'package:starlink_isp_app/generated/spacex_api/device/device.pb.dart' ('lib/generated/spacex_api/device/device.pb.dart').
Try correcting the name to the name of an existing method, or defining a method named '$_clearField'.
  void clearUdpConnectivityTest() => $_clearField(1040);
                                     ^^^^^^^^^^^^
lib/generated/spacex_api/device/device.pb.dart:1737:7: Error: The method '$_setField' isn't defined for the type 'Request'.
 - 'Request' is from 'package:starlink_isp_app/generated/spacex_api/device/device.pb.dart' ('lib/generated/spacex_api/device/device.pb.dart').
Try correcting the name to the name of an existing method, or defining a method named '$_setField'.
      $_setField(1041, value);
      ^^^^^^^^^^
lib/generated/spacex_api/device/device.pb.dart:1741:42: Error: The method '$_clearField' isn't defined for the type 'Request'.
 - 'Request' is from 'package:starlink_isp_app/generated/spacex_api/device/device.pb.dart' ('lib/generated/spacex_api/device/device.pb.dart').
Try correcting the name to the name of an existing method, or defining a method named '$_clearField'.
  void clearGetGoroutineStackTraces() => $_clearField(1041);
                                         ^^^^^^^^^^^^
lib/generated/spacex_api/device/device.pb.dart:1749:48: Error: The method '$_setField' isn't defined for the type 'Request'.
 - 'Request' is from 'package:starlink_isp_app/generated/spacex_api/device/device.pb.dart' ('lib/generated/spacex_api/device/device.pb.dart').
Try correcting the name to the name of an existing method, or defining a method named '$_setField'.
  set sensitiveRequest($2.SignedData value) => $_setField(1078, value);
                                               ^^^^^^^^^^
lib/generated/spacex_api/device/device.pb.dart:1753:35: Error: The method '$_clearField' isn't defined for the type 'Request'.
 - 'Request' is from 'package:starlink_isp_app/generated/spacex_api/device/device.pb.dart' ('lib/generated/spacex_api/device/device.pb.dart').
Try correcting the name to the name of an existing method, or defining a method named '$_clearField'.
  void clearSensitiveRequest() => $_clearField(1078);
                                  ^^^^^^^^^^^^
lib/generated/spacex_api/device/device.pb.dart:1760:45: Error: The method '$_setField' isn't defined for the type 'Request'.
 - 'Request' is from 'package:starlink_isp_app/generated/spacex_api/device/device.pb.dart' ('lib/generated/spacex_api/device/device.pb.dart').
Try correcting the name to the name of an existing method, or defining a method named '$_setField'.
  set dishStow($3.DishStowRequest value) => $_setField(2002, value);
                                            ^^^^^^^^^^
lib/generated/spacex_api/device/device.pb.dart:1764:27: Error: The method '$_clearField' isn't defined for the type 'Request'.
 - 'Request' is from 'package:starlink_isp_app/generated/spacex_api/device/device.pb.dart' ('lib/generated/spacex_api/device/device.pb.dart').
Try correcting the name to the name of an existing method, or defining a method named '$_clearField'.
  void clearDishStow() => $_clearField(2002);
                          ^^^^^^^^^^^^
lib/generated/spacex_api/device/device.pb.dart:1771:57: Error: The method '$_setField' isn't defined for the type 'Request'.
 - 'Request' is from 'package:starlink_isp_app/generated/spacex_api/device/device.pb.dart' ('lib/generated/spacex_api/device/device.pb.dart').
Try correcting the name to the name of an existing method, or defining a method named '$_setField'.
  set dishGetContext($3.DishGetContextRequest value) => $_setField(2003, value);
                                                        ^^^^^^^^^^
lib/generated/spacex_api/device/device.pb.dart:1775:33: Error: The method '$_clearField' isn't defined for the type 'Request'.
 - 'Request' is from 'package:starlink_isp_app/generated/spacex_api/device/device.pb.dart' ('lib/generated/spacex_api/device/device.pb.dart').
Try correcting the name to the name of an existing method, or defining a method named '$_clearField'.
  void clearDishGetContext() => $_clearField(2003);
                                ^^^^^^^^^^^^
lib/generated/spacex_api/device/device.pb.dart:1782:46: Error: The method '$_setField' isn't defined for the type 'Request'.
 - 'Request' is from 'package:starlink_isp_app/generated/spacex_api/device/device.pb.dart' ('lib/generated/spacex_api/device/device.pb.dart').
Try correcting the name to the name of an existing method, or defining a method named '$_setField'.
  set dishSetEmc(DishSetEmcRequest value) => $_setField(2007, value);
                                             ^^^^^^^^^^
lib/generated/spacex_api/device/device.pb.dart:1786:29: Error: The method '$_clearField' isn't defined for the type 'Request'.
 - 'Request' is from 'package:starlink_isp_app/generated/spacex_api/device/device.pb.dart' ('lib/generated/spacex_api/device/device.pb.dart').
Try correcting the name to the name of an existing method, or defining a method named '$_clearField'.
  void clearDishSetEmc() => $_clearField(2007);
                            ^^^^^^^^^^^^
lib/generated/spacex_api/device/device.pb.dart:1794:7: Error: The method '$_setField' isn't defined for the type 'Request'.
 - 'Request' is from 'package:starlink_isp_app/generated/spacex_api/device/device.pb.dart' ('lib/generated/spacex_api/device/device.pb.dart').
Try correcting the name to the name of an existing method, or defining a method named '$_setField'.
      $_setField(2008, value);
      ^^^^^^^^^^
lib/generated/spacex_api/device/device.pb.dart:1798:40: Error: The method '$_clearField' isn't defined for the type 'Request'.
 - 'Request' is from 'package:starlink_isp_app/generated/spacex_api/device/device.pb.dart' ('lib/generated/spacex_api/device/device.pb.dart').
Try correcting the name to the name of an existing method, or defining a method named '$_clearField'.
  void clearDishGetObstructionMap() => $_clearField(2008);
                                       ^^^^^^^^^^^^
lib/generated/spacex_api/device/device.pb.dart:1805:46: Error: The method '$_setField' isn't defined for the type 'Request'.
 - 'Request' is from 'package:starlink_isp_app/generated/spacex_api/device/device.pb.dart' ('lib/generated/spacex_api/device/device.pb.dart').
Try correcting the name to the name of an existing method, or defining a method named '$_setField'.
  set dishGetEmc(DishGetEmcRequest value) => $_setField(2009, value);
                                             ^^^^^^^^^^
lib/generated/spacex_api/device/device.pb.dart:1809:29: Error: The method '$_clearField' isn't defined for the type 'Request'.
 - 'Request' is from 'package:starlink_isp_app/generated/spacex_api/device/device.pb.dart' ('lib/generated/spacex_api/device/device.pb.dart').
Try correcting the name to the name of an existing method, or defining a method named '$_clearField'.
  void clearDishGetEmc() => $_clearField(2009);
                            ^^^^^^^^^^^^
lib/generated/spacex_api/device/device.pb.dart:1816:55: Error: The method '$_setField' isn't defined for the type 'Request'.
 - 'Request' is from 'package:starlink_isp_app/generated/spacex_api/device/device.pb.dart' ('lib/generated/spacex_api/device/device.pb.dart').
Try correcting the name to the name of an existing method, or defining a method named '$_setField'.
  set dishSetConfig($3.DishSetConfigRequest value) => $_setField(2010, value);
                                                      ^^^^^^^^^^
lib/generated/spacex_api/device/device.pb.dart:1820:32: Error: The method '$_clearField' isn't defined for the type 'Request'.
 - 'Request' is from 'package:starlink_isp_app/generated/spacex_api/device/device.pb.dart' ('lib/generated/spacex_api/device/device.pb.dart').
Try correcting the name to the name of an existing method, or defining a method named '$_clearField'.
  void clearDishSetConfig() => $_clearField(2010);
                               ^^^^^^^^^^^^
lib/generated/spacex_api/device/device.pb.dart:1827:55: Error: The method '$_setField' isn't defined for the type 'Request'.
 - 'Request' is from 'package:starlink_isp_app/generated/spacex_api/device/device.pb.dart' ('lib/generated/spacex_api/device/device.pb.dart').
Try correcting the name to the name of an existing method, or defining a method named '$_setField'.
  set dishGetConfig($3.DishGetConfigRequest value) => $_setField(2011, value);
                                                      ^^^^^^^^^^
lib/generated/spacex_api/device/device.pb.dart:1831:32: Error: The method '$_clearField' isn't defined for the type 'Request'.
 - 'Request' is from 'package:starlink_isp_app/generated/spacex_api/device/device.pb.dart' ('lib/generated/spacex_api/device/device.pb.dart').
Try correcting the name to the name of an existing method, or defining a method named '$_clearField'.
  void clearDishGetConfig() => $_clearField(2011);
                               ^^^^^^^^^^^^
lib/generated/spacex_api/device/device.pb.dart:1838:52: Error: The method '$_setField' isn't defined for the type 'Request'.
 - 'Request' is from 'package:starlink_isp_app/generated/spacex_api/device/device.pb.dart' ('lib/generated/spacex_api/device/device.pb.dart').
Try correcting the name to the name of an existing method, or defining a method named '$_setField'.
  set dishPowerSave(DishPowerSaveRequest value) => $_setField(2013, value);
                                                   ^^^^^^^^^^
lib/generated/spacex_api/device/device.pb.dart:1842:32: Error: The method '$_clearField' isn't defined for the type 'Request'.
 - 'Request' is from 'package:starlink_isp_app/generated/spacex_api/device/device.pb.dart' ('lib/generated/spacex_api/device/device.pb.dart').
Try correcting the name to the name of an existing method, or defining a method named '$_clearField'.
  void clearDishPowerSave() => $_clearField(2013);
                               ^^^^^^^^^^^^
lib/generated/spacex_api/device/device.pb.dart:1849:57: Error: The method '$_setField' isn't defined for the type 'Request'.
 - 'Request' is from 'package:starlink_isp_app/generated/spacex_api/device/device.pb.dart' ('lib/generated/spacex_api/device/device.pb.dart').
Try correcting the name to the name of an existing method, or defining a method named '$_setField'.
  set dishInhibitGps($3.DishInhibitGpsRequest value) => $_setField(2014, value);
                                                        ^^^^^^^^^^
lib/generated/spacex_api/device/device.pb.dart:1853:33: Error: The method '$_clearField' isn't defined for the type 'Request'.
 - 'Request' is from 'package:starlink_isp_app/generated/spacex_api/device/device.pb.dart' ('lib/generated/spacex_api/device/device.pb.dart').
Try correcting the name to the name of an existing method, or defining a method named '$_clearField'.
  void clearDishInhibitGps() => $_clearField(2014);
                                ^^^^^^^^^^^^
lib/generated/spacex_api/device/device.pb.dart:1860:51: Error: The method '$_setField' isn't defined for the type 'Request'.
 - 'Request' is from 'package:starlink_isp_app/generated/spacex_api/device/device.pb.dart' ('lib/generated/spacex_api/device/device.pb.dart').
Try correcting the name to the name of an existing method, or defining a method named '$_setField'.
  set dishGetData($3.DishGetDataRequest value) => $_setField(2015, value);
                                                  ^^^^^^^^^^
lib/generated/spacex_api/device/device.pb.dart:1864:30: Error: The method '$_clearField' isn't defined for the type 'Request'.
 - 'Request' is from 'package:starlink_isp_app/generated/spacex_api/device/device.pb.dart' ('lib/generated/spacex_api/device/device.pb.dart').
Try correcting the name to the name of an existing method, or defining a method named '$_clearField'.
  void clearDishGetData() => $_clearField(2015);
                             ^^^^^^^^^^^^
lib/generated/spacex_api/device/device.pb.dart:1872:7: Error: The method '$_setField' isn't defined for the type 'Request'.
 - 'Request' is from 'package:starlink_isp_app/generated/spacex_api/device/device.pb.dart' ('lib/generated/spacex_api/device/device.pb.dart').
Try correcting the name to the name of an existing method, or defining a method named '$_setField'.
      $_setField(2017, value);
      ^^^^^^^^^^
lib/generated/spacex_api/device/device.pb.dart:1876:42: Error: The method '$_clearField' isn't defined for the type 'Request'.
 - 'Request' is from 'package:starlink_isp_app/generated/spacex_api/device/device.pb.dart' ('lib/generated/spacex_api/device/device.pb.dart').
Try correcting the name to the name of an existing method, or defining a method named '$_clearField'.
  void clearDishClearObstructionMap() => $_clearField(2017);
                                         ^^^^^^^^^^^^
lib/generated/spacex_api/device/device.pb.dart:1885:7: Error: The method '$_setField' isn't defined for the type 'Request'.
 - 'Request' is from 'package:starlink_isp_app/generated/spacex_api/device/device.pb.dart' ('lib/generated/spacex_api/device/device.pb.dart').
Try correcting the name to the name of an existing method, or defining a method named '$_setField'.
      $_setField(2018, value);
      ^^^^^^^^^^
lib/generated/spacex_api/device/device.pb.dart:1889:42: Error: The method '$_clearField' isn't defined for the type 'Request'.
 - 'Request' is from 'package:starlink_isp_app/generated/spacex_api/device/device.pb.dart' ('lib/generated/spacex_api/device/device.pb.dart').
Try correcting the name to the name of an existing method, or defining a method named '$_clearField'.
  void clearDishSetMaxPowerTestMode() => $_clearField(2018);
                                         ^^^^^^^^^^^^
lib/generated/spacex_api/device/device.pb.dart:1898:7: Error: The method '$_setField' isn't defined for the type 'Request'.
 - 'Request' is from 'package:starlink_isp_app/generated/spacex_api/device/device.pb.dart' ('lib/generated/spacex_api/device/device.pb.dart').
Try correcting the name to the name of an existing method, or defining a method named '$_setField'.
      $_setField(2019, value);
      ^^^^^^^^^^
lib/generated/spacex_api/device/device.pb.dart:1902:39: Error: The method '$_clearField' isn't defined for the type 'Request'.
 - 'Request' is from 'package:starlink_isp_app/generated/spacex_api/device/device.pb.dart' ('lib/generated/spacex_api/device/device.pb.dart').
Try correcting the name to the name of an existing method, or defining a method named '$_clearField'.
  void clearDishActivateRssiScan() => $_clearField(2019);
                                      ^^^^^^^^^^^^
lib/generated/spacex_api/device/device.pb.dart:1910:7: Error: The method '$_setField' isn't defined for the type 'Request'.
 - 'Request' is from 'package:starlink_isp_app/generated/spacex_api/device/device.pb.dart' ('lib/generated/spacex_api/device/device.pb.dart').
Try correcting the name to the name of an existing method, or defining a method named '$_setField'.
      $_setField(2020, value);
      ^^^^^^^^^^
lib/generated/spacex_api/device/device.pb.dart:1914:40: Error: The method '$_clearField' isn't defined for the type 'Request'.
 - 'Request' is from 'package:starlink_isp_app/generated/spacex_api/device/device.pb.dart' ('lib/generated/spacex_api/device/device.pb.dart').
Try correcting the name to the name of an existing method, or defining a method named '$_clearField'.
  void clearDishGetRssiScanResult() => $_clearField(2020);
                                       ^^^^^^^^^^^^
lib/generated/spacex_api/device/device.pb.dart:1922:7: Error: The method '$_setField' isn't defined for the type 'Request'.
 - 'Request' is from 'package:starlink_isp_app/generated/spacex_api/device/device.pb.dart' ('lib/generated/spacex_api/device/device.pb.dart').
Try correcting the name to the name of an existing method, or defining a method named '$_setField'.
      $_setField(2021, value);
      ^^^^^^^^^^
lib/generated/spacex_api/device/device.pb.dart:1926:35: Error: The method '$_clearField' isn't defined for the type 'Request'.
 - 'Request' is from 'package:starlink_isp_app/generated/spacex_api/device/device.pb.dart' ('lib/generated/spacex_api/device/device.pb.dart').
Try correcting the name to the name of an existing method, or defining a method named '$_clearField'.
  void clearDishFactoryReset() => $_clearField(2021);
                                  ^^^^^^^^^^^^
lib/generated/spacex_api/device/device.pb.dart:1933:51: Error: The method '$_setField' isn't defined for the type 'Request'.
 - 'Request' is from 'package:starlink_isp_app/generated/spacex_api/device/device.pb.dart' ('lib/generated/spacex_api/device/device.pb.dart').
Try correcting the name to the name of an existing method, or defining a method named '$_setField'.
  set resetButton($3.ResetButtonRequest value) => $_setField(2022, value);
                                                  ^^^^^^^^^^
lib/generated/spacex_api/device/device.pb.dart:1937:30: Error: The method '$_clearField' isn't defined for the type 'Request'.
 - 'Request' is from 'package:starlink_isp_app/generated/spacex_api/device/device.pb.dart' ('lib/generated/spacex_api/device/device.pb.dart').
Try correcting the name to the name of an existing method, or defining a method named '$_clearField'.
  void clearResetButton() => $_clearField(2022);
                             ^^^^^^^^^^^^
lib/generated/spacex_api/device/device.pb.dart:1945:7: Error: The method '$_setField' isn't defined for the type 'Request'.
 - 'Request' is from 'package:starlink_isp_app/generated/spacex_api/device/device.pb.dart' ('lib/generated/spacex_api/device/device.pb.dart').
Try correcting the name to the name of an existing method, or defining a method named '$_setField'.
      $_setField(2023, value);
      ^^^^^^^^^^
lib/generated/spacex_api/device/device.pb.dart:1949:38: Error: The method '$_clearField' isn't defined for the type 'Request'.
 - 'Request' is from 'package:starlink_isp_app/generated/spacex_api/device/device.pb.dart' ('lib/generated/spacex_api/device/device.pb.dart').
Try correcting the name to the name of an existing method, or defining a method named '$_clearField'.
  void clearSetPerVehicleConfig() => $_clearField(2023);
                                     ^^^^^^^^^^^^
lib/generated/spacex_api/device/device.pb.dart:1957:7: Error: The method '$_setField' isn't defined for the type 'Request'.
 - 'Request' is from 'package:starlink_isp_app/generated/spacex_api/device/device.pb.dart' ('lib/generated/spacex_api/device/device.pb.dart').
Try correcting the name to the name of an existing method, or defining a method named '$_setField'.
      $_setField(2024, value);
      ^^^^^^^^^^
lib/generated/spacex_api/device/device.pb.dart:1961:35: Error: The method '$_clearField' isn't defined for the type 'Request'.
 - 'Request' is from 'package:starlink_isp_app/generated/spacex_api/device/device.pb.dart' ('lib/generated/spacex_api/device/device.pb.dart').
Try correcting the name to the name of an existing method, or defining a method named '$_clearField'.
  void clearDishAviationTest() => $_clearField(2024);
                                  ^^^^^^^^^^^^
lib/generated/spacex_api/device/device.pb.dart:1968:55: Error: The method '$_setField' isn't defined for the type 'Request'.
 - 'Request' is from 'package:starlink_isp_app/generated/spacex_api/device/device.pb.dart' ('lib/generated/spacex_api/device/device.pb.dart').
Try correcting the name to the name of an existing method, or defining a method named '$_setField'.
  set dishInhibitRf($3.DishInhibitRfRequest value) => $_setField(2026, value);
                                                      ^^^^^^^^^^
lib/generated/spacex_api/device/device.pb.dart:1972:32: Error: The method '$_clearField' isn't defined for the type 'Request'.
 - 'Request' is from 'package:starlink_isp_app/generated/spacex_api/device/device.pb.dart' ('lib/generated/spacex_api/device/device.pb.dart').
Try correcting the name to the name of an existing method, or defining a method named '$_clearField'.
  void clearDishInhibitRf() => $_clearField(2026);
                               ^^^^^^^^^^^^
lib/generated/spacex_api/device/device.pb.dart:1979:55: Error: The method '$_setField' isn't defined for the type 'Request'.
 - 'Request' is from 'package:starlink_isp_app/generated/spacex_api/device/device.pb.dart' ('lib/generated/spacex_api/device/device.pb.dart').
Try correcting the name to the name of an existing method, or defining a method named '$_setField'.
  set wifiSetConfig($4.WifiSetConfigRequest value) => $_setField(3001, value);
                                                      ^^^^^^^^^^
lib/generated/spacex_api/device/device.pb.dart:1983:32: Error: The method '$_clearField' isn't defined for the type 'Request'.
 - 'Request' is from 'package:starlink_isp_app/generated/spacex_api/device/device.pb.dart' ('lib/generated/spacex_api/device/device.pb.dart').
Try correcting the name to the name of an existing method, or defining a method named '$_clearField'.
  void clearWifiSetConfig() => $_clearField(3001);
                               ^^^^^^^^^^^^
lib/generated/spacex_api/device/device.pb.dart:1990:57: Error: The method '$_setField' isn't defined for the type 'Request'.
 - 'Request' is from 'package:starlink_isp_app/generated/spacex_api/device/device.pb.dart' ('lib/generated/spacex_api/device/device.pb.dart').
Try correcting the name to the name of an existing method, or defining a method named '$_setField'.
  set wifiGetClients($4.WifiGetClientsRequest value) => $_setField(3002, value);
                                                        ^^^^^^^^^^
lib/generated/spacex_api/device/device.pb.dart:1994:33: Error: The method '$_clearField' isn't defined for the type 'Request'.
 - 'Request' is from 'package:starlink_isp_app/generated/spacex_api/device/device.pb.dart' ('lib/generated/spacex_api/device/device.pb.dart').
Try correcting the name to the name of an existing method, or defining a method named '$_clearField'.
  void clearWifiGetClients() => $_clearField(3002);
                                ^^^^^^^^^^^^
lib/generated/spacex_api/device/device.pb.dart:2001:47: Error: The method '$_setField' isn't defined for the type 'Request'.
 - 'Request' is from 'package:starlink_isp_app/generated/spacex_api/device/device.pb.dart' ('lib/generated/spacex_api/device/device.pb.dart').
Try correcting the name to the name of an existing method, or defining a method named '$_setField'.
  set wifiSetup($4.WifiSetupRequest value) => $_setField(3003, value);
                                              ^^^^^^^^^^
lib/generated/spacex_api/device/device.pb.dart:2005:28: Error: The method '$_clearField' isn't defined for the type 'Request'.
 - 'Request' is from 'package:starlink_isp_app/generated/spacex_api/device/device.pb.dart' ('lib/generated/spacex_api/device/device.pb.dart').
Try correcting the name to the name of an existing method, or defining a method named '$_clearField'.
  void clearWifiSetup() => $_clearField(3003);
                           ^^^^^^^^^^^^
lib/generated/spacex_api/device/device.pb.dart:2013:7: Error: The method '$_setField' isn't defined for the type 'Request'.
 - 'Request' is from 'package:starlink_isp_app/generated/spacex_api/device/device.pb.dart' ('lib/generated/spacex_api/device/device.pb.dart').
Try correcting the name to the name of an existing method, or defining a method named '$_setField'.
      $_setField(3007, value);
      ^^^^^^^^^^
lib/generated/spacex_api/device/device.pb.dart:2017:37: Error: The method '$_clearField' isn't defined for the type 'Request'.
 - 'Request' is from 'package:starlink_isp_app/generated/spacex_api/device/device.pb.dart' ('lib/generated/spacex_api/device/device.pb.dart').
Try correcting the name to the name of an existing method, or defining a method named '$_clearField'.
  void clearWifiGetPingMetrics() => $_clearField(3007);
                                    ^^^^^^^^^^^^
lib/generated/spacex_api/device/device.pb.dart:2024:55: Error: The method '$_setField' isn't defined for the type 'Request'.
 - 'Request' is from 'package:starlink_isp_app/generated/spacex_api/device/device.pb.dart' ('lib/generated/spacex_api/device/device.pb.dart').
Try correcting the name to the name of an existing method, or defining a method named '$_setField'.
  set wifiGetConfig($4.WifiGetConfigRequest value) => $_setField(3009, value);
                                                      ^^^^^^^^^^
lib/generated/spacex_api/device/device.pb.dart:2028:32: Error: The method '$_clearField' isn't defined for the type 'Request'.
 - 'Request' is from 'package:starlink_isp_app/generated/spacex_api/device/device.pb.dart' ('lib/generated/spacex_api/device/device.pb.dart').
Try correcting the name to the name of an existing method, or defining a method named '$_clearField'.
  void clearWifiGetConfig() => $_clearField(3009);
                               ^^^^^^^^^^^^
lib/generated/spacex_api/device/device.pb.dart:2036:7: Error: The method '$_setField' isn't defined for the type 'Request'.
 - 'Request' is from 'package:starlink_isp_app/generated/spacex_api/device/device.pb.dart' ('lib/generated/spacex_api/device/device.pb.dart').
Try correcting the name to the name of an existing method, or defining a method named '$_setField'.
      $_setField(3012, value);
      ^^^^^^^^^^
lib/generated/spacex_api/device/device.pb.dart:2040:41: Error: The method '$_clearField' isn't defined for the type 'Request'.
 - 'Request' is from 'package:starlink_isp_app/generated/spacex_api/device/device.pb.dart' ('lib/generated/spacex_api/device/device.pb.dart').
Try correcting the name to the name of an existing method, or defining a method named '$_clearField'.
  void clearWifiSetMeshDeviceTrust() => $_clearField(3012);
                                        ^^^^^^^^^^^^
lib/generated/spacex_api/device/device.pb.dart:2049:7: Error: The method '$_setField' isn't defined for the type 'Request'.
 - 'Request' is from 'package:starlink_isp_app/generated/spacex_api/device/device.pb.dart' ('lib/generated/spacex_api/device/device.pb.dart').
Try correcting the name to the name of an existing method, or defining a method named '$_setField'.
      $_setField(3013, value);
      ^^^^^^^^^^
lib/generated/spacex_api/device/device.pb.dart:2053:36: Error: The method '$_clearField' isn't defined for the type 'Request'.
 - 'Request' is from 'package:starlink_isp_app/generated/spacex_api/device/device.pb.dart' ('lib/generated/spacex_api/device/device.pb.dart').
Try correcting the name to the name of an existing method, or defining a method named '$_clearField'.
  void clearWifiSetMeshConfig() => $_clearField(3013);
                                   ^^^^^^^^^^^^
lib/generated/spacex_api/device/device.pb.dart:2061:7: Error: The method '$_setField' isn't defined for the type 'Request'.
 - 'Request' is from 'package:starlink_isp_app/generated/spacex_api/device/device.pb.dart' ('lib/generated/spacex_api/device/device.pb.dart').
Try correcting the name to the name of an existing method, or defining a method named '$_setField'.
      $_setField(3015, value);
      ^^^^^^^^^^
lib/generated/spacex_api/device/device.pb.dart:2065:39: Error: The method '$_clearField' isn't defined for the type 'Request'.
 - 'Request' is from 'package:starlink_isp_app/generated/spacex_api/device/device.pb.dart' ('lib/generated/spacex_api/device/device.pb.dart').
Try correcting the name to the name of an existing method, or defining a method named '$_clearField'.
  void clearWifiGetClientHistory() => $_clearField(3015);
                                      ^^^^^^^^^^^^
lib/generated/spacex_api/device/device.pb.dart:2073:7: Error: The method '$_setField' isn't defined for the type 'Request'.
 - 'Request' is from 'package:starlink_isp_app/generated/spacex_api/device/device.pb.dart' ('lib/generated/spacex_api/device/device.pb.dart').
Try correcting the name to the name of an existing method, or defining a method named '$_setField'.
      $_setField(3016, value);
      ^^^^^^^^^^
lib/generated/spacex_api/device/device.pb.dart:2077:43: Error: The method '$_clearField' isn't defined for the type 'Request'.
 - 'Request' is from 'package:starlink_isp_app/generated/spacex_api/device/device.pb.dart' ('lib/generated/spacex_api/device/device.pb.dart').
Try correcting the name to the name of an existing method, or defining a method named '$_clearField'.
  void clearWifiSetAviationConformed() => $_clearField(3016);
                                          ^^^^^^^^^^^^
lib/generated/spacex_api/device/device.pb.dart:2086:7: Error: The method '$_setField' isn't defined for the type 'Request'.
 - 'Request' is from 'package:starlink_isp_app/generated/spacex_api/device/device.pb.dart' ('lib/generated/spacex_api/device/device.pb.dart').
Try correcting the name to the name of an existing method, or defining a method named '$_setField'.
      $_setField(3017, value);
      ^^^^^^^^^^
lib/generated/spacex_api/device/device.pb.dart:2090:41: Error: The method '$_clearField' isn't defined for the type 'Request'.
 - 'Request' is from 'package:starlink_isp_app/generated/spacex_api/device/device.pb.dart' ('lib/generated/spacex_api/device/device.pb.dart').
Try correcting the name to the name of an existing method, or defining a method named '$_clearField'.
  void clearWifiSetClientGivenName() => $_clearField(3017);
                                        ^^^^^^^^^^^^
lib/generated/spacex_api/device/device.pb.dart:2098:53: Error: The method '$_setField' isn't defined for the type 'Request'.
 - 'Request' is from 'package:starlink_isp_app/generated/spacex_api/device/device.pb.dart' ('lib/generated/spacex_api/device/device.pb.dart').
Try correcting the name to the name of an existing method, or defining a method named '$_setField'.
  set wifiSelfTest($4.WifiSelfTestRequest value) => $_setField(3018, value);
                                                    ^^^^^^^^^^
lib/generated/spacex_api/device/device.pb.dart:2102:31: Error: The method '$_clearField' isn't defined for the type 'Request'.
 - 'Request' is from 'package:starlink_isp_app/generated/spacex_api/device/device.pb.dart' ('lib/generated/spacex_api/device/device.pb.dart').
Try correcting the name to the name of an existing method, or defining a method named '$_clearField'.
  void clearWifiSelfTest() => $_clearField(3018);
                              ^^^^^^^^^^^^
lib/generated/spacex_api/device/device.pb.dart:2110:7: Error: The method '$_setField' isn't defined for the type 'Request'.
 - 'Request' is from 'package:starlink_isp_app/generated/spacex_api/device/device.pb.dart' ('lib/generated/spacex_api/device/device.pb.dart').
Try correcting the name to the name of an existing method, or defining a method named '$_setField'.
      $_setField(3019, value);
      ^^^^^^^^^^
lib/generated/spacex_api/device/device.pb.dart:2114:38: Error: The method '$_clearField' isn't defined for the type 'Request'.
 - 'Request' is from 'package:starlink_isp_app/generated/spacex_api/device/device.pb.dart' ('lib/generated/spacex_api/device/device.pb.dart').
Try correcting the name to the name of an existing method, or defining a method named '$_clearField'.
  void clearWifiCalibrationMode() => $_clearField(3019);
                                     ^^^^^^^^^^^^
lib/generated/spacex_api/device/device.pb.dart:2121:55: Error: The method '$_setField' isn't defined for the type 'Request'.
 - 'Request' is from 'package:starlink_isp_app/generated/spacex_api/device/device.pb.dart' ('lib/generated/spacex_api/device/device.pb.dart').
Try correcting the name to the name of an existing method, or defining a method named '$_setField'.
  set wifiGuestInfo($4.WifiGuestInfoRequest value) => $_setField(3020, value);
                                                      ^^^^^^^^^^
lib/generated/spacex_api/device/device.pb.dart:2125:32: Error: The method '$_clearField' isn't defined for the type 'Request'.
 - 'Request' is from 'package:starlink_isp_app/generated/spacex_api/device/device.pb.dart' ('lib/generated/spacex_api/device/device.pb.dart').
Try correcting the name to the name of an existing method, or defining a method named '$_clearField'.
  void clearWifiGuestInfo() => $_clearField(3020);
                               ^^^^^^^^^^^^
lib/generated/spacex_api/device/device.pb.dart:2132:49: Error: The method '$_setField' isn't defined for the type 'Request'.
 - 'Request' is from 'package:starlink_isp_app/generated/spacex_api/device/device.pb.dart' ('lib/generated/spacex_api/device/device.pb.dart').
Try correcting the name to the name of an existing method, or defining a method named '$_setField'.
  set wifiRfTest($4.WifiRfTestRequest value) => $_setField(3021, value);
                                                ^^^^^^^^^^
lib/generated/spacex_api/device/device.pb.dart:2136:29: Error: The method '$_clearField' isn't defined for the type 'Request'.
 - 'Request' is from 'package:starlink_isp_app/generated/spacex_api/device/device.pb.dart' ('lib/generated/spacex_api/device/device.pb.dart').
Try correcting the name to the name of an existing method, or defining a method named '$_clearField'.
  void clearWifiRfTest() => $_clearField(3021);
                            ^^^^^^^^^^^^
lib/generated/spacex_api/device/device.pb.dart:2144:7: Error: The method '$_setField' isn't defined for the type 'Request'.
 - 'Request' is from 'package:starlink_isp_app/generated/spacex_api/device/device.pb.dart' ('lib/generated/spacex_api/device/device.pb.dart').
Try correcting the name to the name of an existing method, or defining a method named '$_setField'.
      $_setField(3024, value);
      ^^^^^^^^^^
lib/generated/spacex_api/device/device.pb.dart:2148:34: Error: The method '$_clearField' isn't defined for the type 'Request'.
 - 'Request' is from 'package:starlink_isp_app/generated/spacex_api/device/device.pb.dart' ('lib/generated/spacex_api/device/device.pb.dart').
Try correcting the name to the name of an existing method, or defining a method named '$_clearField'.
  void clearWifiGetFirewall() => $_clearField(3024);
                                 ^^^^^^^^^^^^
lib/generated/spacex_api/device/device.pb.dart:2156:7: Error: The method '$_setField' isn't defined for the type 'Request'.
 - 'Request' is from 'package:starlink_isp_app/generated/spacex_api/device/device.pb.dart' ('lib/generated/spacex_api/device/device.pb.dart').
Try correcting the name to the name of an existing method, or defining a method named '$_setField'.
      $_setField(3025, value);
      ^^^^^^^^^^
lib/generated/spacex_api/device/device.pb.dart:2160:43: Error: The method '$_clearField' isn't defined for the type 'Request'.
 - 'Request' is from 'package:starlink_isp_app/generated/spacex_api/device/device.pb.dart' ('lib/generated/spacex_api/device/device.pb.dart').
Try correcting the name to the name of an existing method, or defining a method named '$_clearField'.
  void clearWifiTogglePoeNegotiation() => $_clearField(3025);
                                          ^^^^^^^^^^^^
lib/generated/spacex_api/device/device.pb.dart:2169:7: Error: The method '$_setField' isn't defined for the type 'Request'.
 - 'Request' is from 'package:starlink_isp_app/generated/spacex_api/device/device.pb.dart' ('lib/generated/spacex_api/device/device.pb.dart').
Try correcting the name to the name of an existing method, or defining a method named '$_setField'.
      $_setField(3026, value);
      ^^^^^^^^^^
lib/generated/spacex_api/device/device.pb.dart:2173:41: Error: The method '$_clearField' isn't defined for the type 'Request'.
 - 'Request' is from 'package:starlink_isp_app/generated/spacex_api/device/device.pb.dart' ('lib/generated/spacex_api/device/device.pb.dart').
Try correcting the name to the name of an existing method, or defining a method named '$_clearField'.
  void clearWifiFactoryTestCommand() => $_clearField(3026);
                                        ^^^^^^^^^^^^
lib/generated/spacex_api/device/device.pb.dart:2182:7: Error: The method '$_setField' isn't defined for the type 'Request'.
 - 'Request' is from 'package:starlink_isp_app/generated/spacex_api/device/device.pb.dart' ('lib/generated/spacex_api/device/device.pb.dart').
Try correcting the name to the name of an existing method, or defining a method named '$_setField'.
      $_setField(3027, value);
      ^^^^^^^^^^
lib/generated/spacex_api/device/device.pb.dart:2186:43: Error: The method '$_clearField' isn't defined for the type 'Request'.
 - 'Request' is from 'package:starlink_isp_app/generated/spacex_api/device/device.pb.dart' ('lib/generated/spacex_api/device/device.pb.dart').
Try correcting the name to the name of an existing method, or defining a method named '$_clearField'.
  void clearWifiStartLocalTelemProxy() => $_clearField(3027);
                                          ^^^^^^^^^^^^
lib/generated/spacex_api/device/device.pb.dart:2195:7: Error: The method '$_setField' isn't defined for the type 'Request'.
 - 'Request' is from 'package:starlink_isp_app/generated/spacex_api/device/device.pb.dart' ('lib/generated/spacex_api/device/device.pb.dart').
Try correcting the name to the name of an existing method, or defining a method named '$_setField'.
      $_setField(3028, value);
      ^^^^^^^^^^
lib/generated/spacex_api/device/device.pb.dart:2199:34: Error: The method '$_clearField' isn't defined for the type 'Request'.
 - 'Request' is from 'package:starlink_isp_app/generated/spacex_api/device/device.pb.dart' ('lib/generated/spacex_api/device/device.pb.dart').
Try correcting the name to the name of an existing method, or defining a method named '$_clearField'.
  void clearWifiRunSelfTest() => $_clearField(3028);
                                 ^^^^^^^^^^^^
lib/generated/spacex_api/device/device.pb.dart:2207:7: Error: The method '$_setField' isn't defined for the type 'Request'.
 - 'Request' is from 'package:starlink_isp_app/generated/spacex_api/device/device.pb.dart' ('lib/generated/spacex_api/device/device.pb.dart').
Try correcting the name to the name of an existing method, or defining a method named '$_setField'.
      $_setField(3029, value);
      ^^^^^^^^^^
lib/generated/spacex_api/device/device.pb.dart:2211:36: Error: The method '$_clearField' isn't defined for the type 'Request'.
 - 'Request' is from 'package:starlink_isp_app/generated/spacex_api/device/device.pb.dart' ('lib/generated/spacex_api/device/device.pb.dart').
Try correcting the name to the name of an existing method, or defining a method named '$_clearField'.
  void clearWifiBackhaulStats() => $_clearField(3029);
                                   ^^^^^^^^^^^^
lib/generated/spacex_api/device/device.pb.dart:2219:7: Error: The method '$_setField' isn't defined for the type 'Request'.
 - 'Request' is from 'package:starlink_isp_app/generated/spacex_api/device/device.pb.dart' ('lib/generated/spacex_api/device/device.pb.dart').
Try correcting the name to the name of an existing method, or defining a method named '$_setField'.
      $_setField(3030, value);
      ^^^^^^^^^^
lib/generated/spacex_api/device/device.pb.dart:2223:42: Error: The method '$_clearField' isn't defined for the type 'Request'.
 - 'Request' is from 'package:starlink_isp_app/generated/spacex_api/device/device.pb.dart' ('lib/generated/spacex_api/device/device.pb.dart').
Try correcting the name to the name of an existing method, or defining a method named '$_clearField'.
  void clearWifiToggleUmbilicalMode() => $_clearField(3030);
                                         ^^^^^^^^^^^^
lib/generated/spacex_api/device/device.pb.dart:2232:7: Error: The method '$_setField' isn't defined for the type 'Request'.
 - 'Request' is from 'package:starlink_isp_app/generated/spacex_api/device/device.pb.dart' ('lib/generated/spacex_api/device/device.pb.dart').
Try correcting the name to the name of an existing method, or defining a method named '$_setField'.
      $_setField(3031, value);
      ^^^^^^^^^^
lib/generated/spacex_api/device/device.pb.dart:2236:36: Error: The method '$_clearField' isn't defined for the type 'Request'.
 - 'Request' is from 'package:starlink_isp_app/generated/spacex_api/device/device.pb.dart' ('lib/generated/spacex_api/device/device.pb.dart').
Try correcting the name to the name of an existing method, or defining a method named '$_clearField'.
  void clearWifiClientSandbox() => $_clearField(3031);
                                   ^^^^^^^^^^^^
lib/generated/spacex_api/device/device.pb.dart:2244:7: Error: The method '$_setField' isn't defined for the type 'Request'.
 - 'Request' is from 'package:starlink_isp_app/generated/spacex_api/device/device.pb.dart' ('lib/generated/spacex_api/device/device.pb.dart').
Try correcting the name to the name of an existing method, or defining a method named '$_setField'.
      $_setField(3032, value);
      ^^^^^^^^^^
lib/generated/spacex_api/device/device.pb.dart:2248:37: Error: The method '$_clearField' isn't defined for the type 'Request'.
 - 'Request' is from 'package:starlink_isp_app/generated/spacex_api/device/device.pb.dart' ('lib/generated/spacex_api/device/device.pb.dart').
Try correcting the name to the name of an existing method, or defining a method named '$_clearField'.
  void clearWifiRunDebugNetsys() => $_clearField(3032);
                                    ^^^^^^^^^^^^
lib/generated/spacex_api/device/device.pb.dart:2256:7: Error: The method '$_setField' isn't defined for the type 'Request'.
 - 'Request' is from 'package:starlink_isp_app/generated/spacex_api/device/device.pb.dart' ('lib/generated/spacex_api/device/device.pb.dart').
Try correcting the name to the name of an existing method, or defining a method named '$_setField'.
      $_setField(3033, value);
      ^^^^^^^^^^
lib/generated/spacex_api/device/device.pb.dart:2260:34: Error: The method '$_clearField' isn't defined for the type 'Request'.
 - 'Request' is from 'package:starlink_isp_app/generated/spacex_api/device/device.pb.dart' ('lib/generated/spacex_api/device/device.pb.dart').
Try correcting the name to the name of an existing method, or defining a method named '$_clearField'.
  void clearWifiResetEthPhy() => $_clearField(3033);
                                 ^^^^^^^^^^^^
lib/generated/spacex_api/device/device.pb.dart:2268:7: Error: The method '$_setField' isn't defined for the type 'Request'.
 - 'Request' is from 'package:starlink_isp_app/generated/spacex_api/device/device.pb.dart' ('lib/generated/spacex_api/device/device.pb.dart').
Try correcting the name to the name of an existing method, or defining a method named '$_setField'.
      $_setField(3034, value);
      ^^^^^^^^^^
lib/generated/spacex_api/device/device.pb.dart:2272:39: Error: The method '$_clearField' isn't defined for the type 'Request'.
 - 'Request' is from 'package:starlink_isp_app/generated/spacex_api/device/device.pb.dart' ('lib/generated/spacex_api/device/device.pb.dart').
Try correcting the name to the name of an existing method, or defining a method named '$_clearField'.
  void clearWifiFlushHardwareNat() => $_clearField(3034);
                                      ^^^^^^^^^^^^
lib/generated/spacex_api/device/device.pb.dart:2280:7: Error: The method '$_setField' isn't defined for the type 'Request'.
 - 'Request' is from 'package:starlink_isp_app/generated/spacex_api/device/device.pb.dart' ('lib/generated/spacex_api/device/device.pb.dart').
Try correcting the name to the name of an existing method, or defining a method named '$_setField'.
      $_setField(3035, value);
      ^^^^^^^^^^
lib/generated/spacex_api/device/device.pb.dart:2284:39: Error: The method '$_clearField' isn't defined for the type 'Request'.
 - 'Request' is from 'package:starlink_isp_app/generated/spacex_api/device/device.pb.dart' ('lib/generated/spacex_api/device/device.pb.dart').
Try correcting the name to the name of an existing method, or defining a method named '$_clearField'.
  void clearWifiWriteCalibration() => $_clearField(3035);
                                      ^^^^^^^^^^^^
lib/generated/spacex_api/device/device.pb.dart:2293:7: Error: The method '$_setField' isn't defined for the type 'Request'.
 - 'Request' is from 'package:starlink_isp_app/generated/spacex_api/device/device.pb.dart' ('lib/generated/spacex_api/device/device.pb.dart').
Try correcting the name to the name of an existing method, or defining a method named '$_setField'.
      $_setField(4001, value);
      ^^^^^^^^^^
lib/generated/spacex_api/device/device.pb.dart:2297:44: Error: The method '$_clearField' isn't defined for the type 'Request'.
 - 'Request' is from 'package:starlink_isp_app/generated/spacex_api/device/device.pb.dart' ('lib/generated/spacex_api/device/device.pb.dart').
Try correcting the name to the name of an existing method, or defining a method named '$_clearField'.
  void clearTransceiverIfLoopbackTest() => $_clearField(4001);
                                           ^^^^^^^^^^^^
lib/generated/spacex_api/device/device.pb.dart:2306:7: Error: The method '$_setField' isn't defined for the type 'Request'.
 - 'Request' is from 'package:starlink_isp_app/generated/spacex_api/device/device.pb.dart' ('lib/generated/spacex_api/device/device.pb.dart').
Try correcting the name to the name of an existing method, or defining a method named '$_setField'.
      $_setField(4003, value);
      ^^^^^^^^^^
lib/generated/spacex_api/device/device.pb.dart:2310:39: Error: The method '$_clearField' isn't defined for the type 'Request'.
 - 'Request' is from 'package:starlink_isp_app/generated/spacex_api/device/device.pb.dart' ('lib/generated/spacex_api/device/device.pb.dart').
Try correcting the name to the name of an existing method, or defining a method named '$_clearField'.
  void clearTransceiverGetStatus() => $_clearField(4003);
                                      ^^^^^^^^^^^^
lib/generated/spacex_api/device/device.pb.dart:2318:7: Error: The method '$_setField' isn't defined for the type 'Request'.
 - 'Request' is from 'package:starlink_isp_app/generated/spacex_api/device/device.pb.dart' ('lib/generated/spacex_api/device/device.pb.dart').
Try correcting the name to the name of an existing method, or defining a method named '$_setField'.
      $_setField(4004, value);
      ^^^^^^^^^^
lib/generated/spacex_api/device/device.pb.dart:2322:42: Error: The method '$_clearField' isn't defined for the type 'Request'.
 - 'Request' is from 'package:starlink_isp_app/generated/spacex_api/device/device.pb.dart' ('lib/generated/spacex_api/device/device.pb.dart').
Try correcting the name to the name of an existing method, or defining a method named '$_clearField'.
  void clearTransceiverGetTelemetry() => $_clearField(4004);
                                         ^^^^^^^^^^^^
lib/generated/spacex_api/device/device.pb.dart:2330:51: Error: The method '$_setField' isn't defined for the type 'Request'.
 - 'Request' is from 'package:starlink_isp_app/generated/spacex_api/device/device.pb.dart' ('lib/generated/spacex_api/device/device.pb.dart').
Try correcting the name to the name of an existing method, or defining a method named '$_setField'.
  set startUnlock($6.StartUnlockRequest value) => $_setField(5000, value);
                                                  ^^^^^^^^^^
lib/generated/spacex_api/device/device.pb.dart:2334:30: Error: The method '$_clearField' isn't defined for the type 'Request'.
 - 'Request' is from 'package:starlink_isp_app/generated/spacex_api/device/device.pb.dart' ('lib/generated/spacex_api/device/device.pb.dart').
Try correcting the name to the name of an existing method, or defining a method named '$_clearField'.
  void clearStartUnlock() => $_clearField(5000);
                             ^^^^^^^^^^^^
lib/generated/spacex_api/device/device.pb.dart:2341:53: Error: The method '$_setField' isn't defined for the type 'Request'.
 - 'Request' is from 'package:starlink_isp_app/generated/spacex_api/device/device.pb.dart' ('lib/generated/spacex_api/device/device.pb.dart').
Try correcting the name to the name of an existing method, or defining a method named '$_setField'.
  set finishUnlock($6.FinishUnlockRequest value) => $_setField(5001, value);
                                                    ^^^^^^^^^^
lib/generated/spacex_api/device/device.pb.dart:2345:31: Error: The method '$_clearField' isn't defined for the type 'Request'.
 - 'Request' is from 'package:starlink_isp_app/generated/spacex_api/device/device.pb.dart' ('lib/generated/spacex_api/device/device.pb.dart').
Try correcting the name to the name of an existing method, or defining a method named '$_clearField'.
  void clearFinishUnlock() => $_clearField(5001);
                              ^^^^^^^^^^^^
lib/generated/spacex_api/device/device.pb.dart:2352:54: Error: The method '$_setField' isn't defined for the type 'Request'.
 - 'Request' is from 'package:starlink_isp_app/generated/spacex_api/device/device.pb.dart' ('lib/generated/spacex_api/device/device.pb.dart').
Try correcting the name to the name of an existing method, or defining a method named '$_setField'.
  set getDiagnostics(GetDiagnosticsRequest value) => $_setField(6000, value);
                                                     ^^^^^^^^^^
lib/generated/spacex_api/device/device.pb.dart:2356:33: Error: The method '$_clearField' isn't defined for the type 'Request'.
 - 'Request' is from 'package:starlink_isp_app/generated/spacex_api/device/device.pb.dart' ('lib/generated/spacex_api/device/device.pb.dart').
Try correcting the name to the name of an existing method, or defining a method named '$_clearField'.
  void clearGetDiagnostics() => $_clearField(6000);
                                ^^^^^^^^^^^^
lib/generated/spacex_api/device/device.pb.dart:3207:27: Error: The method '$_clearField' isn't defined for the type 'Response'.
 - 'Response' is from 'package:starlink_isp_app/generated/spacex_api/device/device.pb.dart' ('lib/generated/spacex_api/device/device.pb.dart').
Try correcting the name to the name of an existing method, or defining a method named '$_clearField'.
  void clearResponse() => $_clearField($_whichOneof(0));
                          ^^^^^^^^^^^^
lib/generated/spacex_api/device/device.pb.dart:3216:21: Error: The method '$_clearField' isn't defined for the type 'Response'.
 - 'Response' is from 'package:starlink_isp_app/generated/spacex_api/device/device.pb.dart' ('lib/generated/spacex_api/device/device.pb.dart').
Try correcting the name to the name of an existing method, or defining a method named '$_clearField'.
  void clearId() => $_clearField(1);
                    ^^^^^^^^^^^^
lib/generated/spacex_api/device/device.pb.dart:3221:34: Error: The method '$_setField' isn't defined for the type 'Response'.
 - 'Response' is from 'package:starlink_isp_app/generated/spacex_api/device/device.pb.dart' ('lib/generated/spacex_api/device/device.pb.dart').
Try correcting the name to the name of an existing method, or defining a method named '$_setField'.
  set status($7.Status value) => $_setField(2, value);
                                 ^^^^^^^^^^
lib/generated/spacex_api/device/device.pb.dart:3225:25: Error: The method '$_clearField' isn't defined for the type 'Response'.
 - 'Response' is from 'package:starlink_isp_app/generated/spacex_api/device/device.pb.dart' ('lib/generated/spacex_api/device/device.pb.dart').
Try correcting the name to the name of an existing method, or defining a method named '$_clearField'.
  void clearStatus() => $_clearField(2);
                        ^^^^^^^^^^^^
lib/generated/spacex_api/device/device.pb.dart:3236:29: Error: The method '$_clearField' isn't defined for the type 'Response'.
 - 'Response' is from 'package:starlink_isp_app/generated/spacex_api/device/device.pb.dart' ('lib/generated/spacex_api/device/device.pb.dart').
Try correcting the name to the name of an existing method, or defining a method named '$_clearField'.
  void clearApiVersion() => $_clearField(3);
                            ^^^^^^^^^^^^
lib/generated/spacex_api/device/device.pb.dart:3241:39: Error: The method '$_setField' isn't defined for the type 'Response'.
 - 'Response' is from 'package:starlink_isp_app/generated/spacex_api/device/device.pb.dart' ('lib/generated/spacex_api/device/device.pb.dart').
Try correcting the name to the name of an existing method, or defining a method named '$_setField'.
  set reboot(RebootResponse value) => $_setField(1001, value);
                                      ^^^^^^^^^^
lib/generated/spacex_api/device/device.pb.dart:3245:25: Error: The method '$_clearField' isn't defined for the type 'Response'.
 - 'Response' is from 'package:starlink_isp_app/generated/spacex_api/device/device.pb.dart' ('lib/generated/spacex_api/device/device.pb.dart').
Try correcting the name to the name of an existing method, or defining a method named '$_clearField'.
  void clearReboot() => $_clearField(1001);
                        ^^^^^^^^^^^^
lib/generated/spacex_api/device/device.pb.dart:3252:45: Error: The method '$_setField' isn't defined for the type 'Response'.
 - 'Response' is from 'package:starlink_isp_app/generated/spacex_api/device/device.pb.dart' ('lib/generated/spacex_api/device/device.pb.dart').
Try correcting the name to the name of an existing method, or defining a method named '$_setField'.
  set speedTest(SpeedTestResponse value) => $_setField(1003, value);
                                            ^^^^^^^^^^
lib/generated/spacex_api/device/device.pb.dart:3256:28: Error: The method '$_clearField' isn't defined for the type 'Response'.
 - 'Response' is from 'package:starlink_isp_app/generated/spacex_api/device/device.pb.dart' ('lib/generated/spacex_api/device/device.pb.dart').
Try correcting the name to the name of an existing method, or defining a method named '$_clearField'.
  void clearSpeedTest() => $_clearField(1003);
                           ^^^^^^^^^^^^
lib/generated/spacex_api/device/device.pb.dart:3263:53: Error: The method '$_setField' isn't defined for the type 'Response'.
 - 'Response' is from 'package:starlink_isp_app/generated/spacex_api/device/device.pb.dart' ('lib/generated/spacex_api/device/device.pb.dart').
Try correcting the name to the name of an existing method, or defining a method named '$_setField'.
  set getDeviceInfo(GetDeviceInfoResponse value) => $_setField(1004, value);
                                                    ^^^^^^^^^^
lib/generated/spacex_api/device/device.pb.dart:3267:32: Error: The method '$_clearField' isn't defined for the type 'Response'.
 - 'Response' is from 'package:starlink_isp_app/generated/spacex_api/device/device.pb.dart' ('lib/generated/spacex_api/device/device.pb.dart').
Try correcting the name to the name of an existing method, or defining a method named '$_clearField'.
  void clearGetDeviceInfo() => $_clearField(1004);
                               ^^^^^^^^^^^^
lib/generated/spacex_api/device/device.pb.dart:3274:48: Error: The method '$_setField' isn't defined for the type 'Response'.
 - 'Response' is from 'package:starlink_isp_app/generated/spacex_api/device/device.pb.dart' ('lib/generated/spacex_api/device/device.pb.dart').
Try correcting the name to the name of an existing method, or defining a method named '$_setField'.
  set getNextId($2.GetNextIdResponse value) => $_setField(1006, value);
                                               ^^^^^^^^^^
lib/generated/spacex_api/device/device.pb.dart:3278:28: Error: The method '$_clearField' isn't defined for the type 'Response'.
 - 'Response' is from 'package:starlink_isp_app/generated/spacex_api/device/device.pb.dart' ('lib/generated/spacex_api/device/device.pb.dart').
Try correcting the name to the name of an existing method, or defining a method named '$_clearField'.
  void clearGetNextId() => $_clearField(1006);
                           ^^^^^^^^^^^^
lib/generated/spacex_api/device/device.pb.dart:3285:41: Error: The method '$_setField' isn't defined for the type 'Response'.
 - 'Response' is from 'package:starlink_isp_app/generated/spacex_api/device/device.pb.dart' ('lib/generated/spacex_api/device/device.pb.dart').
Try correcting the name to the name of an existing method, or defining a method named '$_setField'.
  set getPing(GetPingResponse value) => $_setField(1009, value);
                                        ^^^^^^^^^^
lib/generated/spacex_api/device/device.pb.dart:3289:26: Error: The method '$_clearField' isn't defined for the type 'Response'.
 - 'Response' is from 'package:starlink_isp_app/generated/spacex_api/device/device.pb.dart' ('lib/generated/spacex_api/device/device.pb.dart').
Try correcting the name to the name of an existing method, or defining a method named '$_clearField'.
  void clearGetPing() => $_clearField(1009);
                         ^^^^^^^^^^^^
lib/generated/spacex_api/device/device.pb.dart:3296:55: Error: The method '$_setField' isn't defined for the type 'Response'.
 - 'Response' is from 'package:starlink_isp_app/generated/spacex_api/device/device.pb.dart' ('lib/generated/spacex_api/device/device.pb.dart').
Try correcting the name to the name of an existing method, or defining a method named '$_setField'.
  set setTrustedKeys(SetTrustedKeysResponse value) => $_setField(1010, value);
                                                      ^^^^^^^^^^
lib/generated/spacex_api/device/device.pb.dart:3300:33: Error: The method '$_clearField' isn't defined for the type 'Response'.
 - 'Response' is from 'package:starlink_isp_app/generated/spacex_api/device/device.pb.dart' ('lib/generated/spacex_api/device/device.pb.dart').
Try correcting the name to the name of an existing method, or defining a method named '$_clearField'.
  void clearSetTrustedKeys() => $_clearField(1010);
                                ^^^^^^^^^^^^
lib/generated/spacex_api/device/device.pb.dart:3307:51: Error: The method '$_setField' isn't defined for the type 'Response'.
 - 'Response' is from 'package:starlink_isp_app/generated/spacex_api/device/device.pb.dart' ('lib/generated/spacex_api/device/device.pb.dart').
Try correcting the name to the name of an existing method, or defining a method named '$_setField'.
  set factoryReset(FactoryResetResponse value) => $_setField(1011, value);
                                                  ^^^^^^^^^^
lib/generated/spacex_api/device/device.pb.dart:3311:31: Error: The method '$_clearField' isn't defined for the type 'Response'.
 - 'Response' is from 'package:starlink_isp_app/generated/spacex_api/device/device.pb.dart' ('lib/generated/spacex_api/device/device.pb.dart').
Try correcting the name to the name of an existing method, or defining a method named '$_clearField'.
  void clearFactoryReset() => $_clearField(1011);
                              ^^^^^^^^^^^^
lib/generated/spacex_api/device/device.pb.dart:3318:39: Error: The method '$_setField' isn't defined for the type 'Response'.
 - 'Response' is from 'package:starlink_isp_app/generated/spacex_api/device/device.pb.dart' ('lib/generated/spacex_api/device/device.pb.dart').
Try correcting the name to the name of an existing method, or defining a method named '$_setField'.
  set getLog(GetLogResponse value) => $_setField(1012, value);
                                      ^^^^^^^^^^
lib/generated/spacex_api/device/device.pb.dart:3322:25: Error: The method '$_clearField' isn't defined for the type 'Response'.
 - 'Response' is from 'package:starlink_isp_app/generated/spacex_api/device/device.pb.dart' ('lib/generated/spacex_api/device/device.pb.dart').
Try correcting the name to the name of an existing method, or defining a method named '$_clearField'.
  void clearGetLog() => $_clearField(1012);
                        ^^^^^^^^^^^^
lib/generated/spacex_api/device/device.pb.dart:3329:39: Error: The method '$_setField' isn't defined for the type 'Response'.
 - 'Response' is from 'package:starlink_isp_app/generated/spacex_api/device/device.pb.dart' ('lib/generated/spacex_api/device/device.pb.dart').
Try correcting the name to the name of an existing method, or defining a method named '$_setField'.
  set setSku(SetSkuResponse value) => $_setField(1013, value);
                                      ^^^^^^^^^^
lib/generated/spacex_api/device/device.pb.dart:3333:25: Error: The method '$_clearField' isn't defined for the type 'Response'.
 - 'Response' is from 'package:starlink_isp_app/generated/spacex_api/device/device.pb.dart' ('lib/generated/spacex_api/device/device.pb.dart').
Try correcting the name to the name of an existing method, or defining a method named '$_clearField'.
  void clearSetSku() => $_clearField(1013);
                        ^^^^^^^^^^^^
lib/generated/spacex_api/device/device.pb.dart:3340:39: Error: The method '$_setField' isn't defined for the type 'Response'.
 - 'Response' is from 'package:starlink_isp_app/generated/spacex_api/device/device.pb.dart' ('lib/generated/spacex_api/device/device.pb.dart').
Try correcting the name to the name of an existing method, or defining a method named '$_setField'.
  set update(UpdateResponse value) => $_setField(1014, value);
                                      ^^^^^^^^^^
lib/generated/spacex_api/device/device.pb.dart:3344:25: Error: The method '$_clearField' isn't defined for the type 'Response'.
 - 'Response' is from 'package:starlink_isp_app/generated/spacex_api/device/device.pb.dart' ('lib/generated/spacex_api/device/device.pb.dart').
Try correcting the name to the name of an existing method, or defining a method named '$_clearField'.
  void clearUpdate() => $_clearField(1014);
                        ^^^^^^^^^^^^
lib/generated/spacex_api/device/device.pb.dart:3352:7: Error: The method '$_setField' isn't defined for the type 'Response'.
 - 'Response' is from 'package:starlink_isp_app/generated/spacex_api/device/device.pb.dart' ('lib/generated/spacex_api/device/device.pb.dart').
Try correcting the name to the name of an existing method, or defining a method named '$_setField'.
      $_setField(1015, value);
      ^^^^^^^^^^
lib/generated/spacex_api/device/device.pb.dart:3356:39: Error: The method '$_clearField' isn't defined for the type 'Response'.
 - 'Response' is from 'package:starlink_isp_app/generated/spacex_api/device/device.pb.dart' ('lib/generated/spacex_api/device/device.pb.dart').
Try correcting the name to the name of an existing method, or defining a method named '$_clearField'.
  void clearGetNetworkInterfaces() => $_clearField(1015);
                                      ^^^^^^^^^^^^
lib/generated/spacex_api/device/device.pb.dart:3363:43: Error: The method '$_setField' isn't defined for the type 'Response'.
 - 'Response' is from 'package:starlink_isp_app/generated/spacex_api/device/device.pb.dart' ('lib/generated/spacex_api/device/device.pb.dart').
Try correcting the name to the name of an existing method, or defining a method named '$_setField'.
  set pingHost(PingHostResponse value) => $_setField(1016, value);
                                          ^^^^^^^^^^
lib/generated/spacex_api/device/device.pb.dart:3367:27: Error: The method '$_clearField' isn't defined for the type 'Response'.
 - 'Response' is from 'package:starlink_isp_app/generated/spacex_api/device/device.pb.dart' ('lib/generated/spacex_api/device/device.pb.dart').
Try correcting the name to the name of an existing method, or defining a method named '$_clearField'.
  void clearPingHost() => $_clearField(1016);
                          ^^^^^^^^^^^^
lib/generated/spacex_api/device/device.pb.dart:3374:49: Error: The method '$_setField' isn't defined for the type 'Response'.
 - 'Response' is from 'package:starlink_isp_app/generated/spacex_api/device/device.pb.dart' ('lib/generated/spacex_api/device/device.pb.dart').
Try correcting the name to the name of an existing method, or defining a method named '$_setField'.
  set getLocation(GetLocationResponse value) => $_setField(1017, value);
                                                ^^^^^^^^^^
lib/generated/spacex_api/device/device.pb.dart:3378:30: Error: The method '$_clearField' isn't defined for the type 'Response'.
 - 'Response' is from 'package:starlink_isp_app/generated/spacex_api/device/device.pb.dart' ('lib/generated/spacex_api/device/device.pb.dart').
Try correcting the name to the name of an existing method, or defining a method named '$_clearField'.
  void clearGetLocation() => $_clearField(1017);
                             ^^^^^^^^^^^^
lib/generated/spacex_api/device/device.pb.dart:3385:49: Error: The method '$_setField' isn't defined for the type 'Response'.
 - 'Response' is from 'package:starlink_isp_app/generated/spacex_api/device/device.pb.dart' ('lib/generated/spacex_api/device/device.pb.dart').
Try correcting the name to the name of an existing method, or defining a method named '$_setField'.
  set getHeapDump(GetHeapDumpResponse value) => $_setField(1019, value);
                                                ^^^^^^^^^^
lib/generated/spacex_api/device/device.pb.dart:3389:30: Error: The method '$_clearField' isn't defined for the type 'Response'.
 - 'Response' is from 'package:starlink_isp_app/generated/spacex_api/device/device.pb.dart' ('lib/generated/spacex_api/device/device.pb.dart').
Try correcting the name to the name of an existing method, or defining a method named '$_clearField'.
  void clearGetHeapDump() => $_clearField(1019);
                             ^^^^^^^^^^^^
lib/generated/spacex_api/device/device.pb.dart:3396:55: Error: The method '$_setField' isn't defined for the type 'Response'.
 - 'Response' is from 'package:starlink_isp_app/generated/spacex_api/device/device.pb.dart' ('lib/generated/spacex_api/device/device.pb.dart').
Try correcting the name to the name of an existing method, or defining a method named '$_setField'.
  set restartControl(RestartControlResponse value) => $_setField(1020, value);
                                                      ^^^^^^^^^^
lib/generated/spacex_api/device/device.pb.dart:3400:33: Error: The method '$_clearField' isn't defined for the type 'Response'.
 - 'Response' is from 'package:starlink_isp_app/generated/spacex_api/device/device.pb.dart' ('lib/generated/spacex_api/device/device.pb.dart').
Try correcting the name to the name of an existing method, or defining a method named '$_clearField'.
  void clearRestartControl() => $_clearField(1020);
                                ^^^^^^^^^^^^
lib/generated/spacex_api/device/device.pb.dart:3407:35: Error: The method '$_setField' isn't defined for the type 'Response'.
 - 'Response' is from 'package:starlink_isp_app/generated/spacex_api/device/device.pb.dart' ('lib/generated/spacex_api/device/device.pb.dart').
Try correcting the name to the name of an existing method, or defining a method named '$_setField'.
  set fuse(FuseResponse value) => $_setField(1021, value);
                                  ^^^^^^^^^^
lib/generated/spacex_api/device/device.pb.dart:3411:23: Error: The method '$_clearField' isn't defined for the type 'Response'.
 - 'Response' is from 'package:starlink_isp_app/generated/spacex_api/device/device.pb.dart' ('lib/generated/spacex_api/device/device.pb.dart').
Try correcting the name to the name of an existing method, or defining a method named '$_clearField'.
  void clearFuse() => $_clearField(1021);
                      ^^^^^^^^^^^^
lib/generated/spacex_api/device/device.pb.dart:3418:55: Error: The method '$_setField' isn't defined for the type 'Response'.
 - 'Response' is from 'package:starlink_isp_app/generated/spacex_api/device/device.pb.dart' ('lib/generated/spacex_api/device/device.pb.dart').
Try correcting the name to the name of an existing method, or defining a method named '$_setField'.
  set getConnections(GetConnectionsResponse value) => $_setField(1023, value);
                                                      ^^^^^^^^^^
lib/generated/spacex_api/device/device.pb.dart:3422:33: Error: The method '$_clearField' isn't defined for the type 'Response'.
 - 'Response' is from 'package:starlink_isp_app/generated/spacex_api/device/device.pb.dart' ('lib/generated/spacex_api/device/device.pb.dart').
Try correcting the name to the name of an existing method, or defining a method named '$_clearField'.
  void clearGetConnections() => $_clearField(1023);
                                ^^^^^^^^^^^^
lib/generated/spacex_api/device/device.pb.dart:3429:55: Error: The method '$_setField' isn't defined for the type 'Response'.
 - 'Response' is from 'package:starlink_isp_app/generated/spacex_api/device/device.pb.dart' ('lib/generated/spacex_api/device/device.pb.dart').
Try correcting the name to the name of an existing method, or defining a method named '$_setField'.
  set startSpeedtest(StartSpeedtestResponse value) => $_setField(1027, value);
                                                      ^^^^^^^^^^
lib/generated/spacex_api/device/device.pb.dart:3433:33: Error: The method '$_clearField' isn't defined for the type 'Response'.
 - 'Response' is from 'package:starlink_isp_app/generated/spacex_api/device/device.pb.dart' ('lib/generated/spacex_api/device/device.pb.dart').
Try correcting the name to the name of an existing method, or defining a method named '$_clearField'.
  void clearStartSpeedtest() => $_clearField(1027);
                                ^^^^^^^^^^^^
lib/generated/spacex_api/device/device.pb.dart:3441:7: Error: The method '$_setField' isn't defined for the type 'Response'.
 - 'Response' is from 'package:starlink_isp_app/generated/spacex_api/device/device.pb.dart' ('lib/generated/spacex_api/device/device.pb.dart').
Try correcting the name to the name of an existing method, or defining a method named '$_setField'.
      $_setField(1028, value);
      ^^^^^^^^^^
lib/generated/spacex_api/device/device.pb.dart:3445:37: Error: The method '$_clearField' isn't defined for the type 'Response'.
 - 'Response' is from 'package:starlink_isp_app/generated/spacex_api/device/device.pb.dart' ('lib/generated/spacex_api/device/device.pb.dart').
Try correcting the name to the name of an existing method, or defining a method named '$_clearField'.
  void clearGetSpeedtestStatus() => $_clearField(1028);
                                    ^^^^^^^^^^^^
lib/generated/spacex_api/device/device.pb.dart:3453:7: Error: The method '$_setField' isn't defined for the type 'Response'.
 - 'Response' is from 'package:starlink_isp_app/generated/spacex_api/device/device.pb.dart' ('lib/generated/spacex_api/device/device.pb.dart').
Try correcting the name to the name of an existing method, or defining a method named '$_setField'.
      $_setField(1029, value);
      ^^^^^^^^^^
lib/generated/spacex_api/device/device.pb.dart:3457:40: Error: The method '$_clearField' isn't defined for the type 'Response'.
 - 'Response' is from 'package:starlink_isp_app/generated/spacex_api/device/device.pb.dart' ('lib/generated/spacex_api/device/device.pb.dart').
Try correcting the name to the name of an existing method, or defining a method named '$_clearField'.
  void clearReportClientSpeedtest() => $_clearField(1029);
                                       ^^^^^^^^^^^^
lib/generated/spacex_api/device/device.pb.dart:3465:7: Error: The method '$_setField' isn't defined for the type 'Response'.
 - 'Response' is from 'package:starlink_isp_app/generated/spacex_api/device/device.pb.dart' ('lib/generated/spacex_api/device/device.pb.dart').
Try correcting the name to the name of an existing method, or defining a method named '$_setField'.
      $_setField(1030, value);
      ^^^^^^^^^^
lib/generated/spacex_api/device/device.pb.dart:3469:36: Error: The method '$_clearField' isn't defined for the type 'Response'.
 - 'Response' is from 'package:starlink_isp_app/generated/spacex_api/device/device.pb.dart' ('lib/generated/spacex_api/device/device.pb.dart').
Try correcting the name to the name of an existing method, or defining a method named '$_clearField'.
  void clearInitiateRemoteSsh() => $_clearField(1030);
                                   ^^^^^^^^^^^^
lib/generated/spacex_api/device/device.pb.dart:3476:46: Error: The method '$_setField' isn't defined for the type 'Response'.
 - 'Response' is from 'package:starlink_isp_app/generated/spacex_api/device/device.pb.dart' ('lib/generated/spacex_api/device/device.pb.dart').
Try correcting the name to the name of an existing method, or defining a method named '$_setField'.
  set selfTest($3.SelfTestResponse value) => $_setField(1031, value);
                                             ^^^^^^^^^^
lib/generated/spacex_api/device/device.pb.dart:3480:27: Error: The method '$_clearField' isn't defined for the type 'Response'.
 - 'Response' is from 'package:starlink_isp_app/generated/spacex_api/device/device.pb.dart' ('lib/generated/spacex_api/device/device.pb.dart').
Try correcting the name to the name of an existing method, or defining a method named '$_clearField'.
  void clearSelfTest() => $_clearField(1031);
                          ^^^^^^^^^^^^
lib/generated/spacex_api/device/device.pb.dart:3487:52: Error: The method '$_setField' isn't defined for the type 'Response'.
 - 'Response' is from 'package:starlink_isp_app/generated/spacex_api/device/device.pb.dart' ('lib/generated/spacex_api/device/device.pb.dart').
Try correcting the name to the name of an existing method, or defining a method named '$_setField'.
  set setTestMode($3.SetTestModeResponse value) => $_setField(1032, value);
                                                   ^^^^^^^^^^
lib/generated/spacex_api/device/device.pb.dart:3491:30: Error: The method '$_clearField' isn't defined for the type 'Response'.
 - 'Response' is from 'package:starlink_isp_app/generated/spacex_api/device/device.pb.dart' ('lib/generated/spacex_api/device/device.pb.dart').
Try correcting the name to the name of an existing method, or defining a method named '$_clearField'.
  void clearSetTestMode() => $_clearField(1032);
                             ^^^^^^^^^^^^
lib/generated/spacex_api/device/device.pb.dart:3499:7: Error: The method '$_setField' isn't defined for the type 'Response'.
 - 'Response' is from 'package:starlink_isp_app/generated/spacex_api/device/device.pb.dart' ('lib/generated/spacex_api/device/device.pb.dart').
Try correcting the name to the name of an existing method, or defining a method named '$_setField'.
      $_setField(1033, value);
      ^^^^^^^^^^
lib/generated/spacex_api/device/device.pb.dart:3503:33: Error: The method '$_clearField' isn't defined for the type 'Response'.
 - 'Response' is from 'package:starlink_isp_app/generated/spacex_api/device/device.pb.dart' ('lib/generated/spacex_api/device/device.pb.dart').
Try correcting the name to the name of an existing method, or defining a method named '$_clearField'.
  void clearSoftwareUpdate() => $_clearField(1033);
                                ^^^^^^^^^^^^
lib/generated/spacex_api/device/device.pb.dart:3511:7: Error: The method '$_setField' isn't defined for the type 'Response'.
 - 'Response' is from 'package:starlink_isp_app/generated/spacex_api/device/device.pb.dart' ('lib/generated/spacex_api/device/device.pb.dart').
Try correcting the name to the name of an existing method, or defining a method named '$_setField'.
      $_setField(1034, value);
      ^^^^^^^^^^
lib/generated/spacex_api/device/device.pb.dart:3515:35: Error: The method '$_clearField' isn't defined for the type 'Response'.
 - 'Response' is from 'package:starlink_isp_app/generated/spacex_api/device/device.pb.dart' ('lib/generated/spacex_api/device/device.pb.dart').
Try correcting the name to the name of an existing method, or defining a method named '$_clearField'.
  void clearEnableDebugTelem() => $_clearField(1034);
                                  ^^^^^^^^^^^^
lib/generated/spacex_api/device/device.pb.dart:3522:53: Error: The method '$_setField' isn't defined for the type 'Response'.
 - 'Response' is from 'package:starlink_isp_app/generated/spacex_api/device/device.pb.dart' ('lib/generated/spacex_api/device/device.pb.dart').
Try correcting the name to the name of an existing method, or defining a method named '$_setField'.
  set getRadioStats(GetRadioStatsResponse value) => $_setField(1035, value);
                                                    ^^^^^^^^^^
lib/generated/spacex_api/device/device.pb.dart:3526:32: Error: The method '$_clearField' isn't defined for the type 'Response'.
 - 'Response' is from 'package:starlink_isp_app/generated/spacex_api/device/device.pb.dart' ('lib/generated/spacex_api/device/device.pb.dart').
Try correcting the name to the name of an existing method, or defining a method named '$_clearField'.
  void clearGetRadioStats() => $_clearField(1035);
                               ^^^^^^^^^^^^
lib/generated/spacex_api/device/device.pb.dart:3533:38: Error: The method '$_setField' isn't defined for the type 'Response'.
 - 'Response' is from 'package:starlink_isp_app/generated/spacex_api/device/device.pb.dart' ('lib/generated/spacex_api/device/device.pb.dart').
Try correcting the name to the name of an existing method, or defining a method named '$_setField'.
  set time(GetTimeResponse value) => $_setField(1037, value);
                                     ^^^^^^^^^^
lib/generated/spacex_api/device/device.pb.dart:3537:23: Error: The method '$_clearField' isn't defined for the type 'Response'.
 - 'Response' is from 'package:starlink_isp_app/generated/spacex_api/device/device.pb.dart' ('lib/generated/spacex_api/device/device.pb.dart').
Try correcting the name to the name of an existing method, or defining a method named '$_clearField'.
  void clearTime() => $_clearField(1037);
                      ^^^^^^^^^^^^
lib/generated/spacex_api/device/device.pb.dart:3544:55: Error: The method '$_setField' isn't defined for the type 'Response'.
 - 'Response' is from 'package:starlink_isp_app/generated/spacex_api/device/device.pb.dart' ('lib/generated/spacex_api/device/device.pb.dart').
Try correcting the name to the name of an existing method, or defining a method named '$_setField'.
  set runIperfServer(RunIperfServerResponse value) => $_setField(1038, value);
                                                      ^^^^^^^^^^
lib/generated/spacex_api/device/device.pb.dart:3548:33: Error: The method '$_clearField' isn't defined for the type 'Response'.
 - 'Response' is from 'package:starlink_isp_app/generated/spacex_api/device/device.pb.dart' ('lib/generated/spacex_api/device/device.pb.dart').
Try correcting the name to the name of an existing method, or defining a method named '$_clearField'.
  void clearRunIperfServer() => $_clearField(1038);
                                ^^^^^^^^^^^^
lib/generated/spacex_api/device/device.pb.dart:3556:7: Error: The method '$_setField' isn't defined for the type 'Response'.
 - 'Response' is from 'package:starlink_isp_app/generated/spacex_api/device/device.pb.dart' ('lib/generated/spacex_api/device/device.pb.dart').
Try correcting the name to the name of an existing method, or defining a method named '$_setField'.
      $_setField(1041, value);
      ^^^^^^^^^^
lib/generated/spacex_api/device/device.pb.dart:3560:42: Error: The method '$_clearField' isn't defined for the type 'Response'.
 - 'Response' is from 'package:starlink_isp_app/generated/spacex_api/device/device.pb.dart' ('lib/generated/spacex_api/device/device.pb.dart').
Try correcting the name to the name of an existing method, or defining a method named '$_clearField'.
  void clearGetGoroutineStackTraces() => $_clearField(1041);
                                         ^^^^^^^^^^^^
lib/generated/spacex_api/device/device.pb.dart:3568:46: Error: The method '$_setField' isn't defined for the type 'Response'.
 - 'Response' is from 'package:starlink_isp_app/generated/spacex_api/device/device.pb.dart' ('lib/generated/spacex_api/device/device.pb.dart').
Try correcting the name to the name of an existing method, or defining a method named '$_setField'.
  set dishStow($3.DishStowResponse value) => $_setField(2002, value);
                                             ^^^^^^^^^^
lib/generated/spacex_api/device/device.pb.dart:3572:27: Error: The method '$_clearField' isn't defined for the type 'Response'.
 - 'Response' is from 'package:starlink_isp_app/generated/spacex_api/device/device.pb.dart' ('lib/generated/spacex_api/device/device.pb.dart').
Try correcting the name to the name of an existing method, or defining a method named '$_clearField'.
  void clearDishStow() => $_clearField(2002);
                          ^^^^^^^^^^^^
lib/generated/spacex_api/device/device.pb.dart:3580:7: Error: The method '$_setField' isn't defined for the type 'Response'.
 - 'Response' is from 'package:starlink_isp_app/generated/spacex_api/device/device.pb.dart' ('lib/generated/spacex_api/device/device.pb.dart').
Try correcting the name to the name of an existing method, or defining a method named '$_setField'.
      $_setField(2003, value);
      ^^^^^^^^^^
lib/generated/spacex_api/device/device.pb.dart:3584:33: Error: The method '$_clearField' isn't defined for the type 'Response'.
 - 'Response' is from 'package:starlink_isp_app/generated/spacex_api/device/device.pb.dart' ('lib/generated/spacex_api/device/device.pb.dart').
Try correcting the name to the name of an existing method, or defining a method named '$_clearField'.
  void clearDishGetContext() => $_clearField(2003);
                                ^^^^^^^^^^^^
lib/generated/spacex_api/device/device.pb.dart:3591:56: Error: The method '$_setField' isn't defined for the type 'Response'.
 - 'Response' is from 'package:starlink_isp_app/generated/spacex_api/device/device.pb.dart' ('lib/generated/spacex_api/device/device.pb.dart').
Try correcting the name to the name of an existing method, or defining a method named '$_setField'.
  set dishGetStatus($3.DishGetStatusResponse value) => $_setField(2004, value);
                                                       ^^^^^^^^^^
lib/generated/spacex_api/device/device.pb.dart:3595:32: Error: The method '$_clearField' isn't defined for the type 'Response'.
 - 'Response' is from 'package:starlink_isp_app/generated/spacex_api/device/device.pb.dart' ('lib/generated/spacex_api/device/device.pb.dart').
Try correcting the name to the name of an existing method, or defining a method named '$_clearField'.
  void clearDishGetStatus() => $_clearField(2004);
                               ^^^^^^^^^^^^
lib/generated/spacex_api/device/device.pb.dart:3603:7: Error: The method '$_setField' isn't defined for the type 'Response'.
 - 'Response' is from 'package:starlink_isp_app/generated/spacex_api/device/device.pb.dart' ('lib/generated/spacex_api/device/device.pb.dart').
Try correcting the name to the name of an existing method, or defining a method named '$_setField'.
      $_setField(2005, value);
      ^^^^^^^^^^
lib/generated/spacex_api/device/device.pb.dart:3607:35: Error: The method '$_clearField' isn't defined for the type 'Response'.
 - 'Response' is from 'package:starlink_isp_app/generated/spacex_api/device/device.pb.dart' ('lib/generated/spacex_api/device/device.pb.dart').
Try correcting the name to the name of an existing method, or defining a method named '$_clearField'.
  void clearDishAuthenticate() => $_clearField(2005);
                                  ^^^^^^^^^^^^
lib/generated/spacex_api/device/device.pb.dart:3615:7: Error: The method '$_setField' isn't defined for the type 'Response'.
 - 'Response' is from 'package:starlink_isp_app/generated/spacex_api/device/device.pb.dart' ('lib/generated/spacex_api/device/device.pb.dart').
Try correcting the name to the name of an existing method, or defining a method named '$_setField'.
      $_setField(2006, value);
      ^^^^^^^^^^
lib/generated/spacex_api/device/device.pb.dart:3619:33: Error: The method '$_clearField' isn't defined for the type 'Response'.
 - 'Response' is from 'package:starlink_isp_app/generated/spacex_api/device/device.pb.dart' ('lib/generated/spacex_api/device/device.pb.dart').
Try correcting the name to the name of an existing method, or defining a method named '$_clearField'.
  void clearDishGetHistory() => $_clearField(2006);
                                ^^^^^^^^^^^^
lib/generated/spacex_api/device/device.pb.dart:3626:47: Error: The method '$_setField' isn't defined for the type 'Response'.
 - 'Response' is from 'package:starlink_isp_app/generated/spacex_api/device/device.pb.dart' ('lib/generated/spacex_api/device/device.pb.dart').
Try correcting the name to the name of an existing method, or defining a method named '$_setField'.
  set dishSetEmc(DishSetEmcResponse value) => $_setField(2007, value);
                                              ^^^^^^^^^^
lib/generated/spacex_api/device/device.pb.dart:3630:29: Error: The method '$_clearField' isn't defined for the type 'Response'.
 - 'Response' is from 'package:starlink_isp_app/generated/spacex_api/device/device.pb.dart' ('lib/generated/spacex_api/device/device.pb.dart').
Try correcting the name to the name of an existing method, or defining a method named '$_clearField'.
  void clearDishSetEmc() => $_clearField(2007);
                            ^^^^^^^^^^^^
lib/generated/spacex_api/device/device.pb.dart:3638:7: Error: The method '$_setField' isn't defined for the type 'Response'.
 - 'Response' is from 'package:starlink_isp_app/generated/spacex_api/device/device.pb.dart' ('lib/generated/spacex_api/device/device.pb.dart').
Try correcting the name to the name of an existing method, or defining a method named '$_setField'.
      $_setField(2008, value);
      ^^^^^^^^^^
lib/generated/spacex_api/device/device.pb.dart:3642:40: Error: The method '$_clearField' isn't defined for the type 'Response'.
 - 'Response' is from 'package:starlink_isp_app/generated/spacex_api/device/device.pb.dart' ('lib/generated/spacex_api/device/device.pb.dart').
Try correcting the name to the name of an existing method, or defining a method named '$_clearField'.
  void clearDishGetObstructionMap() => $_clearField(2008);
                                       ^^^^^^^^^^^^
lib/generated/spacex_api/device/device.pb.dart:3650:47: Error: The method '$_setField' isn't defined for the type 'Response'.
 - 'Response' is from 'package:starlink_isp_app/generated/spacex_api/device/device.pb.dart' ('lib/generated/spacex_api/device/device.pb.dart').
Try correcting the name to the name of an existing method, or defining a method named '$_setField'.
  set dishGetEmc(DishGetEmcResponse value) => $_setField(2009, value);
                                              ^^^^^^^^^^
lib/generated/spacex_api/device/device.pb.dart:3654:29: Error: The method '$_clearField' isn't defined for the type 'Response'.
 - 'Response' is from 'package:starlink_isp_app/generated/spacex_api/device/device.pb.dart' ('lib/generated/spacex_api/device/device.pb.dart').
Try correcting the name to the name of an existing method, or defining a method named '$_clearField'.
  void clearDishGetEmc() => $_clearField(2009);
                            ^^^^^^^^^^^^
lib/generated/spacex_api/device/device.pb.dart:3661:56: Error: The method '$_setField' isn't defined for the type 'Response'.
 - 'Response' is from 'package:starlink_isp_app/generated/spacex_api/device/device.pb.dart' ('lib/generated/spacex_api/device/device.pb.dart').
Try correcting the name to the name of an existing method, or defining a method named '$_setField'.
  set dishSetConfig($3.DishSetConfigResponse value) => $_setField(2010, value);
                                                       ^^^^^^^^^^
lib/generated/spacex_api/device/device.pb.dart:3665:32: Error: The method '$_clearField' isn't defined for the type 'Response'.
 - 'Response' is from 'package:starlink_isp_app/generated/spacex_api/device/device.pb.dart' ('lib/generated/spacex_api/device/device.pb.dart').
Try correcting the name to the name of an existing method, or defining a method named '$_clearField'.
  void clearDishSetConfig() => $_clearField(2010);
                               ^^^^^^^^^^^^
lib/generated/spacex_api/device/device.pb.dart:3672:56: Error: The method '$_setField' isn't defined for the type 'Response'.
 - 'Response' is from 'package:starlink_isp_app/generated/spacex_api/device/device.pb.dart' ('lib/generated/spacex_api/device/device.pb.dart').
Try correcting the name to the name of an existing method, or defining a method named '$_setField'.
  set dishGetConfig($3.DishGetConfigResponse value) => $_setField(2011, value);
                                                       ^^^^^^^^^^
lib/generated/spacex_api/device/device.pb.dart:3676:32: Error: The method '$_clearField' isn't defined for the type 'Response'.
 - 'Response' is from 'package:starlink_isp_app/generated/spacex_api/device/device.pb.dart' ('lib/generated/spacex_api/device/device.pb.dart').
Try correcting the name to the name of an existing method, or defining a method named '$_clearField'.
  void clearDishGetConfig() => $_clearField(2011);
                               ^^^^^^^^^^^^
lib/generated/spacex_api/device/device.pb.dart:3684:7: Error: The method '$_setField' isn't defined for the type 'Response'.
 - 'Response' is from 'package:starlink_isp_app/generated/spacex_api/device/device.pb.dart' ('lib/generated/spacex_api/device/device.pb.dart').
Try correcting the name to the name of an existing method, or defining a method named '$_setField'.
      $_setField(2013, value);
      ^^^^^^^^^^
lib/generated/spacex_api/device/device.pb.dart:3688:33: Error: The method '$_clearField' isn't defined for the type 'Response'.
 - 'Response' is from 'package:starlink_isp_app/generated/spacex_api/device/device.pb.dart' ('lib/generated/spacex_api/device/device.pb.dart').
Try correcting the name to the name of an existing method, or defining a method named '$_clearField'.
  void clearDishInhibitGps() => $_clearField(2013);
                                ^^^^^^^^^^^^
lib/generated/spacex_api/device/device.pb.dart:3696:7: Error: The method '$_setField' isn't defined for the type 'Response'.
 - 'Response' is from 'package:starlink_isp_app/generated/spacex_api/device/device.pb.dart' ('lib/generated/spacex_api/device/device.pb.dart').
Try correcting the name to the name of an existing method, or defining a method named '$_setField'.
      $_setField(2015, value);
      ^^^^^^^^^^
lib/generated/spacex_api/device/device.pb.dart:3700:42: Error: The method '$_clearField' isn't defined for the type 'Response'.
 - 'Response' is from 'package:starlink_isp_app/generated/spacex_api/device/device.pb.dart' ('lib/generated/spacex_api/device/device.pb.dart').
Try correcting the name to the name of an existing method, or defining a method named '$_clearField'.
  void clearDishClearObstructionMap() => $_clearField(2015);
                                         ^^^^^^^^^^^^
lib/generated/spacex_api/device/device.pb.dart:3709:7: Error: The method '$_setField' isn't defined for the type 'Response'.
 - 'Response' is from 'package:starlink_isp_app/generated/spacex_api/device/device.pb.dart' ('lib/generated/spacex_api/device/device.pb.dart').
Try correcting the name to the name of an existing method, or defining a method named '$_setField'.
      $_setField(2018, value);
      ^^^^^^^^^^
lib/generated/spacex_api/device/device.pb.dart:3713:42: Error: The method '$_clearField' isn't defined for the type 'Response'.
 - 'Response' is from 'package:starlink_isp_app/generated/spacex_api/device/device.pb.dart' ('lib/generated/spacex_api/device/device.pb.dart').
Try correcting the name to the name of an existing method, or defining a method named '$_clearField'.
  void clearDishSetMaxPowerTestMode() => $_clearField(2018);
                                         ^^^^^^^^^^^^
lib/generated/spacex_api/device/device.pb.dart:3722:7: Error: The method '$_setField' isn't defined for the type 'Response'.
 - 'Response' is from 'package:starlink_isp_app/generated/spacex_api/device/device.pb.dart' ('lib/generated/spacex_api/device/device.pb.dart').
Try correcting the name to the name of an existing method, or defining a method named '$_setField'.
      $_setField(2019, value);
      ^^^^^^^^^^
lib/generated/spacex_api/device/device.pb.dart:3726:39: Error: The method '$_clearField' isn't defined for the type 'Response'.
 - 'Response' is from 'package:starlink_isp_app/generated/spacex_api/device/device.pb.dart' ('lib/generated/spacex_api/device/device.pb.dart').
Try correcting the name to the name of an existing method, or defining a method named '$_clearField'.
  void clearDishActivateRssiScan() => $_clearField(2019);
                                      ^^^^^^^^^^^^
lib/generated/spacex_api/device/device.pb.dart:3734:7: Error: The method '$_setField' isn't defined for the type 'Response'.
 - 'Response' is from 'package:starlink_isp_app/generated/spacex_api/device/device.pb.dart' ('lib/generated/spacex_api/device/device.pb.dart').
Try correcting the name to the name of an existing method, or defining a method named '$_setField'.
      $_setField(2020, value);
      ^^^^^^^^^^
lib/generated/spacex_api/device/device.pb.dart:3738:40: Error: The method '$_clearField' isn't defined for the type 'Response'.
 - 'Response' is from 'package:starlink_isp_app/generated/spacex_api/device/device.pb.dart' ('lib/generated/spacex_api/device/device.pb.dart').
Try correcting the name to the name of an existing method, or defining a method named '$_clearField'.
  void clearDishGetRssiScanResult() => $_clearField(2020);
                                       ^^^^^^^^^^^^
lib/generated/spacex_api/device/device.pb.dart:3747:7: Error: The method '$_setField' isn't defined for the type 'Response'.
 - 'Response' is from 'package:starlink_isp_app/generated/spacex_api/device/device.pb.dart' ('lib/generated/spacex_api/device/device.pb.dart').
Try correcting the name to the name of an existing method, or defining a method named '$_setField'.
      $_setField(2021, value);
      ^^^^^^^^^^
lib/generated/spacex_api/device/device.pb.dart:3751:35: Error: The method '$_clearField' isn't defined for the type 'Response'.
 - 'Response' is from 'package:starlink_isp_app/generated/spacex_api/device/device.pb.dart' ('lib/generated/spacex_api/device/device.pb.dart').
Try correcting the name to the name of an existing method, or defining a method named '$_clearField'.
  void clearDishFactoryReset() => $_clearField(2021);
                                  ^^^^^^^^^^^^
lib/generated/spacex_api/device/device.pb.dart:3758:52: Error: The method '$_setField' isn't defined for the type 'Response'.
 - 'Response' is from 'package:starlink_isp_app/generated/spacex_api/device/device.pb.dart' ('lib/generated/spacex_api/device/device.pb.dart').
Try correcting the name to the name of an existing method, or defining a method named '$_setField'.
  set resetButton($3.ResetButtonResponse value) => $_setField(2022, value);
                                                   ^^^^^^^^^^
lib/generated/spacex_api/device/device.pb.dart:3762:30: Error: The method '$_clearField' isn't defined for the type 'Response'.
 - 'Response' is from 'package:starlink_isp_app/generated/spacex_api/device/device.pb.dart' ('lib/generated/spacex_api/device/device.pb.dart').
Try correcting the name to the name of an existing method, or defining a method named '$_clearField'.
  void clearResetButton() => $_clearField(2022);
                             ^^^^^^^^^^^^
lib/generated/spacex_api/device/device.pb.dart:3770:7: Error: The method '$_setField' isn't defined for the type 'Response'.
 - 'Response' is from 'package:starlink_isp_app/generated/spacex_api/device/device.pb.dart' ('lib/generated/spacex_api/device/device.pb.dart').
Try correcting the name to the name of an existing method, or defining a method named '$_setField'.
      $_setField(2023, value);
      ^^^^^^^^^^
lib/generated/spacex_api/device/device.pb.dart:3774:38: Error: The method '$_clearField' isn't defined for the type 'Response'.
 - 'Response' is from 'package:starlink_isp_app/generated/spacex_api/device/device.pb.dart' ('lib/generated/spacex_api/device/device.pb.dart').
Try correcting the name to the name of an existing method, or defining a method named '$_clearField'.
  void clearSetPerVehicleConfig() => $_clearField(2023);
                                     ^^^^^^^^^^^^
lib/generated/spacex_api/device/device.pb.dart:3782:7: Error: The method '$_setField' isn't defined for the type 'Response'.
 - 'Response' is from 'package:starlink_isp_app/generated/spacex_api/device/device.pb.dart' ('lib/generated/spacex_api/device/device.pb.dart').
Try correcting the name to the name of an existing method, or defining a method named '$_setField'.
      $_setField(2024, value);
      ^^^^^^^^^^
lib/generated/spacex_api/device/device.pb.dart:3786:35: Error: The method '$_clearField' isn't defined for the type 'Response'.
 - 'Response' is from 'package:starlink_isp_app/generated/spacex_api/device/device.pb.dart' ('lib/generated/spacex_api/device/device.pb.dart').
Try correcting the name to the name of an existing method, or defining a method named '$_clearField'.
  void clearDishAviationTest() => $_clearField(2024);
                                  ^^^^^^^^^^^^
lib/generated/spacex_api/device/device.pb.dart:3793:56: Error: The method '$_setField' isn't defined for the type 'Response'.
 - 'Response' is from 'package:starlink_isp_app/generated/spacex_api/device/device.pb.dart' ('lib/generated/spacex_api/device/device.pb.dart').
Try correcting the name to the name of an existing method, or defining a method named '$_setField'.
  set dishInhibitRf($3.DishInhibitRfResponse value) => $_setField(2026, value);
                                                       ^^^^^^^^^^
lib/generated/spacex_api/device/device.pb.dart:3797:32: Error: The method '$_clearField' isn't defined for the type 'Response'.
 - 'Response' is from 'package:starlink_isp_app/generated/spacex_api/device/device.pb.dart' ('lib/generated/spacex_api/device/device.pb.dart').
Try correcting the name to the name of an existing method, or defining a method named '$_clearField'.
  void clearDishInhibitRf() => $_clearField(2026);
                               ^^^^^^^^^^^^
lib/generated/spacex_api/device/device.pb.dart:3804:56: Error: The method '$_setField' isn't defined for the type 'Response'.
 - 'Response' is from 'package:starlink_isp_app/generated/spacex_api/device/device.pb.dart' ('lib/generated/spacex_api/device/device.pb.dart').
Try correcting the name to the name of an existing method, or defining a method named '$_setField'.
  set wifiSetConfig($4.WifiSetConfigResponse value) => $_setField(3001, value);
                                                       ^^^^^^^^^^
lib/generated/spacex_api/device/device.pb.dart:3808:32: Error: The method '$_clearField' isn't defined for the type 'Response'.
 - 'Response' is from 'package:starlink_isp_app/generated/spacex_api/device/device.pb.dart' ('lib/generated/spacex_api/device/device.pb.dart').
Try correcting the name to the name of an existing method, or defining a method named '$_clearField'.
  void clearWifiSetConfig() => $_clearField(3001);
                               ^^^^^^^^^^^^
lib/generated/spacex_api/device/device.pb.dart:3816:7: Error: The method '$_setField' isn't defined for the type 'Response'.
 - 'Response' is from 'package:starlink_isp_app/generated/spacex_api/device/device.pb.dart' ('lib/generated/spacex_api/device/device.pb.dart').
Try correcting the name to the name of an existing method, or defining a method named '$_setField'.
      $_setField(3002, value);
      ^^^^^^^^^^
lib/generated/spacex_api/device/device.pb.dart:3820:33: Error: The method '$_clearField' isn't defined for the type 'Response'.
 - 'Response' is from 'package:starlink_isp_app/generated/spacex_api/device/device.pb.dart' ('lib/generated/spacex_api/device/device.pb.dart').
Try correcting the name to the name of an existing method, or defining a method named '$_clearField'.
  void clearWifiGetClients() => $_clearField(3002);
                                ^^^^^^^^^^^^
lib/generated/spacex_api/device/device.pb.dart:3827:48: Error: The method '$_setField' isn't defined for the type 'Response'.
 - 'Response' is from 'package:starlink_isp_app/generated/spacex_api/device/device.pb.dart' ('lib/generated/spacex_api/device/device.pb.dart').
Try correcting the name to the name of an existing method, or defining a method named '$_setField'.
  set wifiSetup($4.WifiSetupResponse value) => $_setField(3003, value);
                                               ^^^^^^^^^^
lib/generated/spacex_api/device/device.pb.dart:3831:28: Error: The method '$_clearField' isn't defined for the type 'Response'.
 - 'Response' is from 'package:starlink_isp_app/generated/spacex_api/device/device.pb.dart' ('lib/generated/spacex_api/device/device.pb.dart').
Try correcting the name to the name of an existing method, or defining a method named '$_clearField'.
  void clearWifiSetup() => $_clearField(3003);
                           ^^^^^^^^^^^^
lib/generated/spacex_api/device/device.pb.dart:3838:56: Error: The method '$_setField' isn't defined for the type 'Response'.
 - 'Response' is from 'package:starlink_isp_app/generated/spacex_api/device/device.pb.dart' ('lib/generated/spacex_api/device/device.pb.dart').
Try correcting the name to the name of an existing method, or defining a method named '$_setField'.
  set wifiGetStatus($4.WifiGetStatusResponse value) => $_setField(3004, value);
                                                       ^^^^^^^^^^
lib/generated/spacex_api/device/device.pb.dart:3842:32: Error: The method '$_clearField' isn't defined for the type 'Response'.
 - 'Response' is from 'package:starlink_isp_app/generated/spacex_api/device/device.pb.dart' ('lib/generated/spacex_api/device/device.pb.dart').
Try correcting the name to the name of an existing method, or defining a method named '$_clearField'.
  void clearWifiGetStatus() => $_clearField(3004);
                               ^^^^^^^^^^^^
lib/generated/spacex_api/device/device.pb.dart:3850:7: Error: The method '$_setField' isn't defined for the type 'Response'.
 - 'Response' is from 'package:starlink_isp_app/generated/spacex_api/device/device.pb.dart' ('lib/generated/spacex_api/device/device.pb.dart').
Try correcting the name to the name of an existing method, or defining a method named '$_setField'.
      $_setField(3005, value);
      ^^^^^^^^^^
lib/generated/spacex_api/device/device.pb.dart:3854:35: Error: The method '$_clearField' isn't defined for the type 'Response'.
 - 'Response' is from 'package:starlink_isp_app/generated/spacex_api/device/device.pb.dart' ('lib/generated/spacex_api/device/device.pb.dart').
Try correcting the name to the name of an existing method, or defining a method named '$_clearField'.
  void clearWifiAuthenticate() => $_clearField(3005);
                                  ^^^^^^^^^^^^
lib/generated/spacex_api/device/device.pb.dart:3862:7: Error: The method '$_setField' isn't defined for the type 'Response'.
 - 'Response' is from 'package:starlink_isp_app/generated/spacex_api/device/device.pb.dart' ('lib/generated/spacex_api/device/device.pb.dart').
Try correcting the name to the name of an existing method, or defining a method named '$_setField'.
      $_setField(3006, value);
      ^^^^^^^^^^
lib/generated/spacex_api/device/device.pb.dart:3866:33: Error: The method '$_clearField' isn't defined for the type 'Response'.
 - 'Response' is from 'package:starlink_isp_app/generated/spacex_api/device/device.pb.dart' ('lib/generated/spacex_api/device/device.pb.dart').
Try correcting the name to the name of an existing method, or defining a method named '$_clearField'.
  void clearWifiGetHistory() => $_clearField(3006);
                                ^^^^^^^^^^^^
lib/generated/spacex_api/device/device.pb.dart:3874:7: Error: The method '$_setField' isn't defined for the type 'Response'.
 - 'Response' is from 'package:starlink_isp_app/generated/spacex_api/device/device.pb.dart' ('lib/generated/spacex_api/device/device.pb.dart').
Try correcting the name to the name of an existing method, or defining a method named '$_setField'.
      $_setField(3007, value);
      ^^^^^^^^^^
lib/generated/spacex_api/device/device.pb.dart:3878:37: Error: The method '$_clearField' isn't defined for the type 'Response'.
 - 'Response' is from 'package:starlink_isp_app/generated/spacex_api/device/device.pb.dart' ('lib/generated/spacex_api/device/device.pb.dart').
Try correcting the name to the name of an existing method, or defining a method named '$_clearField'.
  void clearWifiGetPingMetrics() => $_clearField(3007);
                                    ^^^^^^^^^^^^
lib/generated/spacex_api/device/device.pb.dart:3885:56: Error: The method '$_setField' isn't defined for the type 'Response'.
 - 'Response' is from 'package:starlink_isp_app/generated/spacex_api/device/device.pb.dart' ('lib/generated/spacex_api/device/device.pb.dart').
Try correcting the name to the name of an existing method, or defining a method named '$_setField'.
  set wifiGetConfig($4.WifiGetConfigResponse value) => $_setField(3009, value);
                                                       ^^^^^^^^^^
lib/generated/spacex_api/device/device.pb.dart:3889:32: Error: The method '$_clearField' isn't defined for the type 'Response'.
 - 'Response' is from 'package:starlink_isp_app/generated/spacex_api/device/device.pb.dart' ('lib/generated/spacex_api/device/device.pb.dart').
Try correcting the name to the name of an existing method, or defining a method named '$_clearField'.
  void clearWifiGetConfig() => $_clearField(3009);
                               ^^^^^^^^^^^^
lib/generated/spacex_api/device/device.pb.dart:3897:7: Error: The method '$_setField' isn't defined for the type 'Response'.
 - 'Response' is from 'package:starlink_isp_app/generated/spacex_api/device/device.pb.dart' ('lib/generated/spacex_api/device/device.pb.dart').
Try correcting the name to the name of an existing method, or defining a method named '$_setField'.
      $_setField(3012, value);
      ^^^^^^^^^^
lib/generated/spacex_api/device/device.pb.dart:3901:41: Error: The method '$_clearField' isn't defined for the type 'Response'.
 - 'Response' is from 'package:starlink_isp_app/generated/spacex_api/device/device.pb.dart' ('lib/generated/spacex_api/device/device.pb.dart').
Try correcting the name to the name of an existing method, or defining a method named '$_clearField'.
  void clearWifiSetMeshDeviceTrust() => $_clearField(3012);
                                        ^^^^^^^^^^^^
lib/generated/spacex_api/device/device.pb.dart:3910:7: Error: The method '$_setField' isn't defined for the type 'Response'.
 - 'Response' is from 'package:starlink_isp_app/generated/spacex_api/device/device.pb.dart' ('lib/generated/spacex_api/device/device.pb.dart').
Try correcting the name to the name of an existing method, or defining a method named '$_setField'.
      $_setField(3013, value);
      ^^^^^^^^^^
lib/generated/spacex_api/device/device.pb.dart:3914:36: Error: The method '$_clearField' isn't defined for the type 'Response'.
 - 'Response' is from 'package:starlink_isp_app/generated/spacex_api/device/device.pb.dart' ('lib/generated/spacex_api/device/device.pb.dart').
Try correcting the name to the name of an existing method, or defining a method named '$_clearField'.
  void clearWifiSetMeshConfig() => $_clearField(3013);
                                   ^^^^^^^^^^^^
lib/generated/spacex_api/device/device.pb.dart:3922:7: Error: The method '$_setField' isn't defined for the type 'Response'.
 - 'Response' is from 'package:starlink_isp_app/generated/spacex_api/device/device.pb.dart' ('lib/generated/spacex_api/device/device.pb.dart').
Try correcting the name to the name of an existing method, or defining a method named '$_setField'.
      $_setField(3015, value);
      ^^^^^^^^^^
lib/generated/spacex_api/device/device.pb.dart:3926:39: Error: The method '$_clearField' isn't defined for the type 'Response'.
 - 'Response' is from 'package:starlink_isp_app/generated/spacex_api/device/device.pb.dart' ('lib/generated/spacex_api/device/device.pb.dart').
Try correcting the name to the name of an existing method, or defining a method named '$_clearField'.
  void clearWifiGetClientHistory() => $_clearField(3015);
                                      ^^^^^^^^^^^^
lib/generated/spacex_api/device/device.pb.dart:3933:54: Error: The method '$_setField' isn't defined for the type 'Response'.
 - 'Response' is from 'package:starlink_isp_app/generated/spacex_api/device/device.pb.dart' ('lib/generated/spacex_api/device/device.pb.dart').
Try correcting the name to the name of an existing method, or defining a method named '$_setField'.
  set wifiSelfTest($4.WifiSelfTestResponse value) => $_setField(3016, value);
                                                     ^^^^^^^^^^
lib/generated/spacex_api/device/device.pb.dart:3937:31: Error: The method '$_clearField' isn't defined for the type 'Response'.
 - 'Response' is from 'package:starlink_isp_app/generated/spacex_api/device/device.pb.dart' ('lib/generated/spacex_api/device/device.pb.dart').
Try correcting the name to the name of an existing method, or defining a method named '$_clearField'.
  void clearWifiSelfTest() => $_clearField(3016);
                              ^^^^^^^^^^^^
lib/generated/spacex_api/device/device.pb.dart:3944:56: Error: The method '$_setField' isn't defined for the type 'Response'.
 - 'Response' is from 'package:starlink_isp_app/generated/spacex_api/device/device.pb.dart' ('lib/generated/spacex_api/device/device.pb.dart').
Try correcting the name to the name of an existing method, or defining a method named '$_setField'.
  set wifiGuestInfo($4.WifiGuestInfoResponse value) => $_setField(3020, value);
                                                       ^^^^^^^^^^
lib/generated/spacex_api/device/device.pb.dart:3948:32: Error: The method '$_clearField' isn't defined for the type 'Response'.
 - 'Response' is from 'package:starlink_isp_app/generated/spacex_api/device/device.pb.dart' ('lib/generated/spacex_api/device/device.pb.dart').
Try correcting the name to the name of an existing method, or defining a method named '$_clearField'.
  void clearWifiGuestInfo() => $_clearField(3020);
                               ^^^^^^^^^^^^
lib/generated/spacex_api/device/device.pb.dart:3955:50: Error: The method '$_setField' isn't defined for the type 'Response'.
 - 'Response' is from 'package:starlink_isp_app/generated/spacex_api/device/device.pb.dart' ('lib/generated/spacex_api/device/device.pb.dart').
Try correcting the name to the name of an existing method, or defining a method named '$_setField'.
  set wifiRfTest($4.WifiRfTestResponse value) => $_setField(3021, value);
                                                 ^^^^^^^^^^
lib/generated/spacex_api/device/device.pb.dart:3959:29: Error: The method '$_clearField' isn't defined for the type 'Response'.
 - 'Response' is from 'package:starlink_isp_app/generated/spacex_api/device/device.pb.dart' ('lib/generated/spacex_api/device/device.pb.dart').
Try correcting the name to the name of an existing method, or defining a method named '$_clearField'.
  void clearWifiRfTest() => $_clearField(3021);
                            ^^^^^^^^^^^^
lib/generated/spacex_api/device/device.pb.dart:3967:7: Error: The method '$_setField' isn't defined for the type 'Response'.
 - 'Response' is from 'package:starlink_isp_app/generated/spacex_api/device/device.pb.dart' ('lib/generated/spacex_api/device/device.pb.dart').
Try correcting the name to the name of an existing method, or defining a method named '$_setField'.
      $_setField(3022, value);
      ^^^^^^^^^^
lib/generated/spacex_api/device/device.pb.dart:3971:41: Error: The method '$_clearField' isn't defined for the type 'Response'.
 - 'Response' is from 'package:starlink_isp_app/generated/spacex_api/device/device.pb.dart' ('lib/generated/spacex_api/device/device.pb.dart').
Try correcting the name to the name of an existing method, or defining a method named '$_clearField'.
  void clearWifiGetPersistentStats() => $_clearField(3022);
                                        ^^^^^^^^^^^^
lib/generated/spacex_api/device/device.pb.dart:3980:7: Error: The method '$_setField' isn't defined for the type 'Response'.
 - 'Response' is from 'package:starlink_isp_app/generated/spacex_api/device/device.pb.dart' ('lib/generated/spacex_api/device/device.pb.dart').
Try correcting the name to the name of an existing method, or defining a method named '$_setField'.
      $_setField(3024, value);
      ^^^^^^^^^^
lib/generated/spacex_api/device/device.pb.dart:3984:34: Error: The method '$_clearField' isn't defined for the type 'Response'.
 - 'Response' is from 'package:starlink_isp_app/generated/spacex_api/device/device.pb.dart' ('lib/generated/spacex_api/device/device.pb.dart').
Try correcting the name to the name of an existing method, or defining a method named '$_clearField'.
  void clearWifiGetFirewall() => $_clearField(3024);
                                 ^^^^^^^^^^^^
lib/generated/spacex_api/device/device.pb.dart:3992:7: Error: The method '$_setField' isn't defined for the type 'Response'.
 - 'Response' is from 'package:starlink_isp_app/generated/spacex_api/device/device.pb.dart' ('lib/generated/spacex_api/device/device.pb.dart').
Try correcting the name to the name of an existing method, or defining a method named '$_setField'.
      $_setField(3025, value);
      ^^^^^^^^^^
lib/generated/spacex_api/device/device.pb.dart:3996:41: Error: The method '$_clearField' isn't defined for the type 'Response'.
 - 'Response' is from 'package:starlink_isp_app/generated/spacex_api/device/device.pb.dart' ('lib/generated/spacex_api/device/device.pb.dart').
Try correcting the name to the name of an existing method, or defining a method named '$_clearField'.
  void clearWifiFactoryTestCommand() => $_clearField(3025);
                                        ^^^^^^^^^^^^
lib/generated/spacex_api/device/device.pb.dart:4005:7: Error: The method '$_setField' isn't defined for the type 'Response'.
 - 'Response' is from 'package:starlink_isp_app/generated/spacex_api/device/device.pb.dart' ('lib/generated/spacex_api/device/device.pb.dart').
Try correcting the name to the name of an existing method, or defining a method named '$_setField'.
      $_setField(3026, value);
      ^^^^^^^^^^
lib/generated/spacex_api/device/device.pb.dart:4009:36: Error: The method '$_clearField' isn't defined for the type 'Response'.
 - 'Response' is from 'package:starlink_isp_app/generated/spacex_api/device/device.pb.dart' ('lib/generated/spacex_api/device/device.pb.dart').
Try correcting the name to the name of an existing method, or defining a method named '$_clearField'.
  void clearWifiBackhaulStats() => $_clearField(3026);
                                   ^^^^^^^^^^^^
lib/generated/spacex_api/device/device.pb.dart:4017:7: Error: The method '$_setField' isn't defined for the type 'Response'.
 - 'Response' is from 'package:starlink_isp_app/generated/spacex_api/device/device.pb.dart' ('lib/generated/spacex_api/device/device.pb.dart').
Try correcting the name to the name of an existing method, or defining a method named '$_setField'.
      $_setField(3027, value);
      ^^^^^^^^^^
lib/generated/spacex_api/device/device.pb.dart:4021:36: Error: The method '$_clearField' isn't defined for the type 'Response'.
 - 'Response' is from 'package:starlink_isp_app/generated/spacex_api/device/device.pb.dart' ('lib/generated/spacex_api/device/device.pb.dart').
Try correcting the name to the name of an existing method, or defining a method named '$_clearField'.
  void clearWifiClientSandbox() => $_clearField(3027);
                                   ^^^^^^^^^^^^
lib/generated/spacex_api/device/device.pb.dart:4028:50: Error: The method '$_setField' isn't defined for the type 'Response'.
 - 'Response' is from 'package:starlink_isp_app/generated/spacex_api/device/device.pb.dart' ('lib/generated/spacex_api/device/device.pb.dart').
Try correcting the name to the name of an existing method, or defining a method named '$_setField'.
  set wifiUpdate($4.WifiUpdateResponse value) => $_setField(3028, value);
                                                 ^^^^^^^^^^
lib/generated/spacex_api/device/device.pb.dart:4032:29: Error: The method '$_clearField' isn't defined for the type 'Response'.
 - 'Response' is from 'package:starlink_isp_app/generated/spacex_api/device/device.pb.dart' ('lib/generated/spacex_api/device/device.pb.dart').
Try correcting the name to the name of an existing method, or defining a method named '$_clearField'.
  void clearWifiUpdate() => $_clearField(3028);
                            ^^^^^^^^^^^^
lib/generated/spacex_api/device/device.pb.dart:4040:7: Error: The method '$_setField' isn't defined for the type 'Response'.
 - 'Response' is from 'package:starlink_isp_app/generated/spacex_api/device/device.pb.dart' ('lib/generated/spacex_api/device/device.pb.dart').
Try correcting the name to the name of an existing method, or defining a method named '$_setField'.
      $_setField(3029, value);
      ^^^^^^^^^^
lib/generated/spacex_api/device/device.pb.dart:4044:37: Error: The method '$_clearField' isn't defined for the type 'Response'.
 - 'Response' is from 'package:starlink_isp_app/generated/spacex_api/device/device.pb.dart' ('lib/generated/spacex_api/device/device.pb.dart').
Try correcting the name to the name of an existing method, or defining a method named '$_clearField'.
  void clearWifiRunDebugNetsys() => $_clearField(3029);
                                    ^^^^^^^^^^^^
lib/generated/spacex_api/device/device.pb.dart:4052:7: Error: The method '$_setField' isn't defined for the type 'Response'.
 - 'Response' is from 'package:starlink_isp_app/generated/spacex_api/device/device.pb.dart' ('lib/generated/spacex_api/device/device.pb.dart').
Try correcting the name to the name of an existing method, or defining a method named '$_setField'.
      $_setField(3030, value);
      ^^^^^^^^^^
lib/generated/spacex_api/device/device.pb.dart:4056:34: Error: The method '$_clearField' isn't defined for the type 'Response'.
 - 'Response' is from 'package:starlink_isp_app/generated/spacex_api/device/device.pb.dart' ('lib/generated/spacex_api/device/device.pb.dart').
Try correcting the name to the name of an existing method, or defining a method named '$_clearField'.
  void clearWifiResetEthPhy() => $_clearField(3030);
                                 ^^^^^^^^^^^^
lib/generated/spacex_api/device/device.pb.dart:4064:7: Error: The method '$_setField' isn't defined for the type 'Response'.
 - 'Response' is from 'package:starlink_isp_app/generated/spacex_api/device/device.pb.dart' ('lib/generated/spacex_api/device/device.pb.dart').
Try correcting the name to the name of an existing method, or defining a method named '$_setField'.
      $_setField(3031, value);
      ^^^^^^^^^^
lib/generated/spacex_api/device/device.pb.dart:4068:39: Error: The method '$_clearField' isn't defined for the type 'Response'.
 - 'Response' is from 'package:starlink_isp_app/generated/spacex_api/device/device.pb.dart' ('lib/generated/spacex_api/device/device.pb.dart').
Try correcting the name to the name of an existing method, or defining a method named '$_clearField'.
  void clearWifiFlushHardwareNat() => $_clearField(3031);
                                      ^^^^^^^^^^^^
lib/generated/spacex_api/device/device.pb.dart:4077:7: Error: The method '$_setField' isn't defined for the type 'Response'.
 - 'Response' is from 'package:starlink_isp_app/generated/spacex_api/device/device.pb.dart' ('lib/generated/spacex_api/device/device.pb.dart').
Try correcting the name to the name of an existing method, or defining a method named '$_setField'.
      $_setField(4001, value);
      ^^^^^^^^^^
lib/generated/spacex_api/device/device.pb.dart:4081:44: Error: The method '$_clearField' isn't defined for the type 'Response'.
 - 'Response' is from 'package:starlink_isp_app/generated/spacex_api/device/device.pb.dart' ('lib/generated/spacex_api/device/device.pb.dart').
Try correcting the name to the name of an existing method, or defining a method named '$_clearField'.
  void clearTransceiverIfLoopbackTest() => $_clearField(4001);
                                           ^^^^^^^^^^^^
lib/generated/spacex_api/device/device.pb.dart:4090:7: Error: The method '$_setField' isn't defined for the type 'Response'.
 - 'Response' is from 'package:starlink_isp_app/generated/spacex_api/device/device.pb.dart' ('lib/generated/spacex_api/device/device.pb.dart').
Try correcting the name to the name of an existing method, or defining a method named '$_setField'.
      $_setField(4003, value);
      ^^^^^^^^^^
lib/generated/spacex_api/device/device.pb.dart:4094:39: Error: The method '$_clearField' isn't defined for the type 'Response'.
 - 'Response' is from 'package:starlink_isp_app/generated/spacex_api/device/device.pb.dart' ('lib/generated/spacex_api/device/device.pb.dart').
Try correcting the name to the name of an existing method, or defining a method named '$_clearField'.
  void clearTransceiverGetStatus() => $_clearField(4003);
                                      ^^^^^^^^^^^^
lib/generated/spacex_api/device/device.pb.dart:4102:7: Error: The method '$_setField' isn't defined for the type 'Response'.
 - 'Response' is from 'package:starlink_isp_app/generated/spacex_api/device/device.pb.dart' ('lib/generated/spacex_api/device/device.pb.dart').
Try correcting the name to the name of an existing method, or defining a method named '$_setField'.
      $_setField(4004, value);
      ^^^^^^^^^^
lib/generated/spacex_api/device/device.pb.dart:4106:42: Error: The method '$_clearField' isn't defined for the type 'Response'.
 - 'Response' is from 'package:starlink_isp_app/generated/spacex_api/device/device.pb.dart' ('lib/generated/spacex_api/device/device.pb.dart').
Try correcting the name to the name of an existing method, or defining a method named '$_clearField'.
  void clearTransceiverGetTelemetry() => $_clearField(4004);
                                         ^^^^^^^^^^^^
lib/generated/spacex_api/device/device.pb.dart:4114:52: Error: The method '$_setField' isn't defined for the type 'Response'.
 - 'Response' is from 'package:starlink_isp_app/generated/spacex_api/device/device.pb.dart' ('lib/generated/spacex_api/device/device.pb.dart').
Try correcting the name to the name of an existing method, or defining a method named '$_setField'.
  set startUnlock($6.StartUnlockResponse value) => $_setField(5000, value);
                                                   ^^^^^^^^^^
lib/generated/spacex_api/device/device.pb.dart:4118:30: Error: The method '$_clearField' isn't defined for the type 'Response'.
 - 'Response' is from 'package:starlink_isp_app/generated/spacex_api/device/device.pb.dart' ('lib/generated/spacex_api/device/device.pb.dart').
Try correcting the name to the name of an existing method, or defining a method named '$_clearField'.
  void clearStartUnlock() => $_clearField(5000);
                             ^^^^^^^^^^^^
lib/generated/spacex_api/device/device.pb.dart:4125:54: Error: The method '$_setField' isn't defined for the type 'Response'.
 - 'Response' is from 'package:starlink_isp_app/generated/spacex_api/device/device.pb.dart' ('lib/generated/spacex_api/device/device.pb.dart').
Try correcting the name to the name of an existing method, or defining a method named '$_setField'.
  set finishUnlock($6.FinishUnlockResponse value) => $_setField(5001, value);
                                                     ^^^^^^^^^^
lib/generated/spacex_api/device/device.pb.dart:4129:31: Error: The method '$_clearField' isn't defined for the type 'Response'.
 - 'Response' is from 'package:starlink_isp_app/generated/spacex_api/device/device.pb.dart' ('lib/generated/spacex_api/device/device.pb.dart').
Try correcting the name to the name of an existing method, or defining a method named '$_clearField'.
  void clearFinishUnlock() => $_clearField(5001);
                              ^^^^^^^^^^^^
lib/generated/spacex_api/device/device.pb.dart:4137:7: Error: The method '$_setField' isn't defined for the type 'Response'.
 - 'Response' is from 'package:starlink_isp_app/generated/spacex_api/device/device.pb.dart' ('lib/generated/spacex_api/device/device.pb.dart').
Try correcting the name to the name of an existing method, or defining a method named '$_setField'.
      $_setField(6000, value);
      ^^^^^^^^^^
lib/generated/spacex_api/device/device.pb.dart:4141:37: Error: The method '$_clearField' isn't defined for the type 'Response'.
 - 'Response' is from 'package:starlink_isp_app/generated/spacex_api/device/device.pb.dart' ('lib/generated/spacex_api/device/device.pb.dart').
Try correcting the name to the name of an existing method, or defining a method named '$_clearField'.
  void clearWifiGetDiagnostics() => $_clearField(6000);
                                    ^^^^^^^^^^^^
lib/generated/spacex_api/device/device.pb.dart:4149:7: Error: The method '$_setField' isn't defined for the type 'Response'.
 - 'Response' is from 'package:starlink_isp_app/generated/spacex_api/device/device.pb.dart' ('lib/generated/spacex_api/device/device.pb.dart').
Try correcting the name to the name of an existing method, or defining a method named '$_setField'.
      $_setField(6001, value);
      ^^^^^^^^^^
lib/generated/spacex_api/device/device.pb.dart:4153:37: Error: The method '$_clearField' isn't defined for the type 'Response'.
 - 'Response' is from 'package:starlink_isp_app/generated/spacex_api/device/device.pb.dart' ('lib/generated/spacex_api/device/device.pb.dart').
Try correcting the name to the name of an existing method, or defining a method named '$_clearField'.
  void clearDishGetDiagnostics() => $_clearField(6001);
                                    ^^^^^^^^^^^^
lib/generated/spacex_api/device/device.pb.dart:4253:24: Error: The method '$_clearField' isn't defined for the type 'Event'.
 - 'Event' is from 'package:starlink_isp_app/generated/spacex_api/device/device.pb.dart' ('lib/generated/spacex_api/device/device.pb.dart').
Try correcting the name to the name of an existing method, or defining a method named '$_clearField'.
  void clearEvent() => $_clearField($_whichOneof(0));
                       ^^^^^^^^^^^^
lib/generated/spacex_api/device/device.pb.dart:4259:7: Error: The method '$_setField' isn't defined for the type 'Event'.
 - 'Event' is from 'package:starlink_isp_app/generated/spacex_api/device/device.pb.dart' ('lib/generated/spacex_api/device/device.pb.dart').
Try correcting the name to the name of an existing method, or defining a method named '$_setField'.
      $_setField(3001, value);
      ^^^^^^^^^^
lib/generated/spacex_api/device/device.pb.dart:4263:41: Error: The method '$_clearField' isn't defined for the type 'Event'.
 - 'Event' is from 'package:starlink_isp_app/generated/spacex_api/device/device.pb.dart' ('lib/generated/spacex_api/device/device.pb.dart').
Try correcting the name to the name of an existing method, or defining a method named '$_clearField'.
  void clearWifiNewClientConnected() => $_clearField(3001);
                                        ^^^^^^^^^^^^
lib/generated/spacex_api/device/device.pb.dart:4271:7: Error: The method '$_setField' isn't defined for the type 'Event'.
 - 'Event' is from 'package:starlink_isp_app/generated/spacex_api/device/device.pb.dart' ('lib/generated/spacex_api/device/device.pb.dart').
Try correcting the name to the name of an existing method, or defining a method named '$_setField'.
      $_setField(3002, value);
      ^^^^^^^^^^
lib/generated/spacex_api/device/device.pb.dart:4275:37: Error: The method '$_clearField' isn't defined for the type 'Event'.
 - 'Event' is from 'package:starlink_isp_app/generated/spacex_api/device/device.pb.dart' ('lib/generated/spacex_api/device/device.pb.dart').
Try correcting the name to the name of an existing method, or defining a method named '$_clearField'.
  void clearWifiAccountBonding() => $_clearField(3002);
                                    ^^^^^^^^^^^^
lib/generated/spacex_api/device/device.pb.dart:4282:49: Error: The method '$_setField' isn't defined for the type 'Event'.
 - 'Event' is from 'package:starlink_isp_app/generated/spacex_api/device/device.pb.dart' ('lib/generated/spacex_api/device/device.pb.dart').
Try correcting the name to the name of an existing method, or defining a method named '$_setField'.
  set wifiNewPeer($4.WifiNewPeerEvent value) => $_setField(3003, value);
                                                ^^^^^^^^^^
lib/generated/spacex_api/device/device.pb.dart:4286:30: Error: The method '$_clearField' isn't defined for the type 'Event'.
 - 'Event' is from 'package:starlink_isp_app/generated/spacex_api/device/device.pb.dart' ('lib/generated/spacex_api/device/device.pb.dart').
Try correcting the name to the name of an existing method, or defining a method named '$_clearField'.
  void clearWifiNewPeer() => $_clearField(3003);
                             ^^^^^^^^^^^^
lib/generated/spacex_api/device/device.pb.dart:4293:54: Error: The method '$_setField' isn't defined for the type 'Event'.
 - 'Event' is from 'package:starlink_isp_app/generated/spacex_api/device/device.pb.dart' ('lib/generated/spacex_api/device/device.pb.dart').
Try correcting the name to the name of an existing method, or defining a method named '$_setField'.
  set wifiCloudStatus(WifiCloudStatusEvent value) => $_setField(3004, value);
                                                     ^^^^^^^^^^
lib/generated/spacex_api/device/device.pb.dart:4297:34: Error: The method '$_clearField' isn't defined for the type 'Event'.
 - 'Event' is from 'package:starlink_isp_app/generated/spacex_api/device/device.pb.dart' ('lib/generated/spacex_api/device/device.pb.dart').
Try correcting the name to the name of an existing method, or defining a method named '$_clearField'.
  void clearWifiCloudStatus() => $_clearField(3004);
                                 ^^^^^^^^^^^^
lib/generated/spacex_api/device/device.pb.dart:4305:7: Error: The method '$_setField' isn't defined for the type 'Event'.
 - 'Event' is from 'package:starlink_isp_app/generated/spacex_api/device/device.pb.dart' ('lib/generated/spacex_api/device/device.pb.dart').
Try correcting the name to the name of an existing method, or defining a method named '$_setField'.
      $_setField(3005, value);
      ^^^^^^^^^^
lib/generated/spacex_api/device/device.pb.dart:4309:36: Error: The method '$_clearField' isn't defined for the type 'Event'.
 - 'Event' is from 'package:starlink_isp_app/generated/spacex_api/device/device.pb.dart' ('lib/generated/spacex_api/device/device.pb.dart').
Try correcting the name to the name of an existing method, or defining a method named '$_clearField'.
  void clearWifiClientSandbox() => $_clearField(3005);
                                   ^^^^^^^^^^^^
lib/generated/spacex_api/device/device.pb.dart:4346:7: Error: The method 'aI' isn't defined for the type 'BuilderInfo'.
 - 'BuilderInfo' is from 'package:protobuf/protobuf.dart' ('../../../.pub-cache/hosted/pub.dev/protobuf-3.1.0/lib/protobuf.dart').
Try correcting the name to the name of an existing method, or defining a method named 'aI'.
    ..aI(4, _omitFieldNames ? '' : 'apiVersion', fieldType: $pb.PbFieldType.OU3)
      ^^
lib/generated/spacex_api/device/device.pb.dart:4375:35: Error: The method '$_clearField' isn't defined for the type 'WifiCloudStatusEvent'.
 - 'WifiCloudStatusEvent' is from 'package:starlink_isp_app/generated/spacex_api/device/device.pb.dart' ('lib/generated/spacex_api/device/device.pb.dart').
Try correcting the name to the name of an existing method, or defining a method named '$_clearField'.
  void clearDirectLinkToDish() => $_clearField(1);
                                  ^^^^^^^^^^^^
lib/generated/spacex_api/device/device.pb.dart:4384:34: Error: The method '$_clearField' isn't defined for the type 'WifiCloudStatusEvent'.
 - 'WifiCloudStatusEvent' is from 'package:starlink_isp_app/generated/spacex_api/device/device.pb.dart' ('lib/generated/spacex_api/device/device.pb.dart').
Try correcting the name to the name of an existing method, or defining a method named '$_clearField'.
  void clearHardwareVersion() => $_clearField(2);
                                 ^^^^^^^^^^^^
lib/generated/spacex_api/device/device.pb.dart:4393:29: Error: The method '$_clearField' isn't defined for the type 'WifiCloudStatusEvent'.
 - 'WifiCloudStatusEvent' is from 'package:starlink_isp_app/generated/spacex_api/device/device.pb.dart' ('lib/generated/spacex_api/device/device.pb.dart').
Try correcting the name to the name of an existing method, or defining a method named '$_clearField'.
  void clearIsBypassed() => $_clearField(3);
                            ^^^^^^^^^^^^
lib/generated/spacex_api/device/device.pb.dart:4402:29: Error: The method '$_clearField' isn't defined for the type 'WifiCloudStatusEvent'.
 - 'WifiCloudStatusEvent' is from 'package:starlink_isp_app/generated/spacex_api/device/device.pb.dart' ('lib/generated/spacex_api/device/device.pb.dart').
Try correcting the name to the name of an existing method, or defining a method named '$_clearField'.
  void clearApiVersion() => $_clearField(4);
                            ^^^^^^^^^^^^
lib/generated/spacex_api/device/device.pb.dart:4433:7: Error: The method 'pPM' isn't defined for the type 'BuilderInfo'.
 - 'BuilderInfo' is from 'package:protobuf/protobuf.dart' ('../../../.pub-cache/hosted/pub.dev/protobuf-3.1.0/lib/protobuf.dart').
Try correcting the name to the name of an existing method, or defining a method named 'pPM'.
    ..pPM<WifiClientSandboxStatus>(
      ^^^
lib/generated/spacex_api/device/device.pb.dart:4467:66: Error: A value of type 'List<dynamic>' can't be returned from a function with return type 'PbList<WifiClientSandboxStatus>'.
 - 'List' is from 'dart:core'.
 - 'PbList' is from 'package:protobuf/protobuf.dart' ('../../../.pub-cache/hosted/pub.dev/protobuf-3.1.0/lib/protobuf.dart').
 - 'WifiClientSandboxStatus' is from 'package:starlink_isp_app/generated/spacex_api/device/device.pb.dart' ('lib/generated/spacex_api/device/device.pb.dart').
  $pb.PbList<WifiClientSandboxStatus> get clientSandboxStatus => $_getList(0);
                                                                 ^
lib/generated/spacex_api/device/device.pb.dart:4470:52: Error: A value of type 'List<dynamic>' can't be returned from a function with return type 'PbList<WifiClientSandboxAlert>'.
 - 'List' is from 'dart:core'.
 - 'PbList' is from 'package:protobuf/protobuf.dart' ('../../../.pub-cache/hosted/pub.dev/protobuf-3.1.0/lib/protobuf.dart').
 - 'WifiClientSandboxAlert' is from 'package:starlink_isp_app/generated/spacex_api/device/device.pbenum.dart' ('lib/generated/spacex_api/device/device.pbenum.dart').
  $pb.PbList<WifiClientSandboxAlert> get alerts => $_getList(1);
                                                   ^
lib/generated/spacex_api/device/device.pb.dart:4479:34: Error: The method '$_clearField' isn't defined for the type 'WifiClientSandboxRequest'.
 - 'WifiClientSandboxRequest' is from 'package:starlink_isp_app/generated/spacex_api/device/device.pb.dart' ('lib/generated/spacex_api/device/device.pb.dart').
Try correcting the name to the name of an existing method, or defining a method named '$_clearField'.
  void clearUnixTimestampNs() => $_clearField(3);
                                 ^^^^^^^^^^^^
lib/generated/spacex_api/device/device.pb.dart:4578:35: Error: The method '$_clearField' isn't defined for the type 'WifiWriteCalibrationRequest'.
 - 'WifiWriteCalibrationRequest' is from 'package:starlink_isp_app/generated/spacex_api/device/device.pb.dart' ('lib/generated/spacex_api/device/device.pb.dart').
Try correcting the name to the name of an existing method, or defining a method named '$_clearField'.
  void clearCalibrationImage() => $_clearField(1);
                                  ^^^^^^^^^^^^
lib/generated/spacex_api/device/device.pb.dart:4609:7: Error: The method 'aI' isn't defined for the type 'BuilderInfo'.
 - 'BuilderInfo' is from 'package:protobuf/protobuf.dart' ('../../../.pub-cache/hosted/pub.dev/protobuf-3.1.0/lib/protobuf.dart').
Try correcting the name to the name of an existing method, or defining a method named 'aI'.
    ..aI(2, _omitFieldNames ? '' : 'sandbox', fieldType: $pb.PbFieldType.OU3)
      ^^
lib/generated/spacex_api/device/device.pb.dart:4640:25: Error: The method '$_clearField' isn't defined for the type 'WifiClientSandboxStatus'.
 - 'WifiClientSandboxStatus' is from 'package:starlink_isp_app/generated/spacex_api/device/device.pb.dart' ('lib/generated/spacex_api/device/device.pb.dart').
Try correcting the name to the name of an existing method, or defining a method named '$_clearField'.
  void clearClient() => $_clearField(1);
                        ^^^^^^^^^^^^
lib/generated/spacex_api/device/device.pb.dart:4649:26: Error: The method '$_clearField' isn't defined for the type 'WifiClientSandboxStatus'.
 - 'WifiClientSandboxStatus' is from 'package:starlink_isp_app/generated/spacex_api/device/device.pb.dart' ('lib/generated/spacex_api/device/device.pb.dart').
Try correcting the name to the name of an existing method, or defining a method named '$_clearField'.
  void clearSandbox() => $_clearField(2);
                         ^^^^^^^^^^^^
lib/generated/spacex_api/device/device.pb.dart:4658:28: Error: The method '$_clearField' isn't defined for the type 'WifiClientSandboxStatus'.
 - 'WifiClientSandboxStatus' is from 'package:starlink_isp_app/generated/spacex_api/device/device.pb.dart' ('lib/generated/spacex_api/device/device.pb.dart').
Try correcting the name to the name of an existing method, or defining a method named '$_clearField'.
  void clearSandboxed() => $_clearField(3);
                           ^^^^^^^^^^^^
lib/generated/spacex_api/device/device.pb.dart:4684:7: Error: The method 'aI' isn't defined for the type 'BuilderInfo'.
 - 'BuilderInfo' is from 'package:protobuf/protobuf.dart' ('../../../.pub-cache/hosted/pub.dev/protobuf-3.1.0/lib/protobuf.dart').
Try correcting the name to the name of an existing method, or defining a method named 'aI'.
    ..aI(1, _omitFieldNames ? '' : 'durationM', fieldType: $pb.PbFieldType.OU3)
      ^^
lib/generated/spacex_api/device/device.pb.dart:4714:28: Error: The method '$_clearField' isn't defined for the type 'EnableDebugTelemRequest'.
 - 'EnableDebugTelemRequest' is from 'package:starlink_isp_app/generated/spacex_api/device/device.pb.dart' ('lib/generated/spacex_api/device/device.pb.dart').
Try correcting the name to the name of an existing method, or defining a method named '$_clearField'.
  void clearDurationM() => $_clearField(1);
                           ^^^^^^^^^^^^
lib/generated/spacex_api/device/device.pb.dart:4926:27: Error: The method '$_clearField' isn't defined for the type 'GetTimeResponse'.
 - 'GetTimeResponse' is from 'package:starlink_isp_app/generated/spacex_api/device/device.pb.dart' ('lib/generated/spacex_api/device/device.pb.dart').
Try correcting the name to the name of an existing method, or defining a method named '$_clearField'.
  void clearUnixNano() => $_clearField(1);
                          ^^^^^^^^^^^^
lib/generated/spacex_api/device/device.pb.dart:4981:32: Error: The method '$_clearField' isn't defined for the type 'FuseRequest'.
 - 'FuseRequest' is from 'package:starlink_isp_app/generated/spacex_api/device/device.pb.dart' ('lib/generated/spacex_api/device/device.pb.dart').
Try correcting the name to the name of an existing method, or defining a method named '$_clearField'.
  void clearPreventReboot() => $_clearField(1);
                               ^^^^^^^^^^^^
lib/generated/spacex_api/device/device.pb.dart:5170:25: Error: The method '$_clearField' isn't defined for the type 'GetLogResponse_Logs'.
 - 'GetLogResponse_Logs' is from 'package:starlink_isp_app/generated/spacex_api/device/device.pb.dart' ('lib/generated/spacex_api/device/device.pb.dart').
Try correcting the name to the name of an existing method, or defining a method named '$_clearField'.
  void clearSyslog() => $_clearField(1);
                        ^^^^^^^^^^^^
lib/generated/spacex_api/device/device.pb.dart:5179:24: Error: The method '$_clearField' isn't defined for the type 'GetLogResponse_Logs'.
 - 'GetLogResponse_Logs' is from 'package:starlink_isp_app/generated/spacex_api/device/device.pb.dart' ('lib/generated/spacex_api/device/device.pb.dart').
Try correcting the name to the name of an existing method, or defining a method named '$_clearField'.
  void clearDmesg() => $_clearField(2);
                       ^^^^^^^^^^^^
lib/generated/spacex_api/device/device.pb.dart:5188:30: Error: The method '$_clearField' isn't defined for the type 'GetLogResponse_Logs'.
 - 'GetLogResponse_Logs' is from 'package:starlink_isp_app/generated/spacex_api/device/device.pb.dart' ('lib/generated/spacex_api/device/device.pb.dart').
Try correcting the name to the name of an existing method, or defining a method named '$_clearField'.
  void clearKernelPanic() => $_clearField(3);
                             ^^^^^^^^^^^^
lib/generated/spacex_api/device/device.pb.dart:5197:30: Error: The method '$_clearField' isn't defined for the type 'GetLogResponse_Logs'.
 - 'GetLogResponse_Logs' is from 'package:starlink_isp_app/generated/spacex_api/device/device.pb.dart' ('lib/generated/spacex_api/device/device.pb.dart').
Try correcting the name to the name of an existing method, or defining a method named '$_clearField'.
  void clearMtkEthProcs() => $_clearField(4);
                             ^^^^^^^^^^^^
lib/generated/spacex_api/device/device.pb.dart:5206:34: Error: The method '$_clearField' isn't defined for the type 'GetLogResponse_Logs'.
 - 'GetLogResponse_Logs' is from 'package:starlink_isp_app/generated/spacex_api/device/device.pb.dart' ('lib/generated/spacex_api/device/device.pb.dart').
Try correcting the name to the name of an existing method, or defining a method named '$_clearField'.
  void clearDebugNetsys0sec() => $_clearField(5);
                                 ^^^^^^^^^^^^
lib/generated/spacex_api/device/device.pb.dart:5215:34: Error: The method '$_clearField' isn't defined for the type 'GetLogResponse_Logs'.
 - 'GetLogResponse_Logs' is from 'package:starlink_isp_app/generated/spacex_api/device/device.pb.dart' ('lib/generated/spacex_api/device/device.pb.dart').
Try correcting the name to the name of an existing method, or defining a method named '$_clearField'.
  void clearDebugNetsys2sec() => $_clearField(6);
                                 ^^^^^^^^^^^^
lib/generated/spacex_api/device/device.pb.dart:5284:25: Error: The method '$_clearField' isn't defined for the type 'GetLogResponse'.
 - 'GetLogResponse' is from 'package:starlink_isp_app/generated/spacex_api/device/device.pb.dart' ('lib/generated/spacex_api/device/device.pb.dart').
Try correcting the name to the name of an existing method, or defining a method named '$_clearField'.
  void clearSyslog() => $_clearField(1);
                        ^^^^^^^^^^^^
lib/generated/spacex_api/device/device.pb.dart:5293:29: Error: The method '$_clearField' isn't defined for the type 'GetLogResponse'.
 - 'GetLogResponse' is from 'package:starlink_isp_app/generated/spacex_api/device/device.pb.dart' ('lib/generated/spacex_api/device/device.pb.dart').
Try correcting the name to the name of an existing method, or defining a method named '$_clearField'.
  void clearOfflineLog() => $_clearField(2);
                            ^^^^^^^^^^^^
lib/generated/spacex_api/device/device.pb.dart:5302:32: Error: The method '$_clearField' isn't defined for the type 'GetLogResponse'.
 - 'GetLogResponse' is from 'package:starlink_isp_app/generated/spacex_api/device/device.pb.dart' ('lib/generated/spacex_api/device/device.pb.dart').
Try correcting the name to the name of an existing method, or defining a method named '$_clearField'.
  void clearPersistentLog() => $_clearField(3);
                               ^^^^^^^^^^^^
lib/generated/spacex_api/device/device.pb.dart:5307:45: Error: The method '$_setField' isn't defined for the type 'GetLogResponse'.
 - 'GetLogResponse' is from 'package:starlink_isp_app/generated/spacex_api/device/device.pb.dart' ('lib/generated/spacex_api/device/device.pb.dart').
Try correcting the name to the name of an existing method, or defining a method named '$_setField'.
  set current(GetLogResponse_Logs value) => $_setField(4, value);
                                            ^^^^^^^^^^
lib/generated/spacex_api/device/device.pb.dart:5311:26: Error: The method '$_clearField' isn't defined for the type 'GetLogResponse'.
 - 'GetLogResponse' is from 'package:starlink_isp_app/generated/spacex_api/device/device.pb.dart' ('lib/generated/spacex_api/device/device.pb.dart').
Try correcting the name to the name of an existing method, or defining a method named '$_clearField'.
  void clearCurrent() => $_clearField(4);
                         ^^^^^^^^^^^^
lib/generated/spacex_api/device/device.pb.dart:5318:43: Error: The method '$_setField' isn't defined for the type 'GetLogResponse'.
 - 'GetLogResponse' is from 'package:starlink_isp_app/generated/spacex_api/device/device.pb.dart' ('lib/generated/spacex_api/device/device.pb.dart').
Try correcting the name to the name of an existing method, or defining a method named '$_setField'.
  set saved(GetLogResponse_Logs value) => $_setField(5, value);
                                          ^^^^^^^^^^
lib/generated/spacex_api/device/device.pb.dart:5322:24: Error: The method '$_clearField' isn't defined for the type 'GetLogResponse'.
 - 'GetLogResponse' is from 'package:starlink_isp_app/generated/spacex_api/device/device.pb.dart' ('lib/generated/spacex_api/device/device.pb.dart').
Try correcting the name to the name of an existing method, or defining a method named '$_clearField'.
  void clearSaved() => $_clearField(5);
                       ^^^^^^^^^^^^
lib/generated/spacex_api/device/device.pb.dart:5425:22: Error: The method '$_clearField' isn't defined for the type 'GetPingResponse_ResultsEntry'.
 - 'GetPingResponse_ResultsEntry' is from 'package:starlink_isp_app/generated/spacex_api/device/device.pb.dart' ('lib/generated/spacex_api/device/device.pb.dart').
Try correcting the name to the name of an existing method, or defining a method named '$_clearField'.
  void clearKey() => $_clearField(1);
                     ^^^^^^^^^^^^
lib/generated/spacex_api/device/device.pb.dart:5430:37: Error: The method '$_setField' isn't defined for the type 'GetPingResponse_ResultsEntry'.
 - 'GetPingResponse_ResultsEntry' is from 'package:starlink_isp_app/generated/spacex_api/device/device.pb.dart' ('lib/generated/spacex_api/device/device.pb.dart').
Try correcting the name to the name of an existing method, or defining a method named '$_setField'.
  set value($2.PingResult value) => $_setField(2, value);
                                    ^^^^^^^^^^
lib/generated/spacex_api/device/device.pb.dart:5434:24: Error: The method '$_clearField' isn't defined for the type 'GetPingResponse_ResultsEntry'.
 - 'GetPingResponse_ResultsEntry' is from 'package:starlink_isp_app/generated/spacex_api/device/device.pb.dart' ('lib/generated/spacex_api/device/device.pb.dart').
Try correcting the name to the name of an existing method, or defining a method named '$_clearField'.
  void clearValue() => $_clearField(2);
                       ^^^^^^^^^^^^
lib/generated/spacex_api/device/device.pb.dart:5462:7: Error: The method 'pPM' isn't defined for the type 'BuilderInfo'.
 - 'BuilderInfo' is from 'package:protobuf/protobuf.dart' ('../../../.pub-cache/hosted/pub.dev/protobuf-3.1.0/lib/protobuf.dart').
Try correcting the name to the name of an existing method, or defining a method named 'pPM'.
    ..pPM<GetPingResponse_ResultsEntry>(1, _omitFieldNames ? '' : 'results',
      ^^^
lib/generated/spacex_api/device/device.pb.dart:5486:59: Error: A value of type 'List<dynamic>' can't be returned from a function with return type 'PbList<GetPingResponse_ResultsEntry>'.
 - 'List' is from 'dart:core'.
 - 'PbList' is from 'package:protobuf/protobuf.dart' ('../../../.pub-cache/hosted/pub.dev/protobuf-3.1.0/lib/protobuf.dart').
 - 'GetPingResponse_ResultsEntry' is from 'package:starlink_isp_app/generated/spacex_api/device/device.pb.dart' ('lib/generated/spacex_api/device/device.pb.dart').
  $pb.PbList<GetPingResponse_ResultsEntry> get results => $_getList(0);
                                                          ^
lib/generated/spacex_api/device/device.pb.dart:5515:7: Error: The method 'aI' isn't defined for the type 'BuilderInfo'.
 - 'BuilderInfo' is from 'package:protobuf/protobuf.dart' ('../../../.pub-cache/hosted/pub.dev/protobuf-3.1.0/lib/protobuf.dart').
Try correcting the name to the name of an existing method, or defining a method named 'aI'.
    ..aI(4, _omitFieldNames ? '' : 'size', fieldType: $pb.PbFieldType.OU3)
      ^^
lib/generated/spacex_api/device/device.pb.dart:5544:26: Error: The method '$_clearField' isn't defined for the type 'PingHostRequest'.
 - 'PingHostRequest' is from 'package:starlink_isp_app/generated/spacex_api/device/device.pb.dart' ('lib/generated/spacex_api/device/device.pb.dart').
Try correcting the name to the name of an existing method, or defining a method named '$_clearField'.
  void clearAddress() => $_clearField(3);
                         ^^^^^^^^^^^^
lib/generated/spacex_api/device/device.pb.dart:5553:23: Error: The method '$_clearField' isn't defined for the type 'PingHostRequest'.
 - 'PingHostRequest' is from 'package:starlink_isp_app/generated/spacex_api/device/device.pb.dart' ('lib/generated/spacex_api/device/device.pb.dart').
Try correcting the name to the name of an existing method, or defining a method named '$_clearField'.
  void clearSize() => $_clearField(4);
                      ^^^^^^^^^^^^
lib/generated/spacex_api/device/device.pb.dart:5605:38: Error: The method '$_setField' isn't defined for the type 'PingHostResponse'.
 - 'PingHostResponse' is from 'package:starlink_isp_app/generated/spacex_api/device/device.pb.dart' ('lib/generated/spacex_api/device/device.pb.dart').
Try correcting the name to the name of an existing method, or defining a method named '$_setField'.
  set result($2.PingResult value) => $_setField(1, value);
                                     ^^^^^^^^^^
lib/generated/spacex_api/device/device.pb.dart:5609:25: Error: The method '$_clearField' isn't defined for the type 'PingHostResponse'.
 - 'PingHostResponse' is from 'package:starlink_isp_app/generated/spacex_api/device/device.pb.dart' ('lib/generated/spacex_api/device/device.pb.dart').
Try correcting the name to the name of an existing method, or defining a method named '$_clearField'.
  void clearResult() => $_clearField(1);
                        ^^^^^^^^^^^^
lib/generated/spacex_api/device/device.pb.dart:5637:7: Error: The method 'aE' isn't defined for the type 'BuilderInfo'.
 - 'BuilderInfo' is from 'package:protobuf/protobuf.dart' ('../../../.pub-cache/hosted/pub.dev/protobuf-3.1.0/lib/protobuf.dart').
Try correcting the name to the name of an existing method, or defining a method named 'aE'.
    ..aE<$3.RouterRole>(1, _omitFieldNames ? '' : 'routerRole',
      ^^
lib/generated/spacex_api/device/device.pb.dart:5663:42: Error: The method '$_setField' isn't defined for the type 'GetStatusRequest'.
 - 'GetStatusRequest' is from 'package:starlink_isp_app/generated/spacex_api/device/device.pb.dart' ('lib/generated/spacex_api/device/device.pb.dart').
Try correcting the name to the name of an existing method, or defining a method named '$_setField'.
  set routerRole($3.RouterRole value) => $_setField(1, value);
                                         ^^^^^^^^^^
lib/generated/spacex_api/device/device.pb.dart:5667:29: Error: The method '$_clearField' isn't defined for the type 'GetStatusRequest'.
 - 'GetStatusRequest' is from 'package:starlink_isp_app/generated/spacex_api/device/device.pb.dart' ('lib/generated/spacex_api/device/device.pb.dart').
Try correcting the name to the name of an existing method, or defining a method named '$_clearField'.
  void clearRouterRole() => $_clearField(1);
                            ^^^^^^^^^^^^
lib/generated/spacex_api/device/device.pb.dart:5785:7: Error: The method 'aD' isn't defined for the type 'BuilderInfo'.
 - 'BuilderInfo' is from 'package:protobuf/protobuf.dart' ('../../../.pub-cache/hosted/pub.dev/protobuf-3.1.0/lib/protobuf.dart').
Try correcting the name to the name of an existing method, or defining a method named 'aD'.
    ..aD(1, _omitFieldNames ? '' : 'uploadMbps', fieldType: $pb.PbFieldType.OF)
      ^^
lib/generated/spacex_api/device/device.pb.dart:5786:7: Error: The method 'aD' isn't defined for the type 'BuilderInfo'.
 - 'BuilderInfo' is from 'package:protobuf/protobuf.dart' ('../../../.pub-cache/hosted/pub.dev/protobuf-3.1.0/lib/protobuf.dart').
Try correcting the name to the name of an existing method, or defining a method named 'aD'.
    ..aD(2, _omitFieldNames ? '' : 'downloadMbps',
      ^^
lib/generated/spacex_api/device/device.pb.dart:5788:7: Error: The method 'aD' isn't defined for the type 'BuilderInfo'.
 - 'BuilderInfo' is from 'package:protobuf/protobuf.dart' ('../../../.pub-cache/hosted/pub.dev/protobuf-3.1.0/lib/protobuf.dart').
Try correcting the name to the name of an existing method, or defining a method named 'aD'.
    ..aD(3, _omitFieldNames ? '' : 'latencyMs', fieldType: $pb.PbFieldType.OF)
      ^^
lib/generated/spacex_api/device/device.pb.dart:5794:7: Error: The method 'aE' isn't defined for the type 'BuilderInfo'.
 - 'BuilderInfo' is from 'package:protobuf/protobuf.dart' ('../../../.pub-cache/hosted/pub.dev/protobuf-3.1.0/lib/protobuf.dart').
Try correcting the name to the name of an existing method, or defining a method named 'aE'.
    ..aE<SpeedTestStats_Target>(7, _omitFieldNames ? '' : 'target',
      ^^
lib/generated/spacex_api/device/device.pb.dart:5796:7: Error: The method 'aI' isn't defined for the type 'BuilderInfo'.
 - 'BuilderInfo' is from 'package:protobuf/protobuf.dart' ('../../../.pub-cache/hosted/pub.dev/protobuf-3.1.0/lib/protobuf.dart').
Try correcting the name to the name of an existing method, or defining a method named 'aI'.
    ..aI(8, _omitFieldNames ? '' : 'tcpStreams', fieldType: $pb.PbFieldType.OU3)
      ^^
lib/generated/spacex_api/device/device.pb.dart:5825:29: Error: The method '$_clearField' isn't defined for the type 'SpeedTestStats'.
 - 'SpeedTestStats' is from 'package:starlink_isp_app/generated/spacex_api/device/device.pb.dart' ('lib/generated/spacex_api/device/device.pb.dart').
Try correcting the name to the name of an existing method, or defining a method named '$_clearField'.
  void clearUploadMbps() => $_clearField(1);
                            ^^^^^^^^^^^^
lib/generated/spacex_api/device/device.pb.dart:5834:31: Error: The method '$_clearField' isn't defined for the type 'SpeedTestStats'.
 - 'SpeedTestStats' is from 'package:starlink_isp_app/generated/spacex_api/device/device.pb.dart' ('lib/generated/spacex_api/device/device.pb.dart').
Try correcting the name to the name of an existing method, or defining a method named '$_clearField'.
  void clearDownloadMbps() => $_clearField(2);
                              ^^^^^^^^^^^^
lib/generated/spacex_api/device/device.pb.dart:5843:28: Error: The method '$_clearField' isn't defined for the type 'SpeedTestStats'.
 - 'SpeedTestStats' is from 'package:starlink_isp_app/generated/spacex_api/device/device.pb.dart' ('lib/generated/spacex_api/device/device.pb.dart').
Try correcting the name to the name of an existing method, or defining a method named '$_clearField'.
  void clearLatencyMs() => $_clearField(3);
                           ^^^^^^^^^^^^
lib/generated/spacex_api/device/device.pb.dart:5852:28: Error: The method '$_clearField' isn't defined for the type 'SpeedTestStats'.
 - 'SpeedTestStats' is from 'package:starlink_isp_app/generated/spacex_api/device/device.pb.dart' ('lib/generated/spacex_api/device/device.pb.dart').
Try correcting the name to the name of an existing method, or defining a method named '$_clearField'.
  void clearStartTime() => $_clearField(4);
                           ^^^^^^^^^^^^
lib/generated/spacex_api/device/device.pb.dart:5861:34: Error: The method '$_clearField' isn't defined for the type 'SpeedTestStats'.
 - 'SpeedTestStats' is from 'package:starlink_isp_app/generated/spacex_api/device/device.pb.dart' ('lib/generated/spacex_api/device/device.pb.dart').
Try correcting the name to the name of an existing method, or defining a method named '$_clearField'.
  void clearUploadStartTime() => $_clearField(5);
                                 ^^^^^^^^^^^^
lib/generated/spacex_api/device/device.pb.dart:5870:36: Error: The method '$_clearField' isn't defined for the type 'SpeedTestStats'.
 - 'SpeedTestStats' is from 'package:starlink_isp_app/generated/spacex_api/device/device.pb.dart' ('lib/generated/spacex_api/device/device.pb.dart').
Try correcting the name to the name of an existing method, or defining a method named '$_clearField'.
  void clearDownloadStartTime() => $_clearField(6);
                                   ^^^^^^^^^^^^
lib/generated/spacex_api/device/device.pb.dart:5875:46: Error: The method '$_setField' isn't defined for the type 'SpeedTestStats'.
 - 'SpeedTestStats' is from 'package:starlink_isp_app/generated/spacex_api/device/device.pb.dart' ('lib/generated/spacex_api/device/device.pb.dart').
Try correcting the name to the name of an existing method, or defining a method named '$_setField'.
  set target(SpeedTestStats_Target value) => $_setField(7, value);
                                             ^^^^^^^^^^
lib/generated/spacex_api/device/device.pb.dart:5879:25: Error: The method '$_clearField' isn't defined for the type 'SpeedTestStats'.
 - 'SpeedTestStats' is from 'package:starlink_isp_app/generated/spacex_api/device/device.pb.dart' ('lib/generated/spacex_api/device/device.pb.dart').
Try correcting the name to the name of an existing method, or defining a method named '$_clearField'.
  void clearTarget() => $_clearField(7);
                        ^^^^^^^^^^^^
lib/generated/spacex_api/device/device.pb.dart:5888:29: Error: The method '$_clearField' isn't defined for the type 'SpeedTestStats'.
 - 'SpeedTestStats' is from 'package:starlink_isp_app/generated/spacex_api/device/device.pb.dart' ('lib/generated/spacex_api/device/device.pb.dart').
Try correcting the name to the name of an existing method, or defining a method named '$_clearField'.
  void clearTcpStreams() => $_clearField(8);
                            ^^^^^^^^^^^^
lib/generated/spacex_api/device/device.pb.dart:5918:7: Error: The method 'aE' isn't defined for the type 'BuilderInfo'.
 - 'BuilderInfo' is from 'package:protobuf/protobuf.dart' ('../../../.pub-cache/hosted/pub.dev/protobuf-3.1.0/lib/protobuf.dart').
Try correcting the name to the name of an existing method, or defining a method named 'aE'.
    ..aE<ClientPlatform_Platform>(1, _omitFieldNames ? '' : 'platform',
      ^^
lib/generated/spacex_api/device/device.pb.dart:5920:7: Error: The method 'aD' isn't defined for the type 'BuilderInfo'.
 - 'BuilderInfo' is from 'package:protobuf/protobuf.dart' ('../../../.pub-cache/hosted/pub.dev/protobuf-3.1.0/lib/protobuf.dart').
Try correcting the name to the name of an existing method, or defining a method named 'aD'.
    ..aD(2, _omitFieldNames ? '' : 'majorVersion',
      ^^
lib/generated/spacex_api/device/device.pb.dart:5922:7: Error: The method 'aD' isn't defined for the type 'BuilderInfo'.
 - 'BuilderInfo' is from 'package:protobuf/protobuf.dart' ('../../../.pub-cache/hosted/pub.dev/protobuf-3.1.0/lib/protobuf.dart').
Try correcting the name to the name of an existing method, or defining a method named 'aD'.
    ..aD(3, _omitFieldNames ? '' : 'minorVersion',
      ^^
lib/generated/spacex_api/device/device.pb.dart:5948:50: Error: The method '$_setField' isn't defined for the type 'ClientPlatform'.
 - 'ClientPlatform' is from 'package:starlink_isp_app/generated/spacex_api/device/device.pb.dart' ('lib/generated/spacex_api/device/device.pb.dart').
Try correcting the name to the name of an existing method, or defining a method named '$_setField'.
  set platform(ClientPlatform_Platform value) => $_setField(1, value);
                                                 ^^^^^^^^^^
lib/generated/spacex_api/device/device.pb.dart:5952:27: Error: The method '$_clearField' isn't defined for the type 'ClientPlatform'.
 - 'ClientPlatform' is from 'package:starlink_isp_app/generated/spacex_api/device/device.pb.dart' ('lib/generated/spacex_api/device/device.pb.dart').
Try correcting the name to the name of an existing method, or defining a method named '$_clearField'.
  void clearPlatform() => $_clearField(1);
                          ^^^^^^^^^^^^
lib/generated/spacex_api/device/device.pb.dart:5961:31: Error: The method '$_clearField' isn't defined for the type 'ClientPlatform'.
 - 'ClientPlatform' is from 'package:starlink_isp_app/generated/spacex_api/device/device.pb.dart' ('lib/generated/spacex_api/device/device.pb.dart').
Try correcting the name to the name of an existing method, or defining a method named '$_clearField'.
  void clearMajorVersion() => $_clearField(2);
                              ^^^^^^^^^^^^
lib/generated/spacex_api/device/device.pb.dart:5970:31: Error: The method '$_clearField' isn't defined for the type 'ClientPlatform'.
 - 'ClientPlatform' is from 'package:starlink_isp_app/generated/spacex_api/device/device.pb.dart' ('lib/generated/spacex_api/device/device.pb.dart').
Try correcting the name to the name of an existing method, or defining a method named '$_clearField'.
  void clearMinorVersion() => $_clearField(3);
                              ^^^^^^^^^^^^
lib/generated/spacex_api/device/device.pb.dart:6004:7: Error: The method 'aD' isn't defined for the type 'BuilderInfo'.
 - 'BuilderInfo' is from 'package:protobuf/protobuf.dart' ('../../../.pub-cache/hosted/pub.dev/protobuf-3.1.0/lib/protobuf.dart').
Try correcting the name to the name of an existing method, or defining a method named 'aD'.
    ..aD(2, _omitFieldNames ? '' : 'clientRssi', fieldType: $pb.PbFieldType.OF)
      ^^
lib/generated/spacex_api/device/device.pb.dart:6007:7: Error: The method 'aI' isn't defined for the type 'BuilderInfo'.
 - 'BuilderInfo' is from 'package:protobuf/protobuf.dart' ('../../../.pub-cache/hosted/pub.dev/protobuf-3.1.0/lib/protobuf.dart').
Try correcting the name to the name of an existing method, or defining a method named 'aI'.
    ..aI(4, _omitFieldNames ? '' : 'id', fieldType: $pb.PbFieldType.OU3)
      ^^
lib/generated/spacex_api/device/device.pb.dart:6032:48: Error: The method '$_setField' isn't defined for the type 'SpeedTestRequest'.
 - 'SpeedTestRequest' is from 'package:starlink_isp_app/generated/spacex_api/device/device.pb.dart' ('lib/generated/spacex_api/device/device.pb.dart').
Try correcting the name to the name of an existing method, or defining a method named '$_setField'.
  set clientSpeedtest(SpeedTestStats value) => $_setField(1, value);
                                               ^^^^^^^^^^
lib/generated/spacex_api/device/device.pb.dart:6036:34: Error: The method '$_clearField' isn't defined for the type 'SpeedTestRequest'.
 - 'SpeedTestRequest' is from 'package:starlink_isp_app/generated/spacex_api/device/device.pb.dart' ('lib/generated/spacex_api/device/device.pb.dart').
Try correcting the name to the name of an existing method, or defining a method named '$_clearField'.
  void clearClientSpeedtest() => $_clearField(1);
                                 ^^^^^^^^^^^^
lib/generated/spacex_api/device/device.pb.dart:6047:29: Error: The method '$_clearField' isn't defined for the type 'SpeedTestRequest'.
 - 'SpeedTestRequest' is from 'package:starlink_isp_app/generated/spacex_api/device/device.pb.dart' ('lib/generated/spacex_api/device/device.pb.dart').
Try correcting the name to the name of an existing method, or defining a method named '$_clearField'.
  void clearClientRssi() => $_clearField(2);
                            ^^^^^^^^^^^^
lib/generated/spacex_api/device/device.pb.dart:6052:47: Error: The method '$_setField' isn't defined for the type 'SpeedTestRequest'.
 - 'SpeedTestRequest' is from 'package:starlink_isp_app/generated/spacex_api/device/device.pb.dart' ('lib/generated/spacex_api/device/device.pb.dart').
Try correcting the name to the name of an existing method, or defining a method named '$_setField'.
  set clientPlatform(ClientPlatform value) => $_setField(3, value);
                                              ^^^^^^^^^^
lib/generated/spacex_api/device/device.pb.dart:6056:33: Error: The method '$_clearField' isn't defined for the type 'SpeedTestRequest'.
 - 'SpeedTestRequest' is from 'package:starlink_isp_app/generated/spacex_api/device/device.pb.dart' ('lib/generated/spacex_api/device/device.pb.dart').
Try correcting the name to the name of an existing method, or defining a method named '$_clearField'.
  void clearClientPlatform() => $_clearField(3);
                                ^^^^^^^^^^^^
lib/generated/spacex_api/device/device.pb.dart:6067:21: Error: The method '$_clearField' isn't defined for the type 'SpeedTestRequest'.
 - 'SpeedTestRequest' is from 'package:starlink_isp_app/generated/spacex_api/device/device.pb.dart' ('lib/generated/spacex_api/device/device.pb.dart').
Try correcting the name to the name of an existing method, or defining a method named '$_clearField'.
  void clearId() => $_clearField(4);
                    ^^^^^^^^^^^^
lib/generated/spacex_api/device/device.pb.dart:6129:7: Error: The method 'aD' isn't defined for the type 'BuilderInfo'.
 - 'BuilderInfo' is from 'package:protobuf/protobuf.dart' ('../../../.pub-cache/hosted/pub.dev/protobuf-3.1.0/lib/protobuf.dart').
Try correcting the name to the name of an existing method, or defining a method named 'aD'.
    ..aD(1, _omitFieldNames ? '' : 'downloadBps', fieldType: $pb.PbFieldType.OF)
      ^^
lib/generated/spacex_api/device/device.pb.dart:6130:7: Error: The method 'aD' isn't defined for the type 'BuilderInfo'.
 - 'BuilderInfo' is from 'package:protobuf/protobuf.dart' ('../../../.pub-cache/hosted/pub.dev/protobuf-3.1.0/lib/protobuf.dart').
Try correcting the name to the name of an existing method, or defining a method named 'aD'.
    ..aD(2, _omitFieldNames ? '' : 'uploadBps', fieldType: $pb.PbFieldType.OF)
      ^^
lib/generated/spacex_api/device/device.pb.dart:6131:7: Error: The method 'aD' isn't defined for the type 'BuilderInfo'.
 - 'BuilderInfo' is from 'package:protobuf/protobuf.dart' ('../../../.pub-cache/hosted/pub.dev/protobuf-3.1.0/lib/protobuf.dart').
Try correcting the name to the name of an existing method, or defining a method named 'aD'.
    ..aD(3, _omitFieldNames ? '' : 'latencyS', fieldType: $pb.PbFieldType.OF)
      ^^
lib/generated/spacex_api/device/device.pb.dart:6132:7: Error: The method 'aD' isn't defined for the type 'BuilderInfo'.
 - 'BuilderInfo' is from 'package:protobuf/protobuf.dart' ('../../../.pub-cache/hosted/pub.dev/protobuf-3.1.0/lib/protobuf.dart').
Try correcting the name to the name of an existing method, or defining a method named 'aD'.
    ..aD(4, _omitFieldNames ? '' : 'downloadMbps',
      ^^
lib/generated/spacex_api/device/device.pb.dart:6134:7: Error: The method 'aD' isn't defined for the type 'BuilderInfo'.
 - 'BuilderInfo' is from 'package:protobuf/protobuf.dart' ('../../../.pub-cache/hosted/pub.dev/protobuf-3.1.0/lib/protobuf.dart').
Try correcting the name to the name of an existing method, or defining a method named 'aD'.
    ..aD(5, _omitFieldNames ? '' : 'uploadMbps', fieldType: $pb.PbFieldType.OF)
      ^^
lib/generated/spacex_api/device/device.pb.dart:6135:7: Error: The method 'aD' isn't defined for the type 'BuilderInfo'.
 - 'BuilderInfo' is from 'package:protobuf/protobuf.dart' ('../../../.pub-cache/hosted/pub.dev/protobuf-3.1.0/lib/protobuf.dart').
Try correcting the name to the name of an existing method, or defining a method named 'aD'.
    ..aD(6, _omitFieldNames ? '' : 'latencyMs', fieldType: $pb.PbFieldType.OF)
      ^^
lib/generated/spacex_api/device/device.pb.dart:6136:7: Error: The method 'aD' isn't defined for the type 'BuilderInfo'.
 - 'BuilderInfo' is from 'package:protobuf/protobuf.dart' ('../../../.pub-cache/hosted/pub.dev/protobuf-3.1.0/lib/protobuf.dart').
Try correcting the name to the name of an existing method, or defining a method named 'aD'.
    ..aD(7, _omitFieldNames ? '' : 'downloadMbps1TcpConn',
      ^^
lib/generated/spacex_api/device/device.pb.dart:6138:7: Error: The method 'aD' isn't defined for the type 'BuilderInfo'.
 - 'BuilderInfo' is from 'package:protobuf/protobuf.dart' ('../../../.pub-cache/hosted/pub.dev/protobuf-3.1.0/lib/protobuf.dart').
Try correcting the name to the name of an existing method, or defining a method named 'aD'.
    ..aD(8, _omitFieldNames ? '' : 'uploadMbps1TcpConn',
      ^^
lib/generated/spacex_api/device/device.pb.dart:6140:7: Error: The method 'aD' isn't defined for the type 'BuilderInfo'.
 - 'BuilderInfo' is from 'package:protobuf/protobuf.dart' ('../../../.pub-cache/hosted/pub.dev/protobuf-3.1.0/lib/protobuf.dart').
Try correcting the name to the name of an existing method, or defining a method named 'aD'.
    ..aD(9, _omitFieldNames ? '' : 'downloadMbps4TcpConn',
      ^^
lib/generated/spacex_api/device/device.pb.dart:6142:7: Error: The method 'aD' isn't defined for the type 'BuilderInfo'.
 - 'BuilderInfo' is from 'package:protobuf/protobuf.dart' ('../../../.pub-cache/hosted/pub.dev/protobuf-3.1.0/lib/protobuf.dart').
Try correcting the name to the name of an existing method, or defining a method named 'aD'.
    ..aD(10, _omitFieldNames ? '' : 'uploadMbps4TcpConn',
      ^^
lib/generated/spacex_api/device/device.pb.dart:6144:7: Error: The method 'aD' isn't defined for the type 'BuilderInfo'.
 - 'BuilderInfo' is from 'package:protobuf/protobuf.dart' ('../../../.pub-cache/hosted/pub.dev/protobuf-3.1.0/lib/protobuf.dart').
Try correcting the name to the name of an existing method, or defining a method named 'aD'.
    ..aD(11, _omitFieldNames ? '' : 'downloadMbps16TcpConn',
      ^^
lib/generated/spacex_api/device/device.pb.dart:6146:7: Error: The method 'aD' isn't defined for the type 'BuilderInfo'.
 - 'BuilderInfo' is from 'package:protobuf/protobuf.dart' ('../../../.pub-cache/hosted/pub.dev/protobuf-3.1.0/lib/protobuf.dart').
Try correcting the name to the name of an existing method, or defining a method named 'aD'.
    ..aD(12, _omitFieldNames ? '' : 'uploadMbps16TcpConn',
      ^^
lib/generated/spacex_api/device/device.pb.dart:6148:7: Error: The method 'aD' isn't defined for the type 'BuilderInfo'.
 - 'BuilderInfo' is from 'package:protobuf/protobuf.dart' ('../../../.pub-cache/hosted/pub.dev/protobuf-3.1.0/lib/protobuf.dart').
Try correcting the name to the name of an existing method, or defining a method named 'aD'.
    ..aD(13, _omitFieldNames ? '' : 'downloadMbps64TcpConn',
      ^^
lib/generated/spacex_api/device/device.pb.dart:6150:7: Error: The method 'aD' isn't defined for the type 'BuilderInfo'.
 - 'BuilderInfo' is from 'package:protobuf/protobuf.dart' ('../../../.pub-cache/hosted/pub.dev/protobuf-3.1.0/lib/protobuf.dart').
Try correcting the name to the name of an existing method, or defining a method named 'aD'.
    ..aD(14, _omitFieldNames ? '' : 'uploadMbps64TcpConn',
      ^^
lib/generated/spacex_api/device/device.pb.dart:6182:30: Error: The method '$_clearField' isn't defined for the type 'SpeedTestResponse'.
 - 'SpeedTestResponse' is from 'package:starlink_isp_app/generated/spacex_api/device/device.pb.dart' ('lib/generated/spacex_api/device/device.pb.dart').
Try correcting the name to the name of an existing method, or defining a method named '$_clearField'.
  void clearDownloadBps() => $_clearField(1);
                             ^^^^^^^^^^^^
lib/generated/spacex_api/device/device.pb.dart:6191:28: Error: The method '$_clearField' isn't defined for the type 'SpeedTestResponse'.
 - 'SpeedTestResponse' is from 'package:starlink_isp_app/generated/spacex_api/device/device.pb.dart' ('lib/generated/spacex_api/device/device.pb.dart').
Try correcting the name to the name of an existing method, or defining a method named '$_clearField'.
  void clearUploadBps() => $_clearField(2);
                           ^^^^^^^^^^^^
lib/generated/spacex_api/device/device.pb.dart:6200:27: Error: The method '$_clearField' isn't defined for the type 'SpeedTestResponse'.
 - 'SpeedTestResponse' is from 'package:starlink_isp_app/generated/spacex_api/device/device.pb.dart' ('lib/generated/spacex_api/device/device.pb.dart').
Try correcting the name to the name of an existing method, or defining a method named '$_clearField'.
  void clearLatencyS() => $_clearField(3);
                          ^^^^^^^^^^^^
lib/generated/spacex_api/device/device.pb.dart:6209:31: Error: The method '$_clearField' isn't defined for the type 'SpeedTestResponse'.
 - 'SpeedTestResponse' is from 'package:starlink_isp_app/generated/spacex_api/device/device.pb.dart' ('lib/generated/spacex_api/device/device.pb.dart').
Try correcting the name to the name of an existing method, or defining a method named '$_clearField'.
  void clearDownloadMbps() => $_clearField(4);
                              ^^^^^^^^^^^^
lib/generated/spacex_api/device/device.pb.dart:6218:29: Error: The method '$_clearField' isn't defined for the type 'SpeedTestResponse'.
 - 'SpeedTestResponse' is from 'package:starlink_isp_app/generated/spacex_api/device/device.pb.dart' ('lib/generated/spacex_api/device/device.pb.dart').
Try correcting the name to the name of an existing method, or defining a method named '$_clearField'.
  void clearUploadMbps() => $_clearField(5);
                            ^^^^^^^^^^^^
lib/generated/spacex_api/device/device.pb.dart:6227:28: Error: The method '$_clearField' isn't defined for the type 'SpeedTestResponse'.
 - 'SpeedTestResponse' is from 'package:starlink_isp_app/generated/spacex_api/device/device.pb.dart' ('lib/generated/spacex_api/device/device.pb.dart').
Try correcting the name to the name of an existing method, or defining a method named '$_clearField'.
  void clearLatencyMs() => $_clearField(6);
                           ^^^^^^^^^^^^
lib/generated/spacex_api/device/device.pb.dart:6236:39: Error: The method '$_clearField' isn't defined for the type 'SpeedTestResponse'.
 - 'SpeedTestResponse' is from 'package:starlink_isp_app/generated/spacex_api/device/device.pb.dart' ('lib/generated/spacex_api/device/device.pb.dart').
Try correcting the name to the name of an existing method, or defining a method named '$_clearField'.
  void clearDownloadMbps1TcpConn() => $_clearField(7);
                                      ^^^^^^^^^^^^
lib/generated/spacex_api/device/device.pb.dart:6245:37: Error: The method '$_clearField' isn't defined for the type 'SpeedTestResponse'.
 - 'SpeedTestResponse' is from 'package:starlink_isp_app/generated/spacex_api/device/device.pb.dart' ('lib/generated/spacex_api/device/device.pb.dart').
Try correcting the name to the name of an existing method, or defining a method named '$_clearField'.
  void clearUploadMbps1TcpConn() => $_clearField(8);
                                    ^^^^^^^^^^^^
lib/generated/spacex_api/device/device.pb.dart:6254:39: Error: The method '$_clearField' isn't defined for the type 'SpeedTestResponse'.
 - 'SpeedTestResponse' is from 'package:starlink_isp_app/generated/spacex_api/device/device.pb.dart' ('lib/generated/spacex_api/device/device.pb.dart').
Try correcting the name to the name of an existing method, or defining a method named '$_clearField'.
  void clearDownloadMbps4TcpConn() => $_clearField(9);
                                      ^^^^^^^^^^^^
lib/generated/spacex_api/device/device.pb.dart:6263:37: Error: The method '$_clearField' isn't defined for the type 'SpeedTestResponse'.
 - 'SpeedTestResponse' is from 'package:starlink_isp_app/generated/spacex_api/device/device.pb.dart' ('lib/generated/spacex_api/device/device.pb.dart').
Try correcting the name to the name of an existing method, or defining a method named '$_clearField'.
  void clearUploadMbps4TcpConn() => $_clearField(10);
                                    ^^^^^^^^^^^^
lib/generated/spacex_api/device/device.pb.dart:6272:40: Error: The method '$_clearField' isn't defined for the type 'SpeedTestResponse'.
 - 'SpeedTestResponse' is from 'package:starlink_isp_app/generated/spacex_api/device/device.pb.dart' ('lib/generated/spacex_api/device/device.pb.dart').
Try correcting the name to the name of an existing method, or defining a method named '$_clearField'.
  void clearDownloadMbps16TcpConn() => $_clearField(11);
                                       ^^^^^^^^^^^^
lib/generated/spacex_api/device/device.pb.dart:6281:38: Error: The method '$_clearField' isn't defined for the type 'SpeedTestResponse'.
 - 'SpeedTestResponse' is from 'package:starlink_isp_app/generated/spacex_api/device/device.pb.dart' ('lib/generated/spacex_api/device/device.pb.dart').
Try correcting the name to the name of an existing method, or defining a method named '$_clearField'.
  void clearUploadMbps16TcpConn() => $_clearField(12);
                                     ^^^^^^^^^^^^
lib/generated/spacex_api/device/device.pb.dart:6290:40: Error: The method '$_clearField' isn't defined for the type 'SpeedTestResponse'.
 - 'SpeedTestResponse' is from 'package:starlink_isp_app/generated/spacex_api/device/device.pb.dart' ('lib/generated/spacex_api/device/device.pb.dart').
Try correcting the name to the name of an existing method, or defining a method named '$_clearField'.
  void clearDownloadMbps64TcpConn() => $_clearField(13);
                                       ^^^^^^^^^^^^
lib/generated/spacex_api/device/device.pb.dart:6299:38: Error: The method '$_clearField' isn't defined for the type 'SpeedTestResponse'.
 - 'SpeedTestResponse' is from 'package:starlink_isp_app/generated/spacex_api/device/device.pb.dart' ('lib/generated/spacex_api/device/device.pb.dart').
Try correcting the name to the name of an existing method, or defining a method named '$_clearField'.
  void clearUploadMbps64TcpConn() => $_clearField(14);
                                     ^^^^^^^^^^^^
lib/generated/spacex_api/device/device.pb.dart:6304:48: Error: The method '$_setField' isn't defined for the type 'SpeedTestResponse'.
 - 'SpeedTestResponse' is from 'package:starlink_isp_app/generated/spacex_api/device/device.pb.dart' ('lib/generated/spacex_api/device/device.pb.dart').
Try correcting the name to the name of an existing method, or defining a method named '$_setField'.
  set routerSpeedtest(SpeedTestStats value) => $_setField(15, value);
                                               ^^^^^^^^^^
lib/generated/spacex_api/device/device.pb.dart:6308:34: Error: The method '$_clearField' isn't defined for the type 'SpeedTestResponse'.
 - 'SpeedTestResponse' is from 'package:starlink_isp_app/generated/spacex_api/device/device.pb.dart' ('lib/generated/spacex_api/device/device.pb.dart').
Try correcting the name to the name of an existing method, or defining a method named '$_clearField'.
  void clearRouterSpeedtest() => $_clearField(15);
                                 ^^^^^^^^^^^^
lib/generated/spacex_api/device/device.pb.dart:6336:7: Error: The method 'aI' isn't defined for the type 'BuilderInfo'.
 - 'BuilderInfo' is from 'package:protobuf/protobuf.dart' ('../../../.pub-cache/hosted/pub.dev/protobuf-3.1.0/lib/protobuf.dart').
Try correcting the name to the name of an existing method, or defining a method named 'aI'.
    ..aI(1, _omitFieldNames ? '' : 'durationS', fieldType: $pb.PbFieldType.OU3)
      ^^
lib/generated/spacex_api/device/device.pb.dart:6366:28: Error: The method '$_clearField' isn't defined for the type 'RunIperfServerRequest'.
 - 'RunIperfServerRequest' is from 'package:starlink_isp_app/generated/spacex_api/device/device.pb.dart' ('lib/generated/spacex_api/device/device.pb.dart').
Try correcting the name to the name of an existing method, or defining a method named '$_clearField'.
  void clearDurationS() => $_clearField(1);
                           ^^^^^^^^^^^^
lib/generated/spacex_api/device/device.pb.dart:6392:7: Error: The method 'aI' isn't defined for the type 'BuilderInfo'.
 - 'BuilderInfo' is from 'package:protobuf/protobuf.dart' ('../../../.pub-cache/hosted/pub.dev/protobuf-3.1.0/lib/protobuf.dart').
Try correcting the name to the name of an existing method, or defining a method named 'aI'.
    ..aI(1, _omitFieldNames ? '' : 'port', fieldType: $pb.PbFieldType.OU3)
      ^^
lib/generated/spacex_api/device/device.pb.dart:6422:23: Error: The method '$_clearField' isn't defined for the type 'RunIperfServerResponse'.
 - 'RunIperfServerResponse' is from 'package:starlink_isp_app/generated/spacex_api/device/device.pb.dart' ('lib/generated/spacex_api/device/device.pb.dart').
Try correcting the name to the name of an existing method, or defining a method named '$_clearField'.
  void clearPort() => $_clearField(1);
                      ^^^^^^^^^^^^
lib/generated/spacex_api/device/device.pb.dart:6493:7: Error: The method 'aI' isn't defined for the type 'BuilderInfo'.
 - 'BuilderInfo' is from 'package:protobuf/protobuf.dart' ('../../../.pub-cache/hosted/pub.dev/protobuf-3.1.0/lib/protobuf.dart').
Try correcting the name to the name of an existing method, or defining a method named 'aI'.
    ..aI(2, _omitFieldNames ? '' : 'secondsSinceSuccess')
      ^^
lib/generated/spacex_api/device/device.pb.dart:6526:26: Error: The method '$_clearField' isn't defined for the type 'GetConnectionsResponse_ServiceConnection'.
 - 'GetConnectionsResponse_ServiceConnection' is from 'package:starlink_isp_app/generated/spacex_api/device/device.pb.dart' ('lib/generated/spacex_api/device/device.pb.dart').
Try correcting the name to the name of an existing method, or defining a method named '$_clearField'.
  void clearAddress() => $_clearField(1);
                         ^^^^^^^^^^^^
lib/generated/spacex_api/device/device.pb.dart:6535:38: Error: The method '$_clearField' isn't defined for the type 'GetConnectionsResponse_ServiceConnection'.
 - 'GetConnectionsResponse_ServiceConnection' is from 'package:starlink_isp_app/generated/spacex_api/device/device.pb.dart' ('lib/generated/spacex_api/device/device.pb.dart').
Try correcting the name to the name of an existing method, or defining a method named '$_clearField'.
  void clearSecondsSinceSuccess() => $_clearField(2);
                                     ^^^^^^^^^^^^
lib/generated/spacex_api/device/device.pb.dart:6600:22: Error: The method '$_clearField' isn't defined for the type 'GetConnectionsResponse_ServicesEntry'.
 - 'GetConnectionsResponse_ServicesEntry' is from 'package:starlink_isp_app/generated/spacex_api/device/device.pb.dart' ('lib/generated/spacex_api/device/device.pb.dart').
Try correcting the name to the name of an existing method, or defining a method named '$_clearField'.
  void clearKey() => $_clearField(1);
                     ^^^^^^^^^^^^
lib/generated/spacex_api/device/device.pb.dart:6606:7: Error: The method '$_setField' isn't defined for the type 'GetConnectionsResponse_ServicesEntry'.
 - 'GetConnectionsResponse_ServicesEntry' is from 'package:starlink_isp_app/generated/spacex_api/device/device.pb.dart' ('lib/generated/spacex_api/device/device.pb.dart').
Try correcting the name to the name of an existing method, or defining a method named '$_setField'.
      $_setField(2, value);
      ^^^^^^^^^^
lib/generated/spacex_api/device/device.pb.dart:6610:24: Error: The method '$_clearField' isn't defined for the type 'GetConnectionsResponse_ServicesEntry'.
 - 'GetConnectionsResponse_ServicesEntry' is from 'package:starlink_isp_app/generated/spacex_api/device/device.pb.dart' ('lib/generated/spacex_api/device/device.pb.dart').
Try correcting the name to the name of an existing method, or defining a method named '$_clearField'.
  void clearValue() => $_clearField(2);
                       ^^^^^^^^^^^^
lib/generated/spacex_api/device/device.pb.dart:6638:7: Error: The method 'pPM' isn't defined for the type 'BuilderInfo'.
 - 'BuilderInfo' is from 'package:protobuf/protobuf.dart' ('../../../.pub-cache/hosted/pub.dev/protobuf-3.1.0/lib/protobuf.dart').
Try correcting the name to the name of an existing method, or defining a method named 'pPM'.
    ..pPM<GetConnectionsResponse_ServicesEntry>(
      ^^^
lib/generated/spacex_api/device/device.pb.dart:6664:68: Error: A value of type 'List<dynamic>' can't be returned from a function with return type 'PbList<GetConnectionsResponse_ServicesEntry>'.
 - 'List' is from 'dart:core'.
 - 'PbList' is from 'package:protobuf/protobuf.dart' ('../../../.pub-cache/hosted/pub.dev/protobuf-3.1.0/lib/protobuf.dart').
 - 'GetConnectionsResponse_ServicesEntry' is from 'package:starlink_isp_app/generated/spacex_api/device/device.pb.dart' ('lib/generated/spacex_api/device/device.pb.dart').
  $pb.PbList<GetConnectionsResponse_ServicesEntry> get services => $_getList(0);
                                                                   ^
lib/generated/spacex_api/device/device.pb.dart:6756:42: Error: The method '$_setField' isn't defined for the type 'GetDeviceInfoResponse'.
 - 'GetDeviceInfoResponse' is from 'package:starlink_isp_app/generated/spacex_api/device/device.pb.dart' ('lib/generated/spacex_api/device/device.pb.dart').
Try correcting the name to the name of an existing method, or defining a method named '$_setField'.
  set deviceInfo($2.DeviceInfo value) => $_setField(1, value);
                                         ^^^^^^^^^^
lib/generated/spacex_api/device/device.pb.dart:6760:29: Error: The method '$_clearField' isn't defined for the type 'GetDeviceInfoResponse'.
 - 'GetDeviceInfoResponse' is from 'package:starlink_isp_app/generated/spacex_api/device/device.pb.dart' ('lib/generated/spacex_api/device/device.pb.dart').
Try correcting the name to the name of an existing method, or defining a method named '$_clearField'.
  void clearDeviceInfo() => $_clearField(1);
                            ^^^^^^^^^^^^
lib/generated/spacex_api/device/device.pb.dart:6788:7: Error: The method 'pPM' isn't defined for the type 'BuilderInfo'.
 - 'BuilderInfo' is from 'package:protobuf/protobuf.dart' ('../../../.pub-cache/hosted/pub.dev/protobuf-3.1.0/lib/protobuf.dart').
Try correcting the name to the name of an existing method, or defining a method named 'pPM'.
    ..pPM<$8.PublicKey>(1, _omitFieldNames ? '' : 'keys',
      ^^^
lib/generated/spacex_api/device/device.pb.dart:6813:40: Error: A value of type 'List<dynamic>' can't be returned from a function with return type 'PbList<PublicKey>'.
 - 'List' is from 'dart:core'.
 - 'PbList' is from 'package:protobuf/protobuf.dart' ('../../../.pub-cache/hosted/pub.dev/protobuf-3.1.0/lib/protobuf.dart').
 - 'PublicKey' is from 'package:starlink_isp_app/generated/spacex_api/device/command.pb.dart' ('lib/generated/spacex_api/device/command.pb.dart').
  $pb.PbList<$8.PublicKey> get keys => $_getList(0);
                                       ^
lib/generated/spacex_api/device/device.pb.dart:6920:22: Error: The method '$_clearField' isn't defined for the type 'SetSkuRequest'.
 - 'SetSkuRequest' is from 'package:starlink_isp_app/generated/spacex_api/device/device.pb.dart' ('lib/generated/spacex_api/device/device.pb.dart').
Try correcting the name to the name of an existing method, or defining a method named '$_clearField'.
  void clearSku() => $_clearField(1);
                     ^^^^^^^^^^^^
lib/generated/spacex_api/device/device.pb.dart:6929:30: Error: The method '$_clearField' isn't defined for the type 'SetSkuRequest'.
 - 'SetSkuRequest' is from 'package:starlink_isp_app/generated/spacex_api/device/device.pb.dart' ('lib/generated/spacex_api/device/device.pb.dart').
Try correcting the name to the name of an existing method, or defining a method named '$_clearField'.
  void clearCountryCode() => $_clearField(2);
                             ^^^^^^^^^^^^
lib/generated/spacex_api/device/device.pb.dart:6938:35: Error: The method '$_clearField' isn't defined for the type 'SetSkuRequest'.
 - 'SetSkuRequest' is from 'package:starlink_isp_app/generated/spacex_api/device/device.pb.dart' ('lib/generated/spacex_api/device/device.pb.dart').
Try correcting the name to the name of an existing method, or defining a method named '$_clearField'.
  void clearApplyCountryCode() => $_clearField(4);
                                  ^^^^^^^^^^^^
lib/generated/spacex_api/device/device.pb.dart:6947:33: Error: The method '$_clearField' isn't defined for the type 'SetSkuRequest'.
 - 'SetSkuRequest' is from 'package:starlink_isp_app/generated/spacex_api/device/device.pb.dart' ('lib/generated/spacex_api/device/device.pb.dart').
Try correcting the name to the name of an existing method, or defining a method named '$_clearField'.
  void clearPinCountryCode() => $_clearField(5);
                                ^^^^^^^^^^^^
lib/generated/spacex_api/device/device.pb.dart:6956:35: Error: The method '$_clearField' isn't defined for the type 'SetSkuRequest'.
 - 'SetSkuRequest' is from 'package:starlink_isp_app/generated/spacex_api/device/device.pb.dart' ('lib/generated/spacex_api/device/device.pb.dart').
Try correcting the name to the name of an existing method, or defining a method named '$_clearField'.
  void clearCustomPowerTable() => $_clearField(6);
                                  ^^^^^^^^^^^^
lib/generated/spacex_api/device/device.pb.dart:7050:33: Error: The method '$_clearField' isn't defined for the type 'UpdateRequest'.
 - 'UpdateRequest' is from 'package:starlink_isp_app/generated/spacex_api/device/device.pb.dart' ('lib/generated/spacex_api/device/device.pb.dart').
Try correcting the name to the name of an existing method, or defining a method named '$_clearField'.
  void clearScheduleReboot() => $_clearField(1);
                                ^^^^^^^^^^^^
lib/generated/spacex_api/device/device.pb.dart:7238:7: Error: The method 'pPM' isn't defined for the type 'BuilderInfo'.
 - 'BuilderInfo' is from 'package:protobuf/protobuf.dart' ('../../../.pub-cache/hosted/pub.dev/protobuf-3.1.0/lib/protobuf.dart').
Try correcting the name to the name of an existing method, or defining a method named 'pPM'.
    ..pPM<$2.NetworkInterface>(1006, _omitFieldNames ? '' : 'networkInterfaces',
      ^^^
lib/generated/spacex_api/device/device.pb.dart:7265:60: Error: A value of type 'List<dynamic>' can't be returned from a function with return type 'PbList<NetworkInterface>'.
 - 'List' is from 'dart:core'.
 - 'PbList' is from 'package:protobuf/protobuf.dart' ('../../../.pub-cache/hosted/pub.dev/protobuf-3.1.0/lib/protobuf.dart').
 - 'NetworkInterface' is from 'package:starlink_isp_app/generated/spacex_api/device/common.pb.dart' ('lib/generated/spacex_api/device/common.pb.dart').
  $pb.PbList<$2.NetworkInterface> get networkInterfaces => $_getList(0);
                                                           ^
lib/generated/spacex_api/device/device.pb.dart:7330:7: Error: The method 'pPM' isn't defined for the type 'BuilderInfo'.
 - 'BuilderInfo' is from 'package:protobuf/protobuf.dart' ('../../../.pub-cache/hosted/pub.dev/protobuf-3.1.0/lib/protobuf.dart').
Try correcting the name to the name of an existing method, or defining a method named 'pPM'.
    ..pPM<$4.RadioStats>(1, _omitFieldNames ? '' : 'radioStats',
      ^^^
lib/generated/spacex_api/device/device.pb.dart:7355:47: Error: A value of type 'List<dynamic>' can't be returned from a function with return type 'PbList<RadioStats>'.
 - 'List' is from 'dart:core'.
 - 'PbList' is from 'package:protobuf/protobuf.dart' ('../../../.pub-cache/hosted/pub.dev/protobuf-3.1.0/lib/protobuf.dart').
 - 'RadioStats' is from 'package:starlink_isp_app/generated/spacex_api/device/wifi.pb.dart' ('lib/generated/spacex_api/device/wifi.pb.dart').
  $pb.PbList<$4.RadioStats> get radioStats => $_getList(0);
                                              ^
lib/generated/spacex_api/device/device.pb.dart:7449:27: Error: The method '$_clearField' isn't defined for the type 'GetHeapDumpResponse'.
 - 'GetHeapDumpResponse' is from 'package:starlink_isp_app/generated/spacex_api/device/device.pb.dart' ('lib/generated/spacex_api/device/device.pb.dart').
Try correcting the name to the name of an existing method, or defining a method named '$_clearField'.
  void clearHeapDump() => $_clearField(1);
                          ^^^^^^^^^^^^
lib/generated/spacex_api/device/device.pb.dart:7475:7: Error: The method 'aE' isn't defined for the type 'BuilderInfo'.
 - 'BuilderInfo' is from 'package:protobuf/protobuf.dart' ('../../../.pub-cache/hosted/pub.dev/protobuf-3.1.0/lib/protobuf.dart').
Try correcting the name to the name of an existing method, or defining a method named 'aE'.
    ..aE<PositionSource>(1, _omitFieldNames ? '' : 'source',
      ^^
lib/generated/spacex_api/device/device.pb.dart:7501:39: Error: The method '$_setField' isn't defined for the type 'GetLocationRequest'.
 - 'GetLocationRequest' is from 'package:starlink_isp_app/generated/spacex_api/device/device.pb.dart' ('lib/generated/spacex_api/device/device.pb.dart').
Try correcting the name to the name of an existing method, or defining a method named '$_setField'.
  set source(PositionSource value) => $_setField(1, value);
                                      ^^^^^^^^^^
lib/generated/spacex_api/device/device.pb.dart:7505:25: Error: The method '$_clearField' isn't defined for the type 'GetLocationRequest'.
 - 'GetLocationRequest' is from 'package:starlink_isp_app/generated/spacex_api/device/device.pb.dart' ('lib/generated/spacex_api/device/device.pb.dart').
Try correcting the name to the name of an existing method, or defining a method named '$_clearField'.
  void clearSource() => $_clearField(1);
                        ^^^^^^^^^^^^
lib/generated/spacex_api/device/device.pb.dart:7542:7: Error: The method 'aE' isn't defined for the type 'BuilderInfo'.
 - 'BuilderInfo' is from 'package:protobuf/protobuf.dart' ('../../../.pub-cache/hosted/pub.dev/protobuf-3.1.0/lib/protobuf.dart').
Try correcting the name to the name of an existing method, or defining a method named 'aE'.
    ..aE<PositionSource>(3, _omitFieldNames ? '' : 'source',
      ^^
lib/generated/spacex_api/device/device.pb.dart:7544:7: Error: The method 'aD' isn't defined for the type 'BuilderInfo'.
 - 'BuilderInfo' is from 'package:protobuf/protobuf.dart' ('../../../.pub-cache/hosted/pub.dev/protobuf-3.1.0/lib/protobuf.dart').
Try correcting the name to the name of an existing method, or defining a method named 'aD'.
    ..aD(4, _omitFieldNames ? '' : 'sigmaM')
      ^^
lib/generated/spacex_api/device/device.pb.dart:7545:7: Error: The method 'aD' isn't defined for the type 'BuilderInfo'.
 - 'BuilderInfo' is from 'package:protobuf/protobuf.dart' ('../../../.pub-cache/hosted/pub.dev/protobuf-3.1.0/lib/protobuf.dart').
Try correcting the name to the name of an existing method, or defining a method named 'aD'.
    ..aD(5, _omitFieldNames ? '' : 'horizontalSpeedMps')
      ^^
lib/generated/spacex_api/device/device.pb.dart:7546:7: Error: The method 'aD' isn't defined for the type 'BuilderInfo'.
 - 'BuilderInfo' is from 'package:protobuf/protobuf.dart' ('../../../.pub-cache/hosted/pub.dev/protobuf-3.1.0/lib/protobuf.dart').
Try correcting the name to the name of an existing method, or defining a method named 'aD'.
    ..aD(6, _omitFieldNames ? '' : 'verticalSpeedMps')
      ^^
lib/generated/spacex_api/device/device.pb.dart:7571:36: Error: The method '$_setField' isn't defined for the type 'GetLocationResponse'.
 - 'GetLocationResponse' is from 'package:starlink_isp_app/generated/spacex_api/device/device.pb.dart' ('lib/generated/spacex_api/device/device.pb.dart').
Try correcting the name to the name of an existing method, or defining a method named '$_setField'.
  set lla($2.LLAPosition value) => $_setField(1, value);
                                   ^^^^^^^^^^
lib/generated/spacex_api/device/device.pb.dart:7575:22: Error: The method '$_clearField' isn't defined for the type 'GetLocationResponse'.
 - 'GetLocationResponse' is from 'package:starlink_isp_app/generated/spacex_api/device/device.pb.dart' ('lib/generated/spacex_api/device/device.pb.dart').
Try correcting the name to the name of an existing method, or defining a method named '$_clearField'.
  void clearLla() => $_clearField(1);
                     ^^^^^^^^^^^^
lib/generated/spacex_api/device/device.pb.dart:7582:39: Error: The method '$_setField' isn't defined for the type 'GetLocationResponse'.
 - 'GetLocationResponse' is from 'package:starlink_isp_app/generated/spacex_api/device/device.pb.dart' ('lib/generated/spacex_api/device/device.pb.dart').
Try correcting the name to the name of an existing method, or defining a method named '$_setField'.
  set source(PositionSource value) => $_setField(3, value);
                                      ^^^^^^^^^^
lib/generated/spacex_api/device/device.pb.dart:7586:25: Error: The method '$_clearField' isn't defined for the type 'GetLocationResponse'.
 - 'GetLocationResponse' is from 'package:starlink_isp_app/generated/spacex_api/device/device.pb.dart' ('lib/generated/spacex_api/device/device.pb.dart').
Try correcting the name to the name of an existing method, or defining a method named '$_clearField'.
  void clearSource() => $_clearField(3);
                        ^^^^^^^^^^^^
lib/generated/spacex_api/device/device.pb.dart:7595:25: Error: The method '$_clearField' isn't defined for the type 'GetLocationResponse'.
 - 'GetLocationResponse' is from 'package:starlink_isp_app/generated/spacex_api/device/device.pb.dart' ('lib/generated/spacex_api/device/device.pb.dart').
Try correcting the name to the name of an existing method, or defining a method named '$_clearField'.
  void clearSigmaM() => $_clearField(4);
                        ^^^^^^^^^^^^
lib/generated/spacex_api/device/device.pb.dart:7604:37: Error: The method '$_clearField' isn't defined for the type 'GetLocationResponse'.
 - 'GetLocationResponse' is from 'package:starlink_isp_app/generated/spacex_api/device/device.pb.dart' ('lib/generated/spacex_api/device/device.pb.dart').
Try correcting the name to the name of an existing method, or defining a method named '$_clearField'.
  void clearHorizontalSpeedMps() => $_clearField(5);
                                    ^^^^^^^^^^^^
lib/generated/spacex_api/device/device.pb.dart:7613:35: Error: The method '$_clearField' isn't defined for the type 'GetLocationResponse'.
 - 'GetLocationResponse' is from 'package:starlink_isp_app/generated/spacex_api/device/device.pb.dart' ('lib/generated/spacex_api/device/device.pb.dart').
Try correcting the name to the name of an existing method, or defining a method named '$_clearField'.
  void clearVerticalSpeedMps() => $_clearField(6);
                                  ^^^^^^^^^^^^
lib/generated/spacex_api/device/device.pb.dart:7694:7: Error: The method 'aD' isn't defined for the type 'BuilderInfo'.
 - 'BuilderInfo' is from 'package:protobuf/protobuf.dart' ('../../../.pub-cache/hosted/pub.dev/protobuf-3.1.0/lib/protobuf.dart').
Try correcting the name to the name of an existing method, or defining a method named 'aD'.
    ..aD(1, _omitFieldNames ? '' : 'theta')
      ^^
lib/generated/spacex_api/device/device.pb.dart:7695:7: Error: The method 'aD' isn't defined for the type 'BuilderInfo'.
 - 'BuilderInfo' is from 'package:protobuf/protobuf.dart' ('../../../.pub-cache/hosted/pub.dev/protobuf-3.1.0/lib/protobuf.dart').
Try correcting the name to the name of an existing method, or defining a method named 'aD'.
    ..aD(2, _omitFieldNames ? '' : 'phi')
      ^^
lib/generated/spacex_api/device/device.pb.dart:7696:7: Error: The method 'aI' isn't defined for the type 'BuilderInfo'.
 - 'BuilderInfo' is from 'package:protobuf/protobuf.dart' ('../../../.pub-cache/hosted/pub.dev/protobuf-3.1.0/lib/protobuf.dart').
Try correcting the name to the name of an existing method, or defining a method named 'aI'.
    ..aI(3, _omitFieldNames ? '' : 'rxChan', fieldType: $pb.PbFieldType.OU3)
      ^^
lib/generated/spacex_api/device/device.pb.dart:7697:7: Error: The method 'aI' isn't defined for the type 'BuilderInfo'.
 - 'BuilderInfo' is from 'package:protobuf/protobuf.dart' ('../../../.pub-cache/hosted/pub.dev/protobuf-3.1.0/lib/protobuf.dart').
Try correcting the name to the name of an existing method, or defining a method named 'aI'.
    ..aI(4, _omitFieldNames ? '' : 'txChan', fieldType: $pb.PbFieldType.OU3)
      ^^
lib/generated/spacex_api/device/device.pb.dart:7698:7: Error: The method 'aI' isn't defined for the type 'BuilderInfo'.
 - 'BuilderInfo' is from 'package:protobuf/protobuf.dart' ('../../../.pub-cache/hosted/pub.dev/protobuf-3.1.0/lib/protobuf.dart').
Try correcting the name to the name of an existing method, or defining a method named 'aI'.
    ..aI(5, _omitFieldNames ? '' : 'modulation', fieldType: $pb.PbFieldType.OU3)
      ^^
lib/generated/spacex_api/device/device.pb.dart:7699:7: Error: The method 'aD' isn't defined for the type 'BuilderInfo'.
 - 'BuilderInfo' is from 'package:protobuf/protobuf.dart' ('../../../.pub-cache/hosted/pub.dev/protobuf-3.1.0/lib/protobuf.dart').
Try correcting the name to the name of an existing method, or defining a method named 'aD'.
    ..aD(7, _omitFieldNames ? '' : 'desiredTiltAngle')
      ^^
lib/generated/spacex_api/device/device.pb.dart:7713:7: Error: The method 'aD' isn't defined for the type 'BuilderInfo'.
 - 'BuilderInfo' is from 'package:protobuf/protobuf.dart' ('../../../.pub-cache/hosted/pub.dev/protobuf-3.1.0/lib/protobuf.dart').
Try correcting the name to the name of an existing method, or defining a method named 'aD'.
    ..aD(22, _omitFieldNames ? '' : 'distanceOverrideMeters')
      ^^
lib/generated/spacex_api/device/device.pb.dart:7714:7: Error: The method 'aI' isn't defined for the type 'BuilderInfo'.
 - 'BuilderInfo' is from 'package:protobuf/protobuf.dart' ('../../../.pub-cache/hosted/pub.dev/protobuf-3.1.0/lib/protobuf.dart').
Try correcting the name to the name of an existing method, or defining a method named 'aI'.
    ..aI(24, _omitFieldNames ? '' : 'countryCodeOverride',
      ^^
lib/generated/spacex_api/device/device.pb.dart:7716:7: Error: The method 'aI' isn't defined for the type 'BuilderInfo'.
 - 'BuilderInfo' is from 'package:protobuf/protobuf.dart' ('../../../.pub-cache/hosted/pub.dev/protobuf-3.1.0/lib/protobuf.dart').
Try correcting the name to the name of an existing method, or defining a method named 'aI'.
    ..aI(25, _omitFieldNames ? '' : 'txDutyCycleOverride')
      ^^
lib/generated/spacex_api/device/device.pb.dart:7717:7: Error: The method 'aI' isn't defined for the type 'BuilderInfo'.
 - 'BuilderInfo' is from 'package:protobuf/protobuf.dart' ('../../../.pub-cache/hosted/pub.dev/protobuf-3.1.0/lib/protobuf.dart').
Try correcting the name to the name of an existing method, or defining a method named 'aI'.
    ..aI(26, _omitFieldNames ? '' : 'rxDutyCycleOverride')
      ^^
lib/generated/spacex_api/device/device.pb.dart:7718:7: Error: The method 'aD' isn't defined for the type 'BuilderInfo'.
 - 'BuilderInfo' is from 'package:protobuf/protobuf.dart' ('../../../.pub-cache/hosted/pub.dev/protobuf-3.1.0/lib/protobuf.dart').
Try correcting the name to the name of an existing method, or defining a method named 'aD'.
    ..aD(27, _omitFieldNames ? '' : 'eirpLegalLimitDbwOverride')
      ^^
lib/generated/spacex_api/device/device.pb.dart:7719:7: Error: The method 'aD' isn't defined for the type 'BuilderInfo'.
 - 'BuilderInfo' is from 'package:protobuf/protobuf.dart' ('../../../.pub-cache/hosted/pub.dev/protobuf-3.1.0/lib/protobuf.dart').
Try correcting the name to the name of an existing method, or defining a method named 'aD'.
    ..aD(28, _omitFieldNames ? '' : 'eirpAdjustmentDb')
      ^^
lib/generated/spacex_api/device/device.pb.dart:7748:24: Error: The method '$_clearField' isn't defined for the type 'DishSetEmcRequest'.
 - 'DishSetEmcRequest' is from 'package:starlink_isp_app/generated/spacex_api/device/device.pb.dart' ('lib/generated/spacex_api/device/device.pb.dart').
Try correcting the name to the name of an existing method, or defining a method named '$_clearField'.
  void clearTheta() => $_clearField(1);
                       ^^^^^^^^^^^^
lib/generated/spacex_api/device/device.pb.dart:7757:22: Error: The method '$_clearField' isn't defined for the type 'DishSetEmcRequest'.
 - 'DishSetEmcRequest' is from 'package:starlink_isp_app/generated/spacex_api/device/device.pb.dart' ('lib/generated/spacex_api/device/device.pb.dart').
Try correcting the name to the name of an existing method, or defining a method named '$_clearField'.
  void clearPhi() => $_clearField(2);
                     ^^^^^^^^^^^^
lib/generated/spacex_api/device/device.pb.dart:7766:25: Error: The method '$_clearField' isn't defined for the type 'DishSetEmcRequest'.
 - 'DishSetEmcRequest' is from 'package:starlink_isp_app/generated/spacex_api/device/device.pb.dart' ('lib/generated/spacex_api/device/device.pb.dart').
Try correcting the name to the name of an existing method, or defining a method named '$_clearField'.
  void clearRxChan() => $_clearField(3);
                        ^^^^^^^^^^^^
lib/generated/spacex_api/device/device.pb.dart:7775:25: Error: The method '$_clearField' isn't defined for the type 'DishSetEmcRequest'.
 - 'DishSetEmcRequest' is from 'package:starlink_isp_app/generated/spacex_api/device/device.pb.dart' ('lib/generated/spacex_api/device/device.pb.dart').
Try correcting the name to the name of an existing method, or defining a method named '$_clearField'.
  void clearTxChan() => $_clearField(4);
                        ^^^^^^^^^^^^
lib/generated/spacex_api/device/device.pb.dart:7784:29: Error: The method '$_clearField' isn't defined for the type 'DishSetEmcRequest'.
 - 'DishSetEmcRequest' is from 'package:starlink_isp_app/generated/spacex_api/device/device.pb.dart' ('lib/generated/spacex_api/device/device.pb.dart').
Try correcting the name to the name of an existing method, or defining a method named '$_clearField'.
  void clearModulation() => $_clearField(5);
                            ^^^^^^^^^^^^
lib/generated/spacex_api/device/device.pb.dart:7793:35: Error: The method '$_clearField' isn't defined for the type 'DishSetEmcRequest'.
 - 'DishSetEmcRequest' is from 'package:starlink_isp_app/generated/spacex_api/device/device.pb.dart' ('lib/generated/spacex_api/device/device.pb.dart').
Try correcting the name to the name of an existing method, or defining a method named '$_clearField'.
  void clearDesiredTiltAngle() => $_clearField(7);
                                  ^^^^^^^^^^^^
lib/generated/spacex_api/device/device.pb.dart:7802:31: Error: The method '$_clearField' isn't defined for the type 'DishSetEmcRequest'.
 - 'DishSetEmcRequest' is from 'package:starlink_isp_app/generated/spacex_api/device/device.pb.dart' ('lib/generated/spacex_api/device/device.pb.dart').
Try correcting the name to the name of an existing method, or defining a method named '$_clearField'.
  void clearChanOverride() => $_clearField(8);
                              ^^^^^^^^^^^^
lib/generated/spacex_api/device/device.pb.dart:7811:31: Error: The method '$_clearField' isn't defined for the type 'DishSetEmcRequest'.
 - 'DishSetEmcRequest' is from 'package:starlink_isp_app/generated/spacex_api/device/device.pb.dart' ('lib/generated/spacex_api/device/device.pb.dart').
Try correcting the name to the name of an existing method, or defining a method named '$_clearField'.
  void clearThetaEnabled() => $_clearField(9);
                              ^^^^^^^^^^^^
lib/generated/spacex_api/device/device.pb.dart:7820:29: Error: The method '$_clearField' isn't defined for the type 'DishSetEmcRequest'.
 - 'DishSetEmcRequest' is from 'package:starlink_isp_app/generated/spacex_api/device/device.pb.dart' ('lib/generated/spacex_api/device/device.pb.dart').
Try correcting the name to the name of an existing method, or defining a method named '$_clearField'.
  void clearPhiEnabled() => $_clearField(10);
                            ^^^^^^^^^^^^
lib/generated/spacex_api/device/device.pb.dart:7829:23: Error: The method '$_clearField' isn't defined for the type 'DishSetEmcRequest'.
 - 'DishSetEmcRequest' is from 'package:starlink_isp_app/generated/spacex_api/device/device.pb.dart' ('lib/generated/spacex_api/device/device.pb.dart').
Try correcting the name to the name of an existing method, or defining a method named '$_clearField'.
  void clearIdle() => $_clearField(11);
                      ^^^^^^^^^^^^
lib/generated/spacex_api/device/device.pb.dart:7838:32: Error: The method '$_clearField' isn't defined for the type 'DishSetEmcRequest'.
 - 'DishSetEmcRequest' is from 'package:starlink_isp_app/generated/spacex_api/device/device.pb.dart' ('lib/generated/spacex_api/device/device.pb.dart').
Try correcting the name to the name of an existing method, or defining a method named '$_clearField'.
  void clearFastSwitching() => $_clearField(12);
                               ^^^^^^^^^^^^
lib/generated/spacex_api/device/device.pb.dart:7847:28: Error: The method '$_clearField' isn't defined for the type 'DishSetEmcRequest'.
 - 'DishSetEmcRequest' is from 'package:starlink_isp_app/generated/spacex_api/device/device.pb.dart' ('lib/generated/spacex_api/device/device.pb.dart').
Try correcting the name to the name of an existing method, or defining a method named '$_clearField'.
  void clearSkySearch() => $_clearField(13);
                           ^^^^^^^^^^^^
lib/generated/spacex_api/device/device.pb.dart:7856:33: Error: The method '$_clearField' isn't defined for the type 'DishSetEmcRequest'.
 - 'DishSetEmcRequest' is from 'package:starlink_isp_app/generated/spacex_api/device/device.pb.dart' ('lib/generated/spacex_api/device/device.pb.dart').
Try correcting the name to the name of an existing method, or defining a method named '$_clearField'.
  void clearForcePllUnlock() => $_clearField(14);
                                ^^^^^^^^^^^^
lib/generated/spacex_api/device/device.pb.dart:7865:35: Error: The method '$_clearField' isn't defined for the type 'DishSetEmcRequest'.
 - 'DishSetEmcRequest' is from 'package:starlink_isp_app/generated/spacex_api/device/device.pb.dart' ('lib/generated/spacex_api/device/device.pb.dart').
Try correcting the name to the name of an existing method, or defining a method named '$_clearField'.
  void clearForceEirpFailure() => $_clearField(15);
                                  ^^^^^^^^^^^^
lib/generated/spacex_api/device/device.pb.dart:7874:37: Error: The method '$_clearField' isn't defined for the type 'DishSetEmcRequest'.
 - 'DishSetEmcRequest' is from 'package:starlink_isp_app/generated/spacex_api/device/device.pb.dart' ('lib/generated/spacex_api/device/device.pb.dart').
Try correcting the name to the name of an existing method, or defining a method named '$_clearField'.
  void clearSnowActiveOverride() => $_clearField(16);
                                    ^^^^^^^^^^^^
lib/generated/spacex_api/device/device.pb.dart:7883:32: Error: The method '$_clearField' isn't defined for the type 'DishSetEmcRequest'.
 - 'DishSetEmcRequest' is from 'package:starlink_isp_app/generated/spacex_api/device/device.pb.dart' ('lib/generated/spacex_api/device/device.pb.dart').
Try correcting the name to the name of an existing method, or defining a method named '$_clearField'.
  void clearManualTilting() => $_clearField(18);
                               ^^^^^^^^^^^^
lib/generated/spacex_api/device/device.pb.dart:7892:31: Error: The method '$_clearField' isn't defined for the type 'DishSetEmcRequest'.
 - 'DishSetEmcRequest' is from 'package:starlink_isp_app/generated/spacex_api/device/device.pb.dart' ('lib/generated/spacex_api/device/device.pb.dart').
Try correcting the name to the name of an existing method, or defining a method named '$_clearField'.
  void clearTiltToStowed() => $_clearField(19);
                              ^^^^^^^^^^^^
lib/generated/spacex_api/device/device.pb.dart:7901:25: Error: The method '$_clearField' isn't defined for the type 'DishSetEmcRequest'.
 - 'DishSetEmcRequest' is from 'package:starlink_isp_app/generated/spacex_api/device/device.pb.dart' ('lib/generated/spacex_api/device/device.pb.dart').
Try correcting the name to the name of an existing method, or defining a method named '$_clearField'.
  void clearReboot() => $_clearField(20);
                        ^^^^^^^^^^^^
lib/generated/spacex_api/device/device.pb.dart:7910:38: Error: The method '$_clearField' isn't defined for the type 'DishSetEmcRequest'.
 - 'DishSetEmcRequest' is from 'package:starlink_isp_app/generated/spacex_api/device/device.pb.dart' ('lib/generated/spacex_api/device/device.pb.dart').
Try correcting the name to the name of an existing method, or defining a method named '$_clearField'.
  void clearContinuousMotorTest() => $_clearField(21);
                                     ^^^^^^^^^^^^
lib/generated/spacex_api/device/device.pb.dart:7919:41: Error: The method '$_clearField' isn't defined for the type 'DishSetEmcRequest'.
 - 'DishSetEmcRequest' is from 'package:starlink_isp_app/generated/spacex_api/device/device.pb.dart' ('lib/generated/spacex_api/device/device.pb.dart').
Try correcting the name to the name of an existing method, or defining a method named '$_clearField'.
  void clearDistanceOverrideMeters() => $_clearField(22);
                                        ^^^^^^^^^^^^
lib/generated/spacex_api/device/device.pb.dart:7928:38: Error: The method '$_clearField' isn't defined for the type 'DishSetEmcRequest'.
 - 'DishSetEmcRequest' is from 'package:starlink_isp_app/generated/spacex_api/device/device.pb.dart' ('lib/generated/spacex_api/device/device.pb.dart').
Try correcting the name to the name of an existing method, or defining a method named '$_clearField'.
  void clearCountryCodeOverride() => $_clearField(24);
                                     ^^^^^^^^^^^^
lib/generated/spacex_api/device/device.pb.dart:7937:38: Error: The method '$_clearField' isn't defined for the type 'DishSetEmcRequest'.
 - 'DishSetEmcRequest' is from 'package:starlink_isp_app/generated/spacex_api/device/device.pb.dart' ('lib/generated/spacex_api/device/device.pb.dart').
Try correcting the name to the name of an existing method, or defining a method named '$_clearField'.
  void clearTxDutyCycleOverride() => $_clearField(25);
                                     ^^^^^^^^^^^^
lib/generated/spacex_api/device/device.pb.dart:7946:38: Error: The method '$_clearField' isn't defined for the type 'DishSetEmcRequest'.
 - 'DishSetEmcRequest' is from 'package:starlink_isp_app/generated/spacex_api/device/device.pb.dart' ('lib/generated/spacex_api/device/device.pb.dart').
Try correcting the name to the name of an existing method, or defining a method named '$_clearField'.
  void clearRxDutyCycleOverride() => $_clearField(26);
                                     ^^^^^^^^^^^^
lib/generated/spacex_api/device/device.pb.dart:7955:44: Error: The method '$_clearField' isn't defined for the type 'DishSetEmcRequest'.
 - 'DishSetEmcRequest' is from 'package:starlink_isp_app/generated/spacex_api/device/device.pb.dart' ('lib/generated/spacex_api/device/device.pb.dart').
Try correcting the name to the name of an existing method, or defining a method named '$_clearField'.
  void clearEirpLegalLimitDbwOverride() => $_clearField(27);
                                           ^^^^^^^^^^^^
lib/generated/spacex_api/device/device.pb.dart:7964:35: Error: The method '$_clearField' isn't defined for the type 'DishSetEmcRequest'.
 - 'DishSetEmcRequest' is from 'package:starlink_isp_app/generated/spacex_api/device/device.pb.dart' ('lib/generated/spacex_api/device/device.pb.dart').
Try correcting the name to the name of an existing method, or defining a method named '$_clearField'.
  void clearEirpAdjustmentDb() => $_clearField(28);
                                  ^^^^^^^^^^^^
lib/generated/spacex_api/device/device.pb.dart:8061:26: Error: The method '$_clearField' isn't defined for the type 'DishSetMaxPowerTestModeRequest'.
 - 'DishSetMaxPowerTestModeRequest' is from 'package:starlink_isp_app/generated/spacex_api/device/device.pb.dart' ('lib/generated/spacex_api/device/device.pb.dart').
Try correcting the name to the name of an existing method, or defining a method named '$_clearField'.
  void clearEnabled() => $_clearField(1);
                         ^^^^^^^^^^^^
lib/generated/spacex_api/device/device.pb.dart:8120:26: Error: The method '$_clearField' isn't defined for the type 'DishSetMaxPowerTestModeResponse'.
 - 'DishSetMaxPowerTestModeResponse' is from 'package:starlink_isp_app/generated/spacex_api/device/device.pb.dart' ('lib/generated/spacex_api/device/device.pb.dart').
Try correcting the name to the name of an existing method, or defining a method named '$_clearField'.
  void clearEnabled() => $_clearField(1);
                         ^^^^^^^^^^^^
lib/generated/spacex_api/device/device.pb.dart:8308:7: Error: The method 'aI' isn't defined for the type 'BuilderInfo'.
 - 'BuilderInfo' is from 'package:protobuf/protobuf.dart' ('../../../.pub-cache/hosted/pub.dev/protobuf-3.1.0/lib/protobuf.dart').
Try correcting the name to the name of an existing method, or defining a method named 'aI'.
    ..aI(11, _omitFieldNames ? '' : 'cplaneUpdates',
      ^^
lib/generated/spacex_api/device/device.pb.dart:8310:7: Error: The method 'aD' isn't defined for the type 'BuilderInfo'.
 - 'BuilderInfo' is from 'package:protobuf/protobuf.dart' ('../../../.pub-cache/hosted/pub.dev/protobuf-3.1.0/lib/protobuf.dart').
Try correcting the name to the name of an existing method, or defining a method named 'aD'.
    ..aD(16, _omitFieldNames ? '' : 'gpsLatitude')
      ^^
lib/generated/spacex_api/device/device.pb.dart:8311:7: Error: The method 'aD' isn't defined for the type 'BuilderInfo'.
 - 'BuilderInfo' is from 'package:protobuf/protobuf.dart' ('../../../.pub-cache/hosted/pub.dev/protobuf-3.1.0/lib/protobuf.dart').
Try correcting the name to the name of an existing method, or defining a method named 'aD'.
    ..aD(17, _omitFieldNames ? '' : 'gpsLongitude')
      ^^
lib/generated/spacex_api/device/device.pb.dart:8312:7: Error: The method 'aD' isn't defined for the type 'BuilderInfo'.
 - 'BuilderInfo' is from 'package:protobuf/protobuf.dart' ('../../../.pub-cache/hosted/pub.dev/protobuf-3.1.0/lib/protobuf.dart').
Try correcting the name to the name of an existing method, or defining a method named 'aD'.
    ..aD(18, _omitFieldNames ? '' : 'gpsPdop')
      ^^
lib/generated/spacex_api/device/device.pb.dart:8313:7: Error: The method 'aI' isn't defined for the type 'BuilderInfo'.
 - 'BuilderInfo' is from 'package:protobuf/protobuf.dart' ('../../../.pub-cache/hosted/pub.dev/protobuf-3.1.0/lib/protobuf.dart').
Try correcting the name to the name of an existing method, or defining a method named 'aI'.
    ..aI(19, _omitFieldNames ? '' : 'rfMode', fieldType: $pb.PbFieldType.OU3)
      ^^
lib/generated/spacex_api/device/device.pb.dart:8314:7: Error: The method 'aD' isn't defined for the type 'BuilderInfo'.
 - 'BuilderInfo' is from 'package:protobuf/protobuf.dart' ('../../../.pub-cache/hosted/pub.dev/protobuf-3.1.0/lib/protobuf.dart').
Try correcting the name to the name of an existing method, or defining a method named 'aD'.
    ..aD(20, _omitFieldNames ? '' : 'phi')
      ^^
lib/generated/spacex_api/device/device.pb.dart:8315:7: Error: The method 'aD' isn't defined for the type 'BuilderInfo'.
 - 'BuilderInfo' is from 'package:protobuf/protobuf.dart' ('../../../.pub-cache/hosted/pub.dev/protobuf-3.1.0/lib/protobuf.dart').
Try correcting the name to the name of an existing method, or defining a method named 'aD'.
    ..aD(21, _omitFieldNames ? '' : 'theta')
      ^^
lib/generated/spacex_api/device/device.pb.dart:8316:7: Error: The method 'aI' isn't defined for the type 'BuilderInfo'.
 - 'BuilderInfo' is from 'package:protobuf/protobuf.dart' ('../../../.pub-cache/hosted/pub.dev/protobuf-3.1.0/lib/protobuf.dart').
Try correcting the name to the name of an existing method, or defining a method named 'aI'.
    ..aI(22, _omitFieldNames ? '' : 'rxChannel', fieldType: $pb.PbFieldType.OU3)
      ^^
lib/generated/spacex_api/device/device.pb.dart:8317:7: Error: The method 'aI' isn't defined for the type 'BuilderInfo'.
 - 'BuilderInfo' is from 'package:protobuf/protobuf.dart' ('../../../.pub-cache/hosted/pub.dev/protobuf-3.1.0/lib/protobuf.dart').
Try correcting the name to the name of an existing method, or defining a method named 'aI'.
    ..aI(23, _omitFieldNames ? '' : 'txChannel', fieldType: $pb.PbFieldType.OU3)
      ^^
lib/generated/spacex_api/device/device.pb.dart:8318:7: Error: The method 'aD' isn't defined for the type 'BuilderInfo'.
 - 'BuilderInfo' is from 'package:protobuf/protobuf.dart' ('../../../.pub-cache/hosted/pub.dev/protobuf-3.1.0/lib/protobuf.dart').
Try correcting the name to the name of an existing method, or defining a method named 'aD'.
    ..aD(24, _omitFieldNames ? '' : 'tDbfMax', fieldType: $pb.PbFieldType.OF)
      ^^
lib/generated/spacex_api/device/device.pb.dart:8319:7: Error: The method 'aD' isn't defined for the type 'BuilderInfo'.
 - 'BuilderInfo' is from 'package:protobuf/protobuf.dart' ('../../../.pub-cache/hosted/pub.dev/protobuf-3.1.0/lib/protobuf.dart').
Try correcting the name to the name of an existing method, or defining a method named 'aD'.
    ..aD(25, _omitFieldNames ? '' : 'tCenter')
      ^^
lib/generated/spacex_api/device/device.pb.dart:8321:7: Error: The method 'aD' isn't defined for the type 'BuilderInfo'.
 - 'BuilderInfo' is from 'package:protobuf/protobuf.dart' ('../../../.pub-cache/hosted/pub.dev/protobuf-3.1.0/lib/protobuf.dart').
Try correcting the name to the name of an existing method, or defining a method named 'aD'.
    ..aD(32, _omitFieldNames ? '' : 'voltage')
      ^^
lib/generated/spacex_api/device/device.pb.dart:8322:7: Error: The method 'aI' isn't defined for the type 'BuilderInfo'.
 - 'BuilderInfo' is from 'package:protobuf/protobuf.dart' ('../../../.pub-cache/hosted/pub.dev/protobuf-3.1.0/lib/protobuf.dart').
Try correcting the name to the name of an existing method, or defining a method named 'aI'.
    ..aI(33, _omitFieldNames ? '' : 'rxBeamState',
      ^^
lib/generated/spacex_api/device/device.pb.dart:8324:7: Error: The method 'aI' isn't defined for the type 'BuilderInfo'.
 - 'BuilderInfo' is from 'package:protobuf/protobuf.dart' ('../../../.pub-cache/hosted/pub.dev/protobuf-3.1.0/lib/protobuf.dart').
Try correcting the name to the name of an existing method, or defining a method named 'aI'.
    ..aI(34, _omitFieldNames ? '' : 'txBeamState',
      ^^
lib/generated/spacex_api/device/device.pb.dart:8326:7: Error: The method 'aI' isn't defined for the type 'BuilderInfo'.
 - 'BuilderInfo' is from 'package:protobuf/protobuf.dart' ('../../../.pub-cache/hosted/pub.dev/protobuf-3.1.0/lib/protobuf.dart').
Try correcting the name to the name of an existing method, or defining a method named 'aI'.
    ..aI(35, _omitFieldNames ? '' : 'halfDuplexState',
      ^^
lib/generated/spacex_api/device/device.pb.dart:8329:7: Error: The method 'aD' isn't defined for the type 'BuilderInfo'.
 - 'BuilderInfo' is from 'package:protobuf/protobuf.dart' ('../../../.pub-cache/hosted/pub.dev/protobuf-3.1.0/lib/protobuf.dart').
Try correcting the name to the name of an existing method, or defining a method named 'aD'.
    ..aD(37, _omitFieldNames ? '' : 'tiltAngle')
      ^^
lib/generated/spacex_api/device/device.pb.dart:8330:7: Error: The method 'aI' isn't defined for the type 'BuilderInfo'.
 - 'BuilderInfo' is from 'package:protobuf/protobuf.dart' ('../../../.pub-cache/hosted/pub.dev/protobuf-3.1.0/lib/protobuf.dart').
Try correcting the name to the name of an existing method, or defining a method named 'aI'.
    ..aI(38, _omitFieldNames ? '' : 'pllTxLockDetected',
      ^^
lib/generated/spacex_api/device/device.pb.dart:8335:7: Error: The method 'aD' isn't defined for the type 'BuilderInfo'.
 - 'BuilderInfo' is from 'package:protobuf/protobuf.dart' ('../../../.pub-cache/hosted/pub.dev/protobuf-3.1.0/lib/protobuf.dart').
Try correcting the name to the name of an existing method, or defining a method named 'aD'.
    ..aD(43, _omitFieldNames ? '' : 'thetaOverrideValue')
      ^^
lib/generated/spacex_api/device/device.pb.dart:8337:7: Error: The method 'aD' isn't defined for the type 'BuilderInfo'.
 - 'BuilderInfo' is from 'package:protobuf/protobuf.dart' ('../../../.pub-cache/hosted/pub.dev/protobuf-3.1.0/lib/protobuf.dart').
Try correcting the name to the name of an existing method, or defining a method named 'aD'.
    ..aD(45, _omitFieldNames ? '' : 'phiOverrideValue')
      ^^
lib/generated/spacex_api/device/device.pb.dart:8338:7: Error: The method 'aI' isn't defined for the type 'BuilderInfo'.
 - 'BuilderInfo' is from 'package:protobuf/protobuf.dart' ('../../../.pub-cache/hosted/pub.dev/protobuf-3.1.0/lib/protobuf.dart').
Try correcting the name to the name of an existing method, or defining a method named 'aI'.
    ..aI(46, _omitFieldNames ? '' : 'rxChanOverrideValue',
      ^^
lib/generated/spacex_api/device/device.pb.dart:8340:7: Error: The method 'aI' isn't defined for the type 'BuilderInfo'.
 - 'BuilderInfo' is from 'package:protobuf/protobuf.dart' ('../../../.pub-cache/hosted/pub.dev/protobuf-3.1.0/lib/protobuf.dart').
Try correcting the name to the name of an existing method, or defining a method named 'aI'.
    ..aI(47, _omitFieldNames ? '' : 'txChanOverrideValue',
      ^^
lib/generated/spacex_api/device/device.pb.dart:8344:7: Error: The method 'aI' isn't defined for the type 'BuilderInfo'.
 - 'BuilderInfo' is from 'package:protobuf/protobuf.dart' ('../../../.pub-cache/hosted/pub.dev/protobuf-3.1.0/lib/protobuf.dart').
Try correcting the name to the name of an existing method, or defining a method named 'aI'.
    ..aI(50, _omitFieldNames ? '' : 'modulationOverrideValue',
      ^^
lib/generated/spacex_api/device/device.pb.dart:8348:7: Error: The method 'aI' isn't defined for the type 'BuilderInfo'.
 - 'BuilderInfo' is from 'package:protobuf/protobuf.dart' ('../../../.pub-cache/hosted/pub.dev/protobuf-3.1.0/lib/protobuf.dart').
Try correcting the name to the name of an existing method, or defining a method named 'aI'.
    ..aI(53, _omitFieldNames ? '' : 'utIneSuccess',
      ^^
lib/generated/spacex_api/device/device.pb.dart:8354:7: Error: The method 'aD' isn't defined for the type 'BuilderInfo'.
 - 'BuilderInfo' is from 'package:protobuf/protobuf.dart' ('../../../.pub-cache/hosted/pub.dev/protobuf-3.1.0/lib/protobuf.dart').
Try correcting the name to the name of an existing method, or defining a method named 'aD'.
    ..aD(58, _omitFieldNames ? '' : 'distanceOverrideMeters')
      ^^
lib/generated/spacex_api/device/device.pb.dart:8355:7: Error: The method 'aI' isn't defined for the type 'BuilderInfo'.
 - 'BuilderInfo' is from 'package:protobuf/protobuf.dart' ('../../../.pub-cache/hosted/pub.dev/protobuf-3.1.0/lib/protobuf.dart').
Try correcting the name to the name of an existing method, or defining a method named 'aI'.
    ..aI(62, _omitFieldNames ? '' : 'countryCodeOverride',
      ^^
lib/generated/spacex_api/device/device.pb.dart:8357:7: Error: The method 'aD' isn't defined for the type 'BuilderInfo'.
 - 'BuilderInfo' is from 'package:protobuf/protobuf.dart' ('../../../.pub-cache/hosted/pub.dev/protobuf-3.1.0/lib/protobuf.dart').
Try correcting the name to the name of an existing method, or defining a method named 'aD'.
    ..aD(63, _omitFieldNames ? '' : 'maxPointingDistance')
      ^^
lib/generated/spacex_api/device/device.pb.dart:8358:7: Error: The method 'aD' isn't defined for the type 'BuilderInfo'.
 - 'BuilderInfo' is from 'package:protobuf/protobuf.dart' ('../../../.pub-cache/hosted/pub.dev/protobuf-3.1.0/lib/protobuf.dart').
Try correcting the name to the name of an existing method, or defining a method named 'aD'.
    ..aD(64, _omitFieldNames ? '' : 'distanceScalingFactor')
      ^^
lib/generated/spacex_api/device/device.pb.dart:8359:7: Error: The method 'aI' isn't defined for the type 'BuilderInfo'.
 - 'BuilderInfo' is from 'package:protobuf/protobuf.dart' ('../../../.pub-cache/hosted/pub.dev/protobuf-3.1.0/lib/protobuf.dart').
Try correcting the name to the name of an existing method, or defining a method named 'aI'.
    ..aI(65, _omitFieldNames ? '' : 'txDutyCycleOverride')
      ^^
lib/generated/spacex_api/device/device.pb.dart:8360:7: Error: The method 'aI' isn't defined for the type 'BuilderInfo'.
 - 'BuilderInfo' is from 'package:protobuf/protobuf.dart' ('../../../.pub-cache/hosted/pub.dev/protobuf-3.1.0/lib/protobuf.dart').
Try correcting the name to the name of an existing method, or defining a method named 'aI'.
    ..aI(66, _omitFieldNames ? '' : 'rxDutyCycleOverride')
      ^^
lib/generated/spacex_api/device/device.pb.dart:8361:7: Error: The method 'aD' isn't defined for the type 'BuilderInfo'.
 - 'BuilderInfo' is from 'package:protobuf/protobuf.dart' ('../../../.pub-cache/hosted/pub.dev/protobuf-3.1.0/lib/protobuf.dart').
Try correcting the name to the name of an existing method, or defining a method named 'aD'.
    ..aD(67, _omitFieldNames ? '' : 'txTimeMs', fieldType: $pb.PbFieldType.OF)
      ^^
lib/generated/spacex_api/device/device.pb.dart:8362:7: Error: The method 'aD' isn't defined for the type 'BuilderInfo'.
 - 'BuilderInfo' is from 'package:protobuf/protobuf.dart' ('../../../.pub-cache/hosted/pub.dev/protobuf-3.1.0/lib/protobuf.dart').
Try correcting the name to the name of an existing method, or defining a method named 'aD'.
    ..aD(68, _omitFieldNames ? '' : 'rxTimeMs', fieldType: $pb.PbFieldType.OF)
      ^^
lib/generated/spacex_api/device/device.pb.dart:8363:7: Error: The method 'aD' isn't defined for the type 'BuilderInfo'.
 - 'BuilderInfo' is from 'package:protobuf/protobuf.dart' ('../../../.pub-cache/hosted/pub.dev/protobuf-3.1.0/lib/protobuf.dart').
Try correcting the name to the name of an existing method, or defining a method named 'aD'.
    ..aD(69, _omitFieldNames ? '' : 'eirpLegalLimitDbw')
      ^^
lib/generated/spacex_api/device/device.pb.dart:8364:7: Error: The method 'aD' isn't defined for the type 'BuilderInfo'.
 - 'BuilderInfo' is from 'package:protobuf/protobuf.dart' ('../../../.pub-cache/hosted/pub.dev/protobuf-3.1.0/lib/protobuf.dart').
Try correcting the name to the name of an existing method, or defining a method named 'aD'.
    ..aD(70, _omitFieldNames ? '' : 'eirpLegalLimitDbwOverride')
      ^^
lib/generated/spacex_api/device/device.pb.dart:8365:7: Error: The method 'aD' isn't defined for the type 'BuilderInfo'.
 - 'BuilderInfo' is from 'package:protobuf/protobuf.dart' ('../../../.pub-cache/hosted/pub.dev/protobuf-3.1.0/lib/protobuf.dart').
Try correcting the name to the name of an existing method, or defining a method named 'aD'.
    ..aD(71, _omitFieldNames ? '' : 'eirpAdjustmentDb')
      ^^
lib/generated/spacex_api/device/device.pb.dart:8366:7: Error: The method 'aD' isn't defined for the type 'BuilderInfo'.
 - 'BuilderInfo' is from 'package:protobuf/protobuf.dart' ('../../../.pub-cache/hosted/pub.dev/protobuf-3.1.0/lib/protobuf.dart').
Try correcting the name to the name of an existing method, or defining a method named 'aD'.
    ..aD(72, _omitFieldNames ? '' : 'eirpPredictedDbw')
      ^^
lib/generated/spacex_api/device/device.pb.dart:8395:23: Error: The method '$_clearField' isn't defined for the type 'DishGetEmcResponse'.
 - 'DishGetEmcResponse' is from 'package:starlink_isp_app/generated/spacex_api/device/device.pb.dart' ('lib/generated/spacex_api/device/device.pb.dart').
Try correcting the name to the name of an existing method, or defining a method named '$_clearField'.
  void clearUuid() => $_clearField(2);
                      ^^^^^^^^^^^^
lib/generated/spacex_api/device/device.pb.dart:8404:28: Error: The method '$_clearField' isn't defined for the type 'DishGetEmcResponse'.
 - 'DishGetEmcResponse' is from 'package:starlink_isp_app/generated/spacex_api/device/device.pb.dart' ('lib/generated/spacex_api/device/device.pb.dart').
Try correcting the name to the name of an existing method, or defining a method named '$_clearField'.
  void clearTimestamp() => $_clearField(3);
                           ^^^^^^^^^^^^
lib/generated/spacex_api/device/device.pb.dart:8413:32: Error: The method '$_clearField' isn't defined for the type 'DishGetEmcResponse'.
 - 'DishGetEmcResponse' is from 'package:starlink_isp_app/generated/spacex_api/device/device.pb.dart' ('lib/generated/spacex_api/device/device.pb.dart').
Try correcting the name to the name of an existing method, or defining a method named '$_clearField'.
  void clearCplaneUpdates() => $_clearField(11);
                               ^^^^^^^^^^^^
lib/generated/spacex_api/device/device.pb.dart:8422:30: Error: The method '$_clearField' isn't defined for the type 'DishGetEmcResponse'.
 - 'DishGetEmcResponse' is from 'package:starlink_isp_app/generated/spacex_api/device/device.pb.dart' ('lib/generated/spacex_api/device/device.pb.dart').
Try correcting the name to the name of an existing method, or defining a method named '$_clearField'.
  void clearGpsLatitude() => $_clearField(16);
                             ^^^^^^^^^^^^
lib/generated/spacex_api/device/device.pb.dart:8431:31: Error: The method '$_clearField' isn't defined for the type 'DishGetEmcResponse'.
 - 'DishGetEmcResponse' is from 'package:starlink_isp_app/generated/spacex_api/device/device.pb.dart' ('lib/generated/spacex_api/device/device.pb.dart').
Try correcting the name to the name of an existing method, or defining a method named '$_clearField'.
  void clearGpsLongitude() => $_clearField(17);
                              ^^^^^^^^^^^^
lib/generated/spacex_api/device/device.pb.dart:8440:26: Error: The method '$_clearField' isn't defined for the type 'DishGetEmcResponse'.
 - 'DishGetEmcResponse' is from 'package:starlink_isp_app/generated/spacex_api/device/device.pb.dart' ('lib/generated/spacex_api/device/device.pb.dart').
Try correcting the name to the name of an existing method, or defining a method named '$_clearField'.
  void clearGpsPdop() => $_clearField(18);
                         ^^^^^^^^^^^^
lib/generated/spacex_api/device/device.pb.dart:8449:25: Error: The method '$_clearField' isn't defined for the type 'DishGetEmcResponse'.
 - 'DishGetEmcResponse' is from 'package:starlink_isp_app/generated/spacex_api/device/device.pb.dart' ('lib/generated/spacex_api/device/device.pb.dart').
Try correcting the name to the name of an existing method, or defining a method named '$_clearField'.
  void clearRfMode() => $_clearField(19);
                        ^^^^^^^^^^^^
lib/generated/spacex_api/device/device.pb.dart:8458:22: Error: The method '$_clearField' isn't defined for the type 'DishGetEmcResponse'.
 - 'DishGetEmcResponse' is from 'package:starlink_isp_app/generated/spacex_api/device/device.pb.dart' ('lib/generated/spacex_api/device/device.pb.dart').
Try correcting the name to the name of an existing method, or defining a method named '$_clearField'.
  void clearPhi() => $_clearField(20);
                     ^^^^^^^^^^^^
lib/generated/spacex_api/device/device.pb.dart:8467:24: Error: The method '$_clearField' isn't defined for the type 'DishGetEmcResponse'.
 - 'DishGetEmcResponse' is from 'package:starlink_isp_app/generated/spacex_api/device/device.pb.dart' ('lib/generated/spacex_api/device/device.pb.dart').
Try correcting the name to the name of an existing method, or defining a method named '$_clearField'.
  void clearTheta() => $_clearField(21);
                       ^^^^^^^^^^^^
lib/generated/spacex_api/device/device.pb.dart:8476:28: Error: The method '$_clearField' isn't defined for the type 'DishGetEmcResponse'.
 - 'DishGetEmcResponse' is from 'package:starlink_isp_app/generated/spacex_api/device/device.pb.dart' ('lib/generated/spacex_api/device/device.pb.dart').
Try correcting the name to the name of an existing method, or defining a method named '$_clearField'.
  void clearRxChannel() => $_clearField(22);
                           ^^^^^^^^^^^^
lib/generated/spacex_api/device/device.pb.dart:8485:28: Error: The method '$_clearField' isn't defined for the type 'DishGetEmcResponse'.
 - 'DishGetEmcResponse' is from 'package:starlink_isp_app/generated/spacex_api/device/device.pb.dart' ('lib/generated/spacex_api/device/device.pb.dart').
Try correcting the name to the name of an existing method, or defining a method named '$_clearField'.
  void clearTxChannel() => $_clearField(23);
                           ^^^^^^^^^^^^
lib/generated/spacex_api/device/device.pb.dart:8494:26: Error: The method '$_clearField' isn't defined for the type 'DishGetEmcResponse'.
 - 'DishGetEmcResponse' is from 'package:starlink_isp_app/generated/spacex_api/device/device.pb.dart' ('lib/generated/spacex_api/device/device.pb.dart').
Try correcting the name to the name of an existing method, or defining a method named '$_clearField'.
  void clearTDbfMax() => $_clearField(24);
                         ^^^^^^^^^^^^
lib/generated/spacex_api/device/device.pb.dart:8503:26: Error: The method '$_clearField' isn't defined for the type 'DishGetEmcResponse'.
 - 'DishGetEmcResponse' is from 'package:starlink_isp_app/generated/spacex_api/device/device.pb.dart' ('lib/generated/spacex_api/device/device.pb.dart').
Try correcting the name to the name of an existing method, or defining a method named '$_clearField'.
  void clearTCenter() => $_clearField(25);
                         ^^^^^^^^^^^^
lib/generated/spacex_api/device/device.pb.dart:8512:43: Error: The method '$_clearField' isn't defined for the type 'DishGetEmcResponse'.
 - 'DishGetEmcResponse' is from 'package:starlink_isp_app/generated/spacex_api/device/device.pb.dart' ('lib/generated/spacex_api/device/device.pb.dart').
Try correcting the name to the name of an existing method, or defining a method named '$_clearField'.
  void clearAutoPowerSnowMeltEnabled() => $_clearField(30);
                                          ^^^^^^^^^^^^
lib/generated/spacex_api/device/device.pb.dart:8521:26: Error: The method '$_clearField' isn't defined for the type 'DishGetEmcResponse'.
 - 'DishGetEmcResponse' is from 'package:starlink_isp_app/generated/spacex_api/device/device.pb.dart' ('lib/generated/spacex_api/device/device.pb.dart').
Try correcting the name to the name of an existing method, or defining a method named '$_clearField'.
  void clearVoltage() => $_clearField(32);
                         ^^^^^^^^^^^^
lib/generated/spacex_api/device/device.pb.dart:8530:30: Error: The method '$_clearField' isn't defined for the type 'DishGetEmcResponse'.
 - 'DishGetEmcResponse' is from 'package:starlink_isp_app/generated/spacex_api/device/device.pb.dart' ('lib/generated/spacex_api/device/device.pb.dart').
Try correcting the name to the name of an existing method, or defining a method named '$_clearField'.
  void clearRxBeamState() => $_clearField(33);
                             ^^^^^^^^^^^^
lib/generated/spacex_api/device/device.pb.dart:8539:30: Error: The method '$_clearField' isn't defined for the type 'DishGetEmcResponse'.
 - 'DishGetEmcResponse' is from 'package:starlink_isp_app/generated/spacex_api/device/device.pb.dart' ('lib/generated/spacex_api/device/device.pb.dart').
Try correcting the name to the name of an existing method, or defining a method named '$_clearField'.
  void clearTxBeamState() => $_clearField(34);
                             ^^^^^^^^^^^^
lib/generated/spacex_api/device/device.pb.dart:8548:34: Error: The method '$_clearField' isn't defined for the type 'DishGetEmcResponse'.
 - 'DishGetEmcResponse' is from 'package:starlink_isp_app/generated/spacex_api/device/device.pb.dart' ('lib/generated/spacex_api/device/device.pb.dart').
Try correcting the name to the name of an existing method, or defining a method named '$_clearField'.
  void clearHalfDuplexState() => $_clearField(35);
                                 ^^^^^^^^^^^^
lib/generated/spacex_api/device/device.pb.dart:8557:36: Error: The method '$_clearField' isn't defined for the type 'DishGetEmcResponse'.
 - 'DishGetEmcResponse' is from 'package:starlink_isp_app/generated/spacex_api/device/device.pb.dart' ('lib/generated/spacex_api/device/device.pb.dart').
Try correcting the name to the name of an existing method, or defining a method named '$_clearField'.
  void clearManualTiltEnabled() => $_clearField(36);
                                   ^^^^^^^^^^^^
lib/generated/spacex_api/device/device.pb.dart:8566:28: Error: The method '$_clearField' isn't defined for the type 'DishGetEmcResponse'.
 - 'DishGetEmcResponse' is from 'package:starlink_isp_app/generated/spacex_api/device/device.pb.dart' ('lib/generated/spacex_api/device/device.pb.dart').
Try correcting the name to the name of an existing method, or defining a method named '$_clearField'.
  void clearTiltAngle() => $_clearField(37);
                           ^^^^^^^^^^^^
lib/generated/spacex_api/device/device.pb.dart:8575:36: Error: The method '$_clearField' isn't defined for the type 'DishGetEmcResponse'.
 - 'DishGetEmcResponse' is from 'package:starlink_isp_app/generated/spacex_api/device/device.pb.dart' ('lib/generated/spacex_api/device/device.pb.dart').
Try correcting the name to the name of an existing method, or defining a method named '$_clearField'.
  void clearPllTxLockDetected() => $_clearField(38);
                                   ^^^^^^^^^^^^
lib/generated/spacex_api/device/device.pb.dart:8584:40: Error: The method '$_clearField' isn't defined for the type 'DishGetEmcResponse'.
 - 'DishGetEmcResponse' is from 'package:starlink_isp_app/generated/spacex_api/device/device.pb.dart' ('lib/generated/spacex_api/device/device.pb.dart').
Try correcting the name to the name of an existing method, or defining a method named '$_clearField'.
  void clearEirpExceededThreshold() => $_clearField(39);
                                       ^^^^^^^^^^^^
lib/generated/spacex_api/device/device.pb.dart:8593:38: Error: The method '$_clearField' isn't defined for the type 'DishGetEmcResponse'.
 - 'DishGetEmcResponse' is from 'package:starlink_isp_app/generated/spacex_api/device/device.pb.dart' ('lib/generated/spacex_api/device/device.pb.dart').
Try correcting the name to the name of an existing method, or defining a method named '$_clearField'.
  void clearIdleOverrideEnabled() => $_clearField(41);
                                     ^^^^^^^^^^^^
lib/generated/spacex_api/device/device.pb.dart:8602:39: Error: The method '$_clearField' isn't defined for the type 'DishGetEmcResponse'.
 - 'DishGetEmcResponse' is from 'package:starlink_isp_app/generated/spacex_api/device/device.pb.dart' ('lib/generated/spacex_api/device/device.pb.dart').
Try correcting the name to the name of an existing method, or defining a method named '$_clearField'.
  void clearThetaOverrideEnabled() => $_clearField(42);
                                      ^^^^^^^^^^^^
lib/generated/spacex_api/device/device.pb.dart:8611:37: Error: The method '$_clearField' isn't defined for the type 'DishGetEmcResponse'.
 - 'DishGetEmcResponse' is from 'package:starlink_isp_app/generated/spacex_api/device/device.pb.dart' ('lib/generated/spacex_api/device/device.pb.dart').
Try correcting the name to the name of an existing method, or defining a method named '$_clearField'.
  void clearThetaOverrideValue() => $_clearField(43);
                                    ^^^^^^^^^^^^
lib/generated/spacex_api/device/device.pb.dart:8620:37: Error: The method '$_clearField' isn't defined for the type 'DishGetEmcResponse'.
 - 'DishGetEmcResponse' is from 'package:starlink_isp_app/generated/spacex_api/device/device.pb.dart' ('lib/generated/spacex_api/device/device.pb.dart').
Try correcting the name to the name of an existing method, or defining a method named '$_clearField'.
  void clearPhiOverrideEnabled() => $_clearField(44);
                                    ^^^^^^^^^^^^
lib/generated/spacex_api/device/device.pb.dart:8629:35: Error: The method '$_clearField' isn't defined for the type 'DishGetEmcResponse'.
 - 'DishGetEmcResponse' is from 'package:starlink_isp_app/generated/spacex_api/device/device.pb.dart' ('lib/generated/spacex_api/device/device.pb.dart').
Try correcting the name to the name of an existing method, or defining a method named '$_clearField'.
  void clearPhiOverrideValue() => $_clearField(45);
                                  ^^^^^^^^^^^^
lib/generated/spacex_api/device/device.pb.dart:8638:38: Error: The method '$_clearField' isn't defined for the type 'DishGetEmcResponse'.
 - 'DishGetEmcResponse' is from 'package:starlink_isp_app/generated/spacex_api/device/device.pb.dart' ('lib/generated/spacex_api/device/device.pb.dart').
Try correcting the name to the name of an existing method, or defining a method named '$_clearField'.
  void clearRxChanOverrideValue() => $_clearField(46);
                                     ^^^^^^^^^^^^
lib/generated/spacex_api/device/device.pb.dart:8647:38: Error: The method '$_clearField' isn't defined for the type 'DishGetEmcResponse'.
 - 'DishGetEmcResponse' is from 'package:starlink_isp_app/generated/spacex_api/device/device.pb.dart' ('lib/generated/spacex_api/device/device.pb.dart').
Try correcting the name to the name of an existing method, or defining a method named '$_clearField'.
  void clearTxChanOverrideValue() => $_clearField(47);
                                     ^^^^^^^^^^^^
lib/generated/spacex_api/device/device.pb.dart:8656:43: Error: The method '$_clearField' isn't defined for the type 'DishGetEmcResponse'.
 - 'DishGetEmcResponse' is from 'package:starlink_isp_app/generated/spacex_api/device/device.pb.dart' ('lib/generated/spacex_api/device/device.pb.dart').
Try correcting the name to the name of an existing method, or defining a method named '$_clearField'.
  void clearSkySearchOverrideEnabled() => $_clearField(48);
                                          ^^^^^^^^^^^^
lib/generated/spacex_api/device/device.pb.dart:8665:39: Error: The method '$_clearField' isn't defined for the type 'DishGetEmcResponse'.
 - 'DishGetEmcResponse' is from 'package:starlink_isp_app/generated/spacex_api/device/device.pb.dart' ('lib/generated/spacex_api/device/device.pb.dart').
Try correcting the name to the name of an existing method, or defining a method named '$_clearField'.
  void clearFastSwitchingEnabled() => $_clearField(49);
                                      ^^^^^^^^^^^^
lib/generated/spacex_api/device/device.pb.dart:8674:42: Error: The method '$_clearField' isn't defined for the type 'DishGetEmcResponse'.
 - 'DishGetEmcResponse' is from 'package:starlink_isp_app/generated/spacex_api/device/device.pb.dart' ('lib/generated/spacex_api/device/device.pb.dart').
Try correcting the name to the name of an existing method, or defining a method named '$_clearField'.
  void clearModulationOverrideValue() => $_clearField(50);
                                         ^^^^^^^^^^^^
lib/generated/spacex_api/device/device.pb.dart:8683:35: Error: The method '$_clearField' isn't defined for the type 'DishGetEmcResponse'.
 - 'DishGetEmcResponse' is from 'package:starlink_isp_app/generated/spacex_api/device/device.pb.dart' ('lib/generated/spacex_api/device/device.pb.dart').
Try correcting the name to the name of an existing method, or defining a method named '$_clearField'.
  void clearForceEirpFailure() => $_clearField(51);
                                  ^^^^^^^^^^^^
lib/generated/spacex_api/device/device.pb.dart:8692:33: Error: The method '$_clearField' isn't defined for the type 'DishGetEmcResponse'.
 - 'DishGetEmcResponse' is from 'package:starlink_isp_app/generated/spacex_api/device/device.pb.dart' ('lib/generated/spacex_api/device/device.pb.dart').
Try correcting the name to the name of an existing method, or defining a method named '$_clearField'.
  void clearForcePllUnlock() => $_clearField(52);
                                ^^^^^^^^^^^^
lib/generated/spacex_api/device/device.pb.dart:8701:31: Error: The method '$_clearField' isn't defined for the type 'DishGetEmcResponse'.
 - 'DishGetEmcResponse' is from 'package:starlink_isp_app/generated/spacex_api/device/device.pb.dart' ('lib/generated/spacex_api/device/device.pb.dart').
Try correcting the name to the name of an existing method, or defining a method named '$_clearField'.
  void clearUtIneSuccess() => $_clearField(53);
                              ^^^^^^^^^^^^
lib/generated/spacex_api/device/device.pb.dart:8710:26: Error: The method '$_clearField' isn't defined for the type 'DishGetEmcResponse'.
 - 'DishGetEmcResponse' is from 'package:starlink_isp_app/generated/spacex_api/device/device.pb.dart' ('lib/generated/spacex_api/device/device.pb.dart').
Try correcting the name to the name of an existing method, or defining a method named '$_clearField'.
  void clearRfReady() => $_clearField(54);
                         ^^^^^^^^^^^^
lib/generated/spacex_api/device/device.pb.dart:8719:31: Error: The method '$_clearField' isn't defined for the type 'DishGetEmcResponse'.
 - 'DishGetEmcResponse' is from 'package:starlink_isp_app/generated/spacex_api/device/device.pb.dart' ('lib/generated/spacex_api/device/device.pb.dart').
Try correcting the name to the name of an existing method, or defining a method named '$_clearField'.
  void clearTiltToStowed() => $_clearField(55);
                              ^^^^^^^^^^^^
lib/generated/spacex_api/device/device.pb.dart:8728:25: Error: The method '$_clearField' isn't defined for the type 'DishGetEmcResponse'.
 - 'DishGetEmcResponse' is from 'package:starlink_isp_app/generated/spacex_api/device/device.pb.dart' ('lib/generated/spacex_api/device/device.pb.dart').
Try correcting the name to the name of an existing method, or defining a method named '$_clearField'.
  void clearReboot() => $_clearField(56);
                        ^^^^^^^^^^^^
lib/generated/spacex_api/device/device.pb.dart:8737:38: Error: The method '$_clearField' isn't defined for the type 'DishGetEmcResponse'.
 - 'DishGetEmcResponse' is from 'package:starlink_isp_app/generated/spacex_api/device/device.pb.dart' ('lib/generated/spacex_api/device/device.pb.dart').
Try correcting the name to the name of an existing method, or defining a method named '$_clearField'.
  void clearContinuousMotorTest() => $_clearField(57);
                                     ^^^^^^^^^^^^
lib/generated/spacex_api/device/device.pb.dart:8746:41: Error: The method '$_clearField' isn't defined for the type 'DishGetEmcResponse'.
 - 'DishGetEmcResponse' is from 'package:starlink_isp_app/generated/spacex_api/device/device.pb.dart' ('lib/generated/spacex_api/device/device.pb.dart').
Try correcting the name to the name of an existing method, or defining a method named '$_clearField'.
  void clearDistanceOverrideMeters() => $_clearField(58);
                                        ^^^^^^^^^^^^
lib/generated/spacex_api/device/device.pb.dart:8755:38: Error: The method '$_clearField' isn't defined for the type 'DishGetEmcResponse'.
 - 'DishGetEmcResponse' is from 'package:starlink_isp_app/generated/spacex_api/device/device.pb.dart' ('lib/generated/spacex_api/device/device.pb.dart').
Try correcting the name to the name of an existing method, or defining a method named '$_clearField'.
  void clearCountryCodeOverride() => $_clearField(62);
                                     ^^^^^^^^^^^^
lib/generated/spacex_api/device/device.pb.dart:8764:38: Error: The method '$_clearField' isn't defined for the type 'DishGetEmcResponse'.
 - 'DishGetEmcResponse' is from 'package:starlink_isp_app/generated/spacex_api/device/device.pb.dart' ('lib/generated/spacex_api/device/device.pb.dart').
Try correcting the name to the name of an existing method, or defining a method named '$_clearField'.
  void clearMaxPointingDistance() => $_clearField(63);
                                     ^^^^^^^^^^^^
lib/generated/spacex_api/device/device.pb.dart:8773:40: Error: The method '$_clearField' isn't defined for the type 'DishGetEmcResponse'.
 - 'DishGetEmcResponse' is from 'package:starlink_isp_app/generated/spacex_api/device/device.pb.dart' ('lib/generated/spacex_api/device/device.pb.dart').
Try correcting the name to the name of an existing method, or defining a method named '$_clearField'.
  void clearDistanceScalingFactor() => $_clearField(64);
                                       ^^^^^^^^^^^^
lib/generated/spacex_api/device/device.pb.dart:8782:38: Error: The method '$_clearField' isn't defined for the type 'DishGetEmcResponse'.
 - 'DishGetEmcResponse' is from 'package:starlink_isp_app/generated/spacex_api/device/device.pb.dart' ('lib/generated/spacex_api/device/device.pb.dart').
Try correcting the name to the name of an existing method, or defining a method named '$_clearField'.
  void clearTxDutyCycleOverride() => $_clearField(65);
                                     ^^^^^^^^^^^^
lib/generated/spacex_api/device/device.pb.dart:8791:38: Error: The method '$_clearField' isn't defined for the type 'DishGetEmcResponse'.
 - 'DishGetEmcResponse' is from 'package:starlink_isp_app/generated/spacex_api/device/device.pb.dart' ('lib/generated/spacex_api/device/device.pb.dart').
Try correcting the name to the name of an existing method, or defining a method named '$_clearField'.
  void clearRxDutyCycleOverride() => $_clearField(66);
                                     ^^^^^^^^^^^^
lib/generated/spacex_api/device/device.pb.dart:8800:27: Error: The method '$_clearField' isn't defined for the type 'DishGetEmcResponse'.
 - 'DishGetEmcResponse' is from 'package:starlink_isp_app/generated/spacex_api/device/device.pb.dart' ('lib/generated/spacex_api/device/device.pb.dart').
Try correcting the name to the name of an existing method, or defining a method named '$_clearField'.
  void clearTxTimeMs() => $_clearField(67);
                          ^^^^^^^^^^^^
lib/generated/spacex_api/device/device.pb.dart:8809:27: Error: The method '$_clearField' isn't defined for the type 'DishGetEmcResponse'.
 - 'DishGetEmcResponse' is from 'package:starlink_isp_app/generated/spacex_api/device/device.pb.dart' ('lib/generated/spacex_api/device/device.pb.dart').
Try correcting the name to the name of an existing method, or defining a method named '$_clearField'.
  void clearRxTimeMs() => $_clearField(68);
                          ^^^^^^^^^^^^
lib/generated/spacex_api/device/device.pb.dart:8818:36: Error: The method '$_clearField' isn't defined for the type 'DishGetEmcResponse'.
 - 'DishGetEmcResponse' is from 'package:starlink_isp_app/generated/spacex_api/device/device.pb.dart' ('lib/generated/spacex_api/device/device.pb.dart').
Try correcting the name to the name of an existing method, or defining a method named '$_clearField'.
  void clearEirpLegalLimitDbw() => $_clearField(69);
                                   ^^^^^^^^^^^^
lib/generated/spacex_api/device/device.pb.dart:8827:44: Error: The method '$_clearField' isn't defined for the type 'DishGetEmcResponse'.
 - 'DishGetEmcResponse' is from 'package:starlink_isp_app/generated/spacex_api/device/device.pb.dart' ('lib/generated/spacex_api/device/device.pb.dart').
Try correcting the name to the name of an existing method, or defining a method named '$_clearField'.
  void clearEirpLegalLimitDbwOverride() => $_clearField(70);
                                           ^^^^^^^^^^^^
lib/generated/spacex_api/device/device.pb.dart:8836:35: Error: The method '$_clearField' isn't defined for the type 'DishGetEmcResponse'.
 - 'DishGetEmcResponse' is from 'package:starlink_isp_app/generated/spacex_api/device/device.pb.dart' ('lib/generated/spacex_api/device/device.pb.dart').
Try correcting the name to the name of an existing method, or defining a method named '$_clearField'.
  void clearEirpAdjustmentDb() => $_clearField(71);
                                  ^^^^^^^^^^^^
lib/generated/spacex_api/device/device.pb.dart:8845:35: Error: The method '$_clearField' isn't defined for the type 'DishGetEmcResponse'.
 - 'DishGetEmcResponse' is from 'package:starlink_isp_app/generated/spacex_api/device/device.pb.dart' ('lib/generated/spacex_api/device/device.pb.dart').
Try correcting the name to the name of an existing method, or defining a method named '$_clearField'.
  void clearEirpPredictedDbw() => $_clearField(72);
                                  ^^^^^^^^^^^^
lib/generated/spacex_api/device/device.pb.dart:8995:7: Error: The method 'aE' isn't defined for the type 'BuilderInfo'.
 - 'BuilderInfo' is from 'package:protobuf/protobuf.dart' ('../../../.pub-cache/hosted/pub.dev/protobuf-3.1.0/lib/protobuf.dart').
Try correcting the name to the name of an existing method, or defining a method named 'aE'.
    ..aE<SpeedtestError>(2, _omitFieldNames ? '' : 'err',
      ^^
lib/generated/spacex_api/device/device.pb.dart:9020:51: Error: A value of type 'List<dynamic>' can't be returned from a function with return type 'PbList<double>'.
 - 'List' is from 'dart:core'.
 - 'PbList' is from 'package:protobuf/protobuf.dart' ('../../../.pub-cache/hosted/pub.dev/protobuf-3.1.0/lib/protobuf.dart').
  $pb.PbList<$core.double> get throughputsMbps => $_getList(0);
                                                  ^
lib/generated/spacex_api/device/device.pb.dart:9025:36: Error: The method '$_setField' isn't defined for the type 'SpeedtestStatus_Direction'.
 - 'SpeedtestStatus_Direction' is from 'package:starlink_isp_app/generated/spacex_api/device/device.pb.dart' ('lib/generated/spacex_api/device/device.pb.dart').
Try correcting the name to the name of an existing method, or defining a method named '$_setField'.
  set err(SpeedtestError value) => $_setField(2, value);
                                   ^^^^^^^^^^
lib/generated/spacex_api/device/device.pb.dart:9029:22: Error: The method '$_clearField' isn't defined for the type 'SpeedtestStatus_Direction'.
 - 'SpeedtestStatus_Direction' is from 'package:starlink_isp_app/generated/spacex_api/device/device.pb.dart' ('lib/generated/spacex_api/device/device.pb.dart').
Try correcting the name to the name of an existing method, or defining a method named '$_clearField'.
  void clearErr() => $_clearField(2);
                     ^^^^^^^^^^^^
lib/generated/spacex_api/device/device.pb.dart:9062:7: Error: The method 'aI' isn't defined for the type 'BuilderInfo'.
 - 'BuilderInfo' is from 'package:protobuf/protobuf.dart' ('../../../.pub-cache/hosted/pub.dev/protobuf-3.1.0/lib/protobuf.dart').
Try correcting the name to the name of an existing method, or defining a method named 'aI'.
    ..aI(2, _omitFieldNames ? '' : 'id', fieldType: $pb.PbFieldType.OU3)
      ^^
lib/generated/spacex_api/device/device.pb.dart:9095:26: Error: The method '$_clearField' isn't defined for the type 'SpeedtestStatus'.
 - 'SpeedtestStatus' is from 'package:starlink_isp_app/generated/spacex_api/device/device.pb.dart' ('lib/generated/spacex_api/device/device.pb.dart').
Try correcting the name to the name of an existing method, or defining a method named '$_clearField'.
  void clearRunning() => $_clearField(1);
                         ^^^^^^^^^^^^
lib/generated/spacex_api/device/device.pb.dart:9104:21: Error: The method '$_clearField' isn't defined for the type 'SpeedtestStatus'.
 - 'SpeedtestStatus' is from 'package:starlink_isp_app/generated/spacex_api/device/device.pb.dart' ('lib/generated/spacex_api/device/device.pb.dart').
Try correcting the name to the name of an existing method, or defining a method named '$_clearField'.
  void clearId() => $_clearField(2);
                    ^^^^^^^^^^^^
lib/generated/spacex_api/device/device.pb.dart:9109:46: Error: The method '$_setField' isn't defined for the type 'SpeedtestStatus'.
 - 'SpeedtestStatus' is from 'package:starlink_isp_app/generated/spacex_api/device/device.pb.dart' ('lib/generated/spacex_api/device/device.pb.dart').
Try correcting the name to the name of an existing method, or defining a method named '$_setField'.
  set up(SpeedtestStatus_Direction value) => $_setField(1000, value);
                                             ^^^^^^^^^^
lib/generated/spacex_api/device/device.pb.dart:9113:21: Error: The method '$_clearField' isn't defined for the type 'SpeedtestStatus'.
 - 'SpeedtestStatus' is from 'package:starlink_isp_app/generated/spacex_api/device/device.pb.dart' ('lib/generated/spacex_api/device/device.pb.dart').
Try correcting the name to the name of an existing method, or defining a method named '$_clearField'.
  void clearUp() => $_clearField(1000);
                    ^^^^^^^^^^^^
lib/generated/spacex_api/device/device.pb.dart:9120:48: Error: The method '$_setField' isn't defined for the type 'SpeedtestStatus'.
 - 'SpeedtestStatus' is from 'package:starlink_isp_app/generated/spacex_api/device/device.pb.dart' ('lib/generated/spacex_api/device/device.pb.dart').
Try correcting the name to the name of an existing method, or defining a method named '$_setField'.
  set down(SpeedtestStatus_Direction value) => $_setField(1001, value);
                                               ^^^^^^^^^^
lib/generated/spacex_api/device/device.pb.dart:9124:23: Error: The method '$_clearField' isn't defined for the type 'SpeedtestStatus'.
 - 'SpeedtestStatus' is from 'package:starlink_isp_app/generated/spacex_api/device/device.pb.dart' ('lib/generated/spacex_api/device/device.pb.dart').
Try correcting the name to the name of an existing method, or defining a method named '$_clearField'.
  void clearDown() => $_clearField(1001);
                      ^^^^^^^^^^^^
lib/generated/spacex_api/device/device.pb.dart:9220:40: Error: The method '$_setField' isn't defined for the type 'GetSpeedtestStatusResponse'.
 - 'GetSpeedtestStatusResponse' is from 'package:starlink_isp_app/generated/spacex_api/device/device.pb.dart' ('lib/generated/spacex_api/device/device.pb.dart').
Try correcting the name to the name of an existing method, or defining a method named '$_setField'.
  set status(SpeedtestStatus value) => $_setField(1, value);
                                       ^^^^^^^^^^
lib/generated/spacex_api/device/device.pb.dart:9224:25: Error: The method '$_clearField' isn't defined for the type 'GetSpeedtestStatusResponse'.
 - 'GetSpeedtestStatusResponse' is from 'package:starlink_isp_app/generated/spacex_api/device/device.pb.dart' ('lib/generated/spacex_api/device/device.pb.dart').
Try correcting the name to the name of an existing method, or defining a method named '$_clearField'.
  void clearStatus() => $_clearField(1);
                        ^^^^^^^^^^^^
lib/generated/spacex_api/device/device.pb.dart:9264:7: Error: The method 'aI' isn't defined for the type 'BuilderInfo'.
 - 'BuilderInfo' is from 'package:protobuf/protobuf.dart' ('../../../.pub-cache/hosted/pub.dev/protobuf-3.1.0/lib/protobuf.dart').
Try correcting the name to the name of an existing method, or defining a method named 'aI'.
    ..aI(1, _omitFieldNames ? '' : 'id', fieldType: $pb.PbFieldType.OU3)
      ^^
lib/generated/spacex_api/device/device.pb.dart:9267:7: Error: The method 'aD' isn't defined for the type 'BuilderInfo'.
 - 'BuilderInfo' is from 'package:protobuf/protobuf.dart' ('../../../.pub-cache/hosted/pub.dev/protobuf-3.1.0/lib/protobuf.dart').
Try correcting the name to the name of an existing method, or defining a method named 'aD'.
    ..aD(3, _omitFieldNames ? '' : 'clientRssi', fieldType: $pb.PbFieldType.OF)
      ^^
lib/generated/spacex_api/device/device.pb.dart:9273:7: Error: The method 'aI' isn't defined for the type 'BuilderInfo'.
 - 'BuilderInfo' is from 'package:protobuf/protobuf.dart' ('../../../.pub-cache/hosted/pub.dev/protobuf-3.1.0/lib/protobuf.dart').
Try correcting the name to the name of an existing method, or defining a method named 'aI'.
    ..aI(7, _omitFieldNames ? '' : 'appBuild', fieldType: $pb.PbFieldType.OU3)
      ^^
lib/generated/spacex_api/device/device.pb.dart:9305:21: Error: The method '$_clearField' isn't defined for the type 'ReportClientSpeedtestRequest'.
 - 'ReportClientSpeedtestRequest' is from 'package:starlink_isp_app/generated/spacex_api/device/device.pb.dart' ('lib/generated/spacex_api/device/device.pb.dart').
Try correcting the name to the name of an existing method, or defining a method named '$_clearField'.
  void clearId() => $_clearField(1);
                    ^^^^^^^^^^^^
lib/generated/spacex_api/device/device.pb.dart:9310:48: Error: The method '$_setField' isn't defined for the type 'ReportClientSpeedtestRequest'.
 - 'ReportClientSpeedtestRequest' is from 'package:starlink_isp_app/generated/spacex_api/device/device.pb.dart' ('lib/generated/spacex_api/device/device.pb.dart').
Try correcting the name to the name of an existing method, or defining a method named '$_setField'.
  set clientSpeedtest(SpeedTestStats value) => $_setField(2, value);
                                               ^^^^^^^^^^
lib/generated/spacex_api/device/device.pb.dart:9314:34: Error: The method '$_clearField' isn't defined for the type 'ReportClientSpeedtestRequest'.
 - 'ReportClientSpeedtestRequest' is from 'package:starlink_isp_app/generated/spacex_api/device/device.pb.dart' ('lib/generated/spacex_api/device/device.pb.dart').
Try correcting the name to the name of an existing method, or defining a method named '$_clearField'.
  void clearClientSpeedtest() => $_clearField(2);
                                 ^^^^^^^^^^^^
lib/generated/spacex_api/device/device.pb.dart:9325:29: Error: The method '$_clearField' isn't defined for the type 'ReportClientSpeedtestRequest'.
 - 'ReportClientSpeedtestRequest' is from 'package:starlink_isp_app/generated/spacex_api/device/device.pb.dart' ('lib/generated/spacex_api/device/device.pb.dart').
Try correcting the name to the name of an existing method, or defining a method named '$_clearField'.
  void clearClientRssi() => $_clearField(3);
                            ^^^^^^^^^^^^
lib/generated/spacex_api/device/device.pb.dart:9330:47: Error: The method '$_setField' isn't defined for the type 'ReportClientSpeedtestRequest'.
 - 'ReportClientSpeedtestRequest' is from 'package:starlink_isp_app/generated/spacex_api/device/device.pb.dart' ('lib/generated/spacex_api/device/device.pb.dart').
Try correcting the name to the name of an existing method, or defining a method named '$_setField'.
  set clientPlatform(ClientPlatform value) => $_setField(4, value);
                                              ^^^^^^^^^^
lib/generated/spacex_api/device/device.pb.dart:9334:33: Error: The method '$_clearField' isn't defined for the type 'ReportClientSpeedtestRequest'.
 - 'ReportClientSpeedtestRequest' is from 'package:starlink_isp_app/generated/spacex_api/device/device.pb.dart' ('lib/generated/spacex_api/device/device.pb.dart').
Try correcting the name to the name of an existing method, or defining a method named '$_clearField'.
  void clearClientPlatform() => $_clearField(4);
                                ^^^^^^^^^^^^
lib/generated/spacex_api/device/device.pb.dart:9341:46: Error: The method '$_setField' isn't defined for the type 'ReportClientSpeedtestRequest'.
 - 'ReportClientSpeedtestRequest' is from 'package:starlink_isp_app/generated/spacex_api/device/device.pb.dart' ('lib/generated/spacex_api/device/device.pb.dart').
Try correcting the name to the name of an existing method, or defining a method named '$_setField'.
  set wifiSpeedtest(SpeedTestStats value) => $_setField(5, value);
                                             ^^^^^^^^^^
lib/generated/spacex_api/device/device.pb.dart:9345:32: Error: The method '$_clearField' isn't defined for the type 'ReportClientSpeedtestRequest'.
 - 'ReportClientSpeedtestRequest' is from 'package:starlink_isp_app/generated/spacex_api/device/device.pb.dart' ('lib/generated/spacex_api/device/device.pb.dart').
Try correcting the name to the name of an existing method, or defining a method named '$_clearField'.
  void clearWifiSpeedtest() => $_clearField(5);
                               ^^^^^^^^^^^^
lib/generated/spacex_api/device/device.pb.dart:9356:29: Error: The method '$_clearField' isn't defined for the type 'ReportClientSpeedtestRequest'.
 - 'ReportClientSpeedtestRequest' is from 'package:starlink_isp_app/generated/spacex_api/device/device.pb.dart' ('lib/generated/spacex_api/device/device.pb.dart').
Try correcting the name to the name of an existing method, or defining a method named '$_clearField'.
  void clearAppVersion() => $_clearField(6);
                            ^^^^^^^^^^^^
lib/generated/spacex_api/device/device.pb.dart:9365:27: Error: The method '$_clearField' isn't defined for the type 'ReportClientSpeedtestRequest'.
 - 'ReportClientSpeedtestRequest' is from 'package:starlink_isp_app/generated/spacex_api/device/device.pb.dart' ('lib/generated/spacex_api/device/device.pb.dart').
Try correcting the name to the name of an existing method, or defining a method named '$_clearField'.
  void clearAppBuild() => $_clearField(7);
                          ^^^^^^^^^^^^
lib/generated/spacex_api/device/device.pb.dart:9481:7: Error: The method 'aI' isn't defined for the type 'BuilderInfo'.
 - 'BuilderInfo' is from 'package:protobuf/protobuf.dart' ('../../../.pub-cache/hosted/pub.dev/protobuf-3.1.0/lib/protobuf.dart').
Try correcting the name to the name of an existing method, or defining a method named 'aI'.
    ..aI(1, _omitFieldNames ? '' : 'powerSaveStartMinutes',
      ^^
lib/generated/spacex_api/device/device.pb.dart:9483:7: Error: The method 'aI' isn't defined for the type 'BuilderInfo'.
 - 'BuilderInfo' is from 'package:protobuf/protobuf.dart' ('../../../.pub-cache/hosted/pub.dev/protobuf-3.1.0/lib/protobuf.dart').
Try correcting the name to the name of an existing method, or defining a method named 'aI'.
    ..aI(2, _omitFieldNames ? '' : 'powerSaveDurationMinutes',
      ^^
lib/generated/spacex_api/device/device.pb.dart:9514:40: Error: The method '$_clearField' isn't defined for the type 'DishPowerSaveRequest'.
 - 'DishPowerSaveRequest' is from 'package:starlink_isp_app/generated/spacex_api/device/device.pb.dart' ('lib/generated/spacex_api/device/device.pb.dart').
Try correcting the name to the name of an existing method, or defining a method named '$_clearField'.
  void clearPowerSaveStartMinutes() => $_clearField(1);
                                       ^^^^^^^^^^^^
lib/generated/spacex_api/device/device.pb.dart:9523:43: Error: The method '$_clearField' isn't defined for the type 'DishPowerSaveRequest'.
 - 'DishPowerSaveRequest' is from 'package:starlink_isp_app/generated/spacex_api/device/device.pb.dart' ('lib/generated/spacex_api/device/device.pb.dart').
Try correcting the name to the name of an existing method, or defining a method named '$_clearField'.
  void clearPowerSaveDurationMinutes() => $_clearField(2);
                                          ^^^^^^^^^^^^
lib/generated/spacex_api/device/device.pb.dart:9532:34: Error: The method '$_clearField' isn't defined for the type 'DishPowerSaveRequest'.
 - 'DishPowerSaveRequest' is from 'package:starlink_isp_app/generated/spacex_api/device/device.pb.dart' ('lib/generated/spacex_api/device/device.pb.dart').
Try correcting the name to the name of an existing method, or defining a method named '$_clearField'.
  void clearEnablePowerSave() => $_clearField(3);
                                 ^^^^^^^^^^^^
lib/generated/spacex_api/device/device.pb.dart:9651:7: Error: The method 'aI' isn't defined for the type 'BuilderInfo'.
 - 'BuilderInfo' is from 'package:protobuf/protobuf.dart' ('../../../.pub-cache/hosted/pub.dev/protobuf-3.1.0/lib/protobuf.dart').
Try correcting the name to the name of an existing method, or defining a method named 'aI'.
    ..aI(10, _omitFieldNames ? '' : 'clientsEthernet',
      ^^
lib/generated/spacex_api/device/device.pb.dart:9653:7: Error: The method 'aI' isn't defined for the type 'BuilderInfo'.
 - 'BuilderInfo' is from 'package:protobuf/protobuf.dart' ('../../../.pub-cache/hosted/pub.dev/protobuf-3.1.0/lib/protobuf.dart').
Try correcting the name to the name of an existing method, or defining a method named 'aI'.
    ..aI(11, _omitFieldNames ? '' : 'clients2ghz',
      ^^
lib/generated/spacex_api/device/device.pb.dart:9655:7: Error: The method 'aI' isn't defined for the type 'BuilderInfo'.
 - 'BuilderInfo' is from 'package:protobuf/protobuf.dart' ('../../../.pub-cache/hosted/pub.dev/protobuf-3.1.0/lib/protobuf.dart').
Try correcting the name to the name of an existing method, or defining a method named 'aI'.
    ..aI(12, _omitFieldNames ? '' : 'clients5ghz',
      ^^
lib/generated/spacex_api/device/device.pb.dart:9689:25: Error: The method '$_clearField' isn't defined for the type 'WifiGetDiagnosticsResponse_Network'.
 - 'WifiGetDiagnosticsResponse_Network' is from 'package:starlink_isp_app/generated/spacex_api/device/device.pb.dart' ('lib/generated/spacex_api/device/device.pb.dart').
Try correcting the name to the name of an existing method, or defining a method named '$_clearField'.
  void clearDomain() => $_clearField(1);
                        ^^^^^^^^^^^^
lib/generated/spacex_api/device/device.pb.dart:9698:23: Error: The method '$_clearField' isn't defined for the type 'WifiGetDiagnosticsResponse_Network'.
 - 'WifiGetDiagnosticsResponse_Network' is from 'package:starlink_isp_app/generated/spacex_api/device/device.pb.dart' ('lib/generated/spacex_api/device/device.pb.dart').
Try correcting the name to the name of an existing method, or defining a method named '$_clearField'.
  void clearIpv4() => $_clearField(2);
                      ^^^^^^^^^^^^
lib/generated/spacex_api/device/device.pb.dart:9701:40: Error: A value of type 'List<dynamic>' can't be returned from a function with return type 'PbList<String>'.
 - 'List' is from 'dart:core'.
 - 'PbList' is from 'package:protobuf/protobuf.dart' ('../../../.pub-cache/hosted/pub.dev/protobuf-3.1.0/lib/protobuf.dart').
  $pb.PbList<$core.String> get ipv6 => $_getList(2);
                                       ^
lib/generated/spacex_api/device/device.pb.dart:9710:34: Error: The method '$_clearField' isn't defined for the type 'WifiGetDiagnosticsResponse_Network'.
 - 'WifiGetDiagnosticsResponse_Network' is from 'package:starlink_isp_app/generated/spacex_api/device/device.pb.dart' ('lib/generated/spacex_api/device/device.pb.dart').
Try correcting the name to the name of an existing method, or defining a method named '$_clearField'.
  void clearClientsEthernet() => $_clearField(10);
                                 ^^^^^^^^^^^^
lib/generated/spacex_api/device/device.pb.dart:9719:30: Error: The method '$_clearField' isn't defined for the type 'WifiGetDiagnosticsResponse_Network'.
 - 'WifiGetDiagnosticsResponse_Network' is from 'package:starlink_isp_app/generated/spacex_api/device/device.pb.dart' ('lib/generated/spacex_api/device/device.pb.dart').
Try correcting the name to the name of an existing method, or defining a method named '$_clearField'.
  void clearClients2ghz() => $_clearField(11);
                             ^^^^^^^^^^^^
lib/generated/spacex_api/device/device.pb.dart:9728:30: Error: The method '$_clearField' isn't defined for the type 'WifiGetDiagnosticsResponse_Network'.
 - 'WifiGetDiagnosticsResponse_Network' is from 'package:starlink_isp_app/generated/spacex_api/device/device.pb.dart' ('lib/generated/spacex_api/device/device.pb.dart').
Try correcting the name to the name of an existing method, or defining a method named '$_clearField'.
  void clearClients5ghz() => $_clearField(12);
                             ^^^^^^^^^^^^
lib/generated/spacex_api/device/device.pb.dart:9763:7: Error: The method 'pPM' isn't defined for the type 'BuilderInfo'.
 - 'BuilderInfo' is from 'package:protobuf/protobuf.dart' ('../../../.pub-cache/hosted/pub.dev/protobuf-3.1.0/lib/protobuf.dart').
Try correcting the name to the name of an existing method, or defining a method named 'pPM'.
    ..pPM<WifiGetDiagnosticsResponse_Network>(
      ^^^
lib/generated/spacex_api/device/device.pb.dart:9796:21: Error: The method '$_clearField' isn't defined for the type 'WifiGetDiagnosticsResponse'.
 - 'WifiGetDiagnosticsResponse' is from 'package:starlink_isp_app/generated/spacex_api/device/device.pb.dart' ('lib/generated/spacex_api/device/device.pb.dart').
Try correcting the name to the name of an existing method, or defining a method named '$_clearField'.
  void clearId() => $_clearField(1);
                    ^^^^^^^^^^^^
lib/generated/spacex_api/device/device.pb.dart:9805:34: Error: The method '$_clearField' isn't defined for the type 'WifiGetDiagnosticsResponse'.
 - 'WifiGetDiagnosticsResponse' is from 'package:starlink_isp_app/generated/spacex_api/device/device.pb.dart' ('lib/generated/spacex_api/device/device.pb.dart').
Try correcting the name to the name of an existing method, or defining a method named '$_clearField'.
  void clearHardwareVersion() => $_clearField(2);
                                 ^^^^^^^^^^^^
lib/generated/spacex_api/device/device.pb.dart:9814:34: Error: The method '$_clearField' isn't defined for the type 'WifiGetDiagnosticsResponse'.
 - 'WifiGetDiagnosticsResponse' is from 'package:starlink_isp_app/generated/spacex_api/device/device.pb.dart' ('lib/generated/spacex_api/device/device.pb.dart').
Try correcting the name to the name of an existing method, or defining a method named '$_clearField'.
  void clearSoftwareVersion() => $_clearField(3);
                                 ^^^^^^^^^^^^
lib/generated/spacex_api/device/device.pb.dart:9817:66: Error: A value of type 'List<dynamic>' can't be returned from a function with return type 'PbList<WifiGetDiagnosticsResponse_Network>'.
 - 'List' is from 'dart:core'.
 - 'PbList' is from 'package:protobuf/protobuf.dart' ('../../../.pub-cache/hosted/pub.dev/protobuf-3.1.0/lib/protobuf.dart').
 - 'WifiGetDiagnosticsResponse_Network' is from 'package:starlink_isp_app/generated/spacex_api/device/device.pb.dart' ('lib/generated/spacex_api/device/device.pb.dart').
  $pb.PbList<WifiGetDiagnosticsResponse_Network> get networks => $_getList(3);
                                                                 ^
lib/generated/spacex_api/device/device.pb.dart:9907:32: Error: The method '$_clearField' isn't defined for the type 'DishGetDiagnosticsResponse_Alerts'.
 - 'DishGetDiagnosticsResponse_Alerts' is from 'package:starlink_isp_app/generated/spacex_api/device/device.pb.dart' ('lib/generated/spacex_api/device/device.pb.dart').
Try correcting the name to the name of an existing method, or defining a method named '$_clearField'.
  void clearDishIsHeating() => $_clearField(1);
                               ^^^^^^^^^^^^
lib/generated/spacex_api/device/device.pb.dart:9916:38: Error: The method '$_clearField' isn't defined for the type 'DishGetDiagnosticsResponse_Alerts'.
 - 'DishGetDiagnosticsResponse_Alerts' is from 'package:starlink_isp_app/generated/spacex_api/device/device.pb.dart' ('lib/generated/spacex_api/device/device.pb.dart').
Try correcting the name to the name of an existing method, or defining a method named '$_clearField'.
  void clearDishThermalThrottle() => $_clearField(2);
                                     ^^^^^^^^^^^^
lib/generated/spacex_api/device/device.pb.dart:9925:38: Error: The method '$_clearField' isn't defined for the type 'DishGetDiagnosticsResponse_Alerts'.
 - 'DishGetDiagnosticsResponse_Alerts' is from 'package:starlink_isp_app/generated/spacex_api/device/device.pb.dart' ('lib/generated/spacex_api/device/device.pb.dart').
Try correcting the name to the name of an existing method, or defining a method named '$_clearField'.
  void clearDishThermalShutdown() => $_clearField(3);
                                     ^^^^^^^^^^^^
lib/generated/spacex_api/device/device.pb.dart:9934:45: Error: The method '$_clearField' isn't defined for the type 'DishGetDiagnosticsResponse_Alerts'.
 - 'DishGetDiagnosticsResponse_Alerts' is from 'package:starlink_isp_app/generated/spacex_api/device/device.pb.dart' ('lib/generated/spacex_api/device/device.pb.dart').
Try correcting the name to the name of an existing method, or defining a method named '$_clearField'.
  void clearPowerSupplyThermalThrottle() => $_clearField(4);
                                            ^^^^^^^^^^^^
lib/generated/spacex_api/device/device.pb.dart:9943:30: Error: The method '$_clearField' isn't defined for the type 'DishGetDiagnosticsResponse_Alerts'.
 - 'DishGetDiagnosticsResponse_Alerts' is from 'package:starlink_isp_app/generated/spacex_api/device/device.pb.dart' ('lib/generated/spacex_api/device/device.pb.dart').
Try correcting the name to the name of an existing method, or defining a method named '$_clearField'.
  void clearMotorsStuck() => $_clearField(5);
                             ^^^^^^^^^^^^
lib/generated/spacex_api/device/device.pb.dart:9952:38: Error: The method '$_clearField' isn't defined for the type 'DishGetDiagnosticsResponse_Alerts'.
 - 'DishGetDiagnosticsResponse_Alerts' is from 'package:starlink_isp_app/generated/spacex_api/device/device.pb.dart' ('lib/generated/spacex_api/device/device.pb.dart').
Try correcting the name to the name of an existing method, or defining a method named '$_clearField'.
  void clearMastNotNearVertical() => $_clearField(6);
                                     ^^^^^^^^^^^^
lib/generated/spacex_api/device/device.pb.dart:9961:37: Error: The method '$_clearField' isn't defined for the type 'DishGetDiagnosticsResponse_Alerts'.
 - 'DishGetDiagnosticsResponse_Alerts' is from 'package:starlink_isp_app/generated/spacex_api/device/device.pb.dart' ('lib/generated/spacex_api/device/device.pb.dart').
Try correcting the name to the name of an existing method, or defining a method named '$_clearField'.
  void clearSlowEthernetSpeeds() => $_clearField(7);
                                    ^^^^^^^^^^^^
lib/generated/spacex_api/device/device.pb.dart:9970:41: Error: The method '$_clearField' isn't defined for the type 'DishGetDiagnosticsResponse_Alerts'.
 - 'DishGetDiagnosticsResponse_Alerts' is from 'package:starlink_isp_app/generated/spacex_api/device/device.pb.dart' ('lib/generated/spacex_api/device/device.pb.dart').
Try correcting the name to the name of an existing method, or defining a method named '$_clearField'.
  void clearSoftwareInstallPending() => $_clearField(8);
                                        ^^^^^^^^^^^^
lib/generated/spacex_api/device/device.pb.dart:9979:29: Error: The method '$_clearField' isn't defined for the type 'DishGetDiagnosticsResponse_Alerts'.
 - 'DishGetDiagnosticsResponse_Alerts' is from 'package:starlink_isp_app/generated/spacex_api/device/device.pb.dart' ('lib/generated/spacex_api/device/device.pb.dart').
Try correcting the name to the name of an existing method, or defining a method named '$_clearField'.
  void clearObstructed() => $_clearField(10);
                            ^^^^^^^^^^^^
lib/generated/spacex_api/device/device.pb.dart:10020:7: Error: The method 'aD' isn't defined for the type 'BuilderInfo'.
 - 'BuilderInfo' is from 'package:protobuf/protobuf.dart' ('../../../.pub-cache/hosted/pub.dev/protobuf-3.1.0/lib/protobuf.dart').
Try correcting the name to the name of an existing method, or defining a method named 'aD'.
    ..aD(2, _omitFieldNames ? '' : 'latitude')
      ^^
lib/generated/spacex_api/device/device.pb.dart:10021:7: Error: The method 'aD' isn't defined for the type 'BuilderInfo'.
 - 'BuilderInfo' is from 'package:protobuf/protobuf.dart' ('../../../.pub-cache/hosted/pub.dev/protobuf-3.1.0/lib/protobuf.dart').
Try correcting the name to the name of an existing method, or defining a method named 'aD'.
    ..aD(3, _omitFieldNames ? '' : 'longitude')
      ^^
lib/generated/spacex_api/device/device.pb.dart:10022:7: Error: The method 'aD' isn't defined for the type 'BuilderInfo'.
 - 'BuilderInfo' is from 'package:protobuf/protobuf.dart' ('../../../.pub-cache/hosted/pub.dev/protobuf-3.1.0/lib/protobuf.dart').
Try correcting the name to the name of an existing method, or defining a method named 'aD'.
    ..aD(4, _omitFieldNames ? '' : 'altitudeMeters')
      ^^
lib/generated/spacex_api/device/device.pb.dart:10024:7: Error: The method 'aD' isn't defined for the type 'BuilderInfo'.
 - 'BuilderInfo' is from 'package:protobuf/protobuf.dart' ('../../../.pub-cache/hosted/pub.dev/protobuf-3.1.0/lib/protobuf.dart').
Try correcting the name to the name of an existing method, or defining a method named 'aD'.
    ..aD(6, _omitFieldNames ? '' : 'uncertaintyMeters')
      ^^
lib/generated/spacex_api/device/device.pb.dart:10025:7: Error: The method 'aD' isn't defined for the type 'BuilderInfo'.
 - 'BuilderInfo' is from 'package:protobuf/protobuf.dart' ('../../../.pub-cache/hosted/pub.dev/protobuf-3.1.0/lib/protobuf.dart').
Try correcting the name to the name of an existing method, or defining a method named 'aD'.
    ..aD(7, _omitFieldNames ? '' : 'gpsTimeS')
      ^^
lib/generated/spacex_api/device/device.pb.dart:10058:26: Error: The method '$_clearField' isn't defined for the type 'DishGetDiagnosticsResponse_Location'.
 - 'DishGetDiagnosticsResponse_Location' is from 'package:starlink_isp_app/generated/spacex_api/device/device.pb.dart' ('lib/generated/spacex_api/device/device.pb.dart').
Try correcting the name to the name of an existing method, or defining a method named '$_clearField'.
  void clearEnabled() => $_clearField(1);
                         ^^^^^^^^^^^^
lib/generated/spacex_api/device/device.pb.dart:10067:27: Error: The method '$_clearField' isn't defined for the type 'DishGetDiagnosticsResponse_Location'.
 - 'DishGetDiagnosticsResponse_Location' is from 'package:starlink_isp_app/generated/spacex_api/device/device.pb.dart' ('lib/generated/spacex_api/device/device.pb.dart').
Try correcting the name to the name of an existing method, or defining a method named '$_clearField'.
  void clearLatitude() => $_clearField(2);
                          ^^^^^^^^^^^^
lib/generated/spacex_api/device/device.pb.dart:10076:28: Error: The method '$_clearField' isn't defined for the type 'DishGetDiagnosticsResponse_Location'.
 - 'DishGetDiagnosticsResponse_Location' is from 'package:starlink_isp_app/generated/spacex_api/device/device.pb.dart' ('lib/generated/spacex_api/device/device.pb.dart').
Try correcting the name to the name of an existing method, or defining a method named '$_clearField'.
  void clearLongitude() => $_clearField(3);
                           ^^^^^^^^^^^^
lib/generated/spacex_api/device/device.pb.dart:10085:33: Error: The method '$_clearField' isn't defined for the type 'DishGetDiagnosticsResponse_Location'.
 - 'DishGetDiagnosticsResponse_Location' is from 'package:starlink_isp_app/generated/spacex_api/device/device.pb.dart' ('lib/generated/spacex_api/device/device.pb.dart').
Try correcting the name to the name of an existing method, or defining a method named '$_clearField'.
  void clearAltitudeMeters() => $_clearField(4);
                                ^^^^^^^^^^^^
lib/generated/spacex_api/device/device.pb.dart:10094:41: Error: The method '$_clearField' isn't defined for the type 'DishGetDiagnosticsResponse_Location'.
 - 'DishGetDiagnosticsResponse_Location' is from 'package:starlink_isp_app/generated/spacex_api/device/device.pb.dart' ('lib/generated/spacex_api/device/device.pb.dart').
Try correcting the name to the name of an existing method, or defining a method named '$_clearField'.
  void clearUncertaintyMetersValid() => $_clearField(5);
                                        ^^^^^^^^^^^^
lib/generated/spacex_api/device/device.pb.dart:10103:36: Error: The method '$_clearField' isn't defined for the type 'DishGetDiagnosticsResponse_Location'.
 - 'DishGetDiagnosticsResponse_Location' is from 'package:starlink_isp_app/generated/spacex_api/device/device.pb.dart' ('lib/generated/spacex_api/device/device.pb.dart').
Try correcting the name to the name of an existing method, or defining a method named '$_clearField'.
  void clearUncertaintyMeters() => $_clearField(6);
                                   ^^^^^^^^^^^^
lib/generated/spacex_api/device/device.pb.dart:10112:27: Error: The method '$_clearField' isn't defined for the type 'DishGetDiagnosticsResponse_Location'.
 - 'DishGetDiagnosticsResponse_Location' is from 'package:starlink_isp_app/generated/spacex_api/device/device.pb.dart' ('lib/generated/spacex_api/device/device.pb.dart').
Try correcting the name to the name of an existing method, or defining a method named '$_clearField'.
  void clearGpsTimeS() => $_clearField(7);
                          ^^^^^^^^^^^^
lib/generated/spacex_api/device/device.pb.dart:10149:7: Error: The method 'aD' isn't defined for the type 'BuilderInfo'.
 - 'BuilderInfo' is from 'package:protobuf/protobuf.dart' ('../../../.pub-cache/hosted/pub.dev/protobuf-3.1.0/lib/protobuf.dart').
Try correcting the name to the name of an existing method, or defining a method named 'aD'.
    ..aD(1, _omitFieldNames ? '' : 'boresightAzimuthDeg',
      ^^
lib/generated/spacex_api/device/device.pb.dart:10151:7: Error: The method 'aD' isn't defined for the type 'BuilderInfo'.
 - 'BuilderInfo' is from 'package:protobuf/protobuf.dart' ('../../../.pub-cache/hosted/pub.dev/protobuf-3.1.0/lib/protobuf.dart').
Try correcting the name to the name of an existing method, or defining a method named 'aD'.
    ..aD(2, _omitFieldNames ? '' : 'boresightElevationDeg',
      ^^
lib/generated/spacex_api/device/device.pb.dart:10153:7: Error: The method 'aD' isn't defined for the type 'BuilderInfo'.
 - 'BuilderInfo' is from 'package:protobuf/protobuf.dart' ('../../../.pub-cache/hosted/pub.dev/protobuf-3.1.0/lib/protobuf.dart').
Try correcting the name to the name of an existing method, or defining a method named 'aD'.
    ..aD(3, _omitFieldNames ? '' : 'desiredBoresightAzimuthDeg',
      ^^
lib/generated/spacex_api/device/device.pb.dart:10155:7: Error: The method 'aD' isn't defined for the type 'BuilderInfo'.
 - 'BuilderInfo' is from 'package:protobuf/protobuf.dart' ('../../../.pub-cache/hosted/pub.dev/protobuf-3.1.0/lib/protobuf.dart').
Try correcting the name to the name of an existing method, or defining a method named 'aD'.
    ..aD(4, _omitFieldNames ? '' : 'desiredBoresightElevationDeg',
      ^^
lib/generated/spacex_api/device/device.pb.dart:10189:38: Error: The method '$_clearField' isn't defined for the type 'DishGetDiagnosticsResponse_AlignmentStats'.
 - 'DishGetDiagnosticsResponse_AlignmentStats' is from 'package:starlink_isp_app/generated/spacex_api/device/device.pb.dart' ('lib/generated/spacex_api/device/device.pb.dart').
Try correcting the name to the name of an existing method, or defining a method named '$_clearField'.
  void clearBoresightAzimuthDeg() => $_clearField(1);
                                     ^^^^^^^^^^^^
lib/generated/spacex_api/device/device.pb.dart:10198:40: Error: The method '$_clearField' isn't defined for the type 'DishGetDiagnosticsResponse_AlignmentStats'.
 - 'DishGetDiagnosticsResponse_AlignmentStats' is from 'package:starlink_isp_app/generated/spacex_api/device/device.pb.dart' ('lib/generated/spacex_api/device/device.pb.dart').
Try correcting the name to the name of an existing method, or defining a method named '$_clearField'.
  void clearBoresightElevationDeg() => $_clearField(2);
                                       ^^^^^^^^^^^^
lib/generated/spacex_api/device/device.pb.dart:10207:45: Error: The method '$_clearField' isn't defined for the type 'DishGetDiagnosticsResponse_AlignmentStats'.
 - 'DishGetDiagnosticsResponse_AlignmentStats' is from 'package:starlink_isp_app/generated/spacex_api/device/device.pb.dart' ('lib/generated/spacex_api/device/device.pb.dart').
Try correcting the name to the name of an existing method, or defining a method named '$_clearField'.
  void clearDesiredBoresightAzimuthDeg() => $_clearField(3);
                                            ^^^^^^^^^^^^
lib/generated/spacex_api/device/device.pb.dart:10216:47: Error: The method '$_clearField' isn't defined for the type 'DishGetDiagnosticsResponse_AlignmentStats'.
 - 'DishGetDiagnosticsResponse_AlignmentStats' is from 'package:starlink_isp_app/generated/spacex_api/device/device.pb.dart' ('lib/generated/spacex_api/device/device.pb.dart').
Try correcting the name to the name of an existing method, or defining a method named '$_clearField'.
  void clearDesiredBoresightElevationDeg() => $_clearField(4);
                                              ^^^^^^^^^^^^
lib/generated/spacex_api/device/device.pb.dart:10270:7: Error: The method 'aI' isn't defined for the type 'BuilderInfo'.
 - 'BuilderInfo' is from 'package:protobuf/protobuf.dart' ('../../../.pub-cache/hosted/pub.dev/protobuf-3.1.0/lib/protobuf.dart').
Try correcting the name to the name of an existing method, or defining a method named 'aI'.
    ..aI(4, _omitFieldNames ? '' : 'utcOffsetS')
      ^^
lib/generated/spacex_api/device/device.pb.dart:10273:7: Error: The method 'aE' isn't defined for the type 'BuilderInfo'.
 - 'BuilderInfo' is from 'package:protobuf/protobuf.dart' ('../../../.pub-cache/hosted/pub.dev/protobuf-3.1.0/lib/protobuf.dart').
Try correcting the name to the name of an existing method, or defining a method named 'aE'.
    ..aE<DishGetDiagnosticsResponse_DisablementCode>(
      ^^
lib/generated/spacex_api/device/device.pb.dart:10276:7: Error: The method 'aE' isn't defined for the type 'BuilderInfo'.
 - 'BuilderInfo' is from 'package:protobuf/protobuf.dart' ('../../../.pub-cache/hosted/pub.dev/protobuf-3.1.0/lib/protobuf.dart').
Try correcting the name to the name of an existing method, or defining a method named 'aE'.
    ..aE<DishGetDiagnosticsResponse_TestResult>(
      ^^
lib/generated/spacex_api/device/device.pb.dart:10322:21: Error: The method '$_clearField' isn't defined for the type 'DishGetDiagnosticsResponse'.
 - 'DishGetDiagnosticsResponse' is from 'package:starlink_isp_app/generated/spacex_api/device/device.pb.dart' ('lib/generated/spacex_api/device/device.pb.dart').
Try correcting the name to the name of an existing method, or defining a method named '$_clearField'.
  void clearId() => $_clearField(1);
                    ^^^^^^^^^^^^
lib/generated/spacex_api/device/device.pb.dart:10331:34: Error: The method '$_clearField' isn't defined for the type 'DishGetDiagnosticsResponse'.
 - 'DishGetDiagnosticsResponse' is from 'package:starlink_isp_app/generated/spacex_api/device/device.pb.dart' ('lib/generated/spacex_api/device/device.pb.dart').
Try correcting the name to the name of an existing method, or defining a method named '$_clearField'.
  void clearHardwareVersion() => $_clearField(2);
                                 ^^^^^^^^^^^^
lib/generated/spacex_api/device/device.pb.dart:10340:34: Error: The method '$_clearField' isn't defined for the type 'DishGetDiagnosticsResponse'.
 - 'DishGetDiagnosticsResponse' is from 'package:starlink_isp_app/generated/spacex_api/device/device.pb.dart' ('lib/generated/spacex_api/device/device.pb.dart').
Try correcting the name to the name of an existing method, or defining a method named '$_clearField'.
  void clearSoftwareVersion() => $_clearField(3);
                                 ^^^^^^^^^^^^
lib/generated/spacex_api/device/device.pb.dart:10349:29: Error: The method '$_clearField' isn't defined for the type 'DishGetDiagnosticsResponse'.
 - 'DishGetDiagnosticsResponse' is from 'package:starlink_isp_app/generated/spacex_api/device/device.pb.dart' ('lib/generated/spacex_api/device/device.pb.dart').
Try correcting the name to the name of an existing method, or defining a method named '$_clearField'.
  void clearUtcOffsetS() => $_clearField(4);
                            ^^^^^^^^^^^^
lib/generated/spacex_api/device/device.pb.dart:10354:58: Error: The method '$_setField' isn't defined for the type 'DishGetDiagnosticsResponse'.
 - 'DishGetDiagnosticsResponse' is from 'package:starlink_isp_app/generated/spacex_api/device/device.pb.dart' ('lib/generated/spacex_api/device/device.pb.dart').
Try correcting the name to the name of an existing method, or defining a method named '$_setField'.
  set alerts(DishGetDiagnosticsResponse_Alerts value) => $_setField(5, value);
                                                         ^^^^^^^^^^
lib/generated/spacex_api/device/device.pb.dart:10358:25: Error: The method '$_clearField' isn't defined for the type 'DishGetDiagnosticsResponse'.
 - 'DishGetDiagnosticsResponse' is from 'package:starlink_isp_app/generated/spacex_api/device/device.pb.dart' ('lib/generated/spacex_api/device/device.pb.dart').
Try correcting the name to the name of an existing method, or defining a method named '$_clearField'.
  void clearAlerts() => $_clearField(5);
                        ^^^^^^^^^^^^
lib/generated/spacex_api/device/device.pb.dart:10366:7: Error: The method '$_setField' isn't defined for the type 'DishGetDiagnosticsResponse'.
 - 'DishGetDiagnosticsResponse' is from 'package:starlink_isp_app/generated/spacex_api/device/device.pb.dart' ('lib/generated/spacex_api/device/device.pb.dart').
Try correcting the name to the name of an existing method, or defining a method named '$_setField'.
      $_setField(6, value);
      ^^^^^^^^^^
lib/generated/spacex_api/device/device.pb.dart:10370:34: Error: The method '$_clearField' isn't defined for the type 'DishGetDiagnosticsResponse'.
 - 'DishGetDiagnosticsResponse' is from 'package:starlink_isp_app/generated/spacex_api/device/device.pb.dart' ('lib/generated/spacex_api/device/device.pb.dart').
Try correcting the name to the name of an existing method, or defining a method named '$_clearField'.
  void clearDisablementCode() => $_clearField(6);
                                 ^^^^^^^^^^^^
lib/generated/spacex_api/device/device.pb.dart:10376:7: Error: The method '$_setField' isn't defined for the type 'DishGetDiagnosticsResponse'.
 - 'DishGetDiagnosticsResponse' is from 'package:starlink_isp_app/generated/spacex_api/device/device.pb.dart' ('lib/generated/spacex_api/device/device.pb.dart').
Try correcting the name to the name of an existing method, or defining a method named '$_setField'.
      $_setField(7, value);
      ^^^^^^^^^^
lib/generated/spacex_api/device/device.pb.dart:10380:35: Error: The method '$_clearField' isn't defined for the type 'DishGetDiagnosticsResponse'.
 - 'DishGetDiagnosticsResponse' is from 'package:starlink_isp_app/generated/spacex_api/device/device.pb.dart' ('lib/generated/spacex_api/device/device.pb.dart').
Try correcting the name to the name of an existing method, or defining a method named '$_clearField'.
  void clearHardwareSelfTest() => $_clearField(7);
                                  ^^^^^^^^^^^^
lib/generated/spacex_api/device/device.pb.dart:10386:7: Error: The method '$_setField' isn't defined for the type 'DishGetDiagnosticsResponse'.
 - 'DishGetDiagnosticsResponse' is from 'package:starlink_isp_app/generated/spacex_api/device/device.pb.dart' ('lib/generated/spacex_api/device/device.pb.dart').
Try correcting the name to the name of an existing method, or defining a method named '$_setField'.
      $_setField(8, value);
      ^^^^^^^^^^
lib/generated/spacex_api/device/device.pb.dart:10390:27: Error: The method '$_clearField' isn't defined for the type 'DishGetDiagnosticsResponse'.
 - 'DishGetDiagnosticsResponse' is from 'package:starlink_isp_app/generated/spacex_api/device/device.pb.dart' ('lib/generated/spacex_api/device/device.pb.dart').
Try correcting the name to the name of an existing method, or defining a method named '$_clearField'.
  void clearLocation() => $_clearField(8);
                          ^^^^^^^^^^^^
lib/generated/spacex_api/device/device.pb.dart:10398:7: Error: The method '$_setField' isn't defined for the type 'DishGetDiagnosticsResponse'.
 - 'DishGetDiagnosticsResponse' is from 'package:starlink_isp_app/generated/spacex_api/device/device.pb.dart' ('lib/generated/spacex_api/device/device.pb.dart').
Try correcting the name to the name of an existing method, or defining a method named '$_setField'.
      $_setField(9, value);
      ^^^^^^^^^^
lib/generated/spacex_api/device/device.pb.dart:10402:33: Error: The method '$_clearField' isn't defined for the type 'DishGetDiagnosticsResponse'.
 - 'DishGetDiagnosticsResponse' is from 'package:starlink_isp_app/generated/spacex_api/device/device.pb.dart' ('lib/generated/spacex_api/device/device.pb.dart').
Try correcting the name to the name of an existing method, or defining a method named '$_clearField'.
  void clearAlignmentStats() => $_clearField(9);
                                ^^^^^^^^^^^^
lib/generated/spacex_api/device/device.pb.dart:10414:25: Error: The method '$_clearField' isn't defined for the type 'DishGetDiagnosticsResponse'.
 - 'DishGetDiagnosticsResponse' is from 'package:starlink_isp_app/generated/spacex_api/device/device.pb.dart' ('lib/generated/spacex_api/device/device.pb.dart').
Try correcting the name to the name of an existing method, or defining a method named '$_clearField'.
  void clearStowed() => $_clearField(10);
                        ^^^^^^^^^^^^
lib/generated/spacex_api/device/device.pb.dart:10418:36: Error: A value of type 'List<dynamic>' can't be returned from a function with return type 'PbList<DishGetDiagnosticsResponse_TestResultCode>'.
 - 'List' is from 'dart:core'.
 - 'PbList' is from 'package:protobuf/protobuf.dart' ('../../../.pub-cache/hosted/pub.dev/protobuf-3.1.0/lib/protobuf.dart').
 - 'DishGetDiagnosticsResponse_TestResultCode' is from 'package:starlink_isp_app/generated/spacex_api/device/device.pbenum.dart' ('lib/generated/spacex_api/device/device.pbenum.dart').
      get hardwareSelfTestCodes => $_getList(10);
                                   ^
lib/generated/spacex_api/device/device.pb.dart:10427:37: Error: The method '$_clearField' isn't defined for the type 'DishGetDiagnosticsResponse'.
 - 'DishGetDiagnosticsResponse' is from 'package:starlink_isp_app/generated/spacex_api/device/device.pb.dart' ('lib/generated/spacex_api/device/device.pb.dart').
Try correcting the name to the name of an existing method, or defining a method named '$_clearField'.
  void clearOverageRateLimited() => $_clearField(14);
                                    ^^^^^^^^^^^^
lib/generated/spacex_api/device/device.pb.dart:10456:7: Error: The method 'aI' isn't defined for the type 'BuilderInfo'.
 - 'BuilderInfo' is from 'package:protobuf/protobuf.dart' ('../../../.pub-cache/hosted/pub.dev/protobuf-3.1.0/lib/protobuf.dart').
Try correcting the name to the name of an existing method, or defining a method named 'aI'.
    ..aI(2, _omitFieldNames ? '' : 'port', fieldType: $pb.PbFieldType.OU3)
      ^^
lib/generated/spacex_api/device/device.pb.dart:10487:25: Error: The method '$_clearField' isn't defined for the type 'TcpConnectivityTestRequest'.
 - 'TcpConnectivityTestRequest' is from 'package:starlink_isp_app/generated/spacex_api/device/device.pb.dart' ('lib/generated/spacex_api/device/device.pb.dart').
Try correcting the name to the name of an existing method, or defining a method named '$_clearField'.
  void clearTarget() => $_clearField(1);
                        ^^^^^^^^^^^^
lib/generated/spacex_api/device/device.pb.dart:10496:23: Error: The method '$_clearField' isn't defined for the type 'TcpConnectivityTestRequest'.
 - 'TcpConnectivityTestRequest' is from 'package:starlink_isp_app/generated/spacex_api/device/device.pb.dart' ('lib/generated/spacex_api/device/device.pb.dart').
Try correcting the name to the name of an existing method, or defining a method named '$_clearField'.
  void clearPort() => $_clearField(2);
                      ^^^^^^^^^^^^
lib/generated/spacex_api/device/device.pb.dart:10527:7: Error: The method 'aI' isn't defined for the type 'BuilderInfo'.
 - 'BuilderInfo' is from 'package:protobuf/protobuf.dart' ('../../../.pub-cache/hosted/pub.dev/protobuf-3.1.0/lib/protobuf.dart').
Try correcting the name to the name of an existing method, or defining a method named 'aI'.
    ..aI(2, _omitFieldNames ? '' : 'port', fieldType: $pb.PbFieldType.OU3)
      ^^
lib/generated/spacex_api/device/device.pb.dart:10528:7: Error: The method 'aE' isn't defined for the type 'BuilderInfo'.
 - 'BuilderInfo' is from 'package:protobuf/protobuf.dart' ('../../../.pub-cache/hosted/pub.dev/protobuf-3.1.0/lib/protobuf.dart').
Try correcting the name to the name of an existing method, or defining a method named 'aE'.
    ..aE<UdpConnectivityTestRequest_UDPProbeDataType>(
      ^^
lib/generated/spacex_api/device/device.pb.dart:10561:25: Error: The method '$_clearField' isn't defined for the type 'UdpConnectivityTestRequest'.
 - 'UdpConnectivityTestRequest' is from 'package:starlink_isp_app/generated/spacex_api/device/device.pb.dart' ('lib/generated/spacex_api/device/device.pb.dart').
Try correcting the name to the name of an existing method, or defining a method named '$_clearField'.
  void clearTarget() => $_clearField(1);
                        ^^^^^^^^^^^^
lib/generated/spacex_api/device/device.pb.dart:10570:23: Error: The method '$_clearField' isn't defined for the type 'UdpConnectivityTestRequest'.
 - 'UdpConnectivityTestRequest' is from 'package:starlink_isp_app/generated/spacex_api/device/device.pb.dart' ('lib/generated/spacex_api/device/device.pb.dart').
Try correcting the name to the name of an existing method, or defining a method named '$_clearField'.
  void clearPort() => $_clearField(2);
                      ^^^^^^^^^^^^
lib/generated/spacex_api/device/device.pb.dart:10576:7: Error: The method '$_setField' isn't defined for the type 'UdpConnectivityTestRequest'.
 - 'UdpConnectivityTestRequest' is from 'package:starlink_isp_app/generated/spacex_api/device/device.pb.dart' ('lib/generated/spacex_api/device/device.pb.dart').
Try correcting the name to the name of an existing method, or defining a method named '$_setField'.
      $_setField(3, value);
      ^^^^^^^^^^
lib/generated/spacex_api/device/device.pb.dart:10580:28: Error: The method '$_clearField' isn't defined for the type 'UdpConnectivityTestRequest'.
 - 'UdpConnectivityTestRequest' is from 'package:starlink_isp_app/generated/spacex_api/device/device.pb.dart' ('lib/generated/spacex_api/device/device.pb.dart').
Try correcting the name to the name of an existing method, or defining a method named '$_clearField'.
  void clearProbeData() => $_clearField(3);
                           ^^^^^^^^^^^^
lib/generated/spacex_api/device/device.pb.dart:10681:30: Error: The method '$_clearField' isn't defined for the type 'GetGoroutineStackTracesResponse'.
 - 'GetGoroutineStackTracesResponse' is from 'package:starlink_isp_app/generated/spacex_api/device/device.pb.dart' ('lib/generated/spacex_api/device/device.pb.dart').
Try correcting the name to the name of an existing method, or defining a method named '$_clearField'.
  void clearStackTraces() => $_clearField(1);
                             ^^^^^^^^^^^^
lib/generated/spacex_api/common/status/status.pb.dart:44:7: Error: The method 'aI' isn't defined for the type 'BuilderInfo'.
 - 'BuilderInfo' is from 'package:protobuf/protobuf.dart' ('../../../.pub-cache/hosted/pub.dev/protobuf-3.1.0/lib/protobuf.dart').
Try correcting the name to the name of an existing method, or defining a method named 'aI'.
    ..aI(1, _omitFieldNames ? '' : 'code')
      ^^
lib/generated/spacex_api/common/status/status.pb.dart:73:23: Error: The method '$_clearField' isn't defined for the type 'Status'.
 - 'Status' is from 'package:starlink_isp_app/generated/spacex_api/common/status/status.pb.dart' ('lib/generated/spacex_api/common/status/status.pb.dart').
Try correcting the name to the name of an existing method, or defining a method named '$_clearField'.
  void clearCode() => $_clearField(1);
                      ^^^^^^^^^^^^
lib/generated/spacex_api/common/status/status.pb.dart:82:26: Error: The method '$_clearField' isn't defined for the type 'Status'.
 - 'Status' is from 'package:starlink_isp_app/generated/spacex_api/common/status/status.pb.dart' ('lib/generated/spacex_api/common/status/status.pb.dart').
Try correcting the name to the name of an existing method, or defining a method named '$_clearField'.
  void clearMessage() => $_clearField(2);
                         ^^^^^^^^^^^^
lib/generated/spacex_api/device/command.pb.dart:56:7: Error: The method 'aE' isn't defined for the type 'BuilderInfo'.
 - 'BuilderInfo' is from 'package:protobuf/protobuf.dart' ('../../../.pub-cache/hosted/pub.dev/protobuf-3.1.0/lib/protobuf.dart').
Try correcting the name to the name of an existing method, or defining a method named 'aE'.
    ..aE<User>(3, _omitFieldNames ? '' : 'user', enumValues: User.values)
      ^^
lib/generated/spacex_api/device/command.pb.dart:84:22: Error: The method '$_clearField' isn't defined for the type 'PublicKey'.
 - 'PublicKey' is from 'package:starlink_isp_app/generated/spacex_api/device/command.pb.dart' ('lib/generated/spacex_api/device/command.pb.dart').
Try correcting the name to the name of an existing method, or defining a method named '$_clearField'.
  void clearKey() => $_clearField(1);
                     ^^^^^^^^^^^^
lib/generated/spacex_api/device/command.pb.dart:87:46: Error: A value of type 'List<dynamic>' can't be returned from a function with return type 'PbList<Capability>'.
 - 'List' is from 'dart:core'.
 - 'PbList' is from 'package:protobuf/protobuf.dart' ('../../../.pub-cache/hosted/pub.dev/protobuf-3.1.0/lib/protobuf.dart').
 - 'Capability' is from 'package:starlink_isp_app/generated/spacex_api/device/command.pbenum.dart' ('lib/generated/spacex_api/device/command.pbenum.dart').
  $pb.PbList<Capability> get capabilities => $_getList(1);
                                             ^
lib/generated/spacex_api/device/command.pb.dart:92:27: Error: The method '$_setField' isn't defined for the type 'PublicKey'.
 - 'PublicKey' is from 'package:starlink_isp_app/generated/spacex_api/device/command.pb.dart' ('lib/generated/spacex_api/device/command.pb.dart').
Try correcting the name to the name of an existing method, or defining a method named '$_setField'.
  set user(User value) => $_setField(3, value);
                          ^^^^^^^^^^
lib/generated/spacex_api/device/command.pb.dart:96:23: Error: The method '$_clearField' isn't defined for the type 'PublicKey'.
 - 'PublicKey' is from 'package:starlink_isp_app/generated/spacex_api/device/command.pb.dart' ('lib/generated/spacex_api/device/command.pb.dart').
Try correcting the name to the name of an existing method, or defining a method named '$_clearField'.
  void clearUser() => $_clearField(3);
                      ^^^^^^^^^^^^
lib/generated/spacex_api/device/common.pb.dart:86:7: Error: The method 'aI' isn't defined for the type 'BuilderInfo'.
 - 'BuilderInfo' is from 'package:protobuf/protobuf.dart' ('../../../.pub-cache/hosted/pub.dev/protobuf-3.1.0/lib/protobuf.dart').
Try correcting the name to the name of an existing method, or defining a method named 'aI'.
    ..aI(5, _omitFieldNames ? '' : 'utcOffsetS')
      ^^
lib/generated/spacex_api/device/common.pb.dart:89:7: Error: The method 'aI' isn't defined for the type 'BuilderInfo'.
 - 'BuilderInfo' is from 'package:protobuf/protobuf.dart' ('../../../.pub-cache/hosted/pub.dev/protobuf-3.1.0/lib/protobuf.dart').
Try correcting the name to the name of an existing method, or defining a method named 'aI'.
    ..aI(8, _omitFieldNames ? '' : 'bootcount')
      ^^
lib/generated/spacex_api/device/common.pb.dart:90:7: Error: The method 'aI' isn't defined for the type 'BuilderInfo'.
 - 'BuilderInfo' is from 'package:protobuf/protobuf.dart' ('../../../.pub-cache/hosted/pub.dev/protobuf-3.1.0/lib/protobuf.dart').
Try correcting the name to the name of an existing method, or defining a method named 'aI'.
    ..aI(9, _omitFieldNames ? '' : 'antiRollbackVersion')
      ^^
lib/generated/spacex_api/device/common.pb.dart:95:7: Error: The method 'aI' isn't defined for the type 'BuilderInfo'.
 - 'BuilderInfo' is from 'package:protobuf/protobuf.dart' ('../../../.pub-cache/hosted/pub.dev/protobuf-3.1.0/lib/protobuf.dart').
Try correcting the name to the name of an existing method, or defining a method named 'aI'.
    ..aI(14, _omitFieldNames ? '' : 'boardRev')
      ^^
lib/generated/spacex_api/device/common.pb.dart:97:7: Error: The method 'aE' isn't defined for the type 'BuilderInfo'.
 - 'BuilderInfo' is from 'package:protobuf/protobuf.dart' ('../../../.pub-cache/hosted/pub.dev/protobuf-3.1.0/lib/protobuf.dart').
Try correcting the name to the name of an existing method, or defining a method named 'aE'.
    ..aE<HardwareIndex>(16, _omitFieldNames ? '' : 'hardwareIndex',
      ^^
lib/generated/spacex_api/device/common.pb.dart:128:21: Error: The method '$_clearField' isn't defined for the type 'DeviceInfo'.
 - 'DeviceInfo' is from 'package:starlink_isp_app/generated/spacex_api/device/common.pb.dart' ('lib/generated/spacex_api/device/common.pb.dart').
Try correcting the name to the name of an existing method, or defining a method named '$_clearField'.
  void clearId() => $_clearField(1);
                    ^^^^^^^^^^^^
lib/generated/spacex_api/device/common.pb.dart:137:34: Error: The method '$_clearField' isn't defined for the type 'DeviceInfo'.
 - 'DeviceInfo' is from 'package:starlink_isp_app/generated/spacex_api/device/common.pb.dart' ('lib/generated/spacex_api/device/common.pb.dart').
Try correcting the name to the name of an existing method, or defining a method named '$_clearField'.
  void clearHardwareVersion() => $_clearField(2);
                                 ^^^^^^^^^^^^
lib/generated/spacex_api/device/common.pb.dart:146:34: Error: The method '$_clearField' isn't defined for the type 'DeviceInfo'.
 - 'DeviceInfo' is from 'package:starlink_isp_app/generated/spacex_api/device/common.pb.dart' ('lib/generated/spacex_api/device/common.pb.dart').
Try correcting the name to the name of an existing method, or defining a method named '$_clearField'.
  void clearSoftwareVersion() => $_clearField(3);
                                 ^^^^^^^^^^^^
lib/generated/spacex_api/device/common.pb.dart:155:30: Error: The method '$_clearField' isn't defined for the type 'DeviceInfo'.
 - 'DeviceInfo' is from 'package:starlink_isp_app/generated/spacex_api/device/common.pb.dart' ('lib/generated/spacex_api/device/common.pb.dart').
Try correcting the name to the name of an existing method, or defining a method named '$_clearField'.
  void clearCountryCode() => $_clearField(4);
                             ^^^^^^^^^^^^
lib/generated/spacex_api/device/common.pb.dart:164:29: Error: The method '$_clearField' isn't defined for the type 'DeviceInfo'.
 - 'DeviceInfo' is from 'package:starlink_isp_app/generated/spacex_api/device/common.pb.dart' ('lib/generated/spacex_api/device/common.pb.dart').
Try correcting the name to the name of an existing method, or defining a method named '$_clearField'.
  void clearUtcOffsetS() => $_clearField(5);
                            ^^^^^^^^^^^^
lib/generated/spacex_api/device/common.pb.dart:173:42: Error: The method '$_clearField' isn't defined for the type 'DeviceInfo'.
 - 'DeviceInfo' is from 'package:starlink_isp_app/generated/spacex_api/device/common.pb.dart' ('lib/generated/spacex_api/device/common.pb.dart').
Try correcting the name to the name of an existing method, or defining a method named '$_clearField'.
  void clearSoftwarePartitionsEqual() => $_clearField(6);
                                         ^^^^^^^^^^^^
lib/generated/spacex_api/device/common.pb.dart:182:24: Error: The method '$_clearField' isn't defined for the type 'DeviceInfo'.
 - 'DeviceInfo' is from 'package:starlink_isp_app/generated/spacex_api/device/common.pb.dart' ('lib/generated/spacex_api/device/common.pb.dart').
Try correcting the name to the name of an existing method, or defining a method named '$_clearField'.
  void clearIsDev() => $_clearField(7);
                       ^^^^^^^^^^^^
lib/generated/spacex_api/device/common.pb.dart:191:28: Error: The method '$_clearField' isn't defined for the type 'DeviceInfo'.
 - 'DeviceInfo' is from 'package:starlink_isp_app/generated/spacex_api/device/common.pb.dart' ('lib/generated/spacex_api/device/common.pb.dart').
Try correcting the name to the name of an existing method, or defining a method named '$_clearField'.
  void clearBootcount() => $_clearField(8);
                           ^^^^^^^^^^^^
lib/generated/spacex_api/device/common.pb.dart:200:38: Error: The method '$_clearField' isn't defined for the type 'DeviceInfo'.
 - 'DeviceInfo' is from 'package:starlink_isp_app/generated/spacex_api/device/common.pb.dart' ('lib/generated/spacex_api/device/common.pb.dart').
Try correcting the name to the name of an existing method, or defining a method named '$_clearField'.
  void clearAntiRollbackVersion() => $_clearField(9);
                                     ^^^^^^^^^^^^
lib/generated/spacex_api/device/common.pb.dart:209:25: Error: The method '$_clearField' isn't defined for the type 'DeviceInfo'.
 - 'DeviceInfo' is from 'package:starlink_isp_app/generated/spacex_api/device/common.pb.dart' ('lib/generated/spacex_api/device/common.pb.dart').
Try correcting the name to the name of an existing method, or defining a method named '$_clearField'.
  void clearIsHitl() => $_clearField(10);
                        ^^^^^^^^^^^^
lib/generated/spacex_api/device/common.pb.dart:218:38: Error: The method '$_clearField' isn't defined for the type 'DeviceInfo'.
 - 'DeviceInfo' is from 'package:starlink_isp_app/generated/spacex_api/device/common.pb.dart' ('lib/generated/spacex_api/device/common.pb.dart').
Try correcting the name to the name of an existing method, or defining a method named '$_clearField'.
  void clearManufacturedVersion() => $_clearField(11);
                                     ^^^^^^^^^^^^
lib/generated/spacex_api/device/common.pb.dart:227:35: Error: The method '$_clearField' isn't defined for the type 'DeviceInfo'.
 - 'DeviceInfo' is from 'package:starlink_isp_app/generated/spacex_api/device/common.pb.dart' ('lib/generated/spacex_api/device/common.pb.dart').
Try correcting the name to the name of an existing method, or defining a method named '$_clearField'.
  void clearGenerationNumber() => $_clearField(12);
                                  ^^^^^^^^^^^^
lib/generated/spacex_api/device/common.pb.dart:236:31: Error: The method '$_clearField' isn't defined for the type 'DeviceInfo'.
 - 'DeviceInfo' is from 'package:starlink_isp_app/generated/spacex_api/device/common.pb.dart' ('lib/generated/spacex_api/device/common.pb.dart').
Try correcting the name to the name of an existing method, or defining a method named '$_clearField'.
  void clearDishCohoused() => $_clearField(13);
                              ^^^^^^^^^^^^
lib/generated/spacex_api/device/common.pb.dart:245:27: Error: The method '$_clearField' isn't defined for the type 'DeviceInfo'.
 - 'DeviceInfo' is from 'package:starlink_isp_app/generated/spacex_api/device/common.pb.dart' ('lib/generated/spacex_api/device/common.pb.dart').
Try correcting the name to the name of an existing method, or defining a method named '$_clearField'.
  void clearBoardRev() => $_clearField(14);
                          ^^^^^^^^^^^^
lib/generated/spacex_api/device/common.pb.dart:254:26: Error: The method '$_clearField' isn't defined for the type 'DeviceInfo'.
 - 'DeviceInfo' is from 'package:starlink_isp_app/generated/spacex_api/device/common.pb.dart' ('lib/generated/spacex_api/device/common.pb.dart').
Try correcting the name to the name of an existing method, or defining a method named '$_clearField'.
  void clearBuildId() => $_clearField(15);
                         ^^^^^^^^^^^^
lib/generated/spacex_api/device/common.pb.dart:259:45: Error: The method '$_setField' isn't defined for the type 'DeviceInfo'.
 - 'DeviceInfo' is from 'package:starlink_isp_app/generated/spacex_api/device/common.pb.dart' ('lib/generated/spacex_api/device/common.pb.dart').
Try correcting the name to the name of an existing method, or defining a method named '$_setField'.
  set hardwareIndex(HardwareIndex value) => $_setField(16, value);
                                            ^^^^^^^^^^
lib/generated/spacex_api/device/common.pb.dart:263:32: Error: The method '$_clearField' isn't defined for the type 'DeviceInfo'.
 - 'DeviceInfo' is from 'package:starlink_isp_app/generated/spacex_api/device/common.pb.dart' ('lib/generated/spacex_api/device/common.pb.dart').
Try correcting the name to the name of an existing method, or defining a method named '$_clearField'.
  void clearHardwareIndex() => $_clearField(16);
                               ^^^^^^^^^^^^
lib/generated/spacex_api/device/common.pb.dart:268:31: Error: The method '$_setField' isn't defined for the type 'DeviceInfo'.
 - 'DeviceInfo' is from 'package:starlink_isp_app/generated/spacex_api/device/common.pb.dart' ('lib/generated/spacex_api/device/common.pb.dart').
Try correcting the name to the name of an existing method, or defining a method named '$_setField'.
  set boot(BootInfo value) => $_setField(1001, value);
                              ^^^^^^^^^^
lib/generated/spacex_api/device/common.pb.dart:272:23: Error: The method '$_clearField' isn't defined for the type 'DeviceInfo'.
 - 'DeviceInfo' is from 'package:starlink_isp_app/generated/spacex_api/device/common.pb.dart' ('lib/generated/spacex_api/device/common.pb.dart').
Try correcting the name to the name of an existing method, or defining a method named '$_clearField'.
  void clearBoot() => $_clearField(1001);
                      ^^^^^^^^^^^^
lib/generated/spacex_api/device/common.pb.dart:330:26: Error: The method '$_clearField' isn't defined for the type 'DeviceState'.
 - 'DeviceState' is from 'package:starlink_isp_app/generated/spacex_api/device/common.pb.dart' ('lib/generated/spacex_api/device/common.pb.dart').
Try correcting the name to the name of an existing method, or defining a method named '$_clearField'.
  void clearUptimeS() => $_clearField(1);
                         ^^^^^^^^^^^^
lib/generated/spacex_api/device/common.pb.dart:389:23: Error: The method '$_clearField' isn't defined for the type 'SignedData'.
 - 'SignedData' is from 'package:starlink_isp_app/generated/spacex_api/device/common.pb.dart' ('lib/generated/spacex_api/device/common.pb.dart').
Try correcting the name to the name of an existing method, or defining a method named '$_clearField'.
  void clearData() => $_clearField(1);
                      ^^^^^^^^^^^^
lib/generated/spacex_api/device/common.pb.dart:398:28: Error: The method '$_clearField' isn't defined for the type 'SignedData'.
 - 'SignedData' is from 'package:starlink_isp_app/generated/spacex_api/device/common.pb.dart' ('lib/generated/spacex_api/device/common.pb.dart').
Try correcting the name to the name of an existing method, or defining a method named '$_clearField'.
  void clearSignature() => $_clearField(2);
                           ^^^^^^^^^^^^
lib/generated/spacex_api/device/common.pb.dart:497:21: Error: The method '$_clearField' isn't defined for the type 'GetNextIdResponse'.
 - 'GetNextIdResponse' is from 'package:starlink_isp_app/generated/spacex_api/device/common.pb.dart' ('lib/generated/spacex_api/device/common.pb.dart').
Try correcting the name to the name of an existing method, or defining a method named '$_clearField'.
  void clearId() => $_clearField(1);
                    ^^^^^^^^^^^^
lib/generated/spacex_api/device/common.pb.dart:506:26: Error: The method '$_clearField' isn't defined for the type 'GetNextIdResponse'.
 - 'GetNextIdResponse' is from 'package:starlink_isp_app/generated/spacex_api/device/common.pb.dart' ('lib/generated/spacex_api/device/common.pb.dart').
Try correcting the name to the name of an existing method, or defining a method named '$_clearField'.
  void clearEpochId() => $_clearField(2);
                         ^^^^^^^^^^^^
lib/generated/spacex_api/device/common.pb.dart:534:7: Error: The method 'aI' isn't defined for the type 'BuilderInfo'.
 - 'BuilderInfo' is from 'package:protobuf/protobuf.dart' ('../../../.pub-cache/hosted/pub.dev/protobuf-3.1.0/lib/protobuf.dart').
Try correcting the name to the name of an existing method, or defining a method named 'aI'.
    ..aI(1, _omitFieldNames ? '' : 'key')
      ^^
lib/generated/spacex_api/device/common.pb.dart:535:7: Error: The method 'aI' isn't defined for the type 'BuilderInfo'.
 - 'BuilderInfo' is from 'package:protobuf/protobuf.dart' ('../../../.pub-cache/hosted/pub.dev/protobuf-3.1.0/lib/protobuf.dart').
Try correcting the name to the name of an existing method, or defining a method named 'aI'.
    ..aI(2, _omitFieldNames ? '' : 'value')
      ^^
lib/generated/spacex_api/device/common.pb.dart:567:22: Error: The method '$_clearField' isn't defined for the type 'BootInfo_CountByReasonEntry'.
 - 'BootInfo_CountByReasonEntry' is from 'package:starlink_isp_app/generated/spacex_api/device/common.pb.dart' ('lib/generated/spacex_api/device/common.pb.dart').
Try correcting the name to the name of an existing method, or defining a method named '$_clearField'.
  void clearKey() => $_clearField(1);
                     ^^^^^^^^^^^^
lib/generated/spacex_api/device/common.pb.dart:576:24: Error: The method '$_clearField' isn't defined for the type 'BootInfo_CountByReasonEntry'.
 - 'BootInfo_CountByReasonEntry' is from 'package:starlink_isp_app/generated/spacex_api/device/common.pb.dart' ('lib/generated/spacex_api/device/common.pb.dart').
Try correcting the name to the name of an existing method, or defining a method named '$_clearField'.
  void clearValue() => $_clearField(2);
                       ^^^^^^^^^^^^
lib/generated/spacex_api/device/common.pb.dart:605:7: Error: The method 'aI' isn't defined for the type 'BuilderInfo'.
 - 'BuilderInfo' is from 'package:protobuf/protobuf.dart' ('../../../.pub-cache/hosted/pub.dev/protobuf-3.1.0/lib/protobuf.dart').
Try correcting the name to the name of an existing method, or defining a method named 'aI'.
    ..aI(1, _omitFieldNames ? '' : 'key')
      ^^
lib/generated/spacex_api/device/common.pb.dart:606:7: Error: The method 'aI' isn't defined for the type 'BuilderInfo'.
 - 'BuilderInfo' is from 'package:protobuf/protobuf.dart' ('../../../.pub-cache/hosted/pub.dev/protobuf-3.1.0/lib/protobuf.dart').
Try correcting the name to the name of an existing method, or defining a method named 'aI'.
    ..aI(2, _omitFieldNames ? '' : 'value')
      ^^
lib/generated/spacex_api/device/common.pb.dart:639:22: Error: The method '$_clearField' isn't defined for the type 'BootInfo_CountByReasonDeltaEntry'.
 - 'BootInfo_CountByReasonDeltaEntry' is from 'package:starlink_isp_app/generated/spacex_api/device/common.pb.dart' ('lib/generated/spacex_api/device/common.pb.dart').
Try correcting the name to the name of an existing method, or defining a method named '$_clearField'.
  void clearKey() => $_clearField(1);
                     ^^^^^^^^^^^^
lib/generated/spacex_api/device/common.pb.dart:648:24: Error: The method '$_clearField' isn't defined for the type 'BootInfo_CountByReasonDeltaEntry'.
 - 'BootInfo_CountByReasonDeltaEntry' is from 'package:starlink_isp_app/generated/spacex_api/device/common.pb.dart' ('lib/generated/spacex_api/device/common.pb.dart').
Try correcting the name to the name of an existing method, or defining a method named '$_clearField'.
  void clearValue() => $_clearField(2);
                       ^^^^^^^^^^^^
lib/generated/spacex_api/device/common.pb.dart:696:7: Error: The method 'pPM' isn't defined for the type 'BuilderInfo'.
 - 'BuilderInfo' is from 'package:protobuf/protobuf.dart' ('../../../.pub-cache/hosted/pub.dev/protobuf-3.1.0/lib/protobuf.dart').
Try correcting the name to the name of an existing method, or defining a method named 'pPM'.
    ..pPM<BootInfo_CountByReasonEntry>(
      ^^^
lib/generated/spacex_api/device/common.pb.dart:699:7: Error: The method 'aE' isn't defined for the type 'BuilderInfo'.
 - 'BuilderInfo' is from 'package:protobuf/protobuf.dart' ('../../../.pub-cache/hosted/pub.dev/protobuf-3.1.0/lib/protobuf.dart').
Try correcting the name to the name of an existing method, or defining a method named 'aE'.
    ..aE<BootReason>(2, _omitFieldNames ? '' : 'lastReason',
      ^^
lib/generated/spacex_api/device/common.pb.dart:701:7: Error: The method 'aI' isn't defined for the type 'BuilderInfo'.
 - 'BuilderInfo' is from 'package:protobuf/protobuf.dart' ('../../../.pub-cache/hosted/pub.dev/protobuf-3.1.0/lib/protobuf.dart').
Try correcting the name to the name of an existing method, or defining a method named 'aI'.
    ..aI(3, _omitFieldNames ? '' : 'lastCount')
      ^^
lib/generated/spacex_api/device/common.pb.dart:702:7: Error: The method 'pPM' isn't defined for the type 'BuilderInfo'.
 - 'BuilderInfo' is from 'package:protobuf/protobuf.dart' ('../../../.pub-cache/hosted/pub.dev/protobuf-3.1.0/lib/protobuf.dart').
Try correcting the name to the name of an existing method, or defining a method named 'pPM'.
    ..pPM<BootInfo_CountByReasonDeltaEntry>(
      ^^^
lib/generated/spacex_api/device/common.pb.dart:706:7: Error: The method 'aI' isn't defined for the type 'BuilderInfo'.
 - 'BuilderInfo' is from 'package:protobuf/protobuf.dart' ('../../../.pub-cache/hosted/pub.dev/protobuf-3.1.0/lib/protobuf.dart').
Try correcting the name to the name of an existing method, or defining a method named 'aI'.
    ..aI(6, _omitFieldNames ? '' : 'crashBootCount')
      ^^
lib/generated/spacex_api/device/common.pb.dart:709:7: Error: The method 'aI' isn't defined for the type 'BuilderInfo'.
 - 'BuilderInfo' is from 'package:protobuf/protobuf.dart' ('../../../.pub-cache/hosted/pub.dev/protobuf-3.1.0/lib/protobuf.dart').
Try correcting the name to the name of an existing method, or defining a method named 'aI'.
    ..aI(9, _omitFieldNames ? '' : 'apiVersionOddSide')
      ^^
lib/generated/spacex_api/device/common.pb.dart:710:7: Error: The method 'aI' isn't defined for the type 'BuilderInfo'.
 - 'BuilderInfo' is from 'package:protobuf/protobuf.dart' ('../../../.pub-cache/hosted/pub.dev/protobuf-3.1.0/lib/protobuf.dart').
Try correcting the name to the name of an existing method, or defining a method named 'aI'.
    ..aI(10, _omitFieldNames ? '' : 'apiVersionEvenSide')
      ^^
lib/generated/spacex_api/device/common.pb.dart:732:64: Error: A value of type 'List<dynamic>' can't be returned from a function with return type 'PbList<BootInfo_CountByReasonEntry>'.
 - 'List' is from 'dart:core'.
 - 'PbList' is from 'package:protobuf/protobuf.dart' ('../../../.pub-cache/hosted/pub.dev/protobuf-3.1.0/lib/protobuf.dart').
 - 'BootInfo_CountByReasonEntry' is from 'package:starlink_isp_app/generated/spacex_api/device/common.pb.dart' ('lib/generated/spacex_api/device/common.pb.dart').
  $pb.PbList<BootInfo_CountByReasonEntry> get countByReason => $_getList(0);
                                                               ^
lib/generated/spacex_api/device/common.pb.dart:737:39: Error: The method '$_setField' isn't defined for the type 'BootInfo'.
 - 'BootInfo' is from 'package:starlink_isp_app/generated/spacex_api/device/common.pb.dart' ('lib/generated/spacex_api/device/common.pb.dart').
Try correcting the name to the name of an existing method, or defining a method named '$_setField'.
  set lastReason(BootReason value) => $_setField(2, value);
                                      ^^^^^^^^^^
lib/generated/spacex_api/device/common.pb.dart:741:29: Error: The method '$_clearField' isn't defined for the type 'BootInfo'.
 - 'BootInfo' is from 'package:starlink_isp_app/generated/spacex_api/device/common.pb.dart' ('lib/generated/spacex_api/device/common.pb.dart').
Try correcting the name to the name of an existing method, or defining a method named '$_clearField'.
  void clearLastReason() => $_clearField(2);
                            ^^^^^^^^^^^^
lib/generated/spacex_api/device/common.pb.dart:750:28: Error: The method '$_clearField' isn't defined for the type 'BootInfo'.
 - 'BootInfo' is from 'package:starlink_isp_app/generated/spacex_api/device/common.pb.dart' ('lib/generated/spacex_api/device/common.pb.dart').
Try correcting the name to the name of an existing method, or defining a method named '$_clearField'.
  void clearLastCount() => $_clearField(3);
                           ^^^^^^^^^^^^
lib/generated/spacex_api/device/common.pb.dart:754:7: Error: A value of type 'List<dynamic>' can't be returned from a function with return type 'PbList<BootInfo_CountByReasonDeltaEntry>'.
 - 'List' is from 'dart:core'.
 - 'PbList' is from 'package:protobuf/protobuf.dart' ('../../../.pub-cache/hosted/pub.dev/protobuf-3.1.0/lib/protobuf.dart').
 - 'BootInfo_CountByReasonDeltaEntry' is from 'package:starlink_isp_app/generated/spacex_api/device/common.pb.dart' ('lib/generated/spacex_api/device/common.pb.dart').
      $_getList(3);
      ^
lib/generated/spacex_api/device/common.pb.dart:763:28: Error: The method '$_clearField' isn't defined for the type 'BootInfo'.
 - 'BootInfo' is from 'package:starlink_isp_app/generated/spacex_api/device/common.pb.dart' ('lib/generated/spacex_api/device/common.pb.dart').
Try correcting the name to the name of an existing method, or defining a method named '$_clearField'.
  void clearCrashBoot() => $_clearField(5);
                           ^^^^^^^^^^^^
lib/generated/spacex_api/device/common.pb.dart:772:33: Error: The method '$_clearField' isn't defined for the type 'BootInfo'.
 - 'BootInfo' is from 'package:starlink_isp_app/generated/spacex_api/device/common.pb.dart' ('lib/generated/spacex_api/device/common.pb.dart').
Try correcting the name to the name of an existing method, or defining a method named '$_clearField'.
  void clearCrashBootCount() => $_clearField(6);
                                ^^^^^^^^^^^^
lib/generated/spacex_api/device/common.pb.dart:781:42: Error: The method '$_clearField' isn't defined for the type 'BootInfo'.
 - 'BootInfo' is from 'package:starlink_isp_app/generated/spacex_api/device/common.pb.dart' ('lib/generated/spacex_api/device/common.pb.dart').
Try correcting the name to the name of an existing method, or defining a method named '$_clearField'.
  void clearEvenSideSoftwareVersion() => $_clearField(7);
                                         ^^^^^^^^^^^^
lib/generated/spacex_api/device/common.pb.dart:790:41: Error: The method '$_clearField' isn't defined for the type 'BootInfo'.
 - 'BootInfo' is from 'package:starlink_isp_app/generated/spacex_api/device/common.pb.dart' ('lib/generated/spacex_api/device/common.pb.dart').
Try correcting the name to the name of an existing method, or defining a method named '$_clearField'.
  void clearOddSideSoftwareVersion() => $_clearField(8);
                                        ^^^^^^^^^^^^
lib/generated/spacex_api/device/common.pb.dart:799:36: Error: The method '$_clearField' isn't defined for the type 'BootInfo'.
 - 'BootInfo' is from 'package:starlink_isp_app/generated/spacex_api/device/common.pb.dart' ('lib/generated/spacex_api/device/common.pb.dart').
Try correcting the name to the name of an existing method, or defining a method named '$_clearField'.
  void clearApiVersionOddSide() => $_clearField(9);
                                   ^^^^^^^^^^^^
lib/generated/spacex_api/device/common.pb.dart:808:37: Error: The method '$_clearField' isn't defined for the type 'BootInfo'.
 - 'BootInfo' is from 'package:starlink_isp_app/generated/spacex_api/device/common.pb.dart' ('lib/generated/spacex_api/device/common.pb.dart').
Try correcting the name to the name of an existing method, or defining a method named '$_clearField'.
  void clearApiVersionEvenSide() => $_clearField(10);
                                    ^^^^^^^^^^^^
lib/generated/spacex_api/device/common.pb.dart:868:26: Error: The method '$_clearField' isn't defined for the type 'PingTarget'.
 - 'PingTarget' is from 'package:starlink_isp_app/generated/spacex_api/device/common.pb.dart' ('lib/generated/spacex_api/device/common.pb.dart').
Try correcting the name to the name of an existing method, or defining a method named '$_clearField'.
  void clearService() => $_clearField(1);
                         ^^^^^^^^^^^^
lib/generated/spacex_api/device/common.pb.dart:877:27: Error: The method '$_clearField' isn't defined for the type 'PingTarget'.
 - 'PingTarget' is from 'package:starlink_isp_app/generated/spacex_api/device/common.pb.dart' ('lib/generated/spacex_api/device/common.pb.dart').
Try correcting the name to the name of an existing method, or defining a method named '$_clearField'.
  void clearLocation() => $_clearField(2);
                          ^^^^^^^^^^^^
lib/generated/spacex_api/device/common.pb.dart:886:26: Error: The method '$_clearField' isn't defined for the type 'PingTarget'.
 - 'PingTarget' is from 'package:starlink_isp_app/generated/spacex_api/device/common.pb.dart' ('lib/generated/spacex_api/device/common.pb.dart').
Try correcting the name to the name of an existing method, or defining a method named '$_clearField'.
  void clearAddress() => $_clearField(3);
                         ^^^^^^^^^^^^
lib/generated/spacex_api/device/common.pb.dart:916:7: Error: The method 'aD' isn't defined for the type 'BuilderInfo'.
 - 'BuilderInfo' is from 'package:protobuf/protobuf.dart' ('../../../.pub-cache/hosted/pub.dev/protobuf-3.1.0/lib/protobuf.dart').
Try correcting the name to the name of an existing method, or defining a method named 'aD'.
    ..aD(1, _omitFieldNames ? '' : 'dropRate',
      ^^
lib/generated/spacex_api/device/common.pb.dart:918:7: Error: The method 'aD' isn't defined for the type 'BuilderInfo'.
 - 'BuilderInfo' is from 'package:protobuf/protobuf.dart' ('../../../.pub-cache/hosted/pub.dev/protobuf-3.1.0/lib/protobuf.dart').
Try correcting the name to the name of an existing method, or defining a method named 'aD'.
    ..aD(2, _omitFieldNames ? '' : 'latencyMs',
      ^^
lib/generated/spacex_api/device/common.pb.dart:949:27: Error: The method '$_clearField' isn't defined for the type 'PingResult'.
 - 'PingResult' is from 'package:starlink_isp_app/generated/spacex_api/device/common.pb.dart' ('lib/generated/spacex_api/device/common.pb.dart').
Try correcting the name to the name of an existing method, or defining a method named '$_clearField'.
  void clearDropRate() => $_clearField(1);
                          ^^^^^^^^^^^^
lib/generated/spacex_api/device/common.pb.dart:958:28: Error: The method '$_clearField' isn't defined for the type 'PingResult'.
 - 'PingResult' is from 'package:starlink_isp_app/generated/spacex_api/device/common.pb.dart' ('lib/generated/spacex_api/device/common.pb.dart').
Try correcting the name to the name of an existing method, or defining a method named '$_clearField'.
  void clearLatencyMs() => $_clearField(2);
                           ^^^^^^^^^^^^
lib/generated/spacex_api/device/common.pb.dart:963:35: Error: The method '$_setField' isn't defined for the type 'PingResult'.
 - 'PingResult' is from 'package:starlink_isp_app/generated/spacex_api/device/common.pb.dart' ('lib/generated/spacex_api/device/common.pb.dart').
Try correcting the name to the name of an existing method, or defining a method named '$_setField'.
  set target(PingTarget value) => $_setField(3, value);
                                  ^^^^^^^^^^
lib/generated/spacex_api/device/common.pb.dart:967:25: Error: The method '$_clearField' isn't defined for the type 'PingResult'.
 - 'PingResult' is from 'package:starlink_isp_app/generated/spacex_api/device/common.pb.dart' ('lib/generated/spacex_api/device/common.pb.dart').
Try correcting the name to the name of an existing method, or defining a method named '$_clearField'.
  void clearTarget() => $_clearField(3);
                        ^^^^^^^^^^^^
lib/generated/spacex_api/device/common.pb.dart:1031:25: Error: The method '$_clearField' isn't defined for the type 'BondingChallenge'.
 - 'BondingChallenge' is from 'package:starlink_isp_app/generated/spacex_api/device/common.pb.dart' ('lib/generated/spacex_api/device/common.pb.dart').
Try correcting the name to the name of an existing method, or defining a method named '$_clearField'.
  void clearDishId() => $_clearField(1);
                        ^^^^^^^^^^^^
lib/generated/spacex_api/device/common.pb.dart:1040:25: Error: The method '$_clearField' isn't defined for the type 'BondingChallenge'.
 - 'BondingChallenge' is from 'package:starlink_isp_app/generated/spacex_api/device/common.pb.dart' ('lib/generated/spacex_api/device/common.pb.dart').
Try correcting the name to the name of an existing method, or defining a method named '$_clearField'.
  void clearWifiId() => $_clearField(2);
                        ^^^^^^^^^^^^
lib/generated/spacex_api/device/common.pb.dart:1049:24: Error: The method '$_clearField' isn't defined for the type 'BondingChallenge'.
 - 'BondingChallenge' is from 'package:starlink_isp_app/generated/spacex_api/device/common.pb.dart' ('lib/generated/spacex_api/device/common.pb.dart').
Try correcting the name to the name of an existing method, or defining a method named '$_clearField'.
  void clearNonce() => $_clearField(3);
                       ^^^^^^^^^^^^
lib/generated/spacex_api/device/common.pb.dart:1101:38: Error: The method '$_setField' isn't defined for the type 'AuthenticateRequest'.
 - 'AuthenticateRequest' is from 'package:starlink_isp_app/generated/spacex_api/device/common.pb.dart' ('lib/generated/spacex_api/device/common.pb.dart').
Try correcting the name to the name of an existing method, or defining a method named '$_setField'.
  set challenge(SignedData value) => $_setField(1, value);
                                     ^^^^^^^^^^
lib/generated/spacex_api/device/common.pb.dart:1105:28: Error: The method '$_clearField' isn't defined for the type 'AuthenticateRequest'.
 - 'AuthenticateRequest' is from 'package:starlink_isp_app/generated/spacex_api/device/common.pb.dart' ('lib/generated/spacex_api/device/common.pb.dart').
Try correcting the name to the name of an existing method, or defining a method named '$_clearField'.
  void clearChallenge() => $_clearField(1);
                           ^^^^^^^^^^^^
lib/generated/spacex_api/device/common.pb.dart:1167:28: Error: The method '$_clearField' isn't defined for the type 'ChallengeResponse'.
 - 'ChallengeResponse' is from 'package:starlink_isp_app/generated/spacex_api/device/common.pb.dart' ('lib/generated/spacex_api/device/common.pb.dart').
Try correcting the name to the name of an existing method, or defining a method named '$_clearField'.
  void clearSignature() => $_clearField(1);
                           ^^^^^^^^^^^^
lib/generated/spacex_api/device/common.pb.dart:1176:35: Error: The method '$_clearField' isn't defined for the type 'ChallengeResponse'.
 - 'ChallengeResponse' is from 'package:starlink_isp_app/generated/spacex_api/device/common.pb.dart' ('lib/generated/spacex_api/device/common.pb.dart').
Try correcting the name to the name of an existing method, or defining a method named '$_clearField'.
  void clearCertificateChain() => $_clearField(2);
                                  ^^^^^^^^^^^^
lib/generated/spacex_api/device/common.pb.dart:1242:24: Error: The method '$_clearField' isn't defined for the type 'NetworkInterface_RxStats'.
 - 'NetworkInterface_RxStats' is from 'package:starlink_isp_app/generated/spacex_api/device/common.pb.dart' ('lib/generated/spacex_api/device/common.pb.dart').
Try correcting the name to the name of an existing method, or defining a method named '$_clearField'.
  void clearBytes() => $_clearField(1);
                       ^^^^^^^^^^^^
lib/generated/spacex_api/device/common.pb.dart:1251:26: Error: The method '$_clearField' isn't defined for the type 'NetworkInterface_RxStats'.
 - 'NetworkInterface_RxStats' is from 'package:starlink_isp_app/generated/spacex_api/device/common.pb.dart' ('lib/generated/spacex_api/device/common.pb.dart').
Try correcting the name to the name of an existing method, or defining a method named '$_clearField'.
  void clearPackets() => $_clearField(2);
                         ^^^^^^^^^^^^
lib/generated/spacex_api/device/common.pb.dart:1260:30: Error: The method '$_clearField' isn't defined for the type 'NetworkInterface_RxStats'.
 - 'NetworkInterface_RxStats' is from 'package:starlink_isp_app/generated/spacex_api/device/common.pb.dart' ('lib/generated/spacex_api/device/common.pb.dart').
Try correcting the name to the name of an existing method, or defining a method named '$_clearField'.
  void clearFrameErrors() => $_clearField(3);
                             ^^^^^^^^^^^^
lib/generated/spacex_api/device/common.pb.dart:1321:24: Error: The method '$_clearField' isn't defined for the type 'NetworkInterface_TxStats'.
 - 'NetworkInterface_TxStats' is from 'package:starlink_isp_app/generated/spacex_api/device/common.pb.dart' ('lib/generated/spacex_api/device/common.pb.dart').
Try correcting the name to the name of an existing method, or defining a method named '$_clearField'.
  void clearBytes() => $_clearField(1);
                       ^^^^^^^^^^^^
lib/generated/spacex_api/device/common.pb.dart:1330:26: Error: The method '$_clearField' isn't defined for the type 'NetworkInterface_TxStats'.
 - 'NetworkInterface_TxStats' is from 'package:starlink_isp_app/generated/spacex_api/device/common.pb.dart' ('lib/generated/spacex_api/device/common.pb.dart').
Try correcting the name to the name of an existing method, or defining a method named '$_clearField'.
  void clearPackets() => $_clearField(2);
                         ^^^^^^^^^^^^
lib/generated/spacex_api/device/common.pb.dart:1428:28: Error: The method '$_clearField' isn't defined for the type 'NetworkInterface'.
 - 'NetworkInterface' is from 'package:starlink_isp_app/generated/spacex_api/device/common.pb.dart' ('lib/generated/spacex_api/device/common.pb.dart').
Try correcting the name to the name of an existing method, or defining a method named '$_clearField'.
  void clearInterface() => $_clearField($_whichOneof(0));
                           ^^^^^^^^^^^^
lib/generated/spacex_api/device/common.pb.dart:1437:23: Error: The method '$_clearField' isn't defined for the type 'NetworkInterface'.
 - 'NetworkInterface' is from 'package:starlink_isp_app/generated/spacex_api/device/common.pb.dart' ('lib/generated/spacex_api/device/common.pb.dart').
Try correcting the name to the name of an existing method, or defining a method named '$_clearField'.
  void clearName() => $_clearField(1);
                      ^^^^^^^^^^^^
lib/generated/spacex_api/device/common.pb.dart:1442:50: Error: The method '$_setField' isn't defined for the type 'NetworkInterface'.
 - 'NetworkInterface' is from 'package:starlink_isp_app/generated/spacex_api/device/common.pb.dart' ('lib/generated/spacex_api/device/common.pb.dart').
Try correcting the name to the name of an existing method, or defining a method named '$_setField'.
  set rxStats(NetworkInterface_RxStats value) => $_setField(2, value);
                                                 ^^^^^^^^^^
lib/generated/spacex_api/device/common.pb.dart:1446:26: Error: The method '$_clearField' isn't defined for the type 'NetworkInterface'.
 - 'NetworkInterface' is from 'package:starlink_isp_app/generated/spacex_api/device/common.pb.dart' ('lib/generated/spacex_api/device/common.pb.dart').
Try correcting the name to the name of an existing method, or defining a method named '$_clearField'.
  void clearRxStats() => $_clearField(2);
                         ^^^^^^^^^^^^
lib/generated/spacex_api/device/common.pb.dart:1453:50: Error: The method '$_setField' isn't defined for the type 'NetworkInterface'.
 - 'NetworkInterface' is from 'package:starlink_isp_app/generated/spacex_api/device/common.pb.dart' ('lib/generated/spacex_api/device/common.pb.dart').
Try correcting the name to the name of an existing method, or defining a method named '$_setField'.
  set txStats(NetworkInterface_TxStats value) => $_setField(3, value);
                                                 ^^^^^^^^^^
lib/generated/spacex_api/device/common.pb.dart:1457:26: Error: The method '$_clearField' isn't defined for the type 'NetworkInterface'.
 - 'NetworkInterface' is from 'package:starlink_isp_app/generated/spacex_api/device/common.pb.dart' ('lib/generated/spacex_api/device/common.pb.dart').
Try correcting the name to the name of an existing method, or defining a method named '$_clearField'.
  void clearTxStats() => $_clearField(3);
                         ^^^^^^^^^^^^
lib/generated/spacex_api/device/common.pb.dart:1468:21: Error: The method '$_clearField' isn't defined for the type 'NetworkInterface'.
 - 'NetworkInterface' is from 'package:starlink_isp_app/generated/spacex_api/device/common.pb.dart' ('lib/generated/spacex_api/device/common.pb.dart').
Try correcting the name to the name of an existing method, or defining a method named '$_clearField'.
  void clearUp() => $_clearField(4);
                    ^^^^^^^^^^^^
lib/generated/spacex_api/device/common.pb.dart:1477:29: Error: The method '$_clearField' isn't defined for the type 'NetworkInterface'.
 - 'NetworkInterface' is from 'package:starlink_isp_app/generated/spacex_api/device/common.pb.dart' ('lib/generated/spacex_api/device/common.pb.dart').
Try correcting the name to the name of an existing method, or defining a method named '$_clearField'.
  void clearMacAddress() => $_clearField(5);
                            ^^^^^^^^^^^^
lib/generated/spacex_api/device/common.pb.dart:1480:49: Error: A value of type 'List<dynamic>' can't be returned from a function with return type 'PbList<String>'.
 - 'List' is from 'dart:core'.
 - 'PbList' is from 'package:protobuf/protobuf.dart' ('../../../.pub-cache/hosted/pub.dev/protobuf-3.1.0/lib/protobuf.dart').
  $pb.PbList<$core.String> get ipv4Addresses => $_getList(5);
                                                ^
lib/generated/spacex_api/device/common.pb.dart:1483:49: Error: A value of type 'List<dynamic>' can't be returned from a function with return type 'PbList<String>'.
 - 'List' is from 'dart:core'.
 - 'PbList' is from 'package:protobuf/protobuf.dart' ('../../../.pub-cache/hosted/pub.dev/protobuf-3.1.0/lib/protobuf.dart').
  $pb.PbList<$core.String> get ipv6Addresses => $_getList(6);
                                                ^
lib/generated/spacex_api/device/common.pb.dart:1488:51: Error: The method '$_setField' isn't defined for the type 'NetworkInterface'.
 - 'NetworkInterface' is from 'package:starlink_isp_app/generated/spacex_api/device/common.pb.dart' ('lib/generated/spacex_api/device/common.pb.dart').
Try correcting the name to the name of an existing method, or defining a method named '$_setField'.
  set ethernet(EthernetNetworkInterface value) => $_setField(1000, value);
                                                  ^^^^^^^^^^
lib/generated/spacex_api/device/common.pb.dart:1492:27: Error: The method '$_clearField' isn't defined for the type 'NetworkInterface'.
 - 'NetworkInterface' is from 'package:starlink_isp_app/generated/spacex_api/device/common.pb.dart' ('lib/generated/spacex_api/device/common.pb.dart').
Try correcting the name to the name of an existing method, or defining a method named '$_clearField'.
  void clearEthernet() => $_clearField(1000);
                          ^^^^^^^^^^^^
lib/generated/spacex_api/device/common.pb.dart:1499:43: Error: The method '$_setField' isn't defined for the type 'NetworkInterface'.
 - 'NetworkInterface' is from 'package:starlink_isp_app/generated/spacex_api/device/common.pb.dart' ('lib/generated/spacex_api/device/common.pb.dart').
Try correcting the name to the name of an existing method, or defining a method named '$_setField'.
  set wifi(WifiNetworkInterface value) => $_setField(1001, value);
                                          ^^^^^^^^^^
lib/generated/spacex_api/device/common.pb.dart:1503:23: Error: The method '$_clearField' isn't defined for the type 'NetworkInterface'.
 - 'NetworkInterface' is from 'package:starlink_isp_app/generated/spacex_api/device/common.pb.dart' ('lib/generated/spacex_api/device/common.pb.dart').
Try correcting the name to the name of an existing method, or defining a method named '$_clearField'.
  void clearWifi() => $_clearField(1001);
                      ^^^^^^^^^^^^
lib/generated/spacex_api/device/common.pb.dart:1510:47: Error: The method '$_setField' isn't defined for the type 'NetworkInterface'.
 - 'NetworkInterface' is from 'package:starlink_isp_app/generated/spacex_api/device/common.pb.dart' ('lib/generated/spacex_api/device/common.pb.dart').
Try correcting the name to the name of an existing method, or defining a method named '$_setField'.
  set bridge(BridgeNetworkInterface value) => $_setField(1002, value);
                                              ^^^^^^^^^^
lib/generated/spacex_api/device/common.pb.dart:1514:25: Error: The method '$_clearField' isn't defined for the type 'NetworkInterface'.
 - 'NetworkInterface' is from 'package:starlink_isp_app/generated/spacex_api/device/common.pb.dart' ('lib/generated/spacex_api/device/common.pb.dart').
Try correcting the name to the name of an existing method, or defining a method named '$_clearField'.
  void clearBridge() => $_clearField(1002);
                        ^^^^^^^^^^^^
lib/generated/spacex_api/device/common.pb.dart:1549:7: Error: The method 'aI' isn't defined for the type 'BuilderInfo'.
 - 'BuilderInfo' is from 'package:protobuf/protobuf.dart' ('../../../.pub-cache/hosted/pub.dev/protobuf-3.1.0/lib/protobuf.dart').
Try correcting the name to the name of an existing method, or defining a method named 'aI'.
    ..aI(2, _omitFieldNames ? '' : 'speedMbps', fieldType: $pb.PbFieldType.OU3)
      ^^
lib/generated/spacex_api/device/common.pb.dart:1551:7: Error: The method 'aE' isn't defined for the type 'BuilderInfo'.
 - 'BuilderInfo' is from 'package:protobuf/protobuf.dart' ('../../../.pub-cache/hosted/pub.dev/protobuf-3.1.0/lib/protobuf.dart').
Try correcting the name to the name of an existing method, or defining a method named 'aE'.
    ..aE<EthernetNetworkInterface_Duplex>(4, _omitFieldNames ? '' : 'duplex',
      ^^
lib/generated/spacex_api/device/common.pb.dart:1582:31: Error: The method '$_clearField' isn't defined for the type 'EthernetNetworkInterface'.
 - 'EthernetNetworkInterface' is from 'package:starlink_isp_app/generated/spacex_api/device/common.pb.dart' ('lib/generated/spacex_api/device/common.pb.dart').
Try correcting the name to the name of an existing method, or defining a method named '$_clearField'.
  void clearLinkDetected() => $_clearField(1);
                              ^^^^^^^^^^^^
lib/generated/spacex_api/device/common.pb.dart:1591:28: Error: The method '$_clearField' isn't defined for the type 'EthernetNetworkInterface'.
 - 'EthernetNetworkInterface' is from 'package:starlink_isp_app/generated/spacex_api/device/common.pb.dart' ('lib/generated/spacex_api/device/common.pb.dart').
Try correcting the name to the name of an existing method, or defining a method named '$_clearField'.
  void clearSpeedMbps() => $_clearField(2);
                           ^^^^^^^^^^^^
lib/generated/spacex_api/device/common.pb.dart:1600:36: Error: The method '$_clearField' isn't defined for the type 'EthernetNetworkInterface'.
 - 'EthernetNetworkInterface' is from 'package:starlink_isp_app/generated/spacex_api/device/common.pb.dart' ('lib/generated/spacex_api/device/common.pb.dart').
Try correcting the name to the name of an existing method, or defining a method named '$_clearField'.
  void clearAutonegotiationOn() => $_clearField(3);
                                   ^^^^^^^^^^^^
lib/generated/spacex_api/device/common.pb.dart:1605:56: Error: The method '$_setField' isn't defined for the type 'EthernetNetworkInterface'.
 - 'EthernetNetworkInterface' is from 'package:starlink_isp_app/generated/spacex_api/device/common.pb.dart' ('lib/generated/spacex_api/device/common.pb.dart').
Try correcting the name to the name of an existing method, or defining a method named '$_setField'.
  set duplex(EthernetNetworkInterface_Duplex value) => $_setField(4, value);
                                                       ^^^^^^^^^^
lib/generated/spacex_api/device/common.pb.dart:1609:25: Error: The method '$_clearField' isn't defined for the type 'EthernetNetworkInterface'.
 - 'EthernetNetworkInterface' is from 'package:starlink_isp_app/generated/spacex_api/device/common.pb.dart' ('lib/generated/spacex_api/device/common.pb.dart').
Try correcting the name to the name of an existing method, or defining a method named '$_clearField'.
  void clearDuplex() => $_clearField(4);
                        ^^^^^^^^^^^^
lib/generated/spacex_api/device/common.pb.dart:1645:7: Error: The method 'aI' isn't defined for the type 'BuilderInfo'.
 - 'BuilderInfo' is from 'package:protobuf/protobuf.dart' ('../../../.pub-cache/hosted/pub.dev/protobuf-3.1.0/lib/protobuf.dart').
Try correcting the name to the name of an existing method, or defining a method named 'aI'.
    ..aI(1, _omitFieldNames ? '' : 'rxInvalidNwid',
      ^^
lib/generated/spacex_api/device/common.pb.dart:1647:7: Error: The method 'aI' isn't defined for the type 'BuilderInfo'.
 - 'BuilderInfo' is from 'package:protobuf/protobuf.dart' ('../../../.pub-cache/hosted/pub.dev/protobuf-3.1.0/lib/protobuf.dart').
Try correcting the name to the name of an existing method, or defining a method named 'aI'.
    ..aI(2, _omitFieldNames ? '' : 'rxInvalidCrypt',
      ^^
lib/generated/spacex_api/device/common.pb.dart:1649:7: Error: The method 'aI' isn't defined for the type 'BuilderInfo'.
 - 'BuilderInfo' is from 'package:protobuf/protobuf.dart' ('../../../.pub-cache/hosted/pub.dev/protobuf-3.1.0/lib/protobuf.dart').
Try correcting the name to the name of an existing method, or defining a method named 'aI'.
    ..aI(3, _omitFieldNames ? '' : 'rxInvalidFrag',
      ^^
lib/generated/spacex_api/device/common.pb.dart:1651:7: Error: The method 'aI' isn't defined for the type 'BuilderInfo'.
 - 'BuilderInfo' is from 'package:protobuf/protobuf.dart' ('../../../.pub-cache/hosted/pub.dev/protobuf-3.1.0/lib/protobuf.dart').
Try correcting the name to the name of an existing method, or defining a method named 'aI'.
    ..aI(4, _omitFieldNames ? '' : 'txExcessiveRetries',
      ^^
lib/generated/spacex_api/device/common.pb.dart:1653:7: Error: The method 'aI' isn't defined for the type 'BuilderInfo'.
 - 'BuilderInfo' is from 'package:protobuf/protobuf.dart' ('../../../.pub-cache/hosted/pub.dev/protobuf-3.1.0/lib/protobuf.dart').
Try correcting the name to the name of an existing method, or defining a method named 'aI'.
    ..aI(5, _omitFieldNames ? '' : 'invalidMisc',
      ^^
lib/generated/spacex_api/device/common.pb.dart:1687:32: Error: The method '$_clearField' isn't defined for the type 'WifiNetworkInterface_InvalidPacketCounts'.
 - 'WifiNetworkInterface_InvalidPacketCounts' is from 'package:starlink_isp_app/generated/spacex_api/device/common.pb.dart' ('lib/generated/spacex_api/device/common.pb.dart').
Try correcting the name to the name of an existing method, or defining a method named '$_clearField'.
  void clearRxInvalidNwid() => $_clearField(1);
                               ^^^^^^^^^^^^
lib/generated/spacex_api/device/common.pb.dart:1696:33: Error: The method '$_clearField' isn't defined for the type 'WifiNetworkInterface_InvalidPacketCounts'.
 - 'WifiNetworkInterface_InvalidPacketCounts' is from 'package:starlink_isp_app/generated/spacex_api/device/common.pb.dart' ('lib/generated/spacex_api/device/common.pb.dart').
Try correcting the name to the name of an existing method, or defining a method named '$_clearField'.
  void clearRxInvalidCrypt() => $_clearField(2);
                                ^^^^^^^^^^^^
lib/generated/spacex_api/device/common.pb.dart:1705:32: Error: The method '$_clearField' isn't defined for the type 'WifiNetworkInterface_InvalidPacketCounts'.
 - 'WifiNetworkInterface_InvalidPacketCounts' is from 'package:starlink_isp_app/generated/spacex_api/device/common.pb.dart' ('lib/generated/spacex_api/device/common.pb.dart').
Try correcting the name to the name of an existing method, or defining a method named '$_clearField'.
  void clearRxInvalidFrag() => $_clearField(3);
                               ^^^^^^^^^^^^
lib/generated/spacex_api/device/common.pb.dart:1714:37: Error: The method '$_clearField' isn't defined for the type 'WifiNetworkInterface_InvalidPacketCounts'.
 - 'WifiNetworkInterface_InvalidPacketCounts' is from 'package:starlink_isp_app/generated/spacex_api/device/common.pb.dart' ('lib/generated/spacex_api/device/common.pb.dart').
Try correcting the name to the name of an existing method, or defining a method named '$_clearField'.
  void clearTxExcessiveRetries() => $_clearField(4);
                                    ^^^^^^^^^^^^
lib/generated/spacex_api/device/common.pb.dart:1723:30: Error: The method '$_clearField' isn't defined for the type 'WifiNetworkInterface_InvalidPacketCounts'.
 - 'WifiNetworkInterface_InvalidPacketCounts' is from 'package:starlink_isp_app/generated/spacex_api/device/common.pb.dart' ('lib/generated/spacex_api/device/common.pb.dart').
Try correcting the name to the name of an existing method, or defining a method named '$_clearField'.
  void clearInvalidMisc() => $_clearField(5);
                             ^^^^^^^^^^^^
lib/generated/spacex_api/device/common.pb.dart:1763:7: Error: The method 'aI' isn't defined for the type 'BuilderInfo'.
 - 'BuilderInfo' is from 'package:protobuf/protobuf.dart' ('../../../.pub-cache/hosted/pub.dev/protobuf-3.1.0/lib/protobuf.dart').
Try correcting the name to the name of an existing method, or defining a method named 'aI'.
    ..aI(3, _omitFieldNames ? '' : 'channel', fieldType: $pb.PbFieldType.OU3)
      ^^
lib/generated/spacex_api/device/common.pb.dart:1764:7: Error: The method 'aD' isn't defined for the type 'BuilderInfo'.
 - 'BuilderInfo' is from 'package:protobuf/protobuf.dart' ('../../../.pub-cache/hosted/pub.dev/protobuf-3.1.0/lib/protobuf.dart').
Try correcting the name to the name of an existing method, or defining a method named 'aD'.
    ..aD(4, _omitFieldNames ? '' : 'linkQuality')
      ^^
lib/generated/spacex_api/device/common.pb.dart:1765:7: Error: The method 'aD' isn't defined for the type 'BuilderInfo'.
 - 'BuilderInfo' is from 'package:protobuf/protobuf.dart' ('../../../.pub-cache/hosted/pub.dev/protobuf-3.1.0/lib/protobuf.dart').
Try correcting the name to the name of an existing method, or defining a method named 'aD'.
    ..aD(5, _omitFieldNames ? '' : 'signalLevel')
      ^^
lib/generated/spacex_api/device/common.pb.dart:1766:7: Error: The method 'aD' isn't defined for the type 'BuilderInfo'.
 - 'BuilderInfo' is from 'package:protobuf/protobuf.dart' ('../../../.pub-cache/hosted/pub.dev/protobuf-3.1.0/lib/protobuf.dart').
Try correcting the name to the name of an existing method, or defining a method named 'aD'.
    ..aD(6, _omitFieldNames ? '' : 'noiseLevel')
      ^^
lib/generated/spacex_api/device/common.pb.dart:1767:7: Error: The method 'aI' isn't defined for the type 'BuilderInfo'.
 - 'BuilderInfo' is from 'package:protobuf/protobuf.dart' ('../../../.pub-cache/hosted/pub.dev/protobuf-3.1.0/lib/protobuf.dart').
Try correcting the name to the name of an existing method, or defining a method named 'aI'.
    ..aI(8, _omitFieldNames ? '' : 'missedBeacons',
      ^^
lib/generated/spacex_api/device/common.pb.dart:1794:7: Error: The method '$_setField' isn't defined for the type 'WifiNetworkInterface'.
 - 'WifiNetworkInterface' is from 'package:starlink_isp_app/generated/spacex_api/device/common.pb.dart' ('lib/generated/spacex_api/device/common.pb.dart').
Try correcting the name to the name of an existing method, or defining a method named '$_setField'.
      $_setField(2, value);
      ^^^^^^^^^^
lib/generated/spacex_api/device/common.pb.dart:1798:38: Error: The method '$_clearField' isn't defined for the type 'WifiNetworkInterface'.
 - 'WifiNetworkInterface' is from 'package:starlink_isp_app/generated/spacex_api/device/common.pb.dart' ('lib/generated/spacex_api/device/common.pb.dart').
Try correcting the name to the name of an existing method, or defining a method named '$_clearField'.
  void clearInvalidPacketCounts() => $_clearField(2);
                                     ^^^^^^^^^^^^
lib/generated/spacex_api/device/common.pb.dart:1810:26: Error: The method '$_clearField' isn't defined for the type 'WifiNetworkInterface'.
 - 'WifiNetworkInterface' is from 'package:starlink_isp_app/generated/spacex_api/device/common.pb.dart' ('lib/generated/spacex_api/device/common.pb.dart').
Try correcting the name to the name of an existing method, or defining a method named '$_clearField'.
  void clearChannel() => $_clearField(3);
                         ^^^^^^^^^^^^
lib/generated/spacex_api/device/common.pb.dart:1819:30: Error: The method '$_clearField' isn't defined for the type 'WifiNetworkInterface'.
 - 'WifiNetworkInterface' is from 'package:starlink_isp_app/generated/spacex_api/device/common.pb.dart' ('lib/generated/spacex_api/device/common.pb.dart').
Try correcting the name to the name of an existing method, or defining a method named '$_clearField'.
  void clearLinkQuality() => $_clearField(4);
                             ^^^^^^^^^^^^
lib/generated/spacex_api/device/common.pb.dart:1828:30: Error: The method '$_clearField' isn't defined for the type 'WifiNetworkInterface'.
 - 'WifiNetworkInterface' is from 'package:starlink_isp_app/generated/spacex_api/device/common.pb.dart' ('lib/generated/spacex_api/device/common.pb.dart').
Try correcting the name to the name of an existing method, or defining a method named '$_clearField'.
  void clearSignalLevel() => $_clearField(5);
                             ^^^^^^^^^^^^
lib/generated/spacex_api/device/common.pb.dart:1837:29: Error: The method '$_clearField' isn't defined for the type 'WifiNetworkInterface'.
 - 'WifiNetworkInterface' is from 'package:starlink_isp_app/generated/spacex_api/device/common.pb.dart' ('lib/generated/spacex_api/device/common.pb.dart').
Try correcting the name to the name of an existing method, or defining a method named '$_clearField'.
  void clearNoiseLevel() => $_clearField(6);
                            ^^^^^^^^^^^^
lib/generated/spacex_api/device/common.pb.dart:1846:32: Error: The method '$_clearField' isn't defined for the type 'WifiNetworkInterface'.
 - 'WifiNetworkInterface' is from 'package:starlink_isp_app/generated/spacex_api/device/common.pb.dart' ('lib/generated/spacex_api/device/common.pb.dart').
Try correcting the name to the name of an existing method, or defining a method named '$_clearField'.
  void clearMissedBeacons() => $_clearField(8);
                               ^^^^^^^^^^^^
lib/generated/spacex_api/device/common.pb.dart:1896:47: Error: A value of type 'List<dynamic>' can't be returned from a function with return type 'PbList<String>'.
 - 'List' is from 'dart:core'.
 - 'PbList' is from 'package:protobuf/protobuf.dart' ('../../../.pub-cache/hosted/pub.dev/protobuf-3.1.0/lib/protobuf.dart').
  $pb.PbList<$core.String> get memberNames => $_getList(0);
                                              ^
lib/generated/spacex_api/device/common.pb.dart:1926:7: Error: The method 'aD' isn't defined for the type 'BuilderInfo'.
 - 'BuilderInfo' is from 'package:protobuf/protobuf.dart' ('../../../.pub-cache/hosted/pub.dev/protobuf-3.1.0/lib/protobuf.dart').
Try correcting the name to the name of an existing method, or defining a method named 'aD'.
    ..aD(1, _omitFieldNames ? '' : 'lat')
      ^^
lib/generated/spacex_api/device/common.pb.dart:1927:7: Error: The method 'aD' isn't defined for the type 'BuilderInfo'.
 - 'BuilderInfo' is from 'package:protobuf/protobuf.dart' ('../../../.pub-cache/hosted/pub.dev/protobuf-3.1.0/lib/protobuf.dart').
Try correcting the name to the name of an existing method, or defining a method named 'aD'.
    ..aD(2, _omitFieldNames ? '' : 'lon')
      ^^
lib/generated/spacex_api/device/common.pb.dart:1928:7: Error: The method 'aD' isn't defined for the type 'BuilderInfo'.
 - 'BuilderInfo' is from 'package:protobuf/protobuf.dart' ('../../../.pub-cache/hosted/pub.dev/protobuf-3.1.0/lib/protobuf.dart').
Try correcting the name to the name of an existing method, or defining a method named 'aD'.
    ..aD(3, _omitFieldNames ? '' : 'alt')
      ^^
lib/generated/spacex_api/device/common.pb.dart:1957:22: Error: The method '$_clearField' isn't defined for the type 'LLAPosition'.
 - 'LLAPosition' is from 'package:starlink_isp_app/generated/spacex_api/device/common.pb.dart' ('lib/generated/spacex_api/device/common.pb.dart').
Try correcting the name to the name of an existing method, or defining a method named '$_clearField'.
  void clearLat() => $_clearField(1);
                     ^^^^^^^^^^^^
lib/generated/spacex_api/device/common.pb.dart:1966:22: Error: The method '$_clearField' isn't defined for the type 'LLAPosition'.
 - 'LLAPosition' is from 'package:starlink_isp_app/generated/spacex_api/device/common.pb.dart' ('lib/generated/spacex_api/device/common.pb.dart').
Try correcting the name to the name of an existing method, or defining a method named '$_clearField'.
  void clearLon() => $_clearField(2);
                     ^^^^^^^^^^^^
lib/generated/spacex_api/device/common.pb.dart:1975:22: Error: The method '$_clearField' isn't defined for the type 'LLAPosition'.
 - 'LLAPosition' is from 'package:starlink_isp_app/generated/spacex_api/device/common.pb.dart' ('lib/generated/spacex_api/device/common.pb.dart').
Try correcting the name to the name of an existing method, or defining a method named '$_clearField'.
  void clearAlt() => $_clearField(3);
                     ^^^^^^^^^^^^
lib/generated/spacex_api/device/common.pb.dart:2005:7: Error: The method 'aD' isn't defined for the type 'BuilderInfo'.
 - 'BuilderInfo' is from 'package:protobuf/protobuf.dart' ('../../../.pub-cache/hosted/pub.dev/protobuf-3.1.0/lib/protobuf.dart').
Try correcting the name to the name of an existing method, or defining a method named 'aD'.
    ..aD(1, _omitFieldNames ? '' : 'x')
      ^^
lib/generated/spacex_api/device/common.pb.dart:2006:7: Error: The method 'aD' isn't defined for the type 'BuilderInfo'.
 - 'BuilderInfo' is from 'package:protobuf/protobuf.dart' ('../../../.pub-cache/hosted/pub.dev/protobuf-3.1.0/lib/protobuf.dart').
Try correcting the name to the name of an existing method, or defining a method named 'aD'.
    ..aD(2, _omitFieldNames ? '' : 'y')
      ^^
lib/generated/spacex_api/device/common.pb.dart:2007:7: Error: The method 'aD' isn't defined for the type 'BuilderInfo'.
 - 'BuilderInfo' is from 'package:protobuf/protobuf.dart' ('../../../.pub-cache/hosted/pub.dev/protobuf-3.1.0/lib/protobuf.dart').
Try correcting the name to the name of an existing method, or defining a method named 'aD'.
    ..aD(3, _omitFieldNames ? '' : 'z')
      ^^
lib/generated/spacex_api/device/common.pb.dart:2036:20: Error: The method '$_clearField' isn't defined for the type 'ECEFPosition'.
 - 'ECEFPosition' is from 'package:starlink_isp_app/generated/spacex_api/device/common.pb.dart' ('lib/generated/spacex_api/device/common.pb.dart').
Try correcting the name to the name of an existing method, or defining a method named '$_clearField'.
  void clearX() => $_clearField(1);
                   ^^^^^^^^^^^^
lib/generated/spacex_api/device/common.pb.dart:2045:20: Error: The method '$_clearField' isn't defined for the type 'ECEFPosition'.
 - 'ECEFPosition' is from 'package:starlink_isp_app/generated/spacex_api/device/common.pb.dart' ('lib/generated/spacex_api/device/common.pb.dart').
Try correcting the name to the name of an existing method, or defining a method named '$_clearField'.
  void clearY() => $_clearField(2);
                   ^^^^^^^^^^^^
lib/generated/spacex_api/device/common.pb.dart:2054:20: Error: The method '$_clearField' isn't defined for the type 'ECEFPosition'.
 - 'ECEFPosition' is from 'package:starlink_isp_app/generated/spacex_api/device/common.pb.dart' ('lib/generated/spacex_api/device/common.pb.dart').
Try correcting the name to the name of an existing method, or defining a method named '$_clearField'.
  void clearZ() => $_clearField(3);
                   ^^^^^^^^^^^^
lib/generated/spacex_api/device/common.pb.dart:2086:7: Error: The method 'aD' isn't defined for the type 'BuilderInfo'.
 - 'BuilderInfo' is from 'package:protobuf/protobuf.dart' ('../../../.pub-cache/hosted/pub.dev/protobuf-3.1.0/lib/protobuf.dart').
Try correcting the name to the name of an existing method, or defining a method named 'aD'.
    ..aD(1, _omitFieldNames ? '' : 'qScalar', fieldType: $pb.PbFieldType.OF)
      ^^
lib/generated/spacex_api/device/common.pb.dart:2087:7: Error: The method 'aD' isn't defined for the type 'BuilderInfo'.
 - 'BuilderInfo' is from 'package:protobuf/protobuf.dart' ('../../../.pub-cache/hosted/pub.dev/protobuf-3.1.0/lib/protobuf.dart').
Try correcting the name to the name of an existing method, or defining a method named 'aD'.
    ..aD(2, _omitFieldNames ? '' : 'qX', fieldType: $pb.PbFieldType.OF)
      ^^
lib/generated/spacex_api/device/common.pb.dart:2088:7: Error: The method 'aD' isn't defined for the type 'BuilderInfo'.
 - 'BuilderInfo' is from 'package:protobuf/protobuf.dart' ('../../../.pub-cache/hosted/pub.dev/protobuf-3.1.0/lib/protobuf.dart').
Try correcting the name to the name of an existing method, or defining a method named 'aD'.
    ..aD(3, _omitFieldNames ? '' : 'qY', fieldType: $pb.PbFieldType.OF)
      ^^
lib/generated/spacex_api/device/common.pb.dart:2089:7: Error: The method 'aD' isn't defined for the type 'BuilderInfo'.
 - 'BuilderInfo' is from 'package:protobuf/protobuf.dart' ('../../../.pub-cache/hosted/pub.dev/protobuf-3.1.0/lib/protobuf.dart').
Try correcting the name to the name of an existing method, or defining a method named 'aD'.
    ..aD(4, _omitFieldNames ? '' : 'qZ', fieldType: $pb.PbFieldType.OF)
      ^^
lib/generated/spacex_api/device/common.pb.dart:2117:26: Error: The method '$_clearField' isn't defined for the type 'Quaternion'.
 - 'Quaternion' is from 'package:starlink_isp_app/generated/spacex_api/device/common.pb.dart' ('lib/generated/spacex_api/device/common.pb.dart').
Try correcting the name to the name of an existing method, or defining a method named '$_clearField'.
  void clearQScalar() => $_clearField(1);
                         ^^^^^^^^^^^^
lib/generated/spacex_api/device/common.pb.dart:2126:21: Error: The method '$_clearField' isn't defined for the type 'Quaternion'.
 - 'Quaternion' is from 'package:starlink_isp_app/generated/spacex_api/device/common.pb.dart' ('lib/generated/spacex_api/device/common.pb.dart').
Try correcting the name to the name of an existing method, or defining a method named '$_clearField'.
  void clearQX() => $_clearField(2);
                    ^^^^^^^^^^^^
lib/generated/spacex_api/device/common.pb.dart:2135:21: Error: The method '$_clearField' isn't defined for the type 'Quaternion'.
 - 'Quaternion' is from 'package:starlink_isp_app/generated/spacex_api/device/common.pb.dart' ('lib/generated/spacex_api/device/common.pb.dart').
Try correcting the name to the name of an existing method, or defining a method named '$_clearField'.
  void clearQY() => $_clearField(3);
                    ^^^^^^^^^^^^
lib/generated/spacex_api/device/common.pb.dart:2144:21: Error: The method '$_clearField' isn't defined for the type 'Quaternion'.
 - 'Quaternion' is from 'package:starlink_isp_app/generated/spacex_api/device/common.pb.dart' ('lib/generated/spacex_api/device/common.pb.dart').
Try correcting the name to the name of an existing method, or defining a method named '$_clearField'.
  void clearQZ() => $_clearField(4);
                    ^^^^^^^^^^^^
lib/generated/spacex_api/device/common.pb.dart:2214:7: Error: The method 'aI' isn't defined for the type 'BuilderInfo'.
 - 'BuilderInfo' is from 'package:protobuf/protobuf.dart' ('../../../.pub-cache/hosted/pub.dev/protobuf-3.1.0/lib/protobuf.dart').
Try correcting the name to the name of an existing method, or defining a method named 'aI'.
    ..aI(1, _omitFieldNames ? '' : 'port', fieldType: $pb.PbFieldType.OU3)
      ^^
lib/generated/spacex_api/device/common.pb.dart:2247:23: Error: The method '$_clearField' isn't defined for the type 'InitiateRemoteSshResponse'.
 - 'InitiateRemoteSshResponse' is from 'package:starlink_isp_app/generated/spacex_api/device/common.pb.dart' ('lib/generated/spacex_api/device/common.pb.dart').
Try correcting the name to the name of an existing method, or defining a method named '$_clearField'.
  void clearPort() => $_clearField(1);
                      ^^^^^^^^^^^^
lib/generated/spacex_api/device/common.pb.dart:2256:26: Error: The method '$_clearField' isn't defined for the type 'InitiateRemoteSshResponse'.
 - 'InitiateRemoteSshResponse' is from 'package:starlink_isp_app/generated/spacex_api/device/common.pb.dart' ('lib/generated/spacex_api/device/common.pb.dart').
Try correcting the name to the name of an existing method, or defining a method named '$_clearField'.
  void clearAddress() => $_clearField(2);
                         ^^^^^^^^^^^^
lib/generated/spacex_api/device/common.pb.dart:2265:25: Error: The method '$_clearField' isn't defined for the type 'InitiateRemoteSshResponse'.
 - 'InitiateRemoteSshResponse' is from 'package:starlink_isp_app/generated/spacex_api/device/common.pb.dart' ('lib/generated/spacex_api/device/common.pb.dart').
Try correcting the name to the name of an existing method, or defining a method named '$_clearField'.
  void clearStsafe() => $_clearField(3);
                        ^^^^^^^^^^^^
lib/generated/spacex_api/device/common.pb.dart:2333:27: Error: The method '$_clearField' isn't defined for the type 'SoftwareUpdateRequest'.
 - 'SoftwareUpdateRequest' is from 'package:starlink_isp_app/generated/spacex_api/device/common.pb.dart' ('lib/generated/spacex_api/device/common.pb.dart').
Try correcting the name to the name of an existing method, or defining a method named '$_clearField'.
  void clearStreamId() => $_clearField(1);
                          ^^^^^^^^^^^^
lib/generated/spacex_api/device/common.pb.dart:2342:23: Error: The method '$_clearField' isn't defined for the type 'SoftwareUpdateRequest'.
 - 'SoftwareUpdateRequest' is from 'package:starlink_isp_app/generated/spacex_api/device/common.pb.dart' ('lib/generated/spacex_api/device/common.pb.dart').
Try correcting the name to the name of an existing method, or defining a method named '$_clearField'.
  void clearData() => $_clearField(2);
                      ^^^^^^^^^^^^
lib/generated/spacex_api/device/common.pb.dart:2351:23: Error: The method '$_clearField' isn't defined for the type 'SoftwareUpdateRequest'.
 - 'SoftwareUpdateRequest' is from 'package:starlink_isp_app/generated/spacex_api/device/common.pb.dart' ('lib/generated/spacex_api/device/common.pb.dart').
Try correcting the name to the name of an existing method, or defining a method named '$_clearField'.
  void clearOpen() => $_clearField(3);
                      ^^^^^^^^^^^^
lib/generated/spacex_api/device/common.pb.dart:2360:24: Error: The method '$_clearField' isn't defined for the type 'SoftwareUpdateRequest'.
 - 'SoftwareUpdateRequest' is from 'package:starlink_isp_app/generated/spacex_api/device/common.pb.dart' ('lib/generated/spacex_api/device/common.pb.dart').
Try correcting the name to the name of an existing method, or defining a method named '$_clearField'.
  void clearClose() => $_clearField(4);
                       ^^^^^^^^^^^^
lib/generated/spacex_api/device/common.pb.dart:2431:7: Error: The method 'pPM' isn't defined for the type 'BuilderInfo'.
 - 'BuilderInfo' is from 'package:protobuf/protobuf.dart' ('../../../.pub-cache/hosted/pub.dev/protobuf-3.1.0/lib/protobuf.dart').
Try correcting the name to the name of an existing method, or defining a method named 'pPM'.
    ..pPM<UXEvent>(1, _omitFieldNames ? '' : 'events',
      ^^^
lib/generated/spacex_api/device/common.pb.dart:2456:37: Error: A value of type 'List<dynamic>' can't be returned from a function with return type 'PbList<UXEvent>'.
 - 'List' is from 'dart:core'.
 - 'PbList' is from 'package:protobuf/protobuf.dart' ('../../../.pub-cache/hosted/pub.dev/protobuf-3.1.0/lib/protobuf.dart').
 - 'UXEvent' is from 'package:starlink_isp_app/generated/spacex_api/device/common.pb.dart' ('lib/generated/spacex_api/device/common.pb.dart').
  $pb.PbList<UXEvent> get events => $_getList(0);
                                    ^
lib/generated/spacex_api/device/common.pb.dart:2465:35: Error: The method '$_clearField' isn't defined for the type 'EventLog'.
 - 'EventLog' is from 'package:starlink_isp_app/generated/spacex_api/device/common.pb.dart' ('lib/generated/spacex_api/device/common.pb.dart').
Try correcting the name to the name of an existing method, or defining a method named '$_clearField'.
  void clearStartTimestampNs() => $_clearField(2);
                                  ^^^^^^^^^^^^
lib/generated/spacex_api/device/common.pb.dart:2474:37: Error: The method '$_clearField' isn't defined for the type 'EventLog'.
 - 'EventLog' is from 'package:starlink_isp_app/generated/spacex_api/device/common.pb.dart' ('lib/generated/spacex_api/device/common.pb.dart').
Try correcting the name to the name of an existing method, or defining a method named '$_clearField'.
  void clearCurrentTimestampNs() => $_clearField(3);
                                    ^^^^^^^^^^^^
lib/generated/spacex_api/device/common.pb.dart:2535:7: Error: The method 'aE' isn't defined for the type 'BuilderInfo'.
 - 'BuilderInfo' is from 'package:protobuf/protobuf.dart' ('../../../.pub-cache/hosted/pub.dev/protobuf-3.1.0/lib/protobuf.dart').
Try correcting the name to the name of an existing method, or defining a method named 'aE'.
    ..aE<EventSeverity>(1, _omitFieldNames ? '' : 'severity',
      ^^
lib/generated/spacex_api/device/common.pb.dart:2537:7: Error: The method 'aE' isn't defined for the type 'BuilderInfo'.
 - 'BuilderInfo' is from 'package:protobuf/protobuf.dart' ('../../../.pub-cache/hosted/pub.dev/protobuf-3.1.0/lib/protobuf.dart').
Try correcting the name to the name of an existing method, or defining a method named 'aE'.
    ..aE<EventReason>(2, _omitFieldNames ? '' : 'reason',
      ^^
lib/generated/spacex_api/device/common.pb.dart:2584:27: Error: The method '$_clearField' isn't defined for the type 'UXEvent'.
 - 'UXEvent' is from 'package:starlink_isp_app/generated/spacex_api/device/common.pb.dart' ('lib/generated/spacex_api/device/common.pb.dart').
Try correcting the name to the name of an existing method, or defining a method named '$_clearField'.
  void clearMetadata() => $_clearField($_whichOneof(0));
                          ^^^^^^^^^^^^
lib/generated/spacex_api/device/common.pb.dart:2589:40: Error: The method '$_setField' isn't defined for the type 'UXEvent'.
 - 'UXEvent' is from 'package:starlink_isp_app/generated/spacex_api/device/common.pb.dart' ('lib/generated/spacex_api/device/common.pb.dart').
Try correcting the name to the name of an existing method, or defining a method named '$_setField'.
  set severity(EventSeverity value) => $_setField(1, value);
                                       ^^^^^^^^^^
lib/generated/spacex_api/device/common.pb.dart:2593:27: Error: The method '$_clearField' isn't defined for the type 'UXEvent'.
 - 'UXEvent' is from 'package:starlink_isp_app/generated/spacex_api/device/common.pb.dart' ('lib/generated/spacex_api/device/common.pb.dart').
Try correcting the name to the name of an existing method, or defining a method named '$_clearField'.
  void clearSeverity() => $_clearField(1);
                          ^^^^^^^^^^^^
lib/generated/spacex_api/device/common.pb.dart:2598:36: Error: The method '$_setField' isn't defined for the type 'UXEvent'.
 - 'UXEvent' is from 'package:starlink_isp_app/generated/spacex_api/device/common.pb.dart' ('lib/generated/spacex_api/device/common.pb.dart').
Try correcting the name to the name of an existing method, or defining a method named '$_setField'.
  set reason(EventReason value) => $_setField(2, value);
                                   ^^^^^^^^^^
lib/generated/spacex_api/device/common.pb.dart:2602:25: Error: The method '$_clearField' isn't defined for the type 'UXEvent'.
 - 'UXEvent' is from 'package:starlink_isp_app/generated/spacex_api/device/common.pb.dart' ('lib/generated/spacex_api/device/common.pb.dart').
Try correcting the name to the name of an existing method, or defining a method named '$_clearField'.
  void clearReason() => $_clearField(2);
                        ^^^^^^^^^^^^
lib/generated/spacex_api/device/common.pb.dart:2611:35: Error: The method '$_clearField' isn't defined for the type 'UXEvent'.
 - 'UXEvent' is from 'package:starlink_isp_app/generated/spacex_api/device/common.pb.dart' ('lib/generated/spacex_api/device/common.pb.dart').
Try correcting the name to the name of an existing method, or defining a method named '$_clearField'.
  void clearStartTimestampNs() => $_clearField(3);
                                  ^^^^^^^^^^^^
lib/generated/spacex_api/device/common.pb.dart:2620:29: Error: The method '$_clearField' isn't defined for the type 'UXEvent'.
 - 'UXEvent' is from 'package:starlink_isp_app/generated/spacex_api/device/common.pb.dart' ('lib/generated/spacex_api/device/common.pb.dart').
Try correcting the name to the name of an existing method, or defining a method named '$_clearField'.
  void clearDurationNs() => $_clearField(4);
                            ^^^^^^^^^^^^
lib/generated/spacex_api/device/common.pb.dart:2627:7: Error: The method '$_setField' isn't defined for the type 'UXEvent'.
 - 'UXEvent' is from 'package:starlink_isp_app/generated/spacex_api/device/common.pb.dart' ('lib/generated/spacex_api/device/common.pb.dart').
Try correcting the name to the name of an existing method, or defining a method named '$_setField'.
      $_setField(5, value);
      ^^^^^^^^^^
lib/generated/spacex_api/device/common.pb.dart:2631:50: Error: The method '$_clearField' isn't defined for the type 'UXEvent'.
 - 'UXEvent' is from 'package:starlink_isp_app/generated/spacex_api/device/common.pb.dart' ('lib/generated/spacex_api/device/common.pb.dart').
Try correcting the name to the name of an existing method, or defining a method named '$_clearField'.
  void clearClientReconnectingOftenMetadata() => $_clearField(5);
                                                 ^^^^^^^^^^^^
lib/generated/spacex_api/device/common.pb.dart:2640:7: Error: The method '$_setField' isn't defined for the type 'UXEvent'.
 - 'UXEvent' is from 'package:starlink_isp_app/generated/spacex_api/device/common.pb.dart' ('lib/generated/spacex_api/device/common.pb.dart').
Try correcting the name to the name of an existing method, or defining a method named '$_setField'.
      $_setField(6, value);
      ^^^^^^^^^^
lib/generated/spacex_api/device/common.pb.dart:2644:46: Error: The method '$_clearField' isn't defined for the type 'UXEvent'.
 - 'UXEvent' is from 'package:starlink_isp_app/generated/spacex_api/device/common.pb.dart' ('lib/generated/spacex_api/device/common.pb.dart').
Try correcting the name to the name of an existing method, or defining a method named '$_clearField'.
  void clearClientSwitchingBandMetadata() => $_clearField(6);
                                             ^^^^^^^^^^^^
lib/generated/spacex_api/device/common.pb.dart:2655:7: Error: The method '$_setField' isn't defined for the type 'UXEvent'.
 - 'UXEvent' is from 'package:starlink_isp_app/generated/spacex_api/device/common.pb.dart' ('lib/generated/spacex_api/device/common.pb.dart').
Try correcting the name to the name of an existing method, or defining a method named '$_setField'.
      $_setField(7, value);
      ^^^^^^^^^^
lib/generated/spacex_api/device/common.pb.dart:2659:53: Error: The method '$_clearField' isn't defined for the type 'UXEvent'.
 - 'UXEvent' is from 'package:starlink_isp_app/generated/spacex_api/device/common.pb.dart' ('lib/generated/spacex_api/device/common.pb.dart').
Try correcting the name to the name of an existing method, or defining a method named '$_clearField'.
  void clearClientSwitchingUpstreamMacMetadata() => $_clearField(7);
                                                    ^^^^^^^^^^^^
lib/generated/spacex_api/device/common.pb.dart:2669:7: Error: The method '$_setField' isn't defined for the type 'UXEvent'.
 - 'UXEvent' is from 'package:starlink_isp_app/generated/spacex_api/device/common.pb.dart' ('lib/generated/spacex_api/device/common.pb.dart').
Try correcting the name to the name of an existing method, or defining a method named '$_setField'.
      $_setField(8, value);
      ^^^^^^^^^^
lib/generated/spacex_api/device/common.pb.dart:2673:49: Error: The method '$_clearField' isn't defined for the type 'UXEvent'.
 - 'UXEvent' is from 'package:starlink_isp_app/generated/spacex_api/device/common.pb.dart' ('lib/generated/spacex_api/device/common.pb.dart').
Try correcting the name to the name of an existing method, or defining a method named '$_clearField'.
  void clearMeshConnectionChangingMetadata() => $_clearField(8);
                                                ^^^^^^^^^^^^
lib/generated/spacex_api/device/common.pb.dart:2702:7: Error: The method 'aI' isn't defined for the type 'BuilderInfo'.
 - 'BuilderInfo' is from 'package:protobuf/protobuf.dart' ('../../../.pub-cache/hosted/pub.dev/protobuf-3.1.0/lib/protobuf.dart').
Try correcting the name to the name of an existing method, or defining a method named 'aI'.
    ..aI(1, _omitFieldNames ? '' : 'clientId',
      ^^
lib/generated/spacex_api/device/common.pb.dart:2736:27: Error: The method '$_clearField' isn't defined for the type 'ClientReconnectingOftenMetadata'.
 - 'ClientReconnectingOftenMetadata' is from 'package:starlink_isp_app/generated/spacex_api/device/common.pb.dart' ('lib/generated/spacex_api/device/common.pb.dart').
Try correcting the name to the name of an existing method, or defining a method named '$_clearField'.
  void clearClientId() => $_clearField(1);
                          ^^^^^^^^^^^^
lib/generated/spacex_api/device/common.pb.dart:2766:7: Error: The method 'aI' isn't defined for the type 'BuilderInfo'.
 - 'BuilderInfo' is from 'package:protobuf/protobuf.dart' ('../../../.pub-cache/hosted/pub.dev/protobuf-3.1.0/lib/protobuf.dart').
Try correcting the name to the name of an existing method, or defining a method named 'aI'.
    ..aI(1, _omitFieldNames ? '' : 'clientId',
      ^^
lib/generated/spacex_api/device/common.pb.dart:2801:27: Error: The method '$_clearField' isn't defined for the type 'ClientSwitchingBandMetadata'.
 - 'ClientSwitchingBandMetadata' is from 'package:starlink_isp_app/generated/spacex_api/device/common.pb.dart' ('lib/generated/spacex_api/device/common.pb.dart').
Try correcting the name to the name of an existing method, or defining a method named '$_clearField'.
  void clearClientId() => $_clearField(1);
                          ^^^^^^^^^^^^
lib/generated/spacex_api/device/common.pb.dart:2810:27: Error: The method '$_clearField' isn't defined for the type 'ClientSwitchingBandMetadata'.
 - 'ClientSwitchingBandMetadata' is from 'package:starlink_isp_app/generated/spacex_api/device/common.pb.dart' ('lib/generated/spacex_api/device/common.pb.dart').
Try correcting the name to the name of an existing method, or defining a method named '$_clearField'.
  void clearFromBand() => $_clearField(2);
                          ^^^^^^^^^^^^
lib/generated/spacex_api/device/common.pb.dart:2819:25: Error: The method '$_clearField' isn't defined for the type 'ClientSwitchingBandMetadata'.
 - 'ClientSwitchingBandMetadata' is from 'package:starlink_isp_app/generated/spacex_api/device/common.pb.dart' ('lib/generated/spacex_api/device/common.pb.dart').
Try correcting the name to the name of an existing method, or defining a method named '$_clearField'.
  void clearToBand() => $_clearField(3);
                        ^^^^^^^^^^^^
lib/generated/spacex_api/device/common.pb.dart:2846:7: Error: The method 'aI' isn't defined for the type 'BuilderInfo'.
 - 'BuilderInfo' is from 'package:protobuf/protobuf.dart' ('../../../.pub-cache/hosted/pub.dev/protobuf-3.1.0/lib/protobuf.dart').
Try correcting the name to the name of an existing method, or defining a method named 'aI'.
    ..aI(1, _omitFieldNames ? '' : 'clientId',
      ^^
lib/generated/spacex_api/device/common.pb.dart:2880:27: Error: The method '$_clearField' isn't defined for the type 'ClientSwitchingUpstreamMacMetadata'.
 - 'ClientSwitchingUpstreamMacMetadata' is from 'package:starlink_isp_app/generated/spacex_api/device/common.pb.dart' ('lib/generated/spacex_api/device/common.pb.dart').
Try correcting the name to the name of an existing method, or defining a method named '$_clearField'.
  void clearClientId() => $_clearField(1);
                          ^^^^^^^^^^^^
lib/generated/spacex_api/device/common.pb.dart:2909:7: Error: The method 'aE' isn't defined for the type 'BuilderInfo'.
 - 'BuilderInfo' is from 'package:protobuf/protobuf.dart' ('../../../.pub-cache/hosted/pub.dev/protobuf-3.1.0/lib/protobuf.dart').
Try correcting the name to the name of an existing method, or defining a method named 'aE'.
    ..aE<MeshConnectionChange>(2, _omitFieldNames ? '' : 'change',
      ^^
lib/generated/spacex_api/device/common.pb.dart:2942:29: Error: The method '$_clearField' isn't defined for the type 'MeshConnectionChangingMetadata'.
 - 'MeshConnectionChangingMetadata' is from 'package:starlink_isp_app/generated/spacex_api/device/common.pb.dart' ('lib/generated/spacex_api/device/common.pb.dart').
Try correcting the name to the name of an existing method, or defining a method named '$_clearField'.
  void clearRepeaterId() => $_clearField(1);
                            ^^^^^^^^^^^^
lib/generated/spacex_api/device/common.pb.dart:2947:45: Error: The method '$_setField' isn't defined for the type 'MeshConnectionChangingMetadata'.
 - 'MeshConnectionChangingMetadata' is from 'package:starlink_isp_app/generated/spacex_api/device/common.pb.dart' ('lib/generated/spacex_api/device/common.pb.dart').
Try correcting the name to the name of an existing method, or defining a method named '$_setField'.
  set change(MeshConnectionChange value) => $_setField(2, value);
                                            ^^^^^^^^^^
lib/generated/spacex_api/device/common.pb.dart:2951:25: Error: The method '$_clearField' isn't defined for the type 'MeshConnectionChangingMetadata'.
 - 'MeshConnectionChangingMetadata' is from 'package:starlink_isp_app/generated/spacex_api/device/common.pb.dart' ('lib/generated/spacex_api/device/common.pb.dart').
Try correcting the name to the name of an existing method, or defining a method named '$_clearField'.
  void clearChange() => $_clearField(2);
                        ^^^^^^^^^^^^
lib/generated/spacex_api/device/device.pbenum.dart:39:24: Error: Member not found: 'ProtobufEnum.$_initByValueList'.
      $pb.ProtobufEnum.$_initByValueList(values, 3);
                       ^^^^^^^^^^^^^^^^^
lib/generated/spacex_api/device/device.pbenum.dart:85:24: Error: Member not found: 'ProtobufEnum.$_initByValueList'.
      $pb.ProtobufEnum.$_initByValueList(values, 10);
                       ^^^^^^^^^^^^^^^^^
lib/generated/spacex_api/device/device.pbenum.dart:116:24: Error: Member not found: 'ProtobufEnum.$_initByValueList'.
      $pb.ProtobufEnum.$_initByValueList(values, 5);
                       ^^^^^^^^^^^^^^^^^
lib/generated/spacex_api/device/device.pbenum.dart:139:24: Error: Member not found: 'ProtobufEnum.$_initByValueList'.
      $pb.ProtobufEnum.$_initByValueList(values, 2);
                       ^^^^^^^^^^^^^^^^^
lib/generated/spacex_api/device/device.pbenum.dart:165:24: Error: Member not found: 'ProtobufEnum.$_initByValueList'.
      $pb.ProtobufEnum.$_initByValueList(values, 3);
                       ^^^^^^^^^^^^^^^^^
lib/generated/spacex_api/device/device.pbenum.dart:191:24: Error: Member not found: 'ProtobufEnum.$_initByValueList'.
      $pb.ProtobufEnum.$_initByValueList(values, 2);
                       ^^^^^^^^^^^^^^^^^
lib/generated/spacex_api/device/device.pbenum.dart:285:24: Error: Member not found: 'ProtobufEnum.$_initByValueList'.
      $pb.ProtobufEnum.$_initByValueList(values, 19);
                       ^^^^^^^^^^^^^^^^^
lib/generated/spacex_api/device/device.pbenum.dart:362:35: Error: Member not found: 'ProtobufEnum.$_initByValueList'.
      _byValue = $pb.ProtobufEnum.$_initByValueList(values, 16);
                                  ^^^^^^^^^^^^^^^^^
lib/generated/spacex_api/device/device.pbenum.dart:464:35: Error: Member not found: 'ProtobufEnum.$_initByValueList'.
      _byValue = $pb.ProtobufEnum.$_initByValueList(values, 21);
                                  ^^^^^^^^^^^^^^^^^
lib/generated/spacex_api/device/dish.pb.dart:82:25: Error: The method '$_clearField' isn't defined for the type 'DishStowRequest'.
 - 'DishStowRequest' is from 'package:starlink_isp_app/generated/spacex_api/device/dish.pb.dart' ('lib/generated/spacex_api/device/dish.pb.dart').
Try correcting the name to the name of an existing method, or defining a method named '$_clearField'.
  void clearUnstow() => $_clearField(1);
                        ^^^^^^^^^^^^
lib/generated/spacex_api/device/dish.pb.dart:161:7: Error: The method 'aD' isn't defined for the type 'BuilderInfo'.
 - 'BuilderInfo' is from 'package:protobuf/protobuf.dart' ('../../../.pub-cache/hosted/pub.dev/protobuf-3.1.0/lib/protobuf.dart').
Try correcting the name to the name of an existing method, or defining a method named 'aD'.
    ..aD(1, _omitFieldNames ? '' : 'thermalDemandFraction',
      ^^
lib/generated/spacex_api/device/dish.pb.dart:164:7: Error: The method 'aE' isn't defined for the type 'BuilderInfo'.
 - 'BuilderInfo' is from 'package:protobuf/protobuf.dart' ('../../../.pub-cache/hosted/pub.dev/protobuf-3.1.0/lib/protobuf.dart').
Try correcting the name to the name of an existing method, or defining a method named 'aE'.
    ..aE<DishAviationTestRequest_EthSpeed>(3, _omitFieldNames ? '' : 'ethSpeed',
      ^^
lib/generated/spacex_api/device/dish.pb.dart:167:7: Error: The method 'aI' isn't defined for the type 'BuilderInfo'.
 - 'BuilderInfo' is from 'package:protobuf/protobuf.dart' ('../../../.pub-cache/hosted/pub.dev/protobuf-3.1.0/lib/protobuf.dart').
Try correcting the name to the name of an existing method, or defining a method named 'aI'.
    ..aI(5, _omitFieldNames ? '' : 'ethAmplitudeRegisters',
      ^^
lib/generated/spacex_api/device/dish.pb.dart:199:40: Error: The method '$_clearField' isn't defined for the type 'DishAviationTestRequest'.
 - 'DishAviationTestRequest' is from 'package:starlink_isp_app/generated/spacex_api/device/dish.pb.dart' ('lib/generated/spacex_api/device/dish.pb.dart').
Try correcting the name to the name of an existing method, or defining a method named '$_clearField'.
  void clearThermalDemandFraction() => $_clearField(1);
                                       ^^^^^^^^^^^^
lib/generated/spacex_api/device/dish.pb.dart:208:45: Error: The method '$_clearField' isn't defined for the type 'DishAviationTestRequest'.
 - 'DishAviationTestRequest' is from 'package:starlink_isp_app/generated/spacex_api/device/dish.pb.dart' ('lib/generated/spacex_api/device/dish.pb.dart').
Try correcting the name to the name of an existing method, or defining a method named '$_clearField'.
  void clearApplyThermalDemandFraction() => $_clearField(2);
                                            ^^^^^^^^^^^^
lib/generated/spacex_api/device/dish.pb.dart:213:59: Error: The method '$_setField' isn't defined for the type 'DishAviationTestRequest'.
 - 'DishAviationTestRequest' is from 'package:starlink_isp_app/generated/spacex_api/device/dish.pb.dart' ('lib/generated/spacex_api/device/dish.pb.dart').
Try correcting the name to the name of an existing method, or defining a method named '$_setField'.
  set ethSpeed(DishAviationTestRequest_EthSpeed value) => $_setField(3, value);
                                                          ^^^^^^^^^^
lib/generated/spacex_api/device/dish.pb.dart:217:27: Error: The method '$_clearField' isn't defined for the type 'DishAviationTestRequest'.
 - 'DishAviationTestRequest' is from 'package:starlink_isp_app/generated/spacex_api/device/dish.pb.dart' ('lib/generated/spacex_api/device/dish.pb.dart').
Try correcting the name to the name of an existing method, or defining a method named '$_clearField'.
  void clearEthSpeed() => $_clearField(3);
                          ^^^^^^^^^^^^
lib/generated/spacex_api/device/dish.pb.dart:226:32: Error: The method '$_clearField' isn't defined for the type 'DishAviationTestRequest'.
 - 'DishAviationTestRequest' is from 'package:starlink_isp_app/generated/spacex_api/device/dish.pb.dart' ('lib/generated/spacex_api/device/dish.pb.dart').
Try correcting the name to the name of an existing method, or defining a method named '$_clearField'.
  void clearApplyEthSpeed() => $_clearField(4);
                               ^^^^^^^^^^^^
lib/generated/spacex_api/device/dish.pb.dart:235:40: Error: The method '$_clearField' isn't defined for the type 'DishAviationTestRequest'.
 - 'DishAviationTestRequest' is from 'package:starlink_isp_app/generated/spacex_api/device/dish.pb.dart' ('lib/generated/spacex_api/device/dish.pb.dart').
Try correcting the name to the name of an existing method, or defining a method named '$_clearField'.
  void clearEthAmplitudeRegisters() => $_clearField(5);
                                       ^^^^^^^^^^^^
lib/generated/spacex_api/device/dish.pb.dart:244:45: Error: The method '$_clearField' isn't defined for the type 'DishAviationTestRequest'.
 - 'DishAviationTestRequest' is from 'package:starlink_isp_app/generated/spacex_api/device/dish.pb.dart' ('lib/generated/spacex_api/device/dish.pb.dart').
Try correcting the name to the name of an existing method, or defining a method named '$_clearField'.
  void clearApplyEthAmplitudeRegisters() => $_clearField(6);
                                            ^^^^^^^^^^^^
lib/generated/spacex_api/device/dish.pb.dart:411:7: Error: The method 'aD' isn't defined for the type 'BuilderInfo'.
 - 'BuilderInfo' is from 'package:protobuf/protobuf.dart' ('../../../.pub-cache/hosted/pub.dev/protobuf-3.1.0/lib/protobuf.dart').
Try correcting the name to the name of an existing method, or defining a method named 'aD'.
    ..aD(2, _omitFieldNames ? '' : 'obstructionFraction',
      ^^
lib/generated/spacex_api/device/dish.pb.dart:413:7: Error: The method 'aD' isn't defined for the type 'BuilderInfo'.
 - 'BuilderInfo' is from 'package:protobuf/protobuf.dart' ('../../../.pub-cache/hosted/pub.dev/protobuf-3.1.0/lib/protobuf.dart').
Try correcting the name to the name of an existing method, or defining a method named 'aD'.
    ..aD(3, _omitFieldNames ? '' : 'obstructionValidS',
      ^^
lib/generated/spacex_api/device/dish.pb.dart:415:7: Error: The method 'aI' isn't defined for the type 'BuilderInfo'.
 - 'BuilderInfo' is from 'package:protobuf/protobuf.dart' ('../../../.pub-cache/hosted/pub.dev/protobuf-3.1.0/lib/protobuf.dart').
Try correcting the name to the name of an existing method, or defining a method named 'aI'.
    ..aI(4, _omitFieldNames ? '' : 'cellId', fieldType: $pb.PbFieldType.OU3)
      ^^
lib/generated/spacex_api/device/dish.pb.dart:416:7: Error: The method 'aI' isn't defined for the type 'BuilderInfo'.
 - 'BuilderInfo' is from 'package:protobuf/protobuf.dart' ('../../../.pub-cache/hosted/pub.dev/protobuf-3.1.0/lib/protobuf.dart').
Try correcting the name to the name of an existing method, or defining a method named 'aI'.
    ..aI(5, _omitFieldNames ? '' : 'popRackId', fieldType: $pb.PbFieldType.OU3)
      ^^
lib/generated/spacex_api/device/dish.pb.dart:417:7: Error: The method 'aD' isn't defined for the type 'BuilderInfo'.
 - 'BuilderInfo' is from 'package:protobuf/protobuf.dart' ('../../../.pub-cache/hosted/pub.dev/protobuf-3.1.0/lib/protobuf.dart').
Try correcting the name to the name of an existing method, or defining a method named 'aD'.
    ..aD(6, _omitFieldNames ? '' : 'secondsToSlotEnd',
      ^^
lib/generated/spacex_api/device/dish.pb.dart:421:7: Error: The method 'aI' isn't defined for the type 'BuilderInfo'.
 - 'BuilderInfo' is from 'package:protobuf/protobuf.dart' ('../../../.pub-cache/hosted/pub.dev/protobuf-3.1.0/lib/protobuf.dart').
Try correcting the name to the name of an existing method, or defining a method named 'aI'.
    ..aI(8, _omitFieldNames ? '' : 'initialSatelliteId',
      ^^
lib/generated/spacex_api/device/dish.pb.dart:423:7: Error: The method 'aI' isn't defined for the type 'BuilderInfo'.
 - 'BuilderInfo' is from 'package:protobuf/protobuf.dart' ('../../../.pub-cache/hosted/pub.dev/protobuf-3.1.0/lib/protobuf.dart').
Try correcting the name to the name of an existing method, or defining a method named 'aI'.
    ..aI(9, _omitFieldNames ? '' : 'initialGatewayId',
      ^^
lib/generated/spacex_api/device/dish.pb.dart:428:7: Error: The method 'aD' isn't defined for the type 'BuilderInfo'.
 - 'BuilderInfo' is from 'package:protobuf/protobuf.dart' ('../../../.pub-cache/hosted/pub.dev/protobuf-3.1.0/lib/protobuf.dart').
Try correcting the name to the name of an existing method, or defining a method named 'aD'.
    ..aD(13, _omitFieldNames ? '' : 'popPingDropRate15sMean',
      ^^
lib/generated/spacex_api/device/dish.pb.dart:430:7: Error: The method 'aD' isn't defined for the type 'BuilderInfo'.
 - 'BuilderInfo' is from 'package:protobuf/protobuf.dart' ('../../../.pub-cache/hosted/pub.dev/protobuf-3.1.0/lib/protobuf.dart').
Try correcting the name to the name of an existing method, or defining a method named 'aD'.
    ..aD(14, _omitFieldNames ? '' : 'popPingLatencyMs15sMean',
      ^^
lib/generated/spacex_api/device/dish.pb.dart:433:7: Error: The method 'aD' isn't defined for the type 'BuilderInfo'.
 - 'BuilderInfo' is from 'package:protobuf/protobuf.dart' ('../../../.pub-cache/hosted/pub.dev/protobuf-3.1.0/lib/protobuf.dart').
Try correcting the name to the name of an existing method, or defining a method named 'aD'.
    ..aD(15, _omitFieldNames ? '' : 'secondsSinceLast1sOutage',
      ^^
lib/generated/spacex_api/device/dish.pb.dart:436:7: Error: The method 'aD' isn't defined for the type 'BuilderInfo'.
 - 'BuilderInfo' is from 'package:protobuf/protobuf.dart' ('../../../.pub-cache/hosted/pub.dev/protobuf-3.1.0/lib/protobuf.dart').
Try correcting the name to the name of an existing method, or defining a method named 'aD'.
    ..aD(16, _omitFieldNames ? '' : 'secondsSinceLast2sOutage',
      ^^
lib/generated/spacex_api/device/dish.pb.dart:439:7: Error: The method 'aD' isn't defined for the type 'BuilderInfo'.
 - 'BuilderInfo' is from 'package:protobuf/protobuf.dart' ('../../../.pub-cache/hosted/pub.dev/protobuf-3.1.0/lib/protobuf.dart').
Try correcting the name to the name of an existing method, or defining a method named 'aD'.
    ..aD(17, _omitFieldNames ? '' : 'secondsSinceLast5sOutage',
      ^^
lib/generated/spacex_api/device/dish.pb.dart:442:7: Error: The method 'aD' isn't defined for the type 'BuilderInfo'.
 - 'BuilderInfo' is from 'package:protobuf/protobuf.dart' ('../../../.pub-cache/hosted/pub.dev/protobuf-3.1.0/lib/protobuf.dart').
Try correcting the name to the name of an existing method, or defining a method named 'aD'.
    ..aD(18, _omitFieldNames ? '' : 'secondsSinceLast15sOutage',
      ^^
lib/generated/spacex_api/device/dish.pb.dart:445:7: Error: The method 'aD' isn't defined for the type 'BuilderInfo'.
 - 'BuilderInfo' is from 'package:protobuf/protobuf.dart' ('../../../.pub-cache/hosted/pub.dev/protobuf-3.1.0/lib/protobuf.dart').
Try correcting the name to the name of an existing method, or defining a method named 'aD'.
    ..aD(19, _omitFieldNames ? '' : 'secondsSinceLast60sOutage',
      ^^
lib/generated/spacex_api/device/dish.pb.dart:448:7: Error: The method 'aD' isn't defined for the type 'BuilderInfo'.
 - 'BuilderInfo' is from 'package:protobuf/protobuf.dart' ('../../../.pub-cache/hosted/pub.dev/protobuf-3.1.0/lib/protobuf.dart').
Try correcting the name to the name of an existing method, or defining a method named 'aD'.
    ..aD(20, _omitFieldNames ? '' : 'obstructionTime',
      ^^
lib/generated/spacex_api/device/dish.pb.dart:450:7: Error: The method 'aE' isn't defined for the type 'BuilderInfo'.
 - 'BuilderInfo' is from 'package:protobuf/protobuf.dart' ('../../../.pub-cache/hosted/pub.dev/protobuf-3.1.0/lib/protobuf.dart').
Try correcting the name to the name of an existing method, or defining a method named 'aE'.
    ..aE<$3.UtDisablementCode>(21, _omitFieldNames ? '' : 'disablementCode',
      ^^
lib/generated/spacex_api/device/dish.pb.dart:452:7: Error: The method 'aD' isn't defined for the type 'BuilderInfo'.
 - 'BuilderInfo' is from 'package:protobuf/protobuf.dart' ('../../../.pub-cache/hosted/pub.dev/protobuf-3.1.0/lib/protobuf.dart').
Try correcting the name to the name of an existing method, or defining a method named 'aD'.
    ..aD(22, _omitFieldNames ? '' : 'kuMacActiveRatio',
      ^^
lib/generated/spacex_api/device/dish.pb.dart:485:42: Error: The method '$_setField' isn't defined for the type 'DishGetContextResponse'.
 - 'DishGetContextResponse' is from 'package:starlink_isp_app/generated/spacex_api/device/dish.pb.dart' ('lib/generated/spacex_api/device/dish.pb.dart').
Try correcting the name to the name of an existing method, or defining a method named '$_setField'.
  set deviceInfo($0.DeviceInfo value) => $_setField(1, value);
                                         ^^^^^^^^^^
lib/generated/spacex_api/device/dish.pb.dart:489:29: Error: The method '$_clearField' isn't defined for the type 'DishGetContextResponse'.
 - 'DishGetContextResponse' is from 'package:starlink_isp_app/generated/spacex_api/device/dish.pb.dart' ('lib/generated/spacex_api/device/dish.pb.dart').
Try correcting the name to the name of an existing method, or defining a method named '$_clearField'.
  void clearDeviceInfo() => $_clearField(1);
                            ^^^^^^^^^^^^
lib/generated/spacex_api/device/dish.pb.dart:500:38: Error: The method '$_clearField' isn't defined for the type 'DishGetContextResponse'.
 - 'DishGetContextResponse' is from 'package:starlink_isp_app/generated/spacex_api/device/dish.pb.dart' ('lib/generated/spacex_api/device/dish.pb.dart').
Try correcting the name to the name of an existing method, or defining a method named '$_clearField'.
  void clearObstructionFraction() => $_clearField(2);
                                     ^^^^^^^^^^^^
lib/generated/spacex_api/device/dish.pb.dart:509:36: Error: The method '$_clearField' isn't defined for the type 'DishGetContextResponse'.
 - 'DishGetContextResponse' is from 'package:starlink_isp_app/generated/spacex_api/device/dish.pb.dart' ('lib/generated/spacex_api/device/dish.pb.dart').
Try correcting the name to the name of an existing method, or defining a method named '$_clearField'.
  void clearObstructionValidS() => $_clearField(3);
                                   ^^^^^^^^^^^^
lib/generated/spacex_api/device/dish.pb.dart:518:25: Error: The method '$_clearField' isn't defined for the type 'DishGetContextResponse'.
 - 'DishGetContextResponse' is from 'package:starlink_isp_app/generated/spacex_api/device/dish.pb.dart' ('lib/generated/spacex_api/device/dish.pb.dart').
Try correcting the name to the name of an existing method, or defining a method named '$_clearField'.
  void clearCellId() => $_clearField(4);
                        ^^^^^^^^^^^^
lib/generated/spacex_api/device/dish.pb.dart:527:28: Error: The method '$_clearField' isn't defined for the type 'DishGetContextResponse'.
 - 'DishGetContextResponse' is from 'package:starlink_isp_app/generated/spacex_api/device/dish.pb.dart' ('lib/generated/spacex_api/device/dish.pb.dart').
Try correcting the name to the name of an existing method, or defining a method named '$_clearField'.
  void clearPopRackId() => $_clearField(5);
                           ^^^^^^^^^^^^
lib/generated/spacex_api/device/dish.pb.dart:536:35: Error: The method '$_clearField' isn't defined for the type 'DishGetContextResponse'.
 - 'DishGetContextResponse' is from 'package:starlink_isp_app/generated/spacex_api/device/dish.pb.dart' ('lib/generated/spacex_api/device/dish.pb.dart').
Try correcting the name to the name of an existing method, or defining a method named '$_clearField'.
  void clearSecondsToSlotEnd() => $_clearField(6);
                                  ^^^^^^^^^^^^
lib/generated/spacex_api/device/dish.pb.dart:541:44: Error: The method '$_setField' isn't defined for the type 'DishGetContextResponse'.
 - 'DishGetContextResponse' is from 'package:starlink_isp_app/generated/spacex_api/device/dish.pb.dart' ('lib/generated/spacex_api/device/dish.pb.dart').
Try correcting the name to the name of an existing method, or defining a method named '$_setField'.
  set deviceState($0.DeviceState value) => $_setField(7, value);
                                           ^^^^^^^^^^
lib/generated/spacex_api/device/dish.pb.dart:545:30: Error: The method '$_clearField' isn't defined for the type 'DishGetContextResponse'.
 - 'DishGetContextResponse' is from 'package:starlink_isp_app/generated/spacex_api/device/dish.pb.dart' ('lib/generated/spacex_api/device/dish.pb.dart').
Try correcting the name to the name of an existing method, or defining a method named '$_clearField'.
  void clearDeviceState() => $_clearField(7);
                             ^^^^^^^^^^^^
lib/generated/spacex_api/device/dish.pb.dart:556:37: Error: The method '$_clearField' isn't defined for the type 'DishGetContextResponse'.
 - 'DishGetContextResponse' is from 'package:starlink_isp_app/generated/spacex_api/device/dish.pb.dart' ('lib/generated/spacex_api/device/dish.pb.dart').
Try correcting the name to the name of an existing method, or defining a method named '$_clearField'.
  void clearInitialSatelliteId() => $_clearField(8);
                                    ^^^^^^^^^^^^
lib/generated/spacex_api/device/dish.pb.dart:565:35: Error: The method '$_clearField' isn't defined for the type 'DishGetContextResponse'.
 - 'DishGetContextResponse' is from 'package:starlink_isp_app/generated/spacex_api/device/dish.pb.dart' ('lib/generated/spacex_api/device/dish.pb.dart').
Try correcting the name to the name of an existing method, or defining a method named '$_clearField'.
  void clearInitialGatewayId() => $_clearField(9);
                                  ^^^^^^^^^^^^
lib/generated/spacex_api/device/dish.pb.dart:574:31: Error: The method '$_clearField' isn't defined for the type 'DishGetContextResponse'.
 - 'DishGetContextResponse' is from 'package:starlink_isp_app/generated/spacex_api/device/dish.pb.dart' ('lib/generated/spacex_api/device/dish.pb.dart').
Try correcting the name to the name of an existing method, or defining a method named '$_clearField'.
  void clearOnBackupBeam() => $_clearField(10);
                              ^^^^^^^^^^^^
lib/generated/spacex_api/device/dish.pb.dart:583:40: Error: The method '$_clearField' isn't defined for the type 'DishGetContextResponse'.
 - 'DishGetContextResponse' is from 'package:starlink_isp_app/generated/spacex_api/device/dish.pb.dart' ('lib/generated/spacex_api/device/dish.pb.dart').
Try correcting the name to the name of an existing method, or defining a method named '$_clearField'.
  void clearDebugTelemetryEnabled() => $_clearField(11);
                                       ^^^^^^^^^^^^
lib/generated/spacex_api/device/dish.pb.dart:592:37: Error: The method '$_clearField' isn't defined for the type 'DishGetContextResponse'.
 - 'DishGetContextResponse' is from 'package:starlink_isp_app/generated/spacex_api/device/dish.pb.dart' ('lib/generated/spacex_api/device/dish.pb.dart').
Try correcting the name to the name of an existing method, or defining a method named '$_clearField'.
  void clearObstructionCurrent() => $_clearField(12);
                                    ^^^^^^^^^^^^
lib/generated/spacex_api/device/dish.pb.dart:601:41: Error: The method '$_clearField' isn't defined for the type 'DishGetContextResponse'.
 - 'DishGetContextResponse' is from 'package:starlink_isp_app/generated/spacex_api/device/dish.pb.dart' ('lib/generated/spacex_api/device/dish.pb.dart').
Try correcting the name to the name of an existing method, or defining a method named '$_clearField'.
  void clearPopPingDropRate15sMean() => $_clearField(13);
                                        ^^^^^^^^^^^^
lib/generated/spacex_api/device/dish.pb.dart:610:42: Error: The method '$_clearField' isn't defined for the type 'DishGetContextResponse'.
 - 'DishGetContextResponse' is from 'package:starlink_isp_app/generated/spacex_api/device/dish.pb.dart' ('lib/generated/spacex_api/device/dish.pb.dart').
Try correcting the name to the name of an existing method, or defining a method named '$_clearField'.
  void clearPopPingLatencyMs15sMean() => $_clearField(14);
                                         ^^^^^^^^^^^^
lib/generated/spacex_api/device/dish.pb.dart:619:43: Error: The method '$_clearField' isn't defined for the type 'DishGetContextResponse'.
 - 'DishGetContextResponse' is from 'package:starlink_isp_app/generated/spacex_api/device/dish.pb.dart' ('lib/generated/spacex_api/device/dish.pb.dart').
Try correcting the name to the name of an existing method, or defining a method named '$_clearField'.
  void clearSecondsSinceLast1sOutage() => $_clearField(15);
                                          ^^^^^^^^^^^^
lib/generated/spacex_api/device/dish.pb.dart:628:43: Error: The method '$_clearField' isn't defined for the type 'DishGetContextResponse'.
 - 'DishGetContextResponse' is from 'package:starlink_isp_app/generated/spacex_api/device/dish.pb.dart' ('lib/generated/spacex_api/device/dish.pb.dart').
Try correcting the name to the name of an existing method, or defining a method named '$_clearField'.
  void clearSecondsSinceLast2sOutage() => $_clearField(16);
                                          ^^^^^^^^^^^^
lib/generated/spacex_api/device/dish.pb.dart:637:43: Error: The method '$_clearField' isn't defined for the type 'DishGetContextResponse'.
 - 'DishGetContextResponse' is from 'package:starlink_isp_app/generated/spacex_api/device/dish.pb.dart' ('lib/generated/spacex_api/device/dish.pb.dart').
Try correcting the name to the name of an existing method, or defining a method named '$_clearField'.
  void clearSecondsSinceLast5sOutage() => $_clearField(17);
                                          ^^^^^^^^^^^^
lib/generated/spacex_api/device/dish.pb.dart:646:44: Error: The method '$_clearField' isn't defined for the type 'DishGetContextResponse'.
 - 'DishGetContextResponse' is from 'package:starlink_isp_app/generated/spacex_api/device/dish.pb.dart' ('lib/generated/spacex_api/device/dish.pb.dart').
Try correcting the name to the name of an existing method, or defining a method named '$_clearField'.
  void clearSecondsSinceLast15sOutage() => $_clearField(18);
                                           ^^^^^^^^^^^^
lib/generated/spacex_api/device/dish.pb.dart:655:44: Error: The method '$_clearField' isn't defined for the type 'DishGetContextResponse'.
 - 'DishGetContextResponse' is from 'package:starlink_isp_app/generated/spacex_api/device/dish.pb.dart' ('lib/generated/spacex_api/device/dish.pb.dart').
Try correcting the name to the name of an existing method, or defining a method named '$_clearField'.
  void clearSecondsSinceLast60sOutage() => $_clearField(19);
                                           ^^^^^^^^^^^^
lib/generated/spacex_api/device/dish.pb.dart:664:34: Error: The method '$_clearField' isn't defined for the type 'DishGetContextResponse'.
 - 'DishGetContextResponse' is from 'package:starlink_isp_app/generated/spacex_api/device/dish.pb.dart' ('lib/generated/spacex_api/device/dish.pb.dart').
Try correcting the name to the name of an existing method, or defining a method named '$_clearField'.
  void clearObstructionTime() => $_clearField(20);
                                 ^^^^^^^^^^^^
lib/generated/spacex_api/device/dish.pb.dart:669:54: Error: The method '$_setField' isn't defined for the type 'DishGetContextResponse'.
 - 'DishGetContextResponse' is from 'package:starlink_isp_app/generated/spacex_api/device/dish.pb.dart' ('lib/generated/spacex_api/device/dish.pb.dart').
Try correcting the name to the name of an existing method, or defining a method named '$_setField'.
  set disablementCode($3.UtDisablementCode value) => $_setField(21, value);
                                                     ^^^^^^^^^^
lib/generated/spacex_api/device/dish.pb.dart:673:34: Error: The method '$_clearField' isn't defined for the type 'DishGetContextResponse'.
 - 'DishGetContextResponse' is from 'package:starlink_isp_app/generated/spacex_api/device/dish.pb.dart' ('lib/generated/spacex_api/device/dish.pb.dart').
Try correcting the name to the name of an existing method, or defining a method named '$_clearField'.
  void clearDisablementCode() => $_clearField(21);
                                 ^^^^^^^^^^^^
lib/generated/spacex_api/device/dish.pb.dart:682:35: Error: The method '$_clearField' isn't defined for the type 'DishGetContextResponse'.
 - 'DishGetContextResponse' is from 'package:starlink_isp_app/generated/spacex_api/device/dish.pb.dart' ('lib/generated/spacex_api/device/dish.pb.dart').
Try correcting the name to the name of an existing method, or defining a method named '$_clearField'.
  void clearKuMacActiveRatio() => $_clearField(22);
                                  ^^^^^^^^^^^^
lib/generated/spacex_api/device/dish.pb.dart:691:35: Error: The method '$_clearField' isn't defined for the type 'DishGetContextResponse'.
 - 'DishGetContextResponse' is from 'package:starlink_isp_app/generated/spacex_api/device/dish.pb.dart' ('lib/generated/spacex_api/device/dish.pb.dart').
Try correcting the name to the name of an existing method, or defining a method named '$_clearField'.
  void clearOutage1sWithin1h() => $_clearField(23);
                                  ^^^^^^^^^^^^
lib/generated/spacex_api/device/dish.pb.dart:700:35: Error: The method '$_clearField' isn't defined for the type 'DishGetContextResponse'.
 - 'DishGetContextResponse' is from 'package:starlink_isp_app/generated/spacex_api/device/dish.pb.dart' ('lib/generated/spacex_api/device/dish.pb.dart').
Try correcting the name to the name of an existing method, or defining a method named '$_clearField'.
  void clearOutage2sWithin1h() => $_clearField(24);
                                  ^^^^^^^^^^^^
lib/generated/spacex_api/device/dish.pb.dart:709:35: Error: The method '$_clearField' isn't defined for the type 'DishGetContextResponse'.
 - 'DishGetContextResponse' is from 'package:starlink_isp_app/generated/spacex_api/device/dish.pb.dart' ('lib/generated/spacex_api/device/dish.pb.dart').
Try correcting the name to the name of an existing method, or defining a method named '$_clearField'.
  void clearOutage5sWithin1h() => $_clearField(25);
                                  ^^^^^^^^^^^^
lib/generated/spacex_api/device/dish.pb.dart:741:7: Error: The method 'aE' isn't defined for the type 'BuilderInfo'.
 - 'BuilderInfo' is from 'package:protobuf/protobuf.dart' ('../../../.pub-cache/hosted/pub.dev/protobuf-3.1.0/lib/protobuf.dart').
Try correcting the name to the name of an existing method, or defining a method named 'aE'.
    ..aE<DishOutage_Cause>(1, _omitFieldNames ? '' : 'cause',
      ^^
lib/generated/spacex_api/device/dish.pb.dart:771:40: Error: The method '$_setField' isn't defined for the type 'DishOutage'.
 - 'DishOutage' is from 'package:starlink_isp_app/generated/spacex_api/device/dish.pb.dart' ('lib/generated/spacex_api/device/dish.pb.dart').
Try correcting the name to the name of an existing method, or defining a method named '$_setField'.
  set cause(DishOutage_Cause value) => $_setField(1, value);
                                       ^^^^^^^^^^
lib/generated/spacex_api/device/dish.pb.dart:775:24: Error: The method '$_clearField' isn't defined for the type 'DishOutage'.
 - 'DishOutage' is from 'package:starlink_isp_app/generated/spacex_api/device/dish.pb.dart' ('lib/generated/spacex_api/device/dish.pb.dart').
Try correcting the name to the name of an existing method, or defining a method named '$_clearField'.
  void clearCause() => $_clearField(1);
                       ^^^^^^^^^^^^
lib/generated/spacex_api/device/dish.pb.dart:784:35: Error: The method '$_clearField' isn't defined for the type 'DishOutage'.
 - 'DishOutage' is from 'package:starlink_isp_app/generated/spacex_api/device/dish.pb.dart' ('lib/generated/spacex_api/device/dish.pb.dart').
Try correcting the name to the name of an existing method, or defining a method named '$_clearField'.
  void clearStartTimestampNs() => $_clearField(2);
                                  ^^^^^^^^^^^^
lib/generated/spacex_api/device/dish.pb.dart:793:29: Error: The method '$_clearField' isn't defined for the type 'DishOutage'.
 - 'DishOutage' is from 'package:starlink_isp_app/generated/spacex_api/device/dish.pb.dart' ('lib/generated/spacex_api/device/dish.pb.dart').
Try correcting the name to the name of an existing method, or defining a method named '$_clearField'.
  void clearDurationNs() => $_clearField(3);
                            ^^^^^^^^^^^^
lib/generated/spacex_api/device/dish.pb.dart:802:28: Error: The method '$_clearField' isn't defined for the type 'DishOutage'.
 - 'DishOutage' is from 'package:starlink_isp_app/generated/spacex_api/device/dish.pb.dart' ('lib/generated/spacex_api/device/dish.pb.dart').
Try correcting the name to the name of an existing method, or defining a method named '$_clearField'.
  void clearDidSwitch() => $_clearField(4);
                           ^^^^^^^^^^^^
lib/generated/spacex_api/device/dish.pb.dart:855:7: Error: The method 'pPM' isn't defined for the type 'BuilderInfo'.
 - 'BuilderInfo' is from 'package:protobuf/protobuf.dart' ('../../../.pub-cache/hosted/pub.dev/protobuf-3.1.0/lib/protobuf.dart').
Try correcting the name to the name of an existing method, or defining a method named 'pPM'.
    ..pPM<DishOutage>(1009, _omitFieldNames ? '' : 'outages',
      ^^^
lib/generated/spacex_api/device/dish.pb.dart:890:26: Error: The method '$_clearField' isn't defined for the type 'DishGetHistoryResponse'.
 - 'DishGetHistoryResponse' is from 'package:starlink_isp_app/generated/spacex_api/device/dish.pb.dart' ('lib/generated/spacex_api/device/dish.pb.dart').
Try correcting the name to the name of an existing method, or defining a method named '$_clearField'.
  void clearCurrent() => $_clearField(1);
                         ^^^^^^^^^^^^
lib/generated/spacex_api/device/dish.pb.dart:893:51: Error: A value of type 'List<dynamic>' can't be returned from a function with return type 'PbList<double>'.
 - 'List' is from 'dart:core'.
 - 'PbList' is from 'package:protobuf/protobuf.dart' ('../../../.pub-cache/hosted/pub.dev/protobuf-3.1.0/lib/protobuf.dart').
  $pb.PbList<$core.double> get popPingDropRate => $_getList(1);
                                                  ^
lib/generated/spacex_api/device/dish.pb.dart:896:52: Error: A value of type 'List<dynamic>' can't be returned from a function with return type 'PbList<double>'.
 - 'List' is from 'dart:core'.
 - 'PbList' is from 'package:protobuf/protobuf.dart' ('../../../.pub-cache/hosted/pub.dev/protobuf-3.1.0/lib/protobuf.dart').
  $pb.PbList<$core.double> get popPingLatencyMs => $_getList(2);
                                                   ^
lib/generated/spacex_api/device/dish.pb.dart:899:57: Error: A value of type 'List<dynamic>' can't be returned from a function with return type 'PbList<double>'.
 - 'List' is from 'dart:core'.
 - 'PbList' is from 'package:protobuf/protobuf.dart' ('../../../.pub-cache/hosted/pub.dev/protobuf-3.1.0/lib/protobuf.dart').
  $pb.PbList<$core.double> get downlinkThroughputBps => $_getList(3);
                                                        ^
lib/generated/spacex_api/device/dish.pb.dart:902:55: Error: A value of type 'List<dynamic>' can't be returned from a function with return type 'PbList<double>'.
 - 'List' is from 'dart:core'.
 - 'PbList' is from 'package:protobuf/protobuf.dart' ('../../../.pub-cache/hosted/pub.dev/protobuf-3.1.0/lib/protobuf.dart').
  $pb.PbList<$core.double> get uplinkThroughputBps => $_getList(4);
                                                      ^
lib/generated/spacex_api/device/dish.pb.dart:905:41: Error: A value of type 'List<dynamic>' can't be returned from a function with return type 'PbList<DishOutage>'.
 - 'List' is from 'dart:core'.
 - 'PbList' is from 'package:protobuf/protobuf.dart' ('../../../.pub-cache/hosted/pub.dev/protobuf-3.1.0/lib/protobuf.dart').
 - 'DishOutage' is from 'package:starlink_isp_app/generated/spacex_api/device/dish.pb.dart' ('lib/generated/spacex_api/device/dish.pb.dart').
  $pb.PbList<DishOutage> get outages => $_getList(5);
                                        ^
lib/generated/spacex_api/device/dish.pb.dart:908:43: Error: A value of type 'List<dynamic>' can't be returned from a function with return type 'PbList<double>'.
 - 'List' is from 'dart:core'.
 - 'PbList' is from 'package:protobuf/protobuf.dart' ('../../../.pub-cache/hosted/pub.dev/protobuf-3.1.0/lib/protobuf.dart').
  $pb.PbList<$core.double> get powerIn => $_getList(6);
                                          ^
lib/generated/spacex_api/device/dish.pb.dart:913:38: Error: The method '$_setField' isn't defined for the type 'DishGetHistoryResponse'.
 - 'DishGetHistoryResponse' is from 'package:starlink_isp_app/generated/spacex_api/device/dish.pb.dart' ('lib/generated/spacex_api/device/dish.pb.dart').
Try correcting the name to the name of an existing method, or defining a method named '$_setField'.
  set eventLog($0.EventLog value) => $_setField(1011, value);
                                     ^^^^^^^^^^
lib/generated/spacex_api/device/dish.pb.dart:917:27: Error: The method '$_clearField' isn't defined for the type 'DishGetHistoryResponse'.
 - 'DishGetHistoryResponse' is from 'package:starlink_isp_app/generated/spacex_api/device/dish.pb.dart' ('lib/generated/spacex_api/device/dish.pb.dart').
Try correcting the name to the name of an existing method, or defining a method named '$_clearField'.
  void clearEventLog() => $_clearField(1011);
                          ^^^^^^^^^^^^
lib/generated/spacex_api/device/dish.pb.dart:947:7: Error: The method 'aE' isn't defined for the type 'BuilderInfo'.
 - 'BuilderInfo' is from 'package:protobuf/protobuf.dart' ('../../../.pub-cache/hosted/pub.dev/protobuf-3.1.0/lib/protobuf.dart').
Try correcting the name to the name of an existing method, or defining a method named 'aE'.
    ..aE<RouterRole>(1, _omitFieldNames ? '' : 'role',
      ^^
lib/generated/spacex_api/device/dish.pb.dart:973:33: Error: The method '$_setField' isn't defined for the type 'RouterInfo'.
 - 'RouterInfo' is from 'package:starlink_isp_app/generated/spacex_api/device/dish.pb.dart' ('lib/generated/spacex_api/device/dish.pb.dart').
Try correcting the name to the name of an existing method, or defining a method named '$_setField'.
  set role(RouterRole value) => $_setField(1, value);
                                ^^^^^^^^^^
lib/generated/spacex_api/device/dish.pb.dart:977:23: Error: The method '$_clearField' isn't defined for the type 'RouterInfo'.
 - 'RouterInfo' is from 'package:starlink_isp_app/generated/spacex_api/device/dish.pb.dart' ('lib/generated/spacex_api/device/dish.pb.dart').
Try correcting the name to the name of an existing method, or defining a method named '$_clearField'.
  void clearRole() => $_clearField(1);
                      ^^^^^^^^^^^^
lib/generated/spacex_api/device/dish.pb.dart:986:27: Error: The method '$_clearField' isn't defined for the type 'RouterInfo'.
 - 'RouterInfo' is from 'package:starlink_isp_app/generated/spacex_api/device/dish.pb.dart' ('lib/generated/spacex_api/device/dish.pb.dart').
Try correcting the name to the name of an existing method, or defining a method named '$_clearField'.
  void clearLastSeen() => $_clearField(2);
                          ^^^^^^^^^^^^
lib/generated/spacex_api/device/dish.pb.dart:1054:22: Error: The method '$_clearField' isn't defined for the type 'DishGetStatusResponse_DownstreamRoutersEntry'.
 - 'DishGetStatusResponse_DownstreamRoutersEntry' is from 'package:starlink_isp_app/generated/spacex_api/device/dish.pb.dart' ('lib/generated/spacex_api/device/dish.pb.dart').
Try correcting the name to the name of an existing method, or defining a method named '$_clearField'.
  void clearKey() => $_clearField(1);
                     ^^^^^^^^^^^^
lib/generated/spacex_api/device/dish.pb.dart:1059:34: Error: The method '$_setField' isn't defined for the type 'DishGetStatusResponse_DownstreamRoutersEntry'.
 - 'DishGetStatusResponse_DownstreamRoutersEntry' is from 'package:starlink_isp_app/generated/spacex_api/device/dish.pb.dart' ('lib/generated/spacex_api/device/dish.pb.dart').
Try correcting the name to the name of an existing method, or defining a method named '$_setField'.
  set value(RouterInfo value) => $_setField(2, value);
                                 ^^^^^^^^^^
lib/generated/spacex_api/device/dish.pb.dart:1063:24: Error: The method '$_clearField' isn't defined for the type 'DishGetStatusResponse_DownstreamRoutersEntry'.
 - 'DishGetStatusResponse_DownstreamRoutersEntry' is from 'package:starlink_isp_app/generated/spacex_api/device/dish.pb.dart' ('lib/generated/spacex_api/device/dish.pb.dart').
Try correcting the name to the name of an existing method, or defining a method named '$_clearField'.
  void clearValue() => $_clearField(2);
                       ^^^^^^^^^^^^
lib/generated/spacex_api/device/dish.pb.dart:1201:7: Error: The method 'aD' isn't defined for the type 'BuilderInfo'.
 - 'BuilderInfo' is from 'package:protobuf/protobuf.dart' ('../../../.pub-cache/hosted/pub.dev/protobuf-3.1.0/lib/protobuf.dart').
Try correcting the name to the name of an existing method, or defining a method named 'aD'.
    ..aD(1002, _omitFieldNames ? '' : 'secondsToFirstNonemptySlot',
      ^^
lib/generated/spacex_api/device/dish.pb.dart:1203:7: Error: The method 'aD' isn't defined for the type 'BuilderInfo'.
 - 'BuilderInfo' is from 'package:protobuf/protobuf.dart' ('../../../.pub-cache/hosted/pub.dev/protobuf-3.1.0/lib/protobuf.dart').
Try correcting the name to the name of an existing method, or defining a method named 'aD'.
    ..aD(1003, _omitFieldNames ? '' : 'popPingDropRate',
      ^^
lib/generated/spacex_api/device/dish.pb.dart:1209:7: Error: The method 'aD' isn't defined for the type 'BuilderInfo'.
 - 'BuilderInfo' is from 'package:protobuf/protobuf.dart' ('../../../.pub-cache/hosted/pub.dev/protobuf-3.1.0/lib/protobuf.dart').
Try correcting the name to the name of an existing method, or defining a method named 'aD'.
    ..aD(1007, _omitFieldNames ? '' : 'downlinkThroughputBps',
      ^^
lib/generated/spacex_api/device/dish.pb.dart:1211:7: Error: The method 'aD' isn't defined for the type 'BuilderInfo'.
 - 'BuilderInfo' is from 'package:protobuf/protobuf.dart' ('../../../.pub-cache/hosted/pub.dev/protobuf-3.1.0/lib/protobuf.dart').
Try correcting the name to the name of an existing method, or defining a method named 'aD'.
    ..aD(1008, _omitFieldNames ? '' : 'uplinkThroughputBps',
      ^^
lib/generated/spacex_api/device/dish.pb.dart:1213:7: Error: The method 'aD' isn't defined for the type 'BuilderInfo'.
 - 'BuilderInfo' is from 'package:protobuf/protobuf.dart' ('../../../.pub-cache/hosted/pub.dev/protobuf-3.1.0/lib/protobuf.dart').
Try correcting the name to the name of an existing method, or defining a method named 'aD'.
    ..aD(1009, _omitFieldNames ? '' : 'popPingLatencyMs',
      ^^
lib/generated/spacex_api/device/dish.pb.dart:1216:7: Error: The method 'aD' isn't defined for the type 'BuilderInfo'.
 - 'BuilderInfo' is from 'package:protobuf/protobuf.dart' ('../../../.pub-cache/hosted/pub.dev/protobuf-3.1.0/lib/protobuf.dart').
Try correcting the name to the name of an existing method, or defining a method named 'aD'.
    ..aD(1011, _omitFieldNames ? '' : 'boresightAzimuthDeg',
      ^^
lib/generated/spacex_api/device/dish.pb.dart:1218:7: Error: The method 'aD' isn't defined for the type 'BuilderInfo'.
 - 'BuilderInfo' is from 'package:protobuf/protobuf.dart' ('../../../.pub-cache/hosted/pub.dev/protobuf-3.1.0/lib/protobuf.dart').
Try correcting the name to the name of an existing method, or defining a method named 'aD'.
    ..aD(1012, _omitFieldNames ? '' : 'boresightElevationDeg',
      ^^
lib/generated/spacex_api/device/dish.pb.dart:1224:7: Error: The method 'aI' isn't defined for the type 'BuilderInfo'.
 - 'BuilderInfo' is from 'package:protobuf/protobuf.dart' ('../../../.pub-cache/hosted/pub.dev/protobuf-3.1.0/lib/protobuf.dart').
Try correcting the name to the name of an existing method, or defining a method named 'aI'.
    ..aI(1016, _omitFieldNames ? '' : 'ethSpeedMbps')
      ^^
lib/generated/spacex_api/device/dish.pb.dart:1225:7: Error: The method 'aE' isn't defined for the type 'BuilderInfo'.
 - 'BuilderInfo' is from 'package:protobuf/protobuf.dart' ('../../../.pub-cache/hosted/pub.dev/protobuf-3.1.0/lib/protobuf.dart').
Try correcting the name to the name of an existing method, or defining a method named 'aE'.
    ..aE<UserMobilityClass>(1017, _omitFieldNames ? '' : 'mobilityClass',
      ^^
lib/generated/spacex_api/device/dish.pb.dart:1230:7: Error: The method 'aE' isn't defined for the type 'BuilderInfo'.
 - 'BuilderInfo' is from 'package:protobuf/protobuf.dart' ('../../../.pub-cache/hosted/pub.dev/protobuf-3.1.0/lib/protobuf.dart').
Try correcting the name to the name of an existing method, or defining a method named 'aE'.
    ..aE<UserClassOfService>(1020, _omitFieldNames ? '' : 'classOfService',
      ^^
lib/generated/spacex_api/device/dish.pb.dart:1232:7: Error: The method 'aE' isn't defined for the type 'BuilderInfo'.
 - 'BuilderInfo' is from 'package:protobuf/protobuf.dart' ('../../../.pub-cache/hosted/pub.dev/protobuf-3.1.0/lib/protobuf.dart').
Try correcting the name to the name of an existing method, or defining a method named 'aE'.
    ..aE<SoftwareUpdateState>(
      ^^
lib/generated/spacex_api/device/dish.pb.dart:1236:7: Error: The method 'aE' isn't defined for the type 'BuilderInfo'.
 - 'BuilderInfo' is from 'package:protobuf/protobuf.dart' ('../../../.pub-cache/hosted/pub.dev/protobuf-3.1.0/lib/protobuf.dart').
Try correcting the name to the name of an existing method, or defining a method named 'aE'.
    ..aE<HasActuators>(1023, _omitFieldNames ? '' : 'hasActuators',
      ^^
lib/generated/spacex_api/device/dish.pb.dart:1238:7: Error: The method 'aE' isn't defined for the type 'BuilderInfo'.
 - 'BuilderInfo' is from 'package:protobuf/protobuf.dart' ('../../../.pub-cache/hosted/pub.dev/protobuf-3.1.0/lib/protobuf.dart').
Try correcting the name to the name of an existing method, or defining a method named 'aE'.
    ..aE<$3.UtDisablementCode>(1024, _omitFieldNames ? '' : 'disablementCode',
      ^^
lib/generated/spacex_api/device/dish.pb.dart:1251:7: Error: The method 'aI' isn't defined for the type 'BuilderInfo'.
 - 'BuilderInfo' is from 'package:protobuf/protobuf.dart' ('../../../.pub-cache/hosted/pub.dev/protobuf-3.1.0/lib/protobuf.dart').
Try correcting the name to the name of an existing method, or defining a method named 'aI'.
    ..aI(1031, _omitFieldNames ? '' : 'secondsUntilSwupdateRebootPossible')
      ^^
lib/generated/spacex_api/device/dish.pb.dart:1252:7: Error: The method 'aE' isn't defined for the type 'BuilderInfo'.
 - 'BuilderInfo' is from 'package:protobuf/protobuf.dart' ('../../../.pub-cache/hosted/pub.dev/protobuf-3.1.0/lib/protobuf.dart').
Try correcting the name to the name of an existing method, or defining a method named 'aE'.
    ..aE<RebootReason>(1032, _omitFieldNames ? '' : 'rebootReason',
      ^^
lib/generated/spacex_api/device/dish.pb.dart:1261:7: Error: The method 'aE' isn't defined for the type 'BuilderInfo'.
 - 'BuilderInfo' is from 'package:protobuf/protobuf.dart' ('../../../.pub-cache/hosted/pub.dev/protobuf-3.1.0/lib/protobuf.dart').
Try correcting the name to the name of an existing method, or defining a method named 'aE'.
    ..aE<$4.RateLimitReason>(
      ^^
lib/generated/spacex_api/device/dish.pb.dart:1264:7: Error: The method 'aE' isn't defined for the type 'BuilderInfo'.
 - 'BuilderInfo' is from 'package:protobuf/protobuf.dart' ('../../../.pub-cache/hosted/pub.dev/protobuf-3.1.0/lib/protobuf.dart').
Try correcting the name to the name of an existing method, or defining a method named 'aE'.
    ..aE<$4.RateLimitReason>(
      ^^
lib/generated/spacex_api/device/dish.pb.dart:1271:7: Error: The method 'pPM' isn't defined for the type 'BuilderInfo'.
 - 'BuilderInfo' is from 'package:protobuf/protobuf.dart' ('../../../.pub-cache/hosted/pub.dev/protobuf-3.1.0/lib/protobuf.dart').
Try correcting the name to the name of an existing method, or defining a method named 'pPM'.
    ..pPM<DishGetStatusResponse_DownstreamRoutersEntry>(
      ^^^
lib/generated/spacex_api/device/dish.pb.dart:1274:7: Error: The method 'aE' isn't defined for the type 'BuilderInfo'.
 - 'BuilderInfo' is from 'package:protobuf/protobuf.dart' ('../../../.pub-cache/hosted/pub.dev/protobuf-3.1.0/lib/protobuf.dart').
Try correcting the name to the name of an existing method, or defining a method named 'aE'.
    ..aE<$5.AccountShard>(1051, _omitFieldNames ? '' : 'accountShard',
      ^^
lib/generated/spacex_api/device/dish.pb.dart:1304:42: Error: The method '$_setField' isn't defined for the type 'DishGetStatusResponse'.
 - 'DishGetStatusResponse' is from 'package:starlink_isp_app/generated/spacex_api/device/dish.pb.dart' ('lib/generated/spacex_api/device/dish.pb.dart').
Try correcting the name to the name of an existing method, or defining a method named '$_setField'.
  set deviceInfo($0.DeviceInfo value) => $_setField(1, value);
                                         ^^^^^^^^^^
lib/generated/spacex_api/device/dish.pb.dart:1308:29: Error: The method '$_clearField' isn't defined for the type 'DishGetStatusResponse'.
 - 'DishGetStatusResponse' is from 'package:starlink_isp_app/generated/spacex_api/device/dish.pb.dart' ('lib/generated/spacex_api/device/dish.pb.dart').
Try correcting the name to the name of an existing method, or defining a method named '$_clearField'.
  void clearDeviceInfo() => $_clearField(1);
                            ^^^^^^^^^^^^
lib/generated/spacex_api/device/dish.pb.dart:1315:44: Error: The method '$_setField' isn't defined for the type 'DishGetStatusResponse'.
 - 'DishGetStatusResponse' is from 'package:starlink_isp_app/generated/spacex_api/device/dish.pb.dart' ('lib/generated/spacex_api/device/dish.pb.dart').
Try correcting the name to the name of an existing method, or defining a method named '$_setField'.
  set deviceState($0.DeviceState value) => $_setField(2, value);
                                           ^^^^^^^^^^
lib/generated/spacex_api/device/dish.pb.dart:1319:30: Error: The method '$_clearField' isn't defined for the type 'DishGetStatusResponse'.
 - 'DishGetStatusResponse' is from 'package:starlink_isp_app/generated/spacex_api/device/dish.pb.dart' ('lib/generated/spacex_api/device/dish.pb.dart').
Try correcting the name to the name of an existing method, or defining a method named '$_clearField'.
  void clearDeviceState() => $_clearField(2);
                             ^^^^^^^^^^^^
lib/generated/spacex_api/device/dish.pb.dart:1330:45: Error: The method '$_clearField' isn't defined for the type 'DishGetStatusResponse'.
 - 'DishGetStatusResponse' is from 'package:starlink_isp_app/generated/spacex_api/device/dish.pb.dart' ('lib/generated/spacex_api/device/dish.pb.dart').
Try correcting the name to the name of an existing method, or defining a method named '$_clearField'.
  void clearSecondsToFirstNonemptySlot() => $_clearField(1002);
                                            ^^^^^^^^^^^^
lib/generated/spacex_api/device/dish.pb.dart:1339:34: Error: The method '$_clearField' isn't defined for the type 'DishGetStatusResponse'.
 - 'DishGetStatusResponse' is from 'package:starlink_isp_app/generated/spacex_api/device/dish.pb.dart' ('lib/generated/spacex_api/device/dish.pb.dart').
Try correcting the name to the name of an existing method, or defining a method named '$_clearField'.
  void clearPopPingDropRate() => $_clearField(1003);
                                 ^^^^^^^^^^^^
lib/generated/spacex_api/device/dish.pb.dart:1344:55: Error: The method '$_setField' isn't defined for the type 'DishGetStatusResponse'.
 - 'DishGetStatusResponse' is from 'package:starlink_isp_app/generated/spacex_api/device/dish.pb.dart' ('lib/generated/spacex_api/device/dish.pb.dart').
Try correcting the name to the name of an existing method, or defining a method named '$_setField'.
  set obstructionStats(DishObstructionStats value) => $_setField(1004, value);
                                                      ^^^^^^^^^^
lib/generated/spacex_api/device/dish.pb.dart:1348:35: Error: The method '$_clearField' isn't defined for the type 'DishGetStatusResponse'.
 - 'DishGetStatusResponse' is from 'package:starlink_isp_app/generated/spacex_api/device/dish.pb.dart' ('lib/generated/spacex_api/device/dish.pb.dart').
Try correcting the name to the name of an existing method, or defining a method named '$_clearField'.
  void clearObstructionStats() => $_clearField(1004);
                                  ^^^^^^^^^^^^
lib/generated/spacex_api/device/dish.pb.dart:1355:35: Error: The method '$_setField' isn't defined for the type 'DishGetStatusResponse'.
 - 'DishGetStatusResponse' is from 'package:starlink_isp_app/generated/spacex_api/device/dish.pb.dart' ('lib/generated/spacex_api/device/dish.pb.dart').
Try correcting the name to the name of an existing method, or defining a method named '$_setField'.
  set alerts(DishAlerts value) => $_setField(1005, value);
                                  ^^^^^^^^^^
lib/generated/spacex_api/device/dish.pb.dart:1359:25: Error: The method '$_clearField' isn't defined for the type 'DishGetStatusResponse'.
 - 'DishGetStatusResponse' is from 'package:starlink_isp_app/generated/spacex_api/device/dish.pb.dart' ('lib/generated/spacex_api/device/dish.pb.dart').
Try correcting the name to the name of an existing method, or defining a method named '$_clearField'.
  void clearAlerts() => $_clearField(1005);
                        ^^^^^^^^^^^^
lib/generated/spacex_api/device/dish.pb.dart:1370:40: Error: The method '$_clearField' isn't defined for the type 'DishGetStatusResponse'.
 - 'DishGetStatusResponse' is from 'package:starlink_isp_app/generated/spacex_api/device/dish.pb.dart' ('lib/generated/spacex_api/device/dish.pb.dart').
Try correcting the name to the name of an existing method, or defining a method named '$_clearField'.
  void clearDownlinkThroughputBps() => $_clearField(1007);
                                       ^^^^^^^^^^^^
lib/generated/spacex_api/device/dish.pb.dart:1379:38: Error: The method '$_clearField' isn't defined for the type 'DishGetStatusResponse'.
 - 'DishGetStatusResponse' is from 'package:starlink_isp_app/generated/spacex_api/device/dish.pb.dart' ('lib/generated/spacex_api/device/dish.pb.dart').
Try correcting the name to the name of an existing method, or defining a method named '$_clearField'.
  void clearUplinkThroughputBps() => $_clearField(1008);
                                     ^^^^^^^^^^^^
lib/generated/spacex_api/device/dish.pb.dart:1388:35: Error: The method '$_clearField' isn't defined for the type 'DishGetStatusResponse'.
 - 'DishGetStatusResponse' is from 'package:starlink_isp_app/generated/spacex_api/device/dish.pb.dart' ('lib/generated/spacex_api/device/dish.pb.dart').
Try correcting the name to the name of an existing method, or defining a method named '$_clearField'.
  void clearPopPingLatencyMs() => $_clearField(1009);
                                  ^^^^^^^^^^^^
lib/generated/spacex_api/device/dish.pb.dart:1397:32: Error: The method '$_clearField' isn't defined for the type 'DishGetStatusResponse'.
 - 'DishGetStatusResponse' is from 'package:starlink_isp_app/generated/spacex_api/device/dish.pb.dart' ('lib/generated/spacex_api/device/dish.pb.dart').
Try correcting the name to the name of an existing method, or defining a method named '$_clearField'.
  void clearStowRequested() => $_clearField(1010);
                               ^^^^^^^^^^^^
lib/generated/spacex_api/device/dish.pb.dart:1406:38: Error: The method '$_clearField' isn't defined for the type 'DishGetStatusResponse'.
 - 'DishGetStatusResponse' is from 'package:starlink_isp_app/generated/spacex_api/device/dish.pb.dart' ('lib/generated/spacex_api/device/dish.pb.dart').
Try correcting the name to the name of an existing method, or defining a method named '$_clearField'.
  void clearBoresightAzimuthDeg() => $_clearField(1011);
                                     ^^^^^^^^^^^^
lib/generated/spacex_api/device/dish.pb.dart:1415:40: Error: The method '$_clearField' isn't defined for the type 'DishGetStatusResponse'.
 - 'DishGetStatusResponse' is from 'package:starlink_isp_app/generated/spacex_api/device/dish.pb.dart' ('lib/generated/spacex_api/device/dish.pb.dart').
Try correcting the name to the name of an existing method, or defining a method named '$_clearField'.
  void clearBoresightElevationDeg() => $_clearField(1012);
                                       ^^^^^^^^^^^^
lib/generated/spacex_api/device/dish.pb.dart:1420:35: Error: The method '$_setField' isn't defined for the type 'DishGetStatusResponse'.
 - 'DishGetStatusResponse' is from 'package:starlink_isp_app/generated/spacex_api/device/dish.pb.dart' ('lib/generated/spacex_api/device/dish.pb.dart').
Try correcting the name to the name of an existing method, or defining a method named '$_setField'.
  set outage(DishOutage value) => $_setField(1014, value);
                                  ^^^^^^^^^^
lib/generated/spacex_api/device/dish.pb.dart:1424:25: Error: The method '$_clearField' isn't defined for the type 'DishGetStatusResponse'.
 - 'DishGetStatusResponse' is from 'package:starlink_isp_app/generated/spacex_api/device/dish.pb.dart' ('lib/generated/spacex_api/device/dish.pb.dart').
Try correcting the name to the name of an existing method, or defining a method named '$_clearField'.
  void clearOutage() => $_clearField(1014);
                        ^^^^^^^^^^^^
lib/generated/spacex_api/device/dish.pb.dart:1431:39: Error: The method '$_setField' isn't defined for the type 'DishGetStatusResponse'.
 - 'DishGetStatusResponse' is from 'package:starlink_isp_app/generated/spacex_api/device/dish.pb.dart' ('lib/generated/spacex_api/device/dish.pb.dart').
Try correcting the name to the name of an existing method, or defining a method named '$_setField'.
  set gpsStats(DishGpsStats value) => $_setField(1015, value);
                                      ^^^^^^^^^^
lib/generated/spacex_api/device/dish.pb.dart:1435:27: Error: The method '$_clearField' isn't defined for the type 'DishGetStatusResponse'.
 - 'DishGetStatusResponse' is from 'package:starlink_isp_app/generated/spacex_api/device/dish.pb.dart' ('lib/generated/spacex_api/device/dish.pb.dart').
Try correcting the name to the name of an existing method, or defining a method named '$_clearField'.
  void clearGpsStats() => $_clearField(1015);
                          ^^^^^^^^^^^^
lib/generated/spacex_api/device/dish.pb.dart:1446:31: Error: The method '$_clearField' isn't defined for the type 'DishGetStatusResponse'.
 - 'DishGetStatusResponse' is from 'package:starlink_isp_app/generated/spacex_api/device/dish.pb.dart' ('lib/generated/spacex_api/device/dish.pb.dart').
Try correcting the name to the name of an existing method, or defining a method named '$_clearField'.
  void clearEthSpeedMbps() => $_clearField(1016);
                              ^^^^^^^^^^^^
lib/generated/spacex_api/device/dish.pb.dart:1451:49: Error: The method '$_setField' isn't defined for the type 'DishGetStatusResponse'.
 - 'DishGetStatusResponse' is from 'package:starlink_isp_app/generated/spacex_api/device/dish.pb.dart' ('lib/generated/spacex_api/device/dish.pb.dart').
Try correcting the name to the name of an existing method, or defining a method named '$_setField'.
  set mobilityClass(UserMobilityClass value) => $_setField(1017, value);
                                                ^^^^^^^^^^
lib/generated/spacex_api/device/dish.pb.dart:1455:32: Error: The method '$_clearField' isn't defined for the type 'DishGetStatusResponse'.
 - 'DishGetStatusResponse' is from 'package:starlink_isp_app/generated/spacex_api/device/dish.pb.dart' ('lib/generated/spacex_api/device/dish.pb.dart').
Try correcting the name to the name of an existing method, or defining a method named '$_clearField'.
  void clearMobilityClass() => $_clearField(1017);
                               ^^^^^^^^^^^^
lib/generated/spacex_api/device/dish.pb.dart:1464:39: Error: The method '$_clearField' isn't defined for the type 'DishGetStatusResponse'.
 - 'DishGetStatusResponse' is from 'package:starlink_isp_app/generated/spacex_api/device/dish.pb.dart' ('lib/generated/spacex_api/device/dish.pb.dart').
Try correcting the name to the name of an existing method, or defining a method named '$_clearField'.
  void clearIsSnrAboveNoiseFloor() => $_clearField(1018);
                                      ^^^^^^^^^^^^
lib/generated/spacex_api/device/dish.pb.dart:1469:45: Error: The method '$_setField' isn't defined for the type 'DishGetStatusResponse'.
 - 'DishGetStatusResponse' is from 'package:starlink_isp_app/generated/spacex_api/device/dish.pb.dart' ('lib/generated/spacex_api/device/dish.pb.dart').
Try correcting the name to the name of an existing method, or defining a method named '$_setField'.
  set readyStates(DishReadyStates value) => $_setField(1019, value);
                                            ^^^^^^^^^^
lib/generated/spacex_api/device/dish.pb.dart:1473:30: Error: The method '$_clearField' isn't defined for the type 'DishGetStatusResponse'.
 - 'DishGetStatusResponse' is from 'package:starlink_isp_app/generated/spacex_api/device/dish.pb.dart' ('lib/generated/spacex_api/device/dish.pb.dart').
Try correcting the name to the name of an existing method, or defining a method named '$_clearField'.
  void clearReadyStates() => $_clearField(1019);
                             ^^^^^^^^^^^^
lib/generated/spacex_api/device/dish.pb.dart:1480:51: Error: The method '$_setField' isn't defined for the type 'DishGetStatusResponse'.
 - 'DishGetStatusResponse' is from 'package:starlink_isp_app/generated/spacex_api/device/dish.pb.dart' ('lib/generated/spacex_api/device/dish.pb.dart').
Try correcting the name to the name of an existing method, or defining a method named '$_setField'.
  set classOfService(UserClassOfService value) => $_setField(1020, value);
                                                  ^^^^^^^^^^
lib/generated/spacex_api/device/dish.pb.dart:1484:33: Error: The method '$_clearField' isn't defined for the type 'DishGetStatusResponse'.
 - 'DishGetStatusResponse' is from 'package:starlink_isp_app/generated/spacex_api/device/dish.pb.dart' ('lib/generated/spacex_api/device/dish.pb.dart').
Try correcting the name to the name of an existing method, or defining a method named '$_clearField'.
  void clearClassOfService() => $_clearField(1020);
                                ^^^^^^^^^^^^
lib/generated/spacex_api/device/dish.pb.dart:1489:57: Error: The method '$_setField' isn't defined for the type 'DishGetStatusResponse'.
 - 'DishGetStatusResponse' is from 'package:starlink_isp_app/generated/spacex_api/device/dish.pb.dart' ('lib/generated/spacex_api/device/dish.pb.dart').
Try correcting the name to the name of an existing method, or defining a method named '$_setField'.
  set softwareUpdateState(SoftwareUpdateState value) => $_setField(1021, value);
                                                        ^^^^^^^^^^
lib/generated/spacex_api/device/dish.pb.dart:1493:38: Error: The method '$_clearField' isn't defined for the type 'DishGetStatusResponse'.
 - 'DishGetStatusResponse' is from 'package:starlink_isp_app/generated/spacex_api/device/dish.pb.dart' ('lib/generated/spacex_api/device/dish.pb.dart').
Try correcting the name to the name of an existing method, or defining a method named '$_clearField'.
  void clearSoftwareUpdateState() => $_clearField(1021);
                                     ^^^^^^^^^^^^
lib/generated/spacex_api/device/dish.pb.dart:1502:39: Error: The method '$_clearField' isn't defined for the type 'DishGetStatusResponse'.
 - 'DishGetStatusResponse' is from 'package:starlink_isp_app/generated/spacex_api/device/dish.pb.dart' ('lib/generated/spacex_api/device/dish.pb.dart').
Try correcting the name to the name of an existing method, or defining a method named '$_clearField'.
  void clearIsSnrPersistentlyLow() => $_clearField(1022);
                                      ^^^^^^^^^^^^
lib/generated/spacex_api/device/dish.pb.dart:1507:43: Error: The method '$_setField' isn't defined for the type 'DishGetStatusResponse'.
 - 'DishGetStatusResponse' is from 'package:starlink_isp_app/generated/spacex_api/device/dish.pb.dart' ('lib/generated/spacex_api/device/dish.pb.dart').
Try correcting the name to the name of an existing method, or defining a method named '$_setField'.
  set hasActuators(HasActuators value) => $_setField(1023, value);
                                          ^^^^^^^^^^
lib/generated/spacex_api/device/dish.pb.dart:1511:31: Error: The method '$_clearField' isn't defined for the type 'DishGetStatusResponse'.
 - 'DishGetStatusResponse' is from 'package:starlink_isp_app/generated/spacex_api/device/dish.pb.dart' ('lib/generated/spacex_api/device/dish.pb.dart').
Try correcting the name to the name of an existing method, or defining a method named '$_clearField'.
  void clearHasActuators() => $_clearField(1023);
                              ^^^^^^^^^^^^
lib/generated/spacex_api/device/dish.pb.dart:1516:54: Error: The method '$_setField' isn't defined for the type 'DishGetStatusResponse'.
 - 'DishGetStatusResponse' is from 'package:starlink_isp_app/generated/spacex_api/device/dish.pb.dart' ('lib/generated/spacex_api/device/dish.pb.dart').
Try correcting the name to the name of an existing method, or defining a method named '$_setField'.
  set disablementCode($3.UtDisablementCode value) => $_setField(1024, value);
                                                     ^^^^^^^^^^
lib/generated/spacex_api/device/dish.pb.dart:1520:34: Error: The method '$_clearField' isn't defined for the type 'DishGetStatusResponse'.
 - 'DishGetStatusResponse' is from 'package:starlink_isp_app/generated/spacex_api/device/dish.pb.dart' ('lib/generated/spacex_api/device/dish.pb.dart').
Try correcting the name to the name of an existing method, or defining a method named '$_clearField'.
  void clearDisablementCode() => $_clearField(1024);
                                 ^^^^^^^^^^^^
lib/generated/spacex_api/device/dish.pb.dart:1529:32: Error: The method '$_clearField' isn't defined for the type 'DishGetStatusResponse'.
 - 'DishGetStatusResponse' is from 'package:starlink_isp_app/generated/spacex_api/device/dish.pb.dart' ('lib/generated/spacex_api/device/dish.pb.dart').
Try correcting the name to the name of an existing method, or defining a method named '$_clearField'.
  void clearHasSignedCals() => $_clearField(1025);
                               ^^^^^^^^^^^^
lib/generated/spacex_api/device/dish.pb.dart:1534:57: Error: The method '$_setField' isn't defined for the type 'DishGetStatusResponse'.
 - 'DishGetStatusResponse' is from 'package:starlink_isp_app/generated/spacex_api/device/dish.pb.dart' ('lib/generated/spacex_api/device/dish.pb.dart').
Try correcting the name to the name of an existing method, or defining a method named '$_setField'.
  set softwareUpdateStats(SoftwareUpdateStats value) => $_setField(1026, value);
                                                        ^^^^^^^^^^
lib/generated/spacex_api/device/dish.pb.dart:1538:38: Error: The method '$_clearField' isn't defined for the type 'DishGetStatusResponse'.
 - 'DishGetStatusResponse' is from 'package:starlink_isp_app/generated/spacex_api/device/dish.pb.dart' ('lib/generated/spacex_api/device/dish.pb.dart').
Try correcting the name to the name of an existing method, or defining a method named '$_clearField'.
  void clearSoftwareUpdateStats() => $_clearField(1026);
                                     ^^^^^^^^^^^^
lib/generated/spacex_api/device/dish.pb.dart:1545:47: Error: The method '$_setField' isn't defined for the type 'DishGetStatusResponse'.
 - 'DishGetStatusResponse' is from 'package:starlink_isp_app/generated/spacex_api/device/dish.pb.dart' ('lib/generated/spacex_api/device/dish.pb.dart').
Try correcting the name to the name of an existing method, or defining a method named '$_setField'.
  set alignmentStats(AlignmentStats value) => $_setField(1027, value);
                                              ^^^^^^^^^^
lib/generated/spacex_api/device/dish.pb.dart:1549:33: Error: The method '$_clearField' isn't defined for the type 'DishGetStatusResponse'.
 - 'DishGetStatusResponse' is from 'package:starlink_isp_app/generated/spacex_api/device/dish.pb.dart' ('lib/generated/spacex_api/device/dish.pb.dart').
Try correcting the name to the name of an existing method, or defining a method named '$_clearField'.
  void clearAlignmentStats() => $_clearField(1027);
                                ^^^^^^^^^^^^
lib/generated/spacex_api/device/dish.pb.dart:1557:7: Error: The method '$_setField' isn't defined for the type 'DishGetStatusResponse'.
 - 'DishGetStatusResponse' is from 'package:starlink_isp_app/generated/spacex_api/device/dish.pb.dart' ('lib/generated/spacex_api/device/dish.pb.dart').
Try correcting the name to the name of an existing method, or defining a method named '$_setField'.
      $_setField(1028, value);
      ^^^^^^^^^^
lib/generated/spacex_api/device/dish.pb.dart:1561:48: Error: The method '$_clearField' isn't defined for the type 'DishGetStatusResponse'.
 - 'DishGetStatusResponse' is from 'package:starlink_isp_app/generated/spacex_api/device/dish.pb.dart' ('lib/generated/spacex_api/device/dish.pb.dart').
Try correcting the name to the name of an existing method, or defining a method named '$_clearField'.
  void clearInitializationDurationSeconds() => $_clearField(1028);
                                               ^^^^^^^^^^^^
lib/generated/spacex_api/device/dish.pb.dart:1573:33: Error: The method '$_clearField' isn't defined for the type 'DishGetStatusResponse'.
 - 'DishGetStatusResponse' is from 'package:starlink_isp_app/generated/spacex_api/device/dish.pb.dart' ('lib/generated/spacex_api/device/dish.pb.dart').
Try correcting the name to the name of an existing method, or defining a method named '$_clearField'.
  void clearIsCellDisabled() => $_clearField(1029);
                                ^^^^^^^^^^^^
lib/generated/spacex_api/device/dish.pb.dart:1582:38: Error: The method '$_clearField' isn't defined for the type 'DishGetStatusResponse'.
 - 'DishGetStatusResponse' is from 'package:starlink_isp_app/generated/spacex_api/device/dish.pb.dart' ('lib/generated/spacex_api/device/dish.pb.dart').
Try correcting the name to the name of an existing method, or defining a method named '$_clearField'.
  void clearSwupdateRebootReady() => $_clearField(1030);
                                     ^^^^^^^^^^^^
lib/generated/spacex_api/device/dish.pb.dart:1592:53: Error: The method '$_clearField' isn't defined for the type 'DishGetStatusResponse'.
 - 'DishGetStatusResponse' is from 'package:starlink_isp_app/generated/spacex_api/device/dish.pb.dart' ('lib/generated/spacex_api/device/dish.pb.dart').
Try correcting the name to the name of an existing method, or defining a method named '$_clearField'.
  void clearSecondsUntilSwupdateRebootPossible() => $_clearField(1031);
                                                    ^^^^^^^^^^^^
lib/generated/spacex_api/device/dish.pb.dart:1597:43: Error: The method '$_setField' isn't defined for the type 'DishGetStatusResponse'.
 - 'DishGetStatusResponse' is from 'package:starlink_isp_app/generated/spacex_api/device/dish.pb.dart' ('lib/generated/spacex_api/device/dish.pb.dart').
Try correcting the name to the name of an existing method, or defining a method named '$_setField'.
  set rebootReason(RebootReason value) => $_setField(1032, value);
                                          ^^^^^^^^^^
lib/generated/spacex_api/device/dish.pb.dart:1601:31: Error: The method '$_clearField' isn't defined for the type 'DishGetStatusResponse'.
 - 'DishGetStatusResponse' is from 'package:starlink_isp_app/generated/spacex_api/device/dish.pb.dart' ('lib/generated/spacex_api/device/dish.pb.dart').
Try correcting the name to the name of an existing method, or defining a method named '$_clearField'.
  void clearRebootReason() => $_clearField(1032);
                              ^^^^^^^^^^^^
lib/generated/spacex_api/device/dish.pb.dart:1610:36: Error: The method '$_clearField' isn't defined for the type 'DishGetStatusResponse'.
 - 'DishGetStatusResponse' is from 'package:starlink_isp_app/generated/spacex_api/device/dish.pb.dart' ('lib/generated/spacex_api/device/dish.pb.dart').
Try correcting the name to the name of an existing method, or defining a method named '$_clearField'.
  void clearHighPowerTestMode() => $_clearField(1033);
                                   ^^^^^^^^^^^^
lib/generated/spacex_api/device/dish.pb.dart:1613:52: Error: A value of type 'List<dynamic>' can't be returned from a function with return type 'PbList<String>'.
 - 'List' is from 'dart:core'.
 - 'PbList' is from 'package:protobuf/protobuf.dart' ('../../../.pub-cache/hosted/pub.dev/protobuf-3.1.0/lib/protobuf.dart').
  $pb.PbList<$core.String> get connectedRouters => $_getList(32);
                                                   ^
lib/generated/spacex_api/device/dish.pb.dart:1618:35: Error: The method '$_setField' isn't defined for the type 'DishGetStatusResponse'.
 - 'DishGetStatusResponse' is from 'package:starlink_isp_app/generated/spacex_api/device/dish.pb.dart' ('lib/generated/spacex_api/device/dish.pb.dart').
Try correcting the name to the name of an existing method, or defining a method named '$_setField'.
  set plcStats(PLCStats value) => $_setField(1041, value);
                                  ^^^^^^^^^^
lib/generated/spacex_api/device/dish.pb.dart:1622:27: Error: The method '$_clearField' isn't defined for the type 'DishGetStatusResponse'.
 - 'DishGetStatusResponse' is from 'package:starlink_isp_app/generated/spacex_api/device/dish.pb.dart' ('lib/generated/spacex_api/device/dish.pb.dart').
Try correcting the name to the name of an existing method, or defining a method named '$_clearField'.
  void clearPlcStats() => $_clearField(1041);
                          ^^^^^^^^^^^^
lib/generated/spacex_api/device/dish.pb.dart:1633:40: Error: The method '$_clearField' isn't defined for the type 'DishGetStatusResponse'.
 - 'DishGetStatusResponse' is from 'package:starlink_isp_app/generated/spacex_api/device/dish.pb.dart' ('lib/generated/spacex_api/device/dish.pb.dart').
Try correcting the name to the name of an existing method, or defining a method named '$_clearField'.
  void clearIsMovingFastPersisted() => $_clearField(1042);
                                       ^^^^^^^^^^^^
lib/generated/spacex_api/device/dish.pb.dart:1638:41: Error: The method '$_setField' isn't defined for the type 'DishGetStatusResponse'.
 - 'DishGetStatusResponse' is from 'package:starlink_isp_app/generated/spacex_api/device/dish.pb.dart' ('lib/generated/spacex_api/device/dish.pb.dart').
Try correcting the name to the name of an existing method, or defining a method named '$_setField'.
  set upsuStats(DishUpsuStats value) => $_setField(1043, value);
                                        ^^^^^^^^^^
lib/generated/spacex_api/device/dish.pb.dart:1642:28: Error: The method '$_clearField' isn't defined for the type 'DishGetStatusResponse'.
 - 'DishGetStatusResponse' is from 'package:starlink_isp_app/generated/spacex_api/device/dish.pb.dart' ('lib/generated/spacex_api/device/dish.pb.dart').
Try correcting the name to the name of an existing method, or defining a method named '$_clearField'.
  void clearUpsuStats() => $_clearField(1043);
                           ^^^^^^^^^^^^
lib/generated/spacex_api/device/dish.pb.dart:1650:7: Error: The method '$_setField' isn't defined for the type 'DishGetStatusResponse'.
 - 'DishGetStatusResponse' is from 'package:starlink_isp_app/generated/spacex_api/device/dish.pb.dart' ('lib/generated/spacex_api/device/dish.pb.dart').
Try correcting the name to the name of an existing method, or defining a method named '$_setField'.
      $_setField(1044, value);
      ^^^^^^^^^^
lib/generated/spacex_api/device/dish.pb.dart:1654:46: Error: The method '$_clearField' isn't defined for the type 'DishGetStatusResponse'.
 - 'DishGetStatusResponse' is from 'package:starlink_isp_app/generated/spacex_api/device/dish.pb.dart' ('lib/generated/spacex_api/device/dish.pb.dart').
Try correcting the name to the name of an existing method, or defining a method named '$_clearField'.
  void clearDlBandwidthRestrictedReason() => $_clearField(1044);
                                             ^^^^^^^^^^^^
lib/generated/spacex_api/device/dish.pb.dart:1660:7: Error: The method '$_setField' isn't defined for the type 'DishGetStatusResponse'.
 - 'DishGetStatusResponse' is from 'package:starlink_isp_app/generated/spacex_api/device/dish.pb.dart' ('lib/generated/spacex_api/device/dish.pb.dart').
Try correcting the name to the name of an existing method, or defining a method named '$_setField'.
      $_setField(1045, value);
      ^^^^^^^^^^
lib/generated/spacex_api/device/dish.pb.dart:1664:46: Error: The method '$_clearField' isn't defined for the type 'DishGetStatusResponse'.
 - 'DishGetStatusResponse' is from 'package:starlink_isp_app/generated/spacex_api/device/dish.pb.dart' ('lib/generated/spacex_api/device/dish.pb.dart').
Try correcting the name to the name of an existing method, or defining a method named '$_clearField'.
  void clearUlBandwidthRestrictedReason() => $_clearField(1045);
                                             ^^^^^^^^^^^^
lib/generated/spacex_api/device/dish.pb.dart:1669:39: Error: The method '$_setField' isn't defined for the type 'DishGetStatusResponse'.
 - 'DishGetStatusResponse' is from 'package:starlink_isp_app/generated/spacex_api/device/dish.pb.dart' ('lib/generated/spacex_api/device/dish.pb.dart').
Try correcting the name to the name of an existing method, or defining a method named '$_setField'.
  set apsStats(DishApsStats value) => $_setField(1048, value);
                                      ^^^^^^^^^^
lib/generated/spacex_api/device/dish.pb.dart:1673:27: Error: The method '$_clearField' isn't defined for the type 'DishGetStatusResponse'.
 - 'DishGetStatusResponse' is from 'package:starlink_isp_app/generated/spacex_api/device/dish.pb.dart' ('lib/generated/spacex_api/device/dish.pb.dart').
Try correcting the name to the name of an existing method, or defining a method named '$_clearField'.
  void clearApsStats() => $_clearField(1048);
                          ^^^^^^^^^^^^
lib/generated/spacex_api/device/dish.pb.dart:1680:50: Error: The method '$_setField' isn't defined for the type 'DishGetStatusResponse'.
 - 'DishGetStatusResponse' is from 'package:starlink_isp_app/generated/spacex_api/device/dish.pb.dart' ('lib/generated/spacex_api/device/dish.pb.dart').
Try correcting the name to the name of an existing method, or defining a method named '$_setField'.
  set ned2dishQuaternion($0.Quaternion value) => $_setField(1049, value);
                                                 ^^^^^^^^^^
lib/generated/spacex_api/device/dish.pb.dart:1684:37: Error: The method '$_clearField' isn't defined for the type 'DishGetStatusResponse'.
 - 'DishGetStatusResponse' is from 'package:starlink_isp_app/generated/spacex_api/device/dish.pb.dart' ('lib/generated/spacex_api/device/dish.pb.dart').
Try correcting the name to the name of an existing method, or defining a method named '$_clearField'.
  void clearNed2dishQuaternion() => $_clearField(1049);
                                    ^^^^^^^^^^^^
lib/generated/spacex_api/device/dish.pb.dart:1690:32: Error: A value of type 'List<dynamic>' can't be returned from a function with return type 'PbList<DishGetStatusResponse_DownstreamRoutersEntry>'.
 - 'List' is from 'dart:core'.
 - 'PbList' is from 'package:protobuf/protobuf.dart' ('../../../.pub-cache/hosted/pub.dev/protobuf-3.1.0/lib/protobuf.dart').
 - 'DishGetStatusResponse_DownstreamRoutersEntry' is from 'package:starlink_isp_app/generated/spacex_api/device/dish.pb.dart' ('lib/generated/spacex_api/device/dish.pb.dart').
      get downstreamRouters => $_getList(40);
                               ^
lib/generated/spacex_api/device/dish.pb.dart:1695:46: Error: The method '$_setField' isn't defined for the type 'DishGetStatusResponse'.
 - 'DishGetStatusResponse' is from 'package:starlink_isp_app/generated/spacex_api/device/dish.pb.dart' ('lib/generated/spacex_api/device/dish.pb.dart').
Try correcting the name to the name of an existing method, or defining a method named '$_setField'.
  set accountShard($5.AccountShard value) => $_setField(1051, value);
                                             ^^^^^^^^^^
lib/generated/spacex_api/device/dish.pb.dart:1699:31: Error: The method '$_clearField' isn't defined for the type 'DishGetStatusResponse'.
 - 'DishGetStatusResponse' is from 'package:starlink_isp_app/generated/spacex_api/device/dish.pb.dart' ('lib/generated/spacex_api/device/dish.pb.dart').
Try correcting the name to the name of an existing method, or defining a method named '$_clearField'.
  void clearAccountShard() => $_clearField(1051);
                              ^^^^^^^^^^^^
lib/generated/spacex_api/device/dish.pb.dart:1708:26: Error: The method '$_clearField' isn't defined for the type 'DishGetStatusResponse'.
 - 'DishGetStatusResponse' is from 'package:starlink_isp_app/generated/spacex_api/device/dish.pb.dart' ('lib/generated/spacex_api/device/dish.pb.dart').
Try correcting the name to the name of an existing method, or defining a method named '$_clearField'.
  void clearMacFlag() => $_clearField(1052);
                         ^^^^^^^^^^^^
lib/generated/spacex_api/device/dish.pb.dart:1713:38: Error: The method '$_setField' isn't defined for the type 'DishGetStatusResponse'.
 - 'DishGetStatusResponse' is from 'package:starlink_isp_app/generated/spacex_api/device/dish.pb.dart' ('lib/generated/spacex_api/device/dish.pb.dart').
Try correcting the name to the name of an existing method, or defining a method named '$_setField'.
  set config($1.DishConfig value) => $_setField(2000, value);
                                     ^^^^^^^^^^
lib/generated/spacex_api/device/dish.pb.dart:1717:25: Error: The method '$_clearField' isn't defined for the type 'DishGetStatusResponse'.
 - 'DishGetStatusResponse' is from 'package:starlink_isp_app/generated/spacex_api/device/dish.pb.dart' ('lib/generated/spacex_api/device/dish.pb.dart').
Try correcting the name to the name of an existing method, or defining a method named '$_clearField'.
  void clearConfig() => $_clearField(2000);
                        ^^^^^^^^^^^^
lib/generated/spacex_api/device/dish.pb.dart:1797:7: Error: The method 'aI' isn't defined for the type 'BuilderInfo'.
 - 'BuilderInfo' is from 'package:protobuf/protobuf.dart' ('../../../.pub-cache/hosted/pub.dev/protobuf-3.1.0/lib/protobuf.dart').
Try correcting the name to the name of an existing method, or defining a method named 'aI'.
    ..aI(1, _omitFieldNames ? '' : 'numRows', fieldType: $pb.PbFieldType.OU3)
      ^^
lib/generated/spacex_api/device/dish.pb.dart:1798:7: Error: The method 'aI' isn't defined for the type 'BuilderInfo'.
 - 'BuilderInfo' is from 'package:protobuf/protobuf.dart' ('../../../.pub-cache/hosted/pub.dev/protobuf-3.1.0/lib/protobuf.dart').
Try correcting the name to the name of an existing method, or defining a method named 'aI'.
    ..aI(2, _omitFieldNames ? '' : 'numCols', fieldType: $pb.PbFieldType.OU3)
      ^^
lib/generated/spacex_api/device/dish.pb.dart:1800:7: Error: The method 'aD' isn't defined for the type 'BuilderInfo'.
 - 'BuilderInfo' is from 'package:protobuf/protobuf.dart' ('../../../.pub-cache/hosted/pub.dev/protobuf-3.1.0/lib/protobuf.dart').
Try correcting the name to the name of an existing method, or defining a method named 'aD'.
    ..aD(4, _omitFieldNames ? '' : 'minElevationDeg',
      ^^
lib/generated/spacex_api/device/dish.pb.dart:1802:7: Error: The method 'aD' isn't defined for the type 'BuilderInfo'.
 - 'BuilderInfo' is from 'package:protobuf/protobuf.dart' ('../../../.pub-cache/hosted/pub.dev/protobuf-3.1.0/lib/protobuf.dart').
Try correcting the name to the name of an existing method, or defining a method named 'aD'.
    ..aD(5, _omitFieldNames ? '' : 'maxThetaDeg', fieldType: $pb.PbFieldType.OF)
      ^^
lib/generated/spacex_api/device/dish.pb.dart:1803:7: Error: The method 'aE' isn't defined for the type 'BuilderInfo'.
 - 'BuilderInfo' is from 'package:protobuf/protobuf.dart' ('../../../.pub-cache/hosted/pub.dev/protobuf-3.1.0/lib/protobuf.dart').
Try correcting the name to the name of an existing method, or defining a method named 'aE'.
    ..aE<ObstructionMapReferenceFrame>(
      ^^
lib/generated/spacex_api/device/dish.pb.dart:1837:26: Error: The method '$_clearField' isn't defined for the type 'DishGetObstructionMapResponse'.
 - 'DishGetObstructionMapResponse' is from 'package:starlink_isp_app/generated/spacex_api/device/dish.pb.dart' ('lib/generated/spacex_api/device/dish.pb.dart').
Try correcting the name to the name of an existing method, or defining a method named '$_clearField'.
  void clearNumRows() => $_clearField(1);
                         ^^^^^^^^^^^^
lib/generated/spacex_api/device/dish.pb.dart:1846:26: Error: The method '$_clearField' isn't defined for the type 'DishGetObstructionMapResponse'.
 - 'DishGetObstructionMapResponse' is from 'package:starlink_isp_app/generated/spacex_api/device/dish.pb.dart' ('lib/generated/spacex_api/device/dish.pb.dart').
Try correcting the name to the name of an existing method, or defining a method named '$_clearField'.
  void clearNumCols() => $_clearField(2);
                         ^^^^^^^^^^^^
lib/generated/spacex_api/device/dish.pb.dart:1849:39: Error: A value of type 'List<dynamic>' can't be returned from a function with return type 'PbList<double>'.
 - 'List' is from 'dart:core'.
 - 'PbList' is from 'package:protobuf/protobuf.dart' ('../../../.pub-cache/hosted/pub.dev/protobuf-3.1.0/lib/protobuf.dart').
  $pb.PbList<$core.double> get snr => $_getList(2);
                                      ^
lib/generated/spacex_api/device/dish.pb.dart:1858:34: Error: The method '$_clearField' isn't defined for the type 'DishGetObstructionMapResponse'.
 - 'DishGetObstructionMapResponse' is from 'package:starlink_isp_app/generated/spacex_api/device/dish.pb.dart' ('lib/generated/spacex_api/device/dish.pb.dart').
Try correcting the name to the name of an existing method, or defining a method named '$_clearField'.
  void clearMinElevationDeg() => $_clearField(4);
                                 ^^^^^^^^^^^^
lib/generated/spacex_api/device/dish.pb.dart:1867:30: Error: The method '$_clearField' isn't defined for the type 'DishGetObstructionMapResponse'.
 - 'DishGetObstructionMapResponse' is from 'package:starlink_isp_app/generated/spacex_api/device/dish.pb.dart' ('lib/generated/spacex_api/device/dish.pb.dart').
Try correcting the name to the name of an existing method, or defining a method named '$_clearField'.
  void clearMaxThetaDeg() => $_clearField(5);
                             ^^^^^^^^^^^^
lib/generated/spacex_api/device/dish.pb.dart:1873:7: Error: The method '$_setField' isn't defined for the type 'DishGetObstructionMapResponse'.
 - 'DishGetObstructionMapResponse' is from 'package:starlink_isp_app/generated/spacex_api/device/dish.pb.dart' ('lib/generated/spacex_api/device/dish.pb.dart').
Try correcting the name to the name of an existing method, or defining a method named '$_setField'.
      $_setField(6, value);
      ^^^^^^^^^^
lib/generated/spacex_api/device/dish.pb.dart:1877:36: Error: The method '$_clearField' isn't defined for the type 'DishGetObstructionMapResponse'.
 - 'DishGetObstructionMapResponse' is from 'package:starlink_isp_app/generated/spacex_api/device/dish.pb.dart' ('lib/generated/spacex_api/device/dish.pb.dart').
Try correcting the name to the name of an existing method, or defining a method named '$_clearField'.
  void clearMapReferenceFrame() => $_clearField(6);
                                   ^^^^^^^^^^^^
lib/generated/spacex_api/device/dish.pb.dart:1998:30: Error: The method '$_clearField' isn't defined for the type 'DishAlerts'.
 - 'DishAlerts' is from 'package:starlink_isp_app/generated/spacex_api/device/dish.pb.dart' ('lib/generated/spacex_api/device/dish.pb.dart').
Try correcting the name to the name of an existing method, or defining a method named '$_clearField'.
  void clearMotorsStuck() => $_clearField(1);
                             ^^^^^^^^^^^^
lib/generated/spacex_api/device/dish.pb.dart:2007:34: Error: The method '$_clearField' isn't defined for the type 'DishAlerts'.
 - 'DishAlerts' is from 'package:starlink_isp_app/generated/spacex_api/device/dish.pb.dart' ('lib/generated/spacex_api/device/dish.pb.dart').
Try correcting the name to the name of an existing method, or defining a method named '$_clearField'.
  void clearThermalShutdown() => $_clearField(2);
                                 ^^^^^^^^^^^^
lib/generated/spacex_api/device/dish.pb.dart:2016:34: Error: The method '$_clearField' isn't defined for the type 'DishAlerts'.
 - 'DishAlerts' is from 'package:starlink_isp_app/generated/spacex_api/device/dish.pb.dart' ('lib/generated/spacex_api/device/dish.pb.dart').
Try correcting the name to the name of an existing method, or defining a method named '$_clearField'.
  void clearThermalThrottle() => $_clearField(3);
                                 ^^^^^^^^^^^^
lib/generated/spacex_api/device/dish.pb.dart:2025:37: Error: The method '$_clearField' isn't defined for the type 'DishAlerts'.
 - 'DishAlerts' is from 'package:starlink_isp_app/generated/spacex_api/device/dish.pb.dart' ('lib/generated/spacex_api/device/dish.pb.dart').
Try correcting the name to the name of an existing method, or defining a method named '$_clearField'.
  void clearUnexpectedLocation() => $_clearField(4);
                                    ^^^^^^^^^^^^
lib/generated/spacex_api/device/dish.pb.dart:2034:38: Error: The method '$_clearField' isn't defined for the type 'DishAlerts'.
 - 'DishAlerts' is from 'package:starlink_isp_app/generated/spacex_api/device/dish.pb.dart' ('lib/generated/spacex_api/device/dish.pb.dart').
Try correcting the name to the name of an existing method, or defining a method named '$_clearField'.
  void clearMastNotNearVertical() => $_clearField(5);
                                     ^^^^^^^^^^^^
lib/generated/spacex_api/device/dish.pb.dart:2043:37: Error: The method '$_clearField' isn't defined for the type 'DishAlerts'.
 - 'DishAlerts' is from 'package:starlink_isp_app/generated/spacex_api/device/dish.pb.dart' ('lib/generated/spacex_api/device/dish.pb.dart').
Try correcting the name to the name of an existing method, or defining a method named '$_clearField'.
  void clearSlowEthernetSpeeds() => $_clearField(6);
                                    ^^^^^^^^^^^^
lib/generated/spacex_api/device/dish.pb.dart:2052:26: Error: The method '$_clearField' isn't defined for the type 'DishAlerts'.
 - 'DishAlerts' is from 'package:starlink_isp_app/generated/spacex_api/device/dish.pb.dart' ('lib/generated/spacex_api/device/dish.pb.dart').
Try correcting the name to the name of an existing method, or defining a method named '$_clearField'.
  void clearRoaming() => $_clearField(7);
                         ^^^^^^^^^^^^
lib/generated/spacex_api/device/dish.pb.dart:2061:33: Error: The method '$_clearField' isn't defined for the type 'DishAlerts'.
 - 'DishAlerts' is from 'package:starlink_isp_app/generated/spacex_api/device/dish.pb.dart' ('lib/generated/spacex_api/device/dish.pb.dart').
Try correcting the name to the name of an existing method, or defining a method named '$_clearField'.
  void clearInstallPending() => $_clearField(8);
                                ^^^^^^^^^^^^
lib/generated/spacex_api/device/dish.pb.dart:2070:28: Error: The method '$_clearField' isn't defined for the type 'DishAlerts'.
 - 'DishAlerts' is from 'package:starlink_isp_app/generated/spacex_api/device/dish.pb.dart' ('lib/generated/spacex_api/device/dish.pb.dart').
Try correcting the name to the name of an existing method, or defining a method named '$_clearField'.
  void clearIsHeating() => $_clearField(9);
                           ^^^^^^^^^^^^
lib/generated/spacex_api/device/dish.pb.dart:2079:45: Error: The method '$_clearField' isn't defined for the type 'DishAlerts'.
 - 'DishAlerts' is from 'package:starlink_isp_app/generated/spacex_api/device/dish.pb.dart' ('lib/generated/spacex_api/device/dish.pb.dart').
Try correcting the name to the name of an existing method, or defining a method named '$_clearField'.
  void clearPowerSupplyThermalThrottle() => $_clearField(10);
                                            ^^^^^^^^^^^^
lib/generated/spacex_api/device/dish.pb.dart:2088:34: Error: The method '$_clearField' isn't defined for the type 'DishAlerts'.
 - 'DishAlerts' is from 'package:starlink_isp_app/generated/spacex_api/device/dish.pb.dart' ('lib/generated/spacex_api/device/dish.pb.dart').
Try correcting the name to the name of an existing method, or defining a method named '$_clearField'.
  void clearIsPowerSaveIdle() => $_clearField(11);
                                 ^^^^^^^^^^^^
lib/generated/spacex_api/device/dish.pb.dart:2097:32: Error: The method '$_clearField' isn't defined for the type 'DishAlerts'.
 - 'DishAlerts' is from 'package:starlink_isp_app/generated/spacex_api/device/dish.pb.dart' ('lib/generated/spacex_api/device/dish.pb.dart').
Try correcting the name to the name of an existing method, or defining a method named '$_clearField'.
  void clearDbfTelemStale() => $_clearField(14);
                               ^^^^^^^^^^^^
lib/generated/spacex_api/device/dish.pb.dart:2106:34: Error: The method '$_clearField' isn't defined for the type 'DishAlerts'.
 - 'DishAlerts' is from 'package:starlink_isp_app/generated/spacex_api/device/dish.pb.dart' ('lib/generated/spacex_api/device/dish.pb.dart').
Try correcting the name to the name of an existing method, or defining a method named '$_clearField'.
  void clearLowMotorCurrent() => $_clearField(16);
                                 ^^^^^^^^^^^^
lib/generated/spacex_api/device/dish.pb.dart:2115:43: Error: The method '$_clearField' isn't defined for the type 'DishAlerts'.
 - 'DishAlerts' is from 'package:starlink_isp_app/generated/spacex_api/device/dish.pb.dart' ('lib/generated/spacex_api/device/dish.pb.dart').
Try correcting the name to the name of an existing method, or defining a method named '$_clearField'.
  void clearLowerSignalThanPredicted() => $_clearField(17);
                                          ^^^^^^^^^^^^
lib/generated/spacex_api/device/dish.pb.dart:2124:40: Error: The method '$_clearField' isn't defined for the type 'DishAlerts'.
 - 'DishAlerts' is from 'package:starlink_isp_app/generated/spacex_api/device/dish.pb.dart' ('lib/generated/spacex_api/device/dish.pb.dart').
Try correcting the name to the name of an existing method, or defining a method named '$_clearField'.
  void clearSlowEthernetSpeeds100() => $_clearField(18);
                                       ^^^^^^^^^^^^
lib/generated/spacex_api/device/dish.pb.dart:2133:38: Error: The method '$_clearField' isn't defined for the type 'DishAlerts'.
 - 'DishAlerts' is from 'package:starlink_isp_app/generated/spacex_api/device/dish.pb.dart' ('lib/generated/spacex_api/device/dish.pb.dart').
Try correcting the name to the name of an existing method, or defining a method named '$_clearField'.
  void clearObstructionMapReset() => $_clearField(19);
                                     ^^^^^^^^^^^^
lib/generated/spacex_api/device/dish.pb.dart:2142:36: Error: The method '$_clearField' isn't defined for the type 'DishAlerts'.
 - 'DishAlerts' is from 'package:starlink_isp_app/generated/spacex_api/device/dish.pb.dart' ('lib/generated/spacex_api/device/dish.pb.dart').
Try correcting the name to the name of an existing method, or defining a method named '$_clearField'.
  void clearDishWaterDetected() => $_clearField(20);
                                   ^^^^^^^^^^^^
lib/generated/spacex_api/device/dish.pb.dart:2151:38: Error: The method '$_clearField' isn't defined for the type 'DishAlerts'.
 - 'DishAlerts' is from 'package:starlink_isp_app/generated/spacex_api/device/dish.pb.dart' ('lib/generated/spacex_api/device/dish.pb.dart').
Try correcting the name to the name of an existing method, or defining a method named '$_clearField'.
  void clearRouterWaterDetected() => $_clearField(21);
                                     ^^^^^^^^^^^^
lib/generated/spacex_api/device/dish.pb.dart:2160:37: Error: The method '$_clearField' isn't defined for the type 'DishAlerts'.
 - 'DishAlerts' is from 'package:starlink_isp_app/generated/spacex_api/device/dish.pb.dart' ('lib/generated/spacex_api/device/dish.pb.dart').
Try correcting the name to the name of an existing method, or defining a method named '$_clearField'.
  void clearUpsuRouterPortSlow() => $_clearField(22);
                                    ^^^^^^^^^^^^
lib/generated/spacex_api/device/dish.pb.dart:2169:33: Error: The method '$_clearField' isn't defined for the type 'DishAlerts'.
 - 'DishAlerts' is from 'package:starlink_isp_app/generated/spacex_api/device/dish.pb.dart' ('lib/generated/spacex_api/device/dish.pb.dart').
Try correcting the name to the name of an existing method, or defining a method named '$_clearField'.
  void clearNoEthernetLink() => $_clearField(23);
                                ^^^^^^^^^^^^
lib/generated/spacex_api/device/dish.pb.dart:2239:23: Error: The method '$_clearField' isn't defined for the type 'DishReadyStates'.
 - 'DishReadyStates' is from 'package:starlink_isp_app/generated/spacex_api/device/dish.pb.dart' ('lib/generated/spacex_api/device/dish.pb.dart').
Try correcting the name to the name of an existing method, or defining a method named '$_clearField'.
  void clearCady() => $_clearField(1);
                      ^^^^^^^^^^^^
lib/generated/spacex_api/device/dish.pb.dart:2248:22: Error: The method '$_clearField' isn't defined for the type 'DishReadyStates'.
 - 'DishReadyStates' is from 'package:starlink_isp_app/generated/spacex_api/device/dish.pb.dart' ('lib/generated/spacex_api/device/dish.pb.dart').
Try correcting the name to the name of an existing method, or defining a method named '$_clearField'.
  void clearScp() => $_clearField(2);
                     ^^^^^^^^^^^^
lib/generated/spacex_api/device/dish.pb.dart:2257:23: Error: The method '$_clearField' isn't defined for the type 'DishReadyStates'.
 - 'DishReadyStates' is from 'package:starlink_isp_app/generated/spacex_api/device/dish.pb.dart' ('lib/generated/spacex_api/device/dish.pb.dart').
Try correcting the name to the name of an existing method, or defining a method named '$_clearField'.
  void clearL1l2() => $_clearField(3);
                      ^^^^^^^^^^^^
lib/generated/spacex_api/device/dish.pb.dart:2266:23: Error: The method '$_clearField' isn't defined for the type 'DishReadyStates'.
 - 'DishReadyStates' is from 'package:starlink_isp_app/generated/spacex_api/device/dish.pb.dart' ('lib/generated/spacex_api/device/dish.pb.dart').
Try correcting the name to the name of an existing method, or defining a method named '$_clearField'.
  void clearXphy() => $_clearField(4);
                      ^^^^^^^^^^^^
lib/generated/spacex_api/device/dish.pb.dart:2275:22: Error: The method '$_clearField' isn't defined for the type 'DishReadyStates'.
 - 'DishReadyStates' is from 'package:starlink_isp_app/generated/spacex_api/device/dish.pb.dart' ('lib/generated/spacex_api/device/dish.pb.dart').
Try correcting the name to the name of an existing method, or defining a method named '$_clearField'.
  void clearAap() => $_clearField(5);
                     ^^^^^^^^^^^^
lib/generated/spacex_api/device/dish.pb.dart:2284:21: Error: The method '$_clearField' isn't defined for the type 'DishReadyStates'.
 - 'DishReadyStates' is from 'package:starlink_isp_app/generated/spacex_api/device/dish.pb.dart' ('lib/generated/spacex_api/device/dish.pb.dart').
Try correcting the name to the name of an existing method, or defining a method named '$_clearField'.
  void clearRf() => $_clearField(6);
                    ^^^^^^^^^^^^
lib/generated/spacex_api/device/dish.pb.dart:2317:7: Error: The method 'aI' isn't defined for the type 'BuilderInfo'.
 - 'BuilderInfo' is from 'package:protobuf/protobuf.dart' ('../../../.pub-cache/hosted/pub.dev/protobuf-3.1.0/lib/protobuf.dart').
Try correcting the name to the name of an existing method, or defining a method named 'aI'.
    ..aI(2, _omitFieldNames ? '' : 'gpsSats', fieldType: $pb.PbFieldType.OU3)
      ^^
lib/generated/spacex_api/device/dish.pb.dart:2348:27: Error: The method '$_clearField' isn't defined for the type 'DishGpsStats'.
 - 'DishGpsStats' is from 'package:starlink_isp_app/generated/spacex_api/device/dish.pb.dart' ('lib/generated/spacex_api/device/dish.pb.dart').
Try correcting the name to the name of an existing method, or defining a method named '$_clearField'.
  void clearGpsValid() => $_clearField(1);
                          ^^^^^^^^^^^^
lib/generated/spacex_api/device/dish.pb.dart:2357:26: Error: The method '$_clearField' isn't defined for the type 'DishGpsStats'.
 - 'DishGpsStats' is from 'package:starlink_isp_app/generated/spacex_api/device/dish.pb.dart' ('lib/generated/spacex_api/device/dish.pb.dart').
Try correcting the name to the name of an existing method, or defining a method named '$_clearField'.
  void clearGpsSats() => $_clearField(2);
                         ^^^^^^^^^^^^
lib/generated/spacex_api/device/dish.pb.dart:2366:34: Error: The method '$_clearField' isn't defined for the type 'DishGpsStats'.
 - 'DishGpsStats' is from 'package:starlink_isp_app/generated/spacex_api/device/dish.pb.dart' ('lib/generated/spacex_api/device/dish.pb.dart').
Try correcting the name to the name of an existing method, or defining a method named '$_clearField'.
  void clearNoSatsAfterTtff() => $_clearField(3);
                                 ^^^^^^^^^^^^
lib/generated/spacex_api/device/dish.pb.dart:2375:29: Error: The method '$_clearField' isn't defined for the type 'DishGpsStats'.
 - 'DishGpsStats' is from 'package:starlink_isp_app/generated/spacex_api/device/dish.pb.dart' ('lib/generated/spacex_api/device/dish.pb.dart').
Try correcting the name to the name of an existing method, or defining a method named '$_clearField'.
  void clearInhibitGps() => $_clearField(4);
                            ^^^^^^^^^^^^
lib/generated/spacex_api/device/dish.pb.dart:2411:7: Error: The method 'aE' isn't defined for the type 'BuilderInfo'.
 - 'BuilderInfo' is from 'package:protobuf/protobuf.dart' ('../../../.pub-cache/hosted/pub.dev/protobuf-3.1.0/lib/protobuf.dart').
Try correcting the name to the name of an existing method, or defining a method named 'aE'.
    ..aE<SoftwareUpdateState>(1, _omitFieldNames ? '' : 'softwareUpdateState',
      ^^
lib/generated/spacex_api/device/dish.pb.dart:2413:7: Error: The method 'aD' isn't defined for the type 'BuilderInfo'.
 - 'BuilderInfo' is from 'package:protobuf/protobuf.dart' ('../../../.pub-cache/hosted/pub.dev/protobuf-3.1.0/lib/protobuf.dart').
Try correcting the name to the name of an existing method, or defining a method named 'aD'.
    ..aD(2, _omitFieldNames ? '' : 'softwareUpdateProgress',
      ^^
lib/generated/spacex_api/device/dish.pb.dart:2441:57: Error: The method '$_setField' isn't defined for the type 'SoftwareUpdateStats'.
 - 'SoftwareUpdateStats' is from 'package:starlink_isp_app/generated/spacex_api/device/dish.pb.dart' ('lib/generated/spacex_api/device/dish.pb.dart').
Try correcting the name to the name of an existing method, or defining a method named '$_setField'.
  set softwareUpdateState(SoftwareUpdateState value) => $_setField(1, value);
                                                        ^^^^^^^^^^
lib/generated/spacex_api/device/dish.pb.dart:2445:38: Error: The method '$_clearField' isn't defined for the type 'SoftwareUpdateStats'.
 - 'SoftwareUpdateStats' is from 'package:starlink_isp_app/generated/spacex_api/device/dish.pb.dart' ('lib/generated/spacex_api/device/dish.pb.dart').
Try correcting the name to the name of an existing method, or defining a method named '$_clearField'.
  void clearSoftwareUpdateState() => $_clearField(1);
                                     ^^^^^^^^^^^^
lib/generated/spacex_api/device/dish.pb.dart:2454:41: Error: The method '$_clearField' isn't defined for the type 'SoftwareUpdateStats'.
 - 'SoftwareUpdateStats' is from 'package:starlink_isp_app/generated/spacex_api/device/dish.pb.dart' ('lib/generated/spacex_api/device/dish.pb.dart').
Try correcting the name to the name of an existing method, or defining a method named '$_clearField'.
  void clearSoftwareUpdateProgress() => $_clearField(2);
                                        ^^^^^^^^^^^^
lib/generated/spacex_api/device/dish.pb.dart:2463:39: Error: The method '$_clearField' isn't defined for the type 'SoftwareUpdateStats'.
 - 'SoftwareUpdateStats' is from 'package:starlink_isp_app/generated/spacex_api/device/dish.pb.dart' ('lib/generated/spacex_api/device/dish.pb.dart').
Try correcting the name to the name of an existing method, or defining a method named '$_clearField'.
  void clearUpdateRequiresReboot() => $_clearField(3);
                                      ^^^^^^^^^^^^
lib/generated/spacex_api/device/dish.pb.dart:2472:41: Error: The method '$_clearField' isn't defined for the type 'SoftwareUpdateStats'.
 - 'SoftwareUpdateStats' is from 'package:starlink_isp_app/generated/spacex_api/device/dish.pb.dart' ('lib/generated/spacex_api/device/dish.pb.dart').
Try correcting the name to the name of an existing method, or defining a method named '$_clearField'.
  void clearRebootScheduledUtcTime() => $_clearField(4);
                                        ^^^^^^^^^^^^
lib/generated/spacex_api/device/dish.pb.dart:2520:7: Error: The method 'aE' isn't defined for the type 'BuilderInfo'.
 - 'BuilderInfo' is from 'package:protobuf/protobuf.dart' ('../../../.pub-cache/hosted/pub.dev/protobuf-3.1.0/lib/protobuf.dart').
Try correcting the name to the name of an existing method, or defining a method named 'aE'.
    ..aE<HasActuators>(1, _omitFieldNames ? '' : 'hasActuators',
      ^^
lib/generated/spacex_api/device/dish.pb.dart:2522:7: Error: The method 'aE' isn't defined for the type 'BuilderInfo'.
 - 'BuilderInfo' is from 'package:protobuf/protobuf.dart' ('../../../.pub-cache/hosted/pub.dev/protobuf-3.1.0/lib/protobuf.dart').
Try correcting the name to the name of an existing method, or defining a method named 'aE'.
    ..aE<ActuatorState>(2, _omitFieldNames ? '' : 'actuatorState',
      ^^
lib/generated/spacex_api/device/dish.pb.dart:2524:7: Error: The method 'aD' isn't defined for the type 'BuilderInfo'.
 - 'BuilderInfo' is from 'package:protobuf/protobuf.dart' ('../../../.pub-cache/hosted/pub.dev/protobuf-3.1.0/lib/protobuf.dart').
Try correcting the name to the name of an existing method, or defining a method named 'aD'.
    ..aD(3, _omitFieldNames ? '' : 'tiltAngleDeg',
      ^^
lib/generated/spacex_api/device/dish.pb.dart:2526:7: Error: The method 'aD' isn't defined for the type 'BuilderInfo'.
 - 'BuilderInfo' is from 'package:protobuf/protobuf.dart' ('../../../.pub-cache/hosted/pub.dev/protobuf-3.1.0/lib/protobuf.dart').
Try correcting the name to the name of an existing method, or defining a method named 'aD'.
    ..aD(4, _omitFieldNames ? '' : 'boresightAzimuthDeg',
      ^^
lib/generated/spacex_api/device/dish.pb.dart:2528:7: Error: The method 'aD' isn't defined for the type 'BuilderInfo'.
 - 'BuilderInfo' is from 'package:protobuf/protobuf.dart' ('../../../.pub-cache/hosted/pub.dev/protobuf-3.1.0/lib/protobuf.dart').
Try correcting the name to the name of an existing method, or defining a method named 'aD'.
    ..aD(5, _omitFieldNames ? '' : 'boresightElevationDeg',
      ^^
lib/generated/spacex_api/device/dish.pb.dart:2530:7: Error: The method 'aE' isn't defined for the type 'BuilderInfo'.
 - 'BuilderInfo' is from 'package:protobuf/protobuf.dart' ('../../../.pub-cache/hosted/pub.dev/protobuf-3.1.0/lib/protobuf.dart').
Try correcting the name to the name of an existing method, or defining a method named 'aE'.
    ..aE<AttitudeEstimationState>(
      ^^
lib/generated/spacex_api/device/dish.pb.dart:2533:7: Error: The method 'aD' isn't defined for the type 'BuilderInfo'.
 - 'BuilderInfo' is from 'package:protobuf/protobuf.dart' ('../../../.pub-cache/hosted/pub.dev/protobuf-3.1.0/lib/protobuf.dart').
Try correcting the name to the name of an existing method, or defining a method named 'aD'.
    ..aD(7, _omitFieldNames ? '' : 'attitudeUncertaintyDeg',
      ^^
lib/generated/spacex_api/device/dish.pb.dart:2535:7: Error: The method 'aD' isn't defined for the type 'BuilderInfo'.
 - 'BuilderInfo' is from 'package:protobuf/protobuf.dart' ('../../../.pub-cache/hosted/pub.dev/protobuf-3.1.0/lib/protobuf.dart').
Try correcting the name to the name of an existing method, or defining a method named 'aD'.
    ..aD(8, _omitFieldNames ? '' : 'desiredBoresightAzimuthDeg',
      ^^
lib/generated/spacex_api/device/dish.pb.dart:2537:7: Error: The method 'aD' isn't defined for the type 'BuilderInfo'.
 - 'BuilderInfo' is from 'package:protobuf/protobuf.dart' ('../../../.pub-cache/hosted/pub.dev/protobuf-3.1.0/lib/protobuf.dart').
Try correcting the name to the name of an existing method, or defining a method named 'aD'.
    ..aD(9, _omitFieldNames ? '' : 'desiredBoresightElevationDeg',
      ^^
lib/generated/spacex_api/device/dish.pb.dart:2563:43: Error: The method '$_setField' isn't defined for the type 'AlignmentStats'.
 - 'AlignmentStats' is from 'package:starlink_isp_app/generated/spacex_api/device/dish.pb.dart' ('lib/generated/spacex_api/device/dish.pb.dart').
Try correcting the name to the name of an existing method, or defining a method named '$_setField'.
  set hasActuators(HasActuators value) => $_setField(1, value);
                                          ^^^^^^^^^^
lib/generated/spacex_api/device/dish.pb.dart:2567:31: Error: The method '$_clearField' isn't defined for the type 'AlignmentStats'.
 - 'AlignmentStats' is from 'package:starlink_isp_app/generated/spacex_api/device/dish.pb.dart' ('lib/generated/spacex_api/device/dish.pb.dart').
Try correcting the name to the name of an existing method, or defining a method named '$_clearField'.
  void clearHasActuators() => $_clearField(1);
                              ^^^^^^^^^^^^
lib/generated/spacex_api/device/dish.pb.dart:2572:45: Error: The method '$_setField' isn't defined for the type 'AlignmentStats'.
 - 'AlignmentStats' is from 'package:starlink_isp_app/generated/spacex_api/device/dish.pb.dart' ('lib/generated/spacex_api/device/dish.pb.dart').
Try correcting the name to the name of an existing method, or defining a method named '$_setField'.
  set actuatorState(ActuatorState value) => $_setField(2, value);
                                            ^^^^^^^^^^
lib/generated/spacex_api/device/dish.pb.dart:2576:32: Error: The method '$_clearField' isn't defined for the type 'AlignmentStats'.
 - 'AlignmentStats' is from 'package:starlink_isp_app/generated/spacex_api/device/dish.pb.dart' ('lib/generated/spacex_api/device/dish.pb.dart').
Try correcting the name to the name of an existing method, or defining a method named '$_clearField'.
  void clearActuatorState() => $_clearField(2);
                               ^^^^^^^^^^^^
lib/generated/spacex_api/device/dish.pb.dart:2585:31: Error: The method '$_clearField' isn't defined for the type 'AlignmentStats'.
 - 'AlignmentStats' is from 'package:starlink_isp_app/generated/spacex_api/device/dish.pb.dart' ('lib/generated/spacex_api/device/dish.pb.dart').
Try correcting the name to the name of an existing method, or defining a method named '$_clearField'.
  void clearTiltAngleDeg() => $_clearField(3);
                              ^^^^^^^^^^^^
lib/generated/spacex_api/device/dish.pb.dart:2594:38: Error: The method '$_clearField' isn't defined for the type 'AlignmentStats'.
 - 'AlignmentStats' is from 'package:starlink_isp_app/generated/spacex_api/device/dish.pb.dart' ('lib/generated/spacex_api/device/dish.pb.dart').
Try correcting the name to the name of an existing method, or defining a method named '$_clearField'.
  void clearBoresightAzimuthDeg() => $_clearField(4);
                                     ^^^^^^^^^^^^
lib/generated/spacex_api/device/dish.pb.dart:2603:40: Error: The method '$_clearField' isn't defined for the type 'AlignmentStats'.
 - 'AlignmentStats' is from 'package:starlink_isp_app/generated/spacex_api/device/dish.pb.dart' ('lib/generated/spacex_api/device/dish.pb.dart').
Try correcting the name to the name of an existing method, or defining a method named '$_clearField'.
  void clearBoresightElevationDeg() => $_clearField(5);
                                       ^^^^^^^^^^^^
lib/generated/spacex_api/device/dish.pb.dart:2609:7: Error: The method '$_setField' isn't defined for the type 'AlignmentStats'.
 - 'AlignmentStats' is from 'package:starlink_isp_app/generated/spacex_api/device/dish.pb.dart' ('lib/generated/spacex_api/device/dish.pb.dart').
Try correcting the name to the name of an existing method, or defining a method named '$_setField'.
      $_setField(6, value);
      ^^^^^^^^^^
lib/generated/spacex_api/device/dish.pb.dart:2613:42: Error: The method '$_clearField' isn't defined for the type 'AlignmentStats'.
 - 'AlignmentStats' is from 'package:starlink_isp_app/generated/spacex_api/device/dish.pb.dart' ('lib/generated/spacex_api/device/dish.pb.dart').
Try correcting the name to the name of an existing method, or defining a method named '$_clearField'.
  void clearAttitudeEstimationState() => $_clearField(6);
                                         ^^^^^^^^^^^^
lib/generated/spacex_api/device/dish.pb.dart:2622:41: Error: The method '$_clearField' isn't defined for the type 'AlignmentStats'.
 - 'AlignmentStats' is from 'package:starlink_isp_app/generated/spacex_api/device/dish.pb.dart' ('lib/generated/spacex_api/device/dish.pb.dart').
Try correcting the name to the name of an existing method, or defining a method named '$_clearField'.
  void clearAttitudeUncertaintyDeg() => $_clearField(7);
                                        ^^^^^^^^^^^^
lib/generated/spacex_api/device/dish.pb.dart:2631:45: Error: The method '$_clearField' isn't defined for the type 'AlignmentStats'.
 - 'AlignmentStats' is from 'package:starlink_isp_app/generated/spacex_api/device/dish.pb.dart' ('lib/generated/spacex_api/device/dish.pb.dart').
Try correcting the name to the name of an existing method, or defining a method named '$_clearField'.
  void clearDesiredBoresightAzimuthDeg() => $_clearField(8);
                                            ^^^^^^^^^^^^
lib/generated/spacex_api/device/dish.pb.dart:2640:47: Error: The method '$_clearField' isn't defined for the type 'AlignmentStats'.
 - 'AlignmentStats' is from 'package:starlink_isp_app/generated/spacex_api/device/dish.pb.dart' ('lib/generated/spacex_api/device/dish.pb.dart').
Try correcting the name to the name of an existing method, or defining a method named '$_clearField'.
  void clearDesiredBoresightElevationDeg() => $_clearField(9);
                                              ^^^^^^^^^^^^
lib/generated/spacex_api/device/dish.pb.dart:2687:7: Error: The method 'aD' isn't defined for the type 'BuilderInfo'.
 - 'BuilderInfo' is from 'package:protobuf/protobuf.dart' ('../../../.pub-cache/hosted/pub.dev/protobuf-3.1.0/lib/protobuf.dart').
Try correcting the name to the name of an existing method, or defining a method named 'aD'.
    ..aD(1, _omitFieldNames ? '' : 'fractionObstructed',
      ^^
lib/generated/spacex_api/device/dish.pb.dart:2689:7: Error: The method 'aD' isn't defined for the type 'BuilderInfo'.
 - 'BuilderInfo' is from 'package:protobuf/protobuf.dart' ('../../../.pub-cache/hosted/pub.dev/protobuf-3.1.0/lib/protobuf.dart').
Try correcting the name to the name of an existing method, or defining a method named 'aD'.
    ..aD(4, _omitFieldNames ? '' : 'validS', fieldType: $pb.PbFieldType.OF)
      ^^
lib/generated/spacex_api/device/dish.pb.dart:2691:7: Error: The method 'aD' isn't defined for the type 'BuilderInfo'.
 - 'BuilderInfo' is from 'package:protobuf/protobuf.dart' ('../../../.pub-cache/hosted/pub.dev/protobuf-3.1.0/lib/protobuf.dart').
Try correcting the name to the name of an existing method, or defining a method named 'aD'.
    ..aD(6, _omitFieldNames ? '' : 'avgProlongedObstructionDurationS',
      ^^
lib/generated/spacex_api/device/dish.pb.dart:2693:7: Error: The method 'aD' isn't defined for the type 'BuilderInfo'.
 - 'BuilderInfo' is from 'package:protobuf/protobuf.dart' ('../../../.pub-cache/hosted/pub.dev/protobuf-3.1.0/lib/protobuf.dart').
Try correcting the name to the name of an existing method, or defining a method named 'aD'.
    ..aD(7, _omitFieldNames ? '' : 'avgProlongedObstructionIntervalS',
      ^^
lib/generated/spacex_api/device/dish.pb.dart:2696:7: Error: The method 'aD' isn't defined for the type 'BuilderInfo'.
 - 'BuilderInfo' is from 'package:protobuf/protobuf.dart' ('../../../.pub-cache/hosted/pub.dev/protobuf-3.1.0/lib/protobuf.dart').
Try correcting the name to the name of an existing method, or defining a method named 'aD'.
    ..aD(9, _omitFieldNames ? '' : 'timeObstructed',
      ^^
lib/generated/spacex_api/device/dish.pb.dart:2698:7: Error: The method 'aI' isn't defined for the type 'BuilderInfo'.
 - 'BuilderInfo' is from 'package:protobuf/protobuf.dart' ('../../../.pub-cache/hosted/pub.dev/protobuf-3.1.0/lib/protobuf.dart').
Try correcting the name to the name of an existing method, or defining a method named 'aI'.
    ..aI(10, _omitFieldNames ? '' : 'patchesValid',
      ^^
lib/generated/spacex_api/device/dish.pb.dart:2728:37: Error: The method '$_clearField' isn't defined for the type 'DishObstructionStats'.
 - 'DishObstructionStats' is from 'package:starlink_isp_app/generated/spacex_api/device/dish.pb.dart' ('lib/generated/spacex_api/device/dish.pb.dart').
Try correcting the name to the name of an existing method, or defining a method named '$_clearField'.
  void clearFractionObstructed() => $_clearField(1);
                                    ^^^^^^^^^^^^
lib/generated/spacex_api/device/dish.pb.dart:2737:25: Error: The method '$_clearField' isn't defined for the type 'DishObstructionStats'.
 - 'DishObstructionStats' is from 'package:starlink_isp_app/generated/spacex_api/device/dish.pb.dart' ('lib/generated/spacex_api/device/dish.pb.dart').
Try correcting the name to the name of an existing method, or defining a method named '$_clearField'.
  void clearValidS() => $_clearField(4);
                        ^^^^^^^^^^^^
lib/generated/spacex_api/device/dish.pb.dart:2746:38: Error: The method '$_clearField' isn't defined for the type 'DishObstructionStats'.
 - 'DishObstructionStats' is from 'package:starlink_isp_app/generated/spacex_api/device/dish.pb.dart' ('lib/generated/spacex_api/device/dish.pb.dart').
Try correcting the name to the name of an existing method, or defining a method named '$_clearField'.
  void clearCurrentlyObstructed() => $_clearField(5);
                                     ^^^^^^^^^^^^
lib/generated/spacex_api/device/dish.pb.dart:2756:51: Error: The method '$_clearField' isn't defined for the type 'DishObstructionStats'.
 - 'DishObstructionStats' is from 'package:starlink_isp_app/generated/spacex_api/device/dish.pb.dart' ('lib/generated/spacex_api/device/dish.pb.dart').
Try correcting the name to the name of an existing method, or defining a method named '$_clearField'.
  void clearAvgProlongedObstructionDurationS() => $_clearField(6);
                                                  ^^^^^^^^^^^^
lib/generated/spacex_api/device/dish.pb.dart:2766:51: Error: The method '$_clearField' isn't defined for the type 'DishObstructionStats'.
 - 'DishObstructionStats' is from 'package:starlink_isp_app/generated/spacex_api/device/dish.pb.dart' ('lib/generated/spacex_api/device/dish.pb.dart').
Try correcting the name to the name of an existing method, or defining a method named '$_clearField'.
  void clearAvgProlongedObstructionIntervalS() => $_clearField(7);
                                                  ^^^^^^^^^^^^
lib/generated/spacex_api/device/dish.pb.dart:2775:47: Error: The method '$_clearField' isn't defined for the type 'DishObstructionStats'.
 - 'DishObstructionStats' is from 'package:starlink_isp_app/generated/spacex_api/device/dish.pb.dart' ('lib/generated/spacex_api/device/dish.pb.dart').
Try correcting the name to the name of an existing method, or defining a method named '$_clearField'.
  void clearAvgProlongedObstructionValid() => $_clearField(8);
                                              ^^^^^^^^^^^^
lib/generated/spacex_api/device/dish.pb.dart:2784:33: Error: The method '$_clearField' isn't defined for the type 'DishObstructionStats'.
 - 'DishObstructionStats' is from 'package:starlink_isp_app/generated/spacex_api/device/dish.pb.dart' ('lib/generated/spacex_api/device/dish.pb.dart').
Try correcting the name to the name of an existing method, or defining a method named '$_clearField'.
  void clearTimeObstructed() => $_clearField(9);
                                ^^^^^^^^^^^^
lib/generated/spacex_api/device/dish.pb.dart:2793:31: Error: The method '$_clearField' isn't defined for the type 'DishObstructionStats'.
 - 'DishObstructionStats' is from 'package:starlink_isp_app/generated/spacex_api/device/dish.pb.dart' ('lib/generated/spacex_api/device/dish.pb.dart').
Try correcting the name to the name of an existing method, or defining a method named '$_clearField'.
  void clearPatchesValid() => $_clearField(10);
                              ^^^^^^^^^^^^
lib/generated/spacex_api/device/dish.pb.dart:2856:7: Error: The method 'aD' isn't defined for the type 'BuilderInfo'.
 - 'BuilderInfo' is from 'package:protobuf/protobuf.dart' ('../../../.pub-cache/hosted/pub.dev/protobuf-3.1.0/lib/protobuf.dart').
Try correcting the name to the name of an existing method, or defining a method named 'aD'.
    ..aD(6, _omitFieldNames ? '' : 'dishPower', fieldType: $pb.PbFieldType.OF)
      ^^
lib/generated/spacex_api/device/dish.pb.dart:2857:7: Error: The method 'aD' isn't defined for the type 'BuilderInfo'.
 - 'BuilderInfo' is from 'package:protobuf/protobuf.dart' ('../../../.pub-cache/hosted/pub.dev/protobuf-3.1.0/lib/protobuf.dart').
Try correcting the name to the name of an existing method, or defining a method named 'aD'.
    ..aD(7, _omitFieldNames ? '' : 'routerPower', fieldType: $pb.PbFieldType.OF)
      ^^
lib/generated/spacex_api/device/dish.pb.dart:2862:7: Error: The method 'aI' isn't defined for the type 'BuilderInfo'.
 - 'BuilderInfo' is from 'package:protobuf/protobuf.dart' ('../../../.pub-cache/hosted/pub.dev/protobuf-3.1.0/lib/protobuf.dart').
Try correcting the name to the name of an existing method, or defining a method named 'aI'.
    ..aI(12, _omitFieldNames ? '' : 'g0Locked', fieldType: $pb.PbFieldType.OU3)
      ^^
lib/generated/spacex_api/device/dish.pb.dart:2863:7: Error: The method 'aI' isn't defined for the type 'BuilderInfo'.
 - 'BuilderInfo' is from 'package:protobuf/protobuf.dart' ('../../../.pub-cache/hosted/pub.dev/protobuf-3.1.0/lib/protobuf.dart').
Try correcting the name to the name of an existing method, or defining a method named 'aI'.
    ..aI(13, _omitFieldNames ? '' : 'g0FirmwareVersion',
      ^^
lib/generated/spacex_api/device/dish.pb.dart:2865:7: Error: The method 'aI' isn't defined for the type 'BuilderInfo'.
 - 'BuilderInfo' is from 'package:protobuf/protobuf.dart' ('../../../.pub-cache/hosted/pub.dev/protobuf-3.1.0/lib/protobuf.dart').
Try correcting the name to the name of an existing method, or defining a method named 'aI'.
    ..aI(14, _omitFieldNames ? '' : 'boardRev')
      ^^
lib/generated/spacex_api/device/dish.pb.dart:2866:7: Error: The method 'aI' isn't defined for the type 'BuilderInfo'.
 - 'BuilderInfo' is from 'package:protobuf/protobuf.dart' ('../../../.pub-cache/hosted/pub.dev/protobuf-3.1.0/lib/protobuf.dart').
Try correcting the name to the name of an existing method, or defining a method named 'aI'.
    ..aI(15, _omitFieldNames ? '' : 'g0BoardId', fieldType: $pb.PbFieldType.OU3)
      ^^
lib/generated/spacex_api/device/dish.pb.dart:2895:29: Error: The method '$_clearField' isn't defined for the type 'DishUpsuStats'.
 - 'DishUpsuStats' is from 'package:starlink_isp_app/generated/spacex_api/device/dish.pb.dart' ('lib/generated/spacex_api/device/dish.pb.dart').
Try correcting the name to the name of an existing method, or defining a method named '$_clearField'.
  void clearAppVersion() => $_clearField(2);
                            ^^^^^^^^^^^^
lib/generated/spacex_api/device/dish.pb.dart:2904:30: Error: The method '$_clearField' isn't defined for the type 'DishUpsuStats'.
 - 'DishUpsuStats' is from 'package:starlink_isp_app/generated/spacex_api/device/dish.pb.dart' ('lib/generated/spacex_api/device/dish.pb.dart').
Try correcting the name to the name of an existing method, or defining a method named '$_clearField'.
  void clearBootVersion() => $_clearField(3);
                             ^^^^^^^^^^^^
lib/generated/spacex_api/device/dish.pb.dart:2913:29: Error: The method '$_clearField' isn't defined for the type 'DishUpsuStats'.
 - 'DishUpsuStats' is from 'package:starlink_isp_app/generated/spacex_api/device/dish.pb.dart' ('lib/generated/spacex_api/device/dish.pb.dart').
Try correcting the name to the name of an existing method, or defining a method named '$_clearField'.
  void clearRomVersion() => $_clearField(4);
                            ^^^^^^^^^^^^
lib/generated/spacex_api/device/dish.pb.dart:2922:25: Error: The method '$_clearField' isn't defined for the type 'DishUpsuStats'.
 - 'DishUpsuStats' is from 'package:starlink_isp_app/generated/spacex_api/device/dish.pb.dart' ('lib/generated/spacex_api/device/dish.pb.dart').
Try correcting the name to the name of an existing method, or defining a method named '$_clearField'.
  void clearUptime() => $_clearField(5);
                        ^^^^^^^^^^^^
lib/generated/spacex_api/device/dish.pb.dart:2931:28: Error: The method '$_clearField' isn't defined for the type 'DishUpsuStats'.
 - 'DishUpsuStats' is from 'package:starlink_isp_app/generated/spacex_api/device/dish.pb.dart' ('lib/generated/spacex_api/device/dish.pb.dart').
Try correcting the name to the name of an existing method, or defining a method named '$_clearField'.
  void clearDishPower() => $_clearField(6);
                           ^^^^^^^^^^^^
lib/generated/spacex_api/device/dish.pb.dart:2940:30: Error: The method '$_clearField' isn't defined for the type 'DishUpsuStats'.
 - 'DishUpsuStats' is from 'package:starlink_isp_app/generated/spacex_api/device/dish.pb.dart' ('lib/generated/spacex_api/device/dish.pb.dart').
Try correcting the name to the name of an existing method, or defining a method named '$_clearField'.
  void clearRouterPower() => $_clearField(7);
                             ^^^^^^^^^^^^
lib/generated/spacex_api/device/dish.pb.dart:2949:40: Error: The method '$_clearField' isn't defined for the type 'DishUpsuStats'.
 - 'DishUpsuStats' is from 'package:starlink_isp_app/generated/spacex_api/device/dish.pb.dart' ('lib/generated/spacex_api/device/dish.pb.dart').
Try correcting the name to the name of an existing method, or defining a method named '$_clearField'.
  void clearForceDevSignedAllowed() => $_clearField(8);
                                       ^^^^^^^^^^^^
lib/generated/spacex_api/device/dish.pb.dart:2958:34: Error: The method '$_clearField' isn't defined for the type 'DishUpsuStats'.
 - 'DishUpsuStats' is from 'package:starlink_isp_app/generated/spacex_api/device/dish.pb.dart' ('lib/generated/spacex_api/device/dish.pb.dart').
Try correcting the name to the name of an existing method, or defining a method named '$_clearField'.
  void clearDebugPortLocked() => $_clearField(9);
                                 ^^^^^^^^^^^^
lib/generated/spacex_api/device/dish.pb.dart:2967:36: Error: The method '$_clearField' isn't defined for the type 'DishUpsuStats'.
 - 'DishUpsuStats' is from 'package:starlink_isp_app/generated/spacex_api/device/dish.pb.dart' ('lib/generated/spacex_api/device/dish.pb.dart').
Try correcting the name to the name of an existing method, or defining a method named '$_clearField'.
  void clearStsafeCertsLocked() => $_clearField(10);
                                   ^^^^^^^^^^^^
lib/generated/spacex_api/device/dish.pb.dart:2976:35: Error: The method '$_clearField' isn't defined for the type 'DishUpsuStats'.
 - 'DishUpsuStats' is from 'package:starlink_isp_app/generated/spacex_api/device/dish.pb.dart' ('lib/generated/spacex_api/device/dish.pb.dart').
Try correcting the name to the name of an existing method, or defining a method named '$_clearField'.
  void clearStsafeKeysLocked() => $_clearField(11);
                                  ^^^^^^^^^^^^
lib/generated/spacex_api/device/dish.pb.dart:2985:27: Error: The method '$_clearField' isn't defined for the type 'DishUpsuStats'.
 - 'DishUpsuStats' is from 'package:starlink_isp_app/generated/spacex_api/device/dish.pb.dart' ('lib/generated/spacex_api/device/dish.pb.dart').
Try correcting the name to the name of an existing method, or defining a method named '$_clearField'.
  void clearG0Locked() => $_clearField(12);
                          ^^^^^^^^^^^^
lib/generated/spacex_api/device/dish.pb.dart:2994:36: Error: The method '$_clearField' isn't defined for the type 'DishUpsuStats'.
 - 'DishUpsuStats' is from 'package:starlink_isp_app/generated/spacex_api/device/dish.pb.dart' ('lib/generated/spacex_api/device/dish.pb.dart').
Try correcting the name to the name of an existing method, or defining a method named '$_clearField'.
  void clearG0FirmwareVersion() => $_clearField(13);
                                   ^^^^^^^^^^^^
lib/generated/spacex_api/device/dish.pb.dart:3003:27: Error: The method '$_clearField' isn't defined for the type 'DishUpsuStats'.
 - 'DishUpsuStats' is from 'package:starlink_isp_app/generated/spacex_api/device/dish.pb.dart' ('lib/generated/spacex_api/device/dish.pb.dart').
Try correcting the name to the name of an existing method, or defining a method named '$_clearField'.
  void clearBoardRev() => $_clearField(14);
                          ^^^^^^^^^^^^
lib/generated/spacex_api/device/dish.pb.dart:3012:28: Error: The method '$_clearField' isn't defined for the type 'DishUpsuStats'.
 - 'DishUpsuStats' is from 'package:starlink_isp_app/generated/spacex_api/device/dish.pb.dart' ('lib/generated/spacex_api/device/dish.pb.dart').
Try correcting the name to the name of an existing method, or defining a method named '$_clearField'.
  void clearG0BoardId() => $_clearField(15);
                           ^^^^^^^^^^^^
lib/generated/spacex_api/device/dish.pb.dart:3063:7: Error: The method 'aD' isn't defined for the type 'BuilderInfo'.
 - 'BuilderInfo' is from 'package:protobuf/protobuf.dart' ('../../../.pub-cache/hosted/pub.dev/protobuf-3.1.0/lib/protobuf.dart').
Try correcting the name to the name of an existing method, or defining a method named 'aD'.
    ..aD(6, _omitFieldNames ? '' : 'dishPower', fieldType: $pb.PbFieldType.OF)
      ^^
lib/generated/spacex_api/device/dish.pb.dart:3066:7: Error: The method 'aI' isn't defined for the type 'BuilderInfo'.
 - 'BuilderInfo' is from 'package:protobuf/protobuf.dart' ('../../../.pub-cache/hosted/pub.dev/protobuf-3.1.0/lib/protobuf.dart').
Try correcting the name to the name of an existing method, or defining a method named 'aI'.
    ..aI(9, _omitFieldNames ? '' : 'boardRev')
      ^^
lib/generated/spacex_api/device/dish.pb.dart:3095:29: Error: The method '$_clearField' isn't defined for the type 'DishApsStats'.
 - 'DishApsStats' is from 'package:starlink_isp_app/generated/spacex_api/device/dish.pb.dart' ('lib/generated/spacex_api/device/dish.pb.dart').
Try correcting the name to the name of an existing method, or defining a method named '$_clearField'.
  void clearAppVersion() => $_clearField(2);
                            ^^^^^^^^^^^^
lib/generated/spacex_api/device/dish.pb.dart:3104:30: Error: The method '$_clearField' isn't defined for the type 'DishApsStats'.
 - 'DishApsStats' is from 'package:starlink_isp_app/generated/spacex_api/device/dish.pb.dart' ('lib/generated/spacex_api/device/dish.pb.dart').
Try correcting the name to the name of an existing method, or defining a method named '$_clearField'.
  void clearBootVersion() => $_clearField(3);
                             ^^^^^^^^^^^^
lib/generated/spacex_api/device/dish.pb.dart:3113:29: Error: The method '$_clearField' isn't defined for the type 'DishApsStats'.
 - 'DishApsStats' is from 'package:starlink_isp_app/generated/spacex_api/device/dish.pb.dart' ('lib/generated/spacex_api/device/dish.pb.dart').
Try correcting the name to the name of an existing method, or defining a method named '$_clearField'.
  void clearRomVersion() => $_clearField(4);
                            ^^^^^^^^^^^^
lib/generated/spacex_api/device/dish.pb.dart:3122:25: Error: The method '$_clearField' isn't defined for the type 'DishApsStats'.
 - 'DishApsStats' is from 'package:starlink_isp_app/generated/spacex_api/device/dish.pb.dart' ('lib/generated/spacex_api/device/dish.pb.dart').
Try correcting the name to the name of an existing method, or defining a method named '$_clearField'.
  void clearUptime() => $_clearField(5);
                        ^^^^^^^^^^^^
lib/generated/spacex_api/device/dish.pb.dart:3131:28: Error: The method '$_clearField' isn't defined for the type 'DishApsStats'.
 - 'DishApsStats' is from 'package:starlink_isp_app/generated/spacex_api/device/dish.pb.dart' ('lib/generated/spacex_api/device/dish.pb.dart').
Try correcting the name to the name of an existing method, or defining a method named '$_clearField'.
  void clearDishPower() => $_clearField(6);
                           ^^^^^^^^^^^^
lib/generated/spacex_api/device/dish.pb.dart:3140:40: Error: The method '$_clearField' isn't defined for the type 'DishApsStats'.
 - 'DishApsStats' is from 'package:starlink_isp_app/generated/spacex_api/device/dish.pb.dart' ('lib/generated/spacex_api/device/dish.pb.dart').
Try correcting the name to the name of an existing method, or defining a method named '$_clearField'.
  void clearForceDevSignedAllowed() => $_clearField(7);
                                       ^^^^^^^^^^^^
lib/generated/spacex_api/device/dish.pb.dart:3149:34: Error: The method '$_clearField' isn't defined for the type 'DishApsStats'.
 - 'DishApsStats' is from 'package:starlink_isp_app/generated/spacex_api/device/dish.pb.dart' ('lib/generated/spacex_api/device/dish.pb.dart').
Try correcting the name to the name of an existing method, or defining a method named '$_clearField'.
  void clearDebugPortLocked() => $_clearField(8);
                                 ^^^^^^^^^^^^
lib/generated/spacex_api/device/dish.pb.dart:3158:27: Error: The method '$_clearField' isn't defined for the type 'DishApsStats'.
 - 'DishApsStats' is from 'package:starlink_isp_app/generated/spacex_api/device/dish.pb.dart' ('lib/generated/spacex_api/device/dish.pb.dart').
Try correcting the name to the name of an existing method, or defining a method named '$_clearField'.
  void clearBoardRev() => $_clearField(9);
                          ^^^^^^^^^^^^
lib/generated/spacex_api/device/dish.pb.dart:3204:7: Error: The method 'aI' isn't defined for the type 'BuilderInfo'.
 - 'BuilderInfo' is from 'package:protobuf/protobuf.dart' ('../../../.pub-cache/hosted/pub.dev/protobuf-3.1.0/lib/protobuf.dart').
Try correcting the name to the name of an existing method, or defining a method named 'aI'.
    ..aI(1, _omitFieldNames ? '' : 'attitudeInitialization')
      ^^
lib/generated/spacex_api/device/dish.pb.dart:3205:7: Error: The method 'aI' isn't defined for the type 'BuilderInfo'.
 - 'BuilderInfo' is from 'package:protobuf/protobuf.dart' ('../../../.pub-cache/hosted/pub.dev/protobuf-3.1.0/lib/protobuf.dart').
Try correcting the name to the name of an existing method, or defining a method named 'aI'.
    ..aI(2, _omitFieldNames ? '' : 'burstDetected')
      ^^
lib/generated/spacex_api/device/dish.pb.dart:3206:7: Error: The method 'aI' isn't defined for the type 'BuilderInfo'.
 - 'BuilderInfo' is from 'package:protobuf/protobuf.dart' ('../../../.pub-cache/hosted/pub.dev/protobuf-3.1.0/lib/protobuf.dart').
Try correcting the name to the name of an existing method, or defining a method named 'aI'.
    ..aI(3, _omitFieldNames ? '' : 'ekfConverged')
      ^^
lib/generated/spacex_api/device/dish.pb.dart:3207:7: Error: The method 'aI' isn't defined for the type 'BuilderInfo'.
 - 'BuilderInfo' is from 'package:protobuf/protobuf.dart' ('../../../.pub-cache/hosted/pub.dev/protobuf-3.1.0/lib/protobuf.dart').
Try correcting the name to the name of an existing method, or defining a method named 'aI'.
    ..aI(4, _omitFieldNames ? '' : 'firstCplane')
      ^^
lib/generated/spacex_api/device/dish.pb.dart:3208:7: Error: The method 'aI' isn't defined for the type 'BuilderInfo'.
 - 'BuilderInfo' is from 'package:protobuf/protobuf.dart' ('../../../.pub-cache/hosted/pub.dev/protobuf-3.1.0/lib/protobuf.dart').
Try correcting the name to the name of an existing method, or defining a method named 'aI'.
    ..aI(5, _omitFieldNames ? '' : 'firstPopPing')
      ^^
lib/generated/spacex_api/device/dish.pb.dart:3209:7: Error: The method 'aI' isn't defined for the type 'BuilderInfo'.
 - 'BuilderInfo' is from 'package:protobuf/protobuf.dart' ('../../../.pub-cache/hosted/pub.dev/protobuf-3.1.0/lib/protobuf.dart').
Try correcting the name to the name of an existing method, or defining a method named 'aI'.
    ..aI(6, _omitFieldNames ? '' : 'gpsValid')
      ^^
lib/generated/spacex_api/device/dish.pb.dart:3210:7: Error: The method 'aI' isn't defined for the type 'BuilderInfo'.
 - 'BuilderInfo' is from 'package:protobuf/protobuf.dart' ('../../../.pub-cache/hosted/pub.dev/protobuf-3.1.0/lib/protobuf.dart').
Try correcting the name to the name of an existing method, or defining a method named 'aI'.
    ..aI(7, _omitFieldNames ? '' : 'initialNetworkEntry')
      ^^
lib/generated/spacex_api/device/dish.pb.dart:3211:7: Error: The method 'aI' isn't defined for the type 'BuilderInfo'.
 - 'BuilderInfo' is from 'package:protobuf/protobuf.dart' ('../../../.pub-cache/hosted/pub.dev/protobuf-3.1.0/lib/protobuf.dart').
Try correcting the name to the name of an existing method, or defining a method named 'aI'.
    ..aI(8, _omitFieldNames ? '' : 'networkSchedule')
      ^^
lib/generated/spacex_api/device/dish.pb.dart:3212:7: Error: The method 'aI' isn't defined for the type 'BuilderInfo'.
 - 'BuilderInfo' is from 'package:protobuf/protobuf.dart' ('../../../.pub-cache/hosted/pub.dev/protobuf-3.1.0/lib/protobuf.dart').
Try correcting the name to the name of an existing method, or defining a method named 'aI'.
    ..aI(9, _omitFieldNames ? '' : 'rfReady')
      ^^
lib/generated/spacex_api/device/dish.pb.dart:3213:7: Error: The method 'aI' isn't defined for the type 'BuilderInfo'.
 - 'BuilderInfo' is from 'package:protobuf/protobuf.dart' ('../../../.pub-cache/hosted/pub.dev/protobuf-3.1.0/lib/protobuf.dart').
Try correcting the name to the name of an existing method, or defining a method named 'aI'.
    ..aI(10, _omitFieldNames ? '' : 'stableConnection')
      ^^
lib/generated/spacex_api/device/dish.pb.dart:3245:41: Error: The method '$_clearField' isn't defined for the type 'InitializationDurationSeconds'.
 - 'InitializationDurationSeconds' is from 'package:starlink_isp_app/generated/spacex_api/device/dish.pb.dart' ('lib/generated/spacex_api/device/dish.pb.dart').
Try correcting the name to the name of an existing method, or defining a method named '$_clearField'.
  void clearAttitudeInitialization() => $_clearField(1);
                                        ^^^^^^^^^^^^
lib/generated/spacex_api/device/dish.pb.dart:3254:32: Error: The method '$_clearField' isn't defined for the type 'InitializationDurationSeconds'.
 - 'InitializationDurationSeconds' is from 'package:starlink_isp_app/generated/spacex_api/device/dish.pb.dart' ('lib/generated/spacex_api/device/dish.pb.dart').
Try correcting the name to the name of an existing method, or defining a method named '$_clearField'.
  void clearBurstDetected() => $_clearField(2);
                               ^^^^^^^^^^^^
lib/generated/spacex_api/device/dish.pb.dart:3263:31: Error: The method '$_clearField' isn't defined for the type 'InitializationDurationSeconds'.
 - 'InitializationDurationSeconds' is from 'package:starlink_isp_app/generated/spacex_api/device/dish.pb.dart' ('lib/generated/spacex_api/device/dish.pb.dart').
Try correcting the name to the name of an existing method, or defining a method named '$_clearField'.
  void clearEkfConverged() => $_clearField(3);
                              ^^^^^^^^^^^^
lib/generated/spacex_api/device/dish.pb.dart:3272:30: Error: The method '$_clearField' isn't defined for the type 'InitializationDurationSeconds'.
 - 'InitializationDurationSeconds' is from 'package:starlink_isp_app/generated/spacex_api/device/dish.pb.dart' ('lib/generated/spacex_api/device/dish.pb.dart').
Try correcting the name to the name of an existing method, or defining a method named '$_clearField'.
  void clearFirstCplane() => $_clearField(4);
                             ^^^^^^^^^^^^
lib/generated/spacex_api/device/dish.pb.dart:3281:31: Error: The method '$_clearField' isn't defined for the type 'InitializationDurationSeconds'.
 - 'InitializationDurationSeconds' is from 'package:starlink_isp_app/generated/spacex_api/device/dish.pb.dart' ('lib/generated/spacex_api/device/dish.pb.dart').
Try correcting the name to the name of an existing method, or defining a method named '$_clearField'.
  void clearFirstPopPing() => $_clearField(5);
                              ^^^^^^^^^^^^
lib/generated/spacex_api/device/dish.pb.dart:3290:27: Error: The method '$_clearField' isn't defined for the type 'InitializationDurationSeconds'.
 - 'InitializationDurationSeconds' is from 'package:starlink_isp_app/generated/spacex_api/device/dish.pb.dart' ('lib/generated/spacex_api/device/dish.pb.dart').
Try correcting the name to the name of an existing method, or defining a method named '$_clearField'.
  void clearGpsValid() => $_clearField(6);
                          ^^^^^^^^^^^^
lib/generated/spacex_api/device/dish.pb.dart:3299:38: Error: The method '$_clearField' isn't defined for the type 'InitializationDurationSeconds'.
 - 'InitializationDurationSeconds' is from 'package:starlink_isp_app/generated/spacex_api/device/dish.pb.dart' ('lib/generated/spacex_api/device/dish.pb.dart').
Try correcting the name to the name of an existing method, or defining a method named '$_clearField'.
  void clearInitialNetworkEntry() => $_clearField(7);
                                     ^^^^^^^^^^^^
lib/generated/spacex_api/device/dish.pb.dart:3308:34: Error: The method '$_clearField' isn't defined for the type 'InitializationDurationSeconds'.
 - 'InitializationDurationSeconds' is from 'package:starlink_isp_app/generated/spacex_api/device/dish.pb.dart' ('lib/generated/spacex_api/device/dish.pb.dart').
Try correcting the name to the name of an existing method, or defining a method named '$_clearField'.
  void clearNetworkSchedule() => $_clearField(8);
                                 ^^^^^^^^^^^^
lib/generated/spacex_api/device/dish.pb.dart:3317:26: Error: The method '$_clearField' isn't defined for the type 'InitializationDurationSeconds'.
 - 'InitializationDurationSeconds' is from 'package:starlink_isp_app/generated/spacex_api/device/dish.pb.dart' ('lib/generated/spacex_api/device/dish.pb.dart').
Try correcting the name to the name of an existing method, or defining a method named '$_clearField'.
  void clearRfReady() => $_clearField(9);
                         ^^^^^^^^^^^^
lib/generated/spacex_api/device/dish.pb.dart:3326:35: Error: The method '$_clearField' isn't defined for the type 'InitializationDurationSeconds'.
 - 'InitializationDurationSeconds' is from 'package:starlink_isp_app/generated/spacex_api/device/dish.pb.dart' ('lib/generated/spacex_api/device/dish.pb.dart').
Try correcting the name to the name of an existing method, or defining a method named '$_clearField'.
  void clearStableConnection() => $_clearField(10);
                                  ^^^^^^^^^^^^
lib/generated/spacex_api/device/dish.pb.dart:3379:43: Error: The method '$_setField' isn't defined for the type 'DishAuthenticateResponse'.
 - 'DishAuthenticateResponse' is from 'package:starlink_isp_app/generated/spacex_api/device/dish.pb.dart' ('lib/generated/spacex_api/device/dish.pb.dart').
Try correcting the name to the name of an existing method, or defining a method named '$_setField'.
  set dish($0.ChallengeResponse value) => $_setField(2, value);
                                          ^^^^^^^^^^
lib/generated/spacex_api/device/dish.pb.dart:3383:23: Error: The method '$_clearField' isn't defined for the type 'DishAuthenticateResponse'.
 - 'DishAuthenticateResponse' is from 'package:starlink_isp_app/generated/spacex_api/device/dish.pb.dart' ('lib/generated/spacex_api/device/dish.pb.dart').
Try correcting the name to the name of an existing method, or defining a method named '$_clearField'.
  void clearDish() => $_clearField(2);
                      ^^^^^^^^^^^^
lib/generated/spacex_api/device/dish.pb.dart:3440:27: Error: The method '$_clearField' isn't defined for the type 'SelfTestRequest'.
 - 'SelfTestRequest' is from 'package:starlink_isp_app/generated/spacex_api/device/dish.pb.dart' ('lib/generated/spacex_api/device/dish.pb.dart').
Try correcting the name to the name of an existing method, or defining a method named '$_clearField'.
  void clearDetailed() => $_clearField(1);
                          ^^^^^^^^^^^^
lib/generated/spacex_api/device/dish.pb.dart:3498:25: Error: The method '$_clearField' isn't defined for the type 'SelfTestResponse'.
 - 'SelfTestResponse' is from 'package:starlink_isp_app/generated/spacex_api/device/dish.pb.dart' ('lib/generated/spacex_api/device/dish.pb.dart').
Try correcting the name to the name of an existing method, or defining a method named '$_clearField'.
  void clearPassed() => $_clearField(1);
                        ^^^^^^^^^^^^
lib/generated/spacex_api/device/dish.pb.dart:3507:25: Error: The method '$_clearField' isn't defined for the type 'SelfTestResponse'.
 - 'SelfTestResponse' is from 'package:starlink_isp_app/generated/spacex_api/device/dish.pb.dart' ('lib/generated/spacex_api/device/dish.pb.dart').
Try correcting the name to the name of an existing method, or defining a method named '$_clearField'.
  void clearReport() => $_clearField(2);
                        ^^^^^^^^^^^^
lib/generated/spacex_api/device/dish.pb.dart:3539:7: Error: The method 'aE' isn't defined for the type 'BuilderInfo'.
 - 'BuilderInfo' is from 'package:protobuf/protobuf.dart' ('../../../.pub-cache/hosted/pub.dev/protobuf-3.1.0/lib/protobuf.dart').
Try correcting the name to the name of an existing method, or defining a method named 'aE'.
    ..aE<SetTestModeRequest_RfMode>(1, _omitFieldNames ? '' : 'rfMode',
      ^^
lib/generated/spacex_api/device/dish.pb.dart:3567:50: Error: The method '$_setField' isn't defined for the type 'SetTestModeRequest'.
 - 'SetTestModeRequest' is from 'package:starlink_isp_app/generated/spacex_api/device/dish.pb.dart' ('lib/generated/spacex_api/device/dish.pb.dart').
Try correcting the name to the name of an existing method, or defining a method named '$_setField'.
  set rfMode(SetTestModeRequest_RfMode value) => $_setField(1, value);
                                                 ^^^^^^^^^^
lib/generated/spacex_api/device/dish.pb.dart:3571:25: Error: The method '$_clearField' isn't defined for the type 'SetTestModeRequest'.
 - 'SetTestModeRequest' is from 'package:starlink_isp_app/generated/spacex_api/device/dish.pb.dart' ('lib/generated/spacex_api/device/dish.pb.dart').
Try correcting the name to the name of an existing method, or defining a method named '$_clearField'.
  void clearRfMode() => $_clearField(1);
                        ^^^^^^^^^^^^
lib/generated/spacex_api/device/dish.pb.dart:3580:40: Error: The method '$_clearField' isn't defined for the type 'SetTestModeRequest'.
 - 'SetTestModeRequest' is from 'package:starlink_isp_app/generated/spacex_api/device/dish.pb.dart' ('lib/generated/spacex_api/device/dish.pb.dart').
Try correcting the name to the name of an existing method, or defining a method named '$_clearField'.
  void clearDisableLossOfCommFdir() => $_clearField(1001);
                                       ^^^^^^^^^^^^
lib/generated/spacex_api/device/dish.pb.dart:3589:38: Error: The method '$_clearField' isn't defined for the type 'SetTestModeRequest'.
 - 'SetTestModeRequest' is from 'package:starlink_isp_app/generated/spacex_api/device/dish.pb.dart' ('lib/generated/spacex_api/device/dish.pb.dart').
Try correcting the name to the name of an existing method, or defining a method named '$_clearField'.
  void clearEnableRulesOverride() => $_clearField(1002);
                                     ^^^^^^^^^^^^
lib/generated/spacex_api/device/dish.pb.dart:3680:42: Error: The method '$_setField' isn't defined for the type 'DishSetConfigRequest'.
 - 'DishSetConfigRequest' is from 'package:starlink_isp_app/generated/spacex_api/device/dish.pb.dart' ('lib/generated/spacex_api/device/dish.pb.dart').
Try correcting the name to the name of an existing method, or defining a method named '$_setField'.
  set dishConfig($1.DishConfig value) => $_setField(1, value);
                                         ^^^^^^^^^^
lib/generated/spacex_api/device/dish.pb.dart:3684:29: Error: The method '$_clearField' isn't defined for the type 'DishSetConfigRequest'.
 - 'DishSetConfigRequest' is from 'package:starlink_isp_app/generated/spacex_api/device/dish.pb.dart' ('lib/generated/spacex_api/device/dish.pb.dart').
Try correcting the name to the name of an existing method, or defining a method named '$_clearField'.
  void clearDishConfig() => $_clearField(1);
                            ^^^^^^^^^^^^
lib/generated/spacex_api/device/dish.pb.dart:3742:49: Error: The method '$_setField' isn't defined for the type 'DishSetConfigResponse'.
 - 'DishSetConfigResponse' is from 'package:starlink_isp_app/generated/spacex_api/device/dish.pb.dart' ('lib/generated/spacex_api/device/dish.pb.dart').
Try correcting the name to the name of an existing method, or defining a method named '$_setField'.
  set updatedDishConfig($1.DishConfig value) => $_setField(1, value);
                                                ^^^^^^^^^^
lib/generated/spacex_api/device/dish.pb.dart:3746:36: Error: The method '$_clearField' isn't defined for the type 'DishSetConfigResponse'.
 - 'DishSetConfigResponse' is from 'package:starlink_isp_app/generated/spacex_api/device/dish.pb.dart' ('lib/generated/spacex_api/device/dish.pb.dart').
Try correcting the name to the name of an existing method, or defining a method named '$_clearField'.
  void clearUpdatedDishConfig() => $_clearField(1);
                                   ^^^^^^^^^^^^
lib/generated/spacex_api/device/dish.pb.dart:3757:24: Error: The method '$_clearField' isn't defined for the type 'DishSetConfigResponse'.
 - 'DishSetConfigResponse' is from 'package:starlink_isp_app/generated/spacex_api/device/dish.pb.dart' ('lib/generated/spacex_api/device/dish.pb.dart').
Try correcting the name to the name of an existing method, or defining a method named '$_clearField'.
  void clearError() => $_clearField(2);
                       ^^^^^^^^^^^^
lib/generated/spacex_api/device/dish.pb.dart:3849:42: Error: The method '$_setField' isn't defined for the type 'DishGetConfigResponse'.
 - 'DishGetConfigResponse' is from 'package:starlink_isp_app/generated/spacex_api/device/dish.pb.dart' ('lib/generated/spacex_api/device/dish.pb.dart').
Try correcting the name to the name of an existing method, or defining a method named '$_setField'.
  set dishConfig($1.DishConfig value) => $_setField(1, value);
                                         ^^^^^^^^^^
lib/generated/spacex_api/device/dish.pb.dart:3853:29: Error: The method '$_clearField' isn't defined for the type 'DishGetConfigResponse'.
 - 'DishGetConfigResponse' is from 'package:starlink_isp_app/generated/spacex_api/device/dish.pb.dart' ('lib/generated/spacex_api/device/dish.pb.dart').
Try correcting the name to the name of an existing method, or defining a method named '$_clearField'.
  void clearDishConfig() => $_clearField(1);
                            ^^^^^^^^^^^^
lib/generated/spacex_api/device/dish.pb.dart:3910:28: Error: The method '$_clearField' isn't defined for the type 'DishInhibitRfRequest'.
 - 'DishInhibitRfRequest' is from 'package:starlink_isp_app/generated/spacex_api/device/dish.pb.dart' ('lib/generated/spacex_api/device/dish.pb.dart').
Try correcting the name to the name of an existing method, or defining a method named '$_clearField'.
  void clearInhibitRf() => $_clearField(1);
                           ^^^^^^^^^^^^
lib/generated/spacex_api/device/dish.pb.dart:3966:28: Error: The method '$_clearField' isn't defined for the type 'DishInhibitRfResponse'.
 - 'DishInhibitRfResponse' is from 'package:starlink_isp_app/generated/spacex_api/device/dish.pb.dart' ('lib/generated/spacex_api/device/dish.pb.dart').
Try correcting the name to the name of an existing method, or defining a method named '$_clearField'.
  void clearInhibitRf() => $_clearField(1);
                           ^^^^^^^^^^^^
lib/generated/spacex_api/device/dish.pb.dart:4022:29: Error: The method '$_clearField' isn't defined for the type 'DishInhibitGpsRequest'.
 - 'DishInhibitGpsRequest' is from 'package:starlink_isp_app/generated/spacex_api/device/dish.pb.dart' ('lib/generated/spacex_api/device/dish.pb.dart').
Try correcting the name to the name of an existing method, or defining a method named '$_clearField'.
  void clearInhibitGps() => $_clearField(1);
                            ^^^^^^^^^^^^
lib/generated/spacex_api/device/dish.pb.dart:4078:29: Error: The method '$_clearField' isn't defined for the type 'DishInhibitGpsResponse'.
 - 'DishInhibitGpsResponse' is from 'package:starlink_isp_app/generated/spacex_api/device/dish.pb.dart' ('lib/generated/spacex_api/device/dish.pb.dart').
Try correcting the name to the name of an existing method, or defining a method named '$_clearField'.
  void clearInhibitGps() => $_clearField(1);
                            ^^^^^^^^^^^^
lib/generated/spacex_api/device/dish.pb.dart:4104:7: Error: The method 'aI' isn't defined for the type 'BuilderInfo'.
 - 'BuilderInfo' is from 'package:protobuf/protobuf.dart' ('../../../.pub-cache/hosted/pub.dev/protobuf-3.1.0/lib/protobuf.dart').
Try correcting the name to the name of an existing method, or defining a method named 'aI'.
    ..aI(1, _omitFieldNames ? '' : 'id', fieldType: $pb.PbFieldType.OU3)
      ^^
lib/generated/spacex_api/device/dish.pb.dart:4133:21: Error: The method '$_clearField' isn't defined for the type 'DishGetDataRequest'.
 - 'DishGetDataRequest' is from 'package:starlink_isp_app/generated/spacex_api/device/dish.pb.dart' ('lib/generated/spacex_api/device/dish.pb.dart').
Try correcting the name to the name of an existing method, or defining a method named '$_clearField'.
  void clearId() => $_clearField(1);
                    ^^^^^^^^^^^^
lib/generated/spacex_api/device/dish.pb.dart:4273:51: Error: The method '$_setField' isn't defined for the type 'DishActivateRssiScanRequest'.
 - 'DishActivateRssiScanRequest' is from 'package:starlink_isp_app/generated/spacex_api/device/dish.pb.dart' ('lib/generated/spacex_api/device/dish.pb.dart').
Try correcting the name to the name of an existing method, or defining a method named '$_setField'.
  set scanQuery($2.DishActivateRssiScan value) => $_setField(1, value);
                                                  ^^^^^^^^^^
lib/generated/spacex_api/device/dish.pb.dart:4277:28: Error: The method '$_clearField' isn't defined for the type 'DishActivateRssiScanRequest'.
 - 'DishActivateRssiScanRequest' is from 'package:starlink_isp_app/generated/spacex_api/device/dish.pb.dart' ('lib/generated/spacex_api/device/dish.pb.dart').
Try correcting the name to the name of an existing method, or defining a method named '$_clearField'.
  void clearScanQuery() => $_clearField(1);
                           ^^^^^^^^^^^^
lib/generated/spacex_api/device/dish.pb.dart:4337:26: Error: The method '$_clearField' isn't defined for the type 'DishActivateRssiScanResponse'.
 - 'DishActivateRssiScanResponse' is from 'package:starlink_isp_app/generated/spacex_api/device/dish.pb.dart' ('lib/generated/spacex_api/device/dish.pb.dart').
Try correcting the name to the name of an existing method, or defining a method named '$_clearField'.
  void clearSuccess() => $_clearField(1);
                         ^^^^^^^^^^^^
lib/generated/spacex_api/device/dish.pb.dart:4434:49: Error: The method '$_setField' isn't defined for the type 'DishGetRssiScanResultResponse'.
 - 'DishGetRssiScanResultResponse' is from 'package:starlink_isp_app/generated/spacex_api/device/dish.pb.dart' ('lib/generated/spacex_api/device/dish.pb.dart').
Try correcting the name to the name of an existing method, or defining a method named '$_setField'.
  set result($2.DishGetRssiScanResult value) => $_setField(1, value);
                                                ^^^^^^^^^^
lib/generated/spacex_api/device/dish.pb.dart:4438:25: Error: The method '$_clearField' isn't defined for the type 'DishGetRssiScanResultResponse'.
 - 'DishGetRssiScanResultResponse' is from 'package:starlink_isp_app/generated/spacex_api/device/dish.pb.dart' ('lib/generated/spacex_api/device/dish.pb.dart').
Try correcting the name to the name of an existing method, or defining a method named '$_clearField'.
  void clearResult() => $_clearField(1);
                        ^^^^^^^^^^^^
lib/generated/spacex_api/device/dish.pb.dart:4496:27: Error: The method '$_clearField' isn't defined for the type 'DishFactoryResetRequest'.
 - 'DishFactoryResetRequest' is from 'package:starlink_isp_app/generated/spacex_api/device/dish.pb.dart' ('lib/generated/spacex_api/device/dish.pb.dart').
Try correcting the name to the name of an existing method, or defining a method named '$_clearField'.
  void clearAppReset() => $_clearField(1);
                          ^^^^^^^^^^^^
lib/generated/spacex_api/device/dish.pb.dart:4591:26: Error: The method '$_clearField' isn't defined for the type 'ResetButtonRequest'.
 - 'ResetButtonRequest' is from 'package:starlink_isp_app/generated/spacex_api/device/dish.pb.dart' ('lib/generated/spacex_api/device/dish.pb.dart').
Try correcting the name to the name of an existing method, or defining a method named '$_clearField'.
  void clearPressed() => $_clearField(1);
                         ^^^^^^^^^^^^
lib/generated/spacex_api/device/dish.pb.dart:4684:7: Error: The method 'aI' isn't defined for the type 'BuilderInfo'.
 - 'BuilderInfo' is from 'package:protobuf/protobuf.dart' ('../../../.pub-cache/hosted/pub.dev/protobuf-3.1.0/lib/protobuf.dart').
Try correcting the name to the name of an existing method, or defining a method named 'aI'.
    ..aI(2, _omitFieldNames ? '' : 'averageTimeToEmpty',
      ^^
lib/generated/spacex_api/device/dish.pb.dart:4686:7: Error: The method 'aI' isn't defined for the type 'BuilderInfo'.
 - 'BuilderInfo' is from 'package:protobuf/protobuf.dart' ('../../../.pub-cache/hosted/pub.dev/protobuf-3.1.0/lib/protobuf.dart').
Try correcting the name to the name of an existing method, or defining a method named 'aI'.
    ..aI(3, _omitFieldNames ? '' : 'averageTimeToFull',
      ^^
lib/generated/spacex_api/device/dish.pb.dart:4688:7: Error: The method 'aI' isn't defined for the type 'BuilderInfo'.
 - 'BuilderInfo' is from 'package:protobuf/protobuf.dart' ('../../../.pub-cache/hosted/pub.dev/protobuf-3.1.0/lib/protobuf.dart').
Try correcting the name to the name of an existing method, or defining a method named 'aI'.
    ..aI(4, _omitFieldNames ? '' : 'batteryHealth',
      ^^
lib/generated/spacex_api/device/dish.pb.dart:4690:7: Error: The method 'aI' isn't defined for the type 'BuilderInfo'.
 - 'BuilderInfo' is from 'package:protobuf/protobuf.dart' ('../../../.pub-cache/hosted/pub.dev/protobuf-3.1.0/lib/protobuf.dart').
Try correcting the name to the name of an existing method, or defining a method named 'aI'.
    ..aI(5, _omitFieldNames ? '' : 'hardwareRevisionId',
      ^^
lib/generated/spacex_api/device/dish.pb.dart:4699:7: Error: The method 'aE' isn't defined for the type 'BuilderInfo'.
 - 'BuilderInfo' is from 'package:protobuf/protobuf.dart' ('../../../.pub-cache/hosted/pub.dev/protobuf-3.1.0/lib/protobuf.dart').
Try correcting the name to the name of an existing method, or defining a method named 'aE'.
    ..aE<PLCStats_ProtocolRevision>(10, _omitFieldNames ? '' : 'plcRevision',
      ^^
lib/generated/spacex_api/device/dish.pb.dart:4702:7: Error: The method 'aI' isn't defined for the type 'BuilderInfo'.
 - 'BuilderInfo' is from 'package:protobuf/protobuf.dart' ('../../../.pub-cache/hosted/pub.dev/protobuf-3.1.0/lib/protobuf.dart').
Try correcting the name to the name of an existing method, or defining a method named 'aI'.
    ..aI(12, _omitFieldNames ? '' : 'stateOfCharge',
      ^^
lib/generated/spacex_api/device/dish.pb.dart:4704:7: Error: The method 'aI' isn't defined for the type 'BuilderInfo'.
 - 'BuilderInfo' is from 'package:protobuf/protobuf.dart' ('../../../.pub-cache/hosted/pub.dev/protobuf-3.1.0/lib/protobuf.dart').
Try correcting the name to the name of an existing method, or defining a method named 'aI'.
    ..aI(13, _omitFieldNames ? '' : 'thermalThrottleLevel',
      ^^
lib/generated/spacex_api/device/dish.pb.dart:4733:31: Error: The method '$_clearField' isn't defined for the type 'PLCStats'.
 - 'PLCStats' is from 'package:starlink_isp_app/generated/spacex_api/device/dish.pb.dart' ('lib/generated/spacex_api/device/dish.pb.dart').
Try correcting the name to the name of an existing method, or defining a method named '$_clearField'.
  void clearReceivingPlc() => $_clearField(1);
                              ^^^^^^^^^^^^
lib/generated/spacex_api/device/dish.pb.dart:4742:37: Error: The method '$_clearField' isn't defined for the type 'PLCStats'.
 - 'PLCStats' is from 'package:starlink_isp_app/generated/spacex_api/device/dish.pb.dart' ('lib/generated/spacex_api/device/dish.pb.dart').
Try correcting the name to the name of an existing method, or defining a method named '$_clearField'.
  void clearAverageTimeToEmpty() => $_clearField(2);
                                    ^^^^^^^^^^^^
lib/generated/spacex_api/device/dish.pb.dart:4751:36: Error: The method '$_clearField' isn't defined for the type 'PLCStats'.
 - 'PLCStats' is from 'package:starlink_isp_app/generated/spacex_api/device/dish.pb.dart' ('lib/generated/spacex_api/device/dish.pb.dart').
Try correcting the name to the name of an existing method, or defining a method named '$_clearField'.
  void clearAverageTimeToFull() => $_clearField(3);
                                   ^^^^^^^^^^^^
lib/generated/spacex_api/device/dish.pb.dart:4760:32: Error: The method '$_clearField' isn't defined for the type 'PLCStats'.
 - 'PLCStats' is from 'package:starlink_isp_app/generated/spacex_api/device/dish.pb.dart' ('lib/generated/spacex_api/device/dish.pb.dart').
Try correcting the name to the name of an existing method, or defining a method named '$_clearField'.
  void clearBatteryHealth() => $_clearField(4);
                               ^^^^^^^^^^^^
lib/generated/spacex_api/device/dish.pb.dart:4769:37: Error: The method '$_clearField' isn't defined for the type 'PLCStats'.
 - 'PLCStats' is from 'package:starlink_isp_app/generated/spacex_api/device/dish.pb.dart' ('lib/generated/spacex_api/device/dish.pb.dart').
Try correcting the name to the name of an existing method, or defining a method named '$_clearField'.
  void clearHardwareRevisionId() => $_clearField(5);
                                    ^^^^^^^^^^^^
lib/generated/spacex_api/device/dish.pb.dart:4778:35: Error: The method '$_clearField' isn't defined for the type 'PLCStats'.
 - 'PLCStats' is from 'package:starlink_isp_app/generated/spacex_api/device/dish.pb.dart' ('lib/generated/spacex_api/device/dish.pb.dart').
Try correcting the name to the name of an existing method, or defining a method named '$_clearField'.
  void clearPermanentFailure() => $_clearField(6);
                                  ^^^^^^^^^^^^
lib/generated/spacex_api/device/dish.pb.dart:4783:41: Error: The method '$_setField' isn't defined for the type 'PLCStats'.
 - 'PLCStats' is from 'package:starlink_isp_app/generated/spacex_api/device/dish.pb.dart' ('lib/generated/spacex_api/device/dish.pb.dart').
Try correcting the name to the name of an existing method, or defining a method named '$_setField'.
  set port1Stats(PLCPortStats value) => $_setField(7, value);
                                        ^^^^^^^^^^
lib/generated/spacex_api/device/dish.pb.dart:4787:29: Error: The method '$_clearField' isn't defined for the type 'PLCStats'.
 - 'PLCStats' is from 'package:starlink_isp_app/generated/spacex_api/device/dish.pb.dart' ('lib/generated/spacex_api/device/dish.pb.dart').
Try correcting the name to the name of an existing method, or defining a method named '$_clearField'.
  void clearPort1Stats() => $_clearField(7);
                            ^^^^^^^^^^^^
lib/generated/spacex_api/device/dish.pb.dart:4794:41: Error: The method '$_setField' isn't defined for the type 'PLCStats'.
 - 'PLCStats' is from 'package:starlink_isp_app/generated/spacex_api/device/dish.pb.dart' ('lib/generated/spacex_api/device/dish.pb.dart').
Try correcting the name to the name of an existing method, or defining a method named '$_setField'.
  set port2Stats(PLCPortStats value) => $_setField(8, value);
                                        ^^^^^^^^^^
lib/generated/spacex_api/device/dish.pb.dart:4798:29: Error: The method '$_clearField' isn't defined for the type 'PLCStats'.
 - 'PLCStats' is from 'package:starlink_isp_app/generated/spacex_api/device/dish.pb.dart' ('lib/generated/spacex_api/device/dish.pb.dart').
Try correcting the name to the name of an existing method, or defining a method named '$_clearField'.
  void clearPort2Stats() => $_clearField(8);
                            ^^^^^^^^^^^^
lib/generated/spacex_api/device/dish.pb.dart:4805:41: Error: The method '$_setField' isn't defined for the type 'PLCStats'.
 - 'PLCStats' is from 'package:starlink_isp_app/generated/spacex_api/device/dish.pb.dart' ('lib/generated/spacex_api/device/dish.pb.dart').
Try correcting the name to the name of an existing method, or defining a method named '$_setField'.
  set port3Stats(PLCPortStats value) => $_setField(9, value);
                                        ^^^^^^^^^^
lib/generated/spacex_api/device/dish.pb.dart:4809:29: Error: The method '$_clearField' isn't defined for the type 'PLCStats'.
 - 'PLCStats' is from 'package:starlink_isp_app/generated/spacex_api/device/dish.pb.dart' ('lib/generated/spacex_api/device/dish.pb.dart').
Try correcting the name to the name of an existing method, or defining a method named '$_clearField'.
  void clearPort3Stats() => $_clearField(9);
                            ^^^^^^^^^^^^
lib/generated/spacex_api/device/dish.pb.dart:4816:55: Error: The method '$_setField' isn't defined for the type 'PLCStats'.
 - 'PLCStats' is from 'package:starlink_isp_app/generated/spacex_api/device/dish.pb.dart' ('lib/generated/spacex_api/device/dish.pb.dart').
Try correcting the name to the name of an existing method, or defining a method named '$_setField'.
  set plcRevision(PLCStats_ProtocolRevision value) => $_setField(10, value);
                                                      ^^^^^^^^^^
lib/generated/spacex_api/device/dish.pb.dart:4820:30: Error: The method '$_clearField' isn't defined for the type 'PLCStats'.
 - 'PLCStats' is from 'package:starlink_isp_app/generated/spacex_api/device/dish.pb.dart' ('lib/generated/spacex_api/device/dish.pb.dart').
Try correcting the name to the name of an existing method, or defining a method named '$_clearField'.
  void clearPlcRevision() => $_clearField(10);
                             ^^^^^^^^^^^^
lib/generated/spacex_api/device/dish.pb.dart:4829:35: Error: The method '$_clearField' isn't defined for the type 'PLCStats'.
 - 'PLCStats' is from 'package:starlink_isp_app/generated/spacex_api/device/dish.pb.dart' ('lib/generated/spacex_api/device/dish.pb.dart').
Try correcting the name to the name of an existing method, or defining a method named '$_clearField'.
  void clearSafetyModeActive() => $_clearField(11);
                                  ^^^^^^^^^^^^
lib/generated/spacex_api/device/dish.pb.dart:4838:32: Error: The method '$_clearField' isn't defined for the type 'PLCStats'.
 - 'PLCStats' is from 'package:starlink_isp_app/generated/spacex_api/device/dish.pb.dart' ('lib/generated/spacex_api/device/dish.pb.dart').
Try correcting the name to the name of an existing method, or defining a method named '$_clearField'.
  void clearStateOfCharge() => $_clearField(12);
                               ^^^^^^^^^^^^
lib/generated/spacex_api/device/dish.pb.dart:4847:39: Error: The method '$_clearField' isn't defined for the type 'PLCStats'.
 - 'PLCStats' is from 'package:starlink_isp_app/generated/spacex_api/device/dish.pb.dart' ('lib/generated/spacex_api/device/dish.pb.dart').
Try correcting the name to the name of an existing method, or defining a method named '$_clearField'.
  void clearThermalThrottleLevel() => $_clearField(13);
                                      ^^^^^^^^^^^^
lib/generated/spacex_api/device/dish.pb.dart:4875:7: Error: The method 'aI' isn't defined for the type 'BuilderInfo'.
 - 'BuilderInfo' is from 'package:protobuf/protobuf.dart' ('../../../.pub-cache/hosted/pub.dev/protobuf-3.1.0/lib/protobuf.dart').
Try correcting the name to the name of an existing method, or defining a method named 'aI'.
    ..aI(1, _omitFieldNames ? '' : 'power', fieldType: $pb.PbFieldType.OU3)
      ^^
lib/generated/spacex_api/device/dish.pb.dart:4876:7: Error: The method 'aE' isn't defined for the type 'BuilderInfo'.
 - 'BuilderInfo' is from 'package:protobuf/protobuf.dart' ('../../../.pub-cache/hosted/pub.dev/protobuf-3.1.0/lib/protobuf.dart').
Try correcting the name to the name of an existing method, or defining a method named 'aE'.
    ..aE<PLCPortStats_PortStatus>(2, _omitFieldNames ? '' : 'status',
      ^^
lib/generated/spacex_api/device/dish.pb.dart:4906:24: Error: The method '$_clearField' isn't defined for the type 'PLCPortStats'.
 - 'PLCPortStats' is from 'package:starlink_isp_app/generated/spacex_api/device/dish.pb.dart' ('lib/generated/spacex_api/device/dish.pb.dart').
Try correcting the name to the name of an existing method, or defining a method named '$_clearField'.
  void clearPower() => $_clearField(1);
                       ^^^^^^^^^^^^
lib/generated/spacex_api/device/dish.pb.dart:4911:48: Error: The method '$_setField' isn't defined for the type 'PLCPortStats'.
 - 'PLCPortStats' is from 'package:starlink_isp_app/generated/spacex_api/device/dish.pb.dart' ('lib/generated/spacex_api/device/dish.pb.dart').
Try correcting the name to the name of an existing method, or defining a method named '$_setField'.
  set status(PLCPortStats_PortStatus value) => $_setField(2, value);
                                               ^^^^^^^^^^
lib/generated/spacex_api/device/dish.pb.dart:4915:25: Error: The method '$_clearField' isn't defined for the type 'PLCPortStats'.
 - 'PLCPortStats' is from 'package:starlink_isp_app/generated/spacex_api/device/dish.pb.dart' ('lib/generated/spacex_api/device/dish.pb.dart').
Try correcting the name to the name of an existing method, or defining a method named '$_clearField'.
  void clearStatus() => $_clearField(2);
                        ^^^^^^^^^^^^
lib/generated/spacex_api/device/services/unlock/service.pb.dart:88:27: Error: The method '$_clearField' isn't defined for the type 'UnlockChallenge'.
 - 'UnlockChallenge' is from 'package:starlink_isp_app/generated/spacex_api/device/services/unlock/service.pb.dart' ('lib/generated/spacex_api/device/services/unlock/service.pb.dart').
Try correcting the name to the name of an existing method, or defining a method named '$_clearField'.
  void clearDeviceId() => $_clearField(1);
                          ^^^^^^^^^^^^
lib/generated/spacex_api/device/services/unlock/service.pb.dart:97:24: Error: The method '$_clearField' isn't defined for the type 'UnlockChallenge'.
 - 'UnlockChallenge' is from 'package:starlink_isp_app/generated/spacex_api/device/services/unlock/service.pb.dart' ('lib/generated/spacex_api/device/services/unlock/service.pb.dart').
Try correcting the name to the name of an existing method, or defining a method named '$_clearField'.
  void clearNonce() => $_clearField(2);
                       ^^^^^^^^^^^^
lib/generated/spacex_api/device/services/unlock/service.pb.dart:106:27: Error: The method '$_clearField' isn't defined for the type 'UnlockChallenge'.
 - 'UnlockChallenge' is from 'package:starlink_isp_app/generated/spacex_api/device/services/unlock/service.pb.dart' ('lib/generated/spacex_api/device/services/unlock/service.pb.dart').
Try correcting the name to the name of an existing method, or defining a method named '$_clearField'.
  void clearSignSpki() => $_clearField(4);
                          ^^^^^^^^^^^^
lib/generated/spacex_api/device/services/unlock/service.pb.dart:115:31: Error: The method '$_clearField' isn't defined for the type 'UnlockChallenge'.
 - 'UnlockChallenge' is from 'package:starlink_isp_app/generated/spacex_api/device/services/unlock/service.pb.dart' ('lib/generated/spacex_api/device/services/unlock/service.pb.dart').
Try correcting the name to the name of an existing method, or defining a method named '$_clearField'.
  void clearGrantKeydata() => $_clearField(5);
                              ^^^^^^^^^^^^
lib/generated/spacex_api/device/services/unlock/service.pb.dart:124:33: Error: The method '$_clearField' isn't defined for the type 'UnlockChallenge'.
 - 'UnlockChallenge' is from 'package:starlink_isp_app/generated/spacex_api/device/services/unlock/service.pb.dart' ('lib/generated/spacex_api/device/services/unlock/service.pb.dart').
Try correcting the name to the name of an existing method, or defining a method named '$_clearField'.
  void clearServiceKeydata() => $_clearField(6);
                                ^^^^^^^^^^^^
lib/generated/spacex_api/device/services/unlock/service.pb.dart:127:51: Error: A value of type 'List<dynamic>' can't be returned from a function with return type 'PbList<String>'.
 - 'List' is from 'dart:core'.
 - 'PbList' is from 'package:protobuf/protobuf.dart' ('../../../.pub-cache/hosted/pub.dev/protobuf-3.1.0/lib/protobuf.dart').
  $pb.PbList<$core.String> get authorityGrants => $_getList(5);
                                                  ^
lib/generated/spacex_api/device/services/unlock/service.pb.dart:229:27: Error: The method '$_clearField' isn't defined for the type 'StartUnlockResponse'.
 - 'StartUnlockResponse' is from 'package:starlink_isp_app/generated/spacex_api/device/services/unlock/service.pb.dart' ('lib/generated/spacex_api/device/services/unlock/service.pb.dart').
Try correcting the name to the name of an existing method, or defining a method named '$_clearField'.
  void clearDeviceId() => $_clearField(1);
                          ^^^^^^^^^^^^
lib/generated/spacex_api/device/services/unlock/service.pb.dart:238:24: Error: The method '$_clearField' isn't defined for the type 'StartUnlockResponse'.
 - 'StartUnlockResponse' is from 'package:starlink_isp_app/generated/spacex_api/device/services/unlock/service.pb.dart' ('lib/generated/spacex_api/device/services/unlock/service.pb.dart').
Try correcting the name to the name of an existing method, or defining a method named '$_clearField'.
  void clearNonce() => $_clearField(2);
                       ^^^^^^^^^^^^
lib/generated/spacex_api/device/services/unlock/service.pb.dart:247:27: Error: The method '$_clearField' isn't defined for the type 'StartUnlockResponse'.
 - 'StartUnlockResponse' is from 'package:starlink_isp_app/generated/spacex_api/device/services/unlock/service.pb.dart' ('lib/generated/spacex_api/device/services/unlock/service.pb.dart').
Try correcting the name to the name of an existing method, or defining a method named '$_clearField'.
  void clearSignSpki() => $_clearField(3);
                          ^^^^^^^^^^^^
lib/generated/spacex_api/device/services/unlock/service.pb.dart:307:28: Error: The method '$_clearField' isn't defined for the type 'FinishUnlockRequest'.
 - 'FinishUnlockRequest' is from 'package:starlink_isp_app/generated/spacex_api/device/services/unlock/service.pb.dart' ('lib/generated/spacex_api/device/services/unlock/service.pb.dart').
Try correcting the name to the name of an existing method, or defining a method named '$_clearField'.
  void clearChallenge() => $_clearField(1);
                           ^^^^^^^^^^^^
lib/generated/spacex_api/device/services/unlock/service.pb.dart:316:28: Error: The method '$_clearField' isn't defined for the type 'FinishUnlockRequest'.
 - 'FinishUnlockRequest' is from 'package:starlink_isp_app/generated/spacex_api/device/services/unlock/service.pb.dart' ('lib/generated/spacex_api/device/services/unlock/service.pb.dart').
Try correcting the name to the name of an existing method, or defining a method named '$_clearField'.
  void clearSignature() => $_clearField(2);
                           ^^^^^^^^^^^^
lib/generated/spacex_api/device/services/unlock/service.pb.dart:342:7: Error: The method 'aI' isn't defined for the type 'BuilderInfo'.
 - 'BuilderInfo' is from 'package:protobuf/protobuf.dart' ('../../../.pub-cache/hosted/pub.dev/protobuf-3.1.0/lib/protobuf.dart').
Try correcting the name to the name of an existing method, or defining a method named 'aI'.
    ..aI(1, _omitFieldNames ? '' : 'status', fieldType: $pb.PbFieldType.OU3)
      ^^
lib/generated/spacex_api/device/services/unlock/service.pb.dart:371:25: Error: The method '$_clearField' isn't defined for the type 'FinishUnlockResponse'.
 - 'FinishUnlockResponse' is from 'package:starlink_isp_app/generated/spacex_api/device/services/unlock/service.pb.dart' ('lib/generated/spacex_api/device/services/unlock/service.pb.dart').
Try correcting the name to the name of an existing method, or defining a method named '$_clearField'.
  void clearStatus() => $_clearField(1);
                        ^^^^^^^^^^^^
lib/generated/spacex_api/device/transceiver.pb.dart:81:35: Error: The method '$_clearField' isn't defined for the type 'TransceiverIFLoopbackTestRequest'.
 - 'TransceiverIFLoopbackTestRequest' is from 'package:starlink_isp_app/generated/spacex_api/device/transceiver.pb.dart' ('lib/generated/spacex_api/device/transceiver.pb.dart').
Try correcting the name to the name of an existing method, or defining a method named '$_clearField'.
  void clearEnableIfLoopback() => $_clearField(1);
                                  ^^^^^^^^^^^^
lib/generated/spacex_api/device/transceiver.pb.dart:114:7: Error: The method 'aD' isn't defined for the type 'BuilderInfo'.
 - 'BuilderInfo' is from 'package:protobuf/protobuf.dart' ('../../../.pub-cache/hosted/pub.dev/protobuf-3.1.0/lib/protobuf.dart').
Try correcting the name to the name of an existing method, or defining a method named 'aD'.
    ..aD(1, _omitFieldNames ? '' : 'berLoopbackTest',
      ^^
lib/generated/spacex_api/device/transceiver.pb.dart:116:7: Error: The method 'aD' isn't defined for the type 'BuilderInfo'.
 - 'BuilderInfo' is from 'package:protobuf/protobuf.dart' ('../../../.pub-cache/hosted/pub.dev/protobuf-3.1.0/lib/protobuf.dart').
Try correcting the name to the name of an existing method, or defining a method named 'aD'.
    ..aD(2, _omitFieldNames ? '' : 'snrLoopbackTest',
      ^^
lib/generated/spacex_api/device/transceiver.pb.dart:118:7: Error: The method 'aD' isn't defined for the type 'BuilderInfo'.
 - 'BuilderInfo' is from 'package:protobuf/protobuf.dart' ('../../../.pub-cache/hosted/pub.dev/protobuf-3.1.0/lib/protobuf.dart').
Try correcting the name to the name of an existing method, or defining a method named 'aD'.
    ..aD(3, _omitFieldNames ? '' : 'rssiLoopbackTest',
      ^^
lib/generated/spacex_api/device/transceiver.pb.dart:153:34: Error: The method '$_clearField' isn't defined for the type 'TransceiverIFLoopbackTestResponse'.
 - 'TransceiverIFLoopbackTestResponse' is from 'package:starlink_isp_app/generated/spacex_api/device/transceiver.pb.dart' ('lib/generated/spacex_api/device/transceiver.pb.dart').
Try correcting the name to the name of an existing method, or defining a method named '$_clearField'.
  void clearBerLoopbackTest() => $_clearField(1);
                                 ^^^^^^^^^^^^
lib/generated/spacex_api/device/transceiver.pb.dart:162:34: Error: The method '$_clearField' isn't defined for the type 'TransceiverIFLoopbackTestResponse'.
 - 'TransceiverIFLoopbackTestResponse' is from 'package:starlink_isp_app/generated/spacex_api/device/transceiver.pb.dart' ('lib/generated/spacex_api/device/transceiver.pb.dart').
Try correcting the name to the name of an existing method, or defining a method named '$_clearField'.
  void clearSnrLoopbackTest() => $_clearField(2);
                                 ^^^^^^^^^^^^
lib/generated/spacex_api/device/transceiver.pb.dart:171:35: Error: The method '$_clearField' isn't defined for the type 'TransceiverIFLoopbackTestResponse'.
 - 'TransceiverIFLoopbackTestResponse' is from 'package:starlink_isp_app/generated/spacex_api/device/transceiver.pb.dart' ('lib/generated/spacex_api/device/transceiver.pb.dart').
Try correcting the name to the name of an existing method, or defining a method named '$_clearField'.
  void clearRssiLoopbackTest() => $_clearField(3);
                                  ^^^^^^^^^^^^
lib/generated/spacex_api/device/transceiver.pb.dart:180:26: Error: The method '$_clearField' isn't defined for the type 'TransceiverIFLoopbackTestResponse'.
 - 'TransceiverIFLoopbackTestResponse' is from 'package:starlink_isp_app/generated/spacex_api/device/transceiver.pb.dart' ('lib/generated/spacex_api/device/transceiver.pb.dart').
Try correcting the name to the name of an existing method, or defining a method named '$_clearField'.
  void clearPllLock() => $_clearField(4);
                         ^^^^^^^^^^^^
lib/generated/spacex_api/device/transceiver.pb.dart:265:7: Error: The method 'aE' isn't defined for the type 'BuilderInfo'.
 - 'BuilderInfo' is from 'package:protobuf/protobuf.dart' ('../../../.pub-cache/hosted/pub.dev/protobuf-3.1.0/lib/protobuf.dart').
Try correcting the name to the name of an existing method, or defining a method named 'aE'.
    ..aE<TransceiverModulatorState>(1, _omitFieldNames ? '' : 'modState',
      ^^
lib/generated/spacex_api/device/transceiver.pb.dart:267:7: Error: The method 'aE' isn't defined for the type 'BuilderInfo'.
 - 'BuilderInfo' is from 'package:protobuf/protobuf.dart' ('../../../.pub-cache/hosted/pub.dev/protobuf-3.1.0/lib/protobuf.dart').
Try correcting the name to the name of an existing method, or defining a method named 'aE'.
    ..aE<TransceiverModulatorState>(2, _omitFieldNames ? '' : 'demodState',
      ^^
lib/generated/spacex_api/device/transceiver.pb.dart:269:7: Error: The method 'aE' isn't defined for the type 'BuilderInfo'.
 - 'BuilderInfo' is from 'package:protobuf/protobuf.dart' ('../../../.pub-cache/hosted/pub.dev/protobuf-3.1.0/lib/protobuf.dart').
Try correcting the name to the name of an existing method, or defining a method named 'aE'.
    ..aE<TransceiverTxRxState>(3, _omitFieldNames ? '' : 'txState',
      ^^
lib/generated/spacex_api/device/transceiver.pb.dart:271:7: Error: The method 'aE' isn't defined for the type 'BuilderInfo'.
 - 'BuilderInfo' is from 'package:protobuf/protobuf.dart' ('../../../.pub-cache/hosted/pub.dev/protobuf-3.1.0/lib/protobuf.dart').
Try correcting the name to the name of an existing method, or defining a method named 'aE'.
    ..aE<TransceiverTxRxState>(4, _omitFieldNames ? '' : 'rxState',
      ^^
lib/generated/spacex_api/device/transceiver.pb.dart:273:7: Error: The method 'aE' isn't defined for the type 'BuilderInfo'.
 - 'BuilderInfo' is from 'package:protobuf/protobuf.dart' ('../../../.pub-cache/hosted/pub.dev/protobuf-3.1.0/lib/protobuf.dart').
Try correcting the name to the name of an existing method, or defining a method named 'aE'.
    ..aE<$0.DishState>(1006, _omitFieldNames ? '' : 'state',
      ^^
lib/generated/spacex_api/device/transceiver.pb.dart:277:7: Error: The method 'aE' isn't defined for the type 'BuilderInfo'.
 - 'BuilderInfo' is from 'package:protobuf/protobuf.dart' ('../../../.pub-cache/hosted/pub.dev/protobuf-3.1.0/lib/protobuf.dart').
Try correcting the name to the name of an existing method, or defining a method named 'aE'.
    ..aE<TransceiverTransmitBlankingState>(
      ^^
lib/generated/spacex_api/device/transceiver.pb.dart:280:7: Error: The method 'aD' isn't defined for the type 'BuilderInfo'.
 - 'BuilderInfo' is from 'package:protobuf/protobuf.dart' ('../../../.pub-cache/hosted/pub.dev/protobuf-3.1.0/lib/protobuf.dart').
Try correcting the name to the name of an existing method, or defining a method named 'aD'.
    ..aD(1009, _omitFieldNames ? '' : 'modemAsicTemp',
      ^^
lib/generated/spacex_api/device/transceiver.pb.dart:282:7: Error: The method 'aD' isn't defined for the type 'BuilderInfo'.
 - 'BuilderInfo' is from 'package:protobuf/protobuf.dart' ('../../../.pub-cache/hosted/pub.dev/protobuf-3.1.0/lib/protobuf.dart').
Try correcting the name to the name of an existing method, or defining a method named 'aD'.
    ..aD(1010, _omitFieldNames ? '' : 'txIfTemp', fieldType: $pb.PbFieldType.OF)
      ^^
lib/generated/spacex_api/device/transceiver.pb.dart:310:52: Error: The method '$_setField' isn't defined for the type 'TransceiverGetStatusResponse'.
 - 'TransceiverGetStatusResponse' is from 'package:starlink_isp_app/generated/spacex_api/device/transceiver.pb.dart' ('lib/generated/spacex_api/device/transceiver.pb.dart').
Try correcting the name to the name of an existing method, or defining a method named '$_setField'.
  set modState(TransceiverModulatorState value) => $_setField(1, value);
                                                   ^^^^^^^^^^
lib/generated/spacex_api/device/transceiver.pb.dart:314:27: Error: The method '$_clearField' isn't defined for the type 'TransceiverGetStatusResponse'.
 - 'TransceiverGetStatusResponse' is from 'package:starlink_isp_app/generated/spacex_api/device/transceiver.pb.dart' ('lib/generated/spacex_api/device/transceiver.pb.dart').
Try correcting the name to the name of an existing method, or defining a method named '$_clearField'.
  void clearModState() => $_clearField(1);
                          ^^^^^^^^^^^^
lib/generated/spacex_api/device/transceiver.pb.dart:319:54: Error: The method '$_setField' isn't defined for the type 'TransceiverGetStatusResponse'.
 - 'TransceiverGetStatusResponse' is from 'package:starlink_isp_app/generated/spacex_api/device/transceiver.pb.dart' ('lib/generated/spacex_api/device/transceiver.pb.dart').
Try correcting the name to the name of an existing method, or defining a method named '$_setField'.
  set demodState(TransceiverModulatorState value) => $_setField(2, value);
                                                     ^^^^^^^^^^
lib/generated/spacex_api/device/transceiver.pb.dart:323:29: Error: The method '$_clearField' isn't defined for the type 'TransceiverGetStatusResponse'.
 - 'TransceiverGetStatusResponse' is from 'package:starlink_isp_app/generated/spacex_api/device/transceiver.pb.dart' ('lib/generated/spacex_api/device/transceiver.pb.dart').
Try correcting the name to the name of an existing method, or defining a method named '$_clearField'.
  void clearDemodState() => $_clearField(2);
                            ^^^^^^^^^^^^
lib/generated/spacex_api/device/transceiver.pb.dart:328:46: Error: The method '$_setField' isn't defined for the type 'TransceiverGetStatusResponse'.
 - 'TransceiverGetStatusResponse' is from 'package:starlink_isp_app/generated/spacex_api/device/transceiver.pb.dart' ('lib/generated/spacex_api/device/transceiver.pb.dart').
Try correcting the name to the name of an existing method, or defining a method named '$_setField'.
  set txState(TransceiverTxRxState value) => $_setField(3, value);
                                             ^^^^^^^^^^
lib/generated/spacex_api/device/transceiver.pb.dart:332:26: Error: The method '$_clearField' isn't defined for the type 'TransceiverGetStatusResponse'.
 - 'TransceiverGetStatusResponse' is from 'package:starlink_isp_app/generated/spacex_api/device/transceiver.pb.dart' ('lib/generated/spacex_api/device/transceiver.pb.dart').
Try correcting the name to the name of an existing method, or defining a method named '$_clearField'.
  void clearTxState() => $_clearField(3);
                         ^^^^^^^^^^^^
lib/generated/spacex_api/device/transceiver.pb.dart:337:46: Error: The method '$_setField' isn't defined for the type 'TransceiverGetStatusResponse'.
 - 'TransceiverGetStatusResponse' is from 'package:starlink_isp_app/generated/spacex_api/device/transceiver.pb.dart' ('lib/generated/spacex_api/device/transceiver.pb.dart').
Try correcting the name to the name of an existing method, or defining a method named '$_setField'.
  set rxState(TransceiverTxRxState value) => $_setField(4, value);
                                             ^^^^^^^^^^
lib/generated/spacex_api/device/transceiver.pb.dart:341:26: Error: The method '$_clearField' isn't defined for the type 'TransceiverGetStatusResponse'.
 - 'TransceiverGetStatusResponse' is from 'package:starlink_isp_app/generated/spacex_api/device/transceiver.pb.dart' ('lib/generated/spacex_api/device/transceiver.pb.dart').
Try correcting the name to the name of an existing method, or defining a method named '$_clearField'.
  void clearRxState() => $_clearField(4);
                         ^^^^^^^^^^^^
lib/generated/spacex_api/device/transceiver.pb.dart:346:36: Error: The method '$_setField' isn't defined for the type 'TransceiverGetStatusResponse'.
 - 'TransceiverGetStatusResponse' is from 'package:starlink_isp_app/generated/spacex_api/device/transceiver.pb.dart' ('lib/generated/spacex_api/device/transceiver.pb.dart').
Try correcting the name to the name of an existing method, or defining a method named '$_setField'.
  set state($0.DishState value) => $_setField(1006, value);
                                   ^^^^^^^^^^
lib/generated/spacex_api/device/transceiver.pb.dart:350:24: Error: The method '$_clearField' isn't defined for the type 'TransceiverGetStatusResponse'.
 - 'TransceiverGetStatusResponse' is from 'package:starlink_isp_app/generated/spacex_api/device/transceiver.pb.dart' ('lib/generated/spacex_api/device/transceiver.pb.dart').
Try correcting the name to the name of an existing method, or defining a method named '$_clearField'.
  void clearState() => $_clearField(1006);
                       ^^^^^^^^^^^^
lib/generated/spacex_api/device/transceiver.pb.dart:355:42: Error: The method '$_setField' isn't defined for the type 'TransceiverGetStatusResponse'.
 - 'TransceiverGetStatusResponse' is from 'package:starlink_isp_app/generated/spacex_api/device/transceiver.pb.dart' ('lib/generated/spacex_api/device/transceiver.pb.dart').
Try correcting the name to the name of an existing method, or defining a method named '$_setField'.
  set faults(TransceiverFaults value) => $_setField(1007, value);
                                         ^^^^^^^^^^
lib/generated/spacex_api/device/transceiver.pb.dart:359:25: Error: The method '$_clearField' isn't defined for the type 'TransceiverGetStatusResponse'.
 - 'TransceiverGetStatusResponse' is from 'package:starlink_isp_app/generated/spacex_api/device/transceiver.pb.dart' ('lib/generated/spacex_api/device/transceiver.pb.dart').
Try correcting the name to the name of an existing method, or defining a method named '$_clearField'.
  void clearFaults() => $_clearField(1007);
                        ^^^^^^^^^^^^
lib/generated/spacex_api/device/transceiver.pb.dart:367:7: Error: The method '$_setField' isn't defined for the type 'TransceiverGetStatusResponse'.
 - 'TransceiverGetStatusResponse' is from 'package:starlink_isp_app/generated/spacex_api/device/transceiver.pb.dart' ('lib/generated/spacex_api/device/transceiver.pb.dart').
Try correcting the name to the name of an existing method, or defining a method named '$_setField'.
      $_setField(1008, value);
      ^^^^^^^^^^
lib/generated/spacex_api/device/transceiver.pb.dart:371:40: Error: The method '$_clearField' isn't defined for the type 'TransceiverGetStatusResponse'.
 - 'TransceiverGetStatusResponse' is from 'package:starlink_isp_app/generated/spacex_api/device/transceiver.pb.dart' ('lib/generated/spacex_api/device/transceiver.pb.dart').
Try correcting the name to the name of an existing method, or defining a method named '$_clearField'.
  void clearTransmitBlankingState() => $_clearField(1008);
                                       ^^^^^^^^^^^^
lib/generated/spacex_api/device/transceiver.pb.dart:380:32: Error: The method '$_clearField' isn't defined for the type 'TransceiverGetStatusResponse'.
 - 'TransceiverGetStatusResponse' is from 'package:starlink_isp_app/generated/spacex_api/device/transceiver.pb.dart' ('lib/generated/spacex_api/device/transceiver.pb.dart').
Try correcting the name to the name of an existing method, or defining a method named '$_clearField'.
  void clearModemAsicTemp() => $_clearField(1009);
                               ^^^^^^^^^^^^
lib/generated/spacex_api/device/transceiver.pb.dart:389:27: Error: The method '$_clearField' isn't defined for the type 'TransceiverGetStatusResponse'.
 - 'TransceiverGetStatusResponse' is from 'package:starlink_isp_app/generated/spacex_api/device/transceiver.pb.dart' ('lib/generated/spacex_api/device/transceiver.pb.dart').
Try correcting the name to the name of an existing method, or defining a method named '$_clearField'.
  void clearTxIfTemp() => $_clearField(1010);
                          ^^^^^^^^^^^^
lib/generated/spacex_api/device/transceiver.pb.dart:451:41: Error: The method '$_clearField' isn't defined for the type 'TransceiverFaults'.
 - 'TransceiverFaults' is from 'package:starlink_isp_app/generated/spacex_api/device/transceiver.pb.dart' ('lib/generated/spacex_api/device/transceiver.pb.dart').
Try correcting the name to the name of an existing method, or defining a method named '$_clearField'.
  void clearOverTempModemAsicFault() => $_clearField(1);
                                        ^^^^^^^^^^^^
lib/generated/spacex_api/device/transceiver.pb.dart:460:36: Error: The method '$_clearField' isn't defined for the type 'TransceiverFaults'.
 - 'TransceiverFaults' is from 'package:starlink_isp_app/generated/spacex_api/device/transceiver.pb.dart' ('lib/generated/spacex_api/device/transceiver.pb.dart').
Try correcting the name to the name of an existing method, or defining a method named '$_clearField'.
  void clearOverTempPcbaFault() => $_clearField(2);
                                   ^^^^^^^^^^^^
lib/generated/spacex_api/device/transceiver.pb.dart:469:33: Error: The method '$_clearField' isn't defined for the type 'TransceiverFaults'.
 - 'TransceiverFaults' is from 'package:starlink_isp_app/generated/spacex_api/device/transceiver.pb.dart' ('lib/generated/spacex_api/device/transceiver.pb.dart').
Try correcting the name to the name of an existing method, or defining a method named '$_clearField'.
  void clearDcVoltageFault() => $_clearField(3);
                                ^^^^^^^^^^^^
lib/generated/spacex_api/device/transceiver.pb.dart:603:7: Error: The method 'aI' isn't defined for the type 'BuilderInfo'.
 - 'BuilderInfo' is from 'package:protobuf/protobuf.dart' ('../../../.pub-cache/hosted/pub.dev/protobuf-3.1.0/lib/protobuf.dart').
Try correcting the name to the name of an existing method, or defining a method named 'aI'.
    ..aI(1001, _omitFieldNames ? '' : 'antennaPointingMode',
      ^^
lib/generated/spacex_api/device/transceiver.pb.dart:605:7: Error: The method 'aD' isn't defined for the type 'BuilderInfo'.
 - 'BuilderInfo' is from 'package:protobuf/protobuf.dart' ('../../../.pub-cache/hosted/pub.dev/protobuf-3.1.0/lib/protobuf.dart').
Try correcting the name to the name of an existing method, or defining a method named 'aD'.
    ..aD(1002, _omitFieldNames ? '' : 'antennaPitch',
      ^^
lib/generated/spacex_api/device/transceiver.pb.dart:607:7: Error: The method 'aD' isn't defined for the type 'BuilderInfo'.
 - 'BuilderInfo' is from 'package:protobuf/protobuf.dart' ('../../../.pub-cache/hosted/pub.dev/protobuf-3.1.0/lib/protobuf.dart').
Try correcting the name to the name of an existing method, or defining a method named 'aD'.
    ..aD(1003, _omitFieldNames ? '' : 'antennaRoll',
      ^^
lib/generated/spacex_api/device/transceiver.pb.dart:609:7: Error: The method 'aD' isn't defined for the type 'BuilderInfo'.
 - 'BuilderInfo' is from 'package:protobuf/protobuf.dart' ('../../../.pub-cache/hosted/pub.dev/protobuf-3.1.0/lib/protobuf.dart').
Try correcting the name to the name of an existing method, or defining a method named 'aD'.
    ..aD(1004, _omitFieldNames ? '' : 'antennaRxTheta',
      ^^
lib/generated/spacex_api/device/transceiver.pb.dart:611:7: Error: The method 'aD' isn't defined for the type 'BuilderInfo'.
 - 'BuilderInfo' is from 'package:protobuf/protobuf.dart' ('../../../.pub-cache/hosted/pub.dev/protobuf-3.1.0/lib/protobuf.dart').
Try correcting the name to the name of an existing method, or defining a method named 'aD'.
    ..aD(1005, _omitFieldNames ? '' : 'antennaTrueHeading',
      ^^
lib/generated/spacex_api/device/transceiver.pb.dart:613:7: Error: The method 'aI' isn't defined for the type 'BuilderInfo'.
 - 'BuilderInfo' is from 'package:protobuf/protobuf.dart' ('../../../.pub-cache/hosted/pub.dev/protobuf-3.1.0/lib/protobuf.dart').
Try correcting the name to the name of an existing method, or defining a method named 'aI'.
    ..aI(1006, _omitFieldNames ? '' : 'rxChannel',
      ^^
lib/generated/spacex_api/device/transceiver.pb.dart:615:7: Error: The method 'aI' isn't defined for the type 'BuilderInfo'.
 - 'BuilderInfo' is from 'package:protobuf/protobuf.dart' ('../../../.pub-cache/hosted/pub.dev/protobuf-3.1.0/lib/protobuf.dart').
Try correcting the name to the name of an existing method, or defining a method named 'aI'.
    ..aI(1007, _omitFieldNames ? '' : 'currentCellId',
      ^^
lib/generated/spacex_api/device/transceiver.pb.dart:617:7: Error: The method 'aD' isn't defined for the type 'BuilderInfo'.
 - 'BuilderInfo' is from 'package:protobuf/protobuf.dart' ('../../../.pub-cache/hosted/pub.dev/protobuf-3.1.0/lib/protobuf.dart').
Try correcting the name to the name of an existing method, or defining a method named 'aD'.
    ..aD(1008, _omitFieldNames ? '' : 'secondsUntilSlotEnd',
      ^^
lib/generated/spacex_api/device/transceiver.pb.dart:619:7: Error: The method 'aD' isn't defined for the type 'BuilderInfo'.
 - 'BuilderInfo' is from 'package:protobuf/protobuf.dart' ('../../../.pub-cache/hosted/pub.dev/protobuf-3.1.0/lib/protobuf.dart').
Try correcting the name to the name of an existing method, or defining a method named 'aD'.
    ..aD(1009, _omitFieldNames ? '' : 'wbRssiPeakMagDb',
      ^^
lib/generated/spacex_api/device/transceiver.pb.dart:621:7: Error: The method 'aD' isn't defined for the type 'BuilderInfo'.
 - 'BuilderInfo' is from 'package:protobuf/protobuf.dart' ('../../../.pub-cache/hosted/pub.dev/protobuf-3.1.0/lib/protobuf.dart').
Try correcting the name to the name of an existing method, or defining a method named 'aD'.
    ..aD(1010, _omitFieldNames ? '' : 'popPingDropRate',
      ^^
lib/generated/spacex_api/device/transceiver.pb.dart:623:7: Error: The method 'aD' isn't defined for the type 'BuilderInfo'.
 - 'BuilderInfo' is from 'package:protobuf/protobuf.dart' ('../../../.pub-cache/hosted/pub.dev/protobuf-3.1.0/lib/protobuf.dart').
Try correcting the name to the name of an existing method, or defining a method named 'aD'.
    ..aD(1011, _omitFieldNames ? '' : 'snrDb', fieldType: $pb.PbFieldType.OF)
      ^^
lib/generated/spacex_api/device/transceiver.pb.dart:624:7: Error: The method 'aD' isn't defined for the type 'BuilderInfo'.
 - 'BuilderInfo' is from 'package:protobuf/protobuf.dart' ('../../../.pub-cache/hosted/pub.dev/protobuf-3.1.0/lib/protobuf.dart').
Try correcting the name to the name of an existing method, or defining a method named 'aD'.
    ..aD(1012, _omitFieldNames ? '' : 'l1SnrAvgDb',
      ^^
lib/generated/spacex_api/device/transceiver.pb.dart:626:7: Error: The method 'aD' isn't defined for the type 'BuilderInfo'.
 - 'BuilderInfo' is from 'package:protobuf/protobuf.dart' ('../../../.pub-cache/hosted/pub.dev/protobuf-3.1.0/lib/protobuf.dart').
Try correcting the name to the name of an existing method, or defining a method named 'aD'.
    ..aD(1013, _omitFieldNames ? '' : 'l1SnrMinDb',
      ^^
lib/generated/spacex_api/device/transceiver.pb.dart:628:7: Error: The method 'aD' isn't defined for the type 'BuilderInfo'.
 - 'BuilderInfo' is from 'package:protobuf/protobuf.dart' ('../../../.pub-cache/hosted/pub.dev/protobuf-3.1.0/lib/protobuf.dart').
Try correcting the name to the name of an existing method, or defining a method named 'aD'.
    ..aD(1014, _omitFieldNames ? '' : 'l1SnrMaxDb',
      ^^
lib/generated/spacex_api/device/transceiver.pb.dart:630:7: Error: The method 'aI' isn't defined for the type 'BuilderInfo'.
 - 'BuilderInfo' is from 'package:protobuf/protobuf.dart' ('../../../.pub-cache/hosted/pub.dev/protobuf-3.1.0/lib/protobuf.dart').
Try correcting the name to the name of an existing method, or defining a method named 'aI'.
    ..aI(1015, _omitFieldNames ? '' : 'lmacSatelliteId',
      ^^
lib/generated/spacex_api/device/transceiver.pb.dart:632:7: Error: The method 'aI' isn't defined for the type 'BuilderInfo'.
 - 'BuilderInfo' is from 'package:protobuf/protobuf.dart' ('../../../.pub-cache/hosted/pub.dev/protobuf-3.1.0/lib/protobuf.dart').
Try correcting the name to the name of an existing method, or defining a method named 'aI'.
    ..aI(1016, _omitFieldNames ? '' : 'targetSatelliteId',
      ^^
lib/generated/spacex_api/device/transceiver.pb.dart:634:7: Error: The method 'aI' isn't defined for the type 'BuilderInfo'.
 - 'BuilderInfo' is from 'package:protobuf/protobuf.dart' ('../../../.pub-cache/hosted/pub.dev/protobuf-3.1.0/lib/protobuf.dart').
Try correcting the name to the name of an existing method, or defining a method named 'aI'.
    ..aI(1017, _omitFieldNames ? '' : 'grantMcs',
      ^^
lib/generated/spacex_api/device/transceiver.pb.dart:636:7: Error: The method 'aD' isn't defined for the type 'BuilderInfo'.
 - 'BuilderInfo' is from 'package:protobuf/protobuf.dart' ('../../../.pub-cache/hosted/pub.dev/protobuf-3.1.0/lib/protobuf.dart').
Try correcting the name to the name of an existing method, or defining a method named 'aD'.
    ..aD(1018, _omitFieldNames ? '' : 'grantSymbolsAvg',
      ^^
lib/generated/spacex_api/device/transceiver.pb.dart:638:7: Error: The method 'aI' isn't defined for the type 'BuilderInfo'.
 - 'BuilderInfo' is from 'package:protobuf/protobuf.dart' ('../../../.pub-cache/hosted/pub.dev/protobuf-3.1.0/lib/protobuf.dart').
Try correcting the name to the name of an existing method, or defining a method named 'aI'.
    ..aI(1019, _omitFieldNames ? '' : 'dedGrant',
      ^^
lib/generated/spacex_api/device/transceiver.pb.dart:640:7: Error: The method 'aI' isn't defined for the type 'BuilderInfo'.
 - 'BuilderInfo' is from 'package:protobuf/protobuf.dart' ('../../../.pub-cache/hosted/pub.dev/protobuf-3.1.0/lib/protobuf.dart').
Try correcting the name to the name of an existing method, or defining a method named 'aI'.
    ..aI(1020, _omitFieldNames ? '' : 'mobilityProactiveSlotChange',
      ^^
lib/generated/spacex_api/device/transceiver.pb.dart:642:7: Error: The method 'aI' isn't defined for the type 'BuilderInfo'.
 - 'BuilderInfo' is from 'package:protobuf/protobuf.dart' ('../../../.pub-cache/hosted/pub.dev/protobuf-3.1.0/lib/protobuf.dart').
Try correcting the name to the name of an existing method, or defining a method named 'aI'.
    ..aI(1021, _omitFieldNames ? '' : 'mobilityReactiveSlotChange',
      ^^
lib/generated/spacex_api/device/transceiver.pb.dart:644:7: Error: The method 'aI' isn't defined for the type 'BuilderInfo'.
 - 'BuilderInfo' is from 'package:protobuf/protobuf.dart' ('../../../.pub-cache/hosted/pub.dev/protobuf-3.1.0/lib/protobuf.dart').
Try correcting the name to the name of an existing method, or defining a method named 'aI'.
    ..aI(1022, _omitFieldNames ? '' : 'rfpTotalSynFailed',
      ^^
lib/generated/spacex_api/device/transceiver.pb.dart:646:7: Error: The method 'aI' isn't defined for the type 'BuilderInfo'.
 - 'BuilderInfo' is from 'package:protobuf/protobuf.dart' ('../../../.pub-cache/hosted/pub.dev/protobuf-3.1.0/lib/protobuf.dart').
Try correcting the name to the name of an existing method, or defining a method named 'aI'.
    ..aI(1023, _omitFieldNames ? '' : 'numOutOfSeq',
      ^^
lib/generated/spacex_api/device/transceiver.pb.dart:648:7: Error: The method 'aI' isn't defined for the type 'BuilderInfo'.
 - 'BuilderInfo' is from 'package:protobuf/protobuf.dart' ('../../../.pub-cache/hosted/pub.dev/protobuf-3.1.0/lib/protobuf.dart').
Try correcting the name to the name of an existing method, or defining a method named 'aI'.
    ..aI(1024, _omitFieldNames ? '' : 'numUlmapDrop',
      ^^
lib/generated/spacex_api/device/transceiver.pb.dart:650:7: Error: The method 'aD' isn't defined for the type 'BuilderInfo'.
 - 'BuilderInfo' is from 'package:protobuf/protobuf.dart' ('../../../.pub-cache/hosted/pub.dev/protobuf-3.1.0/lib/protobuf.dart').
Try correcting the name to the name of an existing method, or defining a method named 'aD'.
    ..aD(1025, _omitFieldNames ? '' : 'currentSecondsOfSchedule',
      ^^
lib/generated/spacex_api/device/transceiver.pb.dart:652:7: Error: The method 'aI' isn't defined for the type 'BuilderInfo'.
 - 'BuilderInfo' is from 'package:protobuf/protobuf.dart' ('../../../.pub-cache/hosted/pub.dev/protobuf-3.1.0/lib/protobuf.dart').
Try correcting the name to the name of an existing method, or defining a method named 'aI'.
    ..aI(1026, _omitFieldNames ? '' : 'sendLabelSwitchToGroundFailedCalls',
      ^^
lib/generated/spacex_api/device/transceiver.pb.dart:654:7: Error: The method 'aD' isn't defined for the type 'BuilderInfo'.
 - 'BuilderInfo' is from 'package:protobuf/protobuf.dart' ('../../../.pub-cache/hosted/pub.dev/protobuf-3.1.0/lib/protobuf.dart').
Try correcting the name to the name of an existing method, or defining a method named 'aD'.
    ..aD(1027, _omitFieldNames ? '' : 'emaVelocityX')
      ^^
lib/generated/spacex_api/device/transceiver.pb.dart:655:7: Error: The method 'aD' isn't defined for the type 'BuilderInfo'.
 - 'BuilderInfo' is from 'package:protobuf/protobuf.dart' ('../../../.pub-cache/hosted/pub.dev/protobuf-3.1.0/lib/protobuf.dart').
Try correcting the name to the name of an existing method, or defining a method named 'aD'.
    ..aD(1028, _omitFieldNames ? '' : 'emaVelocityY')
      ^^
lib/generated/spacex_api/device/transceiver.pb.dart:656:7: Error: The method 'aD' isn't defined for the type 'BuilderInfo'.
 - 'BuilderInfo' is from 'package:protobuf/protobuf.dart' ('../../../.pub-cache/hosted/pub.dev/protobuf-3.1.0/lib/protobuf.dart').
Try correcting the name to the name of an existing method, or defining a method named 'aD'.
    ..aD(1029, _omitFieldNames ? '' : 'emaVelocityZ')
      ^^
lib/generated/spacex_api/device/transceiver.pb.dart:657:7: Error: The method 'aD' isn't defined for the type 'BuilderInfo'.
 - 'BuilderInfo' is from 'package:protobuf/protobuf.dart' ('../../../.pub-cache/hosted/pub.dev/protobuf-3.1.0/lib/protobuf.dart').
Try correcting the name to the name of an existing method, or defining a method named 'aD'.
    ..aD(1030, _omitFieldNames ? '' : 'ceRssiDb', fieldType: $pb.PbFieldType.OF)
      ^^
lib/generated/spacex_api/device/transceiver.pb.dart:690:38: Error: The method '$_clearField' isn't defined for the type 'TransceiverGetTelemetryResponse'.
 - 'TransceiverGetTelemetryResponse' is from 'package:starlink_isp_app/generated/spacex_api/device/transceiver.pb.dart' ('lib/generated/spacex_api/device/transceiver.pb.dart').
Try correcting the name to the name of an existing method, or defining a method named '$_clearField'.
  void clearAntennaPointingMode() => $_clearField(1001);
                                     ^^^^^^^^^^^^
lib/generated/spacex_api/device/transceiver.pb.dart:699:31: Error: The method '$_clearField' isn't defined for the type 'TransceiverGetTelemetryResponse'.
 - 'TransceiverGetTelemetryResponse' is from 'package:starlink_isp_app/generated/spacex_api/device/transceiver.pb.dart' ('lib/generated/spacex_api/device/transceiver.pb.dart').
Try correcting the name to the name of an existing method, or defining a method named '$_clearField'.
  void clearAntennaPitch() => $_clearField(1002);
                              ^^^^^^^^^^^^
lib/generated/spacex_api/device/transceiver.pb.dart:708:30: Error: The method '$_clearField' isn't defined for the type 'TransceiverGetTelemetryResponse'.
 - 'TransceiverGetTelemetryResponse' is from 'package:starlink_isp_app/generated/spacex_api/device/transceiver.pb.dart' ('lib/generated/spacex_api/device/transceiver.pb.dart').
Try correcting the name to the name of an existing method, or defining a method named '$_clearField'.
  void clearAntennaRoll() => $_clearField(1003);
                             ^^^^^^^^^^^^
lib/generated/spacex_api/device/transceiver.pb.dart:717:33: Error: The method '$_clearField' isn't defined for the type 'TransceiverGetTelemetryResponse'.
 - 'TransceiverGetTelemetryResponse' is from 'package:starlink_isp_app/generated/spacex_api/device/transceiver.pb.dart' ('lib/generated/spacex_api/device/transceiver.pb.dart').
Try correcting the name to the name of an existing method, or defining a method named '$_clearField'.
  void clearAntennaRxTheta() => $_clearField(1004);
                                ^^^^^^^^^^^^
lib/generated/spacex_api/device/transceiver.pb.dart:726:37: Error: The method '$_clearField' isn't defined for the type 'TransceiverGetTelemetryResponse'.
 - 'TransceiverGetTelemetryResponse' is from 'package:starlink_isp_app/generated/spacex_api/device/transceiver.pb.dart' ('lib/generated/spacex_api/device/transceiver.pb.dart').
Try correcting the name to the name of an existing method, or defining a method named '$_clearField'.
  void clearAntennaTrueHeading() => $_clearField(1005);
                                    ^^^^^^^^^^^^
lib/generated/spacex_api/device/transceiver.pb.dart:735:28: Error: The method '$_clearField' isn't defined for the type 'TransceiverGetTelemetryResponse'.
 - 'TransceiverGetTelemetryResponse' is from 'package:starlink_isp_app/generated/spacex_api/device/transceiver.pb.dart' ('lib/generated/spacex_api/device/transceiver.pb.dart').
Try correcting the name to the name of an existing method, or defining a method named '$_clearField'.
  void clearRxChannel() => $_clearField(1006);
                           ^^^^^^^^^^^^
lib/generated/spacex_api/device/transceiver.pb.dart:744:32: Error: The method '$_clearField' isn't defined for the type 'TransceiverGetTelemetryResponse'.
 - 'TransceiverGetTelemetryResponse' is from 'package:starlink_isp_app/generated/spacex_api/device/transceiver.pb.dart' ('lib/generated/spacex_api/device/transceiver.pb.dart').
Try correcting the name to the name of an existing method, or defining a method named '$_clearField'.
  void clearCurrentCellId() => $_clearField(1007);
                               ^^^^^^^^^^^^
lib/generated/spacex_api/device/transceiver.pb.dart:753:38: Error: The method '$_clearField' isn't defined for the type 'TransceiverGetTelemetryResponse'.
 - 'TransceiverGetTelemetryResponse' is from 'package:starlink_isp_app/generated/spacex_api/device/transceiver.pb.dart' ('lib/generated/spacex_api/device/transceiver.pb.dart').
Try correcting the name to the name of an existing method, or defining a method named '$_clearField'.
  void clearSecondsUntilSlotEnd() => $_clearField(1008);
                                     ^^^^^^^^^^^^
lib/generated/spacex_api/device/transceiver.pb.dart:762:34: Error: The method '$_clearField' isn't defined for the type 'TransceiverGetTelemetryResponse'.
 - 'TransceiverGetTelemetryResponse' is from 'package:starlink_isp_app/generated/spacex_api/device/transceiver.pb.dart' ('lib/generated/spacex_api/device/transceiver.pb.dart').
Try correcting the name to the name of an existing method, or defining a method named '$_clearField'.
  void clearWbRssiPeakMagDb() => $_clearField(1009);
                                 ^^^^^^^^^^^^
lib/generated/spacex_api/device/transceiver.pb.dart:771:34: Error: The method '$_clearField' isn't defined for the type 'TransceiverGetTelemetryResponse'.
 - 'TransceiverGetTelemetryResponse' is from 'package:starlink_isp_app/generated/spacex_api/device/transceiver.pb.dart' ('lib/generated/spacex_api/device/transceiver.pb.dart').
Try correcting the name to the name of an existing method, or defining a method named '$_clearField'.
  void clearPopPingDropRate() => $_clearField(1010);
                                 ^^^^^^^^^^^^
lib/generated/spacex_api/device/transceiver.pb.dart:780:24: Error: The method '$_clearField' isn't defined for the type 'TransceiverGetTelemetryResponse'.
 - 'TransceiverGetTelemetryResponse' is from 'package:starlink_isp_app/generated/spacex_api/device/transceiver.pb.dart' ('lib/generated/spacex_api/device/transceiver.pb.dart').
Try correcting the name to the name of an existing method, or defining a method named '$_clearField'.
  void clearSnrDb() => $_clearField(1011);
                       ^^^^^^^^^^^^
lib/generated/spacex_api/device/transceiver.pb.dart:789:29: Error: The method '$_clearField' isn't defined for the type 'TransceiverGetTelemetryResponse'.
 - 'TransceiverGetTelemetryResponse' is from 'package:starlink_isp_app/generated/spacex_api/device/transceiver.pb.dart' ('lib/generated/spacex_api/device/transceiver.pb.dart').
Try correcting the name to the name of an existing method, or defining a method named '$_clearField'.
  void clearL1SnrAvgDb() => $_clearField(1012);
                            ^^^^^^^^^^^^
lib/generated/spacex_api/device/transceiver.pb.dart:798:29: Error: The method '$_clearField' isn't defined for the type 'TransceiverGetTelemetryResponse'.
 - 'TransceiverGetTelemetryResponse' is from 'package:starlink_isp_app/generated/spacex_api/device/transceiver.pb.dart' ('lib/generated/spacex_api/device/transceiver.pb.dart').
Try correcting the name to the name of an existing method, or defining a method named '$_clearField'.
  void clearL1SnrMinDb() => $_clearField(1013);
                            ^^^^^^^^^^^^
lib/generated/spacex_api/device/transceiver.pb.dart:807:29: Error: The method '$_clearField' isn't defined for the type 'TransceiverGetTelemetryResponse'.
 - 'TransceiverGetTelemetryResponse' is from 'package:starlink_isp_app/generated/spacex_api/device/transceiver.pb.dart' ('lib/generated/spacex_api/device/transceiver.pb.dart').
Try correcting the name to the name of an existing method, or defining a method named '$_clearField'.
  void clearL1SnrMaxDb() => $_clearField(1014);
                            ^^^^^^^^^^^^
lib/generated/spacex_api/device/transceiver.pb.dart:816:34: Error: The method '$_clearField' isn't defined for the type 'TransceiverGetTelemetryResponse'.
 - 'TransceiverGetTelemetryResponse' is from 'package:starlink_isp_app/generated/spacex_api/device/transceiver.pb.dart' ('lib/generated/spacex_api/device/transceiver.pb.dart').
Try correcting the name to the name of an existing method, or defining a method named '$_clearField'.
  void clearLmacSatelliteId() => $_clearField(1015);
                                 ^^^^^^^^^^^^
lib/generated/spacex_api/device/transceiver.pb.dart:825:36: Error: The method '$_clearField' isn't defined for the type 'TransceiverGetTelemetryResponse'.
 - 'TransceiverGetTelemetryResponse' is from 'package:starlink_isp_app/generated/spacex_api/device/transceiver.pb.dart' ('lib/generated/spacex_api/device/transceiver.pb.dart').
Try correcting the name to the name of an existing method, or defining a method named '$_clearField'.
  void clearTargetSatelliteId() => $_clearField(1016);
                                   ^^^^^^^^^^^^
lib/generated/spacex_api/device/transceiver.pb.dart:834:27: Error: The method '$_clearField' isn't defined for the type 'TransceiverGetTelemetryResponse'.
 - 'TransceiverGetTelemetryResponse' is from 'package:starlink_isp_app/generated/spacex_api/device/transceiver.pb.dart' ('lib/generated/spacex_api/device/transceiver.pb.dart').
Try correcting the name to the name of an existing method, or defining a method named '$_clearField'.
  void clearGrantMcs() => $_clearField(1017);
                          ^^^^^^^^^^^^
lib/generated/spacex_api/device/transceiver.pb.dart:843:34: Error: The method '$_clearField' isn't defined for the type 'TransceiverGetTelemetryResponse'.
 - 'TransceiverGetTelemetryResponse' is from 'package:starlink_isp_app/generated/spacex_api/device/transceiver.pb.dart' ('lib/generated/spacex_api/device/transceiver.pb.dart').
Try correcting the name to the name of an existing method, or defining a method named '$_clearField'.
  void clearGrantSymbolsAvg() => $_clearField(1018);
                                 ^^^^^^^^^^^^
lib/generated/spacex_api/device/transceiver.pb.dart:852:27: Error: The method '$_clearField' isn't defined for the type 'TransceiverGetTelemetryResponse'.
 - 'TransceiverGetTelemetryResponse' is from 'package:starlink_isp_app/generated/spacex_api/device/transceiver.pb.dart' ('lib/generated/spacex_api/device/transceiver.pb.dart').
Try correcting the name to the name of an existing method, or defining a method named '$_clearField'.
  void clearDedGrant() => $_clearField(1019);
                          ^^^^^^^^^^^^
lib/generated/spacex_api/device/transceiver.pb.dart:862:46: Error: The method '$_clearField' isn't defined for the type 'TransceiverGetTelemetryResponse'.
 - 'TransceiverGetTelemetryResponse' is from 'package:starlink_isp_app/generated/spacex_api/device/transceiver.pb.dart' ('lib/generated/spacex_api/device/transceiver.pb.dart').
Try correcting the name to the name of an existing method, or defining a method named '$_clearField'.
  void clearMobilityProactiveSlotChange() => $_clearField(1020);
                                             ^^^^^^^^^^^^
lib/generated/spacex_api/device/transceiver.pb.dart:872:45: Error: The method '$_clearField' isn't defined for the type 'TransceiverGetTelemetryResponse'.
 - 'TransceiverGetTelemetryResponse' is from 'package:starlink_isp_app/generated/spacex_api/device/transceiver.pb.dart' ('lib/generated/spacex_api/device/transceiver.pb.dart').
Try correcting the name to the name of an existing method, or defining a method named '$_clearField'.
  void clearMobilityReactiveSlotChange() => $_clearField(1021);
                                            ^^^^^^^^^^^^
lib/generated/spacex_api/device/transceiver.pb.dart:881:36: Error: The method '$_clearField' isn't defined for the type 'TransceiverGetTelemetryResponse'.
 - 'TransceiverGetTelemetryResponse' is from 'package:starlink_isp_app/generated/spacex_api/device/transceiver.pb.dart' ('lib/generated/spacex_api/device/transceiver.pb.dart').
Try correcting the name to the name of an existing method, or defining a method named '$_clearField'.
  void clearRfpTotalSynFailed() => $_clearField(1022);
                                   ^^^^^^^^^^^^
lib/generated/spacex_api/device/transceiver.pb.dart:890:30: Error: The method '$_clearField' isn't defined for the type 'TransceiverGetTelemetryResponse'.
 - 'TransceiverGetTelemetryResponse' is from 'package:starlink_isp_app/generated/spacex_api/device/transceiver.pb.dart' ('lib/generated/spacex_api/device/transceiver.pb.dart').
Try correcting the name to the name of an existing method, or defining a method named '$_clearField'.
  void clearNumOutOfSeq() => $_clearField(1023);
                             ^^^^^^^^^^^^
lib/generated/spacex_api/device/transceiver.pb.dart:899:31: Error: The method '$_clearField' isn't defined for the type 'TransceiverGetTelemetryResponse'.
 - 'TransceiverGetTelemetryResponse' is from 'package:starlink_isp_app/generated/spacex_api/device/transceiver.pb.dart' ('lib/generated/spacex_api/device/transceiver.pb.dart').
Try correcting the name to the name of an existing method, or defining a method named '$_clearField'.
  void clearNumUlmapDrop() => $_clearField(1024);
                              ^^^^^^^^^^^^
lib/generated/spacex_api/device/transceiver.pb.dart:908:43: Error: The method '$_clearField' isn't defined for the type 'TransceiverGetTelemetryResponse'.
 - 'TransceiverGetTelemetryResponse' is from 'package:starlink_isp_app/generated/spacex_api/device/transceiver.pb.dart' ('lib/generated/spacex_api/device/transceiver.pb.dart').
Try correcting the name to the name of an existing method, or defining a method named '$_clearField'.
  void clearCurrentSecondsOfSchedule() => $_clearField(1025);
                                          ^^^^^^^^^^^^
lib/generated/spacex_api/device/transceiver.pb.dart:918:53: Error: The method '$_clearField' isn't defined for the type 'TransceiverGetTelemetryResponse'.
 - 'TransceiverGetTelemetryResponse' is from 'package:starlink_isp_app/generated/spacex_api/device/transceiver.pb.dart' ('lib/generated/spacex_api/device/transceiver.pb.dart').
Try correcting the name to the name of an existing method, or defining a method named '$_clearField'.
  void clearSendLabelSwitchToGroundFailedCalls() => $_clearField(1026);
                                                    ^^^^^^^^^^^^
lib/generated/spacex_api/device/transceiver.pb.dart:927:31: Error: The method '$_clearField' isn't defined for the type 'TransceiverGetTelemetryResponse'.
 - 'TransceiverGetTelemetryResponse' is from 'package:starlink_isp_app/generated/spacex_api/device/transceiver.pb.dart' ('lib/generated/spacex_api/device/transceiver.pb.dart').
Try correcting the name to the name of an existing method, or defining a method named '$_clearField'.
  void clearEmaVelocityX() => $_clearField(1027);
                              ^^^^^^^^^^^^
lib/generated/spacex_api/device/transceiver.pb.dart:936:31: Error: The method '$_clearField' isn't defined for the type 'TransceiverGetTelemetryResponse'.
 - 'TransceiverGetTelemetryResponse' is from 'package:starlink_isp_app/generated/spacex_api/device/transceiver.pb.dart' ('lib/generated/spacex_api/device/transceiver.pb.dart').
Try correcting the name to the name of an existing method, or defining a method named '$_clearField'.
  void clearEmaVelocityY() => $_clearField(1028);
                              ^^^^^^^^^^^^
lib/generated/spacex_api/device/transceiver.pb.dart:945:31: Error: The method '$_clearField' isn't defined for the type 'TransceiverGetTelemetryResponse'.
 - 'TransceiverGetTelemetryResponse' is from 'package:starlink_isp_app/generated/spacex_api/device/transceiver.pb.dart' ('lib/generated/spacex_api/device/transceiver.pb.dart').
Try correcting the name to the name of an existing method, or defining a method named '$_clearField'.
  void clearEmaVelocityZ() => $_clearField(1029);
                              ^^^^^^^^^^^^
lib/generated/spacex_api/device/transceiver.pb.dart:954:27: Error: The method '$_clearField' isn't defined for the type 'TransceiverGetTelemetryResponse'.
 - 'TransceiverGetTelemetryResponse' is from 'package:starlink_isp_app/generated/spacex_api/device/transceiver.pb.dart' ('lib/generated/spacex_api/device/transceiver.pb.dart').
Try correcting the name to the name of an existing method, or defining a method named '$_clearField'.
  void clearCeRssiDb() => $_clearField(1030);
                          ^^^^^^^^^^^^
lib/generated/spacex_api/device/wifi.pb.dart:54:7: Error: The method 'pPM' isn't defined for the type 'BuilderInfo'.
 - 'BuilderInfo' is from 'package:protobuf/protobuf.dart' ('../../../.pub-cache/hosted/pub.dev/protobuf-3.1.0/lib/protobuf.dart').
Try correcting the name to the name of an existing method, or defining a method named 'pPM'.
    ..pPM<WifiClient>(1, _omitFieldNames ? '' : 'clients',
      ^^^
lib/generated/spacex_api/device/wifi.pb.dart:78:41: Error: A value of type 'List<dynamic>' can't be returned from a function with return type 'PbList<WifiClient>'.
 - 'List' is from 'dart:core'.
 - 'PbList' is from 'package:protobuf/protobuf.dart' ('../../../.pub-cache/hosted/pub.dev/protobuf-3.1.0/lib/protobuf.dart').
 - 'WifiClient' is from 'package:starlink_isp_app/generated/spacex_api/device/wifi.pb.dart' ('lib/generated/spacex_api/device/wifi.pb.dart').
  $pb.PbList<WifiClient> get clients => $_getList(0);
                                        ^
lib/generated/spacex_api/device/wifi.pb.dart:135:7: Error: The method 'aI' isn't defined for the type 'BuilderInfo'.
 - 'BuilderInfo' is from 'package:protobuf/protobuf.dart' ('../../../.pub-cache/hosted/pub.dev/protobuf-3.1.0/lib/protobuf.dart').
Try correcting the name to the name of an existing method, or defining a method named 'aI'.
    ..aI(4, _omitFieldNames ? '' : 'apiVersion')
      ^^
lib/generated/spacex_api/device/wifi.pb.dart:139:7: Error: The method 'aI' isn't defined for the type 'BuilderInfo'.
 - 'BuilderInfo' is from 'package:protobuf/protobuf.dart' ('../../../.pub-cache/hosted/pub.dev/protobuf-3.1.0/lib/protobuf.dart').
Try correcting the name to the name of an existing method, or defining a method named 'aI'.
    ..aI(7, _omitFieldNames ? '' : 'apiVersionOtherSide')
      ^^
lib/generated/spacex_api/device/wifi.pb.dart:171:26: Error: The method '$_clearField' isn't defined for the type 'ToController'.
 - 'ToController' is from 'package:starlink_isp_app/generated/spacex_api/device/wifi.pb.dart' ('lib/generated/spacex_api/device/wifi.pb.dart').
Try correcting the name to the name of an existing method, or defining a method named '$_clearField'.
  void clearMessage() => $_clearField($_whichOneof(0));
                         ^^^^^^^^^^^^
lib/generated/spacex_api/device/wifi.pb.dart:176:37: Error: The method '$_setField' isn't defined for the type 'ToController'.
 - 'ToController' is from 'package:starlink_isp_app/generated/spacex_api/device/wifi.pb.dart' ('lib/generated/spacex_api/device/wifi.pb.dart').
Try correcting the name to the name of an existing method, or defining a method named '$_setField'.
  set clients(WifiClients value) => $_setField(1, value);
                                    ^^^^^^^^^^
lib/generated/spacex_api/device/wifi.pb.dart:180:26: Error: The method '$_clearField' isn't defined for the type 'ToController'.
 - 'ToController' is from 'package:starlink_isp_app/generated/spacex_api/device/wifi.pb.dart' ('lib/generated/spacex_api/device/wifi.pb.dart').
Try correcting the name to the name of an existing method, or defining a method named '$_clearField'.
  void clearClients() => $_clearField(1);
                         ^^^^^^^^^^^^
lib/generated/spacex_api/device/wifi.pb.dart:187:39: Error: The method '$_setField' isn't defined for the type 'ToController'.
 - 'ToController' is from 'package:starlink_isp_app/generated/spacex_api/device/wifi.pb.dart' ('lib/generated/spacex_api/device/wifi.pb.dart').
Try correcting the name to the name of an existing method, or defining a method named '$_setField'.
  set meshJoin(WifiMeshJoin value) => $_setField(2, value);
                                      ^^^^^^^^^^
lib/generated/spacex_api/device/wifi.pb.dart:191:27: Error: The method '$_clearField' isn't defined for the type 'ToController'.
 - 'ToController' is from 'package:starlink_isp_app/generated/spacex_api/device/wifi.pb.dart' ('lib/generated/spacex_api/device/wifi.pb.dart').
Try correcting the name to the name of an existing method, or defining a method named '$_clearField'.
  void clearMeshJoin() => $_clearField(2);
                          ^^^^^^^^^^^^
lib/generated/spacex_api/device/wifi.pb.dart:198:39: Error: The method '$_setField' isn't defined for the type 'ToController'.
 - 'ToController' is from 'package:starlink_isp_app/generated/spacex_api/device/wifi.pb.dart' ('lib/generated/spacex_api/device/wifi.pb.dart').
Try correcting the name to the name of an existing method, or defining a method named '$_setField'.
  set status(WifiMeshStatus value) => $_setField(3, value);
                                      ^^^^^^^^^^
lib/generated/spacex_api/device/wifi.pb.dart:202:25: Error: The method '$_clearField' isn't defined for the type 'ToController'.
 - 'ToController' is from 'package:starlink_isp_app/generated/spacex_api/device/wifi.pb.dart' ('lib/generated/spacex_api/device/wifi.pb.dart').
Try correcting the name to the name of an existing method, or defining a method named '$_clearField'.
  void clearStatus() => $_clearField(3);
                        ^^^^^^^^^^^^
lib/generated/spacex_api/device/wifi.pb.dart:213:29: Error: The method '$_clearField' isn't defined for the type 'ToController'.
 - 'ToController' is from 'package:starlink_isp_app/generated/spacex_api/device/wifi.pb.dart' ('lib/generated/spacex_api/device/wifi.pb.dart').
Try correcting the name to the name of an existing method, or defining a method named '$_clearField'.
  void clearApiVersion() => $_clearField(4);
                            ^^^^^^^^^^^^
lib/generated/spacex_api/device/wifi.pb.dart:218:41: Error: The method '$_setField' isn't defined for the type 'ToController'.
 - 'ToController' is from 'package:starlink_isp_app/generated/spacex_api/device/wifi.pb.dart' ('lib/generated/spacex_api/device/wifi.pb.dart').
Try correcting the name to the name of an existing method, or defining a method named '$_setField'.
  set speedtest(MeshSpeedtest value) => $_setField(5, value);
                                        ^^^^^^^^^^
lib/generated/spacex_api/device/wifi.pb.dart:222:28: Error: The method '$_clearField' isn't defined for the type 'ToController'.
 - 'ToController' is from 'package:starlink_isp_app/generated/spacex_api/device/wifi.pb.dart' ('lib/generated/spacex_api/device/wifi.pb.dart').
Try correcting the name to the name of an existing method, or defining a method named '$_clearField'.
  void clearSpeedtest() => $_clearField(5);
                           ^^^^^^^^^^^^
lib/generated/spacex_api/device/wifi.pb.dart:233:43: Error: The method '$_clearField' isn't defined for the type 'ToController'.
 - 'ToController' is from 'package:starlink_isp_app/generated/spacex_api/device/wifi.pb.dart' ('lib/generated/spacex_api/device/wifi.pb.dart').
Try correcting the name to the name of an existing method, or defining a method named '$_clearField'.
  void clearReadyForMultipleNetworks() => $_clearField(6);
                                          ^^^^^^^^^^^^
lib/generated/spacex_api/device/wifi.pb.dart:242:38: Error: The method '$_clearField' isn't defined for the type 'ToController'.
 - 'ToController' is from 'package:starlink_isp_app/generated/spacex_api/device/wifi.pb.dart' ('lib/generated/spacex_api/device/wifi.pb.dart').
Try correcting the name to the name of an existing method, or defining a method named '$_clearField'.
  void clearApiVersionOtherSide() => $_clearField(7);
                                     ^^^^^^^^^^^^
lib/generated/spacex_api/device/wifi.pb.dart:280:7: Error: The method 'pPM' isn't defined for the type 'BuilderInfo'.
 - 'BuilderInfo' is from 'package:protobuf/protobuf.dart' ('../../../.pub-cache/hosted/pub.dev/protobuf-3.1.0/lib/protobuf.dart').
Try correcting the name to the name of an existing method, or defining a method named 'pPM'.
    ..pPM<WifiSiteSurveyResult>(4, _omitFieldNames ? '' : 'siteSurveyScan',
      ^^^
lib/generated/spacex_api/device/wifi.pb.dart:310:30: Error: The method '$_clearField' isn't defined for the type 'WifiMeshJoin'.
 - 'WifiMeshJoin' is from 'package:starlink_isp_app/generated/spacex_api/device/wifi.pb.dart' ('lib/generated/spacex_api/device/wifi.pb.dart').
Try correcting the name to the name of an existing method, or defining a method named '$_clearField'.
  void clearIncarnation() => $_clearField(1);
                             ^^^^^^^^^^^^
lib/generated/spacex_api/device/wifi.pb.dart:319:34: Error: The method '$_clearField' isn't defined for the type 'WifiMeshJoin'.
 - 'WifiMeshJoin' is from 'package:starlink_isp_app/generated/spacex_api/device/wifi.pb.dart' ('lib/generated/spacex_api/device/wifi.pb.dart').
Try correcting the name to the name of an existing method, or defining a method named '$_clearField'.
  void clearHardwareVersion() => $_clearField(2);
                                 ^^^^^^^^^^^^
lib/generated/spacex_api/device/wifi.pb.dart:328:35: Error: The method '$_clearField' isn't defined for the type 'WifiMeshJoin'.
 - 'WifiMeshJoin' is from 'package:starlink_isp_app/generated/spacex_api/device/wifi.pb.dart' ('lib/generated/spacex_api/device/wifi.pb.dart').
Try correcting the name to the name of an existing method, or defining a method named '$_clearField'.
  void clearSupports5ghzHigh() => $_clearField(3);
                                  ^^^^^^^^^^^^
lib/generated/spacex_api/device/wifi.pb.dart:331:58: Error: A value of type 'List<dynamic>' can't be returned from a function with return type 'PbList<WifiSiteSurveyResult>'.
 - 'List' is from 'dart:core'.
 - 'PbList' is from 'package:protobuf/protobuf.dart' ('../../../.pub-cache/hosted/pub.dev/protobuf-3.1.0/lib/protobuf.dart').
 - 'WifiSiteSurveyResult' is from 'package:starlink_isp_app/generated/spacex_api/device/wifi.pb.dart' ('lib/generated/spacex_api/device/wifi.pb.dart').
  $pb.PbList<WifiSiteSurveyResult> get siteSurveyScan => $_getList(3);
                                                         ^
lib/generated/spacex_api/device/wifi.pb.dart:373:7: Error: The method 'pPM' isn't defined for the type 'BuilderInfo'.
 - 'BuilderInfo' is from 'package:protobuf/protobuf.dart' ('../../../.pub-cache/hosted/pub.dev/protobuf-3.1.0/lib/protobuf.dart').
Try correcting the name to the name of an existing method, or defining a method named 'pPM'.
    ..pPM<WifiClient>(2, _omitFieldNames ? '' : 'clients',
      ^^^
lib/generated/spacex_api/device/wifi.pb.dart:375:7: Error: The method 'pPM' isn't defined for the type 'BuilderInfo'.
 - 'BuilderInfo' is from 'package:protobuf/protobuf.dart' ('../../../.pub-cache/hosted/pub.dev/protobuf-3.1.0/lib/protobuf.dart').
Try correcting the name to the name of an existing method, or defining a method named 'pPM'.
    ..pPM<$1.InflatedBasicServiceSet>(3, _omitFieldNames ? '' : 'bssList',
      ^^^
lib/generated/spacex_api/device/wifi.pb.dart:382:7: Error: The method 'aI' isn't defined for the type 'BuilderInfo'.
 - 'BuilderInfo' is from 'package:protobuf/protobuf.dart' ('../../../.pub-cache/hosted/pub.dev/protobuf-3.1.0/lib/protobuf.dart').
Try correcting the name to the name of an existing method, or defining a method named 'aI'.
    ..aI(9, _omitFieldNames ? '' : 'backhaulEstPreference',
      ^^
lib/generated/spacex_api/device/wifi.pb.dart:406:41: Error: A value of type 'List<dynamic>' can't be returned from a function with return type 'PbList<WifiClient>'.
 - 'List' is from 'dart:core'.
 - 'PbList' is from 'package:protobuf/protobuf.dart' ('../../../.pub-cache/hosted/pub.dev/protobuf-3.1.0/lib/protobuf.dart').
 - 'WifiClient' is from 'package:starlink_isp_app/generated/spacex_api/device/wifi.pb.dart' ('lib/generated/spacex_api/device/wifi.pb.dart').
  $pb.PbList<WifiClient> get clients => $_getList(0);
                                        ^
lib/generated/spacex_api/device/wifi.pb.dart:409:57: Error: A value of type 'List<dynamic>' can't be returned from a function with return type 'PbList<InflatedBasicServiceSet>'.
 - 'List' is from 'dart:core'.
 - 'PbList' is from 'package:protobuf/protobuf.dart' ('../../../.pub-cache/hosted/pub.dev/protobuf-3.1.0/lib/protobuf.dart').
 - 'InflatedBasicServiceSet' is from 'package:starlink_isp_app/generated/spacex_api/device/wifi_util.pb.dart' ('lib/generated/spacex_api/device/wifi_util.pb.dart').
  $pb.PbList<$1.InflatedBasicServiceSet> get bssList => $_getList(1);
                                                        ^
lib/generated/spacex_api/device/wifi.pb.dart:418:34: Error: The method '$_clearField' isn't defined for the type 'WifiMeshStatus'.
 - 'WifiMeshStatus' is from 'package:starlink_isp_app/generated/spacex_api/device/wifi.pb.dart' ('lib/generated/spacex_api/device/wifi.pb.dart').
Try correcting the name to the name of an existing method, or defining a method named '$_clearField'.
  void clearHardwareVersion() => $_clearField(4);
                                 ^^^^^^^^^^^^
lib/generated/spacex_api/device/wifi.pb.dart:427:34: Error: The method '$_clearField' isn't defined for the type 'WifiMeshStatus'.
 - 'WifiMeshStatus' is from 'package:starlink_isp_app/generated/spacex_api/device/wifi.pb.dart' ('lib/generated/spacex_api/device/wifi.pb.dart').
Try correcting the name to the name of an existing method, or defining a method named '$_clearField'.
  void clearSoftwareVersion() => $_clearField(5);
                                 ^^^^^^^^^^^^
lib/generated/spacex_api/device/wifi.pb.dart:436:25: Error: The method '$_clearField' isn't defined for the type 'WifiMeshStatus'.
 - 'WifiMeshStatus' is from 'package:starlink_isp_app/generated/spacex_api/device/wifi.pb.dart' ('lib/generated/spacex_api/device/wifi.pb.dart').
Try correcting the name to the name of an existing method, or defining a method named '$_clearField'.
  void clearMacLan() => $_clearField(6);
                        ^^^^^^^^^^^^
lib/generated/spacex_api/device/wifi.pb.dart:439:54: Error: A value of type 'List<dynamic>' can't be returned from a function with return type 'PbList<String>'.
 - 'List' is from 'dart:core'.
 - 'PbList' is from 'package:protobuf/protobuf.dart' ('../../../.pub-cache/hosted/pub.dev/protobuf-3.1.0/lib/protobuf.dart').
  $pb.PbList<$core.String> get sourceMacAddresses => $_getList(5);
                                                     ^
lib/generated/spacex_api/device/wifi.pb.dart:448:32: Error: The method '$_clearField' isn't defined for the type 'WifiMeshStatus'.
 - 'WifiMeshStatus' is from 'package:starlink_isp_app/generated/spacex_api/device/wifi.pb.dart' ('lib/generated/spacex_api/device/wifi.pb.dart').
Try correcting the name to the name of an existing method, or defining a method named '$_clearField'.
  void clearBackhaulBssid() => $_clearField(8);
                               ^^^^^^^^^^^^
lib/generated/spacex_api/device/wifi.pb.dart:457:40: Error: The method '$_clearField' isn't defined for the type 'WifiMeshStatus'.
 - 'WifiMeshStatus' is from 'package:starlink_isp_app/generated/spacex_api/device/wifi.pb.dart' ('lib/generated/spacex_api/device/wifi.pb.dart').
Try correcting the name to the name of an existing method, or defining a method named '$_clearField'.
  void clearBackhaulEstPreference() => $_clearField(9);
                                       ^^^^^^^^^^^^
lib/generated/spacex_api/device/wifi.pb.dart:530:7: Error: The method 'aD' isn't defined for the type 'BuilderInfo'.
 - 'BuilderInfo' is from 'package:protobuf/protobuf.dart' ('../../../.pub-cache/hosted/pub.dev/protobuf-3.1.0/lib/protobuf.dart').
Try correcting the name to the name of an existing method, or defining a method named 'aD'.
    ..aD(3, _omitFieldNames ? '' : 'uploadMbps', fieldType: $pb.PbFieldType.OF)
      ^^
lib/generated/spacex_api/device/wifi.pb.dart:531:7: Error: The method 'aD' isn't defined for the type 'BuilderInfo'.
 - 'BuilderInfo' is from 'package:protobuf/protobuf.dart' ('../../../.pub-cache/hosted/pub.dev/protobuf-3.1.0/lib/protobuf.dart').
Try correcting the name to the name of an existing method, or defining a method named 'aD'.
    ..aD(4, _omitFieldNames ? '' : 'downloadMbps',
      ^^
lib/generated/spacex_api/device/wifi.pb.dart:561:34: Error: The method '$_clearField' isn't defined for the type 'MeshSpeedtest'.
 - 'MeshSpeedtest' is from 'package:starlink_isp_app/generated/spacex_api/device/wifi.pb.dart' ('lib/generated/spacex_api/device/wifi.pb.dart').
Try correcting the name to the name of an existing method, or defining a method named '$_clearField'.
  void clearUploadStartTime() => $_clearField(1);
                                 ^^^^^^^^^^^^
lib/generated/spacex_api/device/wifi.pb.dart:570:36: Error: The method '$_clearField' isn't defined for the type 'MeshSpeedtest'.
 - 'MeshSpeedtest' is from 'package:starlink_isp_app/generated/spacex_api/device/wifi.pb.dart' ('lib/generated/spacex_api/device/wifi.pb.dart').
Try correcting the name to the name of an existing method, or defining a method named '$_clearField'.
  void clearDownloadStartTime() => $_clearField(2);
                                   ^^^^^^^^^^^^
lib/generated/spacex_api/device/wifi.pb.dart:579:29: Error: The method '$_clearField' isn't defined for the type 'MeshSpeedtest'.
 - 'MeshSpeedtest' is from 'package:starlink_isp_app/generated/spacex_api/device/wifi.pb.dart' ('lib/generated/spacex_api/device/wifi.pb.dart').
Try correcting the name to the name of an existing method, or defining a method named '$_clearField'.
  void clearUploadMbps() => $_clearField(3);
                            ^^^^^^^^^^^^
lib/generated/spacex_api/device/wifi.pb.dart:588:31: Error: The method '$_clearField' isn't defined for the type 'MeshSpeedtest'.
 - 'MeshSpeedtest' is from 'package:starlink_isp_app/generated/spacex_api/device/wifi.pb.dart' ('lib/generated/spacex_api/device/wifi.pb.dart').
Try correcting the name to the name of an existing method, or defining a method named '$_clearField'.
  void clearDownloadMbps() => $_clearField(4);
                              ^^^^^^^^^^^^
lib/generated/spacex_api/device/wifi.pb.dart:628:7: Error: The method 'aD' isn't defined for the type 'BuilderInfo'.
 - 'BuilderInfo' is from 'package:protobuf/protobuf.dart' ('../../../.pub-cache/hosted/pub.dev/protobuf-3.1.0/lib/protobuf.dart').
Try correcting the name to the name of an existing method, or defining a method named 'aD'.
    ..aD(1, _omitFieldNames ? '' : 'rssi', fieldType: $pb.PbFieldType.OF)
      ^^
lib/generated/spacex_api/device/wifi.pb.dart:629:7: Error: The method 'aI' isn't defined for the type 'BuilderInfo'.
 - 'BuilderInfo' is from 'package:protobuf/protobuf.dart' ('../../../.pub-cache/hosted/pub.dev/protobuf-3.1.0/lib/protobuf.dart').
Try correcting the name to the name of an existing method, or defining a method named 'aI'.
    ..aI(2, _omitFieldNames ? '' : 'channel', fieldType: $pb.PbFieldType.OU3)
      ^^
lib/generated/spacex_api/device/wifi.pb.dart:631:7: Error: The method 'aE' isn't defined for the type 'BuilderInfo'.
 - 'BuilderInfo' is from 'package:protobuf/protobuf.dart' ('../../../.pub-cache/hosted/pub.dev/protobuf-3.1.0/lib/protobuf.dart').
Try correcting the name to the name of an existing method, or defining a method named 'aE'.
    ..aE<$1.WifiSecurity>(4, _omitFieldNames ? '' : 'security',
      ^^
lib/generated/spacex_api/device/wifi.pb.dart:633:7: Error: The method 'aE' isn't defined for the type 'BuilderInfo'.
 - 'BuilderInfo' is from 'package:protobuf/protobuf.dart' ('../../../.pub-cache/hosted/pub.dev/protobuf-3.1.0/lib/protobuf.dart').
Try correcting the name to the name of an existing method, or defining a method named 'aE'.
    ..aE<$1.WifiMode>(5, _omitFieldNames ? '' : 'wirelessMode',
      ^^
lib/generated/spacex_api/device/wifi.pb.dart:635:7: Error: The method 'aE' isn't defined for the type 'BuilderInfo'.
 - 'BuilderInfo' is from 'package:protobuf/protobuf.dart' ('../../../.pub-cache/hosted/pub.dev/protobuf-3.1.0/lib/protobuf.dart').
Try correcting the name to the name of an existing method, or defining a method named 'aE'.
    ..aE<$1.IfaceType>(6, _omitFieldNames ? '' : 'iface',
      ^^
lib/generated/spacex_api/device/wifi.pb.dart:638:7: Error: The method 'aD' isn't defined for the type 'BuilderInfo'.
 - 'BuilderInfo' is from 'package:protobuf/protobuf.dart' ('../../../.pub-cache/hosted/pub.dev/protobuf-3.1.0/lib/protobuf.dart').
Try correcting the name to the name of an existing method, or defining a method named 'aD'.
    ..aD(8, _omitFieldNames ? '' : 'estRxRate', fieldType: $pb.PbFieldType.OF)
      ^^
lib/generated/spacex_api/device/wifi.pb.dart:667:23: Error: The method '$_clearField' isn't defined for the type 'WifiSiteSurveyResult'.
 - 'WifiSiteSurveyResult' is from 'package:starlink_isp_app/generated/spacex_api/device/wifi.pb.dart' ('lib/generated/spacex_api/device/wifi.pb.dart').
Try correcting the name to the name of an existing method, or defining a method named '$_clearField'.
  void clearRssi() => $_clearField(1);
                      ^^^^^^^^^^^^
lib/generated/spacex_api/device/wifi.pb.dart:676:26: Error: The method '$_clearField' isn't defined for the type 'WifiSiteSurveyResult'.
 - 'WifiSiteSurveyResult' is from 'package:starlink_isp_app/generated/spacex_api/device/wifi.pb.dart' ('lib/generated/spacex_api/device/wifi.pb.dart').
Try correcting the name to the name of an existing method, or defining a method named '$_clearField'.
  void clearChannel() => $_clearField(2);
                         ^^^^^^^^^^^^
lib/generated/spacex_api/device/wifi.pb.dart:685:23: Error: The method '$_clearField' isn't defined for the type 'WifiSiteSurveyResult'.
 - 'WifiSiteSurveyResult' is from 'package:starlink_isp_app/generated/spacex_api/device/wifi.pb.dart' ('lib/generated/spacex_api/device/wifi.pb.dart').
Try correcting the name to the name of an existing method, or defining a method named '$_clearField'.
  void clearSsid() => $_clearField(3);
                      ^^^^^^^^^^^^
lib/generated/spacex_api/device/wifi.pb.dart:690:42: Error: The method '$_setField' isn't defined for the type 'WifiSiteSurveyResult'.
 - 'WifiSiteSurveyResult' is from 'package:starlink_isp_app/generated/spacex_api/device/wifi.pb.dart' ('lib/generated/spacex_api/device/wifi.pb.dart').
Try correcting the name to the name of an existing method, or defining a method named '$_setField'.
  set security($1.WifiSecurity value) => $_setField(4, value);
                                         ^^^^^^^^^^
lib/generated/spacex_api/device/wifi.pb.dart:694:27: Error: The method '$_clearField' isn't defined for the type 'WifiSiteSurveyResult'.
 - 'WifiSiteSurveyResult' is from 'package:starlink_isp_app/generated/spacex_api/device/wifi.pb.dart' ('lib/generated/spacex_api/device/wifi.pb.dart').
Try correcting the name to the name of an existing method, or defining a method named '$_clearField'.
  void clearSecurity() => $_clearField(4);
                          ^^^^^^^^^^^^
lib/generated/spacex_api/device/wifi.pb.dart:699:42: Error: The method '$_setField' isn't defined for the type 'WifiSiteSurveyResult'.
 - 'WifiSiteSurveyResult' is from 'package:starlink_isp_app/generated/spacex_api/device/wifi.pb.dart' ('lib/generated/spacex_api/device/wifi.pb.dart').
Try correcting the name to the name of an existing method, or defining a method named '$_setField'.
  set wirelessMode($1.WifiMode value) => $_setField(5, value);
                                         ^^^^^^^^^^
lib/generated/spacex_api/device/wifi.pb.dart:703:31: Error: The method '$_clearField' isn't defined for the type 'WifiSiteSurveyResult'.
 - 'WifiSiteSurveyResult' is from 'package:starlink_isp_app/generated/spacex_api/device/wifi.pb.dart' ('lib/generated/spacex_api/device/wifi.pb.dart').
Try correcting the name to the name of an existing method, or defining a method named '$_clearField'.
  void clearWirelessMode() => $_clearField(5);
                              ^^^^^^^^^^^^
lib/generated/spacex_api/device/wifi.pb.dart:708:36: Error: The method '$_setField' isn't defined for the type 'WifiSiteSurveyResult'.
 - 'WifiSiteSurveyResult' is from 'package:starlink_isp_app/generated/spacex_api/device/wifi.pb.dart' ('lib/generated/spacex_api/device/wifi.pb.dart').
Try correcting the name to the name of an existing method, or defining a method named '$_setField'.
  set iface($1.IfaceType value) => $_setField(6, value);
                                   ^^^^^^^^^^
lib/generated/spacex_api/device/wifi.pb.dart:712:24: Error: The method '$_clearField' isn't defined for the type 'WifiSiteSurveyResult'.
 - 'WifiSiteSurveyResult' is from 'package:starlink_isp_app/generated/spacex_api/device/wifi.pb.dart' ('lib/generated/spacex_api/device/wifi.pb.dart').
Try correcting the name to the name of an existing method, or defining a method named '$_clearField'.
  void clearIface() => $_clearField(6);
                       ^^^^^^^^^^^^
lib/generated/spacex_api/device/wifi.pb.dart:721:29: Error: The method '$_clearField' isn't defined for the type 'WifiSiteSurveyResult'.
 - 'WifiSiteSurveyResult' is from 'package:starlink_isp_app/generated/spacex_api/device/wifi.pb.dart' ('lib/generated/spacex_api/device/wifi.pb.dart').
Try correcting the name to the name of an existing method, or defining a method named '$_clearField'.
  void clearMacAddress() => $_clearField(7);
                            ^^^^^^^^^^^^
lib/generated/spacex_api/device/wifi.pb.dart:730:28: Error: The method '$_clearField' isn't defined for the type 'WifiSiteSurveyResult'.
 - 'WifiSiteSurveyResult' is from 'package:starlink_isp_app/generated/spacex_api/device/wifi.pb.dart' ('lib/generated/spacex_api/device/wifi.pb.dart').
Try correcting the name to the name of an existing method, or defining a method named '$_clearField'.
  void clearEstRxRate() => $_clearField(8);
                           ^^^^^^^^^^^^
lib/generated/spacex_api/device/wifi.pb.dart:765:7: Error: The method 'pPM' isn't defined for the type 'BuilderInfo'.
 - 'BuilderInfo' is from 'package:protobuf/protobuf.dart' ('../../../.pub-cache/hosted/pub.dev/protobuf-3.1.0/lib/protobuf.dart').
Try correcting the name to the name of an existing method, or defining a method named 'pPM'.
    ..pPM<$1.InflatedBasicServiceSet>(3, _omitFieldNames ? '' : 'bssList',
      ^^^
lib/generated/spacex_api/device/wifi.pb.dart:767:7: Error: The method 'aI' isn't defined for the type 'BuilderInfo'.
 - 'BuilderInfo' is from 'package:protobuf/protobuf.dart' ('../../../.pub-cache/hosted/pub.dev/protobuf-3.1.0/lib/protobuf.dart').
Try correcting the name to the name of an existing method, or defining a method named 'aI'.
    ..aI(4, _omitFieldNames ? '' : 'hopsFromController',
      ^^
lib/generated/spacex_api/device/wifi.pb.dart:797:34: Error: The method '$_clearField' isn't defined for the type 'WifiGlobalMeshStatus'.
 - 'WifiGlobalMeshStatus' is from 'package:starlink_isp_app/generated/spacex_api/device/wifi.pb.dart' ('lib/generated/spacex_api/device/wifi.pb.dart').
Try correcting the name to the name of an existing method, or defining a method named '$_clearField'.
  void clearHardwareVersion() => $_clearField(1);
                                 ^^^^^^^^^^^^
lib/generated/spacex_api/device/wifi.pb.dart:806:34: Error: The method '$_clearField' isn't defined for the type 'WifiGlobalMeshStatus'.
 - 'WifiGlobalMeshStatus' is from 'package:starlink_isp_app/generated/spacex_api/device/wifi.pb.dart' ('lib/generated/spacex_api/device/wifi.pb.dart').
Try correcting the name to the name of an existing method, or defining a method named '$_clearField'.
  void clearSoftwareVersion() => $_clearField(2);
                                 ^^^^^^^^^^^^
lib/generated/spacex_api/device/wifi.pb.dart:809:57: Error: A value of type 'List<dynamic>' can't be returned from a function with return type 'PbList<InflatedBasicServiceSet>'.
 - 'List' is from 'dart:core'.
 - 'PbList' is from 'package:protobuf/protobuf.dart' ('../../../.pub-cache/hosted/pub.dev/protobuf-3.1.0/lib/protobuf.dart').
 - 'InflatedBasicServiceSet' is from 'package:starlink_isp_app/generated/spacex_api/device/wifi_util.pb.dart' ('lib/generated/spacex_api/device/wifi_util.pb.dart').
  $pb.PbList<$1.InflatedBasicServiceSet> get bssList => $_getList(2);
                                                        ^
lib/generated/spacex_api/device/wifi.pb.dart:818:37: Error: The method '$_clearField' isn't defined for the type 'WifiGlobalMeshStatus'.
 - 'WifiGlobalMeshStatus' is from 'package:starlink_isp_app/generated/spacex_api/device/wifi.pb.dart' ('lib/generated/spacex_api/device/wifi.pb.dart').
Try correcting the name to the name of an existing method, or defining a method named '$_clearField'.
  void clearHopsFromController() => $_clearField(4);
                                    ^^^^^^^^^^^^
lib/generated/spacex_api/device/wifi.pb.dart:877:32: Error: The method '$_clearField' isn't defined for the type 'BackhaulRequest'.
 - 'BackhaulRequest' is from 'package:starlink_isp_app/generated/spacex_api/device/wifi.pb.dart' ('lib/generated/spacex_api/device/wifi.pb.dart').
Try correcting the name to the name of an existing method, or defining a method named '$_clearField'.
  void clearRetryBackhaul() => $_clearField(1);
                               ^^^^^^^^^^^^
lib/generated/spacex_api/device/wifi.pb.dart:882:41: Error: The method '$_setField' isn't defined for the type 'BackhaulRequest'.
 - 'BackhaulRequest' is from 'package:starlink_isp_app/generated/spacex_api/device/wifi.pb.dart' ('lib/generated/spacex_api/device/wifi.pb.dart').
Try correcting the name to the name of an existing method, or defining a method named '$_setField'.
  set goldenBss($2.WifiConfig value) => $_setField(2, value);
                                        ^^^^^^^^^^
lib/generated/spacex_api/device/wifi.pb.dart:886:28: Error: The method '$_clearField' isn't defined for the type 'BackhaulRequest'.
 - 'BackhaulRequest' is from 'package:starlink_isp_app/generated/spacex_api/device/wifi.pb.dart' ('lib/generated/spacex_api/device/wifi.pb.dart').
Try correcting the name to the name of an existing method, or defining a method named '$_clearField'.
  void clearGoldenBss() => $_clearField(2);
                           ^^^^^^^^^^^^
lib/generated/spacex_api/device/wifi.pb.dart:952:7: Error: The method 'aI' isn't defined for the type 'BuilderInfo'.
 - 'BuilderInfo' is from 'package:protobuf/protobuf.dart' ('../../../.pub-cache/hosted/pub.dev/protobuf-3.1.0/lib/protobuf.dart').
Try correcting the name to the name of an existing method, or defining a method named 'aI'.
    ..aI(3, _omitFieldNames ? '' : 'apiVersion')
      ^^
lib/generated/spacex_api/device/wifi.pb.dart:996:26: Error: The method '$_clearField' isn't defined for the type 'FromController'.
 - 'FromController' is from 'package:starlink_isp_app/generated/spacex_api/device/wifi.pb.dart' ('lib/generated/spacex_api/device/wifi.pb.dart').
Try correcting the name to the name of an existing method, or defining a method named '$_clearField'.
  void clearMessage() => $_clearField($_whichOneof(0));
                         ^^^^^^^^^^^^
lib/generated/spacex_api/device/wifi.pb.dart:1001:42: Error: The method '$_setField' isn't defined for the type 'FromController'.
 - 'FromController' is from 'package:starlink_isp_app/generated/spacex_api/device/wifi.pb.dart' ('lib/generated/spacex_api/device/wifi.pb.dart').
Try correcting the name to the name of an existing method, or defining a method named '$_setField'.
  set wifiConfig($2.WifiConfig value) => $_setField(1, value);
                                         ^^^^^^^^^^
lib/generated/spacex_api/device/wifi.pb.dart:1005:29: Error: The method '$_clearField' isn't defined for the type 'FromController'.
 - 'FromController' is from 'package:starlink_isp_app/generated/spacex_api/device/wifi.pb.dart' ('lib/generated/spacex_api/device/wifi.pb.dart').
Try correcting the name to the name of an existing method, or defining a method named '$_clearField'.
  void clearWifiConfig() => $_clearField(1);
                            ^^^^^^^^^^^^
lib/generated/spacex_api/device/wifi.pb.dart:1012:55: Error: The method '$_setField' isn't defined for the type 'FromController'.
 - 'FromController' is from 'package:starlink_isp_app/generated/spacex_api/device/wifi.pb.dart' ('lib/generated/spacex_api/device/wifi.pb.dart').
Try correcting the name to the name of an existing method, or defining a method named '$_setField'.
  set steerClientRequest(SteerClientRequest value) => $_setField(2, value);
                                                      ^^^^^^^^^^
lib/generated/spacex_api/device/wifi.pb.dart:1016:37: Error: The method '$_clearField' isn't defined for the type 'FromController'.
 - 'FromController' is from 'package:starlink_isp_app/generated/spacex_api/device/wifi.pb.dart' ('lib/generated/spacex_api/device/wifi.pb.dart').
Try correcting the name to the name of an existing method, or defining a method named '$_clearField'.
  void clearSteerClientRequest() => $_clearField(2);
                                    ^^^^^^^^^^^^
lib/generated/spacex_api/device/wifi.pb.dart:1027:29: Error: The method '$_clearField' isn't defined for the type 'FromController'.
 - 'FromController' is from 'package:starlink_isp_app/generated/spacex_api/device/wifi.pb.dart' ('lib/generated/spacex_api/device/wifi.pb.dart').
Try correcting the name to the name of an existing method, or defining a method named '$_clearField'.
  void clearApiVersion() => $_clearField(3);
                            ^^^^^^^^^^^^
lib/generated/spacex_api/device/wifi.pb.dart:1032:45: Error: The method '$_setField' isn't defined for the type 'FromController'.
 - 'FromController' is from 'package:starlink_isp_app/generated/spacex_api/device/wifi.pb.dart' ('lib/generated/spacex_api/device/wifi.pb.dart').
Try correcting the name to the name of an existing method, or defining a method named '$_setField'.
  set status(WifiGlobalMeshStatus value) => $_setField(4, value);
                                            ^^^^^^^^^^
lib/generated/spacex_api/device/wifi.pb.dart:1036:25: Error: The method '$_clearField' isn't defined for the type 'FromController'.
 - 'FromController' is from 'package:starlink_isp_app/generated/spacex_api/device/wifi.pb.dart' ('lib/generated/spacex_api/device/wifi.pb.dart').
Try correcting the name to the name of an existing method, or defining a method named '$_clearField'.
  void clearStatus() => $_clearField(4);
                        ^^^^^^^^^^^^
lib/generated/spacex_api/device/wifi.pb.dart:1043:49: Error: The method '$_setField' isn't defined for the type 'FromController'.
 - 'FromController' is from 'package:starlink_isp_app/generated/spacex_api/device/wifi.pb.dart' ('lib/generated/spacex_api/device/wifi.pb.dart').
Try correcting the name to the name of an existing method, or defining a method named '$_setField'.
  set backhaulRequest(BackhaulRequest value) => $_setField(5, value);
                                                ^^^^^^^^^^
lib/generated/spacex_api/device/wifi.pb.dart:1047:34: Error: The method '$_clearField' isn't defined for the type 'FromController'.
 - 'FromController' is from 'package:starlink_isp_app/generated/spacex_api/device/wifi.pb.dart' ('lib/generated/spacex_api/device/wifi.pb.dart').
Try correcting the name to the name of an existing method, or defining a method named '$_clearField'.
  void clearBackhaulRequest() => $_clearField(5);
                                 ^^^^^^^^^^^^
lib/generated/spacex_api/device/wifi.pb.dart:1054:53: Error: The method '$_setField' isn't defined for the type 'FromController'.
 - 'FromController' is from 'package:starlink_isp_app/generated/spacex_api/device/wifi.pb.dart' ('lib/generated/spacex_api/device/wifi.pb.dart').
Try correcting the name to the name of an existing method, or defining a method named '$_setField'.
  set startSpeedtest(MeshSpeedtestRequest value) => $_setField(6, value);
                                                    ^^^^^^^^^^
lib/generated/spacex_api/device/wifi.pb.dart:1058:33: Error: The method '$_clearField' isn't defined for the type 'FromController'.
 - 'FromController' is from 'package:starlink_isp_app/generated/spacex_api/device/wifi.pb.dart' ('lib/generated/spacex_api/device/wifi.pb.dart').
Try correcting the name to the name of an existing method, or defining a method named '$_clearField'.
  void clearStartSpeedtest() => $_clearField(6);
                                ^^^^^^^^^^^^
lib/generated/spacex_api/device/wifi.pb.dart:1065:47: Error: The method '$_setField' isn't defined for the type 'FromController'.
 - 'FromController' is from 'package:starlink_isp_app/generated/spacex_api/device/wifi.pb.dart' ('lib/generated/spacex_api/device/wifi.pb.dart').
Try correcting the name to the name of an existing method, or defining a method named '$_setField'.
  set wifiBtmRequest(WifiBtmRequest value) => $_setField(7, value);
                                              ^^^^^^^^^^
lib/generated/spacex_api/device/wifi.pb.dart:1069:33: Error: The method '$_clearField' isn't defined for the type 'FromController'.
 - 'FromController' is from 'package:starlink_isp_app/generated/spacex_api/device/wifi.pb.dart' ('lib/generated/spacex_api/device/wifi.pb.dart').
Try correcting the name to the name of an existing method, or defining a method named '$_clearField'.
  void clearWifiBtmRequest() => $_clearField(7);
                                ^^^^^^^^^^^^
lib/generated/spacex_api/device/wifi.pb.dart:1100:7: Error: The method 'aI' isn't defined for the type 'BuilderInfo'.
 - 'BuilderInfo' is from 'package:protobuf/protobuf.dart' ('../../../.pub-cache/hosted/pub.dev/protobuf-3.1.0/lib/protobuf.dart').
Try correcting the name to the name of an existing method, or defining a method named 'aI'.
    ..aI(2, _omitFieldNames ? '' : 'channel')
      ^^
lib/generated/spacex_api/device/wifi.pb.dart:1132:24: Error: The method '$_clearField' isn't defined for the type 'SteerClientRequest_SteerTarget'.
 - 'SteerClientRequest_SteerTarget' is from 'package:starlink_isp_app/generated/spacex_api/device/wifi.pb.dart' ('lib/generated/spacex_api/device/wifi.pb.dart').
Try correcting the name to the name of an existing method, or defining a method named '$_clearField'.
  void clearBssid() => $_clearField(1);
                       ^^^^^^^^^^^^
lib/generated/spacex_api/device/wifi.pb.dart:1141:26: Error: The method '$_clearField' isn't defined for the type 'SteerClientRequest_SteerTarget'.
 - 'SteerClientRequest_SteerTarget' is from 'package:starlink_isp_app/generated/spacex_api/device/wifi.pb.dart' ('lib/generated/spacex_api/device/wifi.pb.dart').
Try correcting the name to the name of an existing method, or defining a method named '$_clearField'.
  void clearChannel() => $_clearField(2);
                         ^^^^^^^^^^^^
lib/generated/spacex_api/device/wifi.pb.dart:1170:7: Error: The method 'pPM' isn't defined for the type 'BuilderInfo'.
 - 'BuilderInfo' is from 'package:protobuf/protobuf.dart' ('../../../.pub-cache/hosted/pub.dev/protobuf-3.1.0/lib/protobuf.dart').
Try correcting the name to the name of an existing method, or defining a method named 'pPM'.
    ..pPM<SteerClientRequest_SteerTarget>(2, _omitFieldNames ? '' : 'targets',
      ^^^
lib/generated/spacex_api/device/wifi.pb.dart:1200:32: Error: The method '$_clearField' isn't defined for the type 'SteerClientRequest'.
 - 'SteerClientRequest' is from 'package:starlink_isp_app/generated/spacex_api/device/wifi.pb.dart' ('lib/generated/spacex_api/device/wifi.pb.dart').
Try correcting the name to the name of an existing method, or defining a method named '$_clearField'.
  void clearClientMacAddr() => $_clearField(1);
                               ^^^^^^^^^^^^
lib/generated/spacex_api/device/wifi.pb.dart:1203:61: Error: A value of type 'List<dynamic>' can't be returned from a function with return type 'PbList<SteerClientRequest_SteerTarget>'.
 - 'List' is from 'dart:core'.
 - 'PbList' is from 'package:protobuf/protobuf.dart' ('../../../.pub-cache/hosted/pub.dev/protobuf-3.1.0/lib/protobuf.dart').
 - 'SteerClientRequest_SteerTarget' is from 'package:starlink_isp_app/generated/spacex_api/device/wifi.pb.dart' ('lib/generated/spacex_api/device/wifi.pb.dart').
  $pb.PbList<SteerClientRequest_SteerTarget> get targets => $_getList(1);
                                                            ^
lib/generated/spacex_api/device/wifi.pb.dart:1232:7: Error: The method 'aI' isn't defined for the type 'BuilderInfo'.
 - 'BuilderInfo' is from 'package:protobuf/protobuf.dart' ('../../../.pub-cache/hosted/pub.dev/protobuf-3.1.0/lib/protobuf.dart').
Try correcting the name to the name of an existing method, or defining a method named 'aI'.
    ..aI(2, _omitFieldNames ? '' : 'channel', fieldType: $pb.PbFieldType.OU3)
      ^^
lib/generated/spacex_api/device/wifi.pb.dart:1264:24: Error: The method '$_clearField' isn't defined for the type 'WifiBtmRequest_NeighborReport'.
 - 'WifiBtmRequest_NeighborReport' is from 'package:starlink_isp_app/generated/spacex_api/device/wifi.pb.dart' ('lib/generated/spacex_api/device/wifi.pb.dart').
Try correcting the name to the name of an existing method, or defining a method named '$_clearField'.
  void clearBssid() => $_clearField(1);
                       ^^^^^^^^^^^^
lib/generated/spacex_api/device/wifi.pb.dart:1273:26: Error: The method '$_clearField' isn't defined for the type 'WifiBtmRequest_NeighborReport'.
 - 'WifiBtmRequest_NeighborReport' is from 'package:starlink_isp_app/generated/spacex_api/device/wifi.pb.dart' ('lib/generated/spacex_api/device/wifi.pb.dart').
Try correcting the name to the name of an existing method, or defining a method named '$_clearField'.
  void clearChannel() => $_clearField(2);
                         ^^^^^^^^^^^^
lib/generated/spacex_api/device/wifi.pb.dart:1305:7: Error: The method 'pPM' isn't defined for the type 'BuilderInfo'.
 - 'BuilderInfo' is from 'package:protobuf/protobuf.dart' ('../../../.pub-cache/hosted/pub.dev/protobuf-3.1.0/lib/protobuf.dart').
Try correcting the name to the name of an existing method, or defining a method named 'pPM'.
    ..pPM<WifiBtmRequest_NeighborReport>(
      ^^^
lib/generated/spacex_api/device/wifi.pb.dart:1308:7: Error: The method 'aI' isn't defined for the type 'BuilderInfo'.
 - 'BuilderInfo' is from 'package:protobuf/protobuf.dart' ('../../../.pub-cache/hosted/pub.dev/protobuf-3.1.0/lib/protobuf.dart').
Try correcting the name to the name of an existing method, or defining a method named 'aI'.
    ..aI(5, _omitFieldNames ? '' : 'bssTerminationDurationM',
      ^^
lib/generated/spacex_api/device/wifi.pb.dart:1338:28: Error: The method '$_clearField' isn't defined for the type 'WifiBtmRequest'.
 - 'WifiBtmRequest' is from 'package:starlink_isp_app/generated/spacex_api/device/wifi.pb.dart' ('lib/generated/spacex_api/device/wifi.pb.dart').
Try correcting the name to the name of an existing method, or defining a method named '$_clearField'.
  void clearPeerBssid() => $_clearField(1);
                           ^^^^^^^^^^^^
lib/generated/spacex_api/device/wifi.pb.dart:1341:67: Error: A value of type 'List<dynamic>' can't be returned from a function with return type 'PbList<WifiBtmRequest_NeighborReport>'.
 - 'List' is from 'dart:core'.
 - 'PbList' is from 'package:protobuf/protobuf.dart' ('../../../.pub-cache/hosted/pub.dev/protobuf-3.1.0/lib/protobuf.dart').
 - 'WifiBtmRequest_NeighborReport' is from 'package:starlink_isp_app/generated/spacex_api/device/wifi.pb.dart' ('lib/generated/spacex_api/device/wifi.pb.dart').
  $pb.PbList<WifiBtmRequest_NeighborReport> get neighborReport => $_getList(1);
                                                                  ^
lib/generated/spacex_api/device/wifi.pb.dart:1350:42: Error: The method '$_clearField' isn't defined for the type 'WifiBtmRequest'.
 - 'WifiBtmRequest' is from 'package:starlink_isp_app/generated/spacex_api/device/wifi.pb.dart' ('lib/generated/spacex_api/device/wifi.pb.dart').
Try correcting the name to the name of an existing method, or defining a method named '$_clearField'.
  void clearBssTerminationDurationM() => $_clearField(5);
                                         ^^^^^^^^^^^^
lib/generated/spacex_api/device/wifi.pb.dart:1412:23: Error: The method '$_clearField' isn't defined for the type 'WifiSelfTest_TestResult'.
 - 'WifiSelfTest_TestResult' is from 'package:starlink_isp_app/generated/spacex_api/device/wifi.pb.dart' ('lib/generated/spacex_api/device/wifi.pb.dart').
Try correcting the name to the name of an existing method, or defining a method named '$_clearField'.
  void clearName() => $_clearField(1);
                      ^^^^^^^^^^^^
lib/generated/spacex_api/device/wifi.pb.dart:1421:26: Error: The method '$_clearField' isn't defined for the type 'WifiSelfTest_TestResult'.
 - 'WifiSelfTest_TestResult' is from 'package:starlink_isp_app/generated/spacex_api/device/wifi.pb.dart' ('lib/generated/spacex_api/device/wifi.pb.dart').
Try correcting the name to the name of an existing method, or defining a method named '$_clearField'.
  void clearSuccess() => $_clearField(2);
                         ^^^^^^^^^^^^
lib/generated/spacex_api/device/wifi.pb.dart:1430:32: Error: The method '$_clearField' isn't defined for the type 'WifiSelfTest_TestResult'.
 - 'WifiSelfTest_TestResult' is from 'package:starlink_isp_app/generated/spacex_api/device/wifi.pb.dart' ('lib/generated/spacex_api/device/wifi.pb.dart').
Try correcting the name to the name of an existing method, or defining a method named '$_clearField'.
  void clearFailureReason() => $_clearField(3);
                               ^^^^^^^^^^^^
lib/generated/spacex_api/device/wifi.pb.dart:1467:7: Error: The method 'pPM' isn't defined for the type 'BuilderInfo'.
 - 'BuilderInfo' is from 'package:protobuf/protobuf.dart' ('../../../.pub-cache/hosted/pub.dev/protobuf-3.1.0/lib/protobuf.dart').
Try correcting the name to the name of an existing method, or defining a method named 'pPM'.
    ..pPM<WifiSelfTest_TestResult>(3, _omitFieldNames ? '' : 'ethPhys',
      ^^^
lib/generated/spacex_api/device/wifi.pb.dart:1469:7: Error: The method 'pPM' isn't defined for the type 'BuilderInfo'.
 - 'BuilderInfo' is from 'package:protobuf/protobuf.dart' ('../../../.pub-cache/hosted/pub.dev/protobuf-3.1.0/lib/protobuf.dart').
Try correcting the name to the name of an existing method, or defining a method named 'pPM'.
    ..pPM<WifiSelfTest_TestResult>(4, _omitFieldNames ? '' : 'pcis',
      ^^^
lib/generated/spacex_api/device/wifi.pb.dart:1501:31: Error: The method '$_clearField' isn't defined for the type 'WifiSelfTest'.
 - 'WifiSelfTest' is from 'package:starlink_isp_app/generated/spacex_api/device/wifi.pb.dart' ('lib/generated/spacex_api/device/wifi.pb.dart').
Try correcting the name to the name of an existing method, or defining a method named '$_clearField'.
  void clearTotalSuccess() => $_clearField(1);
                              ^^^^^^^^^^^^
lib/generated/spacex_api/device/wifi.pb.dart:1506:47: Error: The method '$_setField' isn't defined for the type 'WifiSelfTest'.
 - 'WifiSelfTest' is from 'package:starlink_isp_app/generated/spacex_api/device/wifi.pb.dart' ('lib/generated/spacex_api/device/wifi.pb.dart').
Try correcting the name to the name of an existing method, or defining a method named '$_setField'.
  set fused(WifiSelfTest_TestResult value) => $_setField(2, value);
                                              ^^^^^^^^^^
lib/generated/spacex_api/device/wifi.pb.dart:1510:24: Error: The method '$_clearField' isn't defined for the type 'WifiSelfTest'.
 - 'WifiSelfTest' is from 'package:starlink_isp_app/generated/spacex_api/device/wifi.pb.dart' ('lib/generated/spacex_api/device/wifi.pb.dart').
Try correcting the name to the name of an existing method, or defining a method named '$_clearField'.
  void clearFused() => $_clearField(2);
                       ^^^^^^^^^^^^
lib/generated/spacex_api/device/wifi.pb.dart:1515:54: Error: A value of type 'List<dynamic>' can't be returned from a function with return type 'PbList<WifiSelfTest_TestResult>'.
 - 'List' is from 'dart:core'.
 - 'PbList' is from 'package:protobuf/protobuf.dart' ('../../../.pub-cache/hosted/pub.dev/protobuf-3.1.0/lib/protobuf.dart').
 - 'WifiSelfTest_TestResult' is from 'package:starlink_isp_app/generated/spacex_api/device/wifi.pb.dart' ('lib/generated/spacex_api/device/wifi.pb.dart').
  $pb.PbList<WifiSelfTest_TestResult> get ethPhys => $_getList(2);
                                                     ^
lib/generated/spacex_api/device/wifi.pb.dart:1518:51: Error: A value of type 'List<dynamic>' can't be returned from a function with return type 'PbList<WifiSelfTest_TestResult>'.
 - 'List' is from 'dart:core'.
 - 'PbList' is from 'package:protobuf/protobuf.dart' ('../../../.pub-cache/hosted/pub.dev/protobuf-3.1.0/lib/protobuf.dart').
 - 'WifiSelfTest_TestResult' is from 'package:starlink_isp_app/generated/spacex_api/device/wifi.pb.dart' ('lib/generated/spacex_api/device/wifi.pb.dart').
  $pb.PbList<WifiSelfTest_TestResult> get pcis => $_getList(3);
                                                  ^
lib/generated/spacex_api/device/wifi.pb.dart:1523:49: Error: The method '$_setField' isn't defined for the type 'WifiSelfTest'.
 - 'WifiSelfTest' is from 'package:starlink_isp_app/generated/spacex_api/device/wifi.pb.dart' ('lib/generated/spacex_api/device/wifi.pb.dart').
Try correcting the name to the name of an existing method, or defining a method named '$_setField'.
  set bl2Prod(WifiSelfTest_TestResult value) => $_setField(5, value);
                                                ^^^^^^^^^^
lib/generated/spacex_api/device/wifi.pb.dart:1527:26: Error: The method '$_clearField' isn't defined for the type 'WifiSelfTest'.
 - 'WifiSelfTest' is from 'package:starlink_isp_app/generated/spacex_api/device/wifi.pb.dart' ('lib/generated/spacex_api/device/wifi.pb.dart').
Try correcting the name to the name of an existing method, or defining a method named '$_clearField'.
  void clearBl2Prod() => $_clearField(5);
                         ^^^^^^^^^^^^
lib/generated/spacex_api/device/wifi.pb.dart:1581:42: Error: The method '$_setField' isn't defined for the type 'WifiSetConfigRequest'.
 - 'WifiSetConfigRequest' is from 'package:starlink_isp_app/generated/spacex_api/device/wifi.pb.dart' ('lib/generated/spacex_api/device/wifi.pb.dart').
Try correcting the name to the name of an existing method, or defining a method named '$_setField'.
  set wifiConfig($2.WifiConfig value) => $_setField(1, value);
                                         ^^^^^^^^^^
lib/generated/spacex_api/device/wifi.pb.dart:1585:29: Error: The method '$_clearField' isn't defined for the type 'WifiSetConfigRequest'.
 - 'WifiSetConfigRequest' is from 'package:starlink_isp_app/generated/spacex_api/device/wifi.pb.dart' ('lib/generated/spacex_api/device/wifi.pb.dart').
Try correcting the name to the name of an existing method, or defining a method named '$_clearField'.
  void clearWifiConfig() => $_clearField(1);
                            ^^^^^^^^^^^^
lib/generated/spacex_api/device/wifi.pb.dart:1640:49: Error: The method '$_setField' isn't defined for the type 'WifiSetConfigResponse'.
 - 'WifiSetConfigResponse' is from 'package:starlink_isp_app/generated/spacex_api/device/wifi.pb.dart' ('lib/generated/spacex_api/device/wifi.pb.dart').
Try correcting the name to the name of an existing method, or defining a method named '$_setField'.
  set updatedWifiConfig($2.WifiConfig value) => $_setField(1, value);
                                                ^^^^^^^^^^
lib/generated/spacex_api/device/wifi.pb.dart:1644:36: Error: The method '$_clearField' isn't defined for the type 'WifiSetConfigResponse'.
 - 'WifiSetConfigResponse' is from 'package:starlink_isp_app/generated/spacex_api/device/wifi.pb.dart' ('lib/generated/spacex_api/device/wifi.pb.dart').
Try correcting the name to the name of an existing method, or defining a method named '$_clearField'.
  void clearUpdatedWifiConfig() => $_clearField(1);
                                   ^^^^^^^^^^^^
lib/generated/spacex_api/device/wifi.pb.dart:1738:42: Error: The method '$_setField' isn't defined for the type 'WifiGetConfigResponse'.
 - 'WifiGetConfigResponse' is from 'package:starlink_isp_app/generated/spacex_api/device/wifi.pb.dart' ('lib/generated/spacex_api/device/wifi.pb.dart').
Try correcting the name to the name of an existing method, or defining a method named '$_setField'.
  set wifiConfig($2.WifiConfig value) => $_setField(1, value);
                                         ^^^^^^^^^^
lib/generated/spacex_api/device/wifi.pb.dart:1742:29: Error: The method '$_clearField' isn't defined for the type 'WifiGetConfigResponse'.
 - 'WifiGetConfigResponse' is from 'package:starlink_isp_app/generated/spacex_api/device/wifi.pb.dart' ('lib/generated/spacex_api/device/wifi.pb.dart').
Try correcting the name to the name of an existing method, or defining a method named '$_clearField'.
  void clearWifiConfig() => $_clearField(1);
                            ^^^^^^^^^^^^
lib/generated/spacex_api/device/wifi.pb.dart:1773:7: Error: The method 'aE' isn't defined for the type 'BuilderInfo'.
 - 'BuilderInfo' is from 'package:protobuf/protobuf.dart' ('../../../.pub-cache/hosted/pub.dev/protobuf-3.1.0/lib/protobuf.dart').
Try correcting the name to the name of an existing method, or defining a method named 'aE'.
    ..aE<$2.MeshAuth>(2, _omitFieldNames ? '' : 'auth',
      ^^
lib/generated/spacex_api/device/wifi.pb.dart:1806:27: Error: The method '$_clearField' isn't defined for the type 'WifiSetMeshDeviceTrustRequest'.
 - 'WifiSetMeshDeviceTrustRequest' is from 'package:starlink_isp_app/generated/spacex_api/device/wifi.pb.dart' ('lib/generated/spacex_api/device/wifi.pb.dart').
Try correcting the name to the name of an existing method, or defining a method named '$_clearField'.
  void clearDeviceId() => $_clearField(1);
                          ^^^^^^^^^^^^
lib/generated/spacex_api/device/wifi.pb.dart:1811:34: Error: The method '$_setField' isn't defined for the type 'WifiSetMeshDeviceTrustRequest'.
 - 'WifiSetMeshDeviceTrustRequest' is from 'package:starlink_isp_app/generated/spacex_api/device/wifi.pb.dart' ('lib/generated/spacex_api/device/wifi.pb.dart').
Try correcting the name to the name of an existing method, or defining a method named '$_setField'.
  set auth($2.MeshAuth value) => $_setField(2, value);
                                 ^^^^^^^^^^
lib/generated/spacex_api/device/wifi.pb.dart:1815:23: Error: The method '$_clearField' isn't defined for the type 'WifiSetMeshDeviceTrustRequest'.
 - 'WifiSetMeshDeviceTrustRequest' is from 'package:starlink_isp_app/generated/spacex_api/device/wifi.pb.dart' ('lib/generated/spacex_api/device/wifi.pb.dart').
Try correcting the name to the name of an existing method, or defining a method named '$_clearField'.
  void clearAuth() => $_clearField(2);
                      ^^^^^^^^^^^^
lib/generated/spacex_api/device/wifi.pb.dart:1913:42: Error: The method '$_setField' isn't defined for the type 'WifiSetMeshConfigRequest'.
 - 'WifiSetMeshConfigRequest' is from 'package:starlink_isp_app/generated/spacex_api/device/wifi.pb.dart' ('lib/generated/spacex_api/device/wifi.pb.dart').
Try correcting the name to the name of an existing method, or defining a method named '$_setField'.
  set meshConfig($2.MeshConfig value) => $_setField(1, value);
                                         ^^^^^^^^^^
lib/generated/spacex_api/device/wifi.pb.dart:1917:29: Error: The method '$_clearField' isn't defined for the type 'WifiSetMeshConfigRequest'.
 - 'WifiSetMeshConfigRequest' is from 'package:starlink_isp_app/generated/spacex_api/device/wifi.pb.dart' ('lib/generated/spacex_api/device/wifi.pb.dart').
Try correcting the name to the name of an existing method, or defining a method named '$_clearField'.
  void clearMeshConfig() => $_clearField(1);
                            ^^^^^^^^^^^^
lib/generated/spacex_api/device/wifi.pb.dart:1928:27: Error: The method '$_clearField' isn't defined for the type 'WifiSetMeshConfigRequest'.
 - 'WifiSetMeshConfigRequest' is from 'package:starlink_isp_app/generated/spacex_api/device/wifi.pb.dart' ('lib/generated/spacex_api/device/wifi.pb.dart').
Try correcting the name to the name of an existing method, or defining a method named '$_clearField'.
  void clearDeviceId() => $_clearField(2);
                          ^^^^^^^^^^^^
lib/generated/spacex_api/device/wifi.pb.dart:2038:7: Error: The method 'pPM' isn't defined for the type 'BuilderInfo'.
 - 'BuilderInfo' is from 'package:protobuf/protobuf.dart' ('../../../.pub-cache/hosted/pub.dev/protobuf-3.1.0/lib/protobuf.dart').
Try correcting the name to the name of an existing method, or defining a method named 'pPM'.
    ..pPM<WifiClient>(1, _omitFieldNames ? '' : 'clients',
      ^^^
lib/generated/spacex_api/device/wifi.pb.dart:2041:7: Error: The method 'aI' isn't defined for the type 'BuilderInfo'.
 - 'BuilderInfo' is from 'package:protobuf/protobuf.dart' ('../../../.pub-cache/hosted/pub.dev/protobuf-3.1.0/lib/protobuf.dart').
Try correcting the name to the name of an existing method, or defining a method named 'aI'.
    ..aI(3, _omitFieldNames ? '' : 'clientIndex')
      ^^
lib/generated/spacex_api/device/wifi.pb.dart:2065:41: Error: A value of type 'List<dynamic>' can't be returned from a function with return type 'PbList<WifiClient>'.
 - 'List' is from 'dart:core'.
 - 'PbList' is from 'package:protobuf/protobuf.dart' ('../../../.pub-cache/hosted/pub.dev/protobuf-3.1.0/lib/protobuf.dart').
 - 'WifiClient' is from 'package:starlink_isp_app/generated/spacex_api/device/wifi.pb.dart' ('lib/generated/spacex_api/device/wifi.pb.dart').
  $pb.PbList<WifiClient> get clients => $_getList(0);
                                        ^
lib/generated/spacex_api/device/wifi.pb.dart:2074:33: Error: The method '$_clearField' isn't defined for the type 'WifiGetClientsResponse'.
 - 'WifiGetClientsResponse' is from 'package:starlink_isp_app/generated/spacex_api/device/wifi.pb.dart' ('lib/generated/spacex_api/device/wifi.pb.dart').
Try correcting the name to the name of an existing method, or defining a method named '$_clearField'.
  void clearHasClientIndex() => $_clearField(2);
                                ^^^^^^^^^^^^
lib/generated/spacex_api/device/wifi.pb.dart:2083:32: Error: The method '$_clearField' isn't defined for the type 'WifiGetClientsResponse'.
 - 'WifiGetClientsResponse' is from 'package:starlink_isp_app/generated/spacex_api/device/wifi.pb.dart' ('lib/generated/spacex_api/device/wifi.pb.dart').
Try correcting the name to the name of an existing method, or defining a method named '$_clearField'.
  void clearClientIndex_3() => $_clearField(3);
                               ^^^^^^^^^^^^
lib/generated/spacex_api/device/wifi.pb.dart:2112:7: Error: The method 'aI' isn't defined for the type 'BuilderInfo'.
 - 'BuilderInfo' is from 'package:protobuf/protobuf.dart' ('../../../.pub-cache/hosted/pub.dev/protobuf-3.1.0/lib/protobuf.dart').
Try correcting the name to the name of an existing method, or defining a method named 'aI'.
    ..aI(2, _omitFieldNames ? '' : 'clientId', fieldType: $pb.PbFieldType.OU3)
      ^^
lib/generated/spacex_api/device/wifi.pb.dart:2144:29: Error: The method '$_clearField' isn't defined for the type 'WifiGetClientHistoryRequest'.
 - 'WifiGetClientHistoryRequest' is from 'package:starlink_isp_app/generated/spacex_api/device/wifi.pb.dart' ('lib/generated/spacex_api/device/wifi.pb.dart').
Try correcting the name to the name of an existing method, or defining a method named '$_clearField'.
  void clearMacAddress() => $_clearField(1);
                            ^^^^^^^^^^^^
lib/generated/spacex_api/device/wifi.pb.dart:2153:27: Error: The method '$_clearField' isn't defined for the type 'WifiGetClientHistoryRequest'.
 - 'WifiGetClientHistoryRequest' is from 'package:starlink_isp_app/generated/spacex_api/device/wifi.pb.dart' ('lib/generated/spacex_api/device/wifi.pb.dart').
Try correcting the name to the name of an existing method, or defining a method named '$_clearField'.
  void clearClientId() => $_clearField(2);
                          ^^^^^^^^^^^^
lib/generated/spacex_api/device/wifi.pb.dart:2240:26: Error: The method '$_clearField' isn't defined for the type 'WifiGetClientHistoryResponse'.
 - 'WifiGetClientHistoryResponse' is from 'package:starlink_isp_app/generated/spacex_api/device/wifi.pb.dart' ('lib/generated/spacex_api/device/wifi.pb.dart').
Try correcting the name to the name of an existing method, or defining a method named '$_clearField'.
  void clearCurrent() => $_clearField(1);
                         ^^^^^^^^^^^^
lib/generated/spacex_api/device/wifi.pb.dart:2243:52: Error: A value of type 'List<dynamic>' can't be returned from a function with return type 'PbList<double>'.
 - 'List' is from 'dart:core'.
 - 'PbList' is from 'package:protobuf/protobuf.dart' ('../../../.pub-cache/hosted/pub.dev/protobuf-3.1.0/lib/protobuf.dart').
  $pb.PbList<$core.double> get txThroughputMbps => $_getList(1);
                                                   ^
lib/generated/spacex_api/device/wifi.pb.dart:2246:52: Error: A value of type 'List<dynamic>' can't be returned from a function with return type 'PbList<double>'.
 - 'List' is from 'dart:core'.
 - 'PbList' is from 'package:protobuf/protobuf.dart' ('../../../.pub-cache/hosted/pub.dev/protobuf-3.1.0/lib/protobuf.dart').
  $pb.PbList<$core.double> get rxThroughputMbps => $_getList(2);
                                                   ^
lib/generated/spacex_api/device/wifi.pb.dart:2250:32: Error: A value of type 'List<dynamic>' can't be returned from a function with return type 'PbList<WifiGetClientHistoryResponse_WifiLimitedReason>'.
 - 'List' is from 'dart:core'.
 - 'PbList' is from 'package:protobuf/protobuf.dart' ('../../../.pub-cache/hosted/pub.dev/protobuf-3.1.0/lib/protobuf.dart').
 - 'WifiGetClientHistoryResponse_WifiLimitedReason' is from 'package:starlink_isp_app/generated/spacex_api/device/wifi.pbenum.dart' ('lib/generated/spacex_api/device/wifi.pbenum.dart').
      get throughputLimited => $_getList(3);
                               ^
lib/generated/spacex_api/device/wifi.pb.dart:2253:46: Error: A value of type 'List<dynamic>' can't be returned from a function with return type 'PbList<double>'.
 - 'List' is from 'dart:core'.
 - 'PbList' is from 'package:protobuf/protobuf.dart' ('../../../.pub-cache/hosted/pub.dev/protobuf-3.1.0/lib/protobuf.dart').
  $pb.PbList<$core.double> get rxRateMbps => $_getList(4);
                                             ^
lib/generated/spacex_api/device/wifi.pb.dart:2262:23: Error: The method '$_clearField' isn't defined for the type 'WifiGetClientHistoryResponse'.
 - 'WifiGetClientHistoryResponse' is from 'package:starlink_isp_app/generated/spacex_api/device/wifi.pb.dart' ('lib/generated/spacex_api/device/wifi.pb.dart').
Try correcting the name to the name of an existing method, or defining a method named '$_clearField'.
  void clearRssi() => $_clearField(6);
                      ^^^^^^^^^^^^
lib/generated/spacex_api/device/wifi.pb.dart:2361:51: Error: A value of type 'List<dynamic>' can't be returned from a function with return type 'PbList<double>'.
 - 'List' is from 'dart:core'.
 - 'PbList' is from 'package:protobuf/protobuf.dart' ('../../../.pub-cache/hosted/pub.dev/protobuf-3.1.0/lib/protobuf.dart').
  $pb.PbList<$core.double> get dropRateLast15s => $_getList(0);
                                                  ^
lib/generated/spacex_api/device/wifi.pb.dart:2432:22: Error: The method '$_clearField' isn't defined for the type 'WifiGetHistoryResponse_DnsResolverDropRateEntry'.
 - 'WifiGetHistoryResponse_DnsResolverDropRateEntry' is from 'package:starlink_isp_app/generated/spacex_api/device/wifi.pb.dart' ('lib/generated/spacex_api/device/wifi.pb.dart').
Try correcting the name to the name of an existing method, or defining a method named '$_clearField'.
  void clearKey() => $_clearField(1);
                     ^^^^^^^^^^^^
lib/generated/spacex_api/device/wifi.pb.dart:2438:7: Error: The method '$_setField' isn't defined for the type 'WifiGetHistoryResponse_DnsResolverDropRateEntry'.
 - 'WifiGetHistoryResponse_DnsResolverDropRateEntry' is from 'package:starlink_isp_app/generated/spacex_api/device/wifi.pb.dart' ('lib/generated/spacex_api/device/wifi.pb.dart').
Try correcting the name to the name of an existing method, or defining a method named '$_setField'.
      $_setField(2, value);
      ^^^^^^^^^^
lib/generated/spacex_api/device/wifi.pb.dart:2442:24: Error: The method '$_clearField' isn't defined for the type 'WifiGetHistoryResponse_DnsResolverDropRateEntry'.
 - 'WifiGetHistoryResponse_DnsResolverDropRateEntry' is from 'package:starlink_isp_app/generated/spacex_api/device/wifi.pb.dart' ('lib/generated/spacex_api/device/wifi.pb.dart').
Try correcting the name to the name of an existing method, or defining a method named '$_clearField'.
  void clearValue() => $_clearField(2);
                       ^^^^^^^^^^^^
lib/generated/spacex_api/device/wifi.pb.dart:2539:7: Error: The method 'pPM' isn't defined for the type 'BuilderInfo'.
 - 'BuilderInfo' is from 'package:protobuf/protobuf.dart' ('../../../.pub-cache/hosted/pub.dev/protobuf-3.1.0/lib/protobuf.dart').
Try correcting the name to the name of an existing method, or defining a method named 'pPM'.
    ..pPM<WifiGetHistoryResponse_DnsResolverDropRateEntry>(
      ^^^
lib/generated/spacex_api/device/wifi.pb.dart:2573:26: Error: The method '$_clearField' isn't defined for the type 'WifiGetHistoryResponse'.
 - 'WifiGetHistoryResponse' is from 'package:starlink_isp_app/generated/spacex_api/device/wifi.pb.dart' ('lib/generated/spacex_api/device/wifi.pb.dart').
Try correcting the name to the name of an existing method, or defining a method named '$_clearField'.
  void clearCurrent() => $_clearField(1);
                         ^^^^^^^^^^^^
lib/generated/spacex_api/device/wifi.pb.dart:2582:34: Error: The method '$_clearField' isn't defined for the type 'WifiGetHistoryResponse'.
 - 'WifiGetHistoryResponse' is from 'package:starlink_isp_app/generated/spacex_api/device/wifi.pb.dart' ('lib/generated/spacex_api/device/wifi.pb.dart').
Try correcting the name to the name of an existing method, or defining a method named '$_clearField'.
  void clearCurrentIndex15s() => $_clearField(2);
                                 ^^^^^^^^^^^^
lib/generated/spacex_api/device/wifi.pb.dart:2585:48: Error: A value of type 'List<dynamic>' can't be returned from a function with return type 'PbList<double>'.
 - 'List' is from 'dart:core'.
 - 'PbList' is from 'package:protobuf/protobuf.dart' ('../../../.pub-cache/hosted/pub.dev/protobuf-3.1.0/lib/protobuf.dart').
  $pb.PbList<$core.double> get pingDropRate => $_getList(2);
                                               ^
lib/generated/spacex_api/device/wifi.pb.dart:2588:49: Error: A value of type 'List<dynamic>' can't be returned from a function with return type 'PbList<double>'.
 - 'List' is from 'dart:core'.
 - 'PbList' is from 'package:protobuf/protobuf.dart' ('../../../.pub-cache/hosted/pub.dev/protobuf-3.1.0/lib/protobuf.dart').
  $pb.PbList<$core.double> get pingLatencyMs => $_getList(3);
                                                ^
lib/generated/spacex_api/device/wifi.pb.dart:2591:62: Error: A value of type 'List<dynamic>' can't be returned from a function with return type 'PbList<double>'.
 - 'List' is from 'dart:core'.
 - 'PbList' is from 'package:protobuf/protobuf.dart' ('../../../.pub-cache/hosted/pub.dev/protobuf-3.1.0/lib/protobuf.dart').
  $pb.PbList<$core.double> get popIpv4PingDropRateLast15s => $_getList(4);
                                                             ^
lib/generated/spacex_api/device/wifi.pb.dart:2594:62: Error: A value of type 'List<dynamic>' can't be returned from a function with return type 'PbList<double>'.
 - 'List' is from 'dart:core'.
 - 'PbList' is from 'package:protobuf/protobuf.dart' ('../../../.pub-cache/hosted/pub.dev/protobuf-3.1.0/lib/protobuf.dart').
  $pb.PbList<$core.double> get popIpv6PingDropRateLast15s => $_getList(5);
                                                             ^
lib/generated/spacex_api/device/wifi.pb.dart:2597:65: Error: A value of type 'List<dynamic>' can't be returned from a function with return type 'PbList<double>'.
 - 'List' is from 'dart:core'.
 - 'PbList' is from 'package:protobuf/protobuf.dart' ('../../../.pub-cache/hosted/pub.dev/protobuf-3.1.0/lib/protobuf.dart').
  $pb.PbList<$core.double> get googleIpv4PingDropRateLast15s => $_getList(6);
                                                                ^
lib/generated/spacex_api/device/wifi.pb.dart:2600:65: Error: A value of type 'List<dynamic>' can't be returned from a function with return type 'PbList<double>'.
 - 'List' is from 'dart:core'.
 - 'PbList' is from 'package:protobuf/protobuf.dart' ('../../../.pub-cache/hosted/pub.dev/protobuf-3.1.0/lib/protobuf.dart').
  $pb.PbList<$core.double> get googleIpv6PingDropRateLast15s => $_getList(7);
                                                                ^
lib/generated/spacex_api/device/wifi.pb.dart:2604:7: Error: A value of type 'List<dynamic>' can't be returned from a function with return type 'PbList<double>'.
 - 'List' is from 'dart:core'.
 - 'PbList' is from 'package:protobuf/protobuf.dart' ('../../../.pub-cache/hosted/pub.dev/protobuf-3.1.0/lib/protobuf.dart').
      $_getList(8);
      ^
lib/generated/spacex_api/device/wifi.pb.dart:2608:7: Error: A value of type 'List<dynamic>' can't be returned from a function with return type 'PbList<double>'.
 - 'List' is from 'dart:core'.
 - 'PbList' is from 'package:protobuf/protobuf.dart' ('../../../.pub-cache/hosted/pub.dev/protobuf-3.1.0/lib/protobuf.dart').
      $_getList(9);
      ^
lib/generated/spacex_api/device/wifi.pb.dart:2612:34: Error: A value of type 'List<dynamic>' can't be returned from a function with return type 'PbList<WifiGetHistoryResponse_DnsResolverDropRateEntry>'.
 - 'List' is from 'dart:core'.
 - 'PbList' is from 'package:protobuf/protobuf.dart' ('../../../.pub-cache/hosted/pub.dev/protobuf-3.1.0/lib/protobuf.dart').
 - 'WifiGetHistoryResponse_DnsResolverDropRateEntry' is from 'package:starlink_isp_app/generated/spacex_api/device/wifi.pb.dart' ('lib/generated/spacex_api/device/wifi.pb.dart').
      get dnsResolverDropRate => $_getList(10);
                                 ^
lib/generated/spacex_api/device/wifi.pb.dart:2617:38: Error: The method '$_setField' isn't defined for the type 'WifiGetHistoryResponse'.
 - 'WifiGetHistoryResponse' is from 'package:starlink_isp_app/generated/spacex_api/device/wifi.pb.dart' ('lib/generated/spacex_api/device/wifi.pb.dart').
Try correcting the name to the name of an existing method, or defining a method named '$_setField'.
  set eventLog($3.EventLog value) => $_setField(1010, value);
                                     ^^^^^^^^^^
lib/generated/spacex_api/device/wifi.pb.dart:2621:27: Error: The method '$_clearField' isn't defined for the type 'WifiGetHistoryResponse'.
 - 'WifiGetHistoryResponse' is from 'package:starlink_isp_app/generated/spacex_api/device/wifi.pb.dart' ('lib/generated/spacex_api/device/wifi.pb.dart').
Try correcting the name to the name of an existing method, or defining a method named '$_clearField'.
  void clearEventLog() => $_clearField(1010);
                          ^^^^^^^^^^^^
lib/generated/spacex_api/device/wifi.pb.dart:2678:35: Error: The method '$_setField' isn't defined for the type 'WifiNewClientConnectedEvent'.
 - 'WifiNewClientConnectedEvent' is from 'package:starlink_isp_app/generated/spacex_api/device/wifi.pb.dart' ('lib/generated/spacex_api/device/wifi.pb.dart').
Try correcting the name to the name of an existing method, or defining a method named '$_setField'.
  set client(WifiClient value) => $_setField(1, value);
                                  ^^^^^^^^^^
lib/generated/spacex_api/device/wifi.pb.dart:2682:25: Error: The method '$_clearField' isn't defined for the type 'WifiNewClientConnectedEvent'.
 - 'WifiNewClientConnectedEvent' is from 'package:starlink_isp_app/generated/spacex_api/device/wifi.pb.dart' ('lib/generated/spacex_api/device/wifi.pb.dart').
Try correcting the name to the name of an existing method, or defining a method named '$_clearField'.
  void clearClient() => $_clearField(1);
                        ^^^^^^^^^^^^
lib/generated/spacex_api/device/wifi.pb.dart:2749:7: Error: The method 'aI' isn't defined for the type 'BuilderInfo'.
 - 'BuilderInfo' is from 'package:protobuf/protobuf.dart' ('../../../.pub-cache/hosted/pub.dev/protobuf-3.1.0/lib/protobuf.dart').
Try correcting the name to the name of an existing method, or defining a method named 'aI'.
    ..aI(3, _omitFieldNames ? '' : 'nss')
      ^^
lib/generated/spacex_api/device/wifi.pb.dart:2750:7: Error: The method 'aI' isn't defined for the type 'BuilderInfo'.
 - 'BuilderInfo' is from 'package:protobuf/protobuf.dart' ('../../../.pub-cache/hosted/pub.dev/protobuf-3.1.0/lib/protobuf.dart').
Try correcting the name to the name of an existing method, or defining a method named 'aI'.
    ..aI(5, _omitFieldNames ? '' : 'mcs', fieldType: $pb.PbFieldType.OU3)
      ^^
lib/generated/spacex_api/device/wifi.pb.dart:2751:7: Error: The method 'aI' isn't defined for the type 'BuilderInfo'.
 - 'BuilderInfo' is from 'package:protobuf/protobuf.dart' ('../../../.pub-cache/hosted/pub.dev/protobuf-3.1.0/lib/protobuf.dart').
Try correcting the name to the name of an existing method, or defining a method named 'aI'.
    ..aI(6, _omitFieldNames ? '' : 'bandwidth', fieldType: $pb.PbFieldType.OU3)
      ^^
lib/generated/spacex_api/device/wifi.pb.dart:2752:7: Error: The method 'aI' isn't defined for the type 'BuilderInfo'.
 - 'BuilderInfo' is from 'package:protobuf/protobuf.dart' ('../../../.pub-cache/hosted/pub.dev/protobuf-3.1.0/lib/protobuf.dart').
Try correcting the name to the name of an existing method, or defining a method named 'aI'.
    ..aI(7, _omitFieldNames ? '' : 'guardNs', fieldType: $pb.PbFieldType.OU3)
      ^^
lib/generated/spacex_api/device/wifi.pb.dart:2753:7: Error: The method 'aI' isn't defined for the type 'BuilderInfo'.
 - 'BuilderInfo' is from 'package:protobuf/protobuf.dart' ('../../../.pub-cache/hosted/pub.dev/protobuf-3.1.0/lib/protobuf.dart').
Try correcting the name to the name of an existing method, or defining a method named 'aI'.
    ..aI(8, _omitFieldNames ? '' : 'rateMbps', fieldType: $pb.PbFieldType.OU3)
      ^^
lib/generated/spacex_api/device/wifi.pb.dart:2754:7: Error: The method 'aD' isn't defined for the type 'BuilderInfo'.
 - 'BuilderInfo' is from 'package:protobuf/protobuf.dart' ('../../../.pub-cache/hosted/pub.dev/protobuf-3.1.0/lib/protobuf.dart').
Try correcting the name to the name of an existing method, or defining a method named 'aD'.
    ..aD(9, _omitFieldNames ? '' : 'airtimeFractionLast1s',
      ^^
lib/generated/spacex_api/device/wifi.pb.dart:2756:7: Error: The method 'aI' isn't defined for the type 'BuilderInfo'.
 - 'BuilderInfo' is from 'package:protobuf/protobuf.dart' ('../../../.pub-cache/hosted/pub.dev/protobuf-3.1.0/lib/protobuf.dart').
Try correcting the name to the name of an existing method, or defining a method named 'aI'.
    ..aI(10, _omitFieldNames ? '' : 'sampledPackets',
      ^^
lib/generated/spacex_api/device/wifi.pb.dart:2758:7: Error: The method 'aI' isn't defined for the type 'BuilderInfo'.
 - 'BuilderInfo' is from 'package:protobuf/protobuf.dart' ('../../../.pub-cache/hosted/pub.dev/protobuf-3.1.0/lib/protobuf.dart').
Try correcting the name to the name of an existing method, or defining a method named 'aI'.
    ..aI(11, _omitFieldNames ? '' : 'sampledPacketsRetried',
      ^^
lib/generated/spacex_api/device/wifi.pb.dart:2760:7: Error: The method 'aI' isn't defined for the type 'BuilderInfo'.
 - 'BuilderInfo' is from 'package:protobuf/protobuf.dart' ('../../../.pub-cache/hosted/pub.dev/protobuf-3.1.0/lib/protobuf.dart').
Try correcting the name to the name of an existing method, or defining a method named 'aI'.
    ..aI(12, _omitFieldNames ? '' : 'sampledPacketsDropped',
      ^^
lib/generated/spacex_api/device/wifi.pb.dart:2762:7: Error: The method 'aI' isn't defined for the type 'BuilderInfo'.
 - 'BuilderInfo' is from 'package:protobuf/protobuf.dart' ('../../../.pub-cache/hosted/pub.dev/protobuf-3.1.0/lib/protobuf.dart').
Try correcting the name to the name of an existing method, or defining a method named 'aI'.
    ..aI(13, _omitFieldNames ? '' : 'phyMode', fieldType: $pb.PbFieldType.OU3)
      ^^
lib/generated/spacex_api/device/wifi.pb.dart:2763:7: Error: The method 'aD' isn't defined for the type 'BuilderInfo'.
 - 'BuilderInfo' is from 'package:protobuf/protobuf.dart' ('../../../.pub-cache/hosted/pub.dev/protobuf-3.1.0/lib/protobuf.dart').
Try correcting the name to the name of an existing method, or defining a method named 'aD'.
    ..aD(14, _omitFieldNames ? '' : 'rateMbpsLast30s',
      ^^
lib/generated/spacex_api/device/wifi.pb.dart:2765:7: Error: The method 'aD' isn't defined for the type 'BuilderInfo'.
 - 'BuilderInfo' is from 'package:protobuf/protobuf.dart' ('../../../.pub-cache/hosted/pub.dev/protobuf-3.1.0/lib/protobuf.dart').
Try correcting the name to the name of an existing method, or defining a method named 'aD'.
    ..aD(15, _omitFieldNames ? '' : 'rateMbpsLast15s',
      ^^
lib/generated/spacex_api/device/wifi.pb.dart:2767:7: Error: The method 'aD' isn't defined for the type 'BuilderInfo'.
 - 'BuilderInfo' is from 'package:protobuf/protobuf.dart' ('../../../.pub-cache/hosted/pub.dev/protobuf-3.1.0/lib/protobuf.dart').
Try correcting the name to the name of an existing method, or defining a method named 'aD'.
    ..aD(16, _omitFieldNames ? '' : 'rateMbpsLast1mAvg',
      ^^
lib/generated/spacex_api/device/wifi.pb.dart:2769:7: Error: The method 'aD' isn't defined for the type 'BuilderInfo'.
 - 'BuilderInfo' is from 'package:protobuf/protobuf.dart' ('../../../.pub-cache/hosted/pub.dev/protobuf-3.1.0/lib/protobuf.dart').
Try correcting the name to the name of an existing method, or defining a method named 'aD'.
    ..aD(17, _omitFieldNames ? '' : 'throughputMbpsLast1mAvg',
      ^^
lib/generated/spacex_api/device/wifi.pb.dart:2799:24: Error: The method '$_clearField' isn't defined for the type 'WifiClient_RxStats'.
 - 'WifiClient_RxStats' is from 'package:starlink_isp_app/generated/spacex_api/device/wifi.pb.dart' ('lib/generated/spacex_api/device/wifi.pb.dart').
Try correcting the name to the name of an existing method, or defining a method named '$_clearField'.
  void clearBytes() => $_clearField(1);
                       ^^^^^^^^^^^^
lib/generated/spacex_api/device/wifi.pb.dart:2808:30: Error: The method '$_clearField' isn't defined for the type 'WifiClient_RxStats'.
 - 'WifiClient_RxStats' is from 'package:starlink_isp_app/generated/spacex_api/device/wifi.pb.dart' ('lib/generated/spacex_api/device/wifi.pb.dart').
Try correcting the name to the name of an existing method, or defining a method named '$_clearField'.
  void clearCountErrors() => $_clearField(2);
                             ^^^^^^^^^^^^
lib/generated/spacex_api/device/wifi.pb.dart:2817:22: Error: The method '$_clearField' isn't defined for the type 'WifiClient_RxStats'.
 - 'WifiClient_RxStats' is from 'package:starlink_isp_app/generated/spacex_api/device/wifi.pb.dart' ('lib/generated/spacex_api/device/wifi.pb.dart').
Try correcting the name to the name of an existing method, or defining a method named '$_clearField'.
  void clearNss() => $_clearField(3);
                     ^^^^^^^^^^^^
lib/generated/spacex_api/device/wifi.pb.dart:2826:22: Error: The method '$_clearField' isn't defined for the type 'WifiClient_RxStats'.
 - 'WifiClient_RxStats' is from 'package:starlink_isp_app/generated/spacex_api/device/wifi.pb.dart' ('lib/generated/spacex_api/device/wifi.pb.dart').
Try correcting the name to the name of an existing method, or defining a method named '$_clearField'.
  void clearMcs() => $_clearField(5);
                     ^^^^^^^^^^^^
lib/generated/spacex_api/device/wifi.pb.dart:2835:28: Error: The method '$_clearField' isn't defined for the type 'WifiClient_RxStats'.
 - 'WifiClient_RxStats' is from 'package:starlink_isp_app/generated/spacex_api/device/wifi.pb.dart' ('lib/generated/spacex_api/device/wifi.pb.dart').
Try correcting the name to the name of an existing method, or defining a method named '$_clearField'.
  void clearBandwidth() => $_clearField(6);
                           ^^^^^^^^^^^^
lib/generated/spacex_api/device/wifi.pb.dart:2844:26: Error: The method '$_clearField' isn't defined for the type 'WifiClient_RxStats'.
 - 'WifiClient_RxStats' is from 'package:starlink_isp_app/generated/spacex_api/device/wifi.pb.dart' ('lib/generated/spacex_api/device/wifi.pb.dart').
Try correcting the name to the name of an existing method, or defining a method named '$_clearField'.
  void clearGuardNs() => $_clearField(7);
                         ^^^^^^^^^^^^
lib/generated/spacex_api/device/wifi.pb.dart:2853:27: Error: The method '$_clearField' isn't defined for the type 'WifiClient_RxStats'.
 - 'WifiClient_RxStats' is from 'package:starlink_isp_app/generated/spacex_api/device/wifi.pb.dart' ('lib/generated/spacex_api/device/wifi.pb.dart').
Try correcting the name to the name of an existing method, or defining a method named '$_clearField'.
  void clearRateMbps() => $_clearField(8);
                          ^^^^^^^^^^^^
lib/generated/spacex_api/device/wifi.pb.dart:2862:40: Error: The method '$_clearField' isn't defined for the type 'WifiClient_RxStats'.
 - 'WifiClient_RxStats' is from 'package:starlink_isp_app/generated/spacex_api/device/wifi.pb.dart' ('lib/generated/spacex_api/device/wifi.pb.dart').
Try correcting the name to the name of an existing method, or defining a method named '$_clearField'.
  void clearAirtimeFractionLast1s() => $_clearField(9);
                                       ^^^^^^^^^^^^
lib/generated/spacex_api/device/wifi.pb.dart:2871:33: Error: The method '$_clearField' isn't defined for the type 'WifiClient_RxStats'.
 - 'WifiClient_RxStats' is from 'package:starlink_isp_app/generated/spacex_api/device/wifi.pb.dart' ('lib/generated/spacex_api/device/wifi.pb.dart').
Try correcting the name to the name of an existing method, or defining a method named '$_clearField'.
  void clearSampledPackets() => $_clearField(10);
                                ^^^^^^^^^^^^
lib/generated/spacex_api/device/wifi.pb.dart:2880:40: Error: The method '$_clearField' isn't defined for the type 'WifiClient_RxStats'.
 - 'WifiClient_RxStats' is from 'package:starlink_isp_app/generated/spacex_api/device/wifi.pb.dart' ('lib/generated/spacex_api/device/wifi.pb.dart').
Try correcting the name to the name of an existing method, or defining a method named '$_clearField'.
  void clearSampledPacketsRetried() => $_clearField(11);
                                       ^^^^^^^^^^^^
lib/generated/spacex_api/device/wifi.pb.dart:2889:40: Error: The method '$_clearField' isn't defined for the type 'WifiClient_RxStats'.
 - 'WifiClient_RxStats' is from 'package:starlink_isp_app/generated/spacex_api/device/wifi.pb.dart' ('lib/generated/spacex_api/device/wifi.pb.dart').
Try correcting the name to the name of an existing method, or defining a method named '$_clearField'.
  void clearSampledPacketsDropped() => $_clearField(12);
                                       ^^^^^^^^^^^^
lib/generated/spacex_api/device/wifi.pb.dart:2898:26: Error: The method '$_clearField' isn't defined for the type 'WifiClient_RxStats'.
 - 'WifiClient_RxStats' is from 'package:starlink_isp_app/generated/spacex_api/device/wifi.pb.dart' ('lib/generated/spacex_api/device/wifi.pb.dart').
Try correcting the name to the name of an existing method, or defining a method named '$_clearField'.
  void clearPhyMode() => $_clearField(13);
                         ^^^^^^^^^^^^
lib/generated/spacex_api/device/wifi.pb.dart:2907:34: Error: The method '$_clearField' isn't defined for the type 'WifiClient_RxStats'.
 - 'WifiClient_RxStats' is from 'package:starlink_isp_app/generated/spacex_api/device/wifi.pb.dart' ('lib/generated/spacex_api/device/wifi.pb.dart').
Try correcting the name to the name of an existing method, or defining a method named '$_clearField'.
  void clearRateMbpsLast30s() => $_clearField(14);
                                 ^^^^^^^^^^^^
lib/generated/spacex_api/device/wifi.pb.dart:2916:34: Error: The method '$_clearField' isn't defined for the type 'WifiClient_RxStats'.
 - 'WifiClient_RxStats' is from 'package:starlink_isp_app/generated/spacex_api/device/wifi.pb.dart' ('lib/generated/spacex_api/device/wifi.pb.dart').
Try correcting the name to the name of an existing method, or defining a method named '$_clearField'.
  void clearRateMbpsLast15s() => $_clearField(15);
                                 ^^^^^^^^^^^^
lib/generated/spacex_api/device/wifi.pb.dart:2925:36: Error: The method '$_clearField' isn't defined for the type 'WifiClient_RxStats'.
 - 'WifiClient_RxStats' is from 'package:starlink_isp_app/generated/spacex_api/device/wifi.pb.dart' ('lib/generated/spacex_api/device/wifi.pb.dart').
Try correcting the name to the name of an existing method, or defining a method named '$_clearField'.
  void clearRateMbpsLast1mAvg() => $_clearField(16);
                                   ^^^^^^^^^^^^
lib/generated/spacex_api/device/wifi.pb.dart:2934:42: Error: The method '$_clearField' isn't defined for the type 'WifiClient_RxStats'.
 - 'WifiClient_RxStats' is from 'package:starlink_isp_app/generated/spacex_api/device/wifi.pb.dart' ('lib/generated/spacex_api/device/wifi.pb.dart').
Try correcting the name to the name of an existing method, or defining a method named '$_clearField'.
  void clearThroughputMbpsLast1mAvg() => $_clearField(17);
                                         ^^^^^^^^^^^^
lib/generated/spacex_api/device/wifi.pb.dart:2986:7: Error: The method 'aI' isn't defined for the type 'BuilderInfo'.
 - 'BuilderInfo' is from 'package:protobuf/protobuf.dart' ('../../../.pub-cache/hosted/pub.dev/protobuf-3.1.0/lib/protobuf.dart').
Try correcting the name to the name of an existing method, or defining a method named 'aI'.
    ..aI(3, _omitFieldNames ? '' : 'nss')
      ^^
lib/generated/spacex_api/device/wifi.pb.dart:2987:7: Error: The method 'aI' isn't defined for the type 'BuilderInfo'.
 - 'BuilderInfo' is from 'package:protobuf/protobuf.dart' ('../../../.pub-cache/hosted/pub.dev/protobuf-3.1.0/lib/protobuf.dart').
Try correcting the name to the name of an existing method, or defining a method named 'aI'.
    ..aI(5, _omitFieldNames ? '' : 'mcs', fieldType: $pb.PbFieldType.OU3)
      ^^
lib/generated/spacex_api/device/wifi.pb.dart:2988:7: Error: The method 'aI' isn't defined for the type 'BuilderInfo'.
 - 'BuilderInfo' is from 'package:protobuf/protobuf.dart' ('../../../.pub-cache/hosted/pub.dev/protobuf-3.1.0/lib/protobuf.dart').
Try correcting the name to the name of an existing method, or defining a method named 'aI'.
    ..aI(6, _omitFieldNames ? '' : 'bandwidth', fieldType: $pb.PbFieldType.OU3)
      ^^
lib/generated/spacex_api/device/wifi.pb.dart:2989:7: Error: The method 'aI' isn't defined for the type 'BuilderInfo'.
 - 'BuilderInfo' is from 'package:protobuf/protobuf.dart' ('../../../.pub-cache/hosted/pub.dev/protobuf-3.1.0/lib/protobuf.dart').
Try correcting the name to the name of an existing method, or defining a method named 'aI'.
    ..aI(7, _omitFieldNames ? '' : 'guardNs', fieldType: $pb.PbFieldType.OU3)
      ^^
lib/generated/spacex_api/device/wifi.pb.dart:2990:7: Error: The method 'aI' isn't defined for the type 'BuilderInfo'.
 - 'BuilderInfo' is from 'package:protobuf/protobuf.dart' ('../../../.pub-cache/hosted/pub.dev/protobuf-3.1.0/lib/protobuf.dart').
Try correcting the name to the name of an existing method, or defining a method named 'aI'.
    ..aI(8, _omitFieldNames ? '' : 'rateMbps', fieldType: $pb.PbFieldType.OU3)
      ^^
lib/generated/spacex_api/device/wifi.pb.dart:2991:7: Error: The method 'aD' isn't defined for the type 'BuilderInfo'.
 - 'BuilderInfo' is from 'package:protobuf/protobuf.dart' ('../../../.pub-cache/hosted/pub.dev/protobuf-3.1.0/lib/protobuf.dart').
Try correcting the name to the name of an existing method, or defining a method named 'aD'.
    ..aD(9, _omitFieldNames ? '' : 'airtimeFractionLast1s',
      ^^
lib/generated/spacex_api/device/wifi.pb.dart:2993:7: Error: The method 'aI' isn't defined for the type 'BuilderInfo'.
 - 'BuilderInfo' is from 'package:protobuf/protobuf.dart' ('../../../.pub-cache/hosted/pub.dev/protobuf-3.1.0/lib/protobuf.dart').
Try correcting the name to the name of an existing method, or defining a method named 'aI'.
    ..aI(10, _omitFieldNames ? '' : 'phyMode', fieldType: $pb.PbFieldType.OU3)
      ^^
lib/generated/spacex_api/device/wifi.pb.dart:2994:7: Error: The method 'aD' isn't defined for the type 'BuilderInfo'.
 - 'BuilderInfo' is from 'package:protobuf/protobuf.dart' ('../../../.pub-cache/hosted/pub.dev/protobuf-3.1.0/lib/protobuf.dart').
Try correcting the name to the name of an existing method, or defining a method named 'aD'.
    ..aD(11, _omitFieldNames ? '' : 'rateMbpsLast30s',
      ^^
lib/generated/spacex_api/device/wifi.pb.dart:2996:7: Error: The method 'aD' isn't defined for the type 'BuilderInfo'.
 - 'BuilderInfo' is from 'package:protobuf/protobuf.dart' ('../../../.pub-cache/hosted/pub.dev/protobuf-3.1.0/lib/protobuf.dart').
Try correcting the name to the name of an existing method, or defining a method named 'aD'.
    ..aD(12, _omitFieldNames ? '' : 'rateMbpsLast15s',
      ^^
lib/generated/spacex_api/device/wifi.pb.dart:3026:24: Error: The method '$_clearField' isn't defined for the type 'WifiClient_TxStats'.
 - 'WifiClient_TxStats' is from 'package:starlink_isp_app/generated/spacex_api/device/wifi.pb.dart' ('lib/generated/spacex_api/device/wifi.pb.dart').
Try correcting the name to the name of an existing method, or defining a method named '$_clearField'.
  void clearBytes() => $_clearField(1);
                       ^^^^^^^^^^^^
lib/generated/spacex_api/device/wifi.pb.dart:3035:31: Error: The method '$_clearField' isn't defined for the type 'WifiClient_TxStats'.
 - 'WifiClient_TxStats' is from 'package:starlink_isp_app/generated/spacex_api/device/wifi.pb.dart' ('lib/generated/spacex_api/device/wifi.pb.dart').
Try correcting the name to the name of an existing method, or defining a method named '$_clearField'.
  void clearSuccessBytes() => $_clearField(2);
                              ^^^^^^^^^^^^
lib/generated/spacex_api/device/wifi.pb.dart:3044:22: Error: The method '$_clearField' isn't defined for the type 'WifiClient_TxStats'.
 - 'WifiClient_TxStats' is from 'package:starlink_isp_app/generated/spacex_api/device/wifi.pb.dart' ('lib/generated/spacex_api/device/wifi.pb.dart').
Try correcting the name to the name of an existing method, or defining a method named '$_clearField'.
  void clearNss() => $_clearField(3);
                     ^^^^^^^^^^^^
lib/generated/spacex_api/device/wifi.pb.dart:3053:22: Error: The method '$_clearField' isn't defined for the type 'WifiClient_TxStats'.
 - 'WifiClient_TxStats' is from 'package:starlink_isp_app/generated/spacex_api/device/wifi.pb.dart' ('lib/generated/spacex_api/device/wifi.pb.dart').
Try correcting the name to the name of an existing method, or defining a method named '$_clearField'.
  void clearMcs() => $_clearField(5);
                     ^^^^^^^^^^^^
lib/generated/spacex_api/device/wifi.pb.dart:3062:28: Error: The method '$_clearField' isn't defined for the type 'WifiClient_TxStats'.
 - 'WifiClient_TxStats' is from 'package:starlink_isp_app/generated/spacex_api/device/wifi.pb.dart' ('lib/generated/spacex_api/device/wifi.pb.dart').
Try correcting the name to the name of an existing method, or defining a method named '$_clearField'.
  void clearBandwidth() => $_clearField(6);
                           ^^^^^^^^^^^^
lib/generated/spacex_api/device/wifi.pb.dart:3071:26: Error: The method '$_clearField' isn't defined for the type 'WifiClient_TxStats'.
 - 'WifiClient_TxStats' is from 'package:starlink_isp_app/generated/spacex_api/device/wifi.pb.dart' ('lib/generated/spacex_api/device/wifi.pb.dart').
Try correcting the name to the name of an existing method, or defining a method named '$_clearField'.
  void clearGuardNs() => $_clearField(7);
                         ^^^^^^^^^^^^
lib/generated/spacex_api/device/wifi.pb.dart:3080:27: Error: The method '$_clearField' isn't defined for the type 'WifiClient_TxStats'.
 - 'WifiClient_TxStats' is from 'package:starlink_isp_app/generated/spacex_api/device/wifi.pb.dart' ('lib/generated/spacex_api/device/wifi.pb.dart').
Try correcting the name to the name of an existing method, or defining a method named '$_clearField'.
  void clearRateMbps() => $_clearField(8);
                          ^^^^^^^^^^^^
lib/generated/spacex_api/device/wifi.pb.dart:3089:40: Error: The method '$_clearField' isn't defined for the type 'WifiClient_TxStats'.
 - 'WifiClient_TxStats' is from 'package:starlink_isp_app/generated/spacex_api/device/wifi.pb.dart' ('lib/generated/spacex_api/device/wifi.pb.dart').
Try correcting the name to the name of an existing method, or defining a method named '$_clearField'.
  void clearAirtimeFractionLast1s() => $_clearField(9);
                                       ^^^^^^^^^^^^
lib/generated/spacex_api/device/wifi.pb.dart:3098:26: Error: The method '$_clearField' isn't defined for the type 'WifiClient_TxStats'.
 - 'WifiClient_TxStats' is from 'package:starlink_isp_app/generated/spacex_api/device/wifi.pb.dart' ('lib/generated/spacex_api/device/wifi.pb.dart').
Try correcting the name to the name of an existing method, or defining a method named '$_clearField'.
  void clearPhyMode() => $_clearField(10);
                         ^^^^^^^^^^^^
lib/generated/spacex_api/device/wifi.pb.dart:3107:34: Error: The method '$_clearField' isn't defined for the type 'WifiClient_TxStats'.
 - 'WifiClient_TxStats' is from 'package:starlink_isp_app/generated/spacex_api/device/wifi.pb.dart' ('lib/generated/spacex_api/device/wifi.pb.dart').
Try correcting the name to the name of an existing method, or defining a method named '$_clearField'.
  void clearRateMbpsLast30s() => $_clearField(11);
                                 ^^^^^^^^^^^^
lib/generated/spacex_api/device/wifi.pb.dart:3116:34: Error: The method '$_clearField' isn't defined for the type 'WifiClient_TxStats'.
 - 'WifiClient_TxStats' is from 'package:starlink_isp_app/generated/spacex_api/device/wifi.pb.dart' ('lib/generated/spacex_api/device/wifi.pb.dart').
Try correcting the name to the name of an existing method, or defining a method named '$_clearField'.
  void clearRateMbpsLast15s() => $_clearField(12);
                                 ^^^^^^^^^^^^
lib/generated/spacex_api/device/wifi.pb.dart:3152:7: Error: The method 'aD' isn't defined for the type 'BuilderInfo'.
 - 'BuilderInfo' is from 'package:protobuf/protobuf.dart' ('../../../.pub-cache/hosted/pub.dev/protobuf-3.1.0/lib/protobuf.dart').
Try correcting the name to the name of an existing method, or defining a method named 'aD'.
    ..aD(3, _omitFieldNames ? '' : 'dropRate5m',
      ^^
lib/generated/spacex_api/device/wifi.pb.dart:3154:7: Error: The method 'aD' isn't defined for the type 'BuilderInfo'.
 - 'BuilderInfo' is from 'package:protobuf/protobuf.dart' ('../../../.pub-cache/hosted/pub.dev/protobuf-3.1.0/lib/protobuf.dart').
Try correcting the name to the name of an existing method, or defining a method named 'aD'.
    ..aD(4, _omitFieldNames ? '' : 'latency5m',
      ^^
lib/generated/spacex_api/device/wifi.pb.dart:3185:34: Error: The method '$_clearField' isn't defined for the type 'WifiClient_PingMetrics'.
 - 'WifiClient_PingMetrics' is from 'package:starlink_isp_app/generated/spacex_api/device/wifi.pb.dart' ('lib/generated/spacex_api/device/wifi.pb.dart').
Try correcting the name to the name of an existing method, or defining a method named '$_clearField'.
  void clearInUnhappyHour2s() => $_clearField(1);
                                 ^^^^^^^^^^^^
lib/generated/spacex_api/device/wifi.pb.dart:3194:34: Error: The method '$_clearField' isn't defined for the type 'WifiClient_PingMetrics'.
 - 'WifiClient_PingMetrics' is from 'package:starlink_isp_app/generated/spacex_api/device/wifi.pb.dart' ('lib/generated/spacex_api/device/wifi.pb.dart').
Try correcting the name to the name of an existing method, or defining a method named '$_clearField'.
  void clearInUnhappyHour5s() => $_clearField(2);
                                 ^^^^^^^^^^^^
lib/generated/spacex_api/device/wifi.pb.dart:3203:29: Error: The method '$_clearField' isn't defined for the type 'WifiClient_PingMetrics'.
 - 'WifiClient_PingMetrics' is from 'package:starlink_isp_app/generated/spacex_api/device/wifi.pb.dart' ('lib/generated/spacex_api/device/wifi.pb.dart').
Try correcting the name to the name of an existing method, or defining a method named '$_clearField'.
  void clearDropRate5m() => $_clearField(3);
                            ^^^^^^^^^^^^
lib/generated/spacex_api/device/wifi.pb.dart:3212:28: Error: The method '$_clearField' isn't defined for the type 'WifiClient_PingMetrics'.
 - 'WifiClient_PingMetrics' is from 'package:starlink_isp_app/generated/spacex_api/device/wifi.pb.dart' ('lib/generated/spacex_api/device/wifi.pb.dart').
Try correcting the name to the name of an existing method, or defining a method named '$_clearField'.
  void clearLatency5m() => $_clearField(4);
                           ^^^^^^^^^^^^
lib/generated/spacex_api/device/wifi.pb.dart:3318:29: Error: The method '$_clearField' isn't defined for the type 'WifiClient_FqcodelInfo'.
 - 'WifiClient_FqcodelInfo' is from 'package:starlink_isp_app/generated/spacex_api/device/wifi.pb.dart' ('lib/generated/spacex_api/device/wifi.pb.dart').
Try correcting the name to the name of an existing method, or defining a method named '$_clearField'.
  void clearEnqsHiPrio() => $_clearField(1);
                            ^^^^^^^^^^^^
lib/generated/spacex_api/device/wifi.pb.dart:3327:30: Error: The method '$_clearField' isn't defined for the type 'WifiClient_FqcodelInfo'.
 - 'WifiClient_FqcodelInfo' is from 'package:starlink_isp_app/generated/spacex_api/device/wifi.pb.dart' ('lib/generated/spacex_api/device/wifi.pb.dart').
Try correcting the name to the name of an existing method, or defining a method named '$_clearField'.
  void clearEnqsFqcodel() => $_clearField(2);
                             ^^^^^^^^^^^^
lib/generated/spacex_api/device/wifi.pb.dart:3336:26: Error: The method '$_clearField' isn't defined for the type 'WifiClient_FqcodelInfo'.
 - 'WifiClient_FqcodelInfo' is from 'package:starlink_isp_app/generated/spacex_api/device/wifi.pb.dart' ('lib/generated/spacex_api/device/wifi.pb.dart').
Try correcting the name to the name of an existing method, or defining a method named '$_clearField'.
  void clearEnqsNew() => $_clearField(3);
                         ^^^^^^^^^^^^
lib/generated/spacex_api/device/wifi.pb.dart:3345:26: Error: The method '$_clearField' isn't defined for the type 'WifiClient_FqcodelInfo'.
 - 'WifiClient_FqcodelInfo' is from 'package:starlink_isp_app/generated/spacex_api/device/wifi.pb.dart' ('lib/generated/spacex_api/device/wifi.pb.dart').
Try correcting the name to the name of an existing method, or defining a method named '$_clearField'.
  void clearEnqsOld() => $_clearField(4);
                         ^^^^^^^^^^^^
lib/generated/spacex_api/device/wifi.pb.dart:3354:30: Error: The method '$_clearField' isn't defined for the type 'WifiClient_FqcodelInfo'.
 - 'WifiClient_FqcodelInfo' is from 'package:starlink_isp_app/generated/spacex_api/device/wifi.pb.dart' ('lib/generated/spacex_api/device/wifi.pb.dart').
Try correcting the name to the name of an existing method, or defining a method named '$_clearField'.
  void clearEnqsDropped() => $_clearField(5);
                             ^^^^^^^^^^^^
lib/generated/spacex_api/device/wifi.pb.dart:3363:26: Error: The method '$_clearField' isn't defined for the type 'WifiClient_FqcodelInfo'.
 - 'WifiClient_FqcodelInfo' is from 'package:starlink_isp_app/generated/spacex_api/device/wifi.pb.dart' ('lib/generated/spacex_api/device/wifi.pb.dart').
Try correcting the name to the name of an existing method, or defining a method named '$_clearField'.
  void clearDeqsNew() => $_clearField(6);
                         ^^^^^^^^^^^^
lib/generated/spacex_api/device/wifi.pb.dart:3372:26: Error: The method '$_clearField' isn't defined for the type 'WifiClient_FqcodelInfo'.
 - 'WifiClient_FqcodelInfo' is from 'package:starlink_isp_app/generated/spacex_api/device/wifi.pb.dart' ('lib/generated/spacex_api/device/wifi.pb.dart').
Try correcting the name to the name of an existing method, or defining a method named '$_clearField'.
  void clearDeqsOld() => $_clearField(7);
                         ^^^^^^^^^^^^
lib/generated/spacex_api/device/wifi.pb.dart:3381:30: Error: The method '$_clearField' isn't defined for the type 'WifiClient_FqcodelInfo'.
 - 'WifiClient_FqcodelInfo' is from 'package:starlink_isp_app/generated/spacex_api/device/wifi.pb.dart' ('lib/generated/spacex_api/device/wifi.pb.dart').
Try correcting the name to the name of an existing method, or defining a method named '$_clearField'.
  void clearDeqsFlowNew() => $_clearField(8);
                             ^^^^^^^^^^^^
lib/generated/spacex_api/device/wifi.pb.dart:3390:37: Error: The method '$_clearField' isn't defined for the type 'WifiClient_FqcodelInfo'.
 - 'WifiClient_FqcodelInfo' is from 'package:starlink_isp_app/generated/spacex_api/device/wifi.pb.dart' ('lib/generated/spacex_api/device/wifi.pb.dart').
Try correcting the name to the name of an existing method, or defining a method named '$_clearField'.
  void clearDeqsFlowOldDeficit() => $_clearField(9);
                                    ^^^^^^^^^^^^
lib/generated/spacex_api/device/wifi.pb.dart:3399:40: Error: The method '$_clearField' isn't defined for the type 'WifiClient_FqcodelInfo'.
 - 'WifiClient_FqcodelInfo' is from 'package:starlink_isp_app/generated/spacex_api/device/wifi.pb.dart' ('lib/generated/spacex_api/device/wifi.pb.dart').
Try correcting the name to the name of an existing method, or defining a method named '$_clearField'.
  void clearDeqsFlowOldStarvation() => $_clearField(10);
                                       ^^^^^^^^^^^^
lib/generated/spacex_api/device/wifi.pb.dart:3408:30: Error: The method '$_clearField' isn't defined for the type 'WifiClient_FqcodelInfo'.
 - 'WifiClient_FqcodelInfo' is from 'package:starlink_isp_app/generated/spacex_api/device/wifi.pb.dart' ('lib/generated/spacex_api/device/wifi.pb.dart').
Try correcting the name to the name of an existing method, or defining a method named '$_clearField'.
  void clearDeqsDropped() => $_clearField(11);
                             ^^^^^^^^^^^^
lib/generated/spacex_api/device/wifi.pb.dart:3463:36: Error: The method '$_clearField' isn't defined for the type 'WifiClient_Alerts'.
 - 'WifiClient_Alerts' is from 'package:starlink_isp_app/generated/spacex_api/device/wifi.pb.dart' ('lib/generated/spacex_api/device/wifi.pb.dart').
Try correcting the name to the name of an existing method, or defining a method named '$_clearField'.
  void clearThroughputLimited() => $_clearField(1);
                                   ^^^^^^^^^^^^
lib/generated/spacex_api/device/wifi.pb.dart:3605:7: Error: The method 'aD' isn't defined for the type 'BuilderInfo'.
 - 'BuilderInfo' is from 'package:protobuf/protobuf.dart' ('../../../.pub-cache/hosted/pub.dev/protobuf-3.1.0/lib/protobuf.dart').
Try correcting the name to the name of an existing method, or defining a method named 'aD'.
    ..aD(4, _omitFieldNames ? '' : 'signalStrength',
      ^^
lib/generated/spacex_api/device/wifi.pb.dart:3611:7: Error: The method 'aI' isn't defined for the type 'BuilderInfo'.
 - 'BuilderInfo' is from 'package:protobuf/protobuf.dart' ('../../../.pub-cache/hosted/pub.dev/protobuf-3.1.0/lib/protobuf.dart').
Try correcting the name to the name of an existing method, or defining a method named 'aI'.
    ..aI(7, _omitFieldNames ? '' : 'associatedTimeS',
      ^^
lib/generated/spacex_api/device/wifi.pb.dart:3614:7: Error: The method 'aE' isn't defined for the type 'BuilderInfo'.
 - 'BuilderInfo' is from 'package:protobuf/protobuf.dart' ('../../../.pub-cache/hosted/pub.dev/protobuf-3.1.0/lib/protobuf.dart').
Try correcting the name to the name of an existing method, or defining a method named 'aE'.
    ..aE<WifiClient_Interface>(9, _omitFieldNames ? '' : 'iface',
      ^^
lib/generated/spacex_api/device/wifi.pb.dart:3616:7: Error: The method 'aD' isn't defined for the type 'BuilderInfo'.
 - 'BuilderInfo' is from 'package:protobuf/protobuf.dart' ('../../../.pub-cache/hosted/pub.dev/protobuf-3.1.0/lib/protobuf.dart').
Try correcting the name to the name of an existing method, or defining a method named 'aD'.
    ..aD(10, _omitFieldNames ? '' : 'snr', fieldType: $pb.PbFieldType.OF)
      ^^
lib/generated/spacex_api/device/wifi.pb.dart:3617:7: Error: The method 'aI' isn't defined for the type 'BuilderInfo'.
 - 'BuilderInfo' is from 'package:protobuf/protobuf.dart' ('../../../.pub-cache/hosted/pub.dev/protobuf-3.1.0/lib/protobuf.dart').
Try correcting the name to the name of an existing method, or defining a method named 'aI'.
    ..aI(11, _omitFieldNames ? '' : 'psmode')
      ^^
lib/generated/spacex_api/device/wifi.pb.dart:3618:7: Error: The method 'aI' isn't defined for the type 'BuilderInfo'.
 - 'BuilderInfo' is from 'package:protobuf/protobuf.dart' ('../../../.pub-cache/hosted/pub.dev/protobuf-3.1.0/lib/protobuf.dart').
Try correcting the name to the name of an existing method, or defining a method named 'aI'.
    ..aI(12, _omitFieldNames ? '' : 'channelWidth',
      ^^
lib/generated/spacex_api/device/wifi.pb.dart:3621:7: Error: The method 'aE' isn't defined for the type 'BuilderInfo'.
 - 'BuilderInfo' is from 'package:protobuf/protobuf.dart' ('../../../.pub-cache/hosted/pub.dev/protobuf-3.1.0/lib/protobuf.dart').
Try correcting the name to the name of an existing method, or defining a method named 'aE'.
    ..aE<WifiClient_Role>(14, _omitFieldNames ? '' : 'role',
      ^^
lib/generated/spacex_api/device/wifi.pb.dart:3624:7: Error: The method 'aI' isn't defined for the type 'BuilderInfo'.
 - 'BuilderInfo' is from 'package:protobuf/protobuf.dart' ('../../../.pub-cache/hosted/pub.dev/protobuf-3.1.0/lib/protobuf.dart').
Try correcting the name to the name of an existing method, or defining a method named 'aI'.
    ..aI(16, _omitFieldNames ? '' : 'swqChecks', fieldType: $pb.PbFieldType.OU3)
      ^^
lib/generated/spacex_api/device/wifi.pb.dart:3625:7: Error: The method 'aI' isn't defined for the type 'BuilderInfo'.
 - 'BuilderInfo' is from 'package:protobuf/protobuf.dart' ('../../../.pub-cache/hosted/pub.dev/protobuf-3.1.0/lib/protobuf.dart').
Try correcting the name to the name of an existing method, or defining a method named 'aI'.
    ..aI(17, _omitFieldNames ? '' : 'swqChecksNonEmpty',
      ^^
lib/generated/spacex_api/device/wifi.pb.dart:3627:7: Error: The method 'aI' isn't defined for the type 'BuilderInfo'.
 - 'BuilderInfo' is from 'package:protobuf/protobuf.dart' ('../../../.pub-cache/hosted/pub.dev/protobuf-3.1.0/lib/protobuf.dart').
Try correcting the name to the name of an existing method, or defining a method named 'aI'.
    ..aI(18, _omitFieldNames ? '' : 'mibSteerState',
      ^^
lib/generated/spacex_api/device/wifi.pb.dart:3629:7: Error: The method 'aI' isn't defined for the type 'BuilderInfo'.
 - 'BuilderInfo' is from 'package:protobuf/protobuf.dart' ('../../../.pub-cache/hosted/pub.dev/protobuf-3.1.0/lib/protobuf.dart').
Try correcting the name to the name of an existing method, or defining a method named 'aI'.
    ..aI(19, _omitFieldNames ? '' : 'mibSteerMethod',
      ^^
lib/generated/spacex_api/device/wifi.pb.dart:3631:7: Error: The method 'aI' isn't defined for the type 'BuilderInfo'.
 - 'BuilderInfo' is from 'package:protobuf/protobuf.dart' ('../../../.pub-cache/hosted/pub.dev/protobuf-3.1.0/lib/protobuf.dart').
Try correcting the name to the name of an existing method, or defining a method named 'aI'.
    ..aI(20, _omitFieldNames ? '' : 'btmRequests',
      ^^
lib/generated/spacex_api/device/wifi.pb.dart:3633:7: Error: The method 'aI' isn't defined for the type 'BuilderInfo'.
 - 'BuilderInfo' is from 'package:protobuf/protobuf.dart' ('../../../.pub-cache/hosted/pub.dev/protobuf-3.1.0/lib/protobuf.dart').
Try correcting the name to the name of an existing method, or defining a method named 'aI'.
    ..aI(21, _omitFieldNames ? '' : 'btmRequestsSuccess',
      ^^
lib/generated/spacex_api/device/wifi.pb.dart:3638:7: Error: The method 'aI' isn't defined for the type 'BuilderInfo'.
 - 'BuilderInfo' is from 'package:protobuf/protobuf.dart' ('../../../.pub-cache/hosted/pub.dev/protobuf-3.1.0/lib/protobuf.dart').
Try correcting the name to the name of an existing method, or defining a method named 'aI'.
    ..aI(27, _omitFieldNames ? '' : 'steerReqSuccessLast1h',
      ^^
lib/generated/spacex_api/device/wifi.pb.dart:3640:7: Error: The method 'aI' isn't defined for the type 'BuilderInfo'.
 - 'BuilderInfo' is from 'package:protobuf/protobuf.dart' ('../../../.pub-cache/hosted/pub.dev/protobuf-3.1.0/lib/protobuf.dart').
Try correcting the name to the name of an existing method, or defining a method named 'aI'.
    ..aI(28, _omitFieldNames ? '' : 'steerReqFailLast1h',
      ^^
lib/generated/spacex_api/device/wifi.pb.dart:3642:7: Error: The method 'aI' isn't defined for the type 'BuilderInfo'.
 - 'BuilderInfo' is from 'package:protobuf/protobuf.dart' ('../../../.pub-cache/hosted/pub.dev/protobuf-3.1.0/lib/protobuf.dart').
Try correcting the name to the name of an existing method, or defining a method named 'aI'.
    ..aI(29, _omitFieldNames ? '' : 'steerReqFailAndDissocLast1h',
      ^^
lib/generated/spacex_api/device/wifi.pb.dart:3645:7: Error: The method 'aI' isn't defined for the type 'BuilderInfo'.
 - 'BuilderInfo' is from 'package:protobuf/protobuf.dart' ('../../../.pub-cache/hosted/pub.dev/protobuf-3.1.0/lib/protobuf.dart').
Try correcting the name to the name of an existing method, or defining a method named 'aI'.
    ..aI(30, _omitFieldNames ? '' : 'steerState',
      ^^
lib/generated/spacex_api/device/wifi.pb.dart:3648:7: Error: The method 'aI' isn't defined for the type 'BuilderInfo'.
 - 'BuilderInfo' is from 'package:protobuf/protobuf.dart' ('../../../.pub-cache/hosted/pub.dev/protobuf-3.1.0/lib/protobuf.dart').
Try correcting the name to the name of an existing method, or defining a method named 'aI'.
    ..aI(32, _omitFieldNames ? '' : 'hopsFromController',
      ^^
lib/generated/spacex_api/device/wifi.pb.dart:3650:7: Error: The method 'aD' isn't defined for the type 'BuilderInfo'.
 - 'BuilderInfo' is from 'package:protobuf/protobuf.dart' ('../../../.pub-cache/hosted/pub.dev/protobuf-3.1.0/lib/protobuf.dart').
Try correcting the name to the name of an existing method, or defining a method named 'aD'.
    ..aD(33, _omitFieldNames ? '' : 'estTxRateMbpsFromController',
      ^^
lib/generated/spacex_api/device/wifi.pb.dart:3652:7: Error: The method 'aD' isn't defined for the type 'BuilderInfo'.
 - 'BuilderInfo' is from 'package:protobuf/protobuf.dart' ('../../../.pub-cache/hosted/pub.dev/protobuf-3.1.0/lib/protobuf.dart').
Try correcting the name to the name of an existing method, or defining a method named 'aD'.
    ..aD(34, _omitFieldNames ? '' : 'estRxRateMbpsFromController',
      ^^
lib/generated/spacex_api/device/wifi.pb.dart:3656:7: Error: The method 'aI' isn't defined for the type 'BuilderInfo'.
 - 'BuilderInfo' is from 'package:protobuf/protobuf.dart' ('../../../.pub-cache/hosted/pub.dev/protobuf-3.1.0/lib/protobuf.dart').
Try correcting the name to the name of an existing method, or defining a method named 'aI'.
    ..aI(39, _omitFieldNames ? '' : 'apiVersion',
      ^^
lib/generated/spacex_api/device/wifi.pb.dart:3662:7: Error: The method 'aI' isn't defined for the type 'BuilderInfo'.
 - 'BuilderInfo' is from 'package:protobuf/protobuf.dart' ('../../../.pub-cache/hosted/pub.dev/protobuf-3.1.0/lib/protobuf.dart').
Try correcting the name to the name of an existing method, or defining a method named 'aI'.
    ..aI(43, _omitFieldNames ? '' : 'clientId', fieldType: $pb.PbFieldType.OU3)
      ^^
lib/generated/spacex_api/device/wifi.pb.dart:3665:7: Error: The method 'aI' isn't defined for the type 'BuilderInfo'.
 - 'BuilderInfo' is from 'package:protobuf/protobuf.dart' ('../../../.pub-cache/hosted/pub.dev/protobuf-3.1.0/lib/protobuf.dart').
Try correcting the name to the name of an existing method, or defining a method named 'aI'.
    ..aI(45, _omitFieldNames ? '' : 'noDataIdleS',
      ^^
lib/generated/spacex_api/device/wifi.pb.dart:3669:7: Error: The method 'aD' isn't defined for the type 'BuilderInfo'.
 - 'BuilderInfo' is from 'package:protobuf/protobuf.dart' ('../../../.pub-cache/hosted/pub.dev/protobuf-3.1.0/lib/protobuf.dart').
Try correcting the name to the name of an existing method, or defining a method named 'aD'.
    ..aD(48, _omitFieldNames ? '' : 'secondsUntilDhcpLeaseExpires',
      ^^
lib/generated/spacex_api/device/wifi.pb.dart:3675:7: Error: The method 'aI' isn't defined for the type 'BuilderInfo'.
 - 'BuilderInfo' is from 'package:protobuf/protobuf.dart' ('../../../.pub-cache/hosted/pub.dev/protobuf-3.1.0/lib/protobuf.dart').
Try correcting the name to the name of an existing method, or defining a method named 'aI'.
    ..aI(54, _omitFieldNames ? '' : 'uploadMb', fieldType: $pb.PbFieldType.OU3)
      ^^
lib/generated/spacex_api/device/wifi.pb.dart:3676:7: Error: The method 'aI' isn't defined for the type 'BuilderInfo'.
 - 'BuilderInfo' is from 'package:protobuf/protobuf.dart' ('../../../.pub-cache/hosted/pub.dev/protobuf-3.1.0/lib/protobuf.dart').
Try correcting the name to the name of an existing method, or defining a method named 'aI'.
    ..aI(55, _omitFieldNames ? '' : 'downloadMb',
      ^^
lib/generated/spacex_api/device/wifi.pb.dart:3678:7: Error: The method 'aE' isn't defined for the type 'BuilderInfo'.
 - 'BuilderInfo' is from 'package:protobuf/protobuf.dart' ('../../../.pub-cache/hosted/pub.dev/protobuf-3.1.0/lib/protobuf.dart').
Try correcting the name to the name of an existing method, or defining a method named 'aE'.
    ..aE<WifiClient_CaptiveState>(56, _omitFieldNames ? '' : 'captiveState',
      ^^
lib/generated/spacex_api/device/wifi.pb.dart:3680:7: Error: The method 'aE' isn't defined for the type 'BuilderInfo'.
 - 'BuilderInfo' is from 'package:protobuf/protobuf.dart' ('../../../.pub-cache/hosted/pub.dev/protobuf-3.1.0/lib/protobuf.dart').
Try correcting the name to the name of an existing method, or defining a method named 'aE'.
    ..aE<WifiClient_SandboxState>(57, _omitFieldNames ? '' : 'sandboxState',
      ^^
lib/generated/spacex_api/device/wifi.pb.dart:3711:23: Error: The method '$_clearField' isn't defined for the type 'WifiClient'.
 - 'WifiClient' is from 'package:starlink_isp_app/generated/spacex_api/device/wifi.pb.dart' ('lib/generated/spacex_api/device/wifi.pb.dart').
Try correcting the name to the name of an existing method, or defining a method named '$_clearField'.
  void clearName() => $_clearField(1);
                      ^^^^^^^^^^^^
lib/generated/spacex_api/device/wifi.pb.dart:3720:29: Error: The method '$_clearField' isn't defined for the type 'WifiClient'.
 - 'WifiClient' is from 'package:starlink_isp_app/generated/spacex_api/device/wifi.pb.dart' ('lib/generated/spacex_api/device/wifi.pb.dart').
Try correcting the name to the name of an existing method, or defining a method named '$_clearField'.
  void clearMacAddress() => $_clearField(2);
                            ^^^^^^^^^^^^
lib/generated/spacex_api/device/wifi.pb.dart:3729:28: Error: The method '$_clearField' isn't defined for the type 'WifiClient'.
 - 'WifiClient' is from 'package:starlink_isp_app/generated/spacex_api/device/wifi.pb.dart' ('lib/generated/spacex_api/device/wifi.pb.dart').
Try correcting the name to the name of an existing method, or defining a method named '$_clearField'.
  void clearIpAddress() => $_clearField(3);
                           ^^^^^^^^^^^^
lib/generated/spacex_api/device/wifi.pb.dart:3738:33: Error: The method '$_clearField' isn't defined for the type 'WifiClient'.
 - 'WifiClient' is from 'package:starlink_isp_app/generated/spacex_api/device/wifi.pb.dart' ('lib/generated/spacex_api/device/wifi.pb.dart').
Try correcting the name to the name of an existing method, or defining a method named '$_clearField'.
  void clearSignalStrength() => $_clearField(4);
                                ^^^^^^^^^^^^
lib/generated/spacex_api/device/wifi.pb.dart:3743:44: Error: The method '$_setField' isn't defined for the type 'WifiClient'.
 - 'WifiClient' is from 'package:starlink_isp_app/generated/spacex_api/device/wifi.pb.dart' ('lib/generated/spacex_api/device/wifi.pb.dart').
Try correcting the name to the name of an existing method, or defining a method named '$_setField'.
  set rxStats(WifiClient_RxStats value) => $_setField(5, value);
                                           ^^^^^^^^^^
lib/generated/spacex_api/device/wifi.pb.dart:3747:26: Error: The method '$_clearField' isn't defined for the type 'WifiClient'.
 - 'WifiClient' is from 'package:starlink_isp_app/generated/spacex_api/device/wifi.pb.dart' ('lib/generated/spacex_api/device/wifi.pb.dart').
Try correcting the name to the name of an existing method, or defining a method named '$_clearField'.
  void clearRxStats() => $_clearField(5);
                         ^^^^^^^^^^^^
lib/generated/spacex_api/device/wifi.pb.dart:3754:44: Error: The method '$_setField' isn't defined for the type 'WifiClient'.
 - 'WifiClient' is from 'package:starlink_isp_app/generated/spacex_api/device/wifi.pb.dart' ('lib/generated/spacex_api/device/wifi.pb.dart').
Try correcting the name to the name of an existing method, or defining a method named '$_setField'.
  set txStats(WifiClient_TxStats value) => $_setField(6, value);
                                           ^^^^^^^^^^
lib/generated/spacex_api/device/wifi.pb.dart:3758:26: Error: The method '$_clearField' isn't defined for the type 'WifiClient'.
 - 'WifiClient' is from 'package:starlink_isp_app/generated/spacex_api/device/wifi.pb.dart' ('lib/generated/spacex_api/device/wifi.pb.dart').
Try correcting the name to the name of an existing method, or defining a method named '$_clearField'.
  void clearTxStats() => $_clearField(6);
                         ^^^^^^^^^^^^
lib/generated/spacex_api/device/wifi.pb.dart:3769:34: Error: The method '$_clearField' isn't defined for the type 'WifiClient'.
 - 'WifiClient' is from 'package:starlink_isp_app/generated/spacex_api/device/wifi.pb.dart' ('lib/generated/spacex_api/device/wifi.pb.dart').
Try correcting the name to the name of an existing method, or defining a method named '$_clearField'.
  void clearAssociatedTimeS() => $_clearField(7);
                                 ^^^^^^^^^^^^
lib/generated/spacex_api/device/wifi.pb.dart:3778:26: Error: The method '$_clearField' isn't defined for the type 'WifiClient'.
 - 'WifiClient' is from 'package:starlink_isp_app/generated/spacex_api/device/wifi.pb.dart' ('lib/generated/spacex_api/device/wifi.pb.dart').
Try correcting the name to the name of an existing method, or defining a method named '$_clearField'.
  void clearModeStr() => $_clearField(8);
                         ^^^^^^^^^^^^
lib/generated/spacex_api/device/wifi.pb.dart:3783:44: Error: The method '$_setField' isn't defined for the type 'WifiClient'.
 - 'WifiClient' is from 'package:starlink_isp_app/generated/spacex_api/device/wifi.pb.dart' ('lib/generated/spacex_api/device/wifi.pb.dart').
Try correcting the name to the name of an existing method, or defining a method named '$_setField'.
  set iface(WifiClient_Interface value) => $_setField(9, value);
                                           ^^^^^^^^^^
lib/generated/spacex_api/device/wifi.pb.dart:3787:24: Error: The method '$_clearField' isn't defined for the type 'WifiClient'.
 - 'WifiClient' is from 'package:starlink_isp_app/generated/spacex_api/device/wifi.pb.dart' ('lib/generated/spacex_api/device/wifi.pb.dart').
Try correcting the name to the name of an existing method, or defining a method named '$_clearField'.
  void clearIface() => $_clearField(9);
                       ^^^^^^^^^^^^
lib/generated/spacex_api/device/wifi.pb.dart:3796:22: Error: The method '$_clearField' isn't defined for the type 'WifiClient'.
 - 'WifiClient' is from 'package:starlink_isp_app/generated/spacex_api/device/wifi.pb.dart' ('lib/generated/spacex_api/device/wifi.pb.dart').
Try correcting the name to the name of an existing method, or defining a method named '$_clearField'.
  void clearSnr() => $_clearField(10);
                     ^^^^^^^^^^^^
lib/generated/spacex_api/device/wifi.pb.dart:3805:25: Error: The method '$_clearField' isn't defined for the type 'WifiClient'.
 - 'WifiClient' is from 'package:starlink_isp_app/generated/spacex_api/device/wifi.pb.dart' ('lib/generated/spacex_api/device/wifi.pb.dart').
Try correcting the name to the name of an existing method, or defining a method named '$_clearField'.
  void clearPsmode() => $_clearField(11);
                        ^^^^^^^^^^^^
lib/generated/spacex_api/device/wifi.pb.dart:3814:31: Error: The method '$_clearField' isn't defined for the type 'WifiClient'.
 - 'WifiClient' is from 'package:starlink_isp_app/generated/spacex_api/device/wifi.pb.dart' ('lib/generated/spacex_api/device/wifi.pb.dart').
Try correcting the name to the name of an existing method, or defining a method named '$_clearField'.
  void clearChannelWidth() => $_clearField(12);
                              ^^^^^^^^^^^^
lib/generated/spacex_api/device/wifi.pb.dart:3823:37: Error: The method '$_clearField' isn't defined for the type 'WifiClient'.
 - 'WifiClient' is from 'package:starlink_isp_app/generated/spacex_api/device/wifi.pb.dart' ('lib/generated/spacex_api/device/wifi.pb.dart').
Try correcting the name to the name of an existing method, or defining a method named '$_clearField'.
  void clearUpstreamMacAddress() => $_clearField(13);
                                    ^^^^^^^^^^^^
lib/generated/spacex_api/device/wifi.pb.dart:3828:38: Error: The method '$_setField' isn't defined for the type 'WifiClient'.
 - 'WifiClient' is from 'package:starlink_isp_app/generated/spacex_api/device/wifi.pb.dart' ('lib/generated/spacex_api/device/wifi.pb.dart').
Try correcting the name to the name of an existing method, or defining a method named '$_setField'.
  set role(WifiClient_Role value) => $_setField(14, value);
                                     ^^^^^^^^^^
lib/generated/spacex_api/device/wifi.pb.dart:3832:23: Error: The method '$_clearField' isn't defined for the type 'WifiClient'.
 - 'WifiClient' is from 'package:starlink_isp_app/generated/spacex_api/device/wifi.pb.dart' ('lib/generated/spacex_api/device/wifi.pb.dart').
Try correcting the name to the name of an existing method, or defining a method named '$_clearField'.
  void clearRole() => $_clearField(14);
                      ^^^^^^^^^^^^
lib/generated/spacex_api/device/wifi.pb.dart:3841:27: Error: The method '$_clearField' isn't defined for the type 'WifiClient'.
 - 'WifiClient' is from 'package:starlink_isp_app/generated/spacex_api/device/wifi.pb.dart' ('lib/generated/spacex_api/device/wifi.pb.dart').
Try correcting the name to the name of an existing method, or defining a method named '$_clearField'.
  void clearDeviceId() => $_clearField(15);
                          ^^^^^^^^^^^^
lib/generated/spacex_api/device/wifi.pb.dart:3850:28: Error: The method '$_clearField' isn't defined for the type 'WifiClient'.
 - 'WifiClient' is from 'package:starlink_isp_app/generated/spacex_api/device/wifi.pb.dart' ('lib/generated/spacex_api/device/wifi.pb.dart').
Try correcting the name to the name of an existing method, or defining a method named '$_clearField'.
  void clearSwqChecks() => $_clearField(16);
                           ^^^^^^^^^^^^
lib/generated/spacex_api/device/wifi.pb.dart:3859:36: Error: The method '$_clearField' isn't defined for the type 'WifiClient'.
 - 'WifiClient' is from 'package:starlink_isp_app/generated/spacex_api/device/wifi.pb.dart' ('lib/generated/spacex_api/device/wifi.pb.dart').
Try correcting the name to the name of an existing method, or defining a method named '$_clearField'.
  void clearSwqChecksNonEmpty() => $_clearField(17);
                                   ^^^^^^^^^^^^
lib/generated/spacex_api/device/wifi.pb.dart:3868:32: Error: The method '$_clearField' isn't defined for the type 'WifiClient'.
 - 'WifiClient' is from 'package:starlink_isp_app/generated/spacex_api/device/wifi.pb.dart' ('lib/generated/spacex_api/device/wifi.pb.dart').
Try correcting the name to the name of an existing method, or defining a method named '$_clearField'.
  void clearMibSteerState() => $_clearField(18);
                               ^^^^^^^^^^^^
lib/generated/spacex_api/device/wifi.pb.dart:3877:33: Error: The method '$_clearField' isn't defined for the type 'WifiClient'.
 - 'WifiClient' is from 'package:starlink_isp_app/generated/spacex_api/device/wifi.pb.dart' ('lib/generated/spacex_api/device/wifi.pb.dart').
Try correcting the name to the name of an existing method, or defining a method named '$_clearField'.
  void clearMibSteerMethod() => $_clearField(19);
                                ^^^^^^^^^^^^
lib/generated/spacex_api/device/wifi.pb.dart:3886:30: Error: The method '$_clearField' isn't defined for the type 'WifiClient'.
 - 'WifiClient' is from 'package:starlink_isp_app/generated/spacex_api/device/wifi.pb.dart' ('lib/generated/spacex_api/device/wifi.pb.dart').
Try correcting the name to the name of an existing method, or defining a method named '$_clearField'.
  void clearBtmRequests() => $_clearField(20);
                             ^^^^^^^^^^^^
lib/generated/spacex_api/device/wifi.pb.dart:3895:37: Error: The method '$_clearField' isn't defined for the type 'WifiClient'.
 - 'WifiClient' is from 'package:starlink_isp_app/generated/spacex_api/device/wifi.pb.dart' ('lib/generated/spacex_api/device/wifi.pb.dart').
Try correcting the name to the name of an existing method, or defining a method named '$_clearField'.
  void clearBtmRequestsSuccess() => $_clearField(21);
                                    ^^^^^^^^^^^^
lib/generated/spacex_api/device/wifi.pb.dart:3904:25: Error: The method '$_clearField' isn't defined for the type 'WifiClient'.
 - 'WifiClient' is from 'package:starlink_isp_app/generated/spacex_api/device/wifi.pb.dart' ('lib/generated/spacex_api/device/wifi.pb.dart').
Try correcting the name to the name of an existing method, or defining a method named '$_clearField'.
  void clearDomain() => $_clearField(22);
                        ^^^^^^^^^^^^
lib/generated/spacex_api/device/wifi.pb.dart:3913:32: Error: The method '$_clearField' isn't defined for the type 'WifiClient'.
 - 'WifiClient' is from 'package:starlink_isp_app/generated/spacex_api/device/wifi.pb.dart' ('lib/generated/spacex_api/device/wifi.pb.dart').
Try correcting the name to the name of an existing method, or defining a method named '$_clearField'.
  void clearDot11vSupport() => $_clearField(23);
                               ^^^^^^^^^^^^
lib/generated/spacex_api/device/wifi.pb.dart:3922:28: Error: The method '$_clearField' isn't defined for the type 'WifiClient'.
 - 'WifiClient' is from 'package:starlink_isp_app/generated/spacex_api/device/wifi.pb.dart' ('lib/generated/spacex_api/device/wifi.pb.dart').
Try correcting the name to the name of an existing method, or defining a method named '$_clearField'.
  void clearIfaceName() => $_clearField(26);
                           ^^^^^^^^^^^^
lib/generated/spacex_api/device/wifi.pb.dart:3931:40: Error: The method '$_clearField' isn't defined for the type 'WifiClient'.
 - 'WifiClient' is from 'package:starlink_isp_app/generated/spacex_api/device/wifi.pb.dart' ('lib/generated/spacex_api/device/wifi.pb.dart').
Try correcting the name to the name of an existing method, or defining a method named '$_clearField'.
  void clearSteerReqSuccessLast1h() => $_clearField(27);
                                       ^^^^^^^^^^^^
lib/generated/spacex_api/device/wifi.pb.dart:3940:37: Error: The method '$_clearField' isn't defined for the type 'WifiClient'.
 - 'WifiClient' is from 'package:starlink_isp_app/generated/spacex_api/device/wifi.pb.dart' ('lib/generated/spacex_api/device/wifi.pb.dart').
Try correcting the name to the name of an existing method, or defining a method named '$_clearField'.
  void clearSteerReqFailLast1h() => $_clearField(28);
                                    ^^^^^^^^^^^^
lib/generated/spacex_api/device/wifi.pb.dart:3950:46: Error: The method '$_clearField' isn't defined for the type 'WifiClient'.
 - 'WifiClient' is from 'package:starlink_isp_app/generated/spacex_api/device/wifi.pb.dart' ('lib/generated/spacex_api/device/wifi.pb.dart').
Try correcting the name to the name of an existing method, or defining a method named '$_clearField'.
  void clearSteerReqFailAndDissocLast1h() => $_clearField(29);
                                             ^^^^^^^^^^^^
lib/generated/spacex_api/device/wifi.pb.dart:3959:29: Error: The method '$_clearField' isn't defined for the type 'WifiClient'.
 - 'WifiClient' is from 'package:starlink_isp_app/generated/spacex_api/device/wifi.pb.dart' ('lib/generated/spacex_api/device/wifi.pb.dart').
Try correcting the name to the name of an existing method, or defining a method named '$_clearField'.
  void clearSteerState() => $_clearField(30);
                            ^^^^^^^^^^^^
lib/generated/spacex_api/device/wifi.pb.dart:3968:28: Error: The method '$_clearField' isn't defined for the type 'WifiClient'.
 - 'WifiClient' is from 'package:starlink_isp_app/generated/spacex_api/device/wifi.pb.dart' ('lib/generated/spacex_api/device/wifi.pb.dart').
Try correcting the name to the name of an existing method, or defining a method named '$_clearField'.
  void clearGivenName() => $_clearField(31);
                           ^^^^^^^^^^^^
lib/generated/spacex_api/device/wifi.pb.dart:3977:37: Error: The method '$_clearField' isn't defined for the type 'WifiClient'.
 - 'WifiClient' is from 'package:starlink_isp_app/generated/spacex_api/device/wifi.pb.dart' ('lib/generated/spacex_api/device/wifi.pb.dart').
Try correcting the name to the name of an existing method, or defining a method named '$_clearField'.
  void clearHopsFromController() => $_clearField(32);
                                    ^^^^^^^^^^^^
lib/generated/spacex_api/device/wifi.pb.dart:3986:46: Error: The method '$_clearField' isn't defined for the type 'WifiClient'.
 - 'WifiClient' is from 'package:starlink_isp_app/generated/spacex_api/device/wifi.pb.dart' ('lib/generated/spacex_api/device/wifi.pb.dart').
Try correcting the name to the name of an existing method, or defining a method named '$_clearField'.
  void clearEstTxRateMbpsFromController() => $_clearField(33);
                                             ^^^^^^^^^^^^
lib/generated/spacex_api/device/wifi.pb.dart:3995:46: Error: The method '$_clearField' isn't defined for the type 'WifiClient'.
 - 'WifiClient' is from 'package:starlink_isp_app/generated/spacex_api/device/wifi.pb.dart' ('lib/generated/spacex_api/device/wifi.pb.dart').
Try correcting the name to the name of an existing method, or defining a method named '$_clearField'.
  void clearEstRxRateMbpsFromController() => $_clearField(34);
                                             ^^^^^^^^^^^^
lib/generated/spacex_api/device/wifi.pb.dart:4004:34: Error: The method '$_clearField' isn't defined for the type 'WifiClient'.
 - 'WifiClient' is from 'package:starlink_isp_app/generated/spacex_api/device/wifi.pb.dart' ('lib/generated/spacex_api/device/wifi.pb.dart').
Try correcting the name to the name of an existing method, or defining a method named '$_clearField'.
  void clearHardwareVersion() => $_clearField(37);
                                 ^^^^^^^^^^^^
lib/generated/spacex_api/device/wifi.pb.dart:4013:34: Error: The method '$_clearField' isn't defined for the type 'WifiClient'.
 - 'WifiClient' is from 'package:starlink_isp_app/generated/spacex_api/device/wifi.pb.dart' ('lib/generated/spacex_api/device/wifi.pb.dart').
Try correcting the name to the name of an existing method, or defining a method named '$_clearField'.
  void clearSoftwareVersion() => $_clearField(38);
                                 ^^^^^^^^^^^^
lib/generated/spacex_api/device/wifi.pb.dart:4022:29: Error: The method '$_clearField' isn't defined for the type 'WifiClient'.
 - 'WifiClient' is from 'package:starlink_isp_app/generated/spacex_api/device/wifi.pb.dart' ('lib/generated/spacex_api/device/wifi.pb.dart').
Try correcting the name to the name of an existing method, or defining a method named '$_clearField'.
  void clearApiVersion() => $_clearField(39);
                            ^^^^^^^^^^^^
lib/generated/spacex_api/device/wifi.pb.dart:4027:52: Error: The method '$_setField' isn't defined for the type 'WifiClient'.
 - 'WifiClient' is from 'package:starlink_isp_app/generated/spacex_api/device/wifi.pb.dart' ('lib/generated/spacex_api/device/wifi.pb.dart').
Try correcting the name to the name of an existing method, or defining a method named '$_setField'.
  set pingMetrics(WifiClient_PingMetrics value) => $_setField(40, value);
                                                   ^^^^^^^^^^
lib/generated/spacex_api/device/wifi.pb.dart:4031:30: Error: The method '$_clearField' isn't defined for the type 'WifiClient'.
 - 'WifiClient' is from 'package:starlink_isp_app/generated/spacex_api/device/wifi.pb.dart' ('lib/generated/spacex_api/device/wifi.pb.dart').
Try correcting the name to the name of an existing method, or defining a method named '$_clearField'.
  void clearPingMetrics() => $_clearField(40);
                             ^^^^^^^^^^^^
lib/generated/spacex_api/device/wifi.pb.dart:4036:49: Error: A value of type 'List<dynamic>' can't be returned from a function with return type 'PbList<String>'.
 - 'List' is from 'dart:core'.
 - 'PbList' is from 'package:protobuf/protobuf.dart' ('../../../.pub-cache/hosted/pub.dev/protobuf-3.1.0/lib/protobuf.dart').
  $pb.PbList<$core.String> get ipv6Addresses => $_getList(36);
                                                ^
lib/generated/spacex_api/device/wifi.pb.dart:4045:26: Error: The method '$_clearField' isn't defined for the type 'WifiClient'.
 - 'WifiClient' is from 'package:starlink_isp_app/generated/spacex_api/device/wifi.pb.dart' ('lib/generated/spacex_api/device/wifi.pb.dart').
Try correcting the name to the name of an existing method, or defining a method named '$_clearField'.
  void clearBlocked() => $_clearField(42);
                         ^^^^^^^^^^^^
lib/generated/spacex_api/device/wifi.pb.dart:4054:27: Error: The method '$_clearField' isn't defined for the type 'WifiClient'.
 - 'WifiClient' is from 'package:starlink_isp_app/generated/spacex_api/device/wifi.pb.dart' ('lib/generated/spacex_api/device/wifi.pb.dart').
Try correcting the name to the name of an existing method, or defining a method named '$_clearField'.
  void clearClientId() => $_clearField(43);
                          ^^^^^^^^^^^^
lib/generated/spacex_api/device/wifi.pb.dart:4059:52: Error: The method '$_setField' isn't defined for the type 'WifiClient'.
 - 'WifiClient' is from 'package:starlink_isp_app/generated/spacex_api/device/wifi.pb.dart' ('lib/generated/spacex_api/device/wifi.pb.dart').
Try correcting the name to the name of an existing method, or defining a method named '$_setField'.
  set fqcodelInfo(WifiClient_FqcodelInfo value) => $_setField(44, value);
                                                   ^^^^^^^^^^
lib/generated/spacex_api/device/wifi.pb.dart:4063:30: Error: The method '$_clearField' isn't defined for the type 'WifiClient'.
 - 'WifiClient' is from 'package:starlink_isp_app/generated/spacex_api/device/wifi.pb.dart' ('lib/generated/spacex_api/device/wifi.pb.dart').
Try correcting the name to the name of an existing method, or defining a method named '$_clearField'.
  void clearFqcodelInfo() => $_clearField(44);
                             ^^^^^^^^^^^^
lib/generated/spacex_api/device/wifi.pb.dart:4074:30: Error: The method '$_clearField' isn't defined for the type 'WifiClient'.
 - 'WifiClient' is from 'package:starlink_isp_app/generated/spacex_api/device/wifi.pb.dart' ('lib/generated/spacex_api/device/wifi.pb.dart').
Try correcting the name to the name of an existing method, or defining a method named '$_clearField'.
  void clearNoDataIdleS() => $_clearField(45);
                             ^^^^^^^^^^^^
lib/generated/spacex_api/device/wifi.pb.dart:4083:34: Error: The method '$_clearField' isn't defined for the type 'WifiClient'.
 - 'WifiClient' is from 'package:starlink_isp_app/generated/spacex_api/device/wifi.pb.dart' ('lib/generated/spacex_api/device/wifi.pb.dart').
Try correcting the name to the name of an existing method, or defining a method named '$_clearField'.
  void clearDhcpLeaseActive() => $_clearField(46);
                                 ^^^^^^^^^^^^
lib/generated/spacex_api/device/wifi.pb.dart:4092:35: Error: The method '$_clearField' isn't defined for the type 'WifiClient'.
 - 'WifiClient' is from 'package:starlink_isp_app/generated/spacex_api/device/wifi.pb.dart' ('lib/generated/spacex_api/device/wifi.pb.dart').
Try correcting the name to the name of an existing method, or defining a method named '$_clearField'.
  void clearDhcpLeaseRenewed() => $_clearField(47);
                                  ^^^^^^^^^^^^
lib/generated/spacex_api/device/wifi.pb.dart:4101:47: Error: The method '$_clearField' isn't defined for the type 'WifiClient'.
 - 'WifiClient' is from 'package:starlink_isp_app/generated/spacex_api/device/wifi.pb.dart' ('lib/generated/spacex_api/device/wifi.pb.dart').
Try correcting the name to the name of an existing method, or defining a method named '$_clearField'.
  void clearSecondsUntilDhcpLeaseExpires() => $_clearField(48);
                                              ^^^^^^^^^^^^
lib/generated/spacex_api/device/wifi.pb.dart:4110:33: Error: The method '$_clearField' isn't defined for the type 'WifiClient'.
 - 'WifiClient' is from 'package:starlink_isp_app/generated/spacex_api/device/wifi.pb.dart' ('lib/generated/spacex_api/device/wifi.pb.dart').
Try correcting the name to the name of an existing method, or defining a method named '$_clearField'.
  void clearDhcpLeaseFound() => $_clearField(49);
                                ^^^^^^^^^^^^
lib/generated/spacex_api/device/wifi.pb.dart:4115:42: Error: The method '$_setField' isn't defined for the type 'WifiClient'.
 - 'WifiClient' is from 'package:starlink_isp_app/generated/spacex_api/device/wifi.pb.dart' ('lib/generated/spacex_api/device/wifi.pb.dart').
Try correcting the name to the name of an existing method, or defining a method named '$_setField'.
  set alerts(WifiClient_Alerts value) => $_setField(52, value);
                                         ^^^^^^^^^^
lib/generated/spacex_api/device/wifi.pb.dart:4119:25: Error: The method '$_clearField' isn't defined for the type 'WifiClient'.
 - 'WifiClient' is from 'package:starlink_isp_app/generated/spacex_api/device/wifi.pb.dart' ('lib/generated/spacex_api/device/wifi.pb.dart').
Try correcting the name to the name of an existing method, or defining a method named '$_clearField'.
  void clearAlerts() => $_clearField(52);
                        ^^^^^^^^^^^^
lib/generated/spacex_api/device/wifi.pb.dart:4130:34: Error: The method '$_clearField' isn't defined for the type 'WifiClient'.
 - 'WifiClient' is from 'package:starlink_isp_app/generated/spacex_api/device/wifi.pb.dart' ('lib/generated/spacex_api/device/wifi.pb.dart').
Try correcting the name to the name of an existing method, or defining a method named '$_clearField'.
  void clearCaptiveClientId() => $_clearField(53);
                                 ^^^^^^^^^^^^
lib/generated/spacex_api/device/wifi.pb.dart:4139:27: Error: The method '$_clearField' isn't defined for the type 'WifiClient'.
 - 'WifiClient' is from 'package:starlink_isp_app/generated/spacex_api/device/wifi.pb.dart' ('lib/generated/spacex_api/device/wifi.pb.dart').
Try correcting the name to the name of an existing method, or defining a method named '$_clearField'.
  void clearUploadMb() => $_clearField(54);
                          ^^^^^^^^^^^^
lib/generated/spacex_api/device/wifi.pb.dart:4148:29: Error: The method '$_clearField' isn't defined for the type 'WifiClient'.
 - 'WifiClient' is from 'package:starlink_isp_app/generated/spacex_api/device/wifi.pb.dart' ('lib/generated/spacex_api/device/wifi.pb.dart').
Try correcting the name to the name of an existing method, or defining a method named '$_clearField'.
  void clearDownloadMb() => $_clearField(55);
                            ^^^^^^^^^^^^
lib/generated/spacex_api/device/wifi.pb.dart:4153:54: Error: The method '$_setField' isn't defined for the type 'WifiClient'.
 - 'WifiClient' is from 'package:starlink_isp_app/generated/spacex_api/device/wifi.pb.dart' ('lib/generated/spacex_api/device/wifi.pb.dart').
Try correcting the name to the name of an existing method, or defining a method named '$_setField'.
  set captiveState(WifiClient_CaptiveState value) => $_setField(56, value);
                                                     ^^^^^^^^^^
lib/generated/spacex_api/device/wifi.pb.dart:4157:31: Error: The method '$_clearField' isn't defined for the type 'WifiClient'.
 - 'WifiClient' is from 'package:starlink_isp_app/generated/spacex_api/device/wifi.pb.dart' ('lib/generated/spacex_api/device/wifi.pb.dart').
Try correcting the name to the name of an existing method, or defining a method named '$_clearField'.
  void clearCaptiveState() => $_clearField(56);
                              ^^^^^^^^^^^^
lib/generated/spacex_api/device/wifi.pb.dart:4162:54: Error: The method '$_setField' isn't defined for the type 'WifiClient'.
 - 'WifiClient' is from 'package:starlink_isp_app/generated/spacex_api/device/wifi.pb.dart' ('lib/generated/spacex_api/device/wifi.pb.dart').
Try correcting the name to the name of an existing method, or defining a method named '$_setField'.
  set sandboxState(WifiClient_SandboxState value) => $_setField(57, value);
                                                     ^^^^^^^^^^
lib/generated/spacex_api/device/wifi.pb.dart:4166:31: Error: The method '$_clearField' isn't defined for the type 'WifiClient'.
 - 'WifiClient' is from 'package:starlink_isp_app/generated/spacex_api/device/wifi.pb.dart' ('lib/generated/spacex_api/device/wifi.pb.dart').
Try correcting the name to the name of an existing method, or defining a method named '$_clearField'.
  void clearSandboxState() => $_clearField(57);
                              ^^^^^^^^^^^^
lib/generated/spacex_api/device/wifi.pb.dart:4175:31: Error: The method '$_clearField' isn't defined for the type 'WifiClient'.
 - 'WifiClient' is from 'package:starlink_isp_app/generated/spacex_api/device/wifi.pb.dart' ('lib/generated/spacex_api/device/wifi.pb.dart').
Try correcting the name to the name of an existing method, or defining a method named '$_clearField'.
  void clearRxStatsValid() => $_clearField(60);
                              ^^^^^^^^^^^^
lib/generated/spacex_api/device/wifi.pb.dart:4184:31: Error: The method '$_clearField' isn't defined for the type 'WifiClient'.
 - 'WifiClient' is from 'package:starlink_isp_app/generated/spacex_api/device/wifi.pb.dart' ('lib/generated/spacex_api/device/wifi.pb.dart').
Try correcting the name to the name of an existing method, or defining a method named '$_clearField'.
  void clearTxStatsValid() => $_clearField(61);
                              ^^^^^^^^^^^^
lib/generated/spacex_api/device/wifi.pb.dart:4248:23: Error: The method '$_clearField' isn't defined for the type 'WifiSetupRequest'.
 - 'WifiSetupRequest' is from 'package:starlink_isp_app/generated/spacex_api/device/wifi.pb.dart' ('lib/generated/spacex_api/device/wifi.pb.dart').
Try correcting the name to the name of an existing method, or defining a method named '$_clearField'.
  void clearSkip() => $_clearField(1);
                      ^^^^^^^^^^^^
lib/generated/spacex_api/device/wifi.pb.dart:4257:30: Error: The method '$_clearField' isn't defined for the type 'WifiSetupRequest'.
 - 'WifiSetupRequest' is from 'package:starlink_isp_app/generated/spacex_api/device/wifi.pb.dart' ('lib/generated/spacex_api/device/wifi.pb.dart').
Try correcting the name to the name of an existing method, or defining a method named '$_clearField'.
  void clearNetworkName() => $_clearField(2);
                             ^^^^^^^^^^^^
lib/generated/spacex_api/device/wifi.pb.dart:4266:34: Error: The method '$_clearField' isn't defined for the type 'WifiSetupRequest'.
 - 'WifiSetupRequest' is from 'package:starlink_isp_app/generated/spacex_api/device/wifi.pb.dart' ('lib/generated/spacex_api/device/wifi.pb.dart').
Try correcting the name to the name of an existing method, or defining a method named '$_clearField'.
  void clearNetworkPassword() => $_clearField(3);
                                 ^^^^^^^^^^^^
lib/generated/spacex_api/device/wifi.pb.dart:4275:25: Error: The method '$_clearField' isn't defined for the type 'WifiSetupRequest'.
 - 'WifiSetupRequest' is from 'package:starlink_isp_app/generated/spacex_api/device/wifi.pb.dart' ('lib/generated/spacex_api/device/wifi.pb.dart').
Try correcting the name to the name of an existing method, or defining a method named '$_clearField'.
  void clearBypass() => $_clearField(4);
                        ^^^^^^^^^^^^
lib/generated/spacex_api/device/wifi.pb.dart:4351:7: Error: The method 'aD' isn't defined for the type 'BuilderInfo'.
 - 'BuilderInfo' is from 'package:protobuf/protobuf.dart' ('../../../.pub-cache/hosted/pub.dev/protobuf-3.1.0/lib/protobuf.dart').
Try correcting the name to the name of an existing method, or defining a method named 'aD'.
    ..aD(1, _omitFieldNames ? '' : 'chanBusyTimeFraction',
      ^^
lib/generated/spacex_api/device/wifi.pb.dart:4353:7: Error: The method 'aD' isn't defined for the type 'BuilderInfo'.
 - 'BuilderInfo' is from 'package:protobuf/protobuf.dart' ('../../../.pub-cache/hosted/pub.dev/protobuf-3.1.0/lib/protobuf.dart').
Try correcting the name to the name of an existing method, or defining a method named 'aD'.
    ..aD(2, _omitFieldNames ? '' : 'txAirTimeFraction',
      ^^
lib/generated/spacex_api/device/wifi.pb.dart:4355:7: Error: The method 'aD' isn't defined for the type 'BuilderInfo'.
 - 'BuilderInfo' is from 'package:protobuf/protobuf.dart' ('../../../.pub-cache/hosted/pub.dev/protobuf-3.1.0/lib/protobuf.dart').
Try correcting the name to the name of an existing method, or defining a method named 'aD'.
    ..aD(3, _omitFieldNames ? '' : 'rxAirTimeFraction',
      ^^
lib/generated/spacex_api/device/wifi.pb.dart:4357:7: Error: The method 'aD' isn't defined for the type 'BuilderInfo'.
 - 'BuilderInfo' is from 'package:protobuf/protobuf.dart' ('../../../.pub-cache/hosted/pub.dev/protobuf-3.1.0/lib/protobuf.dart').
Try correcting the name to the name of an existing method, or defining a method named 'aD'.
    ..aD(4, _omitFieldNames ? '' : 'obssAirTimeFraction',
      ^^
lib/generated/spacex_api/device/wifi.pb.dart:4359:7: Error: The method 'aD' isn't defined for the type 'BuilderInfo'.
 - 'BuilderInfo' is from 'package:protobuf/protobuf.dart' ('../../../.pub-cache/hosted/pub.dev/protobuf-3.1.0/lib/protobuf.dart').
Try correcting the name to the name of an existing method, or defining a method named 'aD'.
    ..aD(5, _omitFieldNames ? '' : 'edccaAirTimeFraction',
      ^^
lib/generated/spacex_api/device/wifi.pb.dart:4389:39: Error: The method '$_clearField' isn't defined for the type 'WifiBandStatus'.
 - 'WifiBandStatus' is from 'package:starlink_isp_app/generated/spacex_api/device/wifi.pb.dart' ('lib/generated/spacex_api/device/wifi.pb.dart').
Try correcting the name to the name of an existing method, or defining a method named '$_clearField'.
  void clearChanBusyTimeFraction() => $_clearField(1);
                                      ^^^^^^^^^^^^
lib/generated/spacex_api/device/wifi.pb.dart:4398:36: Error: The method '$_clearField' isn't defined for the type 'WifiBandStatus'.
 - 'WifiBandStatus' is from 'package:starlink_isp_app/generated/spacex_api/device/wifi.pb.dart' ('lib/generated/spacex_api/device/wifi.pb.dart').
Try correcting the name to the name of an existing method, or defining a method named '$_clearField'.
  void clearTxAirTimeFraction() => $_clearField(2);
                                   ^^^^^^^^^^^^
lib/generated/spacex_api/device/wifi.pb.dart:4407:36: Error: The method '$_clearField' isn't defined for the type 'WifiBandStatus'.
 - 'WifiBandStatus' is from 'package:starlink_isp_app/generated/spacex_api/device/wifi.pb.dart' ('lib/generated/spacex_api/device/wifi.pb.dart').
Try correcting the name to the name of an existing method, or defining a method named '$_clearField'.
  void clearRxAirTimeFraction() => $_clearField(3);
                                   ^^^^^^^^^^^^
lib/generated/spacex_api/device/wifi.pb.dart:4416:38: Error: The method '$_clearField' isn't defined for the type 'WifiBandStatus'.
 - 'WifiBandStatus' is from 'package:starlink_isp_app/generated/spacex_api/device/wifi.pb.dart' ('lib/generated/spacex_api/device/wifi.pb.dart').
Try correcting the name to the name of an existing method, or defining a method named '$_clearField'.
  void clearObssAirTimeFraction() => $_clearField(4);
                                     ^^^^^^^^^^^^
lib/generated/spacex_api/device/wifi.pb.dart:4425:39: Error: The method '$_clearField' isn't defined for the type 'WifiBandStatus'.
 - 'WifiBandStatus' is from 'package:starlink_isp_app/generated/spacex_api/device/wifi.pb.dart' ('lib/generated/spacex_api/device/wifi.pb.dart').
Try correcting the name to the name of an existing method, or defining a method named '$_clearField'.
  void clearEdccaAirTimeFraction() => $_clearField(5);
                                      ^^^^^^^^^^^^
lib/generated/spacex_api/device/wifi.pb.dart:4553:34: Error: The method '$_clearField' isn't defined for the type 'WifiAlerts'.
 - 'WifiAlerts' is from 'package:starlink_isp_app/generated/spacex_api/device/wifi.pb.dart' ('lib/generated/spacex_api/device/wifi.pb.dart').
Try correcting the name to the name of an existing method, or defining a method named '$_clearField'.
  void clearThermalThrottle() => $_clearField(1);
                                 ^^^^^^^^^^^^
lib/generated/spacex_api/device/wifi.pb.dart:4562:33: Error: The method '$_clearField' isn't defined for the type 'WifiAlerts'.
 - 'WifiAlerts' is from 'package:starlink_isp_app/generated/spacex_api/device/wifi.pb.dart' ('lib/generated/spacex_api/device/wifi.pb.dart').
Try correcting the name to the name of an existing method, or defining a method named '$_clearField'.
  void clearInstallPending() => $_clearField(2);
                                ^^^^^^^^^^^^
lib/generated/spacex_api/device/wifi.pb.dart:4571:31: Error: The method '$_clearField' isn't defined for the type 'WifiAlerts'.
 - 'WifiAlerts' is from 'package:starlink_isp_app/generated/spacex_api/device/wifi.pb.dart' ('lib/generated/spacex_api/device/wifi.pb.dart').
Try correcting the name to the name of an existing method, or defining a method named '$_clearField'.
  void clearFreshlyFused() => $_clearField(3);
                              ^^^^^^^^^^^^
lib/generated/spacex_api/device/wifi.pb.dart:4580:35: Error: The method '$_clearField' isn't defined for the type 'WifiAlerts'.
 - 'WifiAlerts' is from 'package:starlink_isp_app/generated/spacex_api/device/wifi.pb.dart' ('lib/generated/spacex_api/device/wifi.pb.dart').
Try correcting the name to the name of an existing method, or defining a method named '$_clearField'.
  void clearLanEthSlowLink10() => $_clearField(4);
                                  ^^^^^^^^^^^^
lib/generated/spacex_api/device/wifi.pb.dart:4589:36: Error: The method '$_clearField' isn't defined for the type 'WifiAlerts'.
 - 'WifiAlerts' is from 'package:starlink_isp_app/generated/spacex_api/device/wifi.pb.dart' ('lib/generated/spacex_api/device/wifi.pb.dart').
Try correcting the name to the name of an existing method, or defining a method named '$_clearField'.
  void clearLanEthSlowLink100() => $_clearField(5);
                                   ^^^^^^^^^^^^
lib/generated/spacex_api/device/wifi.pb.dart:4598:39: Error: The method '$_clearField' isn't defined for the type 'WifiAlerts'.
 - 'WifiAlerts' is from 'package:starlink_isp_app/generated/spacex_api/device/wifi.pb.dart' ('lib/generated/spacex_api/device/wifi.pb.dart').
Try correcting the name to the name of an existing method, or defining a method named '$_clearField'.
  void clearWanEthPoorConnection() => $_clearField(10);
                                      ^^^^^^^^^^^^
lib/generated/spacex_api/device/wifi.pb.dart:4607:44: Error: The method '$_clearField' isn't defined for the type 'WifiAlerts'.
 - 'WifiAlerts' is from 'package:starlink_isp_app/generated/spacex_api/device/wifi.pb.dart' ('lib/generated/spacex_api/device/wifi.pb.dart').
Try correcting the name to the name of an existing method, or defining a method named '$_clearField'.
  void clearMeshTopologyChangingOften() => $_clearField(11);
                                           ^^^^^^^^^^^^
lib/generated/spacex_api/device/wifi.pb.dart:4616:41: Error: The method '$_clearField' isn't defined for the type 'WifiAlerts'.
 - 'WifiAlerts' is from 'package:starlink_isp_app/generated/spacex_api/device/wifi.pb.dart' ('lib/generated/spacex_api/device/wifi.pb.dart').
Try correcting the name to the name of an existing method, or defining a method named '$_clearField'.
  void clearMeshUnreliableBackhaul() => $_clearField(12);
                                        ^^^^^^^^^^^^
lib/generated/spacex_api/device/wifi.pb.dart:4625:39: Error: The method '$_clearField' isn't defined for the type 'WifiAlerts'.
 - 'WifiAlerts' is from 'package:starlink_isp_app/generated/spacex_api/device/wifi.pb.dart' ('lib/generated/spacex_api/device/wifi.pb.dart').
Try correcting the name to the name of an existing method, or defining a method named '$_clearField'.
  void clearRadiusMissingProcess() => $_clearField(13);
                                      ^^^^^^^^^^^^
lib/generated/spacex_api/device/wifi.pb.dart:4634:33: Error: The method '$_clearField' isn't defined for the type 'WifiAlerts'.
 - 'WifiAlerts' is from 'package:starlink_isp_app/generated/spacex_api/device/wifi.pb.dart' ('lib/generated/spacex_api/device/wifi.pb.dart').
Try correcting the name to the name of an existing method, or defining a method named '$_clearField'.
  void clearEthSwitchError() => $_clearField(14);
                                ^^^^^^^^^^^^
lib/generated/spacex_api/device/wifi.pb.dart:4643:39: Error: The method '$_clearField' isn't defined for the type 'WifiAlerts'.
 - 'WifiAlerts' is from 'package:starlink_isp_app/generated/spacex_api/device/wifi.pb.dart' ('lib/generated/spacex_api/device/wifi.pb.dart').
Try correcting the name to the name of an existing method, or defining a method named '$_clearField'.
  void clearPoeOnDishUnreachable() => $_clearField(15);
                                      ^^^^^^^^^^^^
lib/generated/spacex_api/device/wifi.pb.dart:4652:31: Error: The method '$_clearField' isn't defined for the type 'WifiAlerts'.
 - 'WifiAlerts' is from 'package:starlink_isp_app/generated/spacex_api/device/wifi.pb.dart' ('lib/generated/spacex_api/device/wifi.pb.dart').
Try correcting the name to the name of an existing method, or defining a method named '$_clearField'.
  void clearPoeFuseBlown() => $_clearField(16);
                              ^^^^^^^^^^^^
lib/generated/spacex_api/device/wifi.pb.dart:4661:39: Error: The method '$_clearField' isn't defined for the type 'WifiAlerts'.
 - 'WifiAlerts' is from 'package:starlink_isp_app/generated/spacex_api/device/wifi.pb.dart' ('lib/generated/spacex_api/device/wifi.pb.dart').
Try correcting the name to the name of an existing method, or defining a method named '$_clearField'.
  void clearPoeRouterOvercurrent() => $_clearField(17);
                                      ^^^^^^^^^^^^
lib/generated/spacex_api/device/wifi.pb.dart:4670:39: Error: The method '$_clearField' isn't defined for the type 'WifiAlerts'.
 - 'WifiAlerts' is from 'package:starlink_isp_app/generated/spacex_api/device/wifi.pb.dart' ('lib/generated/spacex_api/device/wifi.pb.dart').
Try correcting the name to the name of an existing method, or defining a method named '$_clearField'.
  void clearPoeOffCurrentNominal() => $_clearField(18);
                                      ^^^^^^^^^^^^
lib/generated/spacex_api/device/wifi.pb.dart:4679:36: Error: The method '$_clearField' isn't defined for the type 'WifiAlerts'.
 - 'WifiAlerts' is from 'package:starlink_isp_app/generated/spacex_api/device/wifi.pb.dart' ('lib/generated/spacex_api/device/wifi.pb.dart').
Try correcting the name to the name of an existing method, or defining a method named '$_clearField'.
  void clearPoeVinOvervoltage() => $_clearField(19);
                                   ^^^^^^^^^^^^
lib/generated/spacex_api/device/wifi.pb.dart:4688:37: Error: The method '$_clearField' isn't defined for the type 'WifiAlerts'.
 - 'WifiAlerts' is from 'package:starlink_isp_app/generated/spacex_api/device/wifi.pb.dart' ('lib/generated/spacex_api/device/wifi.pb.dart').
Try correcting the name to the name of an existing method, or defining a method named '$_clearField'.
  void clearPoeVinUndervoltage() => $_clearField(20);
                                    ^^^^^^^^^^^^
lib/generated/spacex_api/device/wifi.pb.dart:4697:40: Error: The method '$_clearField' isn't defined for the type 'WifiAlerts'.
 - 'WifiAlerts' is from 'package:starlink_isp_app/generated/spacex_api/device/wifi.pb.dart' ('lib/generated/spacex_api/device/wifi.pb.dart').
Try correcting the name to the name of an existing method, or defining a method named '$_clearField'.
  void clearHighCablePingDropRate() => $_clearField(21);
                                       ^^^^^^^^^^^^
lib/generated/spacex_api/device/wifi.pb.dart:4706:34: Error: The method '$_clearField' isn't defined for the type 'WifiAlerts'.
 - 'WifiAlerts' is from 'package:starlink_isp_app/generated/spacex_api/device/wifi.pb.dart' ('lib/generated/spacex_api/device/wifi.pb.dart').
Try correcting the name to the name of an existing method, or defining a method named '$_clearField'.
  void clearSandboxDisabled() => $_clearField(22);
                                 ^^^^^^^^^^^^
lib/generated/spacex_api/device/wifi.pb.dart:4715:40: Error: The method '$_clearField' isn't defined for the type 'WifiAlerts'.
 - 'WifiAlerts' is from 'package:starlink_isp_app/generated/spacex_api/device/wifi.pb.dart' ('lib/generated/spacex_api/device/wifi.pb.dart').
Try correcting the name to the name of an existing method, or defining a method named '$_clearField'.
  void clearOnlyOverflightBlocked() => $_clearField(23);
                                       ^^^^^^^^^^^^
lib/generated/spacex_api/device/wifi.pb.dart:4724:42: Error: The method '$_clearField' isn't defined for the type 'WifiAlerts'.
 - 'WifiAlerts' is from 'package:starlink_isp_app/generated/spacex_api/device/wifi.pb.dart' ('lib/generated/spacex_api/device/wifi.pb.dart').
Try correcting the name to the name of an existing method, or defining a method named '$_clearField'.
  void clearOfflineNetworksDisabled() => $_clearField(24);
                                         ^^^^^^^^^^^^
lib/generated/spacex_api/device/wifi.pb.dart:4733:44: Error: The method '$_clearField' isn't defined for the type 'WifiAlerts'.
 - 'WifiAlerts' is from 'package:starlink_isp_app/generated/spacex_api/device/wifi.pb.dart' ('lib/generated/spacex_api/device/wifi.pb.dart').
Try correcting the name to the name of an existing method, or defining a method named '$_clearField'.
  void clearWiredMeshNotUsingWanIface() => $_clearField(25);
                                           ^^^^^^^^^^^^
lib/generated/spacex_api/device/wifi.pb.dart:4854:7: Error: The method 'aD' isn't defined for the type 'BuilderInfo'.
 - 'BuilderInfo' is from 'package:protobuf/protobuf.dart' ('../../../.pub-cache/hosted/pub.dev/protobuf-3.1.0/lib/protobuf.dart').
Try correcting the name to the name of an existing method, or defining a method named 'aD'.
    ..aD(1004, _omitFieldNames ? '' : 'pingDropRate',
      ^^
lib/generated/spacex_api/device/wifi.pb.dart:4856:7: Error: The method 'aD' isn't defined for the type 'BuilderInfo'.
 - 'BuilderInfo' is from 'package:protobuf/protobuf.dart' ('../../../.pub-cache/hosted/pub.dev/protobuf-3.1.0/lib/protobuf.dart').
Try correcting the name to the name of an existing method, or defining a method named 'aD'.
    ..aD(1005, _omitFieldNames ? '' : 'pingLatencyMs',
      ^^
lib/generated/spacex_api/device/wifi.pb.dart:4865:7: Error: The method 'aD' isn't defined for the type 'BuilderInfo'.
 - 'BuilderInfo' is from 'package:protobuf/protobuf.dart' ('../../../.pub-cache/hosted/pub.dev/protobuf-3.1.0/lib/protobuf.dart').
Try correcting the name to the name of an existing method, or defining a method named 'aD'.
    ..aD(1012, _omitFieldNames ? '' : 'dishPingDropRate',
      ^^
lib/generated/spacex_api/device/wifi.pb.dart:4867:7: Error: The method 'aD' isn't defined for the type 'BuilderInfo'.
 - 'BuilderInfo' is from 'package:protobuf/protobuf.dart' ('../../../.pub-cache/hosted/pub.dev/protobuf-3.1.0/lib/protobuf.dart').
Try correcting the name to the name of an existing method, or defining a method named 'aD'.
    ..aD(1013, _omitFieldNames ? '' : 'dishPingLatencyMs',
      ^^
lib/generated/spacex_api/device/wifi.pb.dart:4869:7: Error: The method 'aD' isn't defined for the type 'BuilderInfo'.
 - 'BuilderInfo' is from 'package:protobuf/protobuf.dart' ('../../../.pub-cache/hosted/pub.dev/protobuf-3.1.0/lib/protobuf.dart').
Try correcting the name to the name of an existing method, or defining a method named 'aD'.
    ..aD(1014, _omitFieldNames ? '' : 'popPingDropRate',
      ^^
lib/generated/spacex_api/device/wifi.pb.dart:4871:7: Error: The method 'aD' isn't defined for the type 'BuilderInfo'.
 - 'BuilderInfo' is from 'package:protobuf/protobuf.dart' ('../../../.pub-cache/hosted/pub.dev/protobuf-3.1.0/lib/protobuf.dart').
Try correcting the name to the name of an existing method, or defining a method named 'aD'.
    ..aD(1015, _omitFieldNames ? '' : 'popPingLatencyMs',
      ^^
lib/generated/spacex_api/device/wifi.pb.dart:4875:7: Error: The method 'aD' isn't defined for the type 'BuilderInfo'.
 - 'BuilderInfo' is from 'package:protobuf/protobuf.dart' ('../../../.pub-cache/hosted/pub.dev/protobuf-3.1.0/lib/protobuf.dart').
Try correcting the name to the name of an existing method, or defining a method named 'aD'.
    ..aD(1018, _omitFieldNames ? '' : 'dishPingDropRate5m',
      ^^
lib/generated/spacex_api/device/wifi.pb.dart:4877:7: Error: The method 'pPM' isn't defined for the type 'BuilderInfo'.
 - 'BuilderInfo' is from 'package:protobuf/protobuf.dart' ('../../../.pub-cache/hosted/pub.dev/protobuf-3.1.0/lib/protobuf.dart').
Try correcting the name to the name of an existing method, or defining a method named 'pPM'.
    ..pPM<$1.DhcpServer>(1019, _omitFieldNames ? '' : 'dhcpServers',
      ^^^
lib/generated/spacex_api/device/wifi.pb.dart:4879:7: Error: The method 'aD' isn't defined for the type 'BuilderInfo'.
 - 'BuilderInfo' is from 'package:protobuf/protobuf.dart' ('../../../.pub-cache/hosted/pub.dev/protobuf-3.1.0/lib/protobuf.dart').
Try correcting the name to the name of an existing method, or defining a method named 'aD'.
    ..aD(1020, _omitFieldNames ? '' : 'popPingDropRate5m',
      ^^
lib/generated/spacex_api/device/wifi.pb.dart:4881:7: Error: The method 'aD' isn't defined for the type 'BuilderInfo'.
 - 'BuilderInfo' is from 'package:protobuf/protobuf.dart' ('../../../.pub-cache/hosted/pub.dev/protobuf-3.1.0/lib/protobuf.dart').
Try correcting the name to the name of an existing method, or defining a method named 'aD'.
    ..aD(1021, _omitFieldNames ? '' : 'pingDropRate5m',
      ^^
lib/generated/spacex_api/device/wifi.pb.dart:4893:7: Error: The method 'aD' isn't defined for the type 'BuilderInfo'.
 - 'BuilderInfo' is from 'package:protobuf/protobuf.dart' ('../../../.pub-cache/hosted/pub.dev/protobuf-3.1.0/lib/protobuf.dart').
Try correcting the name to the name of an existing method, or defining a method named 'aD'.
    ..aD(1027, _omitFieldNames ? '' : 'popIpv6PingDropRate',
      ^^
lib/generated/spacex_api/device/wifi.pb.dart:4895:7: Error: The method 'aD' isn't defined for the type 'BuilderInfo'.
 - 'BuilderInfo' is from 'package:protobuf/protobuf.dart' ('../../../.pub-cache/hosted/pub.dev/protobuf-3.1.0/lib/protobuf.dart').
Try correcting the name to the name of an existing method, or defining a method named 'aD'.
    ..aD(1028, _omitFieldNames ? '' : 'popIpv6PingDropRate5m',
      ^^
lib/generated/spacex_api/device/wifi.pb.dart:4897:7: Error: The method 'aD' isn't defined for the type 'BuilderInfo'.
 - 'BuilderInfo' is from 'package:protobuf/protobuf.dart' ('../../../.pub-cache/hosted/pub.dev/protobuf-3.1.0/lib/protobuf.dart').
Try correcting the name to the name of an existing method, or defining a method named 'aD'.
    ..aD(1029, _omitFieldNames ? '' : 'popIpv6PingLatencyMs',
      ^^
lib/generated/spacex_api/device/wifi.pb.dart:4899:7: Error: The method 'aD' isn't defined for the type 'BuilderInfo'.
 - 'BuilderInfo' is from 'package:protobuf/protobuf.dart' ('../../../.pub-cache/hosted/pub.dev/protobuf-3.1.0/lib/protobuf.dart').
Try correcting the name to the name of an existing method, or defining a method named 'aD'.
    ..aD(1030, _omitFieldNames ? '' : 'secsSinceLastPublicIpv4Change',
      ^^
lib/generated/spacex_api/device/wifi.pb.dart:4901:7: Error: The method 'aE' isn't defined for the type 'BuilderInfo'.
 - 'BuilderInfo' is from 'package:protobuf/protobuf.dart' ('../../../.pub-cache/hosted/pub.dev/protobuf-3.1.0/lib/protobuf.dart').
Try correcting the name to the name of an existing method, or defining a method named 'aE'.
    ..aE<$6.UtDisablementCode>(
      ^^
lib/generated/spacex_api/device/wifi.pb.dart:4905:7: Error: The method 'aE' isn't defined for the type 'BuilderInfo'.
 - 'BuilderInfo' is from 'package:protobuf/protobuf.dart' ('../../../.pub-cache/hosted/pub.dev/protobuf-3.1.0/lib/protobuf.dart').
Try correcting the name to the name of an existing method, or defining a method named 'aE'.
    ..aE<$1.CalibrationPartitionsState>(
      ^^
lib/generated/spacex_api/device/wifi.pb.dart:4908:7: Error: The method 'aI' isn't defined for the type 'BuilderInfo'.
 - 'BuilderInfo' is from 'package:protobuf/protobuf.dart' ('../../../.pub-cache/hosted/pub.dev/protobuf-3.1.0/lib/protobuf.dart').
Try correcting the name to the name of an existing method, or defining a method named 'aI'.
    ..aI(1034, _omitFieldNames ? '' : 'hopsFromController',
      ^^
lib/generated/spacex_api/device/wifi.pb.dart:4913:7: Error: The method 'pPM' isn't defined for the type 'BuilderInfo'.
 - 'BuilderInfo' is from 'package:protobuf/protobuf.dart' ('../../../.pub-cache/hosted/pub.dev/protobuf-3.1.0/lib/protobuf.dart').
Try correcting the name to the name of an existing method, or defining a method named 'pPM'.
    ..pPM<WifiClient>(3000, _omitFieldNames ? '' : 'clients',
      ^^^
lib/generated/spacex_api/device/wifi.pb.dart:4916:7: Error: The method 'aI' isn't defined for the type 'BuilderInfo'.
 - 'BuilderInfo' is from 'package:protobuf/protobuf.dart' ('../../../.pub-cache/hosted/pub.dev/protobuf-3.1.0/lib/protobuf.dart').
Try correcting the name to the name of an existing method, or defining a method named 'aI'.
    ..aI(3002, _omitFieldNames ? '' : 'clientIndex')
      ^^
lib/generated/spacex_api/device/wifi.pb.dart:4948:39: Error: The method '$_clearField' isn't defined for the type 'WifiGetStatusResponse'.
 - 'WifiGetStatusResponse' is from 'package:starlink_isp_app/generated/spacex_api/device/wifi.pb.dart' ('lib/generated/spacex_api/device/wifi.pb.dart').
Try correcting the name to the name of an existing method, or defining a method named '$_clearField'.
  void clearCaptivePortalEnabled() => $_clearField(1);
                                      ^^^^^^^^^^^^
lib/generated/spacex_api/device/wifi.pb.dart:4953:42: Error: The method '$_setField' isn't defined for the type 'WifiGetStatusResponse'.
 - 'WifiGetStatusResponse' is from 'package:starlink_isp_app/generated/spacex_api/device/wifi.pb.dart' ('lib/generated/spacex_api/device/wifi.pb.dart').
Try correcting the name to the name of an existing method, or defining a method named '$_setField'.
  set deviceInfo($3.DeviceInfo value) => $_setField(3, value);
                                         ^^^^^^^^^^
lib/generated/spacex_api/device/wifi.pb.dart:4957:29: Error: The method '$_clearField' isn't defined for the type 'WifiGetStatusResponse'.
 - 'WifiGetStatusResponse' is from 'package:starlink_isp_app/generated/spacex_api/device/wifi.pb.dart' ('lib/generated/spacex_api/device/wifi.pb.dart').
Try correcting the name to the name of an existing method, or defining a method named '$_clearField'.
  void clearDeviceInfo() => $_clearField(3);
                            ^^^^^^^^^^^^
lib/generated/spacex_api/device/wifi.pb.dart:4964:44: Error: The method '$_setField' isn't defined for the type 'WifiGetStatusResponse'.
 - 'WifiGetStatusResponse' is from 'package:starlink_isp_app/generated/spacex_api/device/wifi.pb.dart' ('lib/generated/spacex_api/device/wifi.pb.dart').
Try correcting the name to the name of an existing method, or defining a method named '$_setField'.
  set deviceState($3.DeviceState value) => $_setField(4, value);
                                           ^^^^^^^^^^
lib/generated/spacex_api/device/wifi.pb.dart:4968:30: Error: The method '$_clearField' isn't defined for the type 'WifiGetStatusResponse'.
 - 'WifiGetStatusResponse' is from 'package:starlink_isp_app/generated/spacex_api/device/wifi.pb.dart' ('lib/generated/spacex_api/device/wifi.pb.dart').
Try correcting the name to the name of an existing method, or defining a method named '$_clearField'.
  void clearDeviceState() => $_clearField(4);
                             ^^^^^^^^^^^^
lib/generated/spacex_api/device/wifi.pb.dart:4979:33: Error: The method '$_clearField' isn't defined for the type 'WifiGetStatusResponse'.
 - 'WifiGetStatusResponse' is from 'package:starlink_isp_app/generated/spacex_api/device/wifi.pb.dart' ('lib/generated/spacex_api/device/wifi.pb.dart').
Try correcting the name to the name of an existing method, or defining a method named '$_clearField'.
  void clearIpv4WanAddress() => $_clearField(1003);
                                ^^^^^^^^^^^^
lib/generated/spacex_api/device/wifi.pb.dart:4988:31: Error: The method '$_clearField' isn't defined for the type 'WifiGetStatusResponse'.
 - 'WifiGetStatusResponse' is from 'package:starlink_isp_app/generated/spacex_api/device/wifi.pb.dart' ('lib/generated/spacex_api/device/wifi.pb.dart').
Try correcting the name to the name of an existing method, or defining a method named '$_clearField'.
  void clearPingDropRate() => $_clearField(1004);
                              ^^^^^^^^^^^^
lib/generated/spacex_api/device/wifi.pb.dart:4997:32: Error: The method '$_clearField' isn't defined for the type 'WifiGetStatusResponse'.
 - 'WifiGetStatusResponse' is from 'package:starlink_isp_app/generated/spacex_api/device/wifi.pb.dart' ('lib/generated/spacex_api/device/wifi.pb.dart').
Try correcting the name to the name of an existing method, or defining a method named '$_clearField'.
  void clearPingLatencyMs() => $_clearField(1005);
                               ^^^^^^^^^^^^
lib/generated/spacex_api/device/wifi.pb.dart:5002:45: Error: The method '$_setField' isn't defined for the type 'WifiGetStatusResponse'.
 - 'WifiGetStatusResponse' is from 'package:starlink_isp_app/generated/spacex_api/device/wifi.pb.dart' ('lib/generated/spacex_api/device/wifi.pb.dart').
Try correcting the name to the name of an existing method, or defining a method named '$_setField'.
  set rf2ghzStatus(WifiBandStatus value) => $_setField(1008, value);
                                            ^^^^^^^^^^
lib/generated/spacex_api/device/wifi.pb.dart:5006:31: Error: The method '$_clearField' isn't defined for the type 'WifiGetStatusResponse'.
 - 'WifiGetStatusResponse' is from 'package:starlink_isp_app/generated/spacex_api/device/wifi.pb.dart' ('lib/generated/spacex_api/device/wifi.pb.dart').
Try correcting the name to the name of an existing method, or defining a method named '$_clearField'.
  void clearRf2ghzStatus() => $_clearField(1008);
                              ^^^^^^^^^^^^
lib/generated/spacex_api/device/wifi.pb.dart:5013:45: Error: The method '$_setField' isn't defined for the type 'WifiGetStatusResponse'.
 - 'WifiGetStatusResponse' is from 'package:starlink_isp_app/generated/spacex_api/device/wifi.pb.dart' ('lib/generated/spacex_api/device/wifi.pb.dart').
Try correcting the name to the name of an existing method, or defining a method named '$_setField'.
  set rf5ghzStatus(WifiBandStatus value) => $_setField(1009, value);
                                            ^^^^^^^^^^
lib/generated/spacex_api/device/wifi.pb.dart:5017:31: Error: The method '$_clearField' isn't defined for the type 'WifiGetStatusResponse'.
 - 'WifiGetStatusResponse' is from 'package:starlink_isp_app/generated/spacex_api/device/wifi.pb.dart' ('lib/generated/spacex_api/device/wifi.pb.dart').
Try correcting the name to the name of an existing method, or defining a method named '$_clearField'.
  void clearRf5ghzStatus() => $_clearField(1009);
                              ^^^^^^^^^^^^
lib/generated/spacex_api/device/wifi.pb.dart:5024:35: Error: The method '$_setField' isn't defined for the type 'WifiGetStatusResponse'.
 - 'WifiGetStatusResponse' is from 'package:starlink_isp_app/generated/spacex_api/device/wifi.pb.dart' ('lib/generated/spacex_api/device/wifi.pb.dart').
Try correcting the name to the name of an existing method, or defining a method named '$_setField'.
  set alerts(WifiAlerts value) => $_setField(1010, value);
                                  ^^^^^^^^^^
lib/generated/spacex_api/device/wifi.pb.dart:5028:25: Error: The method '$_clearField' isn't defined for the type 'WifiGetStatusResponse'.
 - 'WifiGetStatusResponse' is from 'package:starlink_isp_app/generated/spacex_api/device/wifi.pb.dart' ('lib/generated/spacex_api/device/wifi.pb.dart').
Try correcting the name to the name of an existing method, or defining a method named '$_clearField'.
  void clearAlerts() => $_clearField(1010);
                        ^^^^^^^^^^^^
lib/generated/spacex_api/device/wifi.pb.dart:5039:29: Error: The method '$_clearField' isn't defined for the type 'WifiGetStatusResponse'.
 - 'WifiGetStatusResponse' is from 'package:starlink_isp_app/generated/spacex_api/device/wifi.pb.dart' ('lib/generated/spacex_api/device/wifi.pb.dart').
Try correcting the name to the name of an existing method, or defining a method named '$_clearField'.
  void clearIsAviation() => $_clearField(1011);
                            ^^^^^^^^^^^^
lib/generated/spacex_api/device/wifi.pb.dart:5048:35: Error: The method '$_clearField' isn't defined for the type 'WifiGetStatusResponse'.
 - 'WifiGetStatusResponse' is from 'package:starlink_isp_app/generated/spacex_api/device/wifi.pb.dart' ('lib/generated/spacex_api/device/wifi.pb.dart').
Try correcting the name to the name of an existing method, or defining a method named '$_clearField'.
  void clearDishPingDropRate() => $_clearField(1012);
                                  ^^^^^^^^^^^^
lib/generated/spacex_api/device/wifi.pb.dart:5057:36: Error: The method '$_clearField' isn't defined for the type 'WifiGetStatusResponse'.
 - 'WifiGetStatusResponse' is from 'package:starlink_isp_app/generated/spacex_api/device/wifi.pb.dart' ('lib/generated/spacex_api/device/wifi.pb.dart').
Try correcting the name to the name of an existing method, or defining a method named '$_clearField'.
  void clearDishPingLatencyMs() => $_clearField(1013);
                                   ^^^^^^^^^^^^
lib/generated/spacex_api/device/wifi.pb.dart:5066:34: Error: The method '$_clearField' isn't defined for the type 'WifiGetStatusResponse'.
 - 'WifiGetStatusResponse' is from 'package:starlink_isp_app/generated/spacex_api/device/wifi.pb.dart' ('lib/generated/spacex_api/device/wifi.pb.dart').
Try correcting the name to the name of an existing method, or defining a method named '$_clearField'.
  void clearPopPingDropRate() => $_clearField(1014);
                                 ^^^^^^^^^^^^
lib/generated/spacex_api/device/wifi.pb.dart:5075:35: Error: The method '$_clearField' isn't defined for the type 'WifiGetStatusResponse'.
 - 'WifiGetStatusResponse' is from 'package:starlink_isp_app/generated/spacex_api/device/wifi.pb.dart' ('lib/generated/spacex_api/device/wifi.pb.dart').
Try correcting the name to the name of an existing method, or defining a method named '$_clearField'.
  void clearPopPingLatencyMs() => $_clearField(1015);
                                  ^^^^^^^^^^^^
lib/generated/spacex_api/device/wifi.pb.dart:5084:38: Error: The method '$_clearField' isn't defined for the type 'WifiGetStatusResponse'.
 - 'WifiGetStatusResponse' is from 'package:starlink_isp_app/generated/spacex_api/device/wifi.pb.dart' ('lib/generated/spacex_api/device/wifi.pb.dart').
Try correcting the name to the name of an existing method, or defining a method named '$_clearField'.
  void clearIsAviationConformed() => $_clearField(1016);
                                     ^^^^^^^^^^^^
lib/generated/spacex_api/device/wifi.pb.dart:5087:52: Error: A value of type 'List<dynamic>' can't be returned from a function with return type 'PbList<String>'.
 - 'List' is from 'dart:core'.
 - 'PbList' is from 'package:protobuf/protobuf.dart' ('../../../.pub-cache/hosted/pub.dev/protobuf-3.1.0/lib/protobuf.dart').
  $pb.PbList<$core.String> get ipv6WanAddresses => $_getList(15);
                                                   ^
lib/generated/spacex_api/device/wifi.pb.dart:5096:37: Error: The method '$_clearField' isn't defined for the type 'WifiGetStatusResponse'.
 - 'WifiGetStatusResponse' is from 'package:starlink_isp_app/generated/spacex_api/device/wifi.pb.dart' ('lib/generated/spacex_api/device/wifi.pb.dart').
Try correcting the name to the name of an existing method, or defining a method named '$_clearField'.
  void clearDishPingDropRate5m() => $_clearField(1018);
                                    ^^^^^^^^^^^^
lib/generated/spacex_api/device/wifi.pb.dart:5099:48: Error: A value of type 'List<dynamic>' can't be returned from a function with return type 'PbList<DhcpServer>'.
 - 'List' is from 'dart:core'.
 - 'PbList' is from 'package:protobuf/protobuf.dart' ('../../../.pub-cache/hosted/pub.dev/protobuf-3.1.0/lib/protobuf.dart').
 - 'DhcpServer' is from 'package:starlink_isp_app/generated/spacex_api/device/wifi_util.pb.dart' ('lib/generated/spacex_api/device/wifi_util.pb.dart').
  $pb.PbList<$1.DhcpServer> get dhcpServers => $_getList(17);
                                               ^
lib/generated/spacex_api/device/wifi.pb.dart:5108:36: Error: The method '$_clearField' isn't defined for the type 'WifiGetStatusResponse'.
 - 'WifiGetStatusResponse' is from 'package:starlink_isp_app/generated/spacex_api/device/wifi.pb.dart' ('lib/generated/spacex_api/device/wifi.pb.dart').
Try correcting the name to the name of an existing method, or defining a method named '$_clearField'.
  void clearPopPingDropRate5m() => $_clearField(1020);
                                   ^^^^^^^^^^^^
lib/generated/spacex_api/device/wifi.pb.dart:5117:33: Error: The method '$_clearField' isn't defined for the type 'WifiGetStatusResponse'.
 - 'WifiGetStatusResponse' is from 'package:starlink_isp_app/generated/spacex_api/device/wifi.pb.dart' ('lib/generated/spacex_api/device/wifi.pb.dart').
Try correcting the name to the name of an existing method, or defining a method named '$_clearField'.
  void clearPingDropRate5m() => $_clearField(1021);
                                ^^^^^^^^^^^^
lib/generated/spacex_api/device/wifi.pb.dart:5122:38: Error: The method '$_setField' isn't defined for the type 'WifiGetStatusResponse'.
 - 'WifiGetStatusResponse' is from 'package:starlink_isp_app/generated/spacex_api/device/wifi.pb.dart' ('lib/generated/spacex_api/device/wifi.pb.dart').
Try correcting the name to the name of an existing method, or defining a method named '$_setField'.
  set poeStats($1.PoeStats value) => $_setField(1022, value);
                                     ^^^^^^^^^^
lib/generated/spacex_api/device/wifi.pb.dart:5126:27: Error: The method '$_clearField' isn't defined for the type 'WifiGetStatusResponse'.
 - 'WifiGetStatusResponse' is from 'package:starlink_isp_app/generated/spacex_api/device/wifi.pb.dart' ('lib/generated/spacex_api/device/wifi.pb.dart').
Try correcting the name to the name of an existing method, or defining a method named '$_clearField'.
  void clearPoeStats() => $_clearField(1022);
                          ^^^^^^^^^^^^
lib/generated/spacex_api/device/wifi.pb.dart:5137:25: Error: The method '$_clearField' isn't defined for the type 'WifiGetStatusResponse'.
 - 'WifiGetStatusResponse' is from 'package:starlink_isp_app/generated/spacex_api/device/wifi.pb.dart' ('lib/generated/spacex_api/device/wifi.pb.dart').
Try correcting the name to the name of an existing method, or defining a method named '$_clearField'.
  void clearDishId() => $_clearField(1023);
                        ^^^^^^^^^^^^
lib/generated/spacex_api/device/wifi.pb.dart:5146:24: Error: The method '$_clearField' isn't defined for the type 'WifiGetStatusResponse'.
 - 'WifiGetStatusResponse' is from 'package:starlink_isp_app/generated/spacex_api/device/wifi.pb.dart' ('lib/generated/spacex_api/device/wifi.pb.dart').
Try correcting the name to the name of an existing method, or defining a method named '$_clearField'.
  void clearUtcNs() => $_clearField(1024);
                       ^^^^^^^^^^^^
lib/generated/spacex_api/device/wifi.pb.dart:5152:7: Error: The method '$_setField' isn't defined for the type 'WifiGetStatusResponse'.
 - 'WifiGetStatusResponse' is from 'package:starlink_isp_app/generated/spacex_api/device/wifi.pb.dart' ('lib/generated/spacex_api/device/wifi.pb.dart').
Try correcting the name to the name of an existing method, or defining a method named '$_setField'.
      $_setField(1025, value);
      ^^^^^^^^^^
lib/generated/spacex_api/device/wifi.pb.dart:5156:38: Error: The method '$_clearField' isn't defined for the type 'WifiGetStatusResponse'.
 - 'WifiGetStatusResponse' is from 'package:starlink_isp_app/generated/spacex_api/device/wifi.pb.dart' ('lib/generated/spacex_api/device/wifi.pb.dart').
Try correcting the name to the name of an existing method, or defining a method named '$_clearField'.
  void clearSoftwareUpdateStats() => $_clearField(1025);
                                     ^^^^^^^^^^^^
lib/generated/spacex_api/device/wifi.pb.dart:5164:7: Error: The method '$_setField' isn't defined for the type 'WifiGetStatusResponse'.
 - 'WifiGetStatusResponse' is from 'package:starlink_isp_app/generated/spacex_api/device/wifi.pb.dart' ('lib/generated/spacex_api/device/wifi.pb.dart').
Try correcting the name to the name of an existing method, or defining a method named '$_setField'.
      $_setField(1026, value);
      ^^^^^^^^^^
lib/generated/spacex_api/device/wifi.pb.dart:5168:35: Error: The method '$_clearField' isn't defined for the type 'WifiGetStatusResponse'.
 - 'WifiGetStatusResponse' is from 'package:starlink_isp_app/generated/spacex_api/device/wifi.pb.dart' ('lib/generated/spacex_api/device/wifi.pb.dart').
Try correcting the name to the name of an existing method, or defining a method named '$_clearField'.
  void clearSetupRequirement() => $_clearField(1026);
                                  ^^^^^^^^^^^^
lib/generated/spacex_api/device/wifi.pb.dart:5179:38: Error: The method '$_clearField' isn't defined for the type 'WifiGetStatusResponse'.
 - 'WifiGetStatusResponse' is from 'package:starlink_isp_app/generated/spacex_api/device/wifi.pb.dart' ('lib/generated/spacex_api/device/wifi.pb.dart').
Try correcting the name to the name of an existing method, or defining a method named '$_clearField'.
  void clearPopIpv6PingDropRate() => $_clearField(1027);
                                     ^^^^^^^^^^^^
lib/generated/spacex_api/device/wifi.pb.dart:5188:40: Error: The method '$_clearField' isn't defined for the type 'WifiGetStatusResponse'.
 - 'WifiGetStatusResponse' is from 'package:starlink_isp_app/generated/spacex_api/device/wifi.pb.dart' ('lib/generated/spacex_api/device/wifi.pb.dart').
Try correcting the name to the name of an existing method, or defining a method named '$_clearField'.
  void clearPopIpv6PingDropRate5m() => $_clearField(1028);
                                       ^^^^^^^^^^^^
lib/generated/spacex_api/device/wifi.pb.dart:5197:39: Error: The method '$_clearField' isn't defined for the type 'WifiGetStatusResponse'.
 - 'WifiGetStatusResponse' is from 'package:starlink_isp_app/generated/spacex_api/device/wifi.pb.dart' ('lib/generated/spacex_api/device/wifi.pb.dart').
Try correcting the name to the name of an existing method, or defining a method named '$_clearField'.
  void clearPopIpv6PingLatencyMs() => $_clearField(1029);
                                      ^^^^^^^^^^^^
lib/generated/spacex_api/device/wifi.pb.dart:5207:48: Error: The method '$_clearField' isn't defined for the type 'WifiGetStatusResponse'.
 - 'WifiGetStatusResponse' is from 'package:starlink_isp_app/generated/spacex_api/device/wifi.pb.dart' ('lib/generated/spacex_api/device/wifi.pb.dart').
Try correcting the name to the name of an existing method, or defining a method named '$_clearField'.
  void clearSecsSinceLastPublicIpv4Change() => $_clearField(1030);
                                               ^^^^^^^^^^^^
lib/generated/spacex_api/device/wifi.pb.dart:5213:7: Error: The method '$_setField' isn't defined for the type 'WifiGetStatusResponse'.
 - 'WifiGetStatusResponse' is from 'package:starlink_isp_app/generated/spacex_api/device/wifi.pb.dart' ('lib/generated/spacex_api/device/wifi.pb.dart').
Try correcting the name to the name of an existing method, or defining a method named '$_setField'.
      $_setField(1031, value);
      ^^^^^^^^^^
lib/generated/spacex_api/device/wifi.pb.dart:5217:38: Error: The method '$_clearField' isn't defined for the type 'WifiGetStatusResponse'.
 - 'WifiGetStatusResponse' is from 'package:starlink_isp_app/generated/spacex_api/device/wifi.pb.dart' ('lib/generated/spacex_api/device/wifi.pb.dart').
Try correcting the name to the name of an existing method, or defining a method named '$_clearField'.
  void clearDishDisablementCode() => $_clearField(1031);
                                     ^^^^^^^^^^^^
lib/generated/spacex_api/device/wifi.pb.dart:5226:49: Error: The method '$_clearField' isn't defined for the type 'WifiGetStatusResponse'.
 - 'WifiGetStatusResponse' is from 'package:starlink_isp_app/generated/spacex_api/device/wifi.pb.dart' ('lib/generated/spacex_api/device/wifi.pb.dart').
Try correcting the name to the name of an existing method, or defining a method named '$_clearField'.
  void clearUsingIndividualizedCalibration() => $_clearField(1032);
                                                ^^^^^^^^^^^^
lib/generated/spacex_api/device/wifi.pb.dart:5232:7: Error: The method '$_setField' isn't defined for the type 'WifiGetStatusResponse'.
 - 'WifiGetStatusResponse' is from 'package:starlink_isp_app/generated/spacex_api/device/wifi.pb.dart' ('lib/generated/spacex_api/device/wifi.pb.dart').
Try correcting the name to the name of an existing method, or defining a method named '$_setField'.
      $_setField(1033, value);
      ^^^^^^^^^^
lib/generated/spacex_api/device/wifi.pb.dart:5236:45: Error: The method '$_clearField' isn't defined for the type 'WifiGetStatusResponse'.
 - 'WifiGetStatusResponse' is from 'package:starlink_isp_app/generated/spacex_api/device/wifi.pb.dart' ('lib/generated/spacex_api/device/wifi.pb.dart').
Try correcting the name to the name of an existing method, or defining a method named '$_clearField'.
  void clearCalibrationPartitionsState() => $_clearField(1033);
                                            ^^^^^^^^^^^^
lib/generated/spacex_api/device/wifi.pb.dart:5245:37: Error: The method '$_clearField' isn't defined for the type 'WifiGetStatusResponse'.
 - 'WifiGetStatusResponse' is from 'package:starlink_isp_app/generated/spacex_api/device/wifi.pb.dart' ('lib/generated/spacex_api/device/wifi.pb.dart').
Try correcting the name to the name of an existing method, or defining a method named '$_clearField'.
  void clearHopsFromController() => $_clearField(1034);
                                    ^^^^^^^^^^^^
lib/generated/spacex_api/device/wifi.pb.dart:5254:28: Error: The method '$_clearField' isn't defined for the type 'WifiGetStatusResponse'.
 - 'WifiGetStatusResponse' is from 'package:starlink_isp_app/generated/spacex_api/device/wifi.pb.dart' ('lib/generated/spacex_api/device/wifi.pb.dart').
Try correcting the name to the name of an existing method, or defining a method named '$_clearField'.
  void clearNoWanLink() => $_clearField(1035);
                           ^^^^^^^^^^^^
lib/generated/spacex_api/device/wifi.pb.dart:5259:38: Error: The method '$_setField' isn't defined for the type 'WifiGetStatusResponse'.
 - 'WifiGetStatusResponse' is from 'package:starlink_isp_app/generated/spacex_api/device/wifi.pb.dart' ('lib/generated/spacex_api/device/wifi.pb.dart').
Try correcting the name to the name of an existing method, or defining a method named '$_setField'.
  set config($2.WifiConfig value) => $_setField(2000, value);
                                     ^^^^^^^^^^
lib/generated/spacex_api/device/wifi.pb.dart:5263:25: Error: The method '$_clearField' isn't defined for the type 'WifiGetStatusResponse'.
 - 'WifiGetStatusResponse' is from 'package:starlink_isp_app/generated/spacex_api/device/wifi.pb.dart' ('lib/generated/spacex_api/device/wifi.pb.dart').
Try correcting the name to the name of an existing method, or defining a method named '$_clearField'.
  void clearConfig() => $_clearField(2000);
                        ^^^^^^^^^^^^
lib/generated/spacex_api/device/wifi.pb.dart:5268:41: Error: A value of type 'List<dynamic>' can't be returned from a function with return type 'PbList<WifiClient>'.
 - 'List' is from 'dart:core'.
 - 'PbList' is from 'package:protobuf/protobuf.dart' ('../../../.pub-cache/hosted/pub.dev/protobuf-3.1.0/lib/protobuf.dart').
 - 'WifiClient' is from 'package:starlink_isp_app/generated/spacex_api/device/wifi.pb.dart' ('lib/generated/spacex_api/device/wifi.pb.dart').
  $pb.PbList<WifiClient> get clients => $_getList(35);
                                        ^
lib/generated/spacex_api/device/wifi.pb.dart:5277:33: Error: The method '$_clearField' isn't defined for the type 'WifiGetStatusResponse'.
 - 'WifiGetStatusResponse' is from 'package:starlink_isp_app/generated/spacex_api/device/wifi.pb.dart' ('lib/generated/spacex_api/device/wifi.pb.dart').
Try correcting the name to the name of an existing method, or defining a method named '$_clearField'.
  void clearHasClientIndex() => $_clearField(3001);
                                ^^^^^^^^^^^^
lib/generated/spacex_api/device/wifi.pb.dart:5286:35: Error: The method '$_clearField' isn't defined for the type 'WifiGetStatusResponse'.
 - 'WifiGetStatusResponse' is from 'package:starlink_isp_app/generated/spacex_api/device/wifi.pb.dart' ('lib/generated/spacex_api/device/wifi.pb.dart').
Try correcting the name to the name of an existing method, or defining a method named '$_clearField'.
  void clearClientIndex_3002() => $_clearField(3002);
                                  ^^^^^^^^^^^^
lib/generated/spacex_api/device/wifi.pb.dart:5291:47: Error: The method '$_setField' isn't defined for the type 'WifiGetStatusResponse'.
 - 'WifiGetStatusResponse' is from 'package:starlink_isp_app/generated/spacex_api/device/wifi.pb.dart' ('lib/generated/spacex_api/device/wifi.pb.dart').
Try correcting the name to the name of an existing method, or defining a method named '$_setField'.
  set radiusStats($1.RadiusStatsMap value) => $_setField(3003, value);
                                              ^^^^^^^^^^
lib/generated/spacex_api/device/wifi.pb.dart:5295:30: Error: The method '$_clearField' isn't defined for the type 'WifiGetStatusResponse'.
 - 'WifiGetStatusResponse' is from 'package:starlink_isp_app/generated/spacex_api/device/wifi.pb.dart' ('lib/generated/spacex_api/device/wifi.pb.dart').
Try correcting the name to the name of an existing method, or defining a method named '$_clearField'.
  void clearRadiusStats() => $_clearField(3003);
                             ^^^^^^^^^^^^
lib/generated/spacex_api/device/wifi.pb.dart:5350:41: Error: The method '$_setField' isn't defined for the type 'WifiAuthenticateRequest'.
 - 'WifiAuthenticateRequest' is from 'package:starlink_isp_app/generated/spacex_api/device/wifi.pb.dart' ('lib/generated/spacex_api/device/wifi.pb.dart').
Try correcting the name to the name of an existing method, or defining a method named '$_setField'.
  set challenge($3.SignedData value) => $_setField(1, value);
                                        ^^^^^^^^^^
lib/generated/spacex_api/device/wifi.pb.dart:5354:28: Error: The method '$_clearField' isn't defined for the type 'WifiAuthenticateRequest'.
 - 'WifiAuthenticateRequest' is from 'package:starlink_isp_app/generated/spacex_api/device/wifi.pb.dart' ('lib/generated/spacex_api/device/wifi.pb.dart').
Try correcting the name to the name of an existing method, or defining a method named '$_clearField'.
  void clearChallenge() => $_clearField(1);
                           ^^^^^^^^^^^^
lib/generated/spacex_api/device/wifi.pb.dart:5413:43: Error: The method '$_setField' isn't defined for the type 'WifiAuthenticateResponse'.
 - 'WifiAuthenticateResponse' is from 'package:starlink_isp_app/generated/spacex_api/device/wifi.pb.dart' ('lib/generated/spacex_api/device/wifi.pb.dart').
Try correcting the name to the name of an existing method, or defining a method named '$_setField'.
  set wifi($3.ChallengeResponse value) => $_setField(1, value);
                                          ^^^^^^^^^^
lib/generated/spacex_api/device/wifi.pb.dart:5417:23: Error: The method '$_clearField' isn't defined for the type 'WifiAuthenticateResponse'.
 - 'WifiAuthenticateResponse' is from 'package:starlink_isp_app/generated/spacex_api/device/wifi.pb.dart' ('lib/generated/spacex_api/device/wifi.pb.dart').
Try correcting the name to the name of an existing method, or defining a method named '$_clearField'.
  void clearWifi() => $_clearField(1);
                      ^^^^^^^^^^^^
lib/generated/spacex_api/device/wifi.pb.dart:5424:43: Error: The method '$_setField' isn't defined for the type 'WifiAuthenticateResponse'.
 - 'WifiAuthenticateResponse' is from 'package:starlink_isp_app/generated/spacex_api/device/wifi.pb.dart' ('lib/generated/spacex_api/device/wifi.pb.dart').
Try correcting the name to the name of an existing method, or defining a method named '$_setField'.
  set dish($3.ChallengeResponse value) => $_setField(2, value);
                                          ^^^^^^^^^^
lib/generated/spacex_api/device/wifi.pb.dart:5428:23: Error: The method '$_clearField' isn't defined for the type 'WifiAuthenticateResponse'.
 - 'WifiAuthenticateResponse' is from 'package:starlink_isp_app/generated/spacex_api/device/wifi.pb.dart' ('lib/generated/spacex_api/device/wifi.pb.dart').
Try correcting the name to the name of an existing method, or defining a method named '$_clearField'.
  void clearDish() => $_clearField(2);
                      ^^^^^^^^^^^^
lib/generated/spacex_api/device/wifi.pb.dart:5492:25: Error: The method '$_clearField' isn't defined for the type 'WifiAccountBondingEvent'.
 - 'WifiAccountBondingEvent' is from 'package:starlink_isp_app/generated/spacex_api/device/wifi.pb.dart' ('lib/generated/spacex_api/device/wifi.pb.dart').
Try correcting the name to the name of an existing method, or defining a method named '$_clearField'.
  void clearDishId() => $_clearField(1);
                        ^^^^^^^^^^^^
lib/generated/spacex_api/device/wifi.pb.dart:5501:29: Error: The method '$_clearField' isn't defined for the type 'WifiAccountBondingEvent'.
 - 'WifiAccountBondingEvent' is from 'package:starlink_isp_app/generated/spacex_api/device/wifi.pb.dart' ('lib/generated/spacex_api/device/wifi.pb.dart').
Try correcting the name to the name of an existing method, or defining a method named '$_clearField'.
  void clearIsRepeater() => $_clearField(2);
                            ^^^^^^^^^^^^
lib/generated/spacex_api/device/wifi.pb.dart:5510:34: Error: The method '$_clearField' isn't defined for the type 'WifiAccountBondingEvent'.
 - 'WifiAccountBondingEvent' is from 'package:starlink_isp_app/generated/spacex_api/device/wifi.pb.dart' ('lib/generated/spacex_api/device/wifi.pb.dart').
Try correcting the name to the name of an existing method, or defining a method named '$_clearField'.
  void clearHardwareVersion() => $_clearField(3);
                                 ^^^^^^^^^^^^
lib/generated/spacex_api/device/wifi.pb.dart:5565:25: Error: The method '$_clearField' isn't defined for the type 'WifiNewPeerEvent'.
 - 'WifiNewPeerEvent' is from 'package:starlink_isp_app/generated/spacex_api/device/wifi.pb.dart' ('lib/generated/spacex_api/device/wifi.pb.dart').
Try correcting the name to the name of an existing method, or defining a method named '$_clearField'.
  void clearPeerId() => $_clearField(1);
                        ^^^^^^^^^^^^
lib/generated/spacex_api/device/wifi.pb.dart:5634:7: Error: The method 'aD' isn't defined for the type 'BuilderInfo'.
 - 'BuilderInfo' is from 'package:protobuf/protobuf.dart' ('../../../.pub-cache/hosted/pub.dev/protobuf-3.1.0/lib/protobuf.dart').
Try correcting the name to the name of an existing method, or defining a method named 'aD'.
    ..aD(1, _omitFieldNames ? '' : 'latencyMeanMs',
      ^^
lib/generated/spacex_api/device/wifi.pb.dart:5636:7: Error: The method 'aD' isn't defined for the type 'BuilderInfo'.
 - 'BuilderInfo' is from 'package:protobuf/protobuf.dart' ('../../../.pub-cache/hosted/pub.dev/protobuf-3.1.0/lib/protobuf.dart').
Try correcting the name to the name of an existing method, or defining a method named 'aD'.
    ..aD(2, _omitFieldNames ? '' : 'latencyStddevMs',
      ^^
lib/generated/spacex_api/device/wifi.pb.dart:5638:7: Error: The method 'aD' isn't defined for the type 'BuilderInfo'.
 - 'BuilderInfo' is from 'package:protobuf/protobuf.dart' ('../../../.pub-cache/hosted/pub.dev/protobuf-3.1.0/lib/protobuf.dart').
Try correcting the name to the name of an existing method, or defining a method named 'aD'.
    ..aD(3, _omitFieldNames ? '' : 'latencyMeanMs5m',
      ^^
lib/generated/spacex_api/device/wifi.pb.dart:5640:7: Error: The method 'aD' isn't defined for the type 'BuilderInfo'.
 - 'BuilderInfo' is from 'package:protobuf/protobuf.dart' ('../../../.pub-cache/hosted/pub.dev/protobuf-3.1.0/lib/protobuf.dart').
Try correcting the name to the name of an existing method, or defining a method named 'aD'.
    ..aD(4, _omitFieldNames ? '' : 'latencyMeanMs1h',
      ^^
lib/generated/spacex_api/device/wifi.pb.dart:5642:7: Error: The method 'aD' isn't defined for the type 'BuilderInfo'.
 - 'BuilderInfo' is from 'package:protobuf/protobuf.dart' ('../../../.pub-cache/hosted/pub.dev/protobuf-3.1.0/lib/protobuf.dart').
Try correcting the name to the name of an existing method, or defining a method named 'aD'.
    ..aD(5, _omitFieldNames ? '' : 'latencyMeanMs1d',
      ^^
lib/generated/spacex_api/device/wifi.pb.dart:5644:7: Error: The method 'aD' isn't defined for the type 'BuilderInfo'.
 - 'BuilderInfo' is from 'package:protobuf/protobuf.dart' ('../../../.pub-cache/hosted/pub.dev/protobuf-3.1.0/lib/protobuf.dart').
Try correcting the name to the name of an existing method, or defining a method named 'aD'.
    ..aD(6, _omitFieldNames ? '' : 'dropRate', fieldType: $pb.PbFieldType.OF)
      ^^
lib/generated/spacex_api/device/wifi.pb.dart:5645:7: Error: The method 'aD' isn't defined for the type 'BuilderInfo'.
 - 'BuilderInfo' is from 'package:protobuf/protobuf.dart' ('../../../.pub-cache/hosted/pub.dev/protobuf-3.1.0/lib/protobuf.dart').
Try correcting the name to the name of an existing method, or defining a method named 'aD'.
    ..aD(7, _omitFieldNames ? '' : 'dropRate5m',
      ^^
lib/generated/spacex_api/device/wifi.pb.dart:5647:7: Error: The method 'aD' isn't defined for the type 'BuilderInfo'.
 - 'BuilderInfo' is from 'package:protobuf/protobuf.dart' ('../../../.pub-cache/hosted/pub.dev/protobuf-3.1.0/lib/protobuf.dart').
Try correcting the name to the name of an existing method, or defining a method named 'aD'.
    ..aD(8, _omitFieldNames ? '' : 'dropRate1h',
      ^^
lib/generated/spacex_api/device/wifi.pb.dart:5649:7: Error: The method 'aD' isn't defined for the type 'BuilderInfo'.
 - 'BuilderInfo' is from 'package:protobuf/protobuf.dart' ('../../../.pub-cache/hosted/pub.dev/protobuf-3.1.0/lib/protobuf.dart').
Try correcting the name to the name of an existing method, or defining a method named 'aD'.
    ..aD(9, _omitFieldNames ? '' : 'dropRate1d',
      ^^
lib/generated/spacex_api/device/wifi.pb.dart:5651:7: Error: The method 'aD' isn't defined for the type 'BuilderInfo'.
 - 'BuilderInfo' is from 'package:protobuf/protobuf.dart' ('../../../.pub-cache/hosted/pub.dev/protobuf-3.1.0/lib/protobuf.dart').
Try correcting the name to the name of an existing method, or defining a method named 'aD'.
    ..aD(10, _omitFieldNames ? '' : 'secondsSinceLastSuccess',
      ^^
lib/generated/spacex_api/device/wifi.pb.dart:5653:7: Error: The method 'aD' isn't defined for the type 'BuilderInfo'.
 - 'BuilderInfo' is from 'package:protobuf/protobuf.dart' ('../../../.pub-cache/hosted/pub.dev/protobuf-3.1.0/lib/protobuf.dart').
Try correcting the name to the name of an existing method, or defining a method named 'aD'.
    ..aD(11, _omitFieldNames ? '' : 'secondsSinceLast1sOutage',
      ^^
lib/generated/spacex_api/device/wifi.pb.dart:5656:7: Error: The method 'aD' isn't defined for the type 'BuilderInfo'.
 - 'BuilderInfo' is from 'package:protobuf/protobuf.dart' ('../../../.pub-cache/hosted/pub.dev/protobuf-3.1.0/lib/protobuf.dart').
Try correcting the name to the name of an existing method, or defining a method named 'aD'.
    ..aD(12, _omitFieldNames ? '' : 'secondsSinceLast5sOutage',
      ^^
lib/generated/spacex_api/device/wifi.pb.dart:5659:7: Error: The method 'aD' isn't defined for the type 'BuilderInfo'.
 - 'BuilderInfo' is from 'package:protobuf/protobuf.dart' ('../../../.pub-cache/hosted/pub.dev/protobuf-3.1.0/lib/protobuf.dart').
Try correcting the name to the name of an existing method, or defining a method named 'aD'.
    ..aD(13, _omitFieldNames ? '' : 'happyHours1s1d',
      ^^
lib/generated/spacex_api/device/wifi.pb.dart:5661:7: Error: The method 'aD' isn't defined for the type 'BuilderInfo'.
 - 'BuilderInfo' is from 'package:protobuf/protobuf.dart' ('../../../.pub-cache/hosted/pub.dev/protobuf-3.1.0/lib/protobuf.dart').
Try correcting the name to the name of an existing method, or defining a method named 'aD'.
    ..aD(14, _omitFieldNames ? '' : 'happyHours5s1d',
      ^^
lib/generated/spacex_api/device/wifi.pb.dart:5663:7: Error: The method 'aD' isn't defined for the type 'BuilderInfo'.
 - 'BuilderInfo' is from 'package:protobuf/protobuf.dart' ('../../../.pub-cache/hosted/pub.dev/protobuf-3.1.0/lib/protobuf.dart').
Try correcting the name to the name of an existing method, or defining a method named 'aD'.
    ..aD(15, _omitFieldNames ? '' : 'secondsSinceLast2sOutage',
      ^^
lib/generated/spacex_api/device/wifi.pb.dart:5666:7: Error: The method 'aD' isn't defined for the type 'BuilderInfo'.
 - 'BuilderInfo' is from 'package:protobuf/protobuf.dart' ('../../../.pub-cache/hosted/pub.dev/protobuf-3.1.0/lib/protobuf.dart').
Try correcting the name to the name of an existing method, or defining a method named 'aD'.
    ..aD(16, _omitFieldNames ? '' : 'happyHours2s1d',
      ^^
lib/generated/spacex_api/device/wifi.pb.dart:5668:7: Error: The method 'aD' isn't defined for the type 'BuilderInfo'.
 - 'BuilderInfo' is from 'package:protobuf/protobuf.dart' ('../../../.pub-cache/hosted/pub.dev/protobuf-3.1.0/lib/protobuf.dart').
Try correcting the name to the name of an existing method, or defining a method named 'aD'.
    ..aD(18, _omitFieldNames ? '' : 'secondsSinceLast15sOutage',
      ^^
lib/generated/spacex_api/device/wifi.pb.dart:5671:7: Error: The method 'aD' isn't defined for the type 'BuilderInfo'.
 - 'BuilderInfo' is from 'package:protobuf/protobuf.dart' ('../../../.pub-cache/hosted/pub.dev/protobuf-3.1.0/lib/protobuf.dart').
Try correcting the name to the name of an existing method, or defining a method named 'aD'.
    ..aD(19, _omitFieldNames ? '' : 'secondsSinceLast60sOutage',
      ^^
lib/generated/spacex_api/device/wifi.pb.dart:5674:7: Error: The method 'aD' isn't defined for the type 'BuilderInfo'.
 - 'BuilderInfo' is from 'package:protobuf/protobuf.dart' ('../../../.pub-cache/hosted/pub.dev/protobuf-3.1.0/lib/protobuf.dart').
Try correcting the name to the name of an existing method, or defining a method named 'aD'.
    ..aD(20, _omitFieldNames ? '' : 'secondsSinceLast300sOutage',
      ^^
lib/generated/spacex_api/device/wifi.pb.dart:5705:32: Error: The method '$_clearField' isn't defined for the type 'PingMetrics'.
 - 'PingMetrics' is from 'package:starlink_isp_app/generated/spacex_api/device/wifi.pb.dart' ('lib/generated/spacex_api/device/wifi.pb.dart').
Try correcting the name to the name of an existing method, or defining a method named '$_clearField'.
  void clearLatencyMeanMs() => $_clearField(1);
                               ^^^^^^^^^^^^
lib/generated/spacex_api/device/wifi.pb.dart:5714:34: Error: The method '$_clearField' isn't defined for the type 'PingMetrics'.
 - 'PingMetrics' is from 'package:starlink_isp_app/generated/spacex_api/device/wifi.pb.dart' ('lib/generated/spacex_api/device/wifi.pb.dart').
Try correcting the name to the name of an existing method, or defining a method named '$_clearField'.
  void clearLatencyStddevMs() => $_clearField(2);
                                 ^^^^^^^^^^^^
lib/generated/spacex_api/device/wifi.pb.dart:5723:34: Error: The method '$_clearField' isn't defined for the type 'PingMetrics'.
 - 'PingMetrics' is from 'package:starlink_isp_app/generated/spacex_api/device/wifi.pb.dart' ('lib/generated/spacex_api/device/wifi.pb.dart').
Try correcting the name to the name of an existing method, or defining a method named '$_clearField'.
  void clearLatencyMeanMs5m() => $_clearField(3);
                                 ^^^^^^^^^^^^
lib/generated/spacex_api/device/wifi.pb.dart:5732:34: Error: The method '$_clearField' isn't defined for the type 'PingMetrics'.
 - 'PingMetrics' is from 'package:starlink_isp_app/generated/spacex_api/device/wifi.pb.dart' ('lib/generated/spacex_api/device/wifi.pb.dart').
Try correcting the name to the name of an existing method, or defining a method named '$_clearField'.
  void clearLatencyMeanMs1h() => $_clearField(4);
                                 ^^^^^^^^^^^^
lib/generated/spacex_api/device/wifi.pb.dart:5741:34: Error: The method '$_clearField' isn't defined for the type 'PingMetrics'.
 - 'PingMetrics' is from 'package:starlink_isp_app/generated/spacex_api/device/wifi.pb.dart' ('lib/generated/spacex_api/device/wifi.pb.dart').
Try correcting the name to the name of an existing method, or defining a method named '$_clearField'.
  void clearLatencyMeanMs1d() => $_clearField(5);
                                 ^^^^^^^^^^^^
lib/generated/spacex_api/device/wifi.pb.dart:5750:27: Error: The method '$_clearField' isn't defined for the type 'PingMetrics'.
 - 'PingMetrics' is from 'package:starlink_isp_app/generated/spacex_api/device/wifi.pb.dart' ('lib/generated/spacex_api/device/wifi.pb.dart').
Try correcting the name to the name of an existing method, or defining a method named '$_clearField'.
  void clearDropRate() => $_clearField(6);
                          ^^^^^^^^^^^^
lib/generated/spacex_api/device/wifi.pb.dart:5759:29: Error: The method '$_clearField' isn't defined for the type 'PingMetrics'.
 - 'PingMetrics' is from 'package:starlink_isp_app/generated/spacex_api/device/wifi.pb.dart' ('lib/generated/spacex_api/device/wifi.pb.dart').
Try correcting the name to the name of an existing method, or defining a method named '$_clearField'.
  void clearDropRate5m() => $_clearField(7);
                            ^^^^^^^^^^^^
lib/generated/spacex_api/device/wifi.pb.dart:5768:29: Error: The method '$_clearField' isn't defined for the type 'PingMetrics'.
 - 'PingMetrics' is from 'package:starlink_isp_app/generated/spacex_api/device/wifi.pb.dart' ('lib/generated/spacex_api/device/wifi.pb.dart').
Try correcting the name to the name of an existing method, or defining a method named '$_clearField'.
  void clearDropRate1h() => $_clearField(8);
                            ^^^^^^^^^^^^
lib/generated/spacex_api/device/wifi.pb.dart:5777:29: Error: The method '$_clearField' isn't defined for the type 'PingMetrics'.
 - 'PingMetrics' is from 'package:starlink_isp_app/generated/spacex_api/device/wifi.pb.dart' ('lib/generated/spacex_api/device/wifi.pb.dart').
Try correcting the name to the name of an existing method, or defining a method named '$_clearField'.
  void clearDropRate1d() => $_clearField(9);
                            ^^^^^^^^^^^^
lib/generated/spacex_api/device/wifi.pb.dart:5786:42: Error: The method '$_clearField' isn't defined for the type 'PingMetrics'.
 - 'PingMetrics' is from 'package:starlink_isp_app/generated/spacex_api/device/wifi.pb.dart' ('lib/generated/spacex_api/device/wifi.pb.dart').
Try correcting the name to the name of an existing method, or defining a method named '$_clearField'.
  void clearSecondsSinceLastSuccess() => $_clearField(10);
                                         ^^^^^^^^^^^^
lib/generated/spacex_api/device/wifi.pb.dart:5795:43: Error: The method '$_clearField' isn't defined for the type 'PingMetrics'.
 - 'PingMetrics' is from 'package:starlink_isp_app/generated/spacex_api/device/wifi.pb.dart' ('lib/generated/spacex_api/device/wifi.pb.dart').
Try correcting the name to the name of an existing method, or defining a method named '$_clearField'.
  void clearSecondsSinceLast1sOutage() => $_clearField(11);
                                          ^^^^^^^^^^^^
lib/generated/spacex_api/device/wifi.pb.dart:5804:43: Error: The method '$_clearField' isn't defined for the type 'PingMetrics'.
 - 'PingMetrics' is from 'package:starlink_isp_app/generated/spacex_api/device/wifi.pb.dart' ('lib/generated/spacex_api/device/wifi.pb.dart').
Try correcting the name to the name of an existing method, or defining a method named '$_clearField'.
  void clearSecondsSinceLast5sOutage() => $_clearField(12);
                                          ^^^^^^^^^^^^
lib/generated/spacex_api/device/wifi.pb.dart:5813:33: Error: The method '$_clearField' isn't defined for the type 'PingMetrics'.
 - 'PingMetrics' is from 'package:starlink_isp_app/generated/spacex_api/device/wifi.pb.dart' ('lib/generated/spacex_api/device/wifi.pb.dart').
Try correcting the name to the name of an existing method, or defining a method named '$_clearField'.
  void clearHappyHours1s1d() => $_clearField(13);
                                ^^^^^^^^^^^^
lib/generated/spacex_api/device/wifi.pb.dart:5822:33: Error: The method '$_clearField' isn't defined for the type 'PingMetrics'.
 - 'PingMetrics' is from 'package:starlink_isp_app/generated/spacex_api/device/wifi.pb.dart' ('lib/generated/spacex_api/device/wifi.pb.dart').
Try correcting the name to the name of an existing method, or defining a method named '$_clearField'.
  void clearHappyHours5s1d() => $_clearField(14);
                                ^^^^^^^^^^^^
lib/generated/spacex_api/device/wifi.pb.dart:5831:43: Error: The method '$_clearField' isn't defined for the type 'PingMetrics'.
 - 'PingMetrics' is from 'package:starlink_isp_app/generated/spacex_api/device/wifi.pb.dart' ('lib/generated/spacex_api/device/wifi.pb.dart').
Try correcting the name to the name of an existing method, or defining a method named '$_clearField'.
  void clearSecondsSinceLast2sOutage() => $_clearField(15);
                                          ^^^^^^^^^^^^
lib/generated/spacex_api/device/wifi.pb.dart:5840:33: Error: The method '$_clearField' isn't defined for the type 'PingMetrics'.
 - 'PingMetrics' is from 'package:starlink_isp_app/generated/spacex_api/device/wifi.pb.dart' ('lib/generated/spacex_api/device/wifi.pb.dart').
Try correcting the name to the name of an existing method, or defining a method named '$_clearField'.
  void clearHappyHours2s1d() => $_clearField(16);
                                ^^^^^^^^^^^^
lib/generated/spacex_api/device/wifi.pb.dart:5849:44: Error: The method '$_clearField' isn't defined for the type 'PingMetrics'.
 - 'PingMetrics' is from 'package:starlink_isp_app/generated/spacex_api/device/wifi.pb.dart' ('lib/generated/spacex_api/device/wifi.pb.dart').
Try correcting the name to the name of an existing method, or defining a method named '$_clearField'.
  void clearSecondsSinceLast15sOutage() => $_clearField(18);
                                           ^^^^^^^^^^^^
lib/generated/spacex_api/device/wifi.pb.dart:5858:44: Error: The method '$_clearField' isn't defined for the type 'PingMetrics'.
 - 'PingMetrics' is from 'package:starlink_isp_app/generated/spacex_api/device/wifi.pb.dart' ('lib/generated/spacex_api/device/wifi.pb.dart').
Try correcting the name to the name of an existing method, or defining a method named '$_clearField'.
  void clearSecondsSinceLast60sOutage() => $_clearField(19);
                                           ^^^^^^^^^^^^
lib/generated/spacex_api/device/wifi.pb.dart:5867:45: Error: The method '$_clearField' isn't defined for the type 'PingMetrics'.
 - 'PingMetrics' is from 'package:starlink_isp_app/generated/spacex_api/device/wifi.pb.dart' ('lib/generated/spacex_api/device/wifi.pb.dart').
Try correcting the name to the name of an existing method, or defining a method named '$_clearField'.
  void clearSecondsSinceLast300sOutage() => $_clearField(20);
                                            ^^^^^^^^^^^^
lib/generated/spacex_api/device/wifi.pb.dart:5961:38: Error: The method '$_setField' isn't defined for the type 'WifiGetPingMetricsResponse'.
 - 'WifiGetPingMetricsResponse' is from 'package:starlink_isp_app/generated/spacex_api/device/wifi.pb.dart' ('lib/generated/spacex_api/device/wifi.pb.dart').
Try correcting the name to the name of an existing method, or defining a method named '$_setField'.
  set internet(PingMetrics value) => $_setField(1, value);
                                     ^^^^^^^^^^
lib/generated/spacex_api/device/wifi.pb.dart:5965:27: Error: The method '$_clearField' isn't defined for the type 'WifiGetPingMetricsResponse'.
 - 'WifiGetPingMetricsResponse' is from 'package:starlink_isp_app/generated/spacex_api/device/wifi.pb.dart' ('lib/generated/spacex_api/device/wifi.pb.dart').
Try correcting the name to the name of an existing method, or defining a method named '$_clearField'.
  void clearInternet() => $_clearField(1);
                          ^^^^^^^^^^^^
lib/generated/spacex_api/device/wifi.pb.dart:5999:7: Error: The method 'aE' isn't defined for the type 'BuilderInfo'.
 - 'BuilderInfo' is from 'package:protobuf/protobuf.dart' ('../../../.pub-cache/hosted/pub.dev/protobuf-3.1.0/lib/protobuf.dart').
Try correcting the name to the name of an existing method, or defining a method named 'aE'.
    ..aE<WifiNetwork_Band>(1, _omitFieldNames ? '' : 'band',
      ^^
lib/generated/spacex_api/device/wifi.pb.dart:6002:7: Error: The method 'aI' isn't defined for the type 'BuilderInfo'.
 - 'BuilderInfo' is from 'package:protobuf/protobuf.dart' ('../../../.pub-cache/hosted/pub.dev/protobuf-3.1.0/lib/protobuf.dart').
Try correcting the name to the name of an existing method, or defining a method named 'aI'.
    ..aI(3, _omitFieldNames ? '' : 'channel', fieldType: $pb.PbFieldType.OU3)
      ^^
lib/generated/spacex_api/device/wifi.pb.dart:6028:39: Error: The method '$_setField' isn't defined for the type 'WifiNetwork'.
 - 'WifiNetwork' is from 'package:starlink_isp_app/generated/spacex_api/device/wifi.pb.dart' ('lib/generated/spacex_api/device/wifi.pb.dart').
Try correcting the name to the name of an existing method, or defining a method named '$_setField'.
  set band(WifiNetwork_Band value) => $_setField(1, value);
                                      ^^^^^^^^^^
lib/generated/spacex_api/device/wifi.pb.dart:6032:23: Error: The method '$_clearField' isn't defined for the type 'WifiNetwork'.
 - 'WifiNetwork' is from 'package:starlink_isp_app/generated/spacex_api/device/wifi.pb.dart' ('lib/generated/spacex_api/device/wifi.pb.dart').
Try correcting the name to the name of an existing method, or defining a method named '$_clearField'.
  void clearBand() => $_clearField(1);
                      ^^^^^^^^^^^^
lib/generated/spacex_api/device/wifi.pb.dart:6041:23: Error: The method '$_clearField' isn't defined for the type 'WifiNetwork'.
 - 'WifiNetwork' is from 'package:starlink_isp_app/generated/spacex_api/device/wifi.pb.dart' ('lib/generated/spacex_api/device/wifi.pb.dart').
Try correcting the name to the name of an existing method, or defining a method named '$_clearField'.
  void clearSsid() => $_clearField(2);
                      ^^^^^^^^^^^^
lib/generated/spacex_api/device/wifi.pb.dart:6050:26: Error: The method '$_clearField' isn't defined for the type 'WifiNetwork'.
 - 'WifiNetwork' is from 'package:starlink_isp_app/generated/spacex_api/device/wifi.pb.dart' ('lib/generated/spacex_api/device/wifi.pb.dart').
Try correcting the name to the name of an existing method, or defining a method named '$_clearField'.
  void clearChannel() => $_clearField(3);
                         ^^^^^^^^^^^^
lib/generated/spacex_api/device/wifi.pb.dart:6059:36: Error: The method '$_clearField' isn't defined for the type 'WifiNetwork'.
 - 'WifiNetwork' is from 'package:starlink_isp_app/generated/spacex_api/device/wifi.pb.dart' ('lib/generated/spacex_api/device/wifi.pb.dart').
Try correcting the name to the name of an existing method, or defining a method named '$_clearField'.
  void clearEncryptionTypeStr() => $_clearField(4);
                                   ^^^^^^^^^^^^
lib/generated/spacex_api/device/wifi.pb.dart:6088:7: Error: The method 'aI' isn't defined for the type 'BuilderInfo'.
 - 'BuilderInfo' is from 'package:protobuf/protobuf.dart' ('../../../.pub-cache/hosted/pub.dev/protobuf-3.1.0/lib/protobuf.dart').
Try correcting the name to the name of an existing method, or defining a method named 'aI'.
    ..aI(1, _omitFieldNames ? '' : 'count', fieldType: $pb.PbFieldType.OU3)
      ^^
lib/generated/spacex_api/device/wifi.pb.dart:6119:24: Error: The method '$_clearField' isn't defined for the type 'WifiPersistentStats_Event'.
 - 'WifiPersistentStats_Event' is from 'package:starlink_isp_app/generated/spacex_api/device/wifi.pb.dart' ('lib/generated/spacex_api/device/wifi.pb.dart').
Try correcting the name to the name of an existing method, or defining a method named '$_clearField'.
  void clearCount() => $_clearField(1);
                       ^^^^^^^^^^^^
lib/generated/spacex_api/device/wifi.pb.dart:6128:40: Error: The method '$_clearField' isn't defined for the type 'WifiPersistentStats_Event'.
 - 'WifiPersistentStats_Event' is from 'package:starlink_isp_app/generated/spacex_api/device/wifi.pb.dart' ('lib/generated/spacex_api/device/wifi.pb.dart').
Try correcting the name to the name of an existing method, or defining a method named '$_clearField'.
  void clearLastOccurredTimestamp() => $_clearField(2);
                                       ^^^^^^^^^^^^
lib/generated/spacex_api/device/wifi.pb.dart:6208:7: Error: The method '$_setField' isn't defined for the type 'WifiPersistentStats'.
 - 'WifiPersistentStats' is from 'package:starlink_isp_app/generated/spacex_api/device/wifi.pb.dart' ('lib/generated/spacex_api/device/wifi.pb.dart').
Try correcting the name to the name of an existing method, or defining a method named '$_setField'.
      $_setField(1, value);
      ^^^^^^^^^^
lib/generated/spacex_api/device/wifi.pb.dart:6212:37: Error: The method '$_clearField' isn't defined for the type 'WifiPersistentStats'.
 - 'WifiPersistentStats' is from 'package:starlink_isp_app/generated/spacex_api/device/wifi.pb.dart' ('lib/generated/spacex_api/device/wifi.pb.dart').
Try correcting the name to the name of an existing method, or defining a method named '$_clearField'.
  void clearFactoryResetButton() => $_clearField(1);
                                    ^^^^^^^^^^^^
lib/generated/spacex_api/device/wifi.pb.dart:6220:7: Error: The method '$_setField' isn't defined for the type 'WifiPersistentStats'.
 - 'WifiPersistentStats' is from 'package:starlink_isp_app/generated/spacex_api/device/wifi.pb.dart' ('lib/generated/spacex_api/device/wifi.pb.dart').
Try correcting the name to the name of an existing method, or defining a method named '$_setField'.
      $_setField(2, value);
      ^^^^^^^^^^
lib/generated/spacex_api/device/wifi.pb.dart:6224:41: Error: The method '$_clearField' isn't defined for the type 'WifiPersistentStats'.
 - 'WifiPersistentStats' is from 'package:starlink_isp_app/generated/spacex_api/device/wifi.pb.dart' ('lib/generated/spacex_api/device/wifi.pb.dart').
Try correcting the name to the name of an existing method, or defining a method named '$_clearField'.
  void clearFactoryResetPlugUnplug() => $_clearField(2);
                                        ^^^^^^^^^^^^
lib/generated/spacex_api/device/wifi.pb.dart:6232:7: Error: The method '$_setField' isn't defined for the type 'WifiPersistentStats'.
 - 'WifiPersistentStats' is from 'package:starlink_isp_app/generated/spacex_api/device/wifi.pb.dart' ('lib/generated/spacex_api/device/wifi.pb.dart').
Try correcting the name to the name of an existing method, or defining a method named '$_setField'.
      $_setField(3, value);
      ^^^^^^^^^^
lib/generated/spacex_api/device/wifi.pb.dart:6236:38: Error: The method '$_clearField' isn't defined for the type 'WifiPersistentStats'.
 - 'WifiPersistentStats' is from 'package:starlink_isp_app/generated/spacex_api/device/wifi.pb.dart' ('lib/generated/spacex_api/device/wifi.pb.dart').
Try correcting the name to the name of an existing method, or defining a method named '$_clearField'.
  void clearFactoryResetCommand() => $_clearField(3);
                                     ^^^^^^^^^^^^
lib/generated/spacex_api/device/wifi.pb.dart:6244:7: Error: The method '$_setField' isn't defined for the type 'WifiPersistentStats'.
 - 'WifiPersistentStats' is from 'package:starlink_isp_app/generated/spacex_api/device/wifi.pb.dart' ('lib/generated/spacex_api/device/wifi.pb.dart').
Try correcting the name to the name of an existing method, or defining a method named '$_setField'.
      $_setField(4, value);
      ^^^^^^^^^^
lib/generated/spacex_api/device/wifi.pb.dart:6248:51: Error: The method '$_clearField' isn't defined for the type 'WifiPersistentStats'.
 - 'WifiPersistentStats' is from 'package:starlink_isp_app/generated/spacex_api/device/wifi.pb.dart' ('lib/generated/spacex_api/device/wifi.pb.dart').
Try correcting the name to the name of an existing method, or defining a method named '$_clearField'.
  void clearFactoryResetFailedLoadWifiConfig() => $_clearField(4);
                                                  ^^^^^^^^^^^^
lib/generated/spacex_api/device/wifi.pb.dart:6257:7: Error: The method '$_setField' isn't defined for the type 'WifiPersistentStats'.
 - 'WifiPersistentStats' is from 'package:starlink_isp_app/generated/spacex_api/device/wifi.pb.dart' ('lib/generated/spacex_api/device/wifi.pb.dart').
Try correcting the name to the name of an existing method, or defining a method named '$_setField'.
      $_setField(5, value);
      ^^^^^^^^^^
lib/generated/spacex_api/device/wifi.pb.dart:6261:43: Error: The method '$_clearField' isn't defined for the type 'WifiPersistentStats'.
 - 'WifiPersistentStats' is from 'package:starlink_isp_app/generated/spacex_api/device/wifi.pb.dart' ('lib/generated/spacex_api/device/wifi.pb.dart').
Try correcting the name to the name of an existing method, or defining a method named '$_clearField'.
  void clearRebootFromSoftwareUpdate() => $_clearField(5);
                                          ^^^^^^^^^^^^
lib/generated/spacex_api/device/wifi.pb.dart:6318:43: Error: The method '$_setField' isn't defined for the type 'WifiGetPersistentStatsResponse'.
 - 'WifiGetPersistentStatsResponse' is from 'package:starlink_isp_app/generated/spacex_api/device/wifi.pb.dart' ('lib/generated/spacex_api/device/wifi.pb.dart').
Try correcting the name to the name of an existing method, or defining a method named '$_setField'.
  set stats(WifiPersistentStats value) => $_setField(1, value);
                                          ^^^^^^^^^^
lib/generated/spacex_api/device/wifi.pb.dart:6322:24: Error: The method '$_clearField' isn't defined for the type 'WifiGetPersistentStatsResponse'.
 - 'WifiGetPersistentStatsResponse' is from 'package:starlink_isp_app/generated/spacex_api/device/wifi.pb.dart' ('lib/generated/spacex_api/device/wifi.pb.dart').
Try correcting the name to the name of an existing method, or defining a method named '$_clearField'.
  void clearStats() => $_clearField(1);
                       ^^^^^^^^^^^^
lib/generated/spacex_api/device/wifi.pb.dart:6358:7: Error: The method 'aI' isn't defined for the type 'BuilderInfo'.
 - 'BuilderInfo' is from 'package:protobuf/protobuf.dart' ('../../../.pub-cache/hosted/pub.dev/protobuf-3.1.0/lib/protobuf.dart').
Try correcting the name to the name of an existing method, or defining a method named 'aI'.
    ..aI(1, _omitFieldNames ? '' : 'level', fieldType: $pb.PbFieldType.OU3)
      ^^
lib/generated/spacex_api/device/wifi.pb.dart:6359:7: Error: The method 'aI' isn't defined for the type 'BuilderInfo'.
 - 'BuilderInfo' is from 'package:protobuf/protobuf.dart' ('../../../.pub-cache/hosted/pub.dev/protobuf-3.1.0/lib/protobuf.dart').
Try correcting the name to the name of an existing method, or defining a method named 'aI'.
    ..aI(2, _omitFieldNames ? '' : 'temp', fieldType: $pb.PbFieldType.OU3)
      ^^
lib/generated/spacex_api/device/wifi.pb.dart:6360:7: Error: The method 'aD' isn't defined for the type 'BuilderInfo'.
 - 'BuilderInfo' is from 'package:protobuf/protobuf.dart' ('../../../.pub-cache/hosted/pub.dev/protobuf-3.1.0/lib/protobuf.dart').
Try correcting the name to the name of an existing method, or defining a method named 'aD'.
    ..aD(3, _omitFieldNames ? '' : 'temp2')
      ^^
lib/generated/spacex_api/device/wifi.pb.dart:6361:7: Error: The method 'aI' isn't defined for the type 'BuilderInfo'.
 - 'BuilderInfo' is from 'package:protobuf/protobuf.dart' ('../../../.pub-cache/hosted/pub.dev/protobuf-3.1.0/lib/protobuf.dart').
Try correcting the name to the name of an existing method, or defining a method named 'aI'.
    ..aI(4, _omitFieldNames ? '' : 'powerReduction',
      ^^
lib/generated/spacex_api/device/wifi.pb.dart:6363:7: Error: The method 'aI' isn't defined for the type 'BuilderInfo'.
 - 'BuilderInfo' is from 'package:protobuf/protobuf.dart' ('../../../.pub-cache/hosted/pub.dev/protobuf-3.1.0/lib/protobuf.dart').
Try correcting the name to the name of an existing method, or defining a method named 'aI'.
    ..aI(5, _omitFieldNames ? '' : 'dutyCycle', fieldType: $pb.PbFieldType.OU3)
      ^^
lib/generated/spacex_api/device/wifi.pb.dart:6393:24: Error: The method '$_clearField' isn't defined for the type 'RadioStats_ThermalStatus'.
 - 'RadioStats_ThermalStatus' is from 'package:starlink_isp_app/generated/spacex_api/device/wifi.pb.dart' ('lib/generated/spacex_api/device/wifi.pb.dart').
Try correcting the name to the name of an existing method, or defining a method named '$_clearField'.
  void clearLevel() => $_clearField(1);
                       ^^^^^^^^^^^^
lib/generated/spacex_api/device/wifi.pb.dart:6402:23: Error: The method '$_clearField' isn't defined for the type 'RadioStats_ThermalStatus'.
 - 'RadioStats_ThermalStatus' is from 'package:starlink_isp_app/generated/spacex_api/device/wifi.pb.dart' ('lib/generated/spacex_api/device/wifi.pb.dart').
Try correcting the name to the name of an existing method, or defining a method named '$_clearField'.
  void clearTemp() => $_clearField(2);
                      ^^^^^^^^^^^^
lib/generated/spacex_api/device/wifi.pb.dart:6411:24: Error: The method '$_clearField' isn't defined for the type 'RadioStats_ThermalStatus'.
 - 'RadioStats_ThermalStatus' is from 'package:starlink_isp_app/generated/spacex_api/device/wifi.pb.dart' ('lib/generated/spacex_api/device/wifi.pb.dart').
Try correcting the name to the name of an existing method, or defining a method named '$_clearField'.
  void clearTemp2() => $_clearField(3);
                       ^^^^^^^^^^^^
lib/generated/spacex_api/device/wifi.pb.dart:6420:33: Error: The method '$_clearField' isn't defined for the type 'RadioStats_ThermalStatus'.
 - 'RadioStats_ThermalStatus' is from 'package:starlink_isp_app/generated/spacex_api/device/wifi.pb.dart' ('lib/generated/spacex_api/device/wifi.pb.dart').
Try correcting the name to the name of an existing method, or defining a method named '$_clearField'.
  void clearPowerReduction() => $_clearField(4);
                                ^^^^^^^^^^^^
lib/generated/spacex_api/device/wifi.pb.dart:6429:28: Error: The method '$_clearField' isn't defined for the type 'RadioStats_ThermalStatus'.
 - 'RadioStats_ThermalStatus' is from 'package:starlink_isp_app/generated/spacex_api/device/wifi.pb.dart' ('lib/generated/spacex_api/device/wifi.pb.dart').
Try correcting the name to the name of an existing method, or defining a method named '$_clearField'.
  void clearDutyCycle() => $_clearField(5);
                           ^^^^^^^^^^^^
lib/generated/spacex_api/device/wifi.pb.dart:6461:7: Error: The method 'aD' isn't defined for the type 'BuilderInfo'.
 - 'BuilderInfo' is from 'package:protobuf/protobuf.dart' ('../../../.pub-cache/hosted/pub.dev/protobuf-3.1.0/lib/protobuf.dart').
Try correcting the name to the name of an existing method, or defining a method named 'aD'.
    ..aD(1, _omitFieldNames ? '' : 'rssi1', fieldType: $pb.PbFieldType.OF)
      ^^
lib/generated/spacex_api/device/wifi.pb.dart:6462:7: Error: The method 'aD' isn't defined for the type 'BuilderInfo'.
 - 'BuilderInfo' is from 'package:protobuf/protobuf.dart' ('../../../.pub-cache/hosted/pub.dev/protobuf-3.1.0/lib/protobuf.dart').
Try correcting the name to the name of an existing method, or defining a method named 'aD'.
    ..aD(2, _omitFieldNames ? '' : 'rssi2', fieldType: $pb.PbFieldType.OF)
      ^^
lib/generated/spacex_api/device/wifi.pb.dart:6463:7: Error: The method 'aD' isn't defined for the type 'BuilderInfo'.
 - 'BuilderInfo' is from 'package:protobuf/protobuf.dart' ('../../../.pub-cache/hosted/pub.dev/protobuf-3.1.0/lib/protobuf.dart').
Try correcting the name to the name of an existing method, or defining a method named 'aD'.
    ..aD(3, _omitFieldNames ? '' : 'rssi3', fieldType: $pb.PbFieldType.OF)
      ^^
lib/generated/spacex_api/device/wifi.pb.dart:6464:7: Error: The method 'aD' isn't defined for the type 'BuilderInfo'.
 - 'BuilderInfo' is from 'package:protobuf/protobuf.dart' ('../../../.pub-cache/hosted/pub.dev/protobuf-3.1.0/lib/protobuf.dart').
Try correcting the name to the name of an existing method, or defining a method named 'aD'.
    ..aD(4, _omitFieldNames ? '' : 'rssi4', fieldType: $pb.PbFieldType.OF)
      ^^
lib/generated/spacex_api/device/wifi.pb.dart:6494:24: Error: The method '$_clearField' isn't defined for the type 'RadioStats_AntennaStatus'.
 - 'RadioStats_AntennaStatus' is from 'package:starlink_isp_app/generated/spacex_api/device/wifi.pb.dart' ('lib/generated/spacex_api/device/wifi.pb.dart').
Try correcting the name to the name of an existing method, or defining a method named '$_clearField'.
  void clearRssi1() => $_clearField(1);
                       ^^^^^^^^^^^^
lib/generated/spacex_api/device/wifi.pb.dart:6503:24: Error: The method '$_clearField' isn't defined for the type 'RadioStats_AntennaStatus'.
 - 'RadioStats_AntennaStatus' is from 'package:starlink_isp_app/generated/spacex_api/device/wifi.pb.dart' ('lib/generated/spacex_api/device/wifi.pb.dart').
Try correcting the name to the name of an existing method, or defining a method named '$_clearField'.
  void clearRssi2() => $_clearField(2);
                       ^^^^^^^^^^^^
lib/generated/spacex_api/device/wifi.pb.dart:6512:24: Error: The method '$_clearField' isn't defined for the type 'RadioStats_AntennaStatus'.
 - 'RadioStats_AntennaStatus' is from 'package:starlink_isp_app/generated/spacex_api/device/wifi.pb.dart' ('lib/generated/spacex_api/device/wifi.pb.dart').
Try correcting the name to the name of an existing method, or defining a method named '$_clearField'.
  void clearRssi3() => $_clearField(3);
                       ^^^^^^^^^^^^
lib/generated/spacex_api/device/wifi.pb.dart:6521:24: Error: The method '$_clearField' isn't defined for the type 'RadioStats_AntennaStatus'.
 - 'RadioStats_AntennaStatus' is from 'package:starlink_isp_app/generated/spacex_api/device/wifi.pb.dart' ('lib/generated/spacex_api/device/wifi.pb.dart').
Try correcting the name to the name of an existing method, or defining a method named '$_clearField'.
  void clearRssi4() => $_clearField(4);
                       ^^^^^^^^^^^^
lib/generated/spacex_api/device/wifi.pb.dart:6555:7: Error: The method 'aE' isn't defined for the type 'BuilderInfo'.
 - 'BuilderInfo' is from 'package:protobuf/protobuf.dart' ('../../../.pub-cache/hosted/pub.dev/protobuf-3.1.0/lib/protobuf.dart').
Try correcting the name to the name of an existing method, or defining a method named 'aE'.
    ..aE<$2.WifiConfig_Band>(1, _omitFieldNames ? '' : 'band',
      ^^
lib/generated/spacex_api/device/wifi.pb.dart:6588:41: Error: The method '$_setField' isn't defined for the type 'RadioStats'.
 - 'RadioStats' is from 'package:starlink_isp_app/generated/spacex_api/device/wifi.pb.dart' ('lib/generated/spacex_api/device/wifi.pb.dart').
Try correcting the name to the name of an existing method, or defining a method named '$_setField'.
  set band($2.WifiConfig_Band value) => $_setField(1, value);
                                        ^^^^^^^^^^
lib/generated/spacex_api/device/wifi.pb.dart:6592:23: Error: The method '$_clearField' isn't defined for the type 'RadioStats'.
 - 'RadioStats' is from 'package:starlink_isp_app/generated/spacex_api/device/wifi.pb.dart' ('lib/generated/spacex_api/device/wifi.pb.dart').
Try correcting the name to the name of an existing method, or defining a method named '$_clearField'.
  void clearBand() => $_clearField(1);
                      ^^^^^^^^^^^^
lib/generated/spacex_api/device/wifi.pb.dart:6597:53: Error: The method '$_setField' isn't defined for the type 'RadioStats'.
 - 'RadioStats' is from 'package:starlink_isp_app/generated/spacex_api/device/wifi.pb.dart' ('lib/generated/spacex_api/device/wifi.pb.dart').
Try correcting the name to the name of an existing method, or defining a method named '$_setField'.
  set rxStats($3.NetworkInterface_RxStats value) => $_setField(2, value);
                                                    ^^^^^^^^^^
lib/generated/spacex_api/device/wifi.pb.dart:6601:26: Error: The method '$_clearField' isn't defined for the type 'RadioStats'.
 - 'RadioStats' is from 'package:starlink_isp_app/generated/spacex_api/device/wifi.pb.dart' ('lib/generated/spacex_api/device/wifi.pb.dart').
Try correcting the name to the name of an existing method, or defining a method named '$_clearField'.
  void clearRxStats() => $_clearField(2);
                         ^^^^^^^^^^^^
lib/generated/spacex_api/device/wifi.pb.dart:6608:53: Error: The method '$_setField' isn't defined for the type 'RadioStats'.
 - 'RadioStats' is from 'package:starlink_isp_app/generated/spacex_api/device/wifi.pb.dart' ('lib/generated/spacex_api/device/wifi.pb.dart').
Try correcting the name to the name of an existing method, or defining a method named '$_setField'.
  set txStats($3.NetworkInterface_TxStats value) => $_setField(3, value);
                                                    ^^^^^^^^^^
lib/generated/spacex_api/device/wifi.pb.dart:6612:26: Error: The method '$_clearField' isn't defined for the type 'RadioStats'.
 - 'RadioStats' is from 'package:starlink_isp_app/generated/spacex_api/device/wifi.pb.dart' ('lib/generated/spacex_api/device/wifi.pb.dart').
Try correcting the name to the name of an existing method, or defining a method named '$_clearField'.
  void clearTxStats() => $_clearField(3);
                         ^^^^^^^^^^^^
lib/generated/spacex_api/device/wifi.pb.dart:6619:56: Error: The method '$_setField' isn't defined for the type 'RadioStats'.
 - 'RadioStats' is from 'package:starlink_isp_app/generated/spacex_api/device/wifi.pb.dart' ('lib/generated/spacex_api/device/wifi.pb.dart').
Try correcting the name to the name of an existing method, or defining a method named '$_setField'.
  set thermalStatus(RadioStats_ThermalStatus value) => $_setField(4, value);
                                                       ^^^^^^^^^^
lib/generated/spacex_api/device/wifi.pb.dart:6623:32: Error: The method '$_clearField' isn't defined for the type 'RadioStats'.
 - 'RadioStats' is from 'package:starlink_isp_app/generated/spacex_api/device/wifi.pb.dart' ('lib/generated/spacex_api/device/wifi.pb.dart').
Try correcting the name to the name of an existing method, or defining a method named '$_clearField'.
  void clearThermalStatus() => $_clearField(4);
                               ^^^^^^^^^^^^
lib/generated/spacex_api/device/wifi.pb.dart:6630:56: Error: The method '$_setField' isn't defined for the type 'RadioStats'.
 - 'RadioStats' is from 'package:starlink_isp_app/generated/spacex_api/device/wifi.pb.dart' ('lib/generated/spacex_api/device/wifi.pb.dart').
Try correcting the name to the name of an existing method, or defining a method named '$_setField'.
  set antennaStatus(RadioStats_AntennaStatus value) => $_setField(5, value);
                                                       ^^^^^^^^^^
lib/generated/spacex_api/device/wifi.pb.dart:6634:32: Error: The method '$_clearField' isn't defined for the type 'RadioStats'.
 - 'RadioStats' is from 'package:starlink_isp_app/generated/spacex_api/device/wifi.pb.dart' ('lib/generated/spacex_api/device/wifi.pb.dart').
Try correcting the name to the name of an existing method, or defining a method named '$_clearField'.
  void clearAntennaStatus() => $_clearField(5);
                               ^^^^^^^^^^^^
lib/generated/spacex_api/device/wifi.pb.dart:6641:8: Error: 'StringValue' isn't a type.
    $4.StringValue? id,
       ^^^^^^^^^^^
lib/generated/spacex_api/device/wifi.pb.dart:6642:8: Error: 'StringValue' isn't a type.
    $4.StringValue? timestampDate,
       ^^^^^^^^^^^
lib/generated/spacex_api/device/wifi.pb.dart:6643:8: Error: 'UInt32Value' isn't a type.
    $4.UInt32Value? timestampHour,
       ^^^^^^^^^^^
lib/generated/spacex_api/device/wifi.pb.dart:6644:8: Error: 'UInt32Value' isn't a type.
    $4.UInt32Value? sysHwGen,
       ^^^^^^^^^^^
lib/generated/spacex_api/device/wifi.pb.dart:6645:8: Error: 'StringValue' isn't a type.
    $4.StringValue? sysSw,
       ^^^^^^^^^^^
lib/generated/spacex_api/device/wifi.pb.dart:6646:8: Error: 'StringValue' isn't a type.
    $4.StringValue? sysCountry,
       ^^^^^^^^^^^
lib/generated/spacex_api/device/wifi.pb.dart:6647:8: Error: 'BoolValue' isn't a type.
    $4.BoolValue? sysIsDev,
       ^^^^^^^^^
lib/generated/spacex_api/device/wifi.pb.dart:6648:8: Error: 'UInt32Value' isn't a type.
    $4.UInt32Value? sysAllocFds,
       ^^^^^^^^^^^
lib/generated/spacex_api/device/wifi.pb.dart:6649:8: Error: 'FloatValue' isn't a type.
    $4.FloatValue? sysCpuUsage,
       ^^^^^^^^^^
lib/generated/spacex_api/device/wifi.pb.dart:6650:8: Error: 'FloatValue' isn't a type.
    $4.FloatValue? sysMemFreeKb,
       ^^^^^^^^^^
lib/generated/spacex_api/device/wifi.pb.dart:6651:8: Error: 'Int32Value' isn't a type.
    $4.Int32Value? sysBootcount,
       ^^^^^^^^^^
lib/generated/spacex_api/device/wifi.pb.dart:6652:8: Error: 'BoolValue' isn't a type.
    $4.BoolValue? sysPartitionsEqual,
       ^^^^^^^^^
lib/generated/spacex_api/device/wifi.pb.dart:6653:8: Error: 'UInt32Value' isn't a type.
    $4.UInt32Value? sysUptimeSeconds,
       ^^^^^^^^^^^
lib/generated/spacex_api/device/wifi.pb.dart:6654:8: Error: 'Int32Value' isn't a type.
    $4.Int32Value? sysAntiRollbackVersion,
       ^^^^^^^^^^
lib/generated/spacex_api/device/wifi.pb.dart:6655:8: Error: 'BoolValue' isn't a type.
    $4.BoolValue? sysIsWitl,
       ^^^^^^^^^
lib/generated/spacex_api/device/wifi.pb.dart:6656:8: Error: 'BoolValue' isn't a type.
    $4.BoolValue? sysIsAviationConformed,
       ^^^^^^^^^
lib/generated/spacex_api/device/wifi.pb.dart:6657:8: Error: 'UInt32Value' isn't a type.
    $4.UInt32Value? sysUbiMaxEc,
       ^^^^^^^^^^^
lib/generated/spacex_api/device/wifi.pb.dart:6658:8: Error: 'UInt32Value' isn't a type.
    $4.UInt32Value? sysUbiBadPeb,
       ^^^^^^^^^^^
lib/generated/spacex_api/device/wifi.pb.dart:6659:8: Error: 'UInt32Value' isn't a type.
    $4.UInt32Value? sysBoardRev,
       ^^^^^^^^^^^
lib/generated/spacex_api/device/wifi.pb.dart:6660:8: Error: 'UInt32Value' isn't a type.
    $4.UInt32Value? sysCalibrationState,
       ^^^^^^^^^^^
lib/generated/spacex_api/device/wifi.pb.dart:6661:8: Error: 'UInt32Value' isn't a type.
    $4.UInt32Value? sysCalibrationPartitionsState,
       ^^^^^^^^^^^
lib/generated/spacex_api/device/wifi.pb.dart:6662:8: Error: 'UInt32Value' isn't a type.
    $4.UInt32Value? sysHwIndex,
       ^^^^^^^^^^^
lib/generated/spacex_api/device/wifi.pb.dart:6663:8: Error: 'UInt32Value' isn't a type.
    $4.UInt32Value? radios2ghzChannel,
       ^^^^^^^^^^^
lib/generated/spacex_api/device/wifi.pb.dart:6664:8: Error: 'FloatValue' isn't a type.
    $4.FloatValue? radios2ghzAntenna1Rssi,
       ^^^^^^^^^^
lib/generated/spacex_api/device/wifi.pb.dart:6665:8: Error: 'FloatValue' isn't a type.
    $4.FloatValue? radios2ghzAntenna2Rssi,
       ^^^^^^^^^^
lib/generated/spacex_api/device/wifi.pb.dart:6666:8: Error: 'FloatValue' isn't a type.
    $4.FloatValue? radios2ghzAntenna3Rssi,
       ^^^^^^^^^^
lib/generated/spacex_api/device/wifi.pb.dart:6667:8: Error: 'UInt32Value' isn't a type.
    $4.UInt32Value? radios2ghzIfaceCount,
       ^^^^^^^^^^^
lib/generated/spacex_api/device/wifi.pb.dart:6668:8: Error: 'FloatValue' isn't a type.
    $4.FloatValue? radios2ghzChanBusyFraction,
       ^^^^^^^^^^
lib/generated/spacex_api/device/wifi.pb.dart:6669:8: Error: 'FloatValue' isn't a type.
    $4.FloatValue? radios2ghzEdccaFraction,
       ^^^^^^^^^^
lib/generated/spacex_api/device/wifi.pb.dart:6670:8: Error: 'FloatValue' isn't a type.
    $4.FloatValue? radios2ghzOverlappingBssFraction,
       ^^^^^^^^^^
lib/generated/spacex_api/device/wifi.pb.dart:6671:8: Error: 'Int64Value' isn't a type.
    $4.Int64Value? radios2ghzRxBytes,
       ^^^^^^^^^^
lib/generated/spacex_api/device/wifi.pb.dart:6672:8: Error: 'Int64Value' isn't a type.
    $4.Int64Value? radios2ghzRxPackets,
       ^^^^^^^^^^
lib/generated/spacex_api/device/wifi.pb.dart:6673:8: Error: 'Int64Value' isn't a type.
    $4.Int64Value? radios2ghzRxErrors,
       ^^^^^^^^^^
lib/generated/spacex_api/device/wifi.pb.dart:6674:8: Error: 'Int64Value' isn't a type.
    $4.Int64Value? radios2ghzRxFrameErrors,
       ^^^^^^^^^^
lib/generated/spacex_api/device/wifi.pb.dart:6675:8: Error: 'FloatValue' isn't a type.
    $4.FloatValue? radios2ghzRxPacketErrorRate,
       ^^^^^^^^^^
lib/generated/spacex_api/device/wifi.pb.dart:6676:8: Error: 'FloatValue' isn't a type.
    $4.FloatValue? radios2ghzRxAirtimeFraction,
       ^^^^^^^^^^
lib/generated/spacex_api/device/wifi.pb.dart:6677:8: Error: 'Int64Value' isn't a type.
    $4.Int64Value? radios2ghzTxBytes,
       ^^^^^^^^^^
lib/generated/spacex_api/device/wifi.pb.dart:6678:8: Error: 'Int64Value' isn't a type.
    $4.Int64Value? radios2ghzTxPackets,
       ^^^^^^^^^^
lib/generated/spacex_api/device/wifi.pb.dart:6679:8: Error: 'Int64Value' isn't a type.
    $4.Int64Value? radios2ghzTxErrors,
       ^^^^^^^^^^
lib/generated/spacex_api/device/wifi.pb.dart:6680:8: Error: 'FloatValue' isn't a type.
    $4.FloatValue? radios2ghzTxPacketErrorRate,
       ^^^^^^^^^^
lib/generated/spacex_api/device/wifi.pb.dart:6681:8: Error: 'FloatValue' isn't a type.
    $4.FloatValue? radios2ghzTxAirtimeFraction,
       ^^^^^^^^^^
lib/generated/spacex_api/device/wifi.pb.dart:6682:8: Error: 'UInt32Value' isn't a type.
    $4.UInt32Value? radios5ghzChannel,
       ^^^^^^^^^^^
lib/generated/spacex_api/device/wifi.pb.dart:6683:8: Error: 'FloatValue' isn't a type.
    $4.FloatValue? radios5ghzAntenna1Rssi,
       ^^^^^^^^^^
lib/generated/spacex_api/device/wifi.pb.dart:6684:8: Error: 'FloatValue' isn't a type.
    $4.FloatValue? radios5ghzAntenna2Rssi,
       ^^^^^^^^^^
lib/generated/spacex_api/device/wifi.pb.dart:6685:8: Error: 'FloatValue' isn't a type.
    $4.FloatValue? radios5ghzAntenna3Rssi,
       ^^^^^^^^^^
lib/generated/spacex_api/device/wifi.pb.dart:6686:8: Error: 'UInt32Value' isn't a type.
    $4.UInt32Value? radios5ghzIfaceCount,
       ^^^^^^^^^^^
lib/generated/spacex_api/device/wifi.pb.dart:6687:8: Error: 'FloatValue' isn't a type.
    $4.FloatValue? radios5ghzChanBusyFraction,
       ^^^^^^^^^^
lib/generated/spacex_api/device/wifi.pb.dart:6688:8: Error: 'FloatValue' isn't a type.
    $4.FloatValue? radios5ghzEdccaFraction,
       ^^^^^^^^^^
lib/generated/spacex_api/device/wifi.pb.dart:6689:8: Error: 'FloatValue' isn't a type.
    $4.FloatValue? radios5ghzOverlappingBssFraction,
       ^^^^^^^^^^
lib/generated/spacex_api/device/wifi.pb.dart:6690:8: Error: 'Int64Value' isn't a type.
    $4.Int64Value? radios5ghzRxBytes,
       ^^^^^^^^^^
lib/generated/spacex_api/device/wifi.pb.dart:6691:8: Error: 'Int64Value' isn't a type.
    $4.Int64Value? radios5ghzRxPackets,
       ^^^^^^^^^^
lib/generated/spacex_api/device/wifi.pb.dart:6692:8: Error: 'Int64Value' isn't a type.
    $4.Int64Value? radios5ghzRxErrors,
       ^^^^^^^^^^
lib/generated/spacex_api/device/wifi.pb.dart:6693:8: Error: 'Int64Value' isn't a type.
    $4.Int64Value? radios5ghzRxFrameErrors,
       ^^^^^^^^^^
lib/generated/spacex_api/device/wifi.pb.dart:6694:8: Error: 'FloatValue' isn't a type.
    $4.FloatValue? radios5ghzRxPacketErrorRate,
       ^^^^^^^^^^
lib/generated/spacex_api/device/wifi.pb.dart:6695:8: Error: 'FloatValue' isn't a type.
    $4.FloatValue? radios5ghzRxAirtimeFraction,
       ^^^^^^^^^^
lib/generated/spacex_api/device/wifi.pb.dart:6696:8: Error: 'Int64Value' isn't a type.
    $4.Int64Value? radios5ghzTxBytes,
       ^^^^^^^^^^
lib/generated/spacex_api/device/wifi.pb.dart:6697:8: Error: 'Int64Value' isn't a type.
    $4.Int64Value? radios5ghzTxPackets,
       ^^^^^^^^^^
lib/generated/spacex_api/device/wifi.pb.dart:6698:8: Error: 'Int64Value' isn't a type.
    $4.Int64Value? radios5ghzTxErrors,
       ^^^^^^^^^^
lib/generated/spacex_api/device/wifi.pb.dart:6699:8: Error: 'FloatValue' isn't a type.
    $4.FloatValue? radios5ghzTxPacketErrorRate,
       ^^^^^^^^^^
lib/generated/spacex_api/device/wifi.pb.dart:6700:8: Error: 'FloatValue' isn't a type.
    $4.FloatValue? radios5ghzTxAirtimeFraction,
       ^^^^^^^^^^
lib/generated/spacex_api/device/wifi.pb.dart:6701:8: Error: 'UInt32Value' isn't a type.
    $4.UInt32Value? radios5ghzHighChannel,
       ^^^^^^^^^^^
lib/generated/spacex_api/device/wifi.pb.dart:6702:8: Error: 'FloatValue' isn't a type.
    $4.FloatValue? radios5ghzHighAntenna1Rssi,
       ^^^^^^^^^^
lib/generated/spacex_api/device/wifi.pb.dart:6703:8: Error: 'FloatValue' isn't a type.
    $4.FloatValue? radios5ghzHighAntenna2Rssi,
       ^^^^^^^^^^
lib/generated/spacex_api/device/wifi.pb.dart:6704:8: Error: 'FloatValue' isn't a type.
    $4.FloatValue? radios5ghzHighAntenna3Rssi,
       ^^^^^^^^^^
lib/generated/spacex_api/device/wifi.pb.dart:6705:8: Error: 'UInt32Value' isn't a type.
    $4.UInt32Value? radios5ghzHighIfaceCount,
       ^^^^^^^^^^^
lib/generated/spacex_api/device/wifi.pb.dart:6706:8: Error: 'FloatValue' isn't a type.
    $4.FloatValue? radios5ghzHighChanBusyFraction,
       ^^^^^^^^^^
lib/generated/spacex_api/device/wifi.pb.dart:6707:8: Error: 'FloatValue' isn't a type.
    $4.FloatValue? radios5ghzHighEdccaFraction,
       ^^^^^^^^^^
lib/generated/spacex_api/device/wifi.pb.dart:6708:8: Error: 'FloatValue' isn't a type.
    $4.FloatValue? radios5ghzHighOverlappingBssFraction,
       ^^^^^^^^^^
lib/generated/spacex_api/device/wifi.pb.dart:6709:8: Error: 'Int64Value' isn't a type.
    $4.Int64Value? radios5ghzHighRxBytes,
       ^^^^^^^^^^
lib/generated/spacex_api/device/wifi.pb.dart:6710:8: Error: 'Int64Value' isn't a type.
    $4.Int64Value? radios5ghzHighRxPackets,
       ^^^^^^^^^^
lib/generated/spacex_api/device/wifi.pb.dart:6711:8: Error: 'Int64Value' isn't a type.
    $4.Int64Value? radios5ghzHighRxErrors,
       ^^^^^^^^^^
lib/generated/spacex_api/device/wifi.pb.dart:6712:8: Error: 'Int64Value' isn't a type.
    $4.Int64Value? radios5ghzHighRxFrameErrors,
       ^^^^^^^^^^
lib/generated/spacex_api/device/wifi.pb.dart:6713:8: Error: 'FloatValue' isn't a type.
    $4.FloatValue? radios5ghzHighRxPacketErrorRate,
       ^^^^^^^^^^
lib/generated/spacex_api/device/wifi.pb.dart:6714:8: Error: 'FloatValue' isn't a type.
    $4.FloatValue? radios5ghzHighRxAirtimeFraction,
       ^^^^^^^^^^
lib/generated/spacex_api/device/wifi.pb.dart:6715:8: Error: 'Int64Value' isn't a type.
    $4.Int64Value? radios5ghzHighTxBytes,
       ^^^^^^^^^^
lib/generated/spacex_api/device/wifi.pb.dart:6716:8: Error: 'Int64Value' isn't a type.
    $4.Int64Value? radios5ghzHighTxPackets,
       ^^^^^^^^^^
lib/generated/spacex_api/device/wifi.pb.dart:6717:8: Error: 'Int64Value' isn't a type.
    $4.Int64Value? radios5ghzHighTxErrors,
       ^^^^^^^^^^
lib/generated/spacex_api/device/wifi.pb.dart:6718:8: Error: 'FloatValue' isn't a type.
    $4.FloatValue? radios5ghzHighTxPacketErrorRate,
       ^^^^^^^^^^
lib/generated/spacex_api/device/wifi.pb.dart:6719:8: Error: 'FloatValue' isn't a type.
    $4.FloatValue? radios5ghzHighTxAirtimeFraction,
       ^^^^^^^^^^
lib/generated/spacex_api/device/wifi.pb.dart:6720:8: Error: 'FloatValue' isn't a type.
    $4.FloatValue? radios2ghzAntenna1Tssi,
       ^^^^^^^^^^
lib/generated/spacex_api/device/wifi.pb.dart:6721:8: Error: 'FloatValue' isn't a type.
    $4.FloatValue? radios2ghzAntenna2Tssi,
       ^^^^^^^^^^
lib/generated/spacex_api/device/wifi.pb.dart:6722:8: Error: 'FloatValue' isn't a type.
    $4.FloatValue? radios2ghzAntenna3Tssi,
       ^^^^^^^^^^
lib/generated/spacex_api/device/wifi.pb.dart:6723:8: Error: 'FloatValue' isn't a type.
    $4.FloatValue? radios2ghzAntenna4Tssi,
       ^^^^^^^^^^
lib/generated/spacex_api/device/wifi.pb.dart:6724:8: Error: 'FloatValue' isn't a type.
    $4.FloatValue? radios5ghzAntenna1Tssi,
       ^^^^^^^^^^
lib/generated/spacex_api/device/wifi.pb.dart:6725:8: Error: 'FloatValue' isn't a type.
    $4.FloatValue? radios5ghzAntenna2Tssi,
       ^^^^^^^^^^
lib/generated/spacex_api/device/wifi.pb.dart:6726:8: Error: 'FloatValue' isn't a type.
    $4.FloatValue? radios5ghzAntenna3Tssi,
       ^^^^^^^^^^
lib/generated/spacex_api/device/wifi.pb.dart:6727:8: Error: 'FloatValue' isn't a type.
    $4.FloatValue? radios5ghzAntenna4Tssi,
       ^^^^^^^^^^
lib/generated/spacex_api/device/wifi.pb.dart:6728:8: Error: 'FloatValue' isn't a type.
    $4.FloatValue? radios5ghzHighAntenna1Tssi,
       ^^^^^^^^^^
lib/generated/spacex_api/device/wifi.pb.dart:6729:8: Error: 'FloatValue' isn't a type.
    $4.FloatValue? radios5ghzHighAntenna2Tssi,
       ^^^^^^^^^^
lib/generated/spacex_api/device/wifi.pb.dart:6730:8: Error: 'FloatValue' isn't a type.
    $4.FloatValue? radios5ghzHighAntenna3Tssi,
       ^^^^^^^^^^
lib/generated/spacex_api/device/wifi.pb.dart:6731:8: Error: 'FloatValue' isn't a type.
    $4.FloatValue? radios5ghzHighAntenna4Tssi,
       ^^^^^^^^^^
lib/generated/spacex_api/device/wifi.pb.dart:6732:8: Error: 'FloatValue' isn't a type.
    $4.FloatValue? radios2ghzAntenna4Rssi,
       ^^^^^^^^^^
lib/generated/spacex_api/device/wifi.pb.dart:6733:8: Error: 'FloatValue' isn't a type.
    $4.FloatValue? radios5ghzAntenna4Rssi,
       ^^^^^^^^^^
lib/generated/spacex_api/device/wifi.pb.dart:6734:8: Error: 'FloatValue' isn't a type.
    $4.FloatValue? radios5ghzHighAntenna4Rssi,
       ^^^^^^^^^^
lib/generated/spacex_api/device/wifi.pb.dart:6735:8: Error: 'FloatValue' isn't a type.
    $4.FloatValue? radios2ghzThermalTemp,
       ^^^^^^^^^^
lib/generated/spacex_api/device/wifi.pb.dart:6736:8: Error: 'FloatValue' isn't a type.
    $4.FloatValue? radios5ghzThermalTemp,
       ^^^^^^^^^^
lib/generated/spacex_api/device/wifi.pb.dart:6737:8: Error: 'FloatValue' isn't a type.
    $4.FloatValue? radios2ghzThermalDutyCycle,
       ^^^^^^^^^^
lib/generated/spacex_api/device/wifi.pb.dart:6738:8: Error: 'FloatValue' isn't a type.
    $4.FloatValue? radios5ghzThermalDutyCycle,
       ^^^^^^^^^^
lib/generated/spacex_api/device/wifi.pb.dart:6739:8: Error: 'UInt32Value' isn't a type.
    $4.UInt32Value? radios2ghzThermalThrottledSeconds,
       ^^^^^^^^^^^
lib/generated/spacex_api/device/wifi.pb.dart:6740:8: Error: 'UInt32Value' isn't a type.
    $4.UInt32Value? radios5ghzThermalThrottledSeconds,
       ^^^^^^^^^^^
lib/generated/spacex_api/device/wifi.pb.dart:6741:8: Error: 'FloatValue' isn't a type.
    $4.FloatValue? radios5ghzHighThermalTemp,
       ^^^^^^^^^^
lib/generated/spacex_api/device/wifi.pb.dart:6742:8: Error: 'FloatValue' isn't a type.
    $4.FloatValue? radios5ghzHighThermalDutyCycle,
       ^^^^^^^^^^
lib/generated/spacex_api/device/wifi.pb.dart:6743:8: Error: 'UInt32Value' isn't a type.
    $4.UInt32Value? radios5ghzHighThermalThrottledSeconds,
       ^^^^^^^^^^^
lib/generated/spacex_api/device/wifi.pb.dart:6744:8: Error: 'FloatValue' isn't a type.
    $4.FloatValue? boardTemp,
       ^^^^^^^^^^
lib/generated/spacex_api/device/wifi.pb.dart:6745:8: Error: 'FloatValue' isn't a type.
    $4.FloatValue? poeMcuDieTemp,
       ^^^^^^^^^^
lib/generated/spacex_api/device/wifi.pb.dart:6746:8: Error: 'FloatValue' isn't a type.
    $4.FloatValue? poePercentWaterDetectAvg,
       ^^^^^^^^^^
lib/generated/spacex_api/device/wifi.pb.dart:6747:8: Error: 'Int64Value' isn't a type.
    $4.Int64Value? ifacesLanEthRxBytes,
       ^^^^^^^^^^
lib/generated/spacex_api/device/wifi.pb.dart:6748:8: Error: 'Int64Value' isn't a type.
    $4.Int64Value? ifacesLanEthRxPackets,
       ^^^^^^^^^^
lib/generated/spacex_api/device/wifi.pb.dart:6749:8: Error: 'Int64Value' isn't a type.
    $4.Int64Value? ifacesLanEthRxErrors,
       ^^^^^^^^^^
lib/generated/spacex_api/device/wifi.pb.dart:6750:8: Error: 'Int64Value' isn't a type.
    $4.Int64Value? ifacesLanEthRxFrameErrors,
       ^^^^^^^^^^
lib/generated/spacex_api/device/wifi.pb.dart:6751:8: Error: 'Int64Value' isn't a type.
    $4.Int64Value? ifacesLanEthTxBytes,
       ^^^^^^^^^^
lib/generated/spacex_api/device/wifi.pb.dart:6752:8: Error: 'Int64Value' isn't a type.
    $4.Int64Value? ifacesLanEthTxPackets,
       ^^^^^^^^^^
lib/generated/spacex_api/device/wifi.pb.dart:6753:8: Error: 'Int64Value' isn't a type.
    $4.Int64Value? ifacesLanEthTxErrors,
       ^^^^^^^^^^
lib/generated/spacex_api/device/wifi.pb.dart:6754:8: Error: 'Int64Value' isn't a type.
    $4.Int64Value? ifacesWanEthRxBytes,
       ^^^^^^^^^^
lib/generated/spacex_api/device/wifi.pb.dart:6755:8: Error: 'Int64Value' isn't a type.
    $4.Int64Value? ifacesWanEthRxPackets,
       ^^^^^^^^^^
lib/generated/spacex_api/device/wifi.pb.dart:6756:8: Error: 'Int64Value' isn't a type.
    $4.Int64Value? ifacesWanEthRxErrors,
       ^^^^^^^^^^
lib/generated/spacex_api/device/wifi.pb.dart:6757:8: Error: 'Int64Value' isn't a type.
    $4.Int64Value? ifacesWanEthRxFrameErrors,
       ^^^^^^^^^^
lib/generated/spacex_api/device/wifi.pb.dart:6758:8: Error: 'Int64Value' isn't a type.
    $4.Int64Value? ifacesWanEthTxBytes,
       ^^^^^^^^^^
lib/generated/spacex_api/device/wifi.pb.dart:6759:8: Error: 'Int64Value' isn't a type.
    $4.Int64Value? ifacesWanEthTxPackets,
       ^^^^^^^^^^
lib/generated/spacex_api/device/wifi.pb.dart:6760:8: Error: 'Int64Value' isn't a type.
    $4.Int64Value? ifacesWanEthTxErrors,
       ^^^^^^^^^^
lib/generated/spacex_api/device/wifi.pb.dart:6761:8: Error: 'Int64Value' isn't a type.
    $4.Int64Value? ifacesLan1EthRxBytes,
       ^^^^^^^^^^
lib/generated/spacex_api/device/wifi.pb.dart:6762:8: Error: 'Int64Value' isn't a type.
    $4.Int64Value? ifacesLan1EthRxPackets,
       ^^^^^^^^^^
lib/generated/spacex_api/device/wifi.pb.dart:6763:8: Error: 'Int64Value' isn't a type.
    $4.Int64Value? ifacesLan1EthRxErrors,
       ^^^^^^^^^^
lib/generated/spacex_api/device/wifi.pb.dart:6764:8: Error: 'Int64Value' isn't a type.
    $4.Int64Value? ifacesLan1EthRxFrameErrors,
       ^^^^^^^^^^
lib/generated/spacex_api/device/wifi.pb.dart:6765:8: Error: 'Int64Value' isn't a type.
    $4.Int64Value? ifacesLan1EthTxBytes,
       ^^^^^^^^^^
lib/generated/spacex_api/device/wifi.pb.dart:6766:8: Error: 'Int64Value' isn't a type.
    $4.Int64Value? ifacesLan1EthTxPackets,
       ^^^^^^^^^^
lib/generated/spacex_api/device/wifi.pb.dart:6767:8: Error: 'Int64Value' isn't a type.
    $4.Int64Value? ifacesLan1EthTxErrors,
       ^^^^^^^^^^
lib/generated/spacex_api/device/wifi.pb.dart:6768:8: Error: 'StringValue' isn't a type.
    $4.StringValue? ifacesWanPort,
       ^^^^^^^^^^^
lib/generated/spacex_api/device/wifi.pb.dart:6769:8: Error: 'UInt32Value' isn't a type.
    $4.UInt32Value? clients,
       ^^^^^^^^^^^
lib/generated/spacex_api/device/wifi.pb.dart:6770:8: Error: 'UInt32Value' isn't a type.
    $4.UInt32Value? clients2ghz,
       ^^^^^^^^^^^
lib/generated/spacex_api/device/wifi.pb.dart:6771:8: Error: 'UInt32Value' isn't a type.
    $4.UInt32Value? clients5ghz,
       ^^^^^^^^^^^
lib/generated/spacex_api/device/wifi.pb.dart:6772:8: Error: 'UInt32Value' isn't a type.
    $4.UInt32Value? clientsEth,
       ^^^^^^^^^^^
lib/generated/spacex_api/device/wifi.pb.dart:6773:8: Error: 'UInt32Value' isn't a type.
    $4.UInt32Value? clientsRepeater,
       ^^^^^^^^^^^
lib/generated/spacex_api/device/wifi.pb.dart:6774:8: Error: 'UInt32Value' isn't a type.
    $4.UInt32Value? clientsRepeater2ghz,
       ^^^^^^^^^^^
lib/generated/spacex_api/device/wifi.pb.dart:6775:8: Error: 'UInt32Value' isn't a type.
    $4.UInt32Value? clientsRepeater5ghz,
       ^^^^^^^^^^^
lib/generated/spacex_api/device/wifi.pb.dart:6776:8: Error: 'UInt32Value' isn't a type.
    $4.UInt32Value? clientsRepeaterEth,
       ^^^^^^^^^^^
lib/generated/spacex_api/device/wifi.pb.dart:6777:8: Error: 'UInt32Value' isn't a type.
    $4.UInt32Value? meshHops,
       ^^^^^^^^^^^
lib/generated/spacex_api/device/wifi.pb.dart:6778:8: Error: 'FloatValue' isn't a type.
    $4.FloatValue? meshOneHopRssiAvg2ghz,
       ^^^^^^^^^^
lib/generated/spacex_api/device/wifi.pb.dart:6779:8: Error: 'FloatValue' isn't a type.
    $4.FloatValue? meshOneHopRssiAvg5ghz,
       ^^^^^^^^^^
lib/generated/spacex_api/device/wifi.pb.dart:6780:8: Error: 'FloatValue' isn't a type.
    $4.FloatValue? meshTwoHopRssiAvg2ghz,
       ^^^^^^^^^^
lib/generated/spacex_api/device/wifi.pb.dart:6781:8: Error: 'FloatValue' isn't a type.
    $4.FloatValue? meshTwoHopRssiAvg5ghz,
       ^^^^^^^^^^
lib/generated/spacex_api/device/wifi.pb.dart:6782:8: Error: 'UInt32Value' isn't a type.
    $4.UInt32Value? clients5ghzHigh,
       ^^^^^^^^^^^
lib/generated/spacex_api/device/wifi.pb.dart:6783:8: Error: 'FloatValue' isn't a type.
    $4.FloatValue? meshOneHopRssiAvg5ghzHigh,
       ^^^^^^^^^^
lib/generated/spacex_api/device/wifi.pb.dart:6784:8: Error: 'FloatValue' isn't a type.
    $4.FloatValue? meshTwoHopRssiAvg5ghzHigh,
       ^^^^^^^^^^
lib/generated/spacex_api/device/wifi.pb.dart:6785:8: Error: 'UInt32Value' isn't a type.
    $4.UInt32Value? clientsRepeater5ghzHigh,
       ^^^^^^^^^^^
lib/generated/spacex_api/device/wifi.pb.dart:6786:8: Error: 'FloatValue' isn't a type.
    $4.FloatValue? repeaterTxRateMbpsMin,
       ^^^^^^^^^^
lib/generated/spacex_api/device/wifi.pb.dart:6787:8: Error: 'FloatValue' isn't a type.
    $4.FloatValue? repeaterRxRateMbpsMin,
       ^^^^^^^^^^
lib/generated/spacex_api/device/wifi.pb.dart:6788:8: Error: 'FloatValue' isn't a type.
    $4.FloatValue? repeaterTxRateMbpsAvg,
       ^^^^^^^^^^
lib/generated/spacex_api/device/wifi.pb.dart:6789:8: Error: 'FloatValue' isn't a type.
    $4.FloatValue? repeaterRxRateMbpsAvg,
       ^^^^^^^^^^
lib/generated/spacex_api/device/wifi.pb.dart:6790:8: Error: 'FloatValue' isn't a type.
    $4.FloatValue? repeaterSecondsSince2sOutageMin,
       ^^^^^^^^^^
lib/generated/spacex_api/device/wifi.pb.dart:6791:8: Error: 'FloatValue' isn't a type.
    $4.FloatValue? repeaterSecondsSince2sOutageAvg,
       ^^^^^^^^^^
lib/generated/spacex_api/device/wifi.pb.dart:6792:8: Error: 'FloatValue' isn't a type.
    $4.FloatValue? repeaterSecondsSince5sOutageMin,
       ^^^^^^^^^^
lib/generated/spacex_api/device/wifi.pb.dart:6793:8: Error: 'FloatValue' isn't a type.
    $4.FloatValue? repeaterSecondsSince5sOutageAvg,
       ^^^^^^^^^^
lib/generated/spacex_api/device/wifi.pb.dart:6794:8: Error: 'FloatValue' isn't a type.
    $4.FloatValue? repeaterLatencyMs1hMax,
       ^^^^^^^^^^
lib/generated/spacex_api/device/wifi.pb.dart:6795:8: Error: 'FloatValue' isn't a type.
    $4.FloatValue? repeaterLatencyMs1hAvg,
       ^^^^^^^^^^
lib/generated/spacex_api/device/wifi.pb.dart:6796:8: Error: 'UInt32Value' isn't a type.
    $4.UInt32Value? meshTopologyChangeCount1d,
       ^^^^^^^^^^^
lib/generated/spacex_api/device/wifi.pb.dart:6797:8: Error: 'UInt32Value' isn't a type.
    $4.UInt32Value? clients5ghzRxBandwidth20mhz,
       ^^^^^^^^^^^
lib/generated/spacex_api/device/wifi.pb.dart:6798:8: Error: 'UInt32Value' isn't a type.
    $4.UInt32Value? clients5ghzRxBandwidth40mhz,
       ^^^^^^^^^^^
lib/generated/spacex_api/device/wifi.pb.dart:6799:8: Error: 'UInt32Value' isn't a type.
    $4.UInt32Value? clients5ghzRxBandwidth80mhz,
       ^^^^^^^^^^^
lib/generated/spacex_api/device/wifi.pb.dart:6800:8: Error: 'UInt32Value' isn't a type.
    $4.UInt32Value? macExportsSuccessful,
       ^^^^^^^^^^^
lib/generated/spacex_api/device/wifi.pb.dart:6801:8: Error: 'UInt32Value' isn't a type.
    $4.UInt32Value? macExportsServerConnectErrors,
       ^^^^^^^^^^^
lib/generated/spacex_api/device/wifi.pb.dart:6802:8: Error: 'UInt32Value' isn't a type.
    $4.UInt32Value? macExportsServerSendErrors,
       ^^^^^^^^^^^
lib/generated/spacex_api/device/wifi.pb.dart:6803:8: Error: 'FloatValue' isn't a type.
    $4.FloatValue? pingSecondsSinceLast1sOutage,
       ^^^^^^^^^^
lib/generated/spacex_api/device/wifi.pb.dart:6804:8: Error: 'FloatValue' isn't a type.
    $4.FloatValue? pingSecondsSinceLast2sOutage,
       ^^^^^^^^^^
lib/generated/spacex_api/device/wifi.pb.dart:6805:8: Error: 'FloatValue' isn't a type.
    $4.FloatValue? pingSecondsSinceLast5sOutage,
       ^^^^^^^^^^
lib/generated/spacex_api/device/wifi.pb.dart:6806:8: Error: 'FloatValue' isn't a type.
    $4.FloatValue? pingSecondsSinceLast60sOutage,
       ^^^^^^^^^^
lib/generated/spacex_api/device/wifi.pb.dart:6807:8: Error: 'FloatValue' isn't a type.
    $4.FloatValue? pingSecondsSinceLast300sOutage,
       ^^^^^^^^^^
lib/generated/spacex_api/device/wifi.pb.dart:6808:8: Error: 'FloatValue' isn't a type.
    $4.FloatValue? pingDropRate,
       ^^^^^^^^^^
lib/generated/spacex_api/device/wifi.pb.dart:6809:8: Error: 'FloatValue' isn't a type.
    $4.FloatValue? pingDropRateLast1h,
       ^^^^^^^^^^
lib/generated/spacex_api/device/wifi.pb.dart:6810:8: Error: 'FloatValue' isn't a type.
    $4.FloatValue? pingLatency,
       ^^^^^^^^^^
lib/generated/spacex_api/device/wifi.pb.dart:6811:8: Error: 'FloatValue' isn't a type.
    $4.FloatValue? pingDishSecondsSinceLast1sOutage,
       ^^^^^^^^^^
lib/generated/spacex_api/device/wifi.pb.dart:6812:8: Error: 'FloatValue' isn't a type.
    $4.FloatValue? pingDishSecondsSinceLast2sOutage,
       ^^^^^^^^^^
lib/generated/spacex_api/device/wifi.pb.dart:6813:8: Error: 'FloatValue' isn't a type.
    $4.FloatValue? pingDishSecondsSinceLast5sOutage,
       ^^^^^^^^^^
lib/generated/spacex_api/device/wifi.pb.dart:6814:8: Error: 'FloatValue' isn't a type.
    $4.FloatValue? pingDishSecondsSinceLast60sOutage,
       ^^^^^^^^^^
lib/generated/spacex_api/device/wifi.pb.dart:6815:8: Error: 'FloatValue' isn't a type.
    $4.FloatValue? pingDishSecondsSinceLast300sOutage,
       ^^^^^^^^^^
lib/generated/spacex_api/device/wifi.pb.dart:6816:8: Error: 'FloatValue' isn't a type.
    $4.FloatValue? pingDishDropRate,
       ^^^^^^^^^^
lib/generated/spacex_api/device/wifi.pb.dart:6817:8: Error: 'FloatValue' isn't a type.
    $4.FloatValue? pingDishDropRateLast1h,
       ^^^^^^^^^^
lib/generated/spacex_api/device/wifi.pb.dart:6818:8: Error: 'FloatValue' isn't a type.
    $4.FloatValue? pingDishLatency,
       ^^^^^^^^^^
lib/generated/spacex_api/device/wifi.pb.dart:6819:8: Error: 'FloatValue' isn't a type.
    $4.FloatValue? pingLatencyLast1h,
       ^^^^^^^^^^
lib/generated/spacex_api/device/wifi.pb.dart:6820:8: Error: 'FloatValue' isn't a type.
    $4.FloatValue? pingDishLatencyLast1h,
       ^^^^^^^^^^
lib/generated/spacex_api/device/wifi.pb.dart:6821:8: Error: 'FloatValue' isn't a type.
    $4.FloatValue? pingPopIpv6DropRateLast1h,
       ^^^^^^^^^^
lib/generated/spacex_api/device/wifi.pb.dart:6822:8: Error: 'FloatValue' isn't a type.
    $4.FloatValue? pingPopIpv6LatencyLast1h,
       ^^^^^^^^^^
lib/generated/spacex_api/device/wifi.pb.dart:6823:8: Error: 'FloatValue' isn't a type.
    $4.FloatValue? clientSpeedtestRouterDownloadMbps,
       ^^^^^^^^^^
lib/generated/spacex_api/device/wifi.pb.dart:6824:8: Error: 'FloatValue' isn't a type.
    $4.FloatValue? clientSpeedtestRouterUploadMbps,
       ^^^^^^^^^^
lib/generated/spacex_api/device/wifi.pb.dart:6825:8: Error: 'FloatValue' isn't a type.
    $4.FloatValue? clientSpeedtestRouterRssi,
       ^^^^^^^^^^
lib/generated/spacex_api/device/wifi.pb.dart:6826:8: Error: 'FloatValue' isn't a type.
    $4.FloatValue? clientSpeedtestWifiDownloadMbps,
       ^^^^^^^^^^
lib/generated/spacex_api/device/wifi.pb.dart:6827:8: Error: 'FloatValue' isn't a type.
    $4.FloatValue? clientSpeedtestWifiUploadMbps,
       ^^^^^^^^^^
lib/generated/spacex_api/device/wifi.pb.dart:6828:8: Error: 'FloatValue' isn't a type.
    $4.FloatValue? clientSpeedtestClientDownloadMbps,
       ^^^^^^^^^^
lib/generated/spacex_api/device/wifi.pb.dart:6829:8: Error: 'FloatValue' isn't a type.
    $4.FloatValue? clientSpeedtestClientUploadMbps,
       ^^^^^^^^^^
lib/generated/spacex_api/device/wifi.pb.dart:6830:8: Error: 'FloatValue' isn't a type.
    $4.FloatValue? clientSpeedtestClientRssi,
       ^^^^^^^^^^
lib/generated/spacex_api/device/wifi.pb.dart:6831:8: Error: 'UInt32Value' isn't a type.
    $4.UInt32Value? clientSpeedtestClientIface,
       ^^^^^^^^^^^
lib/generated/spacex_api/device/wifi.pb.dart:6832:8: Error: 'StringValue' isn't a type.
    $4.StringValue? clientSpeedtestClientOui,
       ^^^^^^^^^^^
lib/generated/spacex_api/device/wifi.pb.dart:6833:8: Error: 'UInt32Value' isn't a type.
    $4.UInt32Value? clientSpeedtestClientTxRate,
       ^^^^^^^^^^^
lib/generated/spacex_api/device/wifi.pb.dart:6834:8: Error: 'UInt32Value' isn't a type.
    $4.UInt32Value? clientSpeedtestClientRxRate,
       ^^^^^^^^^^^
lib/generated/spacex_api/device/wifi.pb.dart:6835:8: Error: 'UInt32Value' isn't a type.
    $4.UInt32Value? clientSpeedtestClientPlatformType,
       ^^^^^^^^^^^
lib/generated/spacex_api/device/wifi.pb.dart:6836:8: Error: 'FloatValue' isn't a type.
    $4.FloatValue? speedtestTcp8DownloadMbpsAvg,
       ^^^^^^^^^^
lib/generated/spacex_api/device/wifi.pb.dart:6837:8: Error: 'FloatValue' isn't a type.
    $4.FloatValue? speedtestTcp8DownloadMbpsMax,
       ^^^^^^^^^^
lib/generated/spacex_api/device/wifi.pb.dart:6838:8: Error: 'FloatValue' isn't a type.
    $4.FloatValue? speedtestTcp8UploadMbpsAvg,
       ^^^^^^^^^^
lib/generated/spacex_api/device/wifi.pb.dart:6839:8: Error: 'FloatValue' isn't a type.
    $4.FloatValue? speedtestTcp8UploadMbpsMax,
       ^^^^^^^^^^
lib/generated/spacex_api/device/wifi.pb.dart:6840:8: Error: 'FloatValue' isn't a type.
    $4.FloatValue? speedtestTcp64DownloadMbpsAvg,
       ^^^^^^^^^^
lib/generated/spacex_api/device/wifi.pb.dart:6841:8: Error: 'FloatValue' isn't a type.
    $4.FloatValue? speedtestTcp64DownloadMbpsMax,
       ^^^^^^^^^^
lib/generated/spacex_api/device/wifi.pb.dart:6842:8: Error: 'FloatValue' isn't a type.
    $4.FloatValue? speedtestTcp64UploadMbpsAvg,
       ^^^^^^^^^^
lib/generated/spacex_api/device/wifi.pb.dart:6843:8: Error: 'FloatValue' isn't a type.
    $4.FloatValue? speedtestTcp64UploadMbpsMax,
       ^^^^^^^^^^
lib/generated/spacex_api/device/wifi.pb.dart:6844:8: Error: 'FloatValue' isn't a type.
    $4.FloatValue? speedtestTcp1DownloadMbpsAvg,
       ^^^^^^^^^^
lib/generated/spacex_api/device/wifi.pb.dart:6845:8: Error: 'FloatValue' isn't a type.
    $4.FloatValue? speedtestTcp1DownloadMbpsMax,
       ^^^^^^^^^^
lib/generated/spacex_api/device/wifi.pb.dart:6846:8: Error: 'FloatValue' isn't a type.
    $4.FloatValue? speedtestTcp1UploadMbpsAvg,
       ^^^^^^^^^^
lib/generated/spacex_api/device/wifi.pb.dart:6847:8: Error: 'FloatValue' isn't a type.
    $4.FloatValue? speedtestTcp1UploadMbpsMax,
       ^^^^^^^^^^
lib/generated/spacex_api/device/wifi.pb.dart:6848:8: Error: 'FloatValue' isn't a type.
    $4.FloatValue? speedtestTcp8DownloadMeanTcpConnectTime,
       ^^^^^^^^^^
lib/generated/spacex_api/device/wifi.pb.dart:6849:8: Error: 'FloatValue' isn't a type.
    $4.FloatValue? speedtestTcp8UploadMeanTcpConnectTime,
       ^^^^^^^^^^
lib/generated/spacex_api/device/wifi.pb.dart:6852:8: Error: 'FloatValue' isn't a type.
    $4.FloatValue? speedtestTcp1DownloadMeanTcpConnectTime,
       ^^^^^^^^^^
lib/generated/spacex_api/device/wifi.pb.dart:6853:8: Error: 'FloatValue' isn't a type.
    $4.FloatValue? speedtestTcp1UploadMeanTcpConnectTime,
       ^^^^^^^^^^
lib/generated/spacex_api/device/wifi.pb.dart:6856:8: Error: 'UInt32Value' isn't a type.
    $4.UInt32Value? dishCellId,
       ^^^^^^^^^^^
lib/generated/spacex_api/device/wifi.pb.dart:6857:8: Error: 'BoolValue' isn't a type.
    $4.BoolValue? configSetupComplete,
       ^^^^^^^^^
lib/generated/spacex_api/device/wifi.pb.dart:6858:8: Error: 'BoolValue' isn't a type.
    $4.BoolValue? configBandsSplit,
       ^^^^^^^^^
lib/generated/spacex_api/device/wifi.pb.dart:6859:8: Error: 'BoolValue' isn't a type.
    $4.BoolValue? configIsRepeater,
       ^^^^^^^^^
lib/generated/spacex_api/device/wifi.pb.dart:6860:8: Error: 'BoolValue' isn't a type.
    $4.BoolValue? configOpenNetwork,
       ^^^^^^^^^
lib/generated/spacex_api/device/wifi.pb.dart:6861:8: Error: 'BoolValue' isn't a type.
    $4.BoolValue? configIsAviation,
       ^^^^^^^^^
lib/generated/spacex_api/device/wifi.pb.dart:6862:8: Error: 'BoolValue' isn't a type.
    $4.BoolValue? configSecureDns,
       ^^^^^^^^^
lib/generated/spacex_api/device/wifi.pb.dart:6863:8: Error: 'BoolValue' isn't a type.
    $4.BoolValue? configLegacy,
       ^^^^^^^^^
lib/generated/spacex_api/device/wifi.pb.dart:6864:8: Error: 'BoolValue' isn't a type.
    $4.BoolValue? configApMode,
       ^^^^^^^^^
lib/generated/spacex_api/device/wifi.pb.dart:6865:8: Error: 'BoolValue' isn't a type.
    $4.BoolValue? configDfsEnabled,
       ^^^^^^^^^
lib/generated/spacex_api/device/wifi.pb.dart:6866:8: Error: 'BoolValue' isn't a type.
    $4.BoolValue? configNetworkNameIsDefault,
       ^^^^^^^^^
lib/generated/spacex_api/device/wifi.pb.dart:6867:8: Error: 'BoolValue' isn't a type.
    $4.BoolValue? configRemoteSshEnabled,
       ^^^^^^^^^
lib/generated/spacex_api/device/wifi.pb.dart:6868:8: Error: 'BoolValue' isn't a type.
    $4.BoolValue? configIsRepeaterWired,
       ^^^^^^^^^
lib/generated/spacex_api/device/wifi.pb.dart:6869:8: Error: 'BoolValue' isn't a type.
    $4.BoolValue? configIsRepeaterWireless,
       ^^^^^^^^^
lib/generated/spacex_api/device/wifi.pb.dart:6870:8: Error: 'UInt32Value' isn't a type.
    $4.UInt32Value? configBlockSchedulesSet,
       ^^^^^^^^^^^
lib/generated/spacex_api/device/wifi.pb.dart:6871:8: Error: 'BoolValue' isn't a type.
    $4.BoolValue? configCustomNameservers,
       ^^^^^^^^^
lib/generated/spacex_api/device/wifi.pb.dart:6872:8: Error: 'BoolValue' isn't a type.
    $4.BoolValue? configDisableMeshOnboarding,
       ^^^^^^^^^
lib/generated/spacex_api/device/wifi.pb.dart:6873:8: Error: 'BoolValue' isn't a type.
    $4.BoolValue? configPinCountryCode,
       ^^^^^^^^^
lib/generated/spacex_api/device/wifi.pb.dart:6874:8: Error: 'BoolValue' isn't a type.
    $4.BoolValue? configDisableUpdateReboot,
       ^^^^^^^^^
lib/generated/spacex_api/device/wifi.pb.dart:6875:8: Error: 'BoolValue' isn't a type.
    $4.BoolValue? configDisable2ghz,
       ^^^^^^^^^
lib/generated/spacex_api/device/wifi.pb.dart:6876:8: Error: 'BoolValue' isn't a type.
    $4.BoolValue? configDisable5ghz,
       ^^^^^^^^^
lib/generated/spacex_api/device/wifi.pb.dart:6877:8: Error: 'UInt32Value' isn't a type.
    $4.UInt32Value? configChannel2ghz,
       ^^^^^^^^^^^
lib/generated/spacex_api/device/wifi.pb.dart:6878:8: Error: 'UInt32Value' isn't a type.
    $4.UInt32Value? configChannel5ghz,
       ^^^^^^^^^^^
lib/generated/spacex_api/device/wifi.pb.dart:6879:8: Error: 'UInt32Value' isn't a type.
    $4.UInt32Value? configChannel5ghzHigh,
       ^^^^^^^^^^^
lib/generated/spacex_api/device/wifi.pb.dart:6880:8: Error: 'UInt32Value' isn't a type.
    $4.UInt32Value? configNetworks,
       ^^^^^^^^^^^
lib/generated/spacex_api/device/wifi.pb.dart:6881:8: Error: 'UInt32Value' isn't a type.
    $4.UInt32Value? configNetworksGuest,
       ^^^^^^^^^^^
lib/generated/spacex_api/device/wifi.pb.dart:6882:8: Error: 'UInt32Value' isn't a type.
    $4.UInt32Value? configNetworksHidden,
       ^^^^^^^^^^^
lib/generated/spacex_api/device/wifi.pb.dart:6883:8: Error: 'UInt32Value' isn't a type.
    $4.UInt32Value? configNetworksClientIsolation,
       ^^^^^^^^^^^
lib/generated/spacex_api/device/wifi.pb.dart:6884:8: Error: 'UInt32Value' isn't a type.
    $4.UInt32Value? configNetworksBandsSplit,
       ^^^^^^^^^^^
lib/generated/spacex_api/device/wifi.pb.dart:6885:8: Error: 'BoolValue' isn't a type.
    $4.BoolValue? configDisable5ghzHigh,
       ^^^^^^^^^
lib/generated/spacex_api/device/wifi.pb.dart:6886:8: Error: 'BoolValue' isn't a type.
    $4.BoolValue? configHttpsContentHostingEnabled,
       ^^^^^^^^^
lib/generated/spacex_api/device/wifi.pb.dart:6887:8: Error: 'BoolValue' isn't a type.
    $4.BoolValue? configOnlyOverflightBlockingEnabled,
       ^^^^^^^^^
lib/generated/spacex_api/device/wifi.pb.dart:6888:8: Error: 'BoolValue' isn't a type.
    $4.BoolValue? configOfflineNetworksDisablementEnabled,
       ^^^^^^^^^
lib/generated/spacex_api/device/wifi.pb.dart:6889:8: Error: 'BoolValue' isn't a type.
    $4.BoolValue? configCustomDnsDisabled,
       ^^^^^^^^^
lib/generated/spacex_api/device/wifi.pb.dart:6890:8: Error: 'UInt32Value' isn't a type.
    $4.UInt32Value? configNetworksUser,
       ^^^^^^^^^^^
lib/generated/spacex_api/device/wifi.pb.dart:6891:8: Error: 'BoolValue' isn't a type.
    $4.BoolValue? configForeflightEnabled,
       ^^^^^^^^^
lib/generated/spacex_api/device/wifi.pb.dart:6892:8: Error: 'UInt32Value' isn't a type.
    $4.UInt32Value? wifiReloadCount,
       ^^^^^^^^^^^
lib/generated/spacex_api/device/wifi.pb.dart:6893:8: Error: 'UInt32Value' isn't a type.
    $4.UInt32Value? radiusReloadCount,
       ^^^^^^^^^^^
lib/generated/spacex_api/device/wifi.pb.dart:6894:8: Error: 'UInt32Value' isn't a type.
    $4.UInt32Value? opensshReloadCount,
       ^^^^^^^^^^^
lib/generated/spacex_api/device/wifi.pb.dart:6895:8: Error: 'UInt32Value' isn't a type.
    $4.UInt32Value? iptablesReloadCount,
       ^^^^^^^^^^^
lib/generated/spacex_api/device/wifi.pb.dart:6896:8: Error: 'UInt32Value' isn't a type.
    $4.UInt32Value? ebtablesReloadCount,
       ^^^^^^^^^^^
lib/generated/spacex_api/device/wifi.pb.dart:6897:8: Error: 'UInt32Value' isn't a type.
    $4.UInt32Value? trafficControlReloadCount,
       ^^^^^^^^^^^
lib/generated/spacex_api/device/wifi.pb.dart:6898:8: Error: 'UInt32Value' isn't a type.
    $4.UInt32Value? dhcpReloadCount,
       ^^^^^^^^^^^
lib/generated/spacex_api/device/wifi.pb.dart:6899:8: Error: 'UInt32Value' isn't a type.
    $4.UInt32Value? dhcpv6ReloadCount,
       ^^^^^^^^^^^
lib/generated/spacex_api/device/wifi.pb.dart:6900:8: Error: 'UInt32Value' isn't a type.
    $4.UInt32Value? systemReloadCount,
       ^^^^^^^^^^^
lib/generated/spacex_api/device/wifi.pb.dart:6901:8: Error: 'UInt32Value' isn't a type.
    $4.UInt32Value? dnsReloadCount,
       ^^^^^^^^^^^
lib/generated/spacex_api/device/wifi.pb.dart:6902:8: Error: 'UInt32Value' isn't a type.
    $4.UInt32Value? httpsReloadCount,
       ^^^^^^^^^^^
lib/generated/spacex_api/device/wifi.pb.dart:6903:8: Error: 'UInt32Value' isn't a type.
    $4.UInt32Value? bandSteeringReloadCount,
       ^^^^^^^^^^^
lib/generated/spacex_api/device/wifi.pb.dart:6904:8: Error: 'UInt32Value' isn't a type.
    $4.UInt32Value? commitCount,
       ^^^^^^^^^^^
lib/generated/spacex_api/device/wifi.pb.dart:6905:8: Error: 'UInt32Value' isn't a type.
    $4.UInt32Value? networkReloadCount,
       ^^^^^^^^^^^
lib/generated/spacex_api/device/wifi.pb.dart:6906:8: Error: 'UInt32Value' isn't a type.
    $4.UInt32Value? foreflightReloadCount,
       ^^^^^^^^^^^
lib/generated/spacex_api/device/wifi.pb.dart:6907:8: Error: 'UInt32Value' isn't a type.
    $4.UInt32Value? conntrackEntries,
       ^^^^^^^^^^^
lib/generated/spacex_api/device/wifi.pb.dart:6908:8: Error: 'Int64Value' isn't a type.
    $4.Int64Value? wanTrafficControlCakeBytes,
       ^^^^^^^^^^
lib/generated/spacex_api/device/wifi.pb.dart:6909:8: Error: 'Int64Value' isn't a type.
    $4.Int64Value? wanTrafficControlCakePackets,
       ^^^^^^^^^^
lib/generated/spacex_api/device/wifi.pb.dart:6910:8: Error: 'Int64Value' isn't a type.
    $4.Int64Value? wanTrafficControlCakeDrops,
       ^^^^^^^^^^
lib/generated/spacex_api/device/wifi.pb.dart:6911:8: Error: 'Int64Value' isn't a type.
    $4.Int64Value? wanTrafficControlCakeAckDrops,
       ^^^^^^^^^^
lib/generated/spacex_api/device/wifi.pb.dart:6912:8: Error: 'UInt32Value' isn't a type.
    $4.UInt32Value? dhcpSecsEq0,
       ^^^^^^^^^^^
lib/generated/spacex_api/device/wifi.pb.dart:6913:8: Error: 'UInt32Value' isn't a type.
    $4.UInt32Value? dhcpSecsGt0,
       ^^^^^^^^^^^
lib/generated/spacex_api/device/wifi.pb.dart:6914:8: Error: 'UInt32Value' isn't a type.
    $4.UInt32Value? dhcpSecsGt10,
       ^^^^^^^^^^^
lib/generated/spacex_api/device/wifi.pb.dart:6915:8: Error: 'UInt32Value' isn't a type.
    $4.UInt32Value? dhcpSecsGt30,
       ^^^^^^^^^^^
lib/generated/spacex_api/device/wifi.pb.dart:6916:8: Error: 'UInt32Value' isn't a type.
    $4.UInt32Value? dhcpSecsGt60,
       ^^^^^^^^^^^
lib/generated/spacex_api/device/wifi.pb.dart:6917:8: Error: 'UInt32Value' isn't a type.
    $4.UInt32Value? dnsForwards,
       ^^^^^^^^^^^
lib/generated/spacex_api/device/wifi.pb.dart:6918:8: Error: 'UInt32Value' isn't a type.
    $4.UInt32Value? dnsForwardsSuccess,
       ^^^^^^^^^^^
lib/generated/spacex_api/device/wifi.pb.dart:6919:8: Error: 'UInt32Value' isn't a type.
    $4.UInt32Value? dnsForwardsServerFailure,
       ^^^^^^^^^^^
lib/generated/spacex_api/device/wifi.pb.dart:6920:8: Error: 'UInt32Value' isn't a type.
    $4.UInt32Value? dnsForwardsNoServerResponse,
       ^^^^^^^^^^^
lib/generated/spacex_api/device/wifi.pb.dart:6921:8: Error: 'UInt32Value' isn't a type.
    $4.UInt32Value? dnsForwardsSuccessOnDefaultBackup,
       ^^^^^^^^^^^
lib/generated/spacex_api/device/wifi.pb.dart:6922:8: Error: 'UInt32Value' isn't a type.
    $4.UInt32Value? dnsForwardsDropped,
       ^^^^^^^^^^^
lib/generated/spacex_api/device/wifi.pb.dart:6923:8: Error: 'UInt32Value' isn't a type.
    $4.UInt32Value? dnsForwardsWithBackup,
       ^^^^^^^^^^^
lib/generated/spacex_api/device/wifi.pb.dart:7471:14: Error: 'StringValue' isn't a type.
    ..aOM<$4.StringValue>(1, _omitFieldNames ? '' : 'id',
             ^^^^^^^^^^^
lib/generated/spacex_api/device/wifi.pb.dart:7472:24: Error: Undefined name 'StringValue'.
        subBuilder: $4.StringValue.create)
                       ^^^^^^^^^^^
lib/generated/spacex_api/device/wifi.pb.dart:7473:14: Error: 'StringValue' isn't a type.
    ..aOM<$4.StringValue>(2, _omitFieldNames ? '' : 'timestampDate',
             ^^^^^^^^^^^
lib/generated/spacex_api/device/wifi.pb.dart:7474:24: Error: Undefined name 'StringValue'.
        subBuilder: $4.StringValue.create)
                       ^^^^^^^^^^^
lib/generated/spacex_api/device/wifi.pb.dart:7475:14: Error: 'UInt32Value' isn't a type.
    ..aOM<$4.UInt32Value>(3, _omitFieldNames ? '' : 'timestampHour',
             ^^^^^^^^^^^
lib/generated/spacex_api/device/wifi.pb.dart:7476:24: Error: Undefined name 'UInt32Value'.
        subBuilder: $4.UInt32Value.create)
                       ^^^^^^^^^^^
lib/generated/spacex_api/device/wifi.pb.dart:7477:14: Error: 'UInt32Value' isn't a type.
    ..aOM<$4.UInt32Value>(4, _omitFieldNames ? '' : 'sysHwGen',
             ^^^^^^^^^^^
lib/generated/spacex_api/device/wifi.pb.dart:7478:24: Error: Undefined name 'UInt32Value'.
        subBuilder: $4.UInt32Value.create)
                       ^^^^^^^^^^^
lib/generated/spacex_api/device/wifi.pb.dart:7479:14: Error: 'StringValue' isn't a type.
    ..aOM<$4.StringValue>(5, _omitFieldNames ? '' : 'sysSw',
             ^^^^^^^^^^^
lib/generated/spacex_api/device/wifi.pb.dart:7480:24: Error: Undefined name 'StringValue'.
        subBuilder: $4.StringValue.create)
                       ^^^^^^^^^^^
lib/generated/spacex_api/device/wifi.pb.dart:7481:14: Error: 'StringValue' isn't a type.
    ..aOM<$4.StringValue>(6, _omitFieldNames ? '' : 'sysCountry',
             ^^^^^^^^^^^
lib/generated/spacex_api/device/wifi.pb.dart:7482:24: Error: Undefined name 'StringValue'.
        subBuilder: $4.StringValue.create)
                       ^^^^^^^^^^^
lib/generated/spacex_api/device/wifi.pb.dart:7483:14: Error: 'BoolValue' isn't a type.
    ..aOM<$4.BoolValue>(7, _omitFieldNames ? '' : 'sysIsDev',
             ^^^^^^^^^
lib/generated/spacex_api/device/wifi.pb.dart:7484:24: Error: Undefined name 'BoolValue'.
        subBuilder: $4.BoolValue.create)
                       ^^^^^^^^^
lib/generated/spacex_api/device/wifi.pb.dart:7485:14: Error: 'UInt32Value' isn't a type.
    ..aOM<$4.UInt32Value>(8, _omitFieldNames ? '' : 'sysAllocFds',
             ^^^^^^^^^^^
lib/generated/spacex_api/device/wifi.pb.dart:7486:24: Error: Undefined name 'UInt32Value'.
        subBuilder: $4.UInt32Value.create)
                       ^^^^^^^^^^^
lib/generated/spacex_api/device/wifi.pb.dart:7487:14: Error: 'FloatValue' isn't a type.
    ..aOM<$4.FloatValue>(9, _omitFieldNames ? '' : 'sysCpuUsage',
             ^^^^^^^^^^
lib/generated/spacex_api/device/wifi.pb.dart:7488:24: Error: Undefined name 'FloatValue'.
        subBuilder: $4.FloatValue.create)
                       ^^^^^^^^^^
lib/generated/spacex_api/device/wifi.pb.dart:7489:14: Error: 'FloatValue' isn't a type.
    ..aOM<$4.FloatValue>(10, _omitFieldNames ? '' : 'sysMemFreeKb',
             ^^^^^^^^^^
lib/generated/spacex_api/device/wifi.pb.dart:7490:24: Error: Undefined name 'FloatValue'.
        subBuilder: $4.FloatValue.create)
                       ^^^^^^^^^^
lib/generated/spacex_api/device/wifi.pb.dart:7491:14: Error: 'Int32Value' isn't a type.
    ..aOM<$4.Int32Value>(11, _omitFieldNames ? '' : 'sysBootcount',
             ^^^^^^^^^^
lib/generated/spacex_api/device/wifi.pb.dart:7492:24: Error: Undefined name 'Int32Value'.
        subBuilder: $4.Int32Value.create)
                       ^^^^^^^^^^
lib/generated/spacex_api/device/wifi.pb.dart:7493:14: Error: 'BoolValue' isn't a type.
    ..aOM<$4.BoolValue>(12, _omitFieldNames ? '' : 'sysPartitionsEqual',
             ^^^^^^^^^
lib/generated/spacex_api/device/wifi.pb.dart:7494:24: Error: Undefined name 'BoolValue'.
        subBuilder: $4.BoolValue.create)
                       ^^^^^^^^^
lib/generated/spacex_api/device/wifi.pb.dart:7495:14: Error: 'UInt32Value' isn't a type.
    ..aOM<$4.UInt32Value>(13, _omitFieldNames ? '' : 'sysUptimeSeconds',
             ^^^^^^^^^^^
lib/generated/spacex_api/device/wifi.pb.dart:7496:24: Error: Undefined name 'UInt32Value'.
        subBuilder: $4.UInt32Value.create)
                       ^^^^^^^^^^^
lib/generated/spacex_api/device/wifi.pb.dart:7497:14: Error: 'Int32Value' isn't a type.
    ..aOM<$4.Int32Value>(14, _omitFieldNames ? '' : 'sysAntiRollbackVersion',
             ^^^^^^^^^^
lib/generated/spacex_api/device/wifi.pb.dart:7498:24: Error: Undefined name 'Int32Value'.
        subBuilder: $4.Int32Value.create)
                       ^^^^^^^^^^
lib/generated/spacex_api/device/wifi.pb.dart:7499:14: Error: 'BoolValue' isn't a type.
    ..aOM<$4.BoolValue>(15, _omitFieldNames ? '' : 'sysIsWitl',
             ^^^^^^^^^
lib/generated/spacex_api/device/wifi.pb.dart:7500:24: Error: Undefined name 'BoolValue'.
        subBuilder: $4.BoolValue.create)
                       ^^^^^^^^^
lib/generated/spacex_api/device/wifi.pb.dart:7501:14: Error: 'BoolValue' isn't a type.
    ..aOM<$4.BoolValue>(16, _omitFieldNames ? '' : 'sysIsAviationConformed',
             ^^^^^^^^^
lib/generated/spacex_api/device/wifi.pb.dart:7502:24: Error: Undefined name 'BoolValue'.
        subBuilder: $4.BoolValue.create)
                       ^^^^^^^^^
lib/generated/spacex_api/device/wifi.pb.dart:7503:14: Error: 'UInt32Value' isn't a type.
    ..aOM<$4.UInt32Value>(17, _omitFieldNames ? '' : 'sysUbiMaxEc',
             ^^^^^^^^^^^
lib/generated/spacex_api/device/wifi.pb.dart:7504:24: Error: Undefined name 'UInt32Value'.
        subBuilder: $4.UInt32Value.create)
                       ^^^^^^^^^^^
lib/generated/spacex_api/device/wifi.pb.dart:7505:14: Error: 'UInt32Value' isn't a type.
    ..aOM<$4.UInt32Value>(18, _omitFieldNames ? '' : 'sysUbiBadPeb',
             ^^^^^^^^^^^
lib/generated/spacex_api/device/wifi.pb.dart:7506:24: Error: Undefined name 'UInt32Value'.
        subBuilder: $4.UInt32Value.create)
                       ^^^^^^^^^^^
lib/generated/spacex_api/device/wifi.pb.dart:7507:14: Error: 'UInt32Value' isn't a type.
    ..aOM<$4.UInt32Value>(19, _omitFieldNames ? '' : 'sysBoardRev',
             ^^^^^^^^^^^
lib/generated/spacex_api/device/wifi.pb.dart:7508:24: Error: Undefined name 'UInt32Value'.
        subBuilder: $4.UInt32Value.create)
                       ^^^^^^^^^^^
lib/generated/spacex_api/device/wifi.pb.dart:7509:14: Error: 'UInt32Value' isn't a type.
    ..aOM<$4.UInt32Value>(20, _omitFieldNames ? '' : 'sysCalibrationState',
             ^^^^^^^^^^^
lib/generated/spacex_api/device/wifi.pb.dart:7510:24: Error: Undefined name 'UInt32Value'.
        subBuilder: $4.UInt32Value.create)
                       ^^^^^^^^^^^
lib/generated/spacex_api/device/wifi.pb.dart:7511:14: Error: 'UInt32Value' isn't a type.
    ..aOM<$4.UInt32Value>(
             ^^^^^^^^^^^
lib/generated/spacex_api/device/wifi.pb.dart:7513:24: Error: Undefined name 'UInt32Value'.
        subBuilder: $4.UInt32Value.create)
                       ^^^^^^^^^^^
lib/generated/spacex_api/device/wifi.pb.dart:7514:14: Error: 'UInt32Value' isn't a type.
    ..aOM<$4.UInt32Value>(22, _omitFieldNames ? '' : 'sysHwIndex',
             ^^^^^^^^^^^
lib/generated/spacex_api/device/wifi.pb.dart:7515:24: Error: Undefined name 'UInt32Value'.
        subBuilder: $4.UInt32Value.create)
                       ^^^^^^^^^^^
lib/generated/spacex_api/device/wifi.pb.dart:7516:14: Error: 'UInt32Value' isn't a type.
    ..aOM<$4.UInt32Value>(100, _omitFieldNames ? '' : 'radios2ghzChannel',
             ^^^^^^^^^^^
lib/generated/spacex_api/device/wifi.pb.dart:7517:58: Error: Undefined name 'UInt32Value'.
        protoName: 'radios_2ghz_channel', subBuilder: $4.UInt32Value.create)
                                                         ^^^^^^^^^^^
lib/generated/spacex_api/device/wifi.pb.dart:7518:14: Error: 'FloatValue' isn't a type.
    ..aOM<$4.FloatValue>(101, _omitFieldNames ? '' : 'radios2ghzAntenna1Rssi',
             ^^^^^^^^^^
lib/generated/spacex_api/device/wifi.pb.dart:7520:24: Error: Undefined name 'FloatValue'.
        subBuilder: $4.FloatValue.create)
                       ^^^^^^^^^^
lib/generated/spacex_api/device/wifi.pb.dart:7521:14: Error: 'FloatValue' isn't a type.
    ..aOM<$4.FloatValue>(102, _omitFieldNames ? '' : 'radios2ghzAntenna2Rssi',
             ^^^^^^^^^^
lib/generated/spacex_api/device/wifi.pb.dart:7523:24: Error: Undefined name 'FloatValue'.
        subBuilder: $4.FloatValue.create)
                       ^^^^^^^^^^
lib/generated/spacex_api/device/wifi.pb.dart:7524:14: Error: 'FloatValue' isn't a type.
    ..aOM<$4.FloatValue>(103, _omitFieldNames ? '' : 'radios2ghzAntenna3Rssi',
             ^^^^^^^^^^
lib/generated/spacex_api/device/wifi.pb.dart:7526:24: Error: Undefined name 'FloatValue'.
        subBuilder: $4.FloatValue.create)
                       ^^^^^^^^^^
lib/generated/spacex_api/device/wifi.pb.dart:7527:14: Error: 'UInt32Value' isn't a type.
    ..aOM<$4.UInt32Value>(104, _omitFieldNames ? '' : 'radios2ghzIfaceCount',
             ^^^^^^^^^^^
lib/generated/spacex_api/device/wifi.pb.dart:7528:62: Error: Undefined name 'UInt32Value'.
        protoName: 'radios_2ghz_iface_count', subBuilder: $4.UInt32Value.create)
                                                             ^^^^^^^^^^^
lib/generated/spacex_api/device/wifi.pb.dart:7529:14: Error: 'FloatValue' isn't a type.
    ..aOM<$4.FloatValue>(
             ^^^^^^^^^^
lib/generated/spacex_api/device/wifi.pb.dart:7532:24: Error: Undefined name 'FloatValue'.
        subBuilder: $4.FloatValue.create)
                       ^^^^^^^^^^
lib/generated/spacex_api/device/wifi.pb.dart:7533:14: Error: 'FloatValue' isn't a type.
    ..aOM<$4.FloatValue>(106, _omitFieldNames ? '' : 'radios2ghzEdccaFraction',
             ^^^^^^^^^^
lib/generated/spacex_api/device/wifi.pb.dart:7535:24: Error: Undefined name 'FloatValue'.
        subBuilder: $4.FloatValue.create)
                       ^^^^^^^^^^
lib/generated/spacex_api/device/wifi.pb.dart:7536:14: Error: 'FloatValue' isn't a type.
    ..aOM<$4.FloatValue>(
             ^^^^^^^^^^
lib/generated/spacex_api/device/wifi.pb.dart:7539:24: Error: Undefined name 'FloatValue'.
        subBuilder: $4.FloatValue.create)
                       ^^^^^^^^^^
lib/generated/spacex_api/device/wifi.pb.dart:7540:14: Error: 'Int64Value' isn't a type.
    ..aOM<$4.Int64Value>(108, _omitFieldNames ? '' : 'radios2ghzRxBytes',
             ^^^^^^^^^^
lib/generated/spacex_api/device/wifi.pb.dart:7541:59: Error: Undefined name 'Int64Value'.
        protoName: 'radios_2ghz_rx_bytes', subBuilder: $4.Int64Value.create)
                                                          ^^^^^^^^^^
lib/generated/spacex_api/device/wifi.pb.dart:7542:14: Error: 'Int64Value' isn't a type.
    ..aOM<$4.Int64Value>(109, _omitFieldNames ? '' : 'radios2ghzRxPackets',
             ^^^^^^^^^^
lib/generated/spacex_api/device/wifi.pb.dart:7543:61: Error: Undefined name 'Int64Value'.
        protoName: 'radios_2ghz_rx_packets', subBuilder: $4.Int64Value.create)
                                                            ^^^^^^^^^^
lib/generated/spacex_api/device/wifi.pb.dart:7544:14: Error: 'Int64Value' isn't a type.
    ..aOM<$4.Int64Value>(110, _omitFieldNames ? '' : 'radios2ghzRxErrors',
             ^^^^^^^^^^
lib/generated/spacex_api/device/wifi.pb.dart:7545:60: Error: Undefined name 'Int64Value'.
        protoName: 'radios_2ghz_rx_errors', subBuilder: $4.Int64Value.create)
                                                           ^^^^^^^^^^
lib/generated/spacex_api/device/wifi.pb.dart:7546:14: Error: 'Int64Value' isn't a type.
    ..aOM<$4.Int64Value>(111, _omitFieldNames ? '' : 'radios2ghzRxFrameErrors',
             ^^^^^^^^^^
lib/generated/spacex_api/device/wifi.pb.dart:7548:24: Error: Undefined name 'Int64Value'.
        subBuilder: $4.Int64Value.create)
                       ^^^^^^^^^^
lib/generated/spacex_api/device/wifi.pb.dart:7549:14: Error: 'FloatValue' isn't a type.
    ..aOM<$4.FloatValue>(
             ^^^^^^^^^^
lib/generated/spacex_api/device/wifi.pb.dart:7552:24: Error: Undefined name 'FloatValue'.
        subBuilder: $4.FloatValue.create)
                       ^^^^^^^^^^
lib/generated/spacex_api/device/wifi.pb.dart:7553:14: Error: 'FloatValue' isn't a type.
    ..aOM<$4.FloatValue>(
             ^^^^^^^^^^
lib/generated/spacex_api/device/wifi.pb.dart:7556:24: Error: Undefined name 'FloatValue'.
        subBuilder: $4.FloatValue.create)
                       ^^^^^^^^^^
lib/generated/spacex_api/device/wifi.pb.dart:7557:14: Error: 'Int64Value' isn't a type.
    ..aOM<$4.Int64Value>(114, _omitFieldNames ? '' : 'radios2ghzTxBytes',
             ^^^^^^^^^^
lib/generated/spacex_api/device/wifi.pb.dart:7558:59: Error: Undefined name 'Int64Value'.
        protoName: 'radios_2ghz_tx_bytes', subBuilder: $4.Int64Value.create)
                                                          ^^^^^^^^^^
lib/generated/spacex_api/device/wifi.pb.dart:7559:14: Error: 'Int64Value' isn't a type.
    ..aOM<$4.Int64Value>(115, _omitFieldNames ? '' : 'radios2ghzTxPackets',
             ^^^^^^^^^^
lib/generated/spacex_api/device/wifi.pb.dart:7560:61: Error: Undefined name 'Int64Value'.
        protoName: 'radios_2ghz_tx_packets', subBuilder: $4.Int64Value.create)
                                                            ^^^^^^^^^^
lib/generated/spacex_api/device/wifi.pb.dart:7561:14: Error: 'Int64Value' isn't a type.
    ..aOM<$4.Int64Value>(116, _omitFieldNames ? '' : 'radios2ghzTxErrors',
             ^^^^^^^^^^
lib/generated/spacex_api/device/wifi.pb.dart:7562:60: Error: Undefined name 'Int64Value'.
        protoName: 'radios_2ghz_tx_errors', subBuilder: $4.Int64Value.create)
                                                           ^^^^^^^^^^
lib/generated/spacex_api/device/wifi.pb.dart:7563:14: Error: 'FloatValue' isn't a type.
    ..aOM<$4.FloatValue>(
             ^^^^^^^^^^
lib/generated/spacex_api/device/wifi.pb.dart:7566:24: Error: Undefined name 'FloatValue'.
        subBuilder: $4.FloatValue.create)
                       ^^^^^^^^^^
lib/generated/spacex_api/device/wifi.pb.dart:7567:14: Error: 'FloatValue' isn't a type.
    ..aOM<$4.FloatValue>(
             ^^^^^^^^^^
lib/generated/spacex_api/device/wifi.pb.dart:7570:24: Error: Undefined name 'FloatValue'.
        subBuilder: $4.FloatValue.create)
                       ^^^^^^^^^^
lib/generated/spacex_api/device/wifi.pb.dart:7571:14: Error: 'UInt32Value' isn't a type.
    ..aOM<$4.UInt32Value>(119, _omitFieldNames ? '' : 'radios5ghzChannel',
             ^^^^^^^^^^^
lib/generated/spacex_api/device/wifi.pb.dart:7572:58: Error: Undefined name 'UInt32Value'.
        protoName: 'radios_5ghz_channel', subBuilder: $4.UInt32Value.create)
                                                         ^^^^^^^^^^^
lib/generated/spacex_api/device/wifi.pb.dart:7573:14: Error: 'FloatValue' isn't a type.
    ..aOM<$4.FloatValue>(120, _omitFieldNames ? '' : 'radios5ghzAntenna1Rssi',
             ^^^^^^^^^^
lib/generated/spacex_api/device/wifi.pb.dart:7575:24: Error: Undefined name 'FloatValue'.
        subBuilder: $4.FloatValue.create)
                       ^^^^^^^^^^
lib/generated/spacex_api/device/wifi.pb.dart:7576:14: Error: 'FloatValue' isn't a type.
    ..aOM<$4.FloatValue>(121, _omitFieldNames ? '' : 'radios5ghzAntenna2Rssi',
             ^^^^^^^^^^
lib/generated/spacex_api/device/wifi.pb.dart:7578:24: Error: Undefined name 'FloatValue'.
        subBuilder: $4.FloatValue.create)
                       ^^^^^^^^^^
lib/generated/spacex_api/device/wifi.pb.dart:7579:14: Error: 'FloatValue' isn't a type.
    ..aOM<$4.FloatValue>(122, _omitFieldNames ? '' : 'radios5ghzAntenna3Rssi',
             ^^^^^^^^^^
lib/generated/spacex_api/device/wifi.pb.dart:7581:24: Error: Undefined name 'FloatValue'.
        subBuilder: $4.FloatValue.create)
                       ^^^^^^^^^^
lib/generated/spacex_api/device/wifi.pb.dart:7582:14: Error: 'UInt32Value' isn't a type.
    ..aOM<$4.UInt32Value>(123, _omitFieldNames ? '' : 'radios5ghzIfaceCount',
             ^^^^^^^^^^^
lib/generated/spacex_api/device/wifi.pb.dart:7583:62: Error: Undefined name 'UInt32Value'.
        protoName: 'radios_5ghz_iface_count', subBuilder: $4.UInt32Value.create)
                                                             ^^^^^^^^^^^
lib/generated/spacex_api/device/wifi.pb.dart:7584:14: Error: 'FloatValue' isn't a type.
    ..aOM<$4.FloatValue>(
             ^^^^^^^^^^
lib/generated/spacex_api/device/wifi.pb.dart:7587:24: Error: Undefined name 'FloatValue'.
        subBuilder: $4.FloatValue.create)
                       ^^^^^^^^^^
lib/generated/spacex_api/device/wifi.pb.dart:7588:14: Error: 'FloatValue' isn't a type.
    ..aOM<$4.FloatValue>(125, _omitFieldNames ? '' : 'radios5ghzEdccaFraction',
             ^^^^^^^^^^
lib/generated/spacex_api/device/wifi.pb.dart:7590:24: Error: Undefined name 'FloatValue'.
        subBuilder: $4.FloatValue.create)
                       ^^^^^^^^^^
lib/generated/spacex_api/device/wifi.pb.dart:7591:14: Error: 'FloatValue' isn't a type.
    ..aOM<$4.FloatValue>(
             ^^^^^^^^^^
lib/generated/spacex_api/device/wifi.pb.dart:7594:24: Error: Undefined name 'FloatValue'.
        subBuilder: $4.FloatValue.create)
                       ^^^^^^^^^^
lib/generated/spacex_api/device/wifi.pb.dart:7595:14: Error: 'Int64Value' isn't a type.
    ..aOM<$4.Int64Value>(127, _omitFieldNames ? '' : 'radios5ghzRxBytes',
             ^^^^^^^^^^
lib/generated/spacex_api/device/wifi.pb.dart:7596:59: Error: Undefined name 'Int64Value'.
        protoName: 'radios_5ghz_rx_bytes', subBuilder: $4.Int64Value.create)
                                                          ^^^^^^^^^^
lib/generated/spacex_api/device/wifi.pb.dart:7597:14: Error: 'Int64Value' isn't a type.
    ..aOM<$4.Int64Value>(128, _omitFieldNames ? '' : 'radios5ghzRxPackets',
             ^^^^^^^^^^
lib/generated/spacex_api/device/wifi.pb.dart:7598:61: Error: Undefined name 'Int64Value'.
        protoName: 'radios_5ghz_rx_packets', subBuilder: $4.Int64Value.create)
                                                            ^^^^^^^^^^
lib/generated/spacex_api/device/wifi.pb.dart:7599:14: Error: 'Int64Value' isn't a type.
    ..aOM<$4.Int64Value>(129, _omitFieldNames ? '' : 'radios5ghzRxErrors',
             ^^^^^^^^^^
lib/generated/spacex_api/device/wifi.pb.dart:7600:60: Error: Undefined name 'Int64Value'.
        protoName: 'radios_5ghz_rx_errors', subBuilder: $4.Int64Value.create)
                                                           ^^^^^^^^^^
lib/generated/spacex_api/device/wifi.pb.dart:7601:14: Error: 'Int64Value' isn't a type.
    ..aOM<$4.Int64Value>(130, _omitFieldNames ? '' : 'radios5ghzRxFrameErrors',
             ^^^^^^^^^^
lib/generated/spacex_api/device/wifi.pb.dart:7603:24: Error: Undefined name 'Int64Value'.
        subBuilder: $4.Int64Value.create)
                       ^^^^^^^^^^
lib/generated/spacex_api/device/wifi.pb.dart:7604:14: Error: 'FloatValue' isn't a type.
    ..aOM<$4.FloatValue>(
             ^^^^^^^^^^
lib/generated/spacex_api/device/wifi.pb.dart:7607:24: Error: Undefined name 'FloatValue'.
        subBuilder: $4.FloatValue.create)
                       ^^^^^^^^^^
lib/generated/spacex_api/device/wifi.pb.dart:7608:14: Error: 'FloatValue' isn't a type.
    ..aOM<$4.FloatValue>(
             ^^^^^^^^^^
lib/generated/spacex_api/device/wifi.pb.dart:7611:24: Error: Undefined name 'FloatValue'.
        subBuilder: $4.FloatValue.create)
                       ^^^^^^^^^^
lib/generated/spacex_api/device/wifi.pb.dart:7612:14: Error: 'Int64Value' isn't a type.
    ..aOM<$4.Int64Value>(133, _omitFieldNames ? '' : 'radios5ghzTxBytes',
             ^^^^^^^^^^
lib/generated/spacex_api/device/wifi.pb.dart:7613:59: Error: Undefined name 'Int64Value'.
        protoName: 'radios_5ghz_tx_bytes', subBuilder: $4.Int64Value.create)
                                                          ^^^^^^^^^^
lib/generated/spacex_api/device/wifi.pb.dart:7614:14: Error: 'Int64Value' isn't a type.
    ..aOM<$4.Int64Value>(134, _omitFieldNames ? '' : 'radios5ghzTxPackets',
             ^^^^^^^^^^
lib/generated/spacex_api/device/wifi.pb.dart:7615:61: Error: Undefined name 'Int64Value'.
        protoName: 'radios_5ghz_tx_packets', subBuilder: $4.Int64Value.create)
                                                            ^^^^^^^^^^
lib/generated/spacex_api/device/wifi.pb.dart:7616:14: Error: 'Int64Value' isn't a type.
    ..aOM<$4.Int64Value>(135, _omitFieldNames ? '' : 'radios5ghzTxErrors',
             ^^^^^^^^^^
lib/generated/spacex_api/device/wifi.pb.dart:7617:60: Error: Undefined name 'Int64Value'.
        protoName: 'radios_5ghz_tx_errors', subBuilder: $4.Int64Value.create)
                                                           ^^^^^^^^^^
lib/generated/spacex_api/device/wifi.pb.dart:7618:14: Error: 'FloatValue' isn't a type.
    ..aOM<$4.FloatValue>(
             ^^^^^^^^^^
lib/generated/spacex_api/device/wifi.pb.dart:7621:24: Error: Undefined name 'FloatValue'.
        subBuilder: $4.FloatValue.create)
                       ^^^^^^^^^^
lib/generated/spacex_api/device/wifi.pb.dart:7622:14: Error: 'FloatValue' isn't a type.
    ..aOM<$4.FloatValue>(
             ^^^^^^^^^^
lib/generated/spacex_api/device/wifi.pb.dart:7625:24: Error: Undefined name 'FloatValue'.
        subBuilder: $4.FloatValue.create)
                       ^^^^^^^^^^
lib/generated/spacex_api/device/wifi.pb.dart:7626:14: Error: 'UInt32Value' isn't a type.
    ..aOM<$4.UInt32Value>(138, _omitFieldNames ? '' : 'radios5ghzHighChannel',
             ^^^^^^^^^^^
lib/generated/spacex_api/device/wifi.pb.dart:7628:24: Error: Undefined name 'UInt32Value'.
        subBuilder: $4.UInt32Value.create)
                       ^^^^^^^^^^^
lib/generated/spacex_api/device/wifi.pb.dart:7629:14: Error: 'FloatValue' isn't a type.
    ..aOM<$4.FloatValue>(
             ^^^^^^^^^^
lib/generated/spacex_api/device/wifi.pb.dart:7632:24: Error: Undefined name 'FloatValue'.
        subBuilder: $4.FloatValue.create)
                       ^^^^^^^^^^
lib/generated/spacex_api/device/wifi.pb.dart:7633:14: Error: 'FloatValue' isn't a type.
    ..aOM<$4.FloatValue>(
             ^^^^^^^^^^
lib/generated/spacex_api/device/wifi.pb.dart:7636:24: Error: Undefined name 'FloatValue'.
        subBuilder: $4.FloatValue.create)
                       ^^^^^^^^^^
lib/generated/spacex_api/device/wifi.pb.dart:7637:14: Error: 'FloatValue' isn't a type.
    ..aOM<$4.FloatValue>(
             ^^^^^^^^^^
lib/generated/spacex_api/device/wifi.pb.dart:7640:24: Error: Undefined name 'FloatValue'.
        subBuilder: $4.FloatValue.create)
                       ^^^^^^^^^^
lib/generated/spacex_api/device/wifi.pb.dart:7641:14: Error: 'UInt32Value' isn't a type.
    ..aOM<$4.UInt32Value>(
             ^^^^^^^^^^^
lib/generated/spacex_api/device/wifi.pb.dart:7644:24: Error: Undefined name 'UInt32Value'.
        subBuilder: $4.UInt32Value.create)
                       ^^^^^^^^^^^
lib/generated/spacex_api/device/wifi.pb.dart:7645:14: Error: 'FloatValue' isn't a type.
    ..aOM<$4.FloatValue>(
             ^^^^^^^^^^
lib/generated/spacex_api/device/wifi.pb.dart:7648:24: Error: Undefined name 'FloatValue'.
        subBuilder: $4.FloatValue.create)
                       ^^^^^^^^^^
lib/generated/spacex_api/device/wifi.pb.dart:7649:14: Error: 'FloatValue' isn't a type.
    ..aOM<$4.FloatValue>(
             ^^^^^^^^^^
lib/generated/spacex_api/device/wifi.pb.dart:7652:24: Error: Undefined name 'FloatValue'.
        subBuilder: $4.FloatValue.create)
                       ^^^^^^^^^^
lib/generated/spacex_api/device/wifi.pb.dart:7653:14: Error: 'FloatValue' isn't a type.
    ..aOM<$4.FloatValue>(
             ^^^^^^^^^^
lib/generated/spacex_api/device/wifi.pb.dart:7656:24: Error: Undefined name 'FloatValue'.
        subBuilder: $4.FloatValue.create)
                       ^^^^^^^^^^
lib/generated/spacex_api/device/wifi.pb.dart:7657:14: Error: 'Int64Value' isn't a type.
    ..aOM<$4.Int64Value>(146, _omitFieldNames ? '' : 'radios5ghzHighRxBytes',
             ^^^^^^^^^^
lib/generated/spacex_api/device/wifi.pb.dart:7659:24: Error: Undefined name 'Int64Value'.
        subBuilder: $4.Int64Value.create)
                       ^^^^^^^^^^
lib/generated/spacex_api/device/wifi.pb.dart:7660:14: Error: 'Int64Value' isn't a type.
    ..aOM<$4.Int64Value>(147, _omitFieldNames ? '' : 'radios5ghzHighRxPackets',
             ^^^^^^^^^^
lib/generated/spacex_api/device/wifi.pb.dart:7662:24: Error: Undefined name 'Int64Value'.
        subBuilder: $4.Int64Value.create)
                       ^^^^^^^^^^
lib/generated/spacex_api/device/wifi.pb.dart:7663:14: Error: 'Int64Value' isn't a type.
    ..aOM<$4.Int64Value>(148, _omitFieldNames ? '' : 'radios5ghzHighRxErrors',
             ^^^^^^^^^^
lib/generated/spacex_api/device/wifi.pb.dart:7665:24: Error: Undefined name 'Int64Value'.
        subBuilder: $4.Int64Value.create)
                       ^^^^^^^^^^
lib/generated/spacex_api/device/wifi.pb.dart:7666:14: Error: 'Int64Value' isn't a type.
    ..aOM<$4.Int64Value>(
             ^^^^^^^^^^
lib/generated/spacex_api/device/wifi.pb.dart:7669:24: Error: Undefined name 'Int64Value'.
        subBuilder: $4.Int64Value.create)
                       ^^^^^^^^^^
lib/generated/spacex_api/device/wifi.pb.dart:7670:14: Error: 'FloatValue' isn't a type.
    ..aOM<$4.FloatValue>(
             ^^^^^^^^^^
lib/generated/spacex_api/device/wifi.pb.dart:7673:24: Error: Undefined name 'FloatValue'.
        subBuilder: $4.FloatValue.create)
                       ^^^^^^^^^^
lib/generated/spacex_api/device/wifi.pb.dart:7674:14: Error: 'FloatValue' isn't a type.
    ..aOM<$4.FloatValue>(
             ^^^^^^^^^^
lib/generated/spacex_api/device/wifi.pb.dart:7677:24: Error: Undefined name 'FloatValue'.
        subBuilder: $4.FloatValue.create)
                       ^^^^^^^^^^
lib/generated/spacex_api/device/wifi.pb.dart:7678:14: Error: 'Int64Value' isn't a type.
    ..aOM<$4.Int64Value>(152, _omitFieldNames ? '' : 'radios5ghzHighTxBytes',
             ^^^^^^^^^^
lib/generated/spacex_api/device/wifi.pb.dart:7680:24: Error: Undefined name 'Int64Value'.
        subBuilder: $4.Int64Value.create)
                       ^^^^^^^^^^
lib/generated/spacex_api/device/wifi.pb.dart:7681:14: Error: 'Int64Value' isn't a type.
    ..aOM<$4.Int64Value>(153, _omitFieldNames ? '' : 'radios5ghzHighTxPackets',
             ^^^^^^^^^^
lib/generated/spacex_api/device/wifi.pb.dart:7683:24: Error: Undefined name 'Int64Value'.
        subBuilder: $4.Int64Value.create)
                       ^^^^^^^^^^
lib/generated/spacex_api/device/wifi.pb.dart:7684:14: Error: 'Int64Value' isn't a type.
    ..aOM<$4.Int64Value>(154, _omitFieldNames ? '' : 'radios5ghzHighTxErrors',
             ^^^^^^^^^^
lib/generated/spacex_api/device/wifi.pb.dart:7686:24: Error: Undefined name 'Int64Value'.
        subBuilder: $4.Int64Value.create)
                       ^^^^^^^^^^
lib/generated/spacex_api/device/wifi.pb.dart:7687:14: Error: 'FloatValue' isn't a type.
    ..aOM<$4.FloatValue>(
             ^^^^^^^^^^
lib/generated/spacex_api/device/wifi.pb.dart:7690:24: Error: Undefined name 'FloatValue'.
        subBuilder: $4.FloatValue.create)
                       ^^^^^^^^^^
lib/generated/spacex_api/device/wifi.pb.dart:7691:14: Error: 'FloatValue' isn't a type.
    ..aOM<$4.FloatValue>(
             ^^^^^^^^^^
lib/generated/spacex_api/device/wifi.pb.dart:7694:24: Error: Undefined name 'FloatValue'.
        subBuilder: $4.FloatValue.create)
                       ^^^^^^^^^^
lib/generated/spacex_api/device/wifi.pb.dart:7695:14: Error: 'FloatValue' isn't a type.
    ..aOM<$4.FloatValue>(157, _omitFieldNames ? '' : 'radios2ghzAntenna1Tssi',
             ^^^^^^^^^^
lib/generated/spacex_api/device/wifi.pb.dart:7697:24: Error: Undefined name 'FloatValue'.
        subBuilder: $4.FloatValue.create)
                       ^^^^^^^^^^
lib/generated/spacex_api/device/wifi.pb.dart:7698:14: Error: 'FloatValue' isn't a type.
    ..aOM<$4.FloatValue>(158, _omitFieldNames ? '' : 'radios2ghzAntenna2Tssi',
             ^^^^^^^^^^
lib/generated/spacex_api/device/wifi.pb.dart:7700:24: Error: Undefined name 'FloatValue'.
        subBuilder: $4.FloatValue.create)
                       ^^^^^^^^^^
lib/generated/spacex_api/device/wifi.pb.dart:7701:14: Error: 'FloatValue' isn't a type.
    ..aOM<$4.FloatValue>(159, _omitFieldNames ? '' : 'radios2ghzAntenna3Tssi',
             ^^^^^^^^^^
lib/generated/spacex_api/device/wifi.pb.dart:7703:24: Error: Undefined name 'FloatValue'.
        subBuilder: $4.FloatValue.create)
                       ^^^^^^^^^^
lib/generated/spacex_api/device/wifi.pb.dart:7704:14: Error: 'FloatValue' isn't a type.
    ..aOM<$4.FloatValue>(160, _omitFieldNames ? '' : 'radios2ghzAntenna4Tssi',
             ^^^^^^^^^^
lib/generated/spacex_api/device/wifi.pb.dart:7706:24: Error: Undefined name 'FloatValue'.
        subBuilder: $4.FloatValue.create)
                       ^^^^^^^^^^
lib/generated/spacex_api/device/wifi.pb.dart:7707:14: Error: 'FloatValue' isn't a type.
    ..aOM<$4.FloatValue>(161, _omitFieldNames ? '' : 'radios5ghzAntenna1Tssi',
             ^^^^^^^^^^
lib/generated/spacex_api/device/wifi.pb.dart:7709:24: Error: Undefined name 'FloatValue'.
        subBuilder: $4.FloatValue.create)
                       ^^^^^^^^^^
lib/generated/spacex_api/device/wifi.pb.dart:7710:14: Error: 'FloatValue' isn't a type.
    ..aOM<$4.FloatValue>(162, _omitFieldNames ? '' : 'radios5ghzAntenna2Tssi',
             ^^^^^^^^^^
lib/generated/spacex_api/device/wifi.pb.dart:7712:24: Error: Undefined name 'FloatValue'.
        subBuilder: $4.FloatValue.create)
                       ^^^^^^^^^^
lib/generated/spacex_api/device/wifi.pb.dart:7713:14: Error: 'FloatValue' isn't a type.
    ..aOM<$4.FloatValue>(163, _omitFieldNames ? '' : 'radios5ghzAntenna3Tssi',
             ^^^^^^^^^^
lib/generated/spacex_api/device/wifi.pb.dart:7715:24: Error: Undefined name 'FloatValue'.
        subBuilder: $4.FloatValue.create)
                       ^^^^^^^^^^
lib/generated/spacex_api/device/wifi.pb.dart:7716:14: Error: 'FloatValue' isn't a type.
    ..aOM<$4.FloatValue>(164, _omitFieldNames ? '' : 'radios5ghzAntenna4Tssi',
             ^^^^^^^^^^
lib/generated/spacex_api/device/wifi.pb.dart:7718:24: Error: Undefined name 'FloatValue'.
        subBuilder: $4.FloatValue.create)
                       ^^^^^^^^^^
lib/generated/spacex_api/device/wifi.pb.dart:7719:14: Error: 'FloatValue' isn't a type.
    ..aOM<$4.FloatValue>(
             ^^^^^^^^^^
lib/generated/spacex_api/device/wifi.pb.dart:7722:24: Error: Undefined name 'FloatValue'.
        subBuilder: $4.FloatValue.create)
                       ^^^^^^^^^^
lib/generated/spacex_api/device/wifi.pb.dart:7723:14: Error: 'FloatValue' isn't a type.
    ..aOM<$4.FloatValue>(
             ^^^^^^^^^^
lib/generated/spacex_api/device/wifi.pb.dart:7726:24: Error: Undefined name 'FloatValue'.
        subBuilder: $4.FloatValue.create)
                       ^^^^^^^^^^
lib/generated/spacex_api/device/wifi.pb.dart:7727:14: Error: 'FloatValue' isn't a type.
    ..aOM<$4.FloatValue>(
             ^^^^^^^^^^
lib/generated/spacex_api/device/wifi.pb.dart:7730:24: Error: Undefined name 'FloatValue'.
        subBuilder: $4.FloatValue.create)
                       ^^^^^^^^^^
lib/generated/spacex_api/device/wifi.pb.dart:7731:14: Error: 'FloatValue' isn't a type.
    ..aOM<$4.FloatValue>(
             ^^^^^^^^^^
lib/generated/spacex_api/device/wifi.pb.dart:7734:24: Error: Undefined name 'FloatValue'.
        subBuilder: $4.FloatValue.create)
                       ^^^^^^^^^^
lib/generated/spacex_api/device/wifi.pb.dart:7735:14: Error: 'FloatValue' isn't a type.
    ..aOM<$4.FloatValue>(197, _omitFieldNames ? '' : 'radios2ghzAntenna4Rssi',
             ^^^^^^^^^^
lib/generated/spacex_api/device/wifi.pb.dart:7737:24: Error: Undefined name 'FloatValue'.
        subBuilder: $4.FloatValue.create)
                       ^^^^^^^^^^
lib/generated/spacex_api/device/wifi.pb.dart:7738:14: Error: 'FloatValue' isn't a type.
    ..aOM<$4.FloatValue>(198, _omitFieldNames ? '' : 'radios5ghzAntenna4Rssi',
             ^^^^^^^^^^
lib/generated/spacex_api/device/wifi.pb.dart:7740:24: Error: Undefined name 'FloatValue'.
        subBuilder: $4.FloatValue.create)
                       ^^^^^^^^^^
lib/generated/spacex_api/device/wifi.pb.dart:7741:14: Error: 'FloatValue' isn't a type.
    ..aOM<$4.FloatValue>(
             ^^^^^^^^^^
lib/generated/spacex_api/device/wifi.pb.dart:7744:24: Error: Undefined name 'FloatValue'.
        subBuilder: $4.FloatValue.create)
                       ^^^^^^^^^^
lib/generated/spacex_api/device/wifi.pb.dart:7745:14: Error: 'FloatValue' isn't a type.
    ..aOM<$4.FloatValue>(200, _omitFieldNames ? '' : 'radios2ghzThermalTemp',
             ^^^^^^^^^^
lib/generated/spacex_api/device/wifi.pb.dart:7746:63: Error: Undefined name 'FloatValue'.
        protoName: 'radios_2ghz_thermal_temp', subBuilder: $4.FloatValue.create)
                                                              ^^^^^^^^^^
lib/generated/spacex_api/device/wifi.pb.dart:7747:14: Error: 'FloatValue' isn't a type.
    ..aOM<$4.FloatValue>(201, _omitFieldNames ? '' : 'radios5ghzThermalTemp',
             ^^^^^^^^^^
lib/generated/spacex_api/device/wifi.pb.dart:7748:63: Error: Undefined name 'FloatValue'.
        protoName: 'radios_5ghz_thermal_temp', subBuilder: $4.FloatValue.create)
                                                              ^^^^^^^^^^
lib/generated/spacex_api/device/wifi.pb.dart:7749:14: Error: 'FloatValue' isn't a type.
    ..aOM<$4.FloatValue>(
             ^^^^^^^^^^
lib/generated/spacex_api/device/wifi.pb.dart:7752:24: Error: Undefined name 'FloatValue'.
        subBuilder: $4.FloatValue.create)
                       ^^^^^^^^^^
lib/generated/spacex_api/device/wifi.pb.dart:7753:14: Error: 'FloatValue' isn't a type.
    ..aOM<$4.FloatValue>(
             ^^^^^^^^^^
lib/generated/spacex_api/device/wifi.pb.dart:7756:24: Error: Undefined name 'FloatValue'.
        subBuilder: $4.FloatValue.create)
                       ^^^^^^^^^^
lib/generated/spacex_api/device/wifi.pb.dart:7757:14: Error: 'UInt32Value' isn't a type.
    ..aOM<$4.UInt32Value>(
             ^^^^^^^^^^^
lib/generated/spacex_api/device/wifi.pb.dart:7760:24: Error: Undefined name 'UInt32Value'.
        subBuilder: $4.UInt32Value.create)
                       ^^^^^^^^^^^
lib/generated/spacex_api/device/wifi.pb.dart:7761:14: Error: 'UInt32Value' isn't a type.
    ..aOM<$4.UInt32Value>(
             ^^^^^^^^^^^
lib/generated/spacex_api/device/wifi.pb.dart:7764:24: Error: Undefined name 'UInt32Value'.
        subBuilder: $4.UInt32Value.create)
                       ^^^^^^^^^^^
lib/generated/spacex_api/device/wifi.pb.dart:7765:14: Error: 'FloatValue' isn't a type.
    ..aOM<$4.FloatValue>(
             ^^^^^^^^^^
lib/generated/spacex_api/device/wifi.pb.dart:7768:24: Error: Undefined name 'FloatValue'.
        subBuilder: $4.FloatValue.create)
                       ^^^^^^^^^^
lib/generated/spacex_api/device/wifi.pb.dart:7769:14: Error: 'FloatValue' isn't a type.
    ..aOM<$4.FloatValue>(
             ^^^^^^^^^^
lib/generated/spacex_api/device/wifi.pb.dart:7772:24: Error: Undefined name 'FloatValue'.
        subBuilder: $4.FloatValue.create)
                       ^^^^^^^^^^
lib/generated/spacex_api/device/wifi.pb.dart:7773:14: Error: 'UInt32Value' isn't a type.
    ..aOM<$4.UInt32Value>(
             ^^^^^^^^^^^
lib/generated/spacex_api/device/wifi.pb.dart:7776:24: Error: Undefined name 'UInt32Value'.
        subBuilder: $4.UInt32Value.create)
                       ^^^^^^^^^^^
lib/generated/spacex_api/device/wifi.pb.dart:7777:14: Error: 'FloatValue' isn't a type.
    ..aOM<$4.FloatValue>(210, _omitFieldNames ? '' : 'boardTemp',
             ^^^^^^^^^^
lib/generated/spacex_api/device/wifi.pb.dart:7778:24: Error: Undefined name 'FloatValue'.
        subBuilder: $4.FloatValue.create)
                       ^^^^^^^^^^
lib/generated/spacex_api/device/wifi.pb.dart:7779:14: Error: 'FloatValue' isn't a type.
    ..aOM<$4.FloatValue>(211, _omitFieldNames ? '' : 'poeMcuDieTemp',
             ^^^^^^^^^^
lib/generated/spacex_api/device/wifi.pb.dart:7780:24: Error: Undefined name 'FloatValue'.
        subBuilder: $4.FloatValue.create)
                       ^^^^^^^^^^
lib/generated/spacex_api/device/wifi.pb.dart:7781:14: Error: 'FloatValue' isn't a type.
    ..aOM<$4.FloatValue>(212, _omitFieldNames ? '' : 'poePercentWaterDetectAvg',
             ^^^^^^^^^^
lib/generated/spacex_api/device/wifi.pb.dart:7782:24: Error: Undefined name 'FloatValue'.
        subBuilder: $4.FloatValue.create)
                       ^^^^^^^^^^
lib/generated/spacex_api/device/wifi.pb.dart:7783:14: Error: 'Int64Value' isn't a type.
    ..aOM<$4.Int64Value>(300, _omitFieldNames ? '' : 'ifacesLanEthRxBytes',
             ^^^^^^^^^^
lib/generated/spacex_api/device/wifi.pb.dart:7784:24: Error: Undefined name 'Int64Value'.
        subBuilder: $4.Int64Value.create)
                       ^^^^^^^^^^
lib/generated/spacex_api/device/wifi.pb.dart:7785:14: Error: 'Int64Value' isn't a type.
    ..aOM<$4.Int64Value>(301, _omitFieldNames ? '' : 'ifacesLanEthRxPackets',
             ^^^^^^^^^^
lib/generated/spacex_api/device/wifi.pb.dart:7786:24: Error: Undefined name 'Int64Value'.
        subBuilder: $4.Int64Value.create)
                       ^^^^^^^^^^
lib/generated/spacex_api/device/wifi.pb.dart:7787:14: Error: 'Int64Value' isn't a type.
    ..aOM<$4.Int64Value>(302, _omitFieldNames ? '' : 'ifacesLanEthRxErrors',
             ^^^^^^^^^^
lib/generated/spacex_api/device/wifi.pb.dart:7788:24: Error: Undefined name 'Int64Value'.
        subBuilder: $4.Int64Value.create)
                       ^^^^^^^^^^
lib/generated/spacex_api/device/wifi.pb.dart:7789:14: Error: 'Int64Value' isn't a type.
    ..aOM<$4.Int64Value>(
             ^^^^^^^^^^
lib/generated/spacex_api/device/wifi.pb.dart:7791:24: Error: Undefined name 'Int64Value'.
        subBuilder: $4.Int64Value.create)
                       ^^^^^^^^^^
lib/generated/spacex_api/device/wifi.pb.dart:7792:14: Error: 'Int64Value' isn't a type.
    ..aOM<$4.Int64Value>(304, _omitFieldNames ? '' : 'ifacesLanEthTxBytes',
             ^^^^^^^^^^
lib/generated/spacex_api/device/wifi.pb.dart:7793:24: Error: Undefined name 'Int64Value'.
        subBuilder: $4.Int64Value.create)
                       ^^^^^^^^^^
lib/generated/spacex_api/device/wifi.pb.dart:7794:14: Error: 'Int64Value' isn't a type.
    ..aOM<$4.Int64Value>(305, _omitFieldNames ? '' : 'ifacesLanEthTxPackets',
             ^^^^^^^^^^
lib/generated/spacex_api/device/wifi.pb.dart:7795:24: Error: Undefined name 'Int64Value'.
        subBuilder: $4.Int64Value.create)
                       ^^^^^^^^^^
lib/generated/spacex_api/device/wifi.pb.dart:7796:14: Error: 'Int64Value' isn't a type.
    ..aOM<$4.Int64Value>(306, _omitFieldNames ? '' : 'ifacesLanEthTxErrors',
             ^^^^^^^^^^
lib/generated/spacex_api/device/wifi.pb.dart:7797:24: Error: Undefined name 'Int64Value'.
        subBuilder: $4.Int64Value.create)
                       ^^^^^^^^^^
lib/generated/spacex_api/device/wifi.pb.dart:7798:14: Error: 'Int64Value' isn't a type.
    ..aOM<$4.Int64Value>(307, _omitFieldNames ? '' : 'ifacesWanEthRxBytes',
             ^^^^^^^^^^
lib/generated/spacex_api/device/wifi.pb.dart:7799:24: Error: Undefined name 'Int64Value'.
        subBuilder: $4.Int64Value.create)
                       ^^^^^^^^^^
lib/generated/spacex_api/device/wifi.pb.dart:7800:14: Error: 'Int64Value' isn't a type.
    ..aOM<$4.Int64Value>(308, _omitFieldNames ? '' : 'ifacesWanEthRxPackets',
             ^^^^^^^^^^
lib/generated/spacex_api/device/wifi.pb.dart:7801:24: Error: Undefined name 'Int64Value'.
        subBuilder: $4.Int64Value.create)
                       ^^^^^^^^^^
lib/generated/spacex_api/device/wifi.pb.dart:7802:14: Error: 'Int64Value' isn't a type.
    ..aOM<$4.Int64Value>(309, _omitFieldNames ? '' : 'ifacesWanEthRxErrors',
             ^^^^^^^^^^
lib/generated/spacex_api/device/wifi.pb.dart:7803:24: Error: Undefined name 'Int64Value'.
        subBuilder: $4.Int64Value.create)
                       ^^^^^^^^^^
lib/generated/spacex_api/device/wifi.pb.dart:7804:14: Error: 'Int64Value' isn't a type.
    ..aOM<$4.Int64Value>(
             ^^^^^^^^^^
lib/generated/spacex_api/device/wifi.pb.dart:7806:24: Error: Undefined name 'Int64Value'.
        subBuilder: $4.Int64Value.create)
                       ^^^^^^^^^^
lib/generated/spacex_api/device/wifi.pb.dart:7807:14: Error: 'Int64Value' isn't a type.
    ..aOM<$4.Int64Value>(311, _omitFieldNames ? '' : 'ifacesWanEthTxBytes',
             ^^^^^^^^^^
lib/generated/spacex_api/device/wifi.pb.dart:7808:24: Error: Undefined name 'Int64Value'.
        subBuilder: $4.Int64Value.create)
                       ^^^^^^^^^^
lib/generated/spacex_api/device/wifi.pb.dart:7809:14: Error: 'Int64Value' isn't a type.
    ..aOM<$4.Int64Value>(312, _omitFieldNames ? '' : 'ifacesWanEthTxPackets',
             ^^^^^^^^^^
lib/generated/spacex_api/device/wifi.pb.dart:7810:24: Error: Undefined name 'Int64Value'.
        subBuilder: $4.Int64Value.create)
                       ^^^^^^^^^^
lib/generated/spacex_api/device/wifi.pb.dart:7811:14: Error: 'Int64Value' isn't a type.
    ..aOM<$4.Int64Value>(313, _omitFieldNames ? '' : 'ifacesWanEthTxErrors',
             ^^^^^^^^^^
lib/generated/spacex_api/device/wifi.pb.dart:7812:24: Error: Undefined name 'Int64Value'.
        subBuilder: $4.Int64Value.create)
                       ^^^^^^^^^^
lib/generated/spacex_api/device/wifi.pb.dart:7813:14: Error: 'Int64Value' isn't a type.
    ..aOM<$4.Int64Value>(314, _omitFieldNames ? '' : 'ifacesLan1EthRxBytes',
             ^^^^^^^^^^
lib/generated/spacex_api/device/wifi.pb.dart:7814:24: Error: Undefined name 'Int64Value'.
        subBuilder: $4.Int64Value.create)
                       ^^^^^^^^^^
lib/generated/spacex_api/device/wifi.pb.dart:7815:14: Error: 'Int64Value' isn't a type.
    ..aOM<$4.Int64Value>(315, _omitFieldNames ? '' : 'ifacesLan1EthRxPackets',
             ^^^^^^^^^^
lib/generated/spacex_api/device/wifi.pb.dart:7816:24: Error: Undefined name 'Int64Value'.
        subBuilder: $4.Int64Value.create)
                       ^^^^^^^^^^
lib/generated/spacex_api/device/wifi.pb.dart:7817:14: Error: 'Int64Value' isn't a type.
    ..aOM<$4.Int64Value>(316, _omitFieldNames ? '' : 'ifacesLan1EthRxErrors',
             ^^^^^^^^^^
lib/generated/spacex_api/device/wifi.pb.dart:7818:24: Error: Undefined name 'Int64Value'.
        subBuilder: $4.Int64Value.create)
                       ^^^^^^^^^^
lib/generated/spacex_api/device/wifi.pb.dart:7819:14: Error: 'Int64Value' isn't a type.
    ..aOM<$4.Int64Value>(
             ^^^^^^^^^^
lib/generated/spacex_api/device/wifi.pb.dart:7821:24: Error: Undefined name 'Int64Value'.
        subBuilder: $4.Int64Value.create)
                       ^^^^^^^^^^
lib/generated/spacex_api/device/wifi.pb.dart:7822:14: Error: 'Int64Value' isn't a type.
    ..aOM<$4.Int64Value>(318, _omitFieldNames ? '' : 'ifacesLan1EthTxBytes',
             ^^^^^^^^^^
lib/generated/spacex_api/device/wifi.pb.dart:7823:24: Error: Undefined name 'Int64Value'.
        subBuilder: $4.Int64Value.create)
                       ^^^^^^^^^^
lib/generated/spacex_api/device/wifi.pb.dart:7824:14: Error: 'Int64Value' isn't a type.
    ..aOM<$4.Int64Value>(319, _omitFieldNames ? '' : 'ifacesLan1EthTxPackets',
             ^^^^^^^^^^
lib/generated/spacex_api/device/wifi.pb.dart:7825:24: Error: Undefined name 'Int64Value'.
        subBuilder: $4.Int64Value.create)
                       ^^^^^^^^^^
lib/generated/spacex_api/device/wifi.pb.dart:7826:14: Error: 'Int64Value' isn't a type.
    ..aOM<$4.Int64Value>(320, _omitFieldNames ? '' : 'ifacesLan1EthTxErrors',
             ^^^^^^^^^^
lib/generated/spacex_api/device/wifi.pb.dart:7827:24: Error: Undefined name 'Int64Value'.
        subBuilder: $4.Int64Value.create)
                       ^^^^^^^^^^
lib/generated/spacex_api/device/wifi.pb.dart:7828:14: Error: 'StringValue' isn't a type.
    ..aOM<$4.StringValue>(321, _omitFieldNames ? '' : 'ifacesWanPort',
             ^^^^^^^^^^^
lib/generated/spacex_api/device/wifi.pb.dart:7829:24: Error: Undefined name 'StringValue'.
        subBuilder: $4.StringValue.create)
                       ^^^^^^^^^^^
lib/generated/spacex_api/device/wifi.pb.dart:7830:14: Error: 'UInt32Value' isn't a type.
    ..aOM<$4.UInt32Value>(400, _omitFieldNames ? '' : 'clients',
             ^^^^^^^^^^^
lib/generated/spacex_api/device/wifi.pb.dart:7831:24: Error: Undefined name 'UInt32Value'.
        subBuilder: $4.UInt32Value.create)
                       ^^^^^^^^^^^
lib/generated/spacex_api/device/wifi.pb.dart:7832:14: Error: 'UInt32Value' isn't a type.
    ..aOM<$4.UInt32Value>(401, _omitFieldNames ? '' : 'clients2ghz',
             ^^^^^^^^^^^
lib/generated/spacex_api/device/wifi.pb.dart:7833:51: Error: Undefined name 'UInt32Value'.
        protoName: 'clients_2ghz', subBuilder: $4.UInt32Value.create)
                                                  ^^^^^^^^^^^
lib/generated/spacex_api/device/wifi.pb.dart:7834:14: Error: 'UInt32Value' isn't a type.
    ..aOM<$4.UInt32Value>(402, _omitFieldNames ? '' : 'clients5ghz',
             ^^^^^^^^^^^
lib/generated/spacex_api/device/wifi.pb.dart:7835:51: Error: Undefined name 'UInt32Value'.
        protoName: 'clients_5ghz', subBuilder: $4.UInt32Value.create)
                                                  ^^^^^^^^^^^
lib/generated/spacex_api/device/wifi.pb.dart:7836:14: Error: 'UInt32Value' isn't a type.
    ..aOM<$4.UInt32Value>(403, _omitFieldNames ? '' : 'clientsEth',
             ^^^^^^^^^^^
lib/generated/spacex_api/device/wifi.pb.dart:7837:24: Error: Undefined name 'UInt32Value'.
        subBuilder: $4.UInt32Value.create)
                       ^^^^^^^^^^^
lib/generated/spacex_api/device/wifi.pb.dart:7838:14: Error: 'UInt32Value' isn't a type.
    ..aOM<$4.UInt32Value>(404, _omitFieldNames ? '' : 'clientsRepeater',
             ^^^^^^^^^^^
lib/generated/spacex_api/device/wifi.pb.dart:7839:24: Error: Undefined name 'UInt32Value'.
        subBuilder: $4.UInt32Value.create)
                       ^^^^^^^^^^^
lib/generated/spacex_api/device/wifi.pb.dart:7840:14: Error: 'UInt32Value' isn't a type.
    ..aOM<$4.UInt32Value>(405, _omitFieldNames ? '' : 'clientsRepeater2ghz',
             ^^^^^^^^^^^
lib/generated/spacex_api/device/wifi.pb.dart:7841:60: Error: Undefined name 'UInt32Value'.
        protoName: 'clients_repeater_2ghz', subBuilder: $4.UInt32Value.create)
                                                           ^^^^^^^^^^^
lib/generated/spacex_api/device/wifi.pb.dart:7842:14: Error: 'UInt32Value' isn't a type.
    ..aOM<$4.UInt32Value>(406, _omitFieldNames ? '' : 'clientsRepeater5ghz',
             ^^^^^^^^^^^
lib/generated/spacex_api/device/wifi.pb.dart:7843:60: Error: Undefined name 'UInt32Value'.
        protoName: 'clients_repeater_5ghz', subBuilder: $4.UInt32Value.create)
                                                           ^^^^^^^^^^^
lib/generated/spacex_api/device/wifi.pb.dart:7844:14: Error: 'UInt32Value' isn't a type.
    ..aOM<$4.UInt32Value>(407, _omitFieldNames ? '' : 'clientsRepeaterEth',
             ^^^^^^^^^^^
lib/generated/spacex_api/device/wifi.pb.dart:7845:24: Error: Undefined name 'UInt32Value'.
        subBuilder: $4.UInt32Value.create)
                       ^^^^^^^^^^^
lib/generated/spacex_api/device/wifi.pb.dart:7846:14: Error: 'UInt32Value' isn't a type.
    ..aOM<$4.UInt32Value>(408, _omitFieldNames ? '' : 'meshHops',
             ^^^^^^^^^^^
lib/generated/spacex_api/device/wifi.pb.dart:7847:24: Error: Undefined name 'UInt32Value'.
        subBuilder: $4.UInt32Value.create)
                       ^^^^^^^^^^^
lib/generated/spacex_api/device/wifi.pb.dart:7848:14: Error: 'FloatValue' isn't a type.
    ..aOM<$4.FloatValue>(409, _omitFieldNames ? '' : 'meshOneHopRssiAvg2ghz',
             ^^^^^^^^^^
lib/generated/spacex_api/device/wifi.pb.dart:7850:24: Error: Undefined name 'FloatValue'.
        subBuilder: $4.FloatValue.create)
                       ^^^^^^^^^^
lib/generated/spacex_api/device/wifi.pb.dart:7851:14: Error: 'FloatValue' isn't a type.
    ..aOM<$4.FloatValue>(410, _omitFieldNames ? '' : 'meshOneHopRssiAvg5ghz',
             ^^^^^^^^^^
lib/generated/spacex_api/device/wifi.pb.dart:7853:24: Error: Undefined name 'FloatValue'.
        subBuilder: $4.FloatValue.create)
                       ^^^^^^^^^^
lib/generated/spacex_api/device/wifi.pb.dart:7854:14: Error: 'FloatValue' isn't a type.
    ..aOM<$4.FloatValue>(411, _omitFieldNames ? '' : 'meshTwoHopRssiAvg2ghz',
             ^^^^^^^^^^
lib/generated/spacex_api/device/wifi.pb.dart:7856:24: Error: Undefined name 'FloatValue'.
        subBuilder: $4.FloatValue.create)
                       ^^^^^^^^^^
lib/generated/spacex_api/device/wifi.pb.dart:7857:14: Error: 'FloatValue' isn't a type.
    ..aOM<$4.FloatValue>(412, _omitFieldNames ? '' : 'meshTwoHopRssiAvg5ghz',
             ^^^^^^^^^^
lib/generated/spacex_api/device/wifi.pb.dart:7859:24: Error: Undefined name 'FloatValue'.
        subBuilder: $4.FloatValue.create)
                       ^^^^^^^^^^
lib/generated/spacex_api/device/wifi.pb.dart:7860:14: Error: 'UInt32Value' isn't a type.
    ..aOM<$4.UInt32Value>(413, _omitFieldNames ? '' : 'clients5ghzHigh',
             ^^^^^^^^^^^
lib/generated/spacex_api/device/wifi.pb.dart:7861:56: Error: Undefined name 'UInt32Value'.
        protoName: 'clients_5ghz_high', subBuilder: $4.UInt32Value.create)
                                                       ^^^^^^^^^^^
lib/generated/spacex_api/device/wifi.pb.dart:7862:14: Error: 'FloatValue' isn't a type.
    ..aOM<$4.FloatValue>(
             ^^^^^^^^^^
lib/generated/spacex_api/device/wifi.pb.dart:7865:24: Error: Undefined name 'FloatValue'.
        subBuilder: $4.FloatValue.create)
                       ^^^^^^^^^^
lib/generated/spacex_api/device/wifi.pb.dart:7866:14: Error: 'FloatValue' isn't a type.
    ..aOM<$4.FloatValue>(
             ^^^^^^^^^^
lib/generated/spacex_api/device/wifi.pb.dart:7869:24: Error: Undefined name 'FloatValue'.
        subBuilder: $4.FloatValue.create)
                       ^^^^^^^^^^
lib/generated/spacex_api/device/wifi.pb.dart:7870:14: Error: 'UInt32Value' isn't a type.
    ..aOM<$4.UInt32Value>(416, _omitFieldNames ? '' : 'clientsRepeater5ghzHigh',
             ^^^^^^^^^^^
lib/generated/spacex_api/device/wifi.pb.dart:7872:24: Error: Undefined name 'UInt32Value'.
        subBuilder: $4.UInt32Value.create)
                       ^^^^^^^^^^^
lib/generated/spacex_api/device/wifi.pb.dart:7873:14: Error: 'FloatValue' isn't a type.
    ..aOM<$4.FloatValue>(418, _omitFieldNames ? '' : 'repeaterTxRateMbpsMin',
             ^^^^^^^^^^
lib/generated/spacex_api/device/wifi.pb.dart:7874:24: Error: Undefined name 'FloatValue'.
        subBuilder: $4.FloatValue.create)
                       ^^^^^^^^^^
lib/generated/spacex_api/device/wifi.pb.dart:7875:14: Error: 'FloatValue' isn't a type.
    ..aOM<$4.FloatValue>(419, _omitFieldNames ? '' : 'repeaterRxRateMbpsMin',
             ^^^^^^^^^^
lib/generated/spacex_api/device/wifi.pb.dart:7876:24: Error: Undefined name 'FloatValue'.
        subBuilder: $4.FloatValue.create)
                       ^^^^^^^^^^
lib/generated/spacex_api/device/wifi.pb.dart:7877:14: Error: 'FloatValue' isn't a type.
    ..aOM<$4.FloatValue>(420, _omitFieldNames ? '' : 'repeaterTxRateMbpsAvg',
             ^^^^^^^^^^
lib/generated/spacex_api/device/wifi.pb.dart:7878:24: Error: Undefined name 'FloatValue'.
        subBuilder: $4.FloatValue.create)
                       ^^^^^^^^^^
lib/generated/spacex_api/device/wifi.pb.dart:7879:14: Error: 'FloatValue' isn't a type.
    ..aOM<$4.FloatValue>(421, _omitFieldNames ? '' : 'repeaterRxRateMbpsAvg',
             ^^^^^^^^^^
lib/generated/spacex_api/device/wifi.pb.dart:7880:24: Error: Undefined name 'FloatValue'.
        subBuilder: $4.FloatValue.create)
                       ^^^^^^^^^^
lib/generated/spacex_api/device/wifi.pb.dart:7881:14: Error: 'FloatValue' isn't a type.
    ..aOM<$4.FloatValue>(
             ^^^^^^^^^^
lib/generated/spacex_api/device/wifi.pb.dart:7884:24: Error: Undefined name 'FloatValue'.
        subBuilder: $4.FloatValue.create)
                       ^^^^^^^^^^
lib/generated/spacex_api/device/wifi.pb.dart:7885:14: Error: 'FloatValue' isn't a type.
    ..aOM<$4.FloatValue>(
             ^^^^^^^^^^
lib/generated/spacex_api/device/wifi.pb.dart:7888:24: Error: Undefined name 'FloatValue'.
        subBuilder: $4.FloatValue.create)
                       ^^^^^^^^^^
lib/generated/spacex_api/device/wifi.pb.dart:7889:14: Error: 'FloatValue' isn't a type.
    ..aOM<$4.FloatValue>(
             ^^^^^^^^^^
lib/generated/spacex_api/device/wifi.pb.dart:7892:24: Error: Undefined name 'FloatValue'.
        subBuilder: $4.FloatValue.create)
                       ^^^^^^^^^^
lib/generated/spacex_api/device/wifi.pb.dart:7893:14: Error: 'FloatValue' isn't a type.
    ..aOM<$4.FloatValue>(
             ^^^^^^^^^^
lib/generated/spacex_api/device/wifi.pb.dart:7896:24: Error: Undefined name 'FloatValue'.
        subBuilder: $4.FloatValue.create)
                       ^^^^^^^^^^
lib/generated/spacex_api/device/wifi.pb.dart:7897:14: Error: 'FloatValue' isn't a type.
    ..aOM<$4.FloatValue>(426, _omitFieldNames ? '' : 'repeaterLatencyMs1hMax',
             ^^^^^^^^^^
lib/generated/spacex_api/device/wifi.pb.dart:7899:24: Error: Undefined name 'FloatValue'.
        subBuilder: $4.FloatValue.create)
                       ^^^^^^^^^^
lib/generated/spacex_api/device/wifi.pb.dart:7900:14: Error: 'FloatValue' isn't a type.
    ..aOM<$4.FloatValue>(427, _omitFieldNames ? '' : 'repeaterLatencyMs1hAvg',
             ^^^^^^^^^^
lib/generated/spacex_api/device/wifi.pb.dart:7902:24: Error: Undefined name 'FloatValue'.
        subBuilder: $4.FloatValue.create)
                       ^^^^^^^^^^
lib/generated/spacex_api/device/wifi.pb.dart:7903:14: Error: 'UInt32Value' isn't a type.
    ..aOM<$4.UInt32Value>(
             ^^^^^^^^^^^
lib/generated/spacex_api/device/wifi.pb.dart:7906:24: Error: Undefined name 'UInt32Value'.
        subBuilder: $4.UInt32Value.create)
                       ^^^^^^^^^^^
lib/generated/spacex_api/device/wifi.pb.dart:7907:14: Error: 'UInt32Value' isn't a type.
    ..aOM<$4.UInt32Value>(
             ^^^^^^^^^^^
lib/generated/spacex_api/device/wifi.pb.dart:7910:24: Error: Undefined name 'UInt32Value'.
        subBuilder: $4.UInt32Value.create)
                       ^^^^^^^^^^^
lib/generated/spacex_api/device/wifi.pb.dart:7911:14: Error: 'UInt32Value' isn't a type.
    ..aOM<$4.UInt32Value>(
             ^^^^^^^^^^^
lib/generated/spacex_api/device/wifi.pb.dart:7914:24: Error: Undefined name 'UInt32Value'.
        subBuilder: $4.UInt32Value.create)
                       ^^^^^^^^^^^
lib/generated/spacex_api/device/wifi.pb.dart:7915:14: Error: 'UInt32Value' isn't a type.
    ..aOM<$4.UInt32Value>(
             ^^^^^^^^^^^
lib/generated/spacex_api/device/wifi.pb.dart:7918:24: Error: Undefined name 'UInt32Value'.
        subBuilder: $4.UInt32Value.create)
                       ^^^^^^^^^^^
lib/generated/spacex_api/device/wifi.pb.dart:7919:14: Error: 'UInt32Value' isn't a type.
    ..aOM<$4.UInt32Value>(432, _omitFieldNames ? '' : 'macExportsSuccessful',
             ^^^^^^^^^^^
lib/generated/spacex_api/device/wifi.pb.dart:7920:24: Error: Undefined name 'UInt32Value'.
        subBuilder: $4.UInt32Value.create)
                       ^^^^^^^^^^^
lib/generated/spacex_api/device/wifi.pb.dart:7921:14: Error: 'UInt32Value' isn't a type.
    ..aOM<$4.UInt32Value>(
             ^^^^^^^^^^^
lib/generated/spacex_api/device/wifi.pb.dart:7923:24: Error: Undefined name 'UInt32Value'.
        subBuilder: $4.UInt32Value.create)
                       ^^^^^^^^^^^
lib/generated/spacex_api/device/wifi.pb.dart:7924:14: Error: 'UInt32Value' isn't a type.
    ..aOM<$4.UInt32Value>(
             ^^^^^^^^^^^
lib/generated/spacex_api/device/wifi.pb.dart:7926:24: Error: Undefined name 'UInt32Value'.
        subBuilder: $4.UInt32Value.create)
                       ^^^^^^^^^^^
lib/generated/spacex_api/device/wifi.pb.dart:7927:14: Error: 'FloatValue' isn't a type.
    ..aOM<$4.FloatValue>(
             ^^^^^^^^^^
lib/generated/spacex_api/device/wifi.pb.dart:7930:24: Error: Undefined name 'FloatValue'.
        subBuilder: $4.FloatValue.create)
                       ^^^^^^^^^^
lib/generated/spacex_api/device/wifi.pb.dart:7931:14: Error: 'FloatValue' isn't a type.
    ..aOM<$4.FloatValue>(
             ^^^^^^^^^^
lib/generated/spacex_api/device/wifi.pb.dart:7934:24: Error: Undefined name 'FloatValue'.
        subBuilder: $4.FloatValue.create)
                       ^^^^^^^^^^
lib/generated/spacex_api/device/wifi.pb.dart:7935:14: Error: 'FloatValue' isn't a type.
    ..aOM<$4.FloatValue>(
             ^^^^^^^^^^
lib/generated/spacex_api/device/wifi.pb.dart:7938:24: Error: Undefined name 'FloatValue'.
        subBuilder: $4.FloatValue.create)
                       ^^^^^^^^^^
lib/generated/spacex_api/device/wifi.pb.dart:7939:14: Error: 'FloatValue' isn't a type.
    ..aOM<$4.FloatValue>(
             ^^^^^^^^^^
lib/generated/spacex_api/device/wifi.pb.dart:7942:24: Error: Undefined name 'FloatValue'.
        subBuilder: $4.FloatValue.create)
                       ^^^^^^^^^^
lib/generated/spacex_api/device/wifi.pb.dart:7943:14: Error: 'FloatValue' isn't a type.
    ..aOM<$4.FloatValue>(
             ^^^^^^^^^^
lib/generated/spacex_api/device/wifi.pb.dart:7946:24: Error: Undefined name 'FloatValue'.
        subBuilder: $4.FloatValue.create)
                       ^^^^^^^^^^
lib/generated/spacex_api/device/wifi.pb.dart:7947:14: Error: 'FloatValue' isn't a type.
    ..aOM<$4.FloatValue>(605, _omitFieldNames ? '' : 'pingDropRate',
             ^^^^^^^^^^
lib/generated/spacex_api/device/wifi.pb.dart:7948:24: Error: Undefined name 'FloatValue'.
        subBuilder: $4.FloatValue.create)
                       ^^^^^^^^^^
lib/generated/spacex_api/device/wifi.pb.dart:7949:14: Error: 'FloatValue' isn't a type.
    ..aOM<$4.FloatValue>(606, _omitFieldNames ? '' : 'pingDropRateLast1h',
             ^^^^^^^^^^
lib/generated/spacex_api/device/wifi.pb.dart:7950:61: Error: Undefined name 'FloatValue'.
        protoName: 'ping_drop_rate_last_1h', subBuilder: $4.FloatValue.create)
                                                            ^^^^^^^^^^
lib/generated/spacex_api/device/wifi.pb.dart:7951:14: Error: 'FloatValue' isn't a type.
    ..aOM<$4.FloatValue>(607, _omitFieldNames ? '' : 'pingLatency',
             ^^^^^^^^^^
lib/generated/spacex_api/device/wifi.pb.dart:7952:24: Error: Undefined name 'FloatValue'.
        subBuilder: $4.FloatValue.create)
                       ^^^^^^^^^^
lib/generated/spacex_api/device/wifi.pb.dart:7953:14: Error: 'FloatValue' isn't a type.
    ..aOM<$4.FloatValue>(
             ^^^^^^^^^^
lib/generated/spacex_api/device/wifi.pb.dart:7956:24: Error: Undefined name 'FloatValue'.
        subBuilder: $4.FloatValue.create)
                       ^^^^^^^^^^
lib/generated/spacex_api/device/wifi.pb.dart:7957:14: Error: 'FloatValue' isn't a type.
    ..aOM<$4.FloatValue>(
             ^^^^^^^^^^
lib/generated/spacex_api/device/wifi.pb.dart:7960:24: Error: Undefined name 'FloatValue'.
        subBuilder: $4.FloatValue.create)
                       ^^^^^^^^^^
lib/generated/spacex_api/device/wifi.pb.dart:7961:14: Error: 'FloatValue' isn't a type.
    ..aOM<$4.FloatValue>(
             ^^^^^^^^^^
lib/generated/spacex_api/device/wifi.pb.dart:7964:24: Error: Undefined name 'FloatValue'.
        subBuilder: $4.FloatValue.create)
                       ^^^^^^^^^^
lib/generated/spacex_api/device/wifi.pb.dart:7965:14: Error: 'FloatValue' isn't a type.
    ..aOM<$4.FloatValue>(
             ^^^^^^^^^^
lib/generated/spacex_api/device/wifi.pb.dart:7968:24: Error: Undefined name 'FloatValue'.
        subBuilder: $4.FloatValue.create)
                       ^^^^^^^^^^
lib/generated/spacex_api/device/wifi.pb.dart:7969:14: Error: 'FloatValue' isn't a type.
    ..aOM<$4.FloatValue>(
             ^^^^^^^^^^
lib/generated/spacex_api/device/wifi.pb.dart:7972:24: Error: Undefined name 'FloatValue'.
        subBuilder: $4.FloatValue.create)
                       ^^^^^^^^^^
lib/generated/spacex_api/device/wifi.pb.dart:7973:14: Error: 'FloatValue' isn't a type.
    ..aOM<$4.FloatValue>(615, _omitFieldNames ? '' : 'pingDishDropRate',
             ^^^^^^^^^^
lib/generated/spacex_api/device/wifi.pb.dart:7974:24: Error: Undefined name 'FloatValue'.
        subBuilder: $4.FloatValue.create)
                       ^^^^^^^^^^
lib/generated/spacex_api/device/wifi.pb.dart:7975:14: Error: 'FloatValue' isn't a type.
    ..aOM<$4.FloatValue>(616, _omitFieldNames ? '' : 'pingDishDropRateLast1h',
             ^^^^^^^^^^
lib/generated/spacex_api/device/wifi.pb.dart:7977:24: Error: Undefined name 'FloatValue'.
        subBuilder: $4.FloatValue.create)
                       ^^^^^^^^^^
lib/generated/spacex_api/device/wifi.pb.dart:7978:14: Error: 'FloatValue' isn't a type.
    ..aOM<$4.FloatValue>(617, _omitFieldNames ? '' : 'pingDishLatency',
             ^^^^^^^^^^
lib/generated/spacex_api/device/wifi.pb.dart:7979:24: Error: Undefined name 'FloatValue'.
        subBuilder: $4.FloatValue.create)
                       ^^^^^^^^^^
lib/generated/spacex_api/device/wifi.pb.dart:7980:14: Error: 'FloatValue' isn't a type.
    ..aOM<$4.FloatValue>(618, _omitFieldNames ? '' : 'pingLatencyLast1h',
             ^^^^^^^^^^
lib/generated/spacex_api/device/wifi.pb.dart:7981:59: Error: Undefined name 'FloatValue'.
        protoName: 'ping_latency_last_1h', subBuilder: $4.FloatValue.create)
                                                          ^^^^^^^^^^
lib/generated/spacex_api/device/wifi.pb.dart:7982:14: Error: 'FloatValue' isn't a type.
    ..aOM<$4.FloatValue>(619, _omitFieldNames ? '' : 'pingDishLatencyLast1h',
             ^^^^^^^^^^
lib/generated/spacex_api/device/wifi.pb.dart:7984:24: Error: Undefined name 'FloatValue'.
        subBuilder: $4.FloatValue.create)
                       ^^^^^^^^^^
lib/generated/spacex_api/device/wifi.pb.dart:7985:14: Error: 'FloatValue' isn't a type.
    ..aOM<$4.FloatValue>(
             ^^^^^^^^^^
lib/generated/spacex_api/device/wifi.pb.dart:7988:24: Error: Undefined name 'FloatValue'.
        subBuilder: $4.FloatValue.create)
                       ^^^^^^^^^^
lib/generated/spacex_api/device/wifi.pb.dart:7989:14: Error: 'FloatValue' isn't a type.
    ..aOM<$4.FloatValue>(623, _omitFieldNames ? '' : 'pingPopIpv6LatencyLast1h',
             ^^^^^^^^^^
lib/generated/spacex_api/device/wifi.pb.dart:7991:24: Error: Undefined name 'FloatValue'.
        subBuilder: $4.FloatValue.create)
                       ^^^^^^^^^^
lib/generated/spacex_api/device/wifi.pb.dart:7992:14: Error: 'FloatValue' isn't a type.
    ..aOM<$4.FloatValue>(
             ^^^^^^^^^^
lib/generated/spacex_api/device/wifi.pb.dart:7994:24: Error: Undefined name 'FloatValue'.
        subBuilder: $4.FloatValue.create)
                       ^^^^^^^^^^
lib/generated/spacex_api/device/wifi.pb.dart:7995:14: Error: 'FloatValue' isn't a type.
    ..aOM<$4.FloatValue>(
             ^^^^^^^^^^
lib/generated/spacex_api/device/wifi.pb.dart:7997:24: Error: Undefined name 'FloatValue'.
        subBuilder: $4.FloatValue.create)
                       ^^^^^^^^^^
lib/generated/spacex_api/device/wifi.pb.dart:7998:14: Error: 'FloatValue' isn't a type.
    ..aOM<$4.FloatValue>(
             ^^^^^^^^^^
lib/generated/spacex_api/device/wifi.pb.dart:8000:24: Error: Undefined name 'FloatValue'.
        subBuilder: $4.FloatValue.create)
                       ^^^^^^^^^^
lib/generated/spacex_api/device/wifi.pb.dart:8001:14: Error: 'FloatValue' isn't a type.
    ..aOM<$4.FloatValue>(
             ^^^^^^^^^^
lib/generated/spacex_api/device/wifi.pb.dart:8003:24: Error: Undefined name 'FloatValue'.
        subBuilder: $4.FloatValue.create)
                       ^^^^^^^^^^
lib/generated/spacex_api/device/wifi.pb.dart:8004:14: Error: 'FloatValue' isn't a type.
    ..aOM<$4.FloatValue>(
             ^^^^^^^^^^
lib/generated/spacex_api/device/wifi.pb.dart:8006:24: Error: Undefined name 'FloatValue'.
        subBuilder: $4.FloatValue.create)
                       ^^^^^^^^^^
lib/generated/spacex_api/device/wifi.pb.dart:8007:14: Error: 'FloatValue' isn't a type.
    ..aOM<$4.FloatValue>(
             ^^^^^^^^^^
lib/generated/spacex_api/device/wifi.pb.dart:8009:24: Error: Undefined name 'FloatValue'.
        subBuilder: $4.FloatValue.create)
                       ^^^^^^^^^^
lib/generated/spacex_api/device/wifi.pb.dart:8010:14: Error: 'FloatValue' isn't a type.
    ..aOM<$4.FloatValue>(
             ^^^^^^^^^^
lib/generated/spacex_api/device/wifi.pb.dart:8012:24: Error: Undefined name 'FloatValue'.
        subBuilder: $4.FloatValue.create)
                       ^^^^^^^^^^
lib/generated/spacex_api/device/wifi.pb.dart:8013:14: Error: 'FloatValue' isn't a type.
    ..aOM<$4.FloatValue>(
             ^^^^^^^^^^
lib/generated/spacex_api/device/wifi.pb.dart:8015:24: Error: Undefined name 'FloatValue'.
        subBuilder: $4.FloatValue.create)
                       ^^^^^^^^^^
lib/generated/spacex_api/device/wifi.pb.dart:8016:14: Error: 'UInt32Value' isn't a type.
    ..aOM<$4.UInt32Value>(
             ^^^^^^^^^^^
lib/generated/spacex_api/device/wifi.pb.dart:8018:24: Error: Undefined name 'UInt32Value'.
        subBuilder: $4.UInt32Value.create)
                       ^^^^^^^^^^^
lib/generated/spacex_api/device/wifi.pb.dart:8019:14: Error: 'StringValue' isn't a type.
    ..aOM<$4.StringValue>(
             ^^^^^^^^^^^
lib/generated/spacex_api/device/wifi.pb.dart:8021:24: Error: Undefined name 'StringValue'.
        subBuilder: $4.StringValue.create)
                       ^^^^^^^^^^^
lib/generated/spacex_api/device/wifi.pb.dart:8022:14: Error: 'UInt32Value' isn't a type.
    ..aOM<$4.UInt32Value>(
             ^^^^^^^^^^^
lib/generated/spacex_api/device/wifi.pb.dart:8024:24: Error: Undefined name 'UInt32Value'.
        subBuilder: $4.UInt32Value.create)
                       ^^^^^^^^^^^
lib/generated/spacex_api/device/wifi.pb.dart:8025:14: Error: 'UInt32Value' isn't a type.
    ..aOM<$4.UInt32Value>(
             ^^^^^^^^^^^
lib/generated/spacex_api/device/wifi.pb.dart:8027:24: Error: Undefined name 'UInt32Value'.
        subBuilder: $4.UInt32Value.create)
                       ^^^^^^^^^^^
lib/generated/spacex_api/device/wifi.pb.dart:8028:14: Error: 'UInt32Value' isn't a type.
    ..aOM<$4.UInt32Value>(
             ^^^^^^^^^^^
lib/generated/spacex_api/device/wifi.pb.dart:8030:24: Error: Undefined name 'UInt32Value'.
        subBuilder: $4.UInt32Value.create)
                       ^^^^^^^^^^^
lib/generated/spacex_api/device/wifi.pb.dart:8031:14: Error: 'FloatValue' isn't a type.
    ..aOM<$4.FloatValue>(
             ^^^^^^^^^^
lib/generated/spacex_api/device/wifi.pb.dart:8034:24: Error: Undefined name 'FloatValue'.
        subBuilder: $4.FloatValue.create)
                       ^^^^^^^^^^
lib/generated/spacex_api/device/wifi.pb.dart:8035:14: Error: 'FloatValue' isn't a type.
    ..aOM<$4.FloatValue>(
             ^^^^^^^^^^
lib/generated/spacex_api/device/wifi.pb.dart:8038:24: Error: Undefined name 'FloatValue'.
        subBuilder: $4.FloatValue.create)
                       ^^^^^^^^^^
lib/generated/spacex_api/device/wifi.pb.dart:8039:14: Error: 'FloatValue' isn't a type.
    ..aOM<$4.FloatValue>(
             ^^^^^^^^^^
lib/generated/spacex_api/device/wifi.pb.dart:8042:24: Error: Undefined name 'FloatValue'.
        subBuilder: $4.FloatValue.create)
                       ^^^^^^^^^^
lib/generated/spacex_api/device/wifi.pb.dart:8043:14: Error: 'FloatValue' isn't a type.
    ..aOM<$4.FloatValue>(
             ^^^^^^^^^^
lib/generated/spacex_api/device/wifi.pb.dart:8046:24: Error: Undefined name 'FloatValue'.
        subBuilder: $4.FloatValue.create)
                       ^^^^^^^^^^
lib/generated/spacex_api/device/wifi.pb.dart:8047:14: Error: 'FloatValue' isn't a type.
    ..aOM<$4.FloatValue>(
             ^^^^^^^^^^
lib/generated/spacex_api/device/wifi.pb.dart:8050:24: Error: Undefined name 'FloatValue'.
        subBuilder: $4.FloatValue.create)
                       ^^^^^^^^^^
lib/generated/spacex_api/device/wifi.pb.dart:8051:14: Error: 'FloatValue' isn't a type.
    ..aOM<$4.FloatValue>(
             ^^^^^^^^^^
lib/generated/spacex_api/device/wifi.pb.dart:8054:24: Error: Undefined name 'FloatValue'.
        subBuilder: $4.FloatValue.create)
                       ^^^^^^^^^^
lib/generated/spacex_api/device/wifi.pb.dart:8055:14: Error: 'FloatValue' isn't a type.
    ..aOM<$4.FloatValue>(
             ^^^^^^^^^^
lib/generated/spacex_api/device/wifi.pb.dart:8058:24: Error: Undefined name 'FloatValue'.
        subBuilder: $4.FloatValue.create)
                       ^^^^^^^^^^
lib/generated/spacex_api/device/wifi.pb.dart:8059:14: Error: 'FloatValue' isn't a type.
    ..aOM<$4.FloatValue>(
             ^^^^^^^^^^
lib/generated/spacex_api/device/wifi.pb.dart:8062:24: Error: Undefined name 'FloatValue'.
        subBuilder: $4.FloatValue.create)
                       ^^^^^^^^^^
lib/generated/spacex_api/device/wifi.pb.dart:8063:14: Error: 'FloatValue' isn't a type.
    ..aOM<$4.FloatValue>(
             ^^^^^^^^^^
lib/generated/spacex_api/device/wifi.pb.dart:8066:24: Error: Undefined name 'FloatValue'.
        subBuilder: $4.FloatValue.create)
                       ^^^^^^^^^^
lib/generated/spacex_api/device/wifi.pb.dart:8067:14: Error: 'FloatValue' isn't a type.
    ..aOM<$4.FloatValue>(
             ^^^^^^^^^^
lib/generated/spacex_api/device/wifi.pb.dart:8070:24: Error: Undefined name 'FloatValue'.
        subBuilder: $4.FloatValue.create)
                       ^^^^^^^^^^
lib/generated/spacex_api/device/wifi.pb.dart:8071:14: Error: 'FloatValue' isn't a type.
    ..aOM<$4.FloatValue>(
             ^^^^^^^^^^
lib/generated/spacex_api/device/wifi.pb.dart:8074:24: Error: Undefined name 'FloatValue'.
        subBuilder: $4.FloatValue.create)
                       ^^^^^^^^^^
lib/generated/spacex_api/device/wifi.pb.dart:8075:14: Error: 'FloatValue' isn't a type.
    ..aOM<$4.FloatValue>(
             ^^^^^^^^^^
lib/generated/spacex_api/device/wifi.pb.dart:8078:24: Error: Undefined name 'FloatValue'.
        subBuilder: $4.FloatValue.create)
                       ^^^^^^^^^^
lib/generated/spacex_api/device/wifi.pb.dart:8079:14: Error: 'FloatValue' isn't a type.
    ..aOM<$4.FloatValue>(
             ^^^^^^^^^^
lib/generated/spacex_api/device/wifi.pb.dart:8082:24: Error: Undefined name 'FloatValue'.
        subBuilder: $4.FloatValue.create)
                       ^^^^^^^^^^
lib/generated/spacex_api/device/wifi.pb.dart:8083:14: Error: 'FloatValue' isn't a type.
    ..aOM<$4.FloatValue>(
             ^^^^^^^^^^
lib/generated/spacex_api/device/wifi.pb.dart:8086:24: Error: Undefined name 'FloatValue'.
        subBuilder: $4.FloatValue.create)
                       ^^^^^^^^^^
lib/generated/spacex_api/device/wifi.pb.dart:8091:14: Error: 'FloatValue' isn't a type.
    ..aOM<$4.FloatValue>(
             ^^^^^^^^^^
lib/generated/spacex_api/device/wifi.pb.dart:8094:24: Error: Undefined name 'FloatValue'.
        subBuilder: $4.FloatValue.create)
                       ^^^^^^^^^^
lib/generated/spacex_api/device/wifi.pb.dart:8095:14: Error: 'FloatValue' isn't a type.
    ..aOM<$4.FloatValue>(
             ^^^^^^^^^^
lib/generated/spacex_api/device/wifi.pb.dart:8098:24: Error: Undefined name 'FloatValue'.
        subBuilder: $4.FloatValue.create)
                       ^^^^^^^^^^
lib/generated/spacex_api/device/wifi.pb.dart:8103:14: Error: 'UInt32Value' isn't a type.
    ..aOM<$4.UInt32Value>(900, _omitFieldNames ? '' : 'dishCellId',
             ^^^^^^^^^^^
lib/generated/spacex_api/device/wifi.pb.dart:8104:24: Error: Undefined name 'UInt32Value'.
        subBuilder: $4.UInt32Value.create)
                       ^^^^^^^^^^^
lib/generated/spacex_api/device/wifi.pb.dart:8105:14: Error: 'BoolValue' isn't a type.
    ..aOM<$4.BoolValue>(1000, _omitFieldNames ? '' : 'configSetupComplete',
             ^^^^^^^^^
lib/generated/spacex_api/device/wifi.pb.dart:8106:24: Error: Undefined name 'BoolValue'.
        subBuilder: $4.BoolValue.create)
                       ^^^^^^^^^
lib/generated/spacex_api/device/wifi.pb.dart:8107:14: Error: 'BoolValue' isn't a type.
    ..aOM<$4.BoolValue>(1001, _omitFieldNames ? '' : 'configBandsSplit',
             ^^^^^^^^^
lib/generated/spacex_api/device/wifi.pb.dart:8108:24: Error: Undefined name 'BoolValue'.
        subBuilder: $4.BoolValue.create)
                       ^^^^^^^^^
lib/generated/spacex_api/device/wifi.pb.dart:8109:14: Error: 'BoolValue' isn't a type.
    ..aOM<$4.BoolValue>(1002, _omitFieldNames ? '' : 'configIsRepeater',
             ^^^^^^^^^
lib/generated/spacex_api/device/wifi.pb.dart:8110:24: Error: Undefined name 'BoolValue'.
        subBuilder: $4.BoolValue.create)
                       ^^^^^^^^^
lib/generated/spacex_api/device/wifi.pb.dart:8111:14: Error: 'BoolValue' isn't a type.
    ..aOM<$4.BoolValue>(1003, _omitFieldNames ? '' : 'configOpenNetwork',
             ^^^^^^^^^
lib/generated/spacex_api/device/wifi.pb.dart:8112:24: Error: Undefined name 'BoolValue'.
        subBuilder: $4.BoolValue.create)
                       ^^^^^^^^^
lib/generated/spacex_api/device/wifi.pb.dart:8113:14: Error: 'BoolValue' isn't a type.
    ..aOM<$4.BoolValue>(1004, _omitFieldNames ? '' : 'configIsAviation',
             ^^^^^^^^^
lib/generated/spacex_api/device/wifi.pb.dart:8114:24: Error: Undefined name 'BoolValue'.
        subBuilder: $4.BoolValue.create)
                       ^^^^^^^^^
lib/generated/spacex_api/device/wifi.pb.dart:8115:14: Error: 'BoolValue' isn't a type.
    ..aOM<$4.BoolValue>(1005, _omitFieldNames ? '' : 'configSecureDns',
             ^^^^^^^^^
lib/generated/spacex_api/device/wifi.pb.dart:8116:24: Error: Undefined name 'BoolValue'.
        subBuilder: $4.BoolValue.create)
                       ^^^^^^^^^
lib/generated/spacex_api/device/wifi.pb.dart:8117:14: Error: 'BoolValue' isn't a type.
    ..aOM<$4.BoolValue>(1006, _omitFieldNames ? '' : 'configLegacy',
             ^^^^^^^^^
lib/generated/spacex_api/device/wifi.pb.dart:8118:24: Error: Undefined name 'BoolValue'.
        subBuilder: $4.BoolValue.create)
                       ^^^^^^^^^
lib/generated/spacex_api/device/wifi.pb.dart:8119:14: Error: 'BoolValue' isn't a type.
    ..aOM<$4.BoolValue>(1007, _omitFieldNames ? '' : 'configApMode',
             ^^^^^^^^^
lib/generated/spacex_api/device/wifi.pb.dart:8120:24: Error: Undefined name 'BoolValue'.
        subBuilder: $4.BoolValue.create)
                       ^^^^^^^^^
lib/generated/spacex_api/device/wifi.pb.dart:8121:14: Error: 'BoolValue' isn't a type.
    ..aOM<$4.BoolValue>(1008, _omitFieldNames ? '' : 'configDfsEnabled',
             ^^^^^^^^^
lib/generated/spacex_api/device/wifi.pb.dart:8122:24: Error: Undefined name 'BoolValue'.
        subBuilder: $4.BoolValue.create)
                       ^^^^^^^^^
lib/generated/spacex_api/device/wifi.pb.dart:8123:14: Error: 'BoolValue' isn't a type.
    ..aOM<$4.BoolValue>(
             ^^^^^^^^^
lib/generated/spacex_api/device/wifi.pb.dart:8125:24: Error: Undefined name 'BoolValue'.
        subBuilder: $4.BoolValue.create)
                       ^^^^^^^^^
lib/generated/spacex_api/device/wifi.pb.dart:8126:14: Error: 'BoolValue' isn't a type.
    ..aOM<$4.BoolValue>(1010, _omitFieldNames ? '' : 'configRemoteSshEnabled',
             ^^^^^^^^^
lib/generated/spacex_api/device/wifi.pb.dart:8127:24: Error: Undefined name 'BoolValue'.
        subBuilder: $4.BoolValue.create)
                       ^^^^^^^^^
lib/generated/spacex_api/device/wifi.pb.dart:8128:14: Error: 'BoolValue' isn't a type.
    ..aOM<$4.BoolValue>(1011, _omitFieldNames ? '' : 'configIsRepeaterWired',
             ^^^^^^^^^
lib/generated/spacex_api/device/wifi.pb.dart:8129:24: Error: Undefined name 'BoolValue'.
        subBuilder: $4.BoolValue.create)
                       ^^^^^^^^^
lib/generated/spacex_api/device/wifi.pb.dart:8130:14: Error: 'BoolValue' isn't a type.
    ..aOM<$4.BoolValue>(1012, _omitFieldNames ? '' : 'configIsRepeaterWireless',
             ^^^^^^^^^
lib/generated/spacex_api/device/wifi.pb.dart:8131:24: Error: Undefined name 'BoolValue'.
        subBuilder: $4.BoolValue.create)
                       ^^^^^^^^^
lib/generated/spacex_api/device/wifi.pb.dart:8132:14: Error: 'UInt32Value' isn't a type.
    ..aOM<$4.UInt32Value>(
             ^^^^^^^^^^^
lib/generated/spacex_api/device/wifi.pb.dart:8134:24: Error: Undefined name 'UInt32Value'.
        subBuilder: $4.UInt32Value.create)
                       ^^^^^^^^^^^
lib/generated/spacex_api/device/wifi.pb.dart:8135:14: Error: 'BoolValue' isn't a type.
    ..aOM<$4.BoolValue>(1014, _omitFieldNames ? '' : 'configCustomNameservers',
             ^^^^^^^^^
lib/generated/spacex_api/device/wifi.pb.dart:8136:24: Error: Undefined name 'BoolValue'.
        subBuilder: $4.BoolValue.create)
                       ^^^^^^^^^
lib/generated/spacex_api/device/wifi.pb.dart:8137:14: Error: 'BoolValue' isn't a type.
    ..aOM<$4.BoolValue>(
             ^^^^^^^^^
lib/generated/spacex_api/device/wifi.pb.dart:8139:24: Error: Undefined name 'BoolValue'.
        subBuilder: $4.BoolValue.create)
                       ^^^^^^^^^
lib/generated/spacex_api/device/wifi.pb.dart:8140:14: Error: 'BoolValue' isn't a type.
    ..aOM<$4.BoolValue>(1016, _omitFieldNames ? '' : 'configPinCountryCode',
             ^^^^^^^^^
lib/generated/spacex_api/device/wifi.pb.dart:8141:24: Error: Undefined name 'BoolValue'.
        subBuilder: $4.BoolValue.create)
                       ^^^^^^^^^
lib/generated/spacex_api/device/wifi.pb.dart:8142:14: Error: 'BoolValue' isn't a type.
    ..aOM<$4.BoolValue>(
             ^^^^^^^^^
lib/generated/spacex_api/device/wifi.pb.dart:8144:24: Error: Undefined name 'BoolValue'.
        subBuilder: $4.BoolValue.create)
                       ^^^^^^^^^
lib/generated/spacex_api/device/wifi.pb.dart:8145:14: Error: 'BoolValue' isn't a type.
    ..aOM<$4.BoolValue>(1018, _omitFieldNames ? '' : 'configDisable2ghz',
             ^^^^^^^^^
lib/generated/spacex_api/device/wifi.pb.dart:8146:58: Error: Undefined name 'BoolValue'.
        protoName: 'config_disable_2ghz', subBuilder: $4.BoolValue.create)
                                                         ^^^^^^^^^
lib/generated/spacex_api/device/wifi.pb.dart:8147:14: Error: 'BoolValue' isn't a type.
    ..aOM<$4.BoolValue>(1019, _omitFieldNames ? '' : 'configDisable5ghz',
             ^^^^^^^^^
lib/generated/spacex_api/device/wifi.pb.dart:8148:58: Error: Undefined name 'BoolValue'.
        protoName: 'config_disable_5ghz', subBuilder: $4.BoolValue.create)
                                                         ^^^^^^^^^
lib/generated/spacex_api/device/wifi.pb.dart:8149:14: Error: 'UInt32Value' isn't a type.
    ..aOM<$4.UInt32Value>(1020, _omitFieldNames ? '' : 'configChannel2ghz',
             ^^^^^^^^^^^
lib/generated/spacex_api/device/wifi.pb.dart:8150:58: Error: Undefined name 'UInt32Value'.
        protoName: 'config_channel_2ghz', subBuilder: $4.UInt32Value.create)
                                                         ^^^^^^^^^^^
lib/generated/spacex_api/device/wifi.pb.dart:8151:14: Error: 'UInt32Value' isn't a type.
    ..aOM<$4.UInt32Value>(1021, _omitFieldNames ? '' : 'configChannel5ghz',
             ^^^^^^^^^^^
lib/generated/spacex_api/device/wifi.pb.dart:8152:58: Error: Undefined name 'UInt32Value'.
        protoName: 'config_channel_5ghz', subBuilder: $4.UInt32Value.create)
                                                         ^^^^^^^^^^^
lib/generated/spacex_api/device/wifi.pb.dart:8153:14: Error: 'UInt32Value' isn't a type.
    ..aOM<$4.UInt32Value>(1022, _omitFieldNames ? '' : 'configChannel5ghzHigh',
             ^^^^^^^^^^^
lib/generated/spacex_api/device/wifi.pb.dart:8155:24: Error: Undefined name 'UInt32Value'.
        subBuilder: $4.UInt32Value.create)
                       ^^^^^^^^^^^
lib/generated/spacex_api/device/wifi.pb.dart:8156:14: Error: 'UInt32Value' isn't a type.
    ..aOM<$4.UInt32Value>(1023, _omitFieldNames ? '' : 'configNetworks',
             ^^^^^^^^^^^
lib/generated/spacex_api/device/wifi.pb.dart:8157:24: Error: Undefined name 'UInt32Value'.
        subBuilder: $4.UInt32Value.create)
                       ^^^^^^^^^^^
lib/generated/spacex_api/device/wifi.pb.dart:8158:14: Error: 'UInt32Value' isn't a type.
    ..aOM<$4.UInt32Value>(1024, _omitFieldNames ? '' : 'configNetworksGuest',
             ^^^^^^^^^^^
lib/generated/spacex_api/device/wifi.pb.dart:8159:24: Error: Undefined name 'UInt32Value'.
        subBuilder: $4.UInt32Value.create)
                       ^^^^^^^^^^^
lib/generated/spacex_api/device/wifi.pb.dart:8160:14: Error: 'UInt32Value' isn't a type.
    ..aOM<$4.UInt32Value>(1025, _omitFieldNames ? '' : 'configNetworksHidden',
             ^^^^^^^^^^^
lib/generated/spacex_api/device/wifi.pb.dart:8161:24: Error: Undefined name 'UInt32Value'.
        subBuilder: $4.UInt32Value.create)
                       ^^^^^^^^^^^
lib/generated/spacex_api/device/wifi.pb.dart:8162:14: Error: 'UInt32Value' isn't a type.
    ..aOM<$4.UInt32Value>(
             ^^^^^^^^^^^
lib/generated/spacex_api/device/wifi.pb.dart:8164:24: Error: Undefined name 'UInt32Value'.
        subBuilder: $4.UInt32Value.create)
                       ^^^^^^^^^^^
lib/generated/spacex_api/device/wifi.pb.dart:8165:14: Error: 'UInt32Value' isn't a type.
    ..aOM<$4.UInt32Value>(
             ^^^^^^^^^^^
lib/generated/spacex_api/device/wifi.pb.dart:8167:24: Error: Undefined name 'UInt32Value'.
        subBuilder: $4.UInt32Value.create)
                       ^^^^^^^^^^^
lib/generated/spacex_api/device/wifi.pb.dart:8168:14: Error: 'BoolValue' isn't a type.
    ..aOM<$4.BoolValue>(1029, _omitFieldNames ? '' : 'configDisable5ghzHigh',
             ^^^^^^^^^
lib/generated/spacex_api/device/wifi.pb.dart:8169:63: Error: Undefined name 'BoolValue'.
        protoName: 'config_disable_5ghz_high', subBuilder: $4.BoolValue.create)
                                                              ^^^^^^^^^
lib/generated/spacex_api/device/wifi.pb.dart:8170:14: Error: 'BoolValue' isn't a type.
    ..aOM<$4.BoolValue>(
             ^^^^^^^^^
lib/generated/spacex_api/device/wifi.pb.dart:8172:24: Error: Undefined name 'BoolValue'.
        subBuilder: $4.BoolValue.create)
                       ^^^^^^^^^
lib/generated/spacex_api/device/wifi.pb.dart:8173:14: Error: 'BoolValue' isn't a type.
    ..aOM<$4.BoolValue>(
             ^^^^^^^^^
lib/generated/spacex_api/device/wifi.pb.dart:8175:24: Error: Undefined name 'BoolValue'.
        subBuilder: $4.BoolValue.create)
                       ^^^^^^^^^
lib/generated/spacex_api/device/wifi.pb.dart:8176:14: Error: 'BoolValue' isn't a type.
    ..aOM<$4.BoolValue>(
             ^^^^^^^^^
lib/generated/spacex_api/device/wifi.pb.dart:8178:24: Error: Undefined name 'BoolValue'.
        subBuilder: $4.BoolValue.create)
                       ^^^^^^^^^
lib/generated/spacex_api/device/wifi.pb.dart:8179:14: Error: 'BoolValue' isn't a type.
    ..aOM<$4.BoolValue>(1034, _omitFieldNames ? '' : 'configCustomDnsDisabled',
             ^^^^^^^^^
lib/generated/spacex_api/device/wifi.pb.dart:8180:24: Error: Undefined name 'BoolValue'.
        subBuilder: $4.BoolValue.create)
                       ^^^^^^^^^
lib/generated/spacex_api/device/wifi.pb.dart:8181:14: Error: 'UInt32Value' isn't a type.
    ..aOM<$4.UInt32Value>(1035, _omitFieldNames ? '' : 'configNetworksUser',
             ^^^^^^^^^^^
lib/generated/spacex_api/device/wifi.pb.dart:8182:24: Error: Undefined name 'UInt32Value'.
        subBuilder: $4.UInt32Value.create)
                       ^^^^^^^^^^^
lib/generated/spacex_api/device/wifi.pb.dart:8183:14: Error: 'BoolValue' isn't a type.
    ..aOM<$4.BoolValue>(1036, _omitFieldNames ? '' : 'configForeflightEnabled',
             ^^^^^^^^^
lib/generated/spacex_api/device/wifi.pb.dart:8184:24: Error: Undefined name 'BoolValue'.
        subBuilder: $4.BoolValue.create)
                       ^^^^^^^^^
lib/generated/spacex_api/device/wifi.pb.dart:8185:14: Error: 'UInt32Value' isn't a type.
    ..aOM<$4.UInt32Value>(1040, _omitFieldNames ? '' : 'wifiReloadCount',
             ^^^^^^^^^^^
lib/generated/spacex_api/device/wifi.pb.dart:8186:24: Error: Undefined name 'UInt32Value'.
        subBuilder: $4.UInt32Value.create)
                       ^^^^^^^^^^^
lib/generated/spacex_api/device/wifi.pb.dart:8187:14: Error: 'UInt32Value' isn't a type.
    ..aOM<$4.UInt32Value>(1041, _omitFieldNames ? '' : 'radiusReloadCount',
             ^^^^^^^^^^^
lib/generated/spacex_api/device/wifi.pb.dart:8188:24: Error: Undefined name 'UInt32Value'.
        subBuilder: $4.UInt32Value.create)
                       ^^^^^^^^^^^
lib/generated/spacex_api/device/wifi.pb.dart:8189:14: Error: 'UInt32Value' isn't a type.
    ..aOM<$4.UInt32Value>(1042, _omitFieldNames ? '' : 'opensshReloadCount',
             ^^^^^^^^^^^
lib/generated/spacex_api/device/wifi.pb.dart:8190:24: Error: Undefined name 'UInt32Value'.
        subBuilder: $4.UInt32Value.create)
                       ^^^^^^^^^^^
lib/generated/spacex_api/device/wifi.pb.dart:8191:14: Error: 'UInt32Value' isn't a type.
    ..aOM<$4.UInt32Value>(1043, _omitFieldNames ? '' : 'iptablesReloadCount',
             ^^^^^^^^^^^
lib/generated/spacex_api/device/wifi.pb.dart:8192:24: Error: Undefined name 'UInt32Value'.
        subBuilder: $4.UInt32Value.create)
                       ^^^^^^^^^^^
lib/generated/spacex_api/device/wifi.pb.dart:8193:14: Error: 'UInt32Value' isn't a type.
    ..aOM<$4.UInt32Value>(1044, _omitFieldNames ? '' : 'ebtablesReloadCount',
             ^^^^^^^^^^^
lib/generated/spacex_api/device/wifi.pb.dart:8194:24: Error: Undefined name 'UInt32Value'.
        subBuilder: $4.UInt32Value.create)
                       ^^^^^^^^^^^
lib/generated/spacex_api/device/wifi.pb.dart:8195:14: Error: 'UInt32Value' isn't a type.
    ..aOM<$4.UInt32Value>(
             ^^^^^^^^^^^
lib/generated/spacex_api/device/wifi.pb.dart:8197:24: Error: Undefined name 'UInt32Value'.
        subBuilder: $4.UInt32Value.create)
                       ^^^^^^^^^^^
lib/generated/spacex_api/device/wifi.pb.dart:8198:14: Error: 'UInt32Value' isn't a type.
    ..aOM<$4.UInt32Value>(1046, _omitFieldNames ? '' : 'dhcpReloadCount',
             ^^^^^^^^^^^
lib/generated/spacex_api/device/wifi.pb.dart:8199:24: Error: Undefined name 'UInt32Value'.
        subBuilder: $4.UInt32Value.create)
                       ^^^^^^^^^^^
lib/generated/spacex_api/device/wifi.pb.dart:8200:14: Error: 'UInt32Value' isn't a type.
    ..aOM<$4.UInt32Value>(1047, _omitFieldNames ? '' : 'dhcpv6ReloadCount',
             ^^^^^^^^^^^
lib/generated/spacex_api/device/wifi.pb.dart:8201:24: Error: Undefined name 'UInt32Value'.
        subBuilder: $4.UInt32Value.create)
                       ^^^^^^^^^^^
lib/generated/spacex_api/device/wifi.pb.dart:8202:14: Error: 'UInt32Value' isn't a type.
    ..aOM<$4.UInt32Value>(1048, _omitFieldNames ? '' : 'systemReloadCount',
             ^^^^^^^^^^^
lib/generated/spacex_api/device/wifi.pb.dart:8203:24: Error: Undefined name 'UInt32Value'.
        subBuilder: $4.UInt32Value.create)
                       ^^^^^^^^^^^
lib/generated/spacex_api/device/wifi.pb.dart:8204:14: Error: 'UInt32Value' isn't a type.
    ..aOM<$4.UInt32Value>(1049, _omitFieldNames ? '' : 'dnsReloadCount',
             ^^^^^^^^^^^
lib/generated/spacex_api/device/wifi.pb.dart:8205:24: Error: Undefined name 'UInt32Value'.
        subBuilder: $4.UInt32Value.create)
                       ^^^^^^^^^^^
lib/generated/spacex_api/device/wifi.pb.dart:8206:14: Error: 'UInt32Value' isn't a type.
    ..aOM<$4.UInt32Value>(1050, _omitFieldNames ? '' : 'httpsReloadCount',
             ^^^^^^^^^^^
lib/generated/spacex_api/device/wifi.pb.dart:8207:24: Error: Undefined name 'UInt32Value'.
        subBuilder: $4.UInt32Value.create)
                       ^^^^^^^^^^^
lib/generated/spacex_api/device/wifi.pb.dart:8208:14: Error: 'UInt32Value' isn't a type.
    ..aOM<$4.UInt32Value>(
             ^^^^^^^^^^^
lib/generated/spacex_api/device/wifi.pb.dart:8210:24: Error: Undefined name 'UInt32Value'.
        subBuilder: $4.UInt32Value.create)
                       ^^^^^^^^^^^
lib/generated/spacex_api/device/wifi.pb.dart:8211:14: Error: 'UInt32Value' isn't a type.
    ..aOM<$4.UInt32Value>(1052, _omitFieldNames ? '' : 'commitCount',
             ^^^^^^^^^^^
lib/generated/spacex_api/device/wifi.pb.dart:8212:24: Error: Undefined name 'UInt32Value'.
        subBuilder: $4.UInt32Value.create)
                       ^^^^^^^^^^^
lib/generated/spacex_api/device/wifi.pb.dart:8213:14: Error: 'UInt32Value' isn't a type.
    ..aOM<$4.UInt32Value>(1053, _omitFieldNames ? '' : 'networkReloadCount',
             ^^^^^^^^^^^
lib/generated/spacex_api/device/wifi.pb.dart:8214:24: Error: Undefined name 'UInt32Value'.
        subBuilder: $4.UInt32Value.create)
                       ^^^^^^^^^^^
lib/generated/spacex_api/device/wifi.pb.dart:8215:14: Error: 'UInt32Value' isn't a type.
    ..aOM<$4.UInt32Value>(1054, _omitFieldNames ? '' : 'foreflightReloadCount',
             ^^^^^^^^^^^
lib/generated/spacex_api/device/wifi.pb.dart:8216:24: Error: Undefined name 'UInt32Value'.
        subBuilder: $4.UInt32Value.create)
                       ^^^^^^^^^^^
lib/generated/spacex_api/device/wifi.pb.dart:8217:14: Error: 'UInt32Value' isn't a type.
    ..aOM<$4.UInt32Value>(1100, _omitFieldNames ? '' : 'conntrackEntries',
             ^^^^^^^^^^^
lib/generated/spacex_api/device/wifi.pb.dart:8218:24: Error: Undefined name 'UInt32Value'.
        subBuilder: $4.UInt32Value.create)
                       ^^^^^^^^^^^
lib/generated/spacex_api/device/wifi.pb.dart:8219:14: Error: 'Int64Value' isn't a type.
    ..aOM<$4.Int64Value>(
             ^^^^^^^^^^
lib/generated/spacex_api/device/wifi.pb.dart:8221:24: Error: Undefined name 'Int64Value'.
        subBuilder: $4.Int64Value.create)
                       ^^^^^^^^^^
lib/generated/spacex_api/device/wifi.pb.dart:8222:14: Error: 'Int64Value' isn't a type.
    ..aOM<$4.Int64Value>(
             ^^^^^^^^^^
lib/generated/spacex_api/device/wifi.pb.dart:8224:24: Error: Undefined name 'Int64Value'.
        subBuilder: $4.Int64Value.create)
                       ^^^^^^^^^^
lib/generated/spacex_api/device/wifi.pb.dart:8225:14: Error: 'Int64Value' isn't a type.
    ..aOM<$4.Int64Value>(
             ^^^^^^^^^^
lib/generated/spacex_api/device/wifi.pb.dart:8227:24: Error: Undefined name 'Int64Value'.
        subBuilder: $4.Int64Value.create)
                       ^^^^^^^^^^
lib/generated/spacex_api/device/wifi.pb.dart:8228:14: Error: 'Int64Value' isn't a type.
    ..aOM<$4.Int64Value>(
             ^^^^^^^^^^
lib/generated/spacex_api/device/wifi.pb.dart:8230:24: Error: Undefined name 'Int64Value'.
        subBuilder: $4.Int64Value.create)
                       ^^^^^^^^^^
lib/generated/spacex_api/device/wifi.pb.dart:8231:14: Error: 'UInt32Value' isn't a type.
    ..aOM<$4.UInt32Value>(1105, _omitFieldNames ? '' : 'dhcpSecsEq0',
             ^^^^^^^^^^^
lib/generated/spacex_api/device/wifi.pb.dart:8232:53: Error: Undefined name 'UInt32Value'.
        protoName: 'dhcp_secs_eq_0', subBuilder: $4.UInt32Value.create)
                                                    ^^^^^^^^^^^
lib/generated/spacex_api/device/wifi.pb.dart:8233:14: Error: 'UInt32Value' isn't a type.
    ..aOM<$4.UInt32Value>(1106, _omitFieldNames ? '' : 'dhcpSecsGt0',
             ^^^^^^^^^^^
lib/generated/spacex_api/device/wifi.pb.dart:8234:53: Error: Undefined name 'UInt32Value'.
        protoName: 'dhcp_secs_gt_0', subBuilder: $4.UInt32Value.create)
                                                    ^^^^^^^^^^^
lib/generated/spacex_api/device/wifi.pb.dart:8235:14: Error: 'UInt32Value' isn't a type.
    ..aOM<$4.UInt32Value>(1107, _omitFieldNames ? '' : 'dhcpSecsGt10',
             ^^^^^^^^^^^
lib/generated/spacex_api/device/wifi.pb.dart:8236:54: Error: Undefined name 'UInt32Value'.
        protoName: 'dhcp_secs_gt_10', subBuilder: $4.UInt32Value.create)
                                                     ^^^^^^^^^^^
lib/generated/spacex_api/device/wifi.pb.dart:8237:14: Error: 'UInt32Value' isn't a type.
    ..aOM<$4.UInt32Value>(1108, _omitFieldNames ? '' : 'dhcpSecsGt30',
             ^^^^^^^^^^^
lib/generated/spacex_api/device/wifi.pb.dart:8238:54: Error: Undefined name 'UInt32Value'.
        protoName: 'dhcp_secs_gt_30', subBuilder: $4.UInt32Value.create)
                                                     ^^^^^^^^^^^
lib/generated/spacex_api/device/wifi.pb.dart:8239:14: Error: 'UInt32Value' isn't a type.
    ..aOM<$4.UInt32Value>(1109, _omitFieldNames ? '' : 'dhcpSecsGt60',
             ^^^^^^^^^^^
lib/generated/spacex_api/device/wifi.pb.dart:8240:54: Error: Undefined name 'UInt32Value'.
        protoName: 'dhcp_secs_gt_60', subBuilder: $4.UInt32Value.create)
                                                     ^^^^^^^^^^^
lib/generated/spacex_api/device/wifi.pb.dart:8241:14: Error: 'UInt32Value' isn't a type.
    ..aOM<$4.UInt32Value>(1200, _omitFieldNames ? '' : 'dnsForwards',
             ^^^^^^^^^^^
lib/generated/spacex_api/device/wifi.pb.dart:8242:24: Error: Undefined name 'UInt32Value'.
        subBuilder: $4.UInt32Value.create)
                       ^^^^^^^^^^^
lib/generated/spacex_api/device/wifi.pb.dart:8243:14: Error: 'UInt32Value' isn't a type.
    ..aOM<$4.UInt32Value>(1201, _omitFieldNames ? '' : 'dnsForwardsSuccess',
             ^^^^^^^^^^^
lib/generated/spacex_api/device/wifi.pb.dart:8244:24: Error: Undefined name 'UInt32Value'.
        subBuilder: $4.UInt32Value.create)
                       ^^^^^^^^^^^
lib/generated/spacex_api/device/wifi.pb.dart:8245:14: Error: 'UInt32Value' isn't a type.
    ..aOM<$4.UInt32Value>(
             ^^^^^^^^^^^
lib/generated/spacex_api/device/wifi.pb.dart:8247:24: Error: Undefined name 'UInt32Value'.
        subBuilder: $4.UInt32Value.create)
                       ^^^^^^^^^^^
lib/generated/spacex_api/device/wifi.pb.dart:8248:14: Error: 'UInt32Value' isn't a type.
    ..aOM<$4.UInt32Value>(
             ^^^^^^^^^^^
lib/generated/spacex_api/device/wifi.pb.dart:8250:24: Error: Undefined name 'UInt32Value'.
        subBuilder: $4.UInt32Value.create)
                       ^^^^^^^^^^^
lib/generated/spacex_api/device/wifi.pb.dart:8251:14: Error: 'UInt32Value' isn't a type.
    ..aOM<$4.UInt32Value>(
             ^^^^^^^^^^^
lib/generated/spacex_api/device/wifi.pb.dart:8253:24: Error: Undefined name 'UInt32Value'.
        subBuilder: $4.UInt32Value.create)
                       ^^^^^^^^^^^
lib/generated/spacex_api/device/wifi.pb.dart:8254:14: Error: 'UInt32Value' isn't a type.
    ..aOM<$4.UInt32Value>(1205, _omitFieldNames ? '' : 'dnsForwardsDropped',
             ^^^^^^^^^^^
lib/generated/spacex_api/device/wifi.pb.dart:8255:24: Error: Undefined name 'UInt32Value'.
        subBuilder: $4.UInt32Value.create)
                       ^^^^^^^^^^^
lib/generated/spacex_api/device/wifi.pb.dart:8256:14: Error: 'UInt32Value' isn't a type.
    ..aOM<$4.UInt32Value>(1206, _omitFieldNames ? '' : 'dnsForwardsWithBackup',
             ^^^^^^^^^^^
lib/generated/spacex_api/device/wifi.pb.dart:8257:24: Error: Undefined name 'UInt32Value'.
        subBuilder: $4.UInt32Value.create)
                       ^^^^^^^^^^^
lib/generated/spacex_api/device/wifi.pb.dart:8288:13: Error: 'StringValue' isn't a type.
  set id($4.StringValue value) => $_setField(1, value);
            ^^^^^^^^^^^
lib/generated/spacex_api/device/wifi.pb.dart:8288:35: Error: The method '$_setField' isn't defined for the type 'starlink_routers_hourly_metrics_v2'.
 - 'starlink_routers_hourly_metrics_v2' is from 'package:starlink_isp_app/generated/spacex_api/device/wifi.pb.dart' ('lib/generated/spacex_api/device/wifi.pb.dart').
Try correcting the name to the name of an existing method, or defining a method named '$_setField'.
  set id($4.StringValue value) => $_setField(1, value);
                                  ^^^^^^^^^^
lib/generated/spacex_api/device/wifi.pb.dart:8292:21: Error: The method '$_clearField' isn't defined for the type 'starlink_routers_hourly_metrics_v2'.
 - 'starlink_routers_hourly_metrics_v2' is from 'package:starlink_isp_app/generated/spacex_api/device/wifi.pb.dart' ('lib/generated/spacex_api/device/wifi.pb.dart').
Try correcting the name to the name of an existing method, or defining a method named '$_clearField'.
  void clearId() => $_clearField(1);
                    ^^^^^^^^^^^^
lib/generated/spacex_api/device/wifi.pb.dart:8299:24: Error: 'StringValue' isn't a type.
  set timestampDate($4.StringValue value) => $_setField(2, value);
                       ^^^^^^^^^^^
lib/generated/spacex_api/device/wifi.pb.dart:8299:46: Error: The method '$_setField' isn't defined for the type 'starlink_routers_hourly_metrics_v2'.
 - 'starlink_routers_hourly_metrics_v2' is from 'package:starlink_isp_app/generated/spacex_api/device/wifi.pb.dart' ('lib/generated/spacex_api/device/wifi.pb.dart').
Try correcting the name to the name of an existing method, or defining a method named '$_setField'.
  set timestampDate($4.StringValue value) => $_setField(2, value);
                                             ^^^^^^^^^^
lib/generated/spacex_api/device/wifi.pb.dart:8303:32: Error: The method '$_clearField' isn't defined for the type 'starlink_routers_hourly_metrics_v2'.
 - 'starlink_routers_hourly_metrics_v2' is from 'package:starlink_isp_app/generated/spacex_api/device/wifi.pb.dart' ('lib/generated/spacex_api/device/wifi.pb.dart').
Try correcting the name to the name of an existing method, or defining a method named '$_clearField'.
  void clearTimestampDate() => $_clearField(2);
                               ^^^^^^^^^^^^
lib/generated/spacex_api/device/wifi.pb.dart:8310:24: Error: 'UInt32Value' isn't a type.
  set timestampHour($4.UInt32Value value) => $_setField(3, value);
                       ^^^^^^^^^^^
lib/generated/spacex_api/device/wifi.pb.dart:8310:46: Error: The method '$_setField' isn't defined for the type 'starlink_routers_hourly_metrics_v2'.
 - 'starlink_routers_hourly_metrics_v2' is from 'package:starlink_isp_app/generated/spacex_api/device/wifi.pb.dart' ('lib/generated/spacex_api/device/wifi.pb.dart').
Try correcting the name to the name of an existing method, or defining a method named '$_setField'.
  set timestampHour($4.UInt32Value value) => $_setField(3, value);
                                             ^^^^^^^^^^
lib/generated/spacex_api/device/wifi.pb.dart:8314:32: Error: The method '$_clearField' isn't defined for the type 'starlink_routers_hourly_metrics_v2'.
 - 'starlink_routers_hourly_metrics_v2' is from 'package:starlink_isp_app/generated/spacex_api/device/wifi.pb.dart' ('lib/generated/spacex_api/device/wifi.pb.dart').
Try correcting the name to the name of an existing method, or defining a method named '$_clearField'.
  void clearTimestampHour() => $_clearField(3);
                               ^^^^^^^^^^^^
lib/generated/spacex_api/device/wifi.pb.dart:8321:19: Error: 'UInt32Value' isn't a type.
  set sysHwGen($4.UInt32Value value) => $_setField(4, value);
                  ^^^^^^^^^^^
lib/generated/spacex_api/device/wifi.pb.dart:8321:41: Error: The method '$_setField' isn't defined for the type 'starlink_routers_hourly_metrics_v2'.
 - 'starlink_routers_hourly_metrics_v2' is from 'package:starlink_isp_app/generated/spacex_api/device/wifi.pb.dart' ('lib/generated/spacex_api/device/wifi.pb.dart').
Try correcting the name to the name of an existing method, or defining a method named '$_setField'.
  set sysHwGen($4.UInt32Value value) => $_setField(4, value);
                                        ^^^^^^^^^^
lib/generated/spacex_api/device/wifi.pb.dart:8325:27: Error: The method '$_clearField' isn't defined for the type 'starlink_routers_hourly_metrics_v2'.
 - 'starlink_routers_hourly_metrics_v2' is from 'package:starlink_isp_app/generated/spacex_api/device/wifi.pb.dart' ('lib/generated/spacex_api/device/wifi.pb.dart').
Try correcting the name to the name of an existing method, or defining a method named '$_clearField'.
  void clearSysHwGen() => $_clearField(4);
                          ^^^^^^^^^^^^
lib/generated/spacex_api/device/wifi.pb.dart:8332:16: Error: 'StringValue' isn't a type.
  set sysSw($4.StringValue value) => $_setField(5, value);
               ^^^^^^^^^^^
lib/generated/spacex_api/device/wifi.pb.dart:8332:38: Error: The method '$_setField' isn't defined for the type 'starlink_routers_hourly_metrics_v2'.
 - 'starlink_routers_hourly_metrics_v2' is from 'package:starlink_isp_app/generated/spacex_api/device/wifi.pb.dart' ('lib/generated/spacex_api/device/wifi.pb.dart').
Try correcting the name to the name of an existing method, or defining a method named '$_setField'.
  set sysSw($4.StringValue value) => $_setField(5, value);
                                     ^^^^^^^^^^
lib/generated/spacex_api/device/wifi.pb.dart:8336:24: Error: The method '$_clearField' isn't defined for the type 'starlink_routers_hourly_metrics_v2'.
 - 'starlink_routers_hourly_metrics_v2' is from 'package:starlink_isp_app/generated/spacex_api/device/wifi.pb.dart' ('lib/generated/spacex_api/device/wifi.pb.dart').
Try correcting the name to the name of an existing method, or defining a method named '$_clearField'.
  void clearSysSw() => $_clearField(5);
                       ^^^^^^^^^^^^
lib/generated/spacex_api/device/wifi.pb.dart:8343:21: Error: 'StringValue' isn't a type.
  set sysCountry($4.StringValue value) => $_setField(6, value);
                    ^^^^^^^^^^^
lib/generated/spacex_api/device/wifi.pb.dart:8343:43: Error: The method '$_setField' isn't defined for the type 'starlink_routers_hourly_metrics_v2'.
 - 'starlink_routers_hourly_metrics_v2' is from 'package:starlink_isp_app/generated/spacex_api/device/wifi.pb.dart' ('lib/generated/spacex_api/device/wifi.pb.dart').
Try correcting the name to the name of an existing method, or defining a method named '$_setField'.
  set sysCountry($4.StringValue value) => $_setField(6, value);
                                          ^^^^^^^^^^
lib/generated/spacex_api/device/wifi.pb.dart:8347:29: Error: The method '$_clearField' isn't defined for the type 'starlink_routers_hourly_metrics_v2'.
 - 'starlink_routers_hourly_metrics_v2' is from 'package:starlink_isp_app/generated/spacex_api/device/wifi.pb.dart' ('lib/generated/spacex_api/device/wifi.pb.dart').
Try correcting the name to the name of an existing method, or defining a method named '$_clearField'.
  void clearSysCountry() => $_clearField(6);
                            ^^^^^^^^^^^^
lib/generated/spacex_api/device/wifi.pb.dart:8354:19: Error: 'BoolValue' isn't a type.
  set sysIsDev($4.BoolValue value) => $_setField(7, value);
                  ^^^^^^^^^
lib/generated/spacex_api/device/wifi.pb.dart:8354:39: Error: The method '$_setField' isn't defined for the type 'starlink_routers_hourly_metrics_v2'.
 - 'starlink_routers_hourly_metrics_v2' is from 'package:starlink_isp_app/generated/spacex_api/device/wifi.pb.dart' ('lib/generated/spacex_api/device/wifi.pb.dart').
Try correcting the name to the name of an existing method, or defining a method named '$_setField'.
  set sysIsDev($4.BoolValue value) => $_setField(7, value);
                                      ^^^^^^^^^^
lib/generated/spacex_api/device/wifi.pb.dart:8358:27: Error: The method '$_clearField' isn't defined for the type 'starlink_routers_hourly_metrics_v2'.
 - 'starlink_routers_hourly_metrics_v2' is from 'package:starlink_isp_app/generated/spacex_api/device/wifi.pb.dart' ('lib/generated/spacex_api/device/wifi.pb.dart').
Try correcting the name to the name of an existing method, or defining a method named '$_clearField'.
  void clearSysIsDev() => $_clearField(7);
                          ^^^^^^^^^^^^
lib/generated/spacex_api/device/wifi.pb.dart:8365:22: Error: 'UInt32Value' isn't a type.
  set sysAllocFds($4.UInt32Value value) => $_setField(8, value);
                     ^^^^^^^^^^^
lib/generated/spacex_api/device/wifi.pb.dart:8365:44: Error: The method '$_setField' isn't defined for the type 'starlink_routers_hourly_metrics_v2'.
 - 'starlink_routers_hourly_metrics_v2' is from 'package:starlink_isp_app/generated/spacex_api/device/wifi.pb.dart' ('lib/generated/spacex_api/device/wifi.pb.dart').
Try correcting the name to the name of an existing method, or defining a method named '$_setField'.
  set sysAllocFds($4.UInt32Value value) => $_setField(8, value);
                                           ^^^^^^^^^^
lib/generated/spacex_api/device/wifi.pb.dart:8369:30: Error: The method '$_clearField' isn't defined for the type 'starlink_routers_hourly_metrics_v2'.
 - 'starlink_routers_hourly_metrics_v2' is from 'package:starlink_isp_app/generated/spacex_api/device/wifi.pb.dart' ('lib/generated/spacex_api/device/wifi.pb.dart').
Try correcting the name to the name of an existing method, or defining a method named '$_clearField'.
  void clearSysAllocFds() => $_clearField(8);
                             ^^^^^^^^^^^^
lib/generated/spacex_api/device/wifi.pb.dart:8376:22: Error: 'FloatValue' isn't a type.
  set sysCpuUsage($4.FloatValue value) => $_setField(9, value);
                     ^^^^^^^^^^
lib/generated/spacex_api/device/wifi.pb.dart:8376:43: Error: The method '$_setField' isn't defined for the type 'starlink_routers_hourly_metrics_v2'.
 - 'starlink_routers_hourly_metrics_v2' is from 'package:starlink_isp_app/generated/spacex_api/device/wifi.pb.dart' ('lib/generated/spacex_api/device/wifi.pb.dart').
Try correcting the name to the name of an existing method, or defining a method named '$_setField'.
  set sysCpuUsage($4.FloatValue value) => $_setField(9, value);
                                          ^^^^^^^^^^
lib/generated/spacex_api/device/wifi.pb.dart:8380:30: Error: The method '$_clearField' isn't defined for the type 'starlink_routers_hourly_metrics_v2'.
 - 'starlink_routers_hourly_metrics_v2' is from 'package:starlink_isp_app/generated/spacex_api/device/wifi.pb.dart' ('lib/generated/spacex_api/device/wifi.pb.dart').
Try correcting the name to the name of an existing method, or defining a method named '$_clearField'.
  void clearSysCpuUsage() => $_clearField(9);
                             ^^^^^^^^^^^^
lib/generated/spacex_api/device/wifi.pb.dart:8387:23: Error: 'FloatValue' isn't a type.
  set sysMemFreeKb($4.FloatValue value) => $_setField(10, value);
                      ^^^^^^^^^^
lib/generated/spacex_api/device/wifi.pb.dart:8387:44: Error: The method '$_setField' isn't defined for the type 'starlink_routers_hourly_metrics_v2'.
 - 'starlink_routers_hourly_metrics_v2' is from 'package:starlink_isp_app/generated/spacex_api/device/wifi.pb.dart' ('lib/generated/spacex_api/device/wifi.pb.dart').
Try correcting the name to the name of an existing method, or defining a method named '$_setField'.
  set sysMemFreeKb($4.FloatValue value) => $_setField(10, value);
                                           ^^^^^^^^^^
lib/generated/spacex_api/device/wifi.pb.dart:8391:31: Error: The method '$_clearField' isn't defined for the type 'starlink_routers_hourly_metrics_v2'.
 - 'starlink_routers_hourly_metrics_v2' is from 'package:starlink_isp_app/generated/spacex_api/device/wifi.pb.dart' ('lib/generated/spacex_api/device/wifi.pb.dart').
Try correcting the name to the name of an existing method, or defining a method named '$_clearField'.
  void clearSysMemFreeKb() => $_clearField(10);
                              ^^^^^^^^^^^^
lib/generated/spacex_api/device/wifi.pb.dart:8398:23: Error: 'Int32Value' isn't a type.
  set sysBootcount($4.Int32Value value) => $_setField(11, value);
                      ^^^^^^^^^^
lib/generated/spacex_api/device/wifi.pb.dart:8398:44: Error: The method '$_setField' isn't defined for the type 'starlink_routers_hourly_metrics_v2'.
 - 'starlink_routers_hourly_metrics_v2' is from 'package:starlink_isp_app/generated/spacex_api/device/wifi.pb.dart' ('lib/generated/spacex_api/device/wifi.pb.dart').
Try correcting the name to the name of an existing method, or defining a method named '$_setField'.
  set sysBootcount($4.Int32Value value) => $_setField(11, value);
                                           ^^^^^^^^^^
lib/generated/spacex_api/device/wifi.pb.dart:8402:31: Error: The method '$_clearField' isn't defined for the type 'starlink_routers_hourly_metrics_v2'.
 - 'starlink_routers_hourly_metrics_v2' is from 'package:starlink_isp_app/generated/spacex_api/device/wifi.pb.dart' ('lib/generated/spacex_api/device/wifi.pb.dart').
Try correcting the name to the name of an existing method, or defining a method named '$_clearField'.
  void clearSysBootcount() => $_clearField(11);
                              ^^^^^^^^^^^^
lib/generated/spacex_api/device/wifi.pb.dart:8409:29: Error: 'BoolValue' isn't a type.
  set sysPartitionsEqual($4.BoolValue value) => $_setField(12, value);
                            ^^^^^^^^^
lib/generated/spacex_api/device/wifi.pb.dart:8409:49: Error: The method '$_setField' isn't defined for the type 'starlink_routers_hourly_metrics_v2'.
 - 'starlink_routers_hourly_metrics_v2' is from 'package:starlink_isp_app/generated/spacex_api/device/wifi.pb.dart' ('lib/generated/spacex_api/device/wifi.pb.dart').
Try correcting the name to the name of an existing method, or defining a method named '$_setField'.
  set sysPartitionsEqual($4.BoolValue value) => $_setField(12, value);
                                                ^^^^^^^^^^
lib/generated/spacex_api/device/wifi.pb.dart:8413:37: Error: The method '$_clearField' isn't defined for the type 'starlink_routers_hourly_metrics_v2'.
 - 'starlink_routers_hourly_metrics_v2' is from 'package:starlink_isp_app/generated/spacex_api/device/wifi.pb.dart' ('lib/generated/spacex_api/device/wifi.pb.dart').
Try correcting the name to the name of an existing method, or defining a method named '$_clearField'.
  void clearSysPartitionsEqual() => $_clearField(12);
                                    ^^^^^^^^^^^^
lib/generated/spacex_api/device/wifi.pb.dart:8420:27: Error: 'UInt32Value' isn't a type.
  set sysUptimeSeconds($4.UInt32Value value) => $_setField(13, value);
                          ^^^^^^^^^^^
lib/generated/spacex_api/device/wifi.pb.dart:8420:49: Error: The method '$_setField' isn't defined for the type 'starlink_routers_hourly_metrics_v2'.
 - 'starlink_routers_hourly_metrics_v2' is from 'package:starlink_isp_app/generated/spacex_api/device/wifi.pb.dart' ('lib/generated/spacex_api/device/wifi.pb.dart').
Try correcting the name to the name of an existing method, or defining a method named '$_setField'.
  set sysUptimeSeconds($4.UInt32Value value) => $_setField(13, value);
                                                ^^^^^^^^^^
lib/generated/spacex_api/device/wifi.pb.dart:8424:35: Error: The method '$_clearField' isn't defined for the type 'starlink_routers_hourly_metrics_v2'.
 - 'starlink_routers_hourly_metrics_v2' is from 'package:starlink_isp_app/generated/spacex_api/device/wifi.pb.dart' ('lib/generated/spacex_api/device/wifi.pb.dart').
Try correcting the name to the name of an existing method, or defining a method named '$_clearField'.
  void clearSysUptimeSeconds() => $_clearField(13);
                                  ^^^^^^^^^^^^
lib/generated/spacex_api/device/wifi.pb.dart:8431:33: Error: 'Int32Value' isn't a type.
  set sysAntiRollbackVersion($4.Int32Value value) => $_setField(14, value);
                                ^^^^^^^^^^
lib/generated/spacex_api/device/wifi.pb.dart:8431:54: Error: The method '$_setField' isn't defined for the type 'starlink_routers_hourly_metrics_v2'.
 - 'starlink_routers_hourly_metrics_v2' is from 'package:starlink_isp_app/generated/spacex_api/device/wifi.pb.dart' ('lib/generated/spacex_api/device/wifi.pb.dart').
Try correcting the name to the name of an existing method, or defining a method named '$_setField'.
  set sysAntiRollbackVersion($4.Int32Value value) => $_setField(14, value);
                                                     ^^^^^^^^^^
lib/generated/spacex_api/device/wifi.pb.dart:8435:41: Error: The method '$_clearField' isn't defined for the type 'starlink_routers_hourly_metrics_v2'.
 - 'starlink_routers_hourly_metrics_v2' is from 'package:starlink_isp_app/generated/spacex_api/device/wifi.pb.dart' ('lib/generated/spacex_api/device/wifi.pb.dart').
Try correcting the name to the name of an existing method, or defining a method named '$_clearField'.
  void clearSysAntiRollbackVersion() => $_clearField(14);
                                        ^^^^^^^^^^^^
lib/generated/spacex_api/device/wifi.pb.dart:8442:20: Error: 'BoolValue' isn't a type.
  set sysIsWitl($4.BoolValue value) => $_setField(15, value);
                   ^^^^^^^^^
lib/generated/spacex_api/device/wifi.pb.dart:8442:40: Error: The method '$_setField' isn't defined for the type 'starlink_routers_hourly_metrics_v2'.
 - 'starlink_routers_hourly_metrics_v2' is from 'package:starlink_isp_app/generated/spacex_api/device/wifi.pb.dart' ('lib/generated/spacex_api/device/wifi.pb.dart').
Try correcting the name to the name of an existing method, or defining a method named '$_setField'.
  set sysIsWitl($4.BoolValue value) => $_setField(15, value);
                                       ^^^^^^^^^^
lib/generated/spacex_api/device/wifi.pb.dart:8446:28: Error: The method '$_clearField' isn't defined for the type 'starlink_routers_hourly_metrics_v2'.
 - 'starlink_routers_hourly_metrics_v2' is from 'package:starlink_isp_app/generated/spacex_api/device/wifi.pb.dart' ('lib/generated/spacex_api/device/wifi.pb.dart').
Try correcting the name to the name of an existing method, or defining a method named '$_clearField'.
  void clearSysIsWitl() => $_clearField(15);
                           ^^^^^^^^^^^^
lib/generated/spacex_api/device/wifi.pb.dart:8453:33: Error: 'BoolValue' isn't a type.
  set sysIsAviationConformed($4.BoolValue value) => $_setField(16, value);
                                ^^^^^^^^^
lib/generated/spacex_api/device/wifi.pb.dart:8453:53: Error: The method '$_setField' isn't defined for the type 'starlink_routers_hourly_metrics_v2'.
 - 'starlink_routers_hourly_metrics_v2' is from 'package:starlink_isp_app/generated/spacex_api/device/wifi.pb.dart' ('lib/generated/spacex_api/device/wifi.pb.dart').
Try correcting the name to the name of an existing method, or defining a method named '$_setField'.
  set sysIsAviationConformed($4.BoolValue value) => $_setField(16, value);
                                                    ^^^^^^^^^^
lib/generated/spacex_api/device/wifi.pb.dart:8457:41: Error: The method '$_clearField' isn't defined for the type 'starlink_routers_hourly_metrics_v2'.
 - 'starlink_routers_hourly_metrics_v2' is from 'package:starlink_isp_app/generated/spacex_api/device/wifi.pb.dart' ('lib/generated/spacex_api/device/wifi.pb.dart').
Try correcting the name to the name of an existing method, or defining a method named '$_clearField'.
  void clearSysIsAviationConformed() => $_clearField(16);
                                        ^^^^^^^^^^^^
lib/generated/spacex_api/device/wifi.pb.dart:8464:22: Error: 'UInt32Value' isn't a type.
  set sysUbiMaxEc($4.UInt32Value value) => $_setField(17, value);
                     ^^^^^^^^^^^
lib/generated/spacex_api/device/wifi.pb.dart:8464:44: Error: The method '$_setField' isn't defined for the type 'starlink_routers_hourly_metrics_v2'.
 - 'starlink_routers_hourly_metrics_v2' is from 'package:starlink_isp_app/generated/spacex_api/device/wifi.pb.dart' ('lib/generated/spacex_api/device/wifi.pb.dart').
Try correcting the name to the name of an existing method, or defining a method named '$_setField'.
  set sysUbiMaxEc($4.UInt32Value value) => $_setField(17, value);
                                           ^^^^^^^^^^
lib/generated/spacex_api/device/wifi.pb.dart:8468:30: Error: The method '$_clearField' isn't defined for the type 'starlink_routers_hourly_metrics_v2'.
 - 'starlink_routers_hourly_metrics_v2' is from 'package:starlink_isp_app/generated/spacex_api/device/wifi.pb.dart' ('lib/generated/spacex_api/device/wifi.pb.dart').
Try correcting the name to the name of an existing method, or defining a method named '$_clearField'.
  void clearSysUbiMaxEc() => $_clearField(17);
                             ^^^^^^^^^^^^
lib/generated/spacex_api/device/wifi.pb.dart:8475:23: Error: 'UInt32Value' isn't a type.
  set sysUbiBadPeb($4.UInt32Value value) => $_setField(18, value);
                      ^^^^^^^^^^^
lib/generated/spacex_api/device/wifi.pb.dart:8475:45: Error: The method '$_setField' isn't defined for the type 'starlink_routers_hourly_metrics_v2'.
 - 'starlink_routers_hourly_metrics_v2' is from 'package:starlink_isp_app/generated/spacex_api/device/wifi.pb.dart' ('lib/generated/spacex_api/device/wifi.pb.dart').
Try correcting the name to the name of an existing method, or defining a method named '$_setField'.
  set sysUbiBadPeb($4.UInt32Value value) => $_setField(18, value);
                                            ^^^^^^^^^^
lib/generated/spacex_api/device/wifi.pb.dart:8479:31: Error: The method '$_clearField' isn't defined for the type 'starlink_routers_hourly_metrics_v2'.
 - 'starlink_routers_hourly_metrics_v2' is from 'package:starlink_isp_app/generated/spacex_api/device/wifi.pb.dart' ('lib/generated/spacex_api/device/wifi.pb.dart').
Try correcting the name to the name of an existing method, or defining a method named '$_clearField'.
  void clearSysUbiBadPeb() => $_clearField(18);
                              ^^^^^^^^^^^^
lib/generated/spacex_api/device/wifi.pb.dart:8486:22: Error: 'UInt32Value' isn't a type.
  set sysBoardRev($4.UInt32Value value) => $_setField(19, value);
                     ^^^^^^^^^^^
lib/generated/spacex_api/device/wifi.pb.dart:8486:44: Error: The method '$_setField' isn't defined for the type 'starlink_routers_hourly_metrics_v2'.
 - 'starlink_routers_hourly_metrics_v2' is from 'package:starlink_isp_app/generated/spacex_api/device/wifi.pb.dart' ('lib/generated/spacex_api/device/wifi.pb.dart').
Try correcting the name to the name of an existing method, or defining a method named '$_setField'.
  set sysBoardRev($4.UInt32Value value) => $_setField(19, value);
                                           ^^^^^^^^^^
lib/generated/spacex_api/device/wifi.pb.dart:8490:30: Error: The method '$_clearField' isn't defined for the type 'starlink_routers_hourly_metrics_v2'.
 - 'starlink_routers_hourly_metrics_v2' is from 'package:starlink_isp_app/generated/spacex_api/device/wifi.pb.dart' ('lib/generated/spacex_api/device/wifi.pb.dart').
Try correcting the name to the name of an existing method, or defining a method named '$_clearField'.
  void clearSysBoardRev() => $_clearField(19);
                             ^^^^^^^^^^^^
lib/generated/spacex_api/device/wifi.pb.dart:8497:30: Error: 'UInt32Value' isn't a type.
  set sysCalibrationState($4.UInt32Value value) => $_setField(20, value);
                             ^^^^^^^^^^^
lib/generated/spacex_api/device/wifi.pb.dart:8497:52: Error: The method '$_setField' isn't defined for the type 'starlink_routers_hourly_metrics_v2'.
 - 'starlink_routers_hourly_metrics_v2' is from 'package:starlink_isp_app/generated/spacex_api/device/wifi.pb.dart' ('lib/generated/spacex_api/device/wifi.pb.dart').
Try correcting the name to the name of an existing method, or defining a method named '$_setField'.
  set sysCalibrationState($4.UInt32Value value) => $_setField(20, value);
                                                   ^^^^^^^^^^
lib/generated/spacex_api/device/wifi.pb.dart:8501:38: Error: The method '$_clearField' isn't defined for the type 'starlink_routers_hourly_metrics_v2'.
 - 'starlink_routers_hourly_metrics_v2' is from 'package:starlink_isp_app/generated/spacex_api/device/wifi.pb.dart' ('lib/generated/spacex_api/device/wifi.pb.dart').
Try correcting the name to the name of an existing method, or defining a method named '$_clearField'.
  void clearSysCalibrationState() => $_clearField(20);
                                     ^^^^^^^^^^^^
lib/generated/spacex_api/device/wifi.pb.dart:8508:40: Error: 'UInt32Value' isn't a type.
  set sysCalibrationPartitionsState($4.UInt32Value value) =>
                                       ^^^^^^^^^^^
lib/generated/spacex_api/device/wifi.pb.dart:8509:7: Error: The method '$_setField' isn't defined for the type 'starlink_routers_hourly_metrics_v2'.
 - 'starlink_routers_hourly_metrics_v2' is from 'package:starlink_isp_app/generated/spacex_api/device/wifi.pb.dart' ('lib/generated/spacex_api/device/wifi.pb.dart').
Try correcting the name to the name of an existing method, or defining a method named '$_setField'.
      $_setField(21, value);
      ^^^^^^^^^^
lib/generated/spacex_api/device/wifi.pb.dart:8513:48: Error: The method '$_clearField' isn't defined for the type 'starlink_routers_hourly_metrics_v2'.
 - 'starlink_routers_hourly_metrics_v2' is from 'package:starlink_isp_app/generated/spacex_api/device/wifi.pb.dart' ('lib/generated/spacex_api/device/wifi.pb.dart').
Try correcting the name to the name of an existing method, or defining a method named '$_clearField'.
  void clearSysCalibrationPartitionsState() => $_clearField(21);
                                               ^^^^^^^^^^^^
lib/generated/spacex_api/device/wifi.pb.dart:8520:21: Error: 'UInt32Value' isn't a type.
  set sysHwIndex($4.UInt32Value value) => $_setField(22, value);
                    ^^^^^^^^^^^
lib/generated/spacex_api/device/wifi.pb.dart:8520:43: Error: The method '$_setField' isn't defined for the type 'starlink_routers_hourly_metrics_v2'.
 - 'starlink_routers_hourly_metrics_v2' is from 'package:starlink_isp_app/generated/spacex_api/device/wifi.pb.dart' ('lib/generated/spacex_api/device/wifi.pb.dart').
Try correcting the name to the name of an existing method, or defining a method named '$_setField'.
  set sysHwIndex($4.UInt32Value value) => $_setField(22, value);
                                          ^^^^^^^^^^
lib/generated/spacex_api/device/wifi.pb.dart:8524:29: Error: The method '$_clearField' isn't defined for the type 'starlink_routers_hourly_metrics_v2'.
 - 'starlink_routers_hourly_metrics_v2' is from 'package:starlink_isp_app/generated/spacex_api/device/wifi.pb.dart' ('lib/generated/spacex_api/device/wifi.pb.dart').
Try correcting the name to the name of an existing method, or defining a method named '$_clearField'.
  void clearSysHwIndex() => $_clearField(22);
                            ^^^^^^^^^^^^
lib/generated/spacex_api/device/wifi.pb.dart:8531:28: Error: 'UInt32Value' isn't a type.
  set radios2ghzChannel($4.UInt32Value value) => $_setField(100, value);
                           ^^^^^^^^^^^
lib/generated/spacex_api/device/wifi.pb.dart:8531:50: Error: The method '$_setField' isn't defined for the type 'starlink_routers_hourly_metrics_v2'.
 - 'starlink_routers_hourly_metrics_v2' is from 'package:starlink_isp_app/generated/spacex_api/device/wifi.pb.dart' ('lib/generated/spacex_api/device/wifi.pb.dart').
Try correcting the name to the name of an existing method, or defining a method named '$_setField'.
  set radios2ghzChannel($4.UInt32Value value) => $_setField(100, value);
                                                 ^^^^^^^^^^
lib/generated/spacex_api/device/wifi.pb.dart:8535:36: Error: The method '$_clearField' isn't defined for the type 'starlink_routers_hourly_metrics_v2'.
 - 'starlink_routers_hourly_metrics_v2' is from 'package:starlink_isp_app/generated/spacex_api/device/wifi.pb.dart' ('lib/generated/spacex_api/device/wifi.pb.dart').
Try correcting the name to the name of an existing method, or defining a method named '$_clearField'.
  void clearRadios2ghzChannel() => $_clearField(100);
                                   ^^^^^^^^^^^^
lib/generated/spacex_api/device/wifi.pb.dart:8542:33: Error: 'FloatValue' isn't a type.
  set radios2ghzAntenna1Rssi($4.FloatValue value) => $_setField(101, value);
                                ^^^^^^^^^^
lib/generated/spacex_api/device/wifi.pb.dart:8542:54: Error: The method '$_setField' isn't defined for the type 'starlink_routers_hourly_metrics_v2'.
 - 'starlink_routers_hourly_metrics_v2' is from 'package:starlink_isp_app/generated/spacex_api/device/wifi.pb.dart' ('lib/generated/spacex_api/device/wifi.pb.dart').
Try correcting the name to the name of an existing method, or defining a method named '$_setField'.
  set radios2ghzAntenna1Rssi($4.FloatValue value) => $_setField(101, value);
                                                     ^^^^^^^^^^
lib/generated/spacex_api/device/wifi.pb.dart:8546:41: Error: The method '$_clearField' isn't defined for the type 'starlink_routers_hourly_metrics_v2'.
 - 'starlink_routers_hourly_metrics_v2' is from 'package:starlink_isp_app/generated/spacex_api/device/wifi.pb.dart' ('lib/generated/spacex_api/device/wifi.pb.dart').
Try correcting the name to the name of an existing method, or defining a method named '$_clearField'.
  void clearRadios2ghzAntenna1Rssi() => $_clearField(101);
                                        ^^^^^^^^^^^^
lib/generated/spacex_api/device/wifi.pb.dart:8553:33: Error: 'FloatValue' isn't a type.
  set radios2ghzAntenna2Rssi($4.FloatValue value) => $_setField(102, value);
                                ^^^^^^^^^^
lib/generated/spacex_api/device/wifi.pb.dart:8553:54: Error: The method '$_setField' isn't defined for the type 'starlink_routers_hourly_metrics_v2'.
 - 'starlink_routers_hourly_metrics_v2' is from 'package:starlink_isp_app/generated/spacex_api/device/wifi.pb.dart' ('lib/generated/spacex_api/device/wifi.pb.dart').
Try correcting the name to the name of an existing method, or defining a method named '$_setField'.
  set radios2ghzAntenna2Rssi($4.FloatValue value) => $_setField(102, value);
                                                     ^^^^^^^^^^
lib/generated/spacex_api/device/wifi.pb.dart:8557:41: Error: The method '$_clearField' isn't defined for the type 'starlink_routers_hourly_metrics_v2'.
 - 'starlink_routers_hourly_metrics_v2' is from 'package:starlink_isp_app/generated/spacex_api/device/wifi.pb.dart' ('lib/generated/spacex_api/device/wifi.pb.dart').
Try correcting the name to the name of an existing method, or defining a method named '$_clearField'.
  void clearRadios2ghzAntenna2Rssi() => $_clearField(102);
                                        ^^^^^^^^^^^^
lib/generated/spacex_api/device/wifi.pb.dart:8564:33: Error: 'FloatValue' isn't a type.
  set radios2ghzAntenna3Rssi($4.FloatValue value) => $_setField(103, value);
                                ^^^^^^^^^^
lib/generated/spacex_api/device/wifi.pb.dart:8564:54: Error: The method '$_setField' isn't defined for the type 'starlink_routers_hourly_metrics_v2'.
 - 'starlink_routers_hourly_metrics_v2' is from 'package:starlink_isp_app/generated/spacex_api/device/wifi.pb.dart' ('lib/generated/spacex_api/device/wifi.pb.dart').
Try correcting the name to the name of an existing method, or defining a method named '$_setField'.
  set radios2ghzAntenna3Rssi($4.FloatValue value) => $_setField(103, value);
                                                     ^^^^^^^^^^
lib/generated/spacex_api/device/wifi.pb.dart:8568:41: Error: The method '$_clearField' isn't defined for the type 'starlink_routers_hourly_metrics_v2'.
 - 'starlink_routers_hourly_metrics_v2' is from 'package:starlink_isp_app/generated/spacex_api/device/wifi.pb.dart' ('lib/generated/spacex_api/device/wifi.pb.dart').
Try correcting the name to the name of an existing method, or defining a method named '$_clearField'.
  void clearRadios2ghzAntenna3Rssi() => $_clearField(103);
                                        ^^^^^^^^^^^^
lib/generated/spacex_api/device/wifi.pb.dart:8575:31: Error: 'UInt32Value' isn't a type.
  set radios2ghzIfaceCount($4.UInt32Value value) => $_setField(104, value);
                              ^^^^^^^^^^^
lib/generated/spacex_api/device/wifi.pb.dart:8575:53: Error: The method '$_setField' isn't defined for the type 'starlink_routers_hourly_metrics_v2'.
 - 'starlink_routers_hourly_metrics_v2' is from 'package:starlink_isp_app/generated/spacex_api/device/wifi.pb.dart' ('lib/generated/spacex_api/device/wifi.pb.dart').
Try correcting the name to the name of an existing method, or defining a method named '$_setField'.
  set radios2ghzIfaceCount($4.UInt32Value value) => $_setField(104, value);
                                                    ^^^^^^^^^^
lib/generated/spacex_api/device/wifi.pb.dart:8579:39: Error: The method '$_clearField' isn't defined for the type 'starlink_routers_hourly_metrics_v2'.
 - 'starlink_routers_hourly_metrics_v2' is from 'package:starlink_isp_app/generated/spacex_api/device/wifi.pb.dart' ('lib/generated/spacex_api/device/wifi.pb.dart').
Try correcting the name to the name of an existing method, or defining a method named '$_clearField'.
  void clearRadios2ghzIfaceCount() => $_clearField(104);
                                      ^^^^^^^^^^^^
lib/generated/spacex_api/device/wifi.pb.dart:8586:37: Error: 'FloatValue' isn't a type.
  set radios2ghzChanBusyFraction($4.FloatValue value) => $_setField(105, value);
                                    ^^^^^^^^^^
lib/generated/spacex_api/device/wifi.pb.dart:8586:58: Error: The method '$_setField' isn't defined for the type 'starlink_routers_hourly_metrics_v2'.
 - 'starlink_routers_hourly_metrics_v2' is from 'package:starlink_isp_app/generated/spacex_api/device/wifi.pb.dart' ('lib/generated/spacex_api/device/wifi.pb.dart').
Try correcting the name to the name of an existing method, or defining a method named '$_setField'.
  set radios2ghzChanBusyFraction($4.FloatValue value) => $_setField(105, value);
                                                         ^^^^^^^^^^
lib/generated/spacex_api/device/wifi.pb.dart:8590:45: Error: The method '$_clearField' isn't defined for the type 'starlink_routers_hourly_metrics_v2'.
 - 'starlink_routers_hourly_metrics_v2' is from 'package:starlink_isp_app/generated/spacex_api/device/wifi.pb.dart' ('lib/generated/spacex_api/device/wifi.pb.dart').
Try correcting the name to the name of an existing method, or defining a method named '$_clearField'.
  void clearRadios2ghzChanBusyFraction() => $_clearField(105);
                                            ^^^^^^^^^^^^
lib/generated/spacex_api/device/wifi.pb.dart:8597:34: Error: 'FloatValue' isn't a type.
  set radios2ghzEdccaFraction($4.FloatValue value) => $_setField(106, value);
                                 ^^^^^^^^^^
lib/generated/spacex_api/device/wifi.pb.dart:8597:55: Error: The method '$_setField' isn't defined for the type 'starlink_routers_hourly_metrics_v2'.
 - 'starlink_routers_hourly_metrics_v2' is from 'package:starlink_isp_app/generated/spacex_api/device/wifi.pb.dart' ('lib/generated/spacex_api/device/wifi.pb.dart').
Try correcting the name to the name of an existing method, or defining a method named '$_setField'.
  set radios2ghzEdccaFraction($4.FloatValue value) => $_setField(106, value);
                                                      ^^^^^^^^^^
lib/generated/spacex_api/device/wifi.pb.dart:8601:42: Error: The method '$_clearField' isn't defined for the type 'starlink_routers_hourly_metrics_v2'.
 - 'starlink_routers_hourly_metrics_v2' is from 'package:starlink_isp_app/generated/spacex_api/device/wifi.pb.dart' ('lib/generated/spacex_api/device/wifi.pb.dart').
Try correcting the name to the name of an existing method, or defining a method named '$_clearField'.
  void clearRadios2ghzEdccaFraction() => $_clearField(106);
                                         ^^^^^^^^^^^^
lib/generated/spacex_api/device/wifi.pb.dart:8608:43: Error: 'FloatValue' isn't a type.
  set radios2ghzOverlappingBssFraction($4.FloatValue value) =>
                                          ^^^^^^^^^^
lib/generated/spacex_api/device/wifi.pb.dart:8609:7: Error: The method '$_setField' isn't defined for the type 'starlink_routers_hourly_metrics_v2'.
 - 'starlink_routers_hourly_metrics_v2' is from 'package:starlink_isp_app/generated/spacex_api/device/wifi.pb.dart' ('lib/generated/spacex_api/device/wifi.pb.dart').
Try correcting the name to the name of an existing method, or defining a method named '$_setField'.
      $_setField(107, value);
      ^^^^^^^^^^
lib/generated/spacex_api/device/wifi.pb.dart:8613:51: Error: The method '$_clearField' isn't defined for the type 'starlink_routers_hourly_metrics_v2'.
 - 'starlink_routers_hourly_metrics_v2' is from 'package:starlink_isp_app/generated/spacex_api/device/wifi.pb.dart' ('lib/generated/spacex_api/device/wifi.pb.dart').
Try correcting the name to the name of an existing method, or defining a method named '$_clearField'.
  void clearRadios2ghzOverlappingBssFraction() => $_clearField(107);
                                                  ^^^^^^^^^^^^
lib/generated/spacex_api/device/wifi.pb.dart:8620:28: Error: 'Int64Value' isn't a type.
  set radios2ghzRxBytes($4.Int64Value value) => $_setField(108, value);
                           ^^^^^^^^^^
lib/generated/spacex_api/device/wifi.pb.dart:8620:49: Error: The method '$_setField' isn't defined for the type 'starlink_routers_hourly_metrics_v2'.
 - 'starlink_routers_hourly_metrics_v2' is from 'package:starlink_isp_app/generated/spacex_api/device/wifi.pb.dart' ('lib/generated/spacex_api/device/wifi.pb.dart').
Try correcting the name to the name of an existing method, or defining a method named '$_setField'.
  set radios2ghzRxBytes($4.Int64Value value) => $_setField(108, value);
                                                ^^^^^^^^^^
lib/generated/spacex_api/device/wifi.pb.dart:8624:36: Error: The method '$_clearField' isn't defined for the type 'starlink_routers_hourly_metrics_v2'.
 - 'starlink_routers_hourly_metrics_v2' is from 'package:starlink_isp_app/generated/spacex_api/device/wifi.pb.dart' ('lib/generated/spacex_api/device/wifi.pb.dart').
Try correcting the name to the name of an existing method, or defining a method named '$_clearField'.
  void clearRadios2ghzRxBytes() => $_clearField(108);
                                   ^^^^^^^^^^^^
lib/generated/spacex_api/device/wifi.pb.dart:8631:30: Error: 'Int64Value' isn't a type.
  set radios2ghzRxPackets($4.Int64Value value) => $_setField(109, value);
                             ^^^^^^^^^^
lib/generated/spacex_api/device/wifi.pb.dart:8631:51: Error: The method '$_setField' isn't defined for the type 'starlink_routers_hourly_metrics_v2'.
 - 'starlink_routers_hourly_metrics_v2' is from 'package:starlink_isp_app/generated/spacex_api/device/wifi.pb.dart' ('lib/generated/spacex_api/device/wifi.pb.dart').
Try correcting the name to the name of an existing method, or defining a method named '$_setField'.
  set radios2ghzRxPackets($4.Int64Value value) => $_setField(109, value);
                                                  ^^^^^^^^^^
lib/generated/spacex_api/device/wifi.pb.dart:8635:38: Error: The method '$_clearField' isn't defined for the type 'starlink_routers_hourly_metrics_v2'.
 - 'starlink_routers_hourly_metrics_v2' is from 'package:starlink_isp_app/generated/spacex_api/device/wifi.pb.dart' ('lib/generated/spacex_api/device/wifi.pb.dart').
Try correcting the name to the name of an existing method, or defining a method named '$_clearField'.
  void clearRadios2ghzRxPackets() => $_clearField(109);
                                     ^^^^^^^^^^^^
lib/generated/spacex_api/device/wifi.pb.dart:8642:29: Error: 'Int64Value' isn't a type.
  set radios2ghzRxErrors($4.Int64Value value) => $_setField(110, value);
                            ^^^^^^^^^^
lib/generated/spacex_api/device/wifi.pb.dart:8642:50: Error: The method '$_setField' isn't defined for the type 'starlink_routers_hourly_metrics_v2'.
 - 'starlink_routers_hourly_metrics_v2' is from 'package:starlink_isp_app/generated/spacex_api/device/wifi.pb.dart' ('lib/generated/spacex_api/device/wifi.pb.dart').
Try correcting the name to the name of an existing method, or defining a method named '$_setField'.
  set radios2ghzRxErrors($4.Int64Value value) => $_setField(110, value);
                                                 ^^^^^^^^^^
lib/generated/spacex_api/device/wifi.pb.dart:8646:37: Error: The method '$_clearField' isn't defined for the type 'starlink_routers_hourly_metrics_v2'.
 - 'starlink_routers_hourly_metrics_v2' is from 'package:starlink_isp_app/generated/spacex_api/device/wifi.pb.dart' ('lib/generated/spacex_api/device/wifi.pb.dart').
Try correcting the name to the name of an existing method, or defining a method named '$_clearField'.
  void clearRadios2ghzRxErrors() => $_clearField(110);
                                    ^^^^^^^^^^^^
lib/generated/spacex_api/device/wifi.pb.dart:8653:34: Error: 'Int64Value' isn't a type.
  set radios2ghzRxFrameErrors($4.Int64Value value) => $_setField(111, value);
                                 ^^^^^^^^^^
lib/generated/spacex_api/device/wifi.pb.dart:8653:55: Error: The method '$_setField' isn't defined for the type 'starlink_routers_hourly_metrics_v2'.
 - 'starlink_routers_hourly_metrics_v2' is from 'package:starlink_isp_app/generated/spacex_api/device/wifi.pb.dart' ('lib/generated/spacex_api/device/wifi.pb.dart').
Try correcting the name to the name of an existing method, or defining a method named '$_setField'.
  set radios2ghzRxFrameErrors($4.Int64Value value) => $_setField(111, value);
                                                      ^^^^^^^^^^
lib/generated/spacex_api/device/wifi.pb.dart:8657:42: Error: The method '$_clearField' isn't defined for the type 'starlink_routers_hourly_metrics_v2'.
 - 'starlink_routers_hourly_metrics_v2' is from 'package:starlink_isp_app/generated/spacex_api/device/wifi.pb.dart' ('lib/generated/spacex_api/device/wifi.pb.dart').
Try correcting the name to the name of an existing method, or defining a method named '$_clearField'.
  void clearRadios2ghzRxFrameErrors() => $_clearField(111);
                                         ^^^^^^^^^^^^
lib/generated/spacex_api/device/wifi.pb.dart:8664:38: Error: 'FloatValue' isn't a type.
  set radios2ghzRxPacketErrorRate($4.FloatValue value) =>
                                     ^^^^^^^^^^
lib/generated/spacex_api/device/wifi.pb.dart:8665:7: Error: The method '$_setField' isn't defined for the type 'starlink_routers_hourly_metrics_v2'.
 - 'starlink_routers_hourly_metrics_v2' is from 'package:starlink_isp_app/generated/spacex_api/device/wifi.pb.dart' ('lib/generated/spacex_api/device/wifi.pb.dart').
Try correcting the name to the name of an existing method, or defining a method named '$_setField'.
      $_setField(112, value);
      ^^^^^^^^^^
lib/generated/spacex_api/device/wifi.pb.dart:8669:46: Error: The method '$_clearField' isn't defined for the type 'starlink_routers_hourly_metrics_v2'.
 - 'starlink_routers_hourly_metrics_v2' is from 'package:starlink_isp_app/generated/spacex_api/device/wifi.pb.dart' ('lib/generated/spacex_api/device/wifi.pb.dart').
Try correcting the name to the name of an existing method, or defining a method named '$_clearField'.
  void clearRadios2ghzRxPacketErrorRate() => $_clearField(112);
                                             ^^^^^^^^^^^^
lib/generated/spacex_api/device/wifi.pb.dart:8676:38: Error: 'FloatValue' isn't a type.
  set radios2ghzRxAirtimeFraction($4.FloatValue value) =>
                                     ^^^^^^^^^^
lib/generated/spacex_api/device/wifi.pb.dart:8677:7: Error: The method '$_setField' isn't defined for the type 'starlink_routers_hourly_metrics_v2'.
 - 'starlink_routers_hourly_metrics_v2' is from 'package:starlink_isp_app/generated/spacex_api/device/wifi.pb.dart' ('lib/generated/spacex_api/device/wifi.pb.dart').
Try correcting the name to the name of an existing method, or defining a method named '$_setField'.
      $_setField(113, value);
      ^^^^^^^^^^
lib/generated/spacex_api/device/wifi.pb.dart:8681:46: Error: The method '$_clearField' isn't defined for the type 'starlink_routers_hourly_metrics_v2'.
 - 'starlink_routers_hourly_metrics_v2' is from 'package:starlink_isp_app/generated/spacex_api/device/wifi.pb.dart' ('lib/generated/spacex_api/device/wifi.pb.dart').
Try correcting the name to the name of an existing method, or defining a method named '$_clearField'.
  void clearRadios2ghzRxAirtimeFraction() => $_clearField(113);
                                             ^^^^^^^^^^^^
lib/generated/spacex_api/device/wifi.pb.dart:8688:28: Error: 'Int64Value' isn't a type.
  set radios2ghzTxBytes($4.Int64Value value) => $_setField(114, value);
                           ^^^^^^^^^^
lib/generated/spacex_api/device/wifi.pb.dart:8688:49: Error: The method '$_setField' isn't defined for the type 'starlink_routers_hourly_metrics_v2'.
 - 'starlink_routers_hourly_metrics_v2' is from 'package:starlink_isp_app/generated/spacex_api/device/wifi.pb.dart' ('lib/generated/spacex_api/device/wifi.pb.dart').
Try correcting the name to the name of an existing method, or defining a method named '$_setField'.
  set radios2ghzTxBytes($4.Int64Value value) => $_setField(114, value);
                                                ^^^^^^^^^^
lib/generated/spacex_api/device/wifi.pb.dart:8692:36: Error: The method '$_clearField' isn't defined for the type 'starlink_routers_hourly_metrics_v2'.
 - 'starlink_routers_hourly_metrics_v2' is from 'package:starlink_isp_app/generated/spacex_api/device/wifi.pb.dart' ('lib/generated/spacex_api/device/wifi.pb.dart').
Try correcting the name to the name of an existing method, or defining a method named '$_clearField'.
  void clearRadios2ghzTxBytes() => $_clearField(114);
                                   ^^^^^^^^^^^^
lib/generated/spacex_api/device/wifi.pb.dart:8699:30: Error: 'Int64Value' isn't a type.
  set radios2ghzTxPackets($4.Int64Value value) => $_setField(115, value);
                             ^^^^^^^^^^
lib/generated/spacex_api/device/wifi.pb.dart:8699:51: Error: The method '$_setField' isn't defined for the type 'starlink_routers_hourly_metrics_v2'.
 - 'starlink_routers_hourly_metrics_v2' is from 'package:starlink_isp_app/generated/spacex_api/device/wifi.pb.dart' ('lib/generated/spacex_api/device/wifi.pb.dart').
Try correcting the name to the name of an existing method, or defining a method named '$_setField'.
  set radios2ghzTxPackets($4.Int64Value value) => $_setField(115, value);
                                                  ^^^^^^^^^^
lib/generated/spacex_api/device/wifi.pb.dart:8703:38: Error: The method '$_clearField' isn't defined for the type 'starlink_routers_hourly_metrics_v2'.
 - 'starlink_routers_hourly_metrics_v2' is from 'package:starlink_isp_app/generated/spacex_api/device/wifi.pb.dart' ('lib/generated/spacex_api/device/wifi.pb.dart').
Try correcting the name to the name of an existing method, or defining a method named '$_clearField'.
  void clearRadios2ghzTxPackets() => $_clearField(115);
                                     ^^^^^^^^^^^^
lib/generated/spacex_api/device/wifi.pb.dart:8710:29: Error: 'Int64Value' isn't a type.
  set radios2ghzTxErrors($4.Int64Value value) => $_setField(116, value);
                            ^^^^^^^^^^
lib/generated/spacex_api/device/wifi.pb.dart:8710:50: Error: The method '$_setField' isn't defined for the type 'starlink_routers_hourly_metrics_v2'.
 - 'starlink_routers_hourly_metrics_v2' is from 'package:starlink_isp_app/generated/spacex_api/device/wifi.pb.dart' ('lib/generated/spacex_api/device/wifi.pb.dart').
Try correcting the name to the name of an existing method, or defining a method named '$_setField'.
  set radios2ghzTxErrors($4.Int64Value value) => $_setField(116, value);
                                                 ^^^^^^^^^^
lib/generated/spacex_api/device/wifi.pb.dart:8714:37: Error: The method '$_clearField' isn't defined for the type 'starlink_routers_hourly_metrics_v2'.
 - 'starlink_routers_hourly_metrics_v2' is from 'package:starlink_isp_app/generated/spacex_api/device/wifi.pb.dart' ('lib/generated/spacex_api/device/wifi.pb.dart').
Try correcting the name to the name of an existing method, or defining a method named '$_clearField'.
  void clearRadios2ghzTxErrors() => $_clearField(116);
                                    ^^^^^^^^^^^^
lib/generated/spacex_api/device/wifi.pb.dart:8721:38: Error: 'FloatValue' isn't a type.
  set radios2ghzTxPacketErrorRate($4.FloatValue value) =>
                                     ^^^^^^^^^^
lib/generated/spacex_api/device/wifi.pb.dart:8722:7: Error: The method '$_setField' isn't defined for the type 'starlink_routers_hourly_metrics_v2'.
 - 'starlink_routers_hourly_metrics_v2' is from 'package:starlink_isp_app/generated/spacex_api/device/wifi.pb.dart' ('lib/generated/spacex_api/device/wifi.pb.dart').
Try correcting the name to the name of an existing method, or defining a method named '$_setField'.
      $_setField(117, value);
      ^^^^^^^^^^
lib/generated/spacex_api/device/wifi.pb.dart:8726:46: Error: The method '$_clearField' isn't defined for the type 'starlink_routers_hourly_metrics_v2'.
 - 'starlink_routers_hourly_metrics_v2' is from 'package:starlink_isp_app/generated/spacex_api/device/wifi.pb.dart' ('lib/generated/spacex_api/device/wifi.pb.dart').
Try correcting the name to the name of an existing method, or defining a method named '$_clearField'.
  void clearRadios2ghzTxPacketErrorRate() => $_clearField(117);
                                             ^^^^^^^^^^^^
lib/generated/spacex_api/device/wifi.pb.dart:8733:38: Error: 'FloatValue' isn't a type.
  set radios2ghzTxAirtimeFraction($4.FloatValue value) =>
                                     ^^^^^^^^^^
lib/generated/spacex_api/device/wifi.pb.dart:8734:7: Error: The method '$_setField' isn't defined for the type 'starlink_routers_hourly_metrics_v2'.
 - 'starlink_routers_hourly_metrics_v2' is from 'package:starlink_isp_app/generated/spacex_api/device/wifi.pb.dart' ('lib/generated/spacex_api/device/wifi.pb.dart').
Try correcting the name to the name of an existing method, or defining a method named '$_setField'.
      $_setField(118, value);
      ^^^^^^^^^^
lib/generated/spacex_api/device/wifi.pb.dart:8738:46: Error: The method '$_clearField' isn't defined for the type 'starlink_routers_hourly_metrics_v2'.
 - 'starlink_routers_hourly_metrics_v2' is from 'package:starlink_isp_app/generated/spacex_api/device/wifi.pb.dart' ('lib/generated/spacex_api/device/wifi.pb.dart').
Try correcting the name to the name of an existing method, or defining a method named '$_clearField'.
  void clearRadios2ghzTxAirtimeFraction() => $_clearField(118);
                                             ^^^^^^^^^^^^
lib/generated/spacex_api/device/wifi.pb.dart:8745:28: Error: 'UInt32Value' isn't a type.
  set radios5ghzChannel($4.UInt32Value value) => $_setField(119, value);
                           ^^^^^^^^^^^
lib/generated/spacex_api/device/wifi.pb.dart:8745:50: Error: The method '$_setField' isn't defined for the type 'starlink_routers_hourly_metrics_v2'.
 - 'starlink_routers_hourly_metrics_v2' is from 'package:starlink_isp_app/generated/spacex_api/device/wifi.pb.dart' ('lib/generated/spacex_api/device/wifi.pb.dart').
Try correcting the name to the name of an existing method, or defining a method named '$_setField'.
  set radios5ghzChannel($4.UInt32Value value) => $_setField(119, value);
                                                 ^^^^^^^^^^
lib/generated/spacex_api/device/wifi.pb.dart:8749:36: Error: The method '$_clearField' isn't defined for the type 'starlink_routers_hourly_metrics_v2'.
 - 'starlink_routers_hourly_metrics_v2' is from 'package:starlink_isp_app/generated/spacex_api/device/wifi.pb.dart' ('lib/generated/spacex_api/device/wifi.pb.dart').
Try correcting the name to the name of an existing method, or defining a method named '$_clearField'.
  void clearRadios5ghzChannel() => $_clearField(119);
                                   ^^^^^^^^^^^^
lib/generated/spacex_api/device/wifi.pb.dart:8756:33: Error: 'FloatValue' isn't a type.
  set radios5ghzAntenna1Rssi($4.FloatValue value) => $_setField(120, value);
                                ^^^^^^^^^^
lib/generated/spacex_api/device/wifi.pb.dart:8756:54: Error: The method '$_setField' isn't defined for the type 'starlink_routers_hourly_metrics_v2'.
 - 'starlink_routers_hourly_metrics_v2' is from 'package:starlink_isp_app/generated/spacex_api/device/wifi.pb.dart' ('lib/generated/spacex_api/device/wifi.pb.dart').
Try correcting the name to the name of an existing method, or defining a method named '$_setField'.
  set radios5ghzAntenna1Rssi($4.FloatValue value) => $_setField(120, value);
                                                     ^^^^^^^^^^
lib/generated/spacex_api/device/wifi.pb.dart:8760:41: Error: The method '$_clearField' isn't defined for the type 'starlink_routers_hourly_metrics_v2'.
 - 'starlink_routers_hourly_metrics_v2' is from 'package:starlink_isp_app/generated/spacex_api/device/wifi.pb.dart' ('lib/generated/spacex_api/device/wifi.pb.dart').
Try correcting the name to the name of an existing method, or defining a method named '$_clearField'.
  void clearRadios5ghzAntenna1Rssi() => $_clearField(120);
                                        ^^^^^^^^^^^^
lib/generated/spacex_api/device/wifi.pb.dart:8767:33: Error: 'FloatValue' isn't a type.
  set radios5ghzAntenna2Rssi($4.FloatValue value) => $_setField(121, value);
                                ^^^^^^^^^^
lib/generated/spacex_api/device/wifi.pb.dart:8767:54: Error: The method '$_setField' isn't defined for the type 'starlink_routers_hourly_metrics_v2'.
 - 'starlink_routers_hourly_metrics_v2' is from 'package:starlink_isp_app/generated/spacex_api/device/wifi.pb.dart' ('lib/generated/spacex_api/device/wifi.pb.dart').
Try correcting the name to the name of an existing method, or defining a method named '$_setField'.
  set radios5ghzAntenna2Rssi($4.FloatValue value) => $_setField(121, value);
                                                     ^^^^^^^^^^
lib/generated/spacex_api/device/wifi.pb.dart:8771:41: Error: The method '$_clearField' isn't defined for the type 'starlink_routers_hourly_metrics_v2'.
 - 'starlink_routers_hourly_metrics_v2' is from 'package:starlink_isp_app/generated/spacex_api/device/wifi.pb.dart' ('lib/generated/spacex_api/device/wifi.pb.dart').
Try correcting the name to the name of an existing method, or defining a method named '$_clearField'.
  void clearRadios5ghzAntenna2Rssi() => $_clearField(121);
                                        ^^^^^^^^^^^^
lib/generated/spacex_api/device/wifi.pb.dart:8778:33: Error: 'FloatValue' isn't a type.
  set radios5ghzAntenna3Rssi($4.FloatValue value) => $_setField(122, value);
                                ^^^^^^^^^^
lib/generated/spacex_api/device/wifi.pb.dart:8778:54: Error: The method '$_setField' isn't defined for the type 'starlink_routers_hourly_metrics_v2'.
 - 'starlink_routers_hourly_metrics_v2' is from 'package:starlink_isp_app/generated/spacex_api/device/wifi.pb.dart' ('lib/generated/spacex_api/device/wifi.pb.dart').
Try correcting the name to the name of an existing method, or defining a method named '$_setField'.
  set radios5ghzAntenna3Rssi($4.FloatValue value) => $_setField(122, value);
                                                     ^^^^^^^^^^
lib/generated/spacex_api/device/wifi.pb.dart:8782:41: Error: The method '$_clearField' isn't defined for the type 'starlink_routers_hourly_metrics_v2'.
 - 'starlink_routers_hourly_metrics_v2' is from 'package:starlink_isp_app/generated/spacex_api/device/wifi.pb.dart' ('lib/generated/spacex_api/device/wifi.pb.dart').
Try correcting the name to the name of an existing method, or defining a method named '$_clearField'.
  void clearRadios5ghzAntenna3Rssi() => $_clearField(122);
                                        ^^^^^^^^^^^^
lib/generated/spacex_api/device/wifi.pb.dart:8789:31: Error: 'UInt32Value' isn't a type.
  set radios5ghzIfaceCount($4.UInt32Value value) => $_setField(123, value);
                              ^^^^^^^^^^^
lib/generated/spacex_api/device/wifi.pb.dart:8789:53: Error: The method '$_setField' isn't defined for the type 'starlink_routers_hourly_metrics_v2'.
 - 'starlink_routers_hourly_metrics_v2' is from 'package:starlink_isp_app/generated/spacex_api/device/wifi.pb.dart' ('lib/generated/spacex_api/device/wifi.pb.dart').
Try correcting the name to the name of an existing method, or defining a method named '$_setField'.
  set radios5ghzIfaceCount($4.UInt32Value value) => $_setField(123, value);
                                                    ^^^^^^^^^^
lib/generated/spacex_api/device/wifi.pb.dart:8793:39: Error: The method '$_clearField' isn't defined for the type 'starlink_routers_hourly_metrics_v2'.
 - 'starlink_routers_hourly_metrics_v2' is from 'package:starlink_isp_app/generated/spacex_api/device/wifi.pb.dart' ('lib/generated/spacex_api/device/wifi.pb.dart').
Try correcting the name to the name of an existing method, or defining a method named '$_clearField'.
  void clearRadios5ghzIfaceCount() => $_clearField(123);
                                      ^^^^^^^^^^^^
lib/generated/spacex_api/device/wifi.pb.dart:8800:37: Error: 'FloatValue' isn't a type.
  set radios5ghzChanBusyFraction($4.FloatValue value) => $_setField(124, value);
                                    ^^^^^^^^^^
lib/generated/spacex_api/device/wifi.pb.dart:8800:58: Error: The method '$_setField' isn't defined for the type 'starlink_routers_hourly_metrics_v2'.
 - 'starlink_routers_hourly_metrics_v2' is from 'package:starlink_isp_app/generated/spacex_api/device/wifi.pb.dart' ('lib/generated/spacex_api/device/wifi.pb.dart').
Try correcting the name to the name of an existing method, or defining a method named '$_setField'.
  set radios5ghzChanBusyFraction($4.FloatValue value) => $_setField(124, value);
                                                         ^^^^^^^^^^
lib/generated/spacex_api/device/wifi.pb.dart:8804:45: Error: The method '$_clearField' isn't defined for the type 'starlink_routers_hourly_metrics_v2'.
 - 'starlink_routers_hourly_metrics_v2' is from 'package:starlink_isp_app/generated/spacex_api/device/wifi.pb.dart' ('lib/generated/spacex_api/device/wifi.pb.dart').
Try correcting the name to the name of an existing method, or defining a method named '$_clearField'.
  void clearRadios5ghzChanBusyFraction() => $_clearField(124);
                                            ^^^^^^^^^^^^
lib/generated/spacex_api/device/wifi.pb.dart:8811:34: Error: 'FloatValue' isn't a type.
  set radios5ghzEdccaFraction($4.FloatValue value) => $_setField(125, value);
                                 ^^^^^^^^^^
lib/generated/spacex_api/device/wifi.pb.dart:8811:55: Error: The method '$_setField' isn't defined for the type 'starlink_routers_hourly_metrics_v2'.
 - 'starlink_routers_hourly_metrics_v2' is from 'package:starlink_isp_app/generated/spacex_api/device/wifi.pb.dart' ('lib/generated/spacex_api/device/wifi.pb.dart').
Try correcting the name to the name of an existing method, or defining a method named '$_setField'.
  set radios5ghzEdccaFraction($4.FloatValue value) => $_setField(125, value);
                                                      ^^^^^^^^^^
lib/generated/spacex_api/device/wifi.pb.dart:8815:42: Error: The method '$_clearField' isn't defined for the type 'starlink_routers_hourly_metrics_v2'.
 - 'starlink_routers_hourly_metrics_v2' is from 'package:starlink_isp_app/generated/spacex_api/device/wifi.pb.dart' ('lib/generated/spacex_api/device/wifi.pb.dart').
Try correcting the name to the name of an existing method, or defining a method named '$_clearField'.
  void clearRadios5ghzEdccaFraction() => $_clearField(125);
                                         ^^^^^^^^^^^^
lib/generated/spacex_api/device/wifi.pb.dart:8822:43: Error: 'FloatValue' isn't a type.
  set radios5ghzOverlappingBssFraction($4.FloatValue value) =>
                                          ^^^^^^^^^^
lib/generated/spacex_api/device/wifi.pb.dart:8823:7: Error: The method '$_setField' isn't defined for the type 'starlink_routers_hourly_metrics_v2'.
 - 'starlink_routers_hourly_metrics_v2' is from 'package:starlink_isp_app/generated/spacex_api/device/wifi.pb.dart' ('lib/generated/spacex_api/device/wifi.pb.dart').
Try correcting the name to the name of an existing method, or defining a method named '$_setField'.
      $_setField(126, value);
      ^^^^^^^^^^
lib/generated/spacex_api/device/wifi.pb.dart:8827:51: Error: The method '$_clearField' isn't defined for the type 'starlink_routers_hourly_metrics_v2'.
 - 'starlink_routers_hourly_metrics_v2' is from 'package:starlink_isp_app/generated/spacex_api/device/wifi.pb.dart' ('lib/generated/spacex_api/device/wifi.pb.dart').
Try correcting the name to the name of an existing method, or defining a method named '$_clearField'.
  void clearRadios5ghzOverlappingBssFraction() => $_clearField(126);
                                                  ^^^^^^^^^^^^
lib/generated/spacex_api/device/wifi.pb.dart:8834:28: Error: 'Int64Value' isn't a type.
  set radios5ghzRxBytes($4.Int64Value value) => $_setField(127, value);
                           ^^^^^^^^^^
lib/generated/spacex_api/device/wifi.pb.dart:8834:49: Error: The method '$_setField' isn't defined for the type 'starlink_routers_hourly_metrics_v2'.
 - 'starlink_routers_hourly_metrics_v2' is from 'package:starlink_isp_app/generated/spacex_api/device/wifi.pb.dart' ('lib/generated/spacex_api/device/wifi.pb.dart').
Try correcting the name to the name of an existing method, or defining a method named '$_setField'.
  set radios5ghzRxBytes($4.Int64Value value) => $_setField(127, value);
                                                ^^^^^^^^^^
lib/generated/spacex_api/device/wifi.pb.dart:8838:36: Error: The method '$_clearField' isn't defined for the type 'starlink_routers_hourly_metrics_v2'.
 - 'starlink_routers_hourly_metrics_v2' is from 'package:starlink_isp_app/generated/spacex_api/device/wifi.pb.dart' ('lib/generated/spacex_api/device/wifi.pb.dart').
Try correcting the name to the name of an existing method, or defining a method named '$_clearField'.
  void clearRadios5ghzRxBytes() => $_clearField(127);
                                   ^^^^^^^^^^^^
lib/generated/spacex_api/device/wifi.pb.dart:8845:30: Error: 'Int64Value' isn't a type.
  set radios5ghzRxPackets($4.Int64Value value) => $_setField(128, value);
                             ^^^^^^^^^^
lib/generated/spacex_api/device/wifi.pb.dart:8845:51: Error: The method '$_setField' isn't defined for the type 'starlink_routers_hourly_metrics_v2'.
 - 'starlink_routers_hourly_metrics_v2' is from 'package:starlink_isp_app/generated/spacex_api/device/wifi.pb.dart' ('lib/generated/spacex_api/device/wifi.pb.dart').
Try correcting the name to the name of an existing method, or defining a method named '$_setField'.
  set radios5ghzRxPackets($4.Int64Value value) => $_setField(128, value);
                                                  ^^^^^^^^^^
lib/generated/spacex_api/device/wifi.pb.dart:8849:38: Error: The method '$_clearField' isn't defined for the type 'starlink_routers_hourly_metrics_v2'.
 - 'starlink_routers_hourly_metrics_v2' is from 'package:starlink_isp_app/generated/spacex_api/device/wifi.pb.dart' ('lib/generated/spacex_api/device/wifi.pb.dart').
Try correcting the name to the name of an existing method, or defining a method named '$_clearField'.
  void clearRadios5ghzRxPackets() => $_clearField(128);
                                     ^^^^^^^^^^^^
lib/generated/spacex_api/device/wifi.pb.dart:8856:29: Error: 'Int64Value' isn't a type.
  set radios5ghzRxErrors($4.Int64Value value) => $_setField(129, value);
                            ^^^^^^^^^^
lib/generated/spacex_api/device/wifi.pb.dart:8856:50: Error: The method '$_setField' isn't defined for the type 'starlink_routers_hourly_metrics_v2'.
 - 'starlink_routers_hourly_metrics_v2' is from 'package:starlink_isp_app/generated/spacex_api/device/wifi.pb.dart' ('lib/generated/spacex_api/device/wifi.pb.dart').
Try correcting the name to the name of an existing method, or defining a method named '$_setField'.
  set radios5ghzRxErrors($4.Int64Value value) => $_setField(129, value);
                                                 ^^^^^^^^^^
lib/generated/spacex_api/device/wifi.pb.dart:8860:37: Error: The method '$_clearField' isn't defined for the type 'starlink_routers_hourly_metrics_v2'.
 - 'starlink_routers_hourly_metrics_v2' is from 'package:starlink_isp_app/generated/spacex_api/device/wifi.pb.dart' ('lib/generated/spacex_api/device/wifi.pb.dart').
Try correcting the name to the name of an existing method, or defining a method named '$_clearField'.
  void clearRadios5ghzRxErrors() => $_clearField(129);
                                    ^^^^^^^^^^^^
lib/generated/spacex_api/device/wifi.pb.dart:8867:34: Error: 'Int64Value' isn't a type.
  set radios5ghzRxFrameErrors($4.Int64Value value) => $_setField(130, value);
                                 ^^^^^^^^^^
lib/generated/spacex_api/device/wifi.pb.dart:8867:55: Error: The method '$_setField' isn't defined for the type 'starlink_routers_hourly_metrics_v2'.
 - 'starlink_routers_hourly_metrics_v2' is from 'package:starlink_isp_app/generated/spacex_api/device/wifi.pb.dart' ('lib/generated/spacex_api/device/wifi.pb.dart').
Try correcting the name to the name of an existing method, or defining a method named '$_setField'.
  set radios5ghzRxFrameErrors($4.Int64Value value) => $_setField(130, value);
                                                      ^^^^^^^^^^
lib/generated/spacex_api/device/wifi.pb.dart:8871:42: Error: The method '$_clearField' isn't defined for the type 'starlink_routers_hourly_metrics_v2'.
 - 'starlink_routers_hourly_metrics_v2' is from 'package:starlink_isp_app/generated/spacex_api/device/wifi.pb.dart' ('lib/generated/spacex_api/device/wifi.pb.dart').
Try correcting the name to the name of an existing method, or defining a method named '$_clearField'.
  void clearRadios5ghzRxFrameErrors() => $_clearField(130);
                                         ^^^^^^^^^^^^
lib/generated/spacex_api/device/wifi.pb.dart:8878:38: Error: 'FloatValue' isn't a type.
  set radios5ghzRxPacketErrorRate($4.FloatValue value) =>
                                     ^^^^^^^^^^
lib/generated/spacex_api/device/wifi.pb.dart:8879:7: Error: The method '$_setField' isn't defined for the type 'starlink_routers_hourly_metrics_v2'.
 - 'starlink_routers_hourly_metrics_v2' is from 'package:starlink_isp_app/generated/spacex_api/device/wifi.pb.dart' ('lib/generated/spacex_api/device/wifi.pb.dart').
Try correcting the name to the name of an existing method, or defining a method named '$_setField'.
      $_setField(131, value);
      ^^^^^^^^^^
lib/generated/spacex_api/device/wifi.pb.dart:8883:46: Error: The method '$_clearField' isn't defined for the type 'starlink_routers_hourly_metrics_v2'.
 - 'starlink_routers_hourly_metrics_v2' is from 'package:starlink_isp_app/generated/spacex_api/device/wifi.pb.dart' ('lib/generated/spacex_api/device/wifi.pb.dart').
Try correcting the name to the name of an existing method, or defining a method named '$_clearField'.
  void clearRadios5ghzRxPacketErrorRate() => $_clearField(131);
                                             ^^^^^^^^^^^^
lib/generated/spacex_api/device/wifi.pb.dart:8890:38: Error: 'FloatValue' isn't a type.
  set radios5ghzRxAirtimeFraction($4.FloatValue value) =>
                                     ^^^^^^^^^^
lib/generated/spacex_api/device/wifi.pb.dart:8891:7: Error: The method '$_setField' isn't defined for the type 'starlink_routers_hourly_metrics_v2'.
 - 'starlink_routers_hourly_metrics_v2' is from 'package:starlink_isp_app/generated/spacex_api/device/wifi.pb.dart' ('lib/generated/spacex_api/device/wifi.pb.dart').
Try correcting the name to the name of an existing method, or defining a method named '$_setField'.
      $_setField(132, value);
      ^^^^^^^^^^
lib/generated/spacex_api/device/wifi.pb.dart:8895:46: Error: The method '$_clearField' isn't defined for the type 'starlink_routers_hourly_metrics_v2'.
 - 'starlink_routers_hourly_metrics_v2' is from 'package:starlink_isp_app/generated/spacex_api/device/wifi.pb.dart' ('lib/generated/spacex_api/device/wifi.pb.dart').
Try correcting the name to the name of an existing method, or defining a method named '$_clearField'.
  void clearRadios5ghzRxAirtimeFraction() => $_clearField(132);
                                             ^^^^^^^^^^^^
lib/generated/spacex_api/device/wifi.pb.dart:8902:28: Error: 'Int64Value' isn't a type.
  set radios5ghzTxBytes($4.Int64Value value) => $_setField(133, value);
                           ^^^^^^^^^^
lib/generated/spacex_api/device/wifi.pb.dart:8902:49: Error: The method '$_setField' isn't defined for the type 'starlink_routers_hourly_metrics_v2'.
 - 'starlink_routers_hourly_metrics_v2' is from 'package:starlink_isp_app/generated/spacex_api/device/wifi.pb.dart' ('lib/generated/spacex_api/device/wifi.pb.dart').
Try correcting the name to the name of an existing method, or defining a method named '$_setField'.
  set radios5ghzTxBytes($4.Int64Value value) => $_setField(133, value);
                                                ^^^^^^^^^^
lib/generated/spacex_api/device/wifi.pb.dart:8906:36: Error: The method '$_clearField' isn't defined for the type 'starlink_routers_hourly_metrics_v2'.
 - 'starlink_routers_hourly_metrics_v2' is from 'package:starlink_isp_app/generated/spacex_api/device/wifi.pb.dart' ('lib/generated/spacex_api/device/wifi.pb.dart').
Try correcting the name to the name of an existing method, or defining a method named '$_clearField'.
  void clearRadios5ghzTxBytes() => $_clearField(133);
                                   ^^^^^^^^^^^^
lib/generated/spacex_api/device/wifi.pb.dart:8913:30: Error: 'Int64Value' isn't a type.
  set radios5ghzTxPackets($4.Int64Value value) => $_setField(134, value);
                             ^^^^^^^^^^
lib/generated/spacex_api/device/wifi.pb.dart:8913:51: Error: The method '$_setField' isn't defined for the type 'starlink_routers_hourly_metrics_v2'.
 - 'starlink_routers_hourly_metrics_v2' is from 'package:starlink_isp_app/generated/spacex_api/device/wifi.pb.dart' ('lib/generated/spacex_api/device/wifi.pb.dart').
Try correcting the name to the name of an existing method, or defining a method named '$_setField'.
  set radios5ghzTxPackets($4.Int64Value value) => $_setField(134, value);
                                                  ^^^^^^^^^^
lib/generated/spacex_api/device/wifi.pb.dart:8917:38: Error: The method '$_clearField' isn't defined for the type 'starlink_routers_hourly_metrics_v2'.
 - 'starlink_routers_hourly_metrics_v2' is from 'package:starlink_isp_app/generated/spacex_api/device/wifi.pb.dart' ('lib/generated/spacex_api/device/wifi.pb.dart').
Try correcting the name to the name of an existing method, or defining a method named '$_clearField'.
  void clearRadios5ghzTxPackets() => $_clearField(134);
                                     ^^^^^^^^^^^^
lib/generated/spacex_api/device/wifi.pb.dart:8924:29: Error: 'Int64Value' isn't a type.
  set radios5ghzTxErrors($4.Int64Value value) => $_setField(135, value);
                            ^^^^^^^^^^
lib/generated/spacex_api/device/wifi.pb.dart:8924:50: Error: The method '$_setField' isn't defined for the type 'starlink_routers_hourly_metrics_v2'.
 - 'starlink_routers_hourly_metrics_v2' is from 'package:starlink_isp_app/generated/spacex_api/device/wifi.pb.dart' ('lib/generated/spacex_api/device/wifi.pb.dart').
Try correcting the name to the name of an existing method, or defining a method named '$_setField'.
  set radios5ghzTxErrors($4.Int64Value value) => $_setField(135, value);
                                                 ^^^^^^^^^^
lib/generated/spacex_api/device/wifi.pb.dart:8928:37: Error: The method '$_clearField' isn't defined for the type 'starlink_routers_hourly_metrics_v2'.
 - 'starlink_routers_hourly_metrics_v2' is from 'package:starlink_isp_app/generated/spacex_api/device/wifi.pb.dart' ('lib/generated/spacex_api/device/wifi.pb.dart').
Try correcting the name to the name of an existing method, or defining a method named '$_clearField'.
  void clearRadios5ghzTxErrors() => $_clearField(135);
                                    ^^^^^^^^^^^^
lib/generated/spacex_api/device/wifi.pb.dart:8935:38: Error: 'FloatValue' isn't a type.
  set radios5ghzTxPacketErrorRate($4.FloatValue value) =>
                                     ^^^^^^^^^^
lib/generated/spacex_api/device/wifi.pb.dart:8936:7: Error: The method '$_setField' isn't defined for the type 'starlink_routers_hourly_metrics_v2'.
 - 'starlink_routers_hourly_metrics_v2' is from 'package:starlink_isp_app/generated/spacex_api/device/wifi.pb.dart' ('lib/generated/spacex_api/device/wifi.pb.dart').
Try correcting the name to the name of an existing method, or defining a method named '$_setField'.
      $_setField(136, value);
      ^^^^^^^^^^
lib/generated/spacex_api/device/wifi.pb.dart:8940:46: Error: The method '$_clearField' isn't defined for the type 'starlink_routers_hourly_metrics_v2'.
 - 'starlink_routers_hourly_metrics_v2' is from 'package:starlink_isp_app/generated/spacex_api/device/wifi.pb.dart' ('lib/generated/spacex_api/device/wifi.pb.dart').
Try correcting the name to the name of an existing method, or defining a method named '$_clearField'.
  void clearRadios5ghzTxPacketErrorRate() => $_clearField(136);
                                             ^^^^^^^^^^^^
lib/generated/spacex_api/device/wifi.pb.dart:8947:38: Error: 'FloatValue' isn't a type.
  set radios5ghzTxAirtimeFraction($4.FloatValue value) =>
                                     ^^^^^^^^^^
lib/generated/spacex_api/device/wifi.pb.dart:8948:7: Error: The method '$_setField' isn't defined for the type 'starlink_routers_hourly_metrics_v2'.
 - 'starlink_routers_hourly_metrics_v2' is from 'package:starlink_isp_app/generated/spacex_api/device/wifi.pb.dart' ('lib/generated/spacex_api/device/wifi.pb.dart').
Try correcting the name to the name of an existing method, or defining a method named '$_setField'.
      $_setField(137, value);
      ^^^^^^^^^^
lib/generated/spacex_api/device/wifi.pb.dart:8952:46: Error: The method '$_clearField' isn't defined for the type 'starlink_routers_hourly_metrics_v2'.
 - 'starlink_routers_hourly_metrics_v2' is from 'package:starlink_isp_app/generated/spacex_api/device/wifi.pb.dart' ('lib/generated/spacex_api/device/wifi.pb.dart').
Try correcting the name to the name of an existing method, or defining a method named '$_clearField'.
  void clearRadios5ghzTxAirtimeFraction() => $_clearField(137);
                                             ^^^^^^^^^^^^
lib/generated/spacex_api/device/wifi.pb.dart:8959:32: Error: 'UInt32Value' isn't a type.
  set radios5ghzHighChannel($4.UInt32Value value) => $_setField(138, value);
                               ^^^^^^^^^^^
lib/generated/spacex_api/device/wifi.pb.dart:8959:54: Error: The method '$_setField' isn't defined for the type 'starlink_routers_hourly_metrics_v2'.
 - 'starlink_routers_hourly_metrics_v2' is from 'package:starlink_isp_app/generated/spacex_api/device/wifi.pb.dart' ('lib/generated/spacex_api/device/wifi.pb.dart').
Try correcting the name to the name of an existing method, or defining a method named '$_setField'.
  set radios5ghzHighChannel($4.UInt32Value value) => $_setField(138, value);
                                                     ^^^^^^^^^^
lib/generated/spacex_api/device/wifi.pb.dart:8963:40: Error: The method '$_clearField' isn't defined for the type 'starlink_routers_hourly_metrics_v2'.
 - 'starlink_routers_hourly_metrics_v2' is from 'package:starlink_isp_app/generated/spacex_api/device/wifi.pb.dart' ('lib/generated/spacex_api/device/wifi.pb.dart').
Try correcting the name to the name of an existing method, or defining a method named '$_clearField'.
  void clearRadios5ghzHighChannel() => $_clearField(138);
                                       ^^^^^^^^^^^^
lib/generated/spacex_api/device/wifi.pb.dart:8970:37: Error: 'FloatValue' isn't a type.
  set radios5ghzHighAntenna1Rssi($4.FloatValue value) => $_setField(139, value);
                                    ^^^^^^^^^^
lib/generated/spacex_api/device/wifi.pb.dart:8970:58: Error: The method '$_setField' isn't defined for the type 'starlink_routers_hourly_metrics_v2'.
 - 'starlink_routers_hourly_metrics_v2' is from 'package:starlink_isp_app/generated/spacex_api/device/wifi.pb.dart' ('lib/generated/spacex_api/device/wifi.pb.dart').
Try correcting the name to the name of an existing method, or defining a method named '$_setField'.
  set radios5ghzHighAntenna1Rssi($4.FloatValue value) => $_setField(139, value);
                                                         ^^^^^^^^^^
lib/generated/spacex_api/device/wifi.pb.dart:8974:45: Error: The method '$_clearField' isn't defined for the type 'starlink_routers_hourly_metrics_v2'.
 - 'starlink_routers_hourly_metrics_v2' is from 'package:starlink_isp_app/generated/spacex_api/device/wifi.pb.dart' ('lib/generated/spacex_api/device/wifi.pb.dart').
Try correcting the name to the name of an existing method, or defining a method named '$_clearField'.
  void clearRadios5ghzHighAntenna1Rssi() => $_clearField(139);
                                            ^^^^^^^^^^^^
lib/generated/spacex_api/device/wifi.pb.dart:8981:37: Error: 'FloatValue' isn't a type.
  set radios5ghzHighAntenna2Rssi($4.FloatValue value) => $_setField(140, value);
                                    ^^^^^^^^^^
lib/generated/spacex_api/device/wifi.pb.dart:8981:58: Error: The method '$_setField' isn't defined for the type 'starlink_routers_hourly_metrics_v2'.
 - 'starlink_routers_hourly_metrics_v2' is from 'package:starlink_isp_app/generated/spacex_api/device/wifi.pb.dart' ('lib/generated/spacex_api/device/wifi.pb.dart').
Try correcting the name to the name of an existing method, or defining a method named '$_setField'.
  set radios5ghzHighAntenna2Rssi($4.FloatValue value) => $_setField(140, value);
                                                         ^^^^^^^^^^
lib/generated/spacex_api/device/wifi.pb.dart:8985:45: Error: The method '$_clearField' isn't defined for the type 'starlink_routers_hourly_metrics_v2'.
 - 'starlink_routers_hourly_metrics_v2' is from 'package:starlink_isp_app/generated/spacex_api/device/wifi.pb.dart' ('lib/generated/spacex_api/device/wifi.pb.dart').
Try correcting the name to the name of an existing method, or defining a method named '$_clearField'.
  void clearRadios5ghzHighAntenna2Rssi() => $_clearField(140);
                                            ^^^^^^^^^^^^
lib/generated/spacex_api/device/wifi.pb.dart:8992:37: Error: 'FloatValue' isn't a type.
  set radios5ghzHighAntenna3Rssi($4.FloatValue value) => $_setField(141, value);
                                    ^^^^^^^^^^
lib/generated/spacex_api/device/wifi.pb.dart:8992:58: Error: The method '$_setField' isn't defined for the type 'starlink_routers_hourly_metrics_v2'.
 - 'starlink_routers_hourly_metrics_v2' is from 'package:starlink_isp_app/generated/spacex_api/device/wifi.pb.dart' ('lib/generated/spacex_api/device/wifi.pb.dart').
Try correcting the name to the name of an existing method, or defining a method named '$_setField'.
  set radios5ghzHighAntenna3Rssi($4.FloatValue value) => $_setField(141, value);
                                                         ^^^^^^^^^^
lib/generated/spacex_api/device/wifi.pb.dart:8996:45: Error: The method '$_clearField' isn't defined for the type 'starlink_routers_hourly_metrics_v2'.
 - 'starlink_routers_hourly_metrics_v2' is from 'package:starlink_isp_app/generated/spacex_api/device/wifi.pb.dart' ('lib/generated/spacex_api/device/wifi.pb.dart').
Try correcting the name to the name of an existing method, or defining a method named '$_clearField'.
  void clearRadios5ghzHighAntenna3Rssi() => $_clearField(141);
                                            ^^^^^^^^^^^^
lib/generated/spacex_api/device/wifi.pb.dart:9003:35: Error: 'UInt32Value' isn't a type.
  set radios5ghzHighIfaceCount($4.UInt32Value value) => $_setField(142, value);
                                  ^^^^^^^^^^^
lib/generated/spacex_api/device/wifi.pb.dart:9003:57: Error: The method '$_setField' isn't defined for the type 'starlink_routers_hourly_metrics_v2'.
 - 'starlink_routers_hourly_metrics_v2' is from 'package:starlink_isp_app/generated/spacex_api/device/wifi.pb.dart' ('lib/generated/spacex_api/device/wifi.pb.dart').
Try correcting the name to the name of an existing method, or defining a method named '$_setField'.
  set radios5ghzHighIfaceCount($4.UInt32Value value) => $_setField(142, value);
                                                        ^^^^^^^^^^
lib/generated/spacex_api/device/wifi.pb.dart:9007:43: Error: The method '$_clearField' isn't defined for the type 'starlink_routers_hourly_metrics_v2'.
 - 'starlink_routers_hourly_metrics_v2' is from 'package:starlink_isp_app/generated/spacex_api/device/wifi.pb.dart' ('lib/generated/spacex_api/device/wifi.pb.dart').
Try correcting the name to the name of an existing method, or defining a method named '$_clearField'.
  void clearRadios5ghzHighIfaceCount() => $_clearField(142);
                                          ^^^^^^^^^^^^
lib/generated/spacex_api/device/wifi.pb.dart:9014:41: Error: 'FloatValue' isn't a type.
  set radios5ghzHighChanBusyFraction($4.FloatValue value) =>
                                        ^^^^^^^^^^
lib/generated/spacex_api/device/wifi.pb.dart:9015:7: Error: The method '$_setField' isn't defined for the type 'starlink_routers_hourly_metrics_v2'.
 - 'starlink_routers_hourly_metrics_v2' is from 'package:starlink_isp_app/generated/spacex_api/device/wifi.pb.dart' ('lib/generated/spacex_api/device/wifi.pb.dart').
Try correcting the name to the name of an existing method, or defining a method named '$_setField'.
      $_setField(143, value);
      ^^^^^^^^^^
lib/generated/spacex_api/device/wifi.pb.dart:9019:49: Error: The method '$_clearField' isn't defined for the type 'starlink_routers_hourly_metrics_v2'.
 - 'starlink_routers_hourly_metrics_v2' is from 'package:starlink_isp_app/generated/spacex_api/device/wifi.pb.dart' ('lib/generated/spacex_api/device/wifi.pb.dart').
Try correcting the name to the name of an existing method, or defining a method named '$_clearField'.
  void clearRadios5ghzHighChanBusyFraction() => $_clearField(143);
                                                ^^^^^^^^^^^^
lib/generated/spacex_api/device/wifi.pb.dart:9026:38: Error: 'FloatValue' isn't a type.
  set radios5ghzHighEdccaFraction($4.FloatValue value) =>
                                     ^^^^^^^^^^
lib/generated/spacex_api/device/wifi.pb.dart:9027:7: Error: The method '$_setField' isn't defined for the type 'starlink_routers_hourly_metrics_v2'.
 - 'starlink_routers_hourly_metrics_v2' is from 'package:starlink_isp_app/generated/spacex_api/device/wifi.pb.dart' ('lib/generated/spacex_api/device/wifi.pb.dart').
Try correcting the name to the name of an existing method, or defining a method named '$_setField'.
      $_setField(144, value);
      ^^^^^^^^^^
lib/generated/spacex_api/device/wifi.pb.dart:9031:46: Error: The method '$_clearField' isn't defined for the type 'starlink_routers_hourly_metrics_v2'.
 - 'starlink_routers_hourly_metrics_v2' is from 'package:starlink_isp_app/generated/spacex_api/device/wifi.pb.dart' ('lib/generated/spacex_api/device/wifi.pb.dart').
Try correcting the name to the name of an existing method, or defining a method named '$_clearField'.
  void clearRadios5ghzHighEdccaFraction() => $_clearField(144);
                                             ^^^^^^^^^^^^
lib/generated/spacex_api/device/wifi.pb.dart:9038:47: Error: 'FloatValue' isn't a type.
  set radios5ghzHighOverlappingBssFraction($4.FloatValue value) =>
                                              ^^^^^^^^^^
lib/generated/spacex_api/device/wifi.pb.dart:9039:7: Error: The method '$_setField' isn't defined for the type 'starlink_routers_hourly_metrics_v2'.
 - 'starlink_routers_hourly_metrics_v2' is from 'package:starlink_isp_app/generated/spacex_api/device/wifi.pb.dart' ('lib/generated/spacex_api/device/wifi.pb.dart').
Try correcting the name to the name of an existing method, or defining a method named '$_setField'.
      $_setField(145, value);
      ^^^^^^^^^^
lib/generated/spacex_api/device/wifi.pb.dart:9043:55: Error: The method '$_clearField' isn't defined for the type 'starlink_routers_hourly_metrics_v2'.
 - 'starlink_routers_hourly_metrics_v2' is from 'package:starlink_isp_app/generated/spacex_api/device/wifi.pb.dart' ('lib/generated/spacex_api/device/wifi.pb.dart').
Try correcting the name to the name of an existing method, or defining a method named '$_clearField'.
  void clearRadios5ghzHighOverlappingBssFraction() => $_clearField(145);
                                                      ^^^^^^^^^^^^
lib/generated/spacex_api/device/wifi.pb.dart:9050:32: Error: 'Int64Value' isn't a type.
  set radios5ghzHighRxBytes($4.Int64Value value) => $_setField(146, value);
                               ^^^^^^^^^^
lib/generated/spacex_api/device/wifi.pb.dart:9050:53: Error: The method '$_setField' isn't defined for the type 'starlink_routers_hourly_metrics_v2'.
 - 'starlink_routers_hourly_metrics_v2' is from 'package:starlink_isp_app/generated/spacex_api/device/wifi.pb.dart' ('lib/generated/spacex_api/device/wifi.pb.dart').
Try correcting the name to the name of an existing method, or defining a method named '$_setField'.
  set radios5ghzHighRxBytes($4.Int64Value value) => $_setField(146, value);
                                                    ^^^^^^^^^^
lib/generated/spacex_api/device/wifi.pb.dart:9054:40: Error: The method '$_clearField' isn't defined for the type 'starlink_routers_hourly_metrics_v2'.
 - 'starlink_routers_hourly_metrics_v2' is from 'package:starlink_isp_app/generated/spacex_api/device/wifi.pb.dart' ('lib/generated/spacex_api/device/wifi.pb.dart').
Try correcting the name to the name of an existing method, or defining a method named '$_clearField'.
  void clearRadios5ghzHighRxBytes() => $_clearField(146);
                                       ^^^^^^^^^^^^
lib/generated/spacex_api/device/wifi.pb.dart:9061:34: Error: 'Int64Value' isn't a type.
  set radios5ghzHighRxPackets($4.Int64Value value) => $_setField(147, value);
                                 ^^^^^^^^^^
lib/generated/spacex_api/device/wifi.pb.dart:9061:55: Error: The method '$_setField' isn't defined for the type 'starlink_routers_hourly_metrics_v2'.
 - 'starlink_routers_hourly_metrics_v2' is from 'package:starlink_isp_app/generated/spacex_api/device/wifi.pb.dart' ('lib/generated/spacex_api/device/wifi.pb.dart').
Try correcting the name to the name of an existing method, or defining a method named '$_setField'.
  set radios5ghzHighRxPackets($4.Int64Value value) => $_setField(147, value);
                                                      ^^^^^^^^^^
lib/generated/spacex_api/device/wifi.pb.dart:9065:42: Error: The method '$_clearField' isn't defined for the type 'starlink_routers_hourly_metrics_v2'.
 - 'starlink_routers_hourly_metrics_v2' is from 'package:starlink_isp_app/generated/spacex_api/device/wifi.pb.dart' ('lib/generated/spacex_api/device/wifi.pb.dart').
Try correcting the name to the name of an existing method, or defining a method named '$_clearField'.
  void clearRadios5ghzHighRxPackets() => $_clearField(147);
                                         ^^^^^^^^^^^^
lib/generated/spacex_api/device/wifi.pb.dart:9072:33: Error: 'Int64Value' isn't a type.
  set radios5ghzHighRxErrors($4.Int64Value value) => $_setField(148, value);
                                ^^^^^^^^^^
lib/generated/spacex_api/device/wifi.pb.dart:9072:54: Error: The method '$_setField' isn't defined for the type 'starlink_routers_hourly_metrics_v2'.
 - 'starlink_routers_hourly_metrics_v2' is from 'package:starlink_isp_app/generated/spacex_api/device/wifi.pb.dart' ('lib/generated/spacex_api/device/wifi.pb.dart').
Try correcting the name to the name of an existing method, or defining a method named '$_setField'.
  set radios5ghzHighRxErrors($4.Int64Value value) => $_setField(148, value);
                                                     ^^^^^^^^^^
lib/generated/spacex_api/device/wifi.pb.dart:9076:41: Error: The method '$_clearField' isn't defined for the type 'starlink_routers_hourly_metrics_v2'.
 - 'starlink_routers_hourly_metrics_v2' is from 'package:starlink_isp_app/generated/spacex_api/device/wifi.pb.dart' ('lib/generated/spacex_api/device/wifi.pb.dart').
Try correcting the name to the name of an existing method, or defining a method named '$_clearField'.
  void clearRadios5ghzHighRxErrors() => $_clearField(148);
                                        ^^^^^^^^^^^^
lib/generated/spacex_api/device/wifi.pb.dart:9083:38: Error: 'Int64Value' isn't a type.
  set radios5ghzHighRxFrameErrors($4.Int64Value value) =>
                                     ^^^^^^^^^^
lib/generated/spacex_api/device/wifi.pb.dart:9084:7: Error: The method '$_setField' isn't defined for the type 'starlink_routers_hourly_metrics_v2'.
 - 'starlink_routers_hourly_metrics_v2' is from 'package:starlink_isp_app/generated/spacex_api/device/wifi.pb.dart' ('lib/generated/spacex_api/device/wifi.pb.dart').
Try correcting the name to the name of an existing method, or defining a method named '$_setField'.
      $_setField(149, value);
      ^^^^^^^^^^
lib/generated/spacex_api/device/wifi.pb.dart:9088:46: Error: The method '$_clearField' isn't defined for the type 'starlink_routers_hourly_metrics_v2'.
 - 'starlink_routers_hourly_metrics_v2' is from 'package:starlink_isp_app/generated/spacex_api/device/wifi.pb.dart' ('lib/generated/spacex_api/device/wifi.pb.dart').
Try correcting the name to the name of an existing method, or defining a method named '$_clearField'.
  void clearRadios5ghzHighRxFrameErrors() => $_clearField(149);
                                             ^^^^^^^^^^^^
lib/generated/spacex_api/device/wifi.pb.dart:9095:42: Error: 'FloatValue' isn't a type.
  set radios5ghzHighRxPacketErrorRate($4.FloatValue value) =>
                                         ^^^^^^^^^^
lib/generated/spacex_api/device/wifi.pb.dart:9096:7: Error: The method '$_setField' isn't defined for the type 'starlink_routers_hourly_metrics_v2'.
 - 'starlink_routers_hourly_metrics_v2' is from 'package:starlink_isp_app/generated/spacex_api/device/wifi.pb.dart' ('lib/generated/spacex_api/device/wifi.pb.dart').
Try correcting the name to the name of an existing method, or defining a method named '$_setField'.
      $_setField(150, value);
      ^^^^^^^^^^
lib/generated/spacex_api/device/wifi.pb.dart:9100:50: Error: The method '$_clearField' isn't defined for the type 'starlink_routers_hourly_metrics_v2'.
 - 'starlink_routers_hourly_metrics_v2' is from 'package:starlink_isp_app/generated/spacex_api/device/wifi.pb.dart' ('lib/generated/spacex_api/device/wifi.pb.dart').
Try correcting the name to the name of an existing method, or defining a method named '$_clearField'.
  void clearRadios5ghzHighRxPacketErrorRate() => $_clearField(150);
                                                 ^^^^^^^^^^^^
lib/generated/spacex_api/device/wifi.pb.dart:9107:42: Error: 'FloatValue' isn't a type.
  set radios5ghzHighRxAirtimeFraction($4.FloatValue value) =>
                                         ^^^^^^^^^^
lib/generated/spacex_api/device/wifi.pb.dart:9108:7: Error: The method '$_setField' isn't defined for the type 'starlink_routers_hourly_metrics_v2'.
 - 'starlink_routers_hourly_metrics_v2' is from 'package:starlink_isp_app/generated/spacex_api/device/wifi.pb.dart' ('lib/generated/spacex_api/device/wifi.pb.dart').
Try correcting the name to the name of an existing method, or defining a method named '$_setField'.
      $_setField(151, value);
      ^^^^^^^^^^
lib/generated/spacex_api/device/wifi.pb.dart:9112:50: Error: The method '$_clearField' isn't defined for the type 'starlink_routers_hourly_metrics_v2'.
 - 'starlink_routers_hourly_metrics_v2' is from 'package:starlink_isp_app/generated/spacex_api/device/wifi.pb.dart' ('lib/generated/spacex_api/device/wifi.pb.dart').
Try correcting the name to the name of an existing method, or defining a method named '$_clearField'.
  void clearRadios5ghzHighRxAirtimeFraction() => $_clearField(151);
                                                 ^^^^^^^^^^^^
lib/generated/spacex_api/device/wifi.pb.dart:9119:32: Error: 'Int64Value' isn't a type.
  set radios5ghzHighTxBytes($4.Int64Value value) => $_setField(152, value);
                               ^^^^^^^^^^
lib/generated/spacex_api/device/wifi.pb.dart:9119:53: Error: The method '$_setField' isn't defined for the type 'starlink_routers_hourly_metrics_v2'.
 - 'starlink_routers_hourly_metrics_v2' is from 'package:starlink_isp_app/generated/spacex_api/device/wifi.pb.dart' ('lib/generated/spacex_api/device/wifi.pb.dart').
Try correcting the name to the name of an existing method, or defining a method named '$_setField'.
  set radios5ghzHighTxBytes($4.Int64Value value) => $_setField(152, value);
                                                    ^^^^^^^^^^
lib/generated/spacex_api/device/wifi.pb.dart:9123:40: Error: The method '$_clearField' isn't defined for the type 'starlink_routers_hourly_metrics_v2'.
 - 'starlink_routers_hourly_metrics_v2' is from 'package:starlink_isp_app/generated/spacex_api/device/wifi.pb.dart' ('lib/generated/spacex_api/device/wifi.pb.dart').
Try correcting the name to the name of an existing method, or defining a method named '$_clearField'.
  void clearRadios5ghzHighTxBytes() => $_clearField(152);
                                       ^^^^^^^^^^^^
lib/generated/spacex_api/device/wifi.pb.dart:9130:34: Error: 'Int64Value' isn't a type.
  set radios5ghzHighTxPackets($4.Int64Value value) => $_setField(153, value);
                                 ^^^^^^^^^^
lib/generated/spacex_api/device/wifi.pb.dart:9130:55: Error: The method '$_setField' isn't defined for the type 'starlink_routers_hourly_metrics_v2'.
 - 'starlink_routers_hourly_metrics_v2' is from 'package:starlink_isp_app/generated/spacex_api/device/wifi.pb.dart' ('lib/generated/spacex_api/device/wifi.pb.dart').
Try correcting the name to the name of an existing method, or defining a method named '$_setField'.
  set radios5ghzHighTxPackets($4.Int64Value value) => $_setField(153, value);
                                                      ^^^^^^^^^^
lib/generated/spacex_api/device/wifi.pb.dart:9134:42: Error: The method '$_clearField' isn't defined for the type 'starlink_routers_hourly_metrics_v2'.
 - 'starlink_routers_hourly_metrics_v2' is from 'package:starlink_isp_app/generated/spacex_api/device/wifi.pb.dart' ('lib/generated/spacex_api/device/wifi.pb.dart').
Try correcting the name to the name of an existing method, or defining a method named '$_clearField'.
  void clearRadios5ghzHighTxPackets() => $_clearField(153);
                                         ^^^^^^^^^^^^
lib/generated/spacex_api/device/wifi.pb.dart:9141:33: Error: 'Int64Value' isn't a type.
  set radios5ghzHighTxErrors($4.Int64Value value) => $_setField(154, value);
                                ^^^^^^^^^^
lib/generated/spacex_api/device/wifi.pb.dart:9141:54: Error: The method '$_setField' isn't defined for the type 'starlink_routers_hourly_metrics_v2'.
 - 'starlink_routers_hourly_metrics_v2' is from 'package:starlink_isp_app/generated/spacex_api/device/wifi.pb.dart' ('lib/generated/spacex_api/device/wifi.pb.dart').
Try correcting the name to the name of an existing method, or defining a method named '$_setField'.
  set radios5ghzHighTxErrors($4.Int64Value value) => $_setField(154, value);
                                                     ^^^^^^^^^^
lib/generated/spacex_api/device/wifi.pb.dart:9145:41: Error: The method '$_clearField' isn't defined for the type 'starlink_routers_hourly_metrics_v2'.
 - 'starlink_routers_hourly_metrics_v2' is from 'package:starlink_isp_app/generated/spacex_api/device/wifi.pb.dart' ('lib/generated/spacex_api/device/wifi.pb.dart').
Try correcting the name to the name of an existing method, or defining a method named '$_clearField'.
  void clearRadios5ghzHighTxErrors() => $_clearField(154);
                                        ^^^^^^^^^^^^
lib/generated/spacex_api/device/wifi.pb.dart:9152:42: Error: 'FloatValue' isn't a type.
  set radios5ghzHighTxPacketErrorRate($4.FloatValue value) =>
                                         ^^^^^^^^^^
lib/generated/spacex_api/device/wifi.pb.dart:9153:7: Error: The method '$_setField' isn't defined for the type 'starlink_routers_hourly_metrics_v2'.
 - 'starlink_routers_hourly_metrics_v2' is from 'package:starlink_isp_app/generated/spacex_api/device/wifi.pb.dart' ('lib/generated/spacex_api/device/wifi.pb.dart').
Try correcting the name to the name of an existing method, or defining a method named '$_setField'.
      $_setField(155, value);
      ^^^^^^^^^^
lib/generated/spacex_api/device/wifi.pb.dart:9157:50: Error: The method '$_clearField' isn't defined for the type 'starlink_routers_hourly_metrics_v2'.
 - 'starlink_routers_hourly_metrics_v2' is from 'package:starlink_isp_app/generated/spacex_api/device/wifi.pb.dart' ('lib/generated/spacex_api/device/wifi.pb.dart').
Try correcting the name to the name of an existing method, or defining a method named '$_clearField'.
  void clearRadios5ghzHighTxPacketErrorRate() => $_clearField(155);
                                                 ^^^^^^^^^^^^
lib/generated/spacex_api/device/wifi.pb.dart:9164:42: Error: 'FloatValue' isn't a type.
  set radios5ghzHighTxAirtimeFraction($4.FloatValue value) =>
                                         ^^^^^^^^^^
lib/generated/spacex_api/device/wifi.pb.dart:9165:7: Error: The method '$_setField' isn't defined for the type 'starlink_routers_hourly_metrics_v2'.
 - 'starlink_routers_hourly_metrics_v2' is from 'package:starlink_isp_app/generated/spacex_api/device/wifi.pb.dart' ('lib/generated/spacex_api/device/wifi.pb.dart').
Try correcting the name to the name of an existing method, or defining a method named '$_setField'.
      $_setField(156, value);
      ^^^^^^^^^^
lib/generated/spacex_api/device/wifi.pb.dart:9169:50: Error: The method '$_clearField' isn't defined for the type 'starlink_routers_hourly_metrics_v2'.
 - 'starlink_routers_hourly_metrics_v2' is from 'package:starlink_isp_app/generated/spacex_api/device/wifi.pb.dart' ('lib/generated/spacex_api/device/wifi.pb.dart').
Try correcting the name to the name of an existing method, or defining a method named '$_clearField'.
  void clearRadios5ghzHighTxAirtimeFraction() => $_clearField(156);
                                                 ^^^^^^^^^^^^
lib/generated/spacex_api/device/wifi.pb.dart:9176:33: Error: 'FloatValue' isn't a type.
  set radios2ghzAntenna1Tssi($4.FloatValue value) => $_setField(157, value);
                                ^^^^^^^^^^
lib/generated/spacex_api/device/wifi.pb.dart:9176:54: Error: The method '$_setField' isn't defined for the type 'starlink_routers_hourly_metrics_v2'.
 - 'starlink_routers_hourly_metrics_v2' is from 'package:starlink_isp_app/generated/spacex_api/device/wifi.pb.dart' ('lib/generated/spacex_api/device/wifi.pb.dart').
Try correcting the name to the name of an existing method, or defining a method named '$_setField'.
  set radios2ghzAntenna1Tssi($4.FloatValue value) => $_setField(157, value);
                                                     ^^^^^^^^^^
lib/generated/spacex_api/device/wifi.pb.dart:9180:41: Error: The method '$_clearField' isn't defined for the type 'starlink_routers_hourly_metrics_v2'.
 - 'starlink_routers_hourly_metrics_v2' is from 'package:starlink_isp_app/generated/spacex_api/device/wifi.pb.dart' ('lib/generated/spacex_api/device/wifi.pb.dart').
Try correcting the name to the name of an existing method, or defining a method named '$_clearField'.
  void clearRadios2ghzAntenna1Tssi() => $_clearField(157);
                                        ^^^^^^^^^^^^
lib/generated/spacex_api/device/wifi.pb.dart:9187:33: Error: 'FloatValue' isn't a type.
  set radios2ghzAntenna2Tssi($4.FloatValue value) => $_setField(158, value);
                                ^^^^^^^^^^
lib/generated/spacex_api/device/wifi.pb.dart:9187:54: Error: The method '$_setField' isn't defined for the type 'starlink_routers_hourly_metrics_v2'.
 - 'starlink_routers_hourly_metrics_v2' is from 'package:starlink_isp_app/generated/spacex_api/device/wifi.pb.dart' ('lib/generated/spacex_api/device/wifi.pb.dart').
Try correcting the name to the name of an existing method, or defining a method named '$_setField'.
  set radios2ghzAntenna2Tssi($4.FloatValue value) => $_setField(158, value);
                                                     ^^^^^^^^^^
lib/generated/spacex_api/device/wifi.pb.dart:9191:41: Error: The method '$_clearField' isn't defined for the type 'starlink_routers_hourly_metrics_v2'.
 - 'starlink_routers_hourly_metrics_v2' is from 'package:starlink_isp_app/generated/spacex_api/device/wifi.pb.dart' ('lib/generated/spacex_api/device/wifi.pb.dart').
Try correcting the name to the name of an existing method, or defining a method named '$_clearField'.
  void clearRadios2ghzAntenna2Tssi() => $_clearField(158);
                                        ^^^^^^^^^^^^
lib/generated/spacex_api/device/wifi.pb.dart:9198:33: Error: 'FloatValue' isn't a type.
  set radios2ghzAntenna3Tssi($4.FloatValue value) => $_setField(159, value);
                                ^^^^^^^^^^
lib/generated/spacex_api/device/wifi.pb.dart:9198:54: Error: The method '$_setField' isn't defined for the type 'starlink_routers_hourly_metrics_v2'.
 - 'starlink_routers_hourly_metrics_v2' is from 'package:starlink_isp_app/generated/spacex_api/device/wifi.pb.dart' ('lib/generated/spacex_api/device/wifi.pb.dart').
Try correcting the name to the name of an existing method, or defining a method named '$_setField'.
  set radios2ghzAntenna3Tssi($4.FloatValue value) => $_setField(159, value);
                                                     ^^^^^^^^^^
lib/generated/spacex_api/device/wifi.pb.dart:9202:41: Error: The method '$_clearField' isn't defined for the type 'starlink_routers_hourly_metrics_v2'.
 - 'starlink_routers_hourly_metrics_v2' is from 'package:starlink_isp_app/generated/spacex_api/device/wifi.pb.dart' ('lib/generated/spacex_api/device/wifi.pb.dart').
Try correcting the name to the name of an existing method, or defining a method named '$_clearField'.
  void clearRadios2ghzAntenna3Tssi() => $_clearField(159);
                                        ^^^^^^^^^^^^
lib/generated/spacex_api/device/wifi.pb.dart:9209:33: Error: 'FloatValue' isn't a type.
  set radios2ghzAntenna4Tssi($4.FloatValue value) => $_setField(160, value);
                                ^^^^^^^^^^
lib/generated/spacex_api/device/wifi.pb.dart:9209:54: Error: The method '$_setField' isn't defined for the type 'starlink_routers_hourly_metrics_v2'.
 - 'starlink_routers_hourly_metrics_v2' is from 'package:starlink_isp_app/generated/spacex_api/device/wifi.pb.dart' ('lib/generated/spacex_api/device/wifi.pb.dart').
Try correcting the name to the name of an existing method, or defining a method named '$_setField'.
  set radios2ghzAntenna4Tssi($4.FloatValue value) => $_setField(160, value);
                                                     ^^^^^^^^^^
lib/generated/spacex_api/device/wifi.pb.dart:9213:41: Error: The method '$_clearField' isn't defined for the type 'starlink_routers_hourly_metrics_v2'.
 - 'starlink_routers_hourly_metrics_v2' is from 'package:starlink_isp_app/generated/spacex_api/device/wifi.pb.dart' ('lib/generated/spacex_api/device/wifi.pb.dart').
Try correcting the name to the name of an existing method, or defining a method named '$_clearField'.
  void clearRadios2ghzAntenna4Tssi() => $_clearField(160);
                                        ^^^^^^^^^^^^
lib/generated/spacex_api/device/wifi.pb.dart:9220:33: Error: 'FloatValue' isn't a type.
  set radios5ghzAntenna1Tssi($4.FloatValue value) => $_setField(161, value);
                                ^^^^^^^^^^
lib/generated/spacex_api/device/wifi.pb.dart:9220:54: Error: The method '$_setField' isn't defined for the type 'starlink_routers_hourly_metrics_v2'.
 - 'starlink_routers_hourly_metrics_v2' is from 'package:starlink_isp_app/generated/spacex_api/device/wifi.pb.dart' ('lib/generated/spacex_api/device/wifi.pb.dart').
Try correcting the name to the name of an existing method, or defining a method named '$_setField'.
  set radios5ghzAntenna1Tssi($4.FloatValue value) => $_setField(161, value);
                                                     ^^^^^^^^^^
lib/generated/spacex_api/device/wifi.pb.dart:9224:41: Error: The method '$_clearField' isn't defined for the type 'starlink_routers_hourly_metrics_v2'.
 - 'starlink_routers_hourly_metrics_v2' is from 'package:starlink_isp_app/generated/spacex_api/device/wifi.pb.dart' ('lib/generated/spacex_api/device/wifi.pb.dart').
Try correcting the name to the name of an existing method, or defining a method named '$_clearField'.
  void clearRadios5ghzAntenna1Tssi() => $_clearField(161);
                                        ^^^^^^^^^^^^
lib/generated/spacex_api/device/wifi.pb.dart:9231:33: Error: 'FloatValue' isn't a type.
  set radios5ghzAntenna2Tssi($4.FloatValue value) => $_setField(162, value);
                                ^^^^^^^^^^
lib/generated/spacex_api/device/wifi.pb.dart:9231:54: Error: The method '$_setField' isn't defined for the type 'starlink_routers_hourly_metrics_v2'.
 - 'starlink_routers_hourly_metrics_v2' is from 'package:starlink_isp_app/generated/spacex_api/device/wifi.pb.dart' ('lib/generated/spacex_api/device/wifi.pb.dart').
Try correcting the name to the name of an existing method, or defining a method named '$_setField'.
  set radios5ghzAntenna2Tssi($4.FloatValue value) => $_setField(162, value);
                                                     ^^^^^^^^^^
lib/generated/spacex_api/device/wifi.pb.dart:9235:41: Error: The method '$_clearField' isn't defined for the type 'starlink_routers_hourly_metrics_v2'.
 - 'starlink_routers_hourly_metrics_v2' is from 'package:starlink_isp_app/generated/spacex_api/device/wifi.pb.dart' ('lib/generated/spacex_api/device/wifi.pb.dart').
Try correcting the name to the name of an existing method, or defining a method named '$_clearField'.
  void clearRadios5ghzAntenna2Tssi() => $_clearField(162);
                                        ^^^^^^^^^^^^
lib/generated/spacex_api/device/wifi.pb.dart:9242:33: Error: 'FloatValue' isn't a type.
  set radios5ghzAntenna3Tssi($4.FloatValue value) => $_setField(163, value);
                                ^^^^^^^^^^
lib/generated/spacex_api/device/wifi.pb.dart:9242:54: Error: The method '$_setField' isn't defined for the type 'starlink_routers_hourly_metrics_v2'.
 - 'starlink_routers_hourly_metrics_v2' is from 'package:starlink_isp_app/generated/spacex_api/device/wifi.pb.dart' ('lib/generated/spacex_api/device/wifi.pb.dart').
Try correcting the name to the name of an existing method, or defining a method named '$_setField'.
  set radios5ghzAntenna3Tssi($4.FloatValue value) => $_setField(163, value);
                                                     ^^^^^^^^^^
lib/generated/spacex_api/device/wifi.pb.dart:9246:41: Error: The method '$_clearField' isn't defined for the type 'starlink_routers_hourly_metrics_v2'.
 - 'starlink_routers_hourly_metrics_v2' is from 'package:starlink_isp_app/generated/spacex_api/device/wifi.pb.dart' ('lib/generated/spacex_api/device/wifi.pb.dart').
Try correcting the name to the name of an existing method, or defining a method named '$_clearField'.
  void clearRadios5ghzAntenna3Tssi() => $_clearField(163);
                                        ^^^^^^^^^^^^
lib/generated/spacex_api/device/wifi.pb.dart:9253:33: Error: 'FloatValue' isn't a type.
  set radios5ghzAntenna4Tssi($4.FloatValue value) => $_setField(164, value);
                                ^^^^^^^^^^
lib/generated/spacex_api/device/wifi.pb.dart:9253:54: Error: The method '$_setField' isn't defined for the type 'starlink_routers_hourly_metrics_v2'.
 - 'starlink_routers_hourly_metrics_v2' is from 'package:starlink_isp_app/generated/spacex_api/device/wifi.pb.dart' ('lib/generated/spacex_api/device/wifi.pb.dart').
Try correcting the name to the name of an existing method, or defining a method named '$_setField'.
  set radios5ghzAntenna4Tssi($4.FloatValue value) => $_setField(164, value);
                                                     ^^^^^^^^^^
lib/generated/spacex_api/device/wifi.pb.dart:9257:41: Error: The method '$_clearField' isn't defined for the type 'starlink_routers_hourly_metrics_v2'.
 - 'starlink_routers_hourly_metrics_v2' is from 'package:starlink_isp_app/generated/spacex_api/device/wifi.pb.dart' ('lib/generated/spacex_api/device/wifi.pb.dart').
Try correcting the name to the name of an existing method, or defining a method named '$_clearField'.
  void clearRadios5ghzAntenna4Tssi() => $_clearField(164);
                                        ^^^^^^^^^^^^
lib/generated/spacex_api/device/wifi.pb.dart:9264:37: Error: 'FloatValue' isn't a type.
  set radios5ghzHighAntenna1Tssi($4.FloatValue value) => $_setField(165, value);
                                    ^^^^^^^^^^
lib/generated/spacex_api/device/wifi.pb.dart:9264:58: Error: The method '$_setField' isn't defined for the type 'starlink_routers_hourly_metrics_v2'.
 - 'starlink_routers_hourly_metrics_v2' is from 'package:starlink_isp_app/generated/spacex_api/device/wifi.pb.dart' ('lib/generated/spacex_api/device/wifi.pb.dart').
Try correcting the name to the name of an existing method, or defining a method named '$_setField'.
  set radios5ghzHighAntenna1Tssi($4.FloatValue value) => $_setField(165, value);
                                                         ^^^^^^^^^^
lib/generated/spacex_api/device/wifi.pb.dart:9268:45: Error: The method '$_clearField' isn't defined for the type 'starlink_routers_hourly_metrics_v2'.
 - 'starlink_routers_hourly_metrics_v2' is from 'package:starlink_isp_app/generated/spacex_api/device/wifi.pb.dart' ('lib/generated/spacex_api/device/wifi.pb.dart').
Try correcting the name to the name of an existing method, or defining a method named '$_clearField'.
  void clearRadios5ghzHighAntenna1Tssi() => $_clearField(165);
                                            ^^^^^^^^^^^^
lib/generated/spacex_api/device/wifi.pb.dart:9275:37: Error: 'FloatValue' isn't a type.
  set radios5ghzHighAntenna2Tssi($4.FloatValue value) => $_setField(166, value);
                                    ^^^^^^^^^^
lib/generated/spacex_api/device/wifi.pb.dart:9275:58: Error: The method '$_setField' isn't defined for the type 'starlink_routers_hourly_metrics_v2'.
 - 'starlink_routers_hourly_metrics_v2' is from 'package:starlink_isp_app/generated/spacex_api/device/wifi.pb.dart' ('lib/generated/spacex_api/device/wifi.pb.dart').
Try correcting the name to the name of an existing method, or defining a method named '$_setField'.
  set radios5ghzHighAntenna2Tssi($4.FloatValue value) => $_setField(166, value);
                                                         ^^^^^^^^^^
lib/generated/spacex_api/device/wifi.pb.dart:9279:45: Error: The method '$_clearField' isn't defined for the type 'starlink_routers_hourly_metrics_v2'.
 - 'starlink_routers_hourly_metrics_v2' is from 'package:starlink_isp_app/generated/spacex_api/device/wifi.pb.dart' ('lib/generated/spacex_api/device/wifi.pb.dart').
Try correcting the name to the name of an existing method, or defining a method named '$_clearField'.
  void clearRadios5ghzHighAntenna2Tssi() => $_clearField(166);
                                            ^^^^^^^^^^^^
lib/generated/spacex_api/device/wifi.pb.dart:9286:37: Error: 'FloatValue' isn't a type.
  set radios5ghzHighAntenna3Tssi($4.FloatValue value) => $_setField(167, value);
                                    ^^^^^^^^^^
lib/generated/spacex_api/device/wifi.pb.dart:9286:58: Error: The method '$_setField' isn't defined for the type 'starlink_routers_hourly_metrics_v2'.
 - 'starlink_routers_hourly_metrics_v2' is from 'package:starlink_isp_app/generated/spacex_api/device/wifi.pb.dart' ('lib/generated/spacex_api/device/wifi.pb.dart').
Try correcting the name to the name of an existing method, or defining a method named '$_setField'.
  set radios5ghzHighAntenna3Tssi($4.FloatValue value) => $_setField(167, value);
                                                         ^^^^^^^^^^
lib/generated/spacex_api/device/wifi.pb.dart:9290:45: Error: The method '$_clearField' isn't defined for the type 'starlink_routers_hourly_metrics_v2'.
 - 'starlink_routers_hourly_metrics_v2' is from 'package:starlink_isp_app/generated/spacex_api/device/wifi.pb.dart' ('lib/generated/spacex_api/device/wifi.pb.dart').
Try correcting the name to the name of an existing method, or defining a method named '$_clearField'.
  void clearRadios5ghzHighAntenna3Tssi() => $_clearField(167);
                                            ^^^^^^^^^^^^
lib/generated/spacex_api/device/wifi.pb.dart:9297:37: Error: 'FloatValue' isn't a type.
  set radios5ghzHighAntenna4Tssi($4.FloatValue value) => $_setField(168, value);
                                    ^^^^^^^^^^
lib/generated/spacex_api/device/wifi.pb.dart:9297:58: Error: The method '$_setField' isn't defined for the type 'starlink_routers_hourly_metrics_v2'.
 - 'starlink_routers_hourly_metrics_v2' is from 'package:starlink_isp_app/generated/spacex_api/device/wifi.pb.dart' ('lib/generated/spacex_api/device/wifi.pb.dart').
Try correcting the name to the name of an existing method, or defining a method named '$_setField'.
  set radios5ghzHighAntenna4Tssi($4.FloatValue value) => $_setField(168, value);
                                                         ^^^^^^^^^^
lib/generated/spacex_api/device/wifi.pb.dart:9301:45: Error: The method '$_clearField' isn't defined for the type 'starlink_routers_hourly_metrics_v2'.
 - 'starlink_routers_hourly_metrics_v2' is from 'package:starlink_isp_app/generated/spacex_api/device/wifi.pb.dart' ('lib/generated/spacex_api/device/wifi.pb.dart').
Try correcting the name to the name of an existing method, or defining a method named '$_clearField'.
  void clearRadios5ghzHighAntenna4Tssi() => $_clearField(168);
                                            ^^^^^^^^^^^^
lib/generated/spacex_api/device/wifi.pb.dart:9308:33: Error: 'FloatValue' isn't a type.
  set radios2ghzAntenna4Rssi($4.FloatValue value) => $_setField(197, value);
                                ^^^^^^^^^^
lib/generated/spacex_api/device/wifi.pb.dart:9308:54: Error: The method '$_setField' isn't defined for the type 'starlink_routers_hourly_metrics_v2'.
 - 'starlink_routers_hourly_metrics_v2' is from 'package:starlink_isp_app/generated/spacex_api/device/wifi.pb.dart' ('lib/generated/spacex_api/device/wifi.pb.dart').
Try correcting the name to the name of an existing method, or defining a method named '$_setField'.
  set radios2ghzAntenna4Rssi($4.FloatValue value) => $_setField(197, value);
                                                     ^^^^^^^^^^
lib/generated/spacex_api/device/wifi.pb.dart:9312:41: Error: The method '$_clearField' isn't defined for the type 'starlink_routers_hourly_metrics_v2'.
 - 'starlink_routers_hourly_metrics_v2' is from 'package:starlink_isp_app/generated/spacex_api/device/wifi.pb.dart' ('lib/generated/spacex_api/device/wifi.pb.dart').
Try correcting the name to the name of an existing method, or defining a method named '$_clearField'.
  void clearRadios2ghzAntenna4Rssi() => $_clearField(197);
                                        ^^^^^^^^^^^^
lib/generated/spacex_api/device/wifi.pb.dart:9319:33: Error: 'FloatValue' isn't a type.
  set radios5ghzAntenna4Rssi($4.FloatValue value) => $_setField(198, value);
                                ^^^^^^^^^^
lib/generated/spacex_api/device/wifi.pb.dart:9319:54: Error: The method '$_setField' isn't defined for the type 'starlink_routers_hourly_metrics_v2'.
 - 'starlink_routers_hourly_metrics_v2' is from 'package:starlink_isp_app/generated/spacex_api/device/wifi.pb.dart' ('lib/generated/spacex_api/device/wifi.pb.dart').
Try correcting the name to the name of an existing method, or defining a method named '$_setField'.
  set radios5ghzAntenna4Rssi($4.FloatValue value) => $_setField(198, value);
                                                     ^^^^^^^^^^
lib/generated/spacex_api/device/wifi.pb.dart:9323:41: Error: The method '$_clearField' isn't defined for the type 'starlink_routers_hourly_metrics_v2'.
 - 'starlink_routers_hourly_metrics_v2' is from 'package:starlink_isp_app/generated/spacex_api/device/wifi.pb.dart' ('lib/generated/spacex_api/device/wifi.pb.dart').
Try correcting the name to the name of an existing method, or defining a method named '$_clearField'.
  void clearRadios5ghzAntenna4Rssi() => $_clearField(198);
                                        ^^^^^^^^^^^^
lib/generated/spacex_api/device/wifi.pb.dart:9330:37: Error: 'FloatValue' isn't a type.
  set radios5ghzHighAntenna4Rssi($4.FloatValue value) => $_setField(199, value);
                                    ^^^^^^^^^^
lib/generated/spacex_api/device/wifi.pb.dart:9330:58: Error: The method '$_setField' isn't defined for the type 'starlink_routers_hourly_metrics_v2'.
 - 'starlink_routers_hourly_metrics_v2' is from 'package:starlink_isp_app/generated/spacex_api/device/wifi.pb.dart' ('lib/generated/spacex_api/device/wifi.pb.dart').
Try correcting the name to the name of an existing method, or defining a method named '$_setField'.
  set radios5ghzHighAntenna4Rssi($4.FloatValue value) => $_setField(199, value);
                                                         ^^^^^^^^^^
lib/generated/spacex_api/device/wifi.pb.dart:9334:45: Error: The method '$_clearField' isn't defined for the type 'starlink_routers_hourly_metrics_v2'.
 - 'starlink_routers_hourly_metrics_v2' is from 'package:starlink_isp_app/generated/spacex_api/device/wifi.pb.dart' ('lib/generated/spacex_api/device/wifi.pb.dart').
Try correcting the name to the name of an existing method, or defining a method named '$_clearField'.
  void clearRadios5ghzHighAntenna4Rssi() => $_clearField(199);
                                            ^^^^^^^^^^^^
lib/generated/spacex_api/device/wifi.pb.dart:9341:32: Error: 'FloatValue' isn't a type.
  set radios2ghzThermalTemp($4.FloatValue value) => $_setField(200, value);
                               ^^^^^^^^^^
lib/generated/spacex_api/device/wifi.pb.dart:9341:53: Error: The method '$_setField' isn't defined for the type 'starlink_routers_hourly_metrics_v2'.
 - 'starlink_routers_hourly_metrics_v2' is from 'package:starlink_isp_app/generated/spacex_api/device/wifi.pb.dart' ('lib/generated/spacex_api/device/wifi.pb.dart').
Try correcting the name to the name of an existing method, or defining a method named '$_setField'.
  set radios2ghzThermalTemp($4.FloatValue value) => $_setField(200, value);
                                                    ^^^^^^^^^^
lib/generated/spacex_api/device/wifi.pb.dart:9345:40: Error: The method '$_clearField' isn't defined for the type 'starlink_routers_hourly_metrics_v2'.
 - 'starlink_routers_hourly_metrics_v2' is from 'package:starlink_isp_app/generated/spacex_api/device/wifi.pb.dart' ('lib/generated/spacex_api/device/wifi.pb.dart').
Try correcting the name to the name of an existing method, or defining a method named '$_clearField'.
  void clearRadios2ghzThermalTemp() => $_clearField(200);
                                       ^^^^^^^^^^^^
lib/generated/spacex_api/device/wifi.pb.dart:9352:32: Error: 'FloatValue' isn't a type.
  set radios5ghzThermalTemp($4.FloatValue value) => $_setField(201, value);
                               ^^^^^^^^^^
lib/generated/spacex_api/device/wifi.pb.dart:9352:53: Error: The method '$_setField' isn't defined for the type 'starlink_routers_hourly_metrics_v2'.
 - 'starlink_routers_hourly_metrics_v2' is from 'package:starlink_isp_app/generated/spacex_api/device/wifi.pb.dart' ('lib/generated/spacex_api/device/wifi.pb.dart').
Try correcting the name to the name of an existing method, or defining a method named '$_setField'.
  set radios5ghzThermalTemp($4.FloatValue value) => $_setField(201, value);
                                                    ^^^^^^^^^^
lib/generated/spacex_api/device/wifi.pb.dart:9356:40: Error: The method '$_clearField' isn't defined for the type 'starlink_routers_hourly_metrics_v2'.
 - 'starlink_routers_hourly_metrics_v2' is from 'package:starlink_isp_app/generated/spacex_api/device/wifi.pb.dart' ('lib/generated/spacex_api/device/wifi.pb.dart').
Try correcting the name to the name of an existing method, or defining a method named '$_clearField'.
  void clearRadios5ghzThermalTemp() => $_clearField(201);
                                       ^^^^^^^^^^^^
lib/generated/spacex_api/device/wifi.pb.dart:9363:37: Error: 'FloatValue' isn't a type.
  set radios2ghzThermalDutyCycle($4.FloatValue value) => $_setField(202, value);
                                    ^^^^^^^^^^
lib/generated/spacex_api/device/wifi.pb.dart:9363:58: Error: The method '$_setField' isn't defined for the type 'starlink_routers_hourly_metrics_v2'.
 - 'starlink_routers_hourly_metrics_v2' is from 'package:starlink_isp_app/generated/spacex_api/device/wifi.pb.dart' ('lib/generated/spacex_api/device/wifi.pb.dart').
Try correcting the name to the name of an existing method, or defining a method named '$_setField'.
  set radios2ghzThermalDutyCycle($4.FloatValue value) => $_setField(202, value);
                                                         ^^^^^^^^^^
lib/generated/spacex_api/device/wifi.pb.dart:9367:45: Error: The method '$_clearField' isn't defined for the type 'starlink_routers_hourly_metrics_v2'.
 - 'starlink_routers_hourly_metrics_v2' is from 'package:starlink_isp_app/generated/spacex_api/device/wifi.pb.dart' ('lib/generated/spacex_api/device/wifi.pb.dart').
Try correcting the name to the name of an existing method, or defining a method named '$_clearField'.
  void clearRadios2ghzThermalDutyCycle() => $_clearField(202);
                                            ^^^^^^^^^^^^
lib/generated/spacex_api/device/wifi.pb.dart:9374:37: Error: 'FloatValue' isn't a type.
  set radios5ghzThermalDutyCycle($4.FloatValue value) => $_setField(203, value);
                                    ^^^^^^^^^^
lib/generated/spacex_api/device/wifi.pb.dart:9374:58: Error: The method '$_setField' isn't defined for the type 'starlink_routers_hourly_metrics_v2'.
 - 'starlink_routers_hourly_metrics_v2' is from 'package:starlink_isp_app/generated/spacex_api/device/wifi.pb.dart' ('lib/generated/spacex_api/device/wifi.pb.dart').
Try correcting the name to the name of an existing method, or defining a method named '$_setField'.
  set radios5ghzThermalDutyCycle($4.FloatValue value) => $_setField(203, value);
                                                         ^^^^^^^^^^
lib/generated/spacex_api/device/wifi.pb.dart:9378:45: Error: The method '$_clearField' isn't defined for the type 'starlink_routers_hourly_metrics_v2'.
 - 'starlink_routers_hourly_metrics_v2' is from 'package:starlink_isp_app/generated/spacex_api/device/wifi.pb.dart' ('lib/generated/spacex_api/device/wifi.pb.dart').
Try correcting the name to the name of an existing method, or defining a method named '$_clearField'.
  void clearRadios5ghzThermalDutyCycle() => $_clearField(203);
                                            ^^^^^^^^^^^^
lib/generated/spacex_api/device/wifi.pb.dart:9385:44: Error: 'UInt32Value' isn't a type.
  set radios2ghzThermalThrottledSeconds($4.UInt32Value value) =>
                                           ^^^^^^^^^^^
lib/generated/spacex_api/device/wifi.pb.dart:9386:7: Error: The method '$_setField' isn't defined for the type 'starlink_routers_hourly_metrics_v2'.
 - 'starlink_routers_hourly_metrics_v2' is from 'package:starlink_isp_app/generated/spacex_api/device/wifi.pb.dart' ('lib/generated/spacex_api/device/wifi.pb.dart').
Try correcting the name to the name of an existing method, or defining a method named '$_setField'.
      $_setField(204, value);
      ^^^^^^^^^^
lib/generated/spacex_api/device/wifi.pb.dart:9390:52: Error: The method '$_clearField' isn't defined for the type 'starlink_routers_hourly_metrics_v2'.
 - 'starlink_routers_hourly_metrics_v2' is from 'package:starlink_isp_app/generated/spacex_api/device/wifi.pb.dart' ('lib/generated/spacex_api/device/wifi.pb.dart').
Try correcting the name to the name of an existing method, or defining a method named '$_clearField'.
  void clearRadios2ghzThermalThrottledSeconds() => $_clearField(204);
                                                   ^^^^^^^^^^^^
lib/generated/spacex_api/device/wifi.pb.dart:9397:44: Error: 'UInt32Value' isn't a type.
  set radios5ghzThermalThrottledSeconds($4.UInt32Value value) =>
                                           ^^^^^^^^^^^
lib/generated/spacex_api/device/wifi.pb.dart:9398:7: Error: The method '$_setField' isn't defined for the type 'starlink_routers_hourly_metrics_v2'.
 - 'starlink_routers_hourly_metrics_v2' is from 'package:starlink_isp_app/generated/spacex_api/device/wifi.pb.dart' ('lib/generated/spacex_api/device/wifi.pb.dart').
Try correcting the name to the name of an existing method, or defining a method named '$_setField'.
      $_setField(205, value);
      ^^^^^^^^^^
lib/generated/spacex_api/device/wifi.pb.dart:9402:52: Error: The method '$_clearField' isn't defined for the type 'starlink_routers_hourly_metrics_v2'.
 - 'starlink_routers_hourly_metrics_v2' is from 'package:starlink_isp_app/generated/spacex_api/device/wifi.pb.dart' ('lib/generated/spacex_api/device/wifi.pb.dart').
Try correcting the name to the name of an existing method, or defining a method named '$_clearField'.
  void clearRadios5ghzThermalThrottledSeconds() => $_clearField(205);
                                                   ^^^^^^^^^^^^
lib/generated/spacex_api/device/wifi.pb.dart:9409:36: Error: 'FloatValue' isn't a type.
  set radios5ghzHighThermalTemp($4.FloatValue value) => $_setField(206, value);
                                   ^^^^^^^^^^
lib/generated/spacex_api/device/wifi.pb.dart:9409:57: Error: The method '$_setField' isn't defined for the type 'starlink_routers_hourly_metrics_v2'.
 - 'starlink_routers_hourly_metrics_v2' is from 'package:starlink_isp_app/generated/spacex_api/device/wifi.pb.dart' ('lib/generated/spacex_api/device/wifi.pb.dart').
Try correcting the name to the name of an existing method, or defining a method named '$_setField'.
  set radios5ghzHighThermalTemp($4.FloatValue value) => $_setField(206, value);
                                                        ^^^^^^^^^^
lib/generated/spacex_api/device/wifi.pb.dart:9413:44: Error: The method '$_clearField' isn't defined for the type 'starlink_routers_hourly_metrics_v2'.
 - 'starlink_routers_hourly_metrics_v2' is from 'package:starlink_isp_app/generated/spacex_api/device/wifi.pb.dart' ('lib/generated/spacex_api/device/wifi.pb.dart').
Try correcting the name to the name of an existing method, or defining a method named '$_clearField'.
  void clearRadios5ghzHighThermalTemp() => $_clearField(206);
                                           ^^^^^^^^^^^^
lib/generated/spacex_api/device/wifi.pb.dart:9420:41: Error: 'FloatValue' isn't a type.
  set radios5ghzHighThermalDutyCycle($4.FloatValue value) =>
                                        ^^^^^^^^^^
lib/generated/spacex_api/device/wifi.pb.dart:9421:7: Error: The method '$_setField' isn't defined for the type 'starlink_routers_hourly_metrics_v2'.
 - 'starlink_routers_hourly_metrics_v2' is from 'package:starlink_isp_app/generated/spacex_api/device/wifi.pb.dart' ('lib/generated/spacex_api/device/wifi.pb.dart').
Try correcting the name to the name of an existing method, or defining a method named '$_setField'.
      $_setField(207, value);
      ^^^^^^^^^^
lib/generated/spacex_api/device/wifi.pb.dart:9425:49: Error: The method '$_clearField' isn't defined for the type 'starlink_routers_hourly_metrics_v2'.
 - 'starlink_routers_hourly_metrics_v2' is from 'package:starlink_isp_app/generated/spacex_api/device/wifi.pb.dart' ('lib/generated/spacex_api/device/wifi.pb.dart').
Try correcting the name to the name of an existing method, or defining a method named '$_clearField'.
  void clearRadios5ghzHighThermalDutyCycle() => $_clearField(207);
                                                ^^^^^^^^^^^^
lib/generated/spacex_api/device/wifi.pb.dart:9432:48: Error: 'UInt32Value' isn't a type.
  set radios5ghzHighThermalThrottledSeconds($4.UInt32Value value) =>
                                               ^^^^^^^^^^^
lib/generated/spacex_api/device/wifi.pb.dart:9433:7: Error: The method '$_setField' isn't defined for the type 'starlink_routers_hourly_metrics_v2'.
 - 'starlink_routers_hourly_metrics_v2' is from 'package:starlink_isp_app/generated/spacex_api/device/wifi.pb.dart' ('lib/generated/spacex_api/device/wifi.pb.dart').
Try correcting the name to the name of an existing method, or defining a method named '$_setField'.
      $_setField(208, value);
      ^^^^^^^^^^
lib/generated/spacex_api/device/wifi.pb.dart:9437:56: Error: The method '$_clearField' isn't defined for the type 'starlink_routers_hourly_metrics_v2'.
 - 'starlink_routers_hourly_metrics_v2' is from 'package:starlink_isp_app/generated/spacex_api/device/wifi.pb.dart' ('lib/generated/spacex_api/device/wifi.pb.dart').
Try correcting the name to the name of an existing method, or defining a method named '$_clearField'.
  void clearRadios5ghzHighThermalThrottledSeconds() => $_clearField(208);
                                                       ^^^^^^^^^^^^
lib/generated/spacex_api/device/wifi.pb.dart:9444:20: Error: 'FloatValue' isn't a type.
  set boardTemp($4.FloatValue value) => $_setField(210, value);
                   ^^^^^^^^^^
lib/generated/spacex_api/device/wifi.pb.dart:9444:41: Error: The method '$_setField' isn't defined for the type 'starlink_routers_hourly_metrics_v2'.
 - 'starlink_routers_hourly_metrics_v2' is from 'package:starlink_isp_app/generated/spacex_api/device/wifi.pb.dart' ('lib/generated/spacex_api/device/wifi.pb.dart').
Try correcting the name to the name of an existing method, or defining a method named '$_setField'.
  set boardTemp($4.FloatValue value) => $_setField(210, value);
                                        ^^^^^^^^^^
lib/generated/spacex_api/device/wifi.pb.dart:9448:28: Error: The method '$_clearField' isn't defined for the type 'starlink_routers_hourly_metrics_v2'.
 - 'starlink_routers_hourly_metrics_v2' is from 'package:starlink_isp_app/generated/spacex_api/device/wifi.pb.dart' ('lib/generated/spacex_api/device/wifi.pb.dart').
Try correcting the name to the name of an existing method, or defining a method named '$_clearField'.
  void clearBoardTemp() => $_clearField(210);
                           ^^^^^^^^^^^^
lib/generated/spacex_api/device/wifi.pb.dart:9455:24: Error: 'FloatValue' isn't a type.
  set poeMcuDieTemp($4.FloatValue value) => $_setField(211, value);
                       ^^^^^^^^^^
lib/generated/spacex_api/device/wifi.pb.dart:9455:45: Error: The method '$_setField' isn't defined for the type 'starlink_routers_hourly_metrics_v2'.
 - 'starlink_routers_hourly_metrics_v2' is from 'package:starlink_isp_app/generated/spacex_api/device/wifi.pb.dart' ('lib/generated/spacex_api/device/wifi.pb.dart').
Try correcting the name to the name of an existing method, or defining a method named '$_setField'.
  set poeMcuDieTemp($4.FloatValue value) => $_setField(211, value);
                                            ^^^^^^^^^^
lib/generated/spacex_api/device/wifi.pb.dart:9459:32: Error: The method '$_clearField' isn't defined for the type 'starlink_routers_hourly_metrics_v2'.
 - 'starlink_routers_hourly_metrics_v2' is from 'package:starlink_isp_app/generated/spacex_api/device/wifi.pb.dart' ('lib/generated/spacex_api/device/wifi.pb.dart').
Try correcting the name to the name of an existing method, or defining a method named '$_clearField'.
  void clearPoeMcuDieTemp() => $_clearField(211);
                               ^^^^^^^^^^^^
lib/generated/spacex_api/device/wifi.pb.dart:9466:35: Error: 'FloatValue' isn't a type.
  set poePercentWaterDetectAvg($4.FloatValue value) => $_setField(212, value);
                                  ^^^^^^^^^^
lib/generated/spacex_api/device/wifi.pb.dart:9466:56: Error: The method '$_setField' isn't defined for the type 'starlink_routers_hourly_metrics_v2'.
 - 'starlink_routers_hourly_metrics_v2' is from 'package:starlink_isp_app/generated/spacex_api/device/wifi.pb.dart' ('lib/generated/spacex_api/device/wifi.pb.dart').
Try correcting the name to the name of an existing method, or defining a method named '$_setField'.
  set poePercentWaterDetectAvg($4.FloatValue value) => $_setField(212, value);
                                                       ^^^^^^^^^^
lib/generated/spacex_api/device/wifi.pb.dart:9470:43: Error: The method '$_clearField' isn't defined for the type 'starlink_routers_hourly_metrics_v2'.
 - 'starlink_routers_hourly_metrics_v2' is from 'package:starlink_isp_app/generated/spacex_api/device/wifi.pb.dart' ('lib/generated/spacex_api/device/wifi.pb.dart').
Try correcting the name to the name of an existing method, or defining a method named '$_clearField'.
  void clearPoePercentWaterDetectAvg() => $_clearField(212);
                                          ^^^^^^^^^^^^
lib/generated/spacex_api/device/wifi.pb.dart:9477:30: Error: 'Int64Value' isn't a type.
  set ifacesLanEthRxBytes($4.Int64Value value) => $_setField(300, value);
                             ^^^^^^^^^^
lib/generated/spacex_api/device/wifi.pb.dart:9477:51: Error: The method '$_setField' isn't defined for the type 'starlink_routers_hourly_metrics_v2'.
 - 'starlink_routers_hourly_metrics_v2' is from 'package:starlink_isp_app/generated/spacex_api/device/wifi.pb.dart' ('lib/generated/spacex_api/device/wifi.pb.dart').
Try correcting the name to the name of an existing method, or defining a method named '$_setField'.
  set ifacesLanEthRxBytes($4.Int64Value value) => $_setField(300, value);
                                                  ^^^^^^^^^^
lib/generated/spacex_api/device/wifi.pb.dart:9481:38: Error: The method '$_clearField' isn't defined for the type 'starlink_routers_hourly_metrics_v2'.
 - 'starlink_routers_hourly_metrics_v2' is from 'package:starlink_isp_app/generated/spacex_api/device/wifi.pb.dart' ('lib/generated/spacex_api/device/wifi.pb.dart').
Try correcting the name to the name of an existing method, or defining a method named '$_clearField'.
  void clearIfacesLanEthRxBytes() => $_clearField(300);
                                     ^^^^^^^^^^^^
lib/generated/spacex_api/device/wifi.pb.dart:9488:32: Error: 'Int64Value' isn't a type.
  set ifacesLanEthRxPackets($4.Int64Value value) => $_setField(301, value);
                               ^^^^^^^^^^
lib/generated/spacex_api/device/wifi.pb.dart:9488:53: Error: The method '$_setField' isn't defined for the type 'starlink_routers_hourly_metrics_v2'.
 - 'starlink_routers_hourly_metrics_v2' is from 'package:starlink_isp_app/generated/spacex_api/device/wifi.pb.dart' ('lib/generated/spacex_api/device/wifi.pb.dart').
Try correcting the name to the name of an existing method, or defining a method named '$_setField'.
  set ifacesLanEthRxPackets($4.Int64Value value) => $_setField(301, value);
                                                    ^^^^^^^^^^
lib/generated/spacex_api/device/wifi.pb.dart:9492:40: Error: The method '$_clearField' isn't defined for the type 'starlink_routers_hourly_metrics_v2'.
 - 'starlink_routers_hourly_metrics_v2' is from 'package:starlink_isp_app/generated/spacex_api/device/wifi.pb.dart' ('lib/generated/spacex_api/device/wifi.pb.dart').
Try correcting the name to the name of an existing method, or defining a method named '$_clearField'.
  void clearIfacesLanEthRxPackets() => $_clearField(301);
                                       ^^^^^^^^^^^^
lib/generated/spacex_api/device/wifi.pb.dart:9499:31: Error: 'Int64Value' isn't a type.
  set ifacesLanEthRxErrors($4.Int64Value value) => $_setField(302, value);
                              ^^^^^^^^^^
lib/generated/spacex_api/device/wifi.pb.dart:9499:52: Error: The method '$_setField' isn't defined for the type 'starlink_routers_hourly_metrics_v2'.
 - 'starlink_routers_hourly_metrics_v2' is from 'package:starlink_isp_app/generated/spacex_api/device/wifi.pb.dart' ('lib/generated/spacex_api/device/wifi.pb.dart').
Try correcting the name to the name of an existing method, or defining a method named '$_setField'.
  set ifacesLanEthRxErrors($4.Int64Value value) => $_setField(302, value);
                                                   ^^^^^^^^^^
lib/generated/spacex_api/device/wifi.pb.dart:9503:39: Error: The method '$_clearField' isn't defined for the type 'starlink_routers_hourly_metrics_v2'.
 - 'starlink_routers_hourly_metrics_v2' is from 'package:starlink_isp_app/generated/spacex_api/device/wifi.pb.dart' ('lib/generated/spacex_api/device/wifi.pb.dart').
Try correcting the name to the name of an existing method, or defining a method named '$_clearField'.
  void clearIfacesLanEthRxErrors() => $_clearField(302);
                                      ^^^^^^^^^^^^
lib/generated/spacex_api/device/wifi.pb.dart:9510:36: Error: 'Int64Value' isn't a type.
  set ifacesLanEthRxFrameErrors($4.Int64Value value) => $_setField(303, value);
                                   ^^^^^^^^^^
lib/generated/spacex_api/device/wifi.pb.dart:9510:57: Error: The method '$_setField' isn't defined for the type 'starlink_routers_hourly_metrics_v2'.
 - 'starlink_routers_hourly_metrics_v2' is from 'package:starlink_isp_app/generated/spacex_api/device/wifi.pb.dart' ('lib/generated/spacex_api/device/wifi.pb.dart').
Try correcting the name to the name of an existing method, or defining a method named '$_setField'.
  set ifacesLanEthRxFrameErrors($4.Int64Value value) => $_setField(303, value);
                                                        ^^^^^^^^^^
lib/generated/spacex_api/device/wifi.pb.dart:9514:44: Error: The method '$_clearField' isn't defined for the type 'starlink_routers_hourly_metrics_v2'.
 - 'starlink_routers_hourly_metrics_v2' is from 'package:starlink_isp_app/generated/spacex_api/device/wifi.pb.dart' ('lib/generated/spacex_api/device/wifi.pb.dart').
Try correcting the name to the name of an existing method, or defining a method named '$_clearField'.
  void clearIfacesLanEthRxFrameErrors() => $_clearField(303);
                                           ^^^^^^^^^^^^
lib/generated/spacex_api/device/wifi.pb.dart:9521:30: Error: 'Int64Value' isn't a type.
  set ifacesLanEthTxBytes($4.Int64Value value) => $_setField(304, value);
                             ^^^^^^^^^^
lib/generated/spacex_api/device/wifi.pb.dart:9521:51: Error: The method '$_setField' isn't defined for the type 'starlink_routers_hourly_metrics_v2'.
 - 'starlink_routers_hourly_metrics_v2' is from 'package:starlink_isp_app/generated/spacex_api/device/wifi.pb.dart' ('lib/generated/spacex_api/device/wifi.pb.dart').
Try correcting the name to the name of an existing method, or defining a method named '$_setField'.
  set ifacesLanEthTxBytes($4.Int64Value value) => $_setField(304, value);
                                                  ^^^^^^^^^^
lib/generated/spacex_api/device/wifi.pb.dart:9525:38: Error: The method '$_clearField' isn't defined for the type 'starlink_routers_hourly_metrics_v2'.
 - 'starlink_routers_hourly_metrics_v2' is from 'package:starlink_isp_app/generated/spacex_api/device/wifi.pb.dart' ('lib/generated/spacex_api/device/wifi.pb.dart').
Try correcting the name to the name of an existing method, or defining a method named '$_clearField'.
  void clearIfacesLanEthTxBytes() => $_clearField(304);
                                     ^^^^^^^^^^^^
lib/generated/spacex_api/device/wifi.pb.dart:9532:32: Error: 'Int64Value' isn't a type.
  set ifacesLanEthTxPackets($4.Int64Value value) => $_setField(305, value);
                               ^^^^^^^^^^
lib/generated/spacex_api/device/wifi.pb.dart:9532:53: Error: The method '$_setField' isn't defined for the type 'starlink_routers_hourly_metrics_v2'.
 - 'starlink_routers_hourly_metrics_v2' is from 'package:starlink_isp_app/generated/spacex_api/device/wifi.pb.dart' ('lib/generated/spacex_api/device/wifi.pb.dart').
Try correcting the name to the name of an existing method, or defining a method named '$_setField'.
  set ifacesLanEthTxPackets($4.Int64Value value) => $_setField(305, value);
                                                    ^^^^^^^^^^
lib/generated/spacex_api/device/wifi.pb.dart:9536:40: Error: The method '$_clearField' isn't defined for the type 'starlink_routers_hourly_metrics_v2'.
 - 'starlink_routers_hourly_metrics_v2' is from 'package:starlink_isp_app/generated/spacex_api/device/wifi.pb.dart' ('lib/generated/spacex_api/device/wifi.pb.dart').
Try correcting the name to the name of an existing method, or defining a method named '$_clearField'.
  void clearIfacesLanEthTxPackets() => $_clearField(305);
                                       ^^^^^^^^^^^^
lib/generated/spacex_api/device/wifi.pb.dart:9543:31: Error: 'Int64Value' isn't a type.
  set ifacesLanEthTxErrors($4.Int64Value value) => $_setField(306, value);
                              ^^^^^^^^^^
lib/generated/spacex_api/device/wifi.pb.dart:9543:52: Error: The method '$_setField' isn't defined for the type 'starlink_routers_hourly_metrics_v2'.
 - 'starlink_routers_hourly_metrics_v2' is from 'package:starlink_isp_app/generated/spacex_api/device/wifi.pb.dart' ('lib/generated/spacex_api/device/wifi.pb.dart').
Try correcting the name to the name of an existing method, or defining a method named '$_setField'.
  set ifacesLanEthTxErrors($4.Int64Value value) => $_setField(306, value);
                                                   ^^^^^^^^^^
lib/generated/spacex_api/device/wifi.pb.dart:9547:39: Error: The method '$_clearField' isn't defined for the type 'starlink_routers_hourly_metrics_v2'.
 - 'starlink_routers_hourly_metrics_v2' is from 'package:starlink_isp_app/generated/spacex_api/device/wifi.pb.dart' ('lib/generated/spacex_api/device/wifi.pb.dart').
Try correcting the name to the name of an existing method, or defining a method named '$_clearField'.
  void clearIfacesLanEthTxErrors() => $_clearField(306);
                                      ^^^^^^^^^^^^
lib/generated/spacex_api/device/wifi.pb.dart:9554:30: Error: 'Int64Value' isn't a type.
  set ifacesWanEthRxBytes($4.Int64Value value) => $_setField(307, value);
                             ^^^^^^^^^^
lib/generated/spacex_api/device/wifi.pb.dart:9554:51: Error: The method '$_setField' isn't defined for the type 'starlink_routers_hourly_metrics_v2'.
 - 'starlink_routers_hourly_metrics_v2' is from 'package:starlink_isp_app/generated/spacex_api/device/wifi.pb.dart' ('lib/generated/spacex_api/device/wifi.pb.dart').
Try correcting the name to the name of an existing method, or defining a method named '$_setField'.
  set ifacesWanEthRxBytes($4.Int64Value value) => $_setField(307, value);
                                                  ^^^^^^^^^^
lib/generated/spacex_api/device/wifi.pb.dart:9558:38: Error: The method '$_clearField' isn't defined for the type 'starlink_routers_hourly_metrics_v2'.
 - 'starlink_routers_hourly_metrics_v2' is from 'package:starlink_isp_app/generated/spacex_api/device/wifi.pb.dart' ('lib/generated/spacex_api/device/wifi.pb.dart').
Try correcting the name to the name of an existing method, or defining a method named '$_clearField'.
  void clearIfacesWanEthRxBytes() => $_clearField(307);
                                     ^^^^^^^^^^^^
lib/generated/spacex_api/device/wifi.pb.dart:9565:32: Error: 'Int64Value' isn't a type.
  set ifacesWanEthRxPackets($4.Int64Value value) => $_setField(308, value);
                               ^^^^^^^^^^
lib/generated/spacex_api/device/wifi.pb.dart:9565:53: Error: The method '$_setField' isn't defined for the type 'starlink_routers_hourly_metrics_v2'.
 - 'starlink_routers_hourly_metrics_v2' is from 'package:starlink_isp_app/generated/spacex_api/device/wifi.pb.dart' ('lib/generated/spacex_api/device/wifi.pb.dart').
Try correcting the name to the name of an existing method, or defining a method named '$_setField'.
  set ifacesWanEthRxPackets($4.Int64Value value) => $_setField(308, value);
                                                    ^^^^^^^^^^
lib/generated/spacex_api/device/wifi.pb.dart:9569:40: Error: The method '$_clearField' isn't defined for the type 'starlink_routers_hourly_metrics_v2'.
 - 'starlink_routers_hourly_metrics_v2' is from 'package:starlink_isp_app/generated/spacex_api/device/wifi.pb.dart' ('lib/generated/spacex_api/device/wifi.pb.dart').
Try correcting the name to the name of an existing method, or defining a method named '$_clearField'.
  void clearIfacesWanEthRxPackets() => $_clearField(308);
                                       ^^^^^^^^^^^^
lib/generated/spacex_api/device/wifi.pb.dart:9576:31: Error: 'Int64Value' isn't a type.
  set ifacesWanEthRxErrors($4.Int64Value value) => $_setField(309, value);
                              ^^^^^^^^^^
lib/generated/spacex_api/device/wifi.pb.dart:9576:52: Error: The method '$_setField' isn't defined for the type 'starlink_routers_hourly_metrics_v2'.
 - 'starlink_routers_hourly_metrics_v2' is from 'package:starlink_isp_app/generated/spacex_api/device/wifi.pb.dart' ('lib/generated/spacex_api/device/wifi.pb.dart').
Try correcting the name to the name of an existing method, or defining a method named '$_setField'.
  set ifacesWanEthRxErrors($4.Int64Value value) => $_setField(309, value);
                                                   ^^^^^^^^^^
lib/generated/spacex_api/device/wifi.pb.dart:9580:39: Error: The method '$_clearField' isn't defined for the type 'starlink_routers_hourly_metrics_v2'.
 - 'starlink_routers_hourly_metrics_v2' is from 'package:starlink_isp_app/generated/spacex_api/device/wifi.pb.dart' ('lib/generated/spacex_api/device/wifi.pb.dart').
Try correcting the name to the name of an existing method, or defining a method named '$_clearField'.
  void clearIfacesWanEthRxErrors() => $_clearField(309);
                                      ^^^^^^^^^^^^
lib/generated/spacex_api/device/wifi.pb.dart:9587:36: Error: 'Int64Value' isn't a type.
  set ifacesWanEthRxFrameErrors($4.Int64Value value) => $_setField(310, value);
                                   ^^^^^^^^^^
lib/generated/spacex_api/device/wifi.pb.dart:9587:57: Error: The method '$_setField' isn't defined for the type 'starlink_routers_hourly_metrics_v2'.
 - 'starlink_routers_hourly_metrics_v2' is from 'package:starlink_isp_app/generated/spacex_api/device/wifi.pb.dart' ('lib/generated/spacex_api/device/wifi.pb.dart').
Try correcting the name to the name of an existing method, or defining a method named '$_setField'.
  set ifacesWanEthRxFrameErrors($4.Int64Value value) => $_setField(310, value);
                                                        ^^^^^^^^^^
lib/generated/spacex_api/device/wifi.pb.dart:9591:44: Error: The method '$_clearField' isn't defined for the type 'starlink_routers_hourly_metrics_v2'.
 - 'starlink_routers_hourly_metrics_v2' is from 'package:starlink_isp_app/generated/spacex_api/device/wifi.pb.dart' ('lib/generated/spacex_api/device/wifi.pb.dart').
Try correcting the name to the name of an existing method, or defining a method named '$_clearField'.
  void clearIfacesWanEthRxFrameErrors() => $_clearField(310);
                                           ^^^^^^^^^^^^
lib/generated/spacex_api/device/wifi.pb.dart:9598:30: Error: 'Int64Value' isn't a type.
  set ifacesWanEthTxBytes($4.Int64Value value) => $_setField(311, value);
                             ^^^^^^^^^^
lib/generated/spacex_api/device/wifi.pb.dart:9598:51: Error: The method '$_setField' isn't defined for the type 'starlink_routers_hourly_metrics_v2'.
 - 'starlink_routers_hourly_metrics_v2' is from 'package:starlink_isp_app/generated/spacex_api/device/wifi.pb.dart' ('lib/generated/spacex_api/device/wifi.pb.dart').
Try correcting the name to the name of an existing method, or defining a method named '$_setField'.
  set ifacesWanEthTxBytes($4.Int64Value value) => $_setField(311, value);
                                                  ^^^^^^^^^^
lib/generated/spacex_api/device/wifi.pb.dart:9602:38: Error: The method '$_clearField' isn't defined for the type 'starlink_routers_hourly_metrics_v2'.
 - 'starlink_routers_hourly_metrics_v2' is from 'package:starlink_isp_app/generated/spacex_api/device/wifi.pb.dart' ('lib/generated/spacex_api/device/wifi.pb.dart').
Try correcting the name to the name of an existing method, or defining a method named '$_clearField'.
  void clearIfacesWanEthTxBytes() => $_clearField(311);
                                     ^^^^^^^^^^^^
lib/generated/spacex_api/device/wifi.pb.dart:9609:32: Error: 'Int64Value' isn't a type.
  set ifacesWanEthTxPackets($4.Int64Value value) => $_setField(312, value);
                               ^^^^^^^^^^
lib/generated/spacex_api/device/wifi.pb.dart:9609:53: Error: The method '$_setField' isn't defined for the type 'starlink_routers_hourly_metrics_v2'.
 - 'starlink_routers_hourly_metrics_v2' is from 'package:starlink_isp_app/generated/spacex_api/device/wifi.pb.dart' ('lib/generated/spacex_api/device/wifi.pb.dart').
Try correcting the name to the name of an existing method, or defining a method named '$_setField'.
  set ifacesWanEthTxPackets($4.Int64Value value) => $_setField(312, value);
                                                    ^^^^^^^^^^
lib/generated/spacex_api/device/wifi.pb.dart:9613:40: Error: The method '$_clearField' isn't defined for the type 'starlink_routers_hourly_metrics_v2'.
 - 'starlink_routers_hourly_metrics_v2' is from 'package:starlink_isp_app/generated/spacex_api/device/wifi.pb.dart' ('lib/generated/spacex_api/device/wifi.pb.dart').
Try correcting the name to the name of an existing method, or defining a method named '$_clearField'.
  void clearIfacesWanEthTxPackets() => $_clearField(312);
                                       ^^^^^^^^^^^^
lib/generated/spacex_api/device/wifi.pb.dart:9620:31: Error: 'Int64Value' isn't a type.
  set ifacesWanEthTxErrors($4.Int64Value value) => $_setField(313, value);
                              ^^^^^^^^^^
lib/generated/spacex_api/device/wifi.pb.dart:9620:52: Error: The method '$_setField' isn't defined for the type 'starlink_routers_hourly_metrics_v2'.
 - 'starlink_routers_hourly_metrics_v2' is from 'package:starlink_isp_app/generated/spacex_api/device/wifi.pb.dart' ('lib/generated/spacex_api/device/wifi.pb.dart').
Try correcting the name to the name of an existing method, or defining a method named '$_setField'.
  set ifacesWanEthTxErrors($4.Int64Value value) => $_setField(313, value);
                                                   ^^^^^^^^^^
lib/generated/spacex_api/device/wifi.pb.dart:9624:39: Error: The method '$_clearField' isn't defined for the type 'starlink_routers_hourly_metrics_v2'.
 - 'starlink_routers_hourly_metrics_v2' is from 'package:starlink_isp_app/generated/spacex_api/device/wifi.pb.dart' ('lib/generated/spacex_api/device/wifi.pb.dart').
Try correcting the name to the name of an existing method, or defining a method named '$_clearField'.
  void clearIfacesWanEthTxErrors() => $_clearField(313);
                                      ^^^^^^^^^^^^
lib/generated/spacex_api/device/wifi.pb.dart:9631:31: Error: 'Int64Value' isn't a type.
  set ifacesLan1EthRxBytes($4.Int64Value value) => $_setField(314, value);
                              ^^^^^^^^^^
lib/generated/spacex_api/device/wifi.pb.dart:9631:52: Error: The method '$_setField' isn't defined for the type 'starlink_routers_hourly_metrics_v2'.
 - 'starlink_routers_hourly_metrics_v2' is from 'package:starlink_isp_app/generated/spacex_api/device/wifi.pb.dart' ('lib/generated/spacex_api/device/wifi.pb.dart').
Try correcting the name to the name of an existing method, or defining a method named '$_setField'.
  set ifacesLan1EthRxBytes($4.Int64Value value) => $_setField(314, value);
                                                   ^^^^^^^^^^
lib/generated/spacex_api/device/wifi.pb.dart:9635:39: Error: The method '$_clearField' isn't defined for the type 'starlink_routers_hourly_metrics_v2'.
 - 'starlink_routers_hourly_metrics_v2' is from 'package:starlink_isp_app/generated/spacex_api/device/wifi.pb.dart' ('lib/generated/spacex_api/device/wifi.pb.dart').
Try correcting the name to the name of an existing method, or defining a method named '$_clearField'.
  void clearIfacesLan1EthRxBytes() => $_clearField(314);
                                      ^^^^^^^^^^^^
lib/generated/spacex_api/device/wifi.pb.dart:9642:33: Error: 'Int64Value' isn't a type.
  set ifacesLan1EthRxPackets($4.Int64Value value) => $_setField(315, value);
                                ^^^^^^^^^^
lib/generated/spacex_api/device/wifi.pb.dart:9642:54: Error: The method '$_setField' isn't defined for the type 'starlink_routers_hourly_metrics_v2'.
 - 'starlink_routers_hourly_metrics_v2' is from 'package:starlink_isp_app/generated/spacex_api/device/wifi.pb.dart' ('lib/generated/spacex_api/device/wifi.pb.dart').
Try correcting the name to the name of an existing method, or defining a method named '$_setField'.
  set ifacesLan1EthRxPackets($4.Int64Value value) => $_setField(315, value);
                                                     ^^^^^^^^^^
lib/generated/spacex_api/device/wifi.pb.dart:9646:41: Error: The method '$_clearField' isn't defined for the type 'starlink_routers_hourly_metrics_v2'.
 - 'starlink_routers_hourly_metrics_v2' is from 'package:starlink_isp_app/generated/spacex_api/device/wifi.pb.dart' ('lib/generated/spacex_api/device/wifi.pb.dart').
Try correcting the name to the name of an existing method, or defining a method named '$_clearField'.
  void clearIfacesLan1EthRxPackets() => $_clearField(315);
                                        ^^^^^^^^^^^^
lib/generated/spacex_api/device/wifi.pb.dart:9653:32: Error: 'Int64Value' isn't a type.
  set ifacesLan1EthRxErrors($4.Int64Value value) => $_setField(316, value);
                               ^^^^^^^^^^
lib/generated/spacex_api/device/wifi.pb.dart:9653:53: Error: The method '$_setField' isn't defined for the type 'starlink_routers_hourly_metrics_v2'.
 - 'starlink_routers_hourly_metrics_v2' is from 'package:starlink_isp_app/generated/spacex_api/device/wifi.pb.dart' ('lib/generated/spacex_api/device/wifi.pb.dart').
Try correcting the name to the name of an existing method, or defining a method named '$_setField'.
  set ifacesLan1EthRxErrors($4.Int64Value value) => $_setField(316, value);
                                                    ^^^^^^^^^^
lib/generated/spacex_api/device/wifi.pb.dart:9657:40: Error: The method '$_clearField' isn't defined for the type 'starlink_routers_hourly_metrics_v2'.
 - 'starlink_routers_hourly_metrics_v2' is from 'package:starlink_isp_app/generated/spacex_api/device/wifi.pb.dart' ('lib/generated/spacex_api/device/wifi.pb.dart').
Try correcting the name to the name of an existing method, or defining a method named '$_clearField'.
  void clearIfacesLan1EthRxErrors() => $_clearField(316);
                                       ^^^^^^^^^^^^
lib/generated/spacex_api/device/wifi.pb.dart:9664:37: Error: 'Int64Value' isn't a type.
  set ifacesLan1EthRxFrameErrors($4.Int64Value value) => $_setField(317, value);
                                    ^^^^^^^^^^
lib/generated/spacex_api/device/wifi.pb.dart:9664:58: Error: The method '$_setField' isn't defined for the type 'starlink_routers_hourly_metrics_v2'.
 - 'starlink_routers_hourly_metrics_v2' is from 'package:starlink_isp_app/generated/spacex_api/device/wifi.pb.dart' ('lib/generated/spacex_api/device/wifi.pb.dart').
Try correcting the name to the name of an existing method, or defining a method named '$_setField'.
  set ifacesLan1EthRxFrameErrors($4.Int64Value value) => $_setField(317, value);
                                                         ^^^^^^^^^^
lib/generated/spacex_api/device/wifi.pb.dart:9668:45: Error: The method '$_clearField' isn't defined for the type 'starlink_routers_hourly_metrics_v2'.
 - 'starlink_routers_hourly_metrics_v2' is from 'package:starlink_isp_app/generated/spacex_api/device/wifi.pb.dart' ('lib/generated/spacex_api/device/wifi.pb.dart').
Try correcting the name to the name of an existing method, or defining a method named '$_clearField'.
  void clearIfacesLan1EthRxFrameErrors() => $_clearField(317);
                                            ^^^^^^^^^^^^
lib/generated/spacex_api/device/wifi.pb.dart:9675:31: Error: 'Int64Value' isn't a type.
  set ifacesLan1EthTxBytes($4.Int64Value value) => $_setField(318, value);
                              ^^^^^^^^^^
lib/generated/spacex_api/device/wifi.pb.dart:9675:52: Error: The method '$_setField' isn't defined for the type 'starlink_routers_hourly_metrics_v2'.
 - 'starlink_routers_hourly_metrics_v2' is from 'package:starlink_isp_app/generated/spacex_api/device/wifi.pb.dart' ('lib/generated/spacex_api/device/wifi.pb.dart').
Try correcting the name to the name of an existing method, or defining a method named '$_setField'.
  set ifacesLan1EthTxBytes($4.Int64Value value) => $_setField(318, value);
                                                   ^^^^^^^^^^
lib/generated/spacex_api/device/wifi.pb.dart:9679:39: Error: The method '$_clearField' isn't defined for the type 'starlink_routers_hourly_metrics_v2'.
 - 'starlink_routers_hourly_metrics_v2' is from 'package:starlink_isp_app/generated/spacex_api/device/wifi.pb.dart' ('lib/generated/spacex_api/device/wifi.pb.dart').
Try correcting the name to the name of an existing method, or defining a method named '$_clearField'.
  void clearIfacesLan1EthTxBytes() => $_clearField(318);
                                      ^^^^^^^^^^^^
lib/generated/spacex_api/device/wifi.pb.dart:9686:33: Error: 'Int64Value' isn't a type.
  set ifacesLan1EthTxPackets($4.Int64Value value) => $_setField(319, value);
                                ^^^^^^^^^^
lib/generated/spacex_api/device/wifi.pb.dart:9686:54: Error: The method '$_setField' isn't defined for the type 'starlink_routers_hourly_metrics_v2'.
 - 'starlink_routers_hourly_metrics_v2' is from 'package:starlink_isp_app/generated/spacex_api/device/wifi.pb.dart' ('lib/generated/spacex_api/device/wifi.pb.dart').
Try correcting the name to the name of an existing method, or defining a method named '$_setField'.
  set ifacesLan1EthTxPackets($4.Int64Value value) => $_setField(319, value);
                                                     ^^^^^^^^^^
lib/generated/spacex_api/device/wifi.pb.dart:9690:41: Error: The method '$_clearField' isn't defined for the type 'starlink_routers_hourly_metrics_v2'.
 - 'starlink_routers_hourly_metrics_v2' is from 'package:starlink_isp_app/generated/spacex_api/device/wifi.pb.dart' ('lib/generated/spacex_api/device/wifi.pb.dart').
Try correcting the name to the name of an existing method, or defining a method named '$_clearField'.
  void clearIfacesLan1EthTxPackets() => $_clearField(319);
                                        ^^^^^^^^^^^^
lib/generated/spacex_api/device/wifi.pb.dart:9697:32: Error: 'Int64Value' isn't a type.
  set ifacesLan1EthTxErrors($4.Int64Value value) => $_setField(320, value);
                               ^^^^^^^^^^
lib/generated/spacex_api/device/wifi.pb.dart:9697:53: Error: The method '$_setField' isn't defined for the type 'starlink_routers_hourly_metrics_v2'.
 - 'starlink_routers_hourly_metrics_v2' is from 'package:starlink_isp_app/generated/spacex_api/device/wifi.pb.dart' ('lib/generated/spacex_api/device/wifi.pb.dart').
Try correcting the name to the name of an existing method, or defining a method named '$_setField'.
  set ifacesLan1EthTxErrors($4.Int64Value value) => $_setField(320, value);
                                                    ^^^^^^^^^^
lib/generated/spacex_api/device/wifi.pb.dart:9701:40: Error: The method '$_clearField' isn't defined for the type 'starlink_routers_hourly_metrics_v2'.
 - 'starlink_routers_hourly_metrics_v2' is from 'package:starlink_isp_app/generated/spacex_api/device/wifi.pb.dart' ('lib/generated/spacex_api/device/wifi.pb.dart').
Try correcting the name to the name of an existing method, or defining a method named '$_clearField'.
  void clearIfacesLan1EthTxErrors() => $_clearField(320);
                                       ^^^^^^^^^^^^
lib/generated/spacex_api/device/wifi.pb.dart:9708:24: Error: 'StringValue' isn't a type.
  set ifacesWanPort($4.StringValue value) => $_setField(321, value);
                       ^^^^^^^^^^^
lib/generated/spacex_api/device/wifi.pb.dart:9708:46: Error: The method '$_setField' isn't defined for the type 'starlink_routers_hourly_metrics_v2'.
 - 'starlink_routers_hourly_metrics_v2' is from 'package:starlink_isp_app/generated/spacex_api/device/wifi.pb.dart' ('lib/generated/spacex_api/device/wifi.pb.dart').
Try correcting the name to the name of an existing method, or defining a method named '$_setField'.
  set ifacesWanPort($4.StringValue value) => $_setField(321, value);
                                             ^^^^^^^^^^
lib/generated/spacex_api/device/wifi.pb.dart:9712:32: Error: The method '$_clearField' isn't defined for the type 'starlink_routers_hourly_metrics_v2'.
 - 'starlink_routers_hourly_metrics_v2' is from 'package:starlink_isp_app/generated/spacex_api/device/wifi.pb.dart' ('lib/generated/spacex_api/device/wifi.pb.dart').
Try correcting the name to the name of an existing method, or defining a method named '$_clearField'.
  void clearIfacesWanPort() => $_clearField(321);
                               ^^^^^^^^^^^^
lib/generated/spacex_api/device/wifi.pb.dart:9719:18: Error: 'UInt32Value' isn't a type.
  set clients($4.UInt32Value value) => $_setField(400, value);
                 ^^^^^^^^^^^
lib/generated/spacex_api/device/wifi.pb.dart:9719:40: Error: The method '$_setField' isn't defined for the type 'starlink_routers_hourly_metrics_v2'.
 - 'starlink_routers_hourly_metrics_v2' is from 'package:starlink_isp_app/generated/spacex_api/device/wifi.pb.dart' ('lib/generated/spacex_api/device/wifi.pb.dart').
Try correcting the name to the name of an existing method, or defining a method named '$_setField'.
  set clients($4.UInt32Value value) => $_setField(400, value);
                                       ^^^^^^^^^^
lib/generated/spacex_api/device/wifi.pb.dart:9723:26: Error: The method '$_clearField' isn't defined for the type 'starlink_routers_hourly_metrics_v2'.
 - 'starlink_routers_hourly_metrics_v2' is from 'package:starlink_isp_app/generated/spacex_api/device/wifi.pb.dart' ('lib/generated/spacex_api/device/wifi.pb.dart').
Try correcting the name to the name of an existing method, or defining a method named '$_clearField'.
  void clearClients() => $_clearField(400);
                         ^^^^^^^^^^^^
lib/generated/spacex_api/device/wifi.pb.dart:9730:22: Error: 'UInt32Value' isn't a type.
  set clients2ghz($4.UInt32Value value) => $_setField(401, value);
                     ^^^^^^^^^^^
lib/generated/spacex_api/device/wifi.pb.dart:9730:44: Error: The method '$_setField' isn't defined for the type 'starlink_routers_hourly_metrics_v2'.
 - 'starlink_routers_hourly_metrics_v2' is from 'package:starlink_isp_app/generated/spacex_api/device/wifi.pb.dart' ('lib/generated/spacex_api/device/wifi.pb.dart').
Try correcting the name to the name of an existing method, or defining a method named '$_setField'.
  set clients2ghz($4.UInt32Value value) => $_setField(401, value);
                                           ^^^^^^^^^^
lib/generated/spacex_api/device/wifi.pb.dart:9734:30: Error: The method '$_clearField' isn't defined for the type 'starlink_routers_hourly_metrics_v2'.
 - 'starlink_routers_hourly_metrics_v2' is from 'package:starlink_isp_app/generated/spacex_api/device/wifi.pb.dart' ('lib/generated/spacex_api/device/wifi.pb.dart').
Try correcting the name to the name of an existing method, or defining a method named '$_clearField'.
  void clearClients2ghz() => $_clearField(401);
                             ^^^^^^^^^^^^
lib/generated/spacex_api/device/wifi.pb.dart:9741:22: Error: 'UInt32Value' isn't a type.
  set clients5ghz($4.UInt32Value value) => $_setField(402, value);
                     ^^^^^^^^^^^
lib/generated/spacex_api/device/wifi.pb.dart:9741:44: Error: The method '$_setField' isn't defined for the type 'starlink_routers_hourly_metrics_v2'.
 - 'starlink_routers_hourly_metrics_v2' is from 'package:starlink_isp_app/generated/spacex_api/device/wifi.pb.dart' ('lib/generated/spacex_api/device/wifi.pb.dart').
Try correcting the name to the name of an existing method, or defining a method named '$_setField'.
  set clients5ghz($4.UInt32Value value) => $_setField(402, value);
                                           ^^^^^^^^^^
lib/generated/spacex_api/device/wifi.pb.dart:9745:30: Error: The method '$_clearField' isn't defined for the type 'starlink_routers_hourly_metrics_v2'.
 - 'starlink_routers_hourly_metrics_v2' is from 'package:starlink_isp_app/generated/spacex_api/device/wifi.pb.dart' ('lib/generated/spacex_api/device/wifi.pb.dart').
Try correcting the name to the name of an existing method, or defining a method named '$_clearField'.
  void clearClients5ghz() => $_clearField(402);
                             ^^^^^^^^^^^^
lib/generated/spacex_api/device/wifi.pb.dart:9752:21: Error: 'UInt32Value' isn't a type.
  set clientsEth($4.UInt32Value value) => $_setField(403, value);
                    ^^^^^^^^^^^
lib/generated/spacex_api/device/wifi.pb.dart:9752:43: Error: The method '$_setField' isn't defined for the type 'starlink_routers_hourly_metrics_v2'.
 - 'starlink_routers_hourly_metrics_v2' is from 'package:starlink_isp_app/generated/spacex_api/device/wifi.pb.dart' ('lib/generated/spacex_api/device/wifi.pb.dart').
Try correcting the name to the name of an existing method, or defining a method named '$_setField'.
  set clientsEth($4.UInt32Value value) => $_setField(403, value);
                                          ^^^^^^^^^^
lib/generated/spacex_api/device/wifi.pb.dart:9756:29: Error: The method '$_clearField' isn't defined for the type 'starlink_routers_hourly_metrics_v2'.
 - 'starlink_routers_hourly_metrics_v2' is from 'package:starlink_isp_app/generated/spacex_api/device/wifi.pb.dart' ('lib/generated/spacex_api/device/wifi.pb.dart').
Try correcting the name to the name of an existing method, or defining a method named '$_clearField'.
  void clearClientsEth() => $_clearField(403);
                            ^^^^^^^^^^^^
lib/generated/spacex_api/device/wifi.pb.dart:9763:26: Error: 'UInt32Value' isn't a type.
  set clientsRepeater($4.UInt32Value value) => $_setField(404, value);
                         ^^^^^^^^^^^
lib/generated/spacex_api/device/wifi.pb.dart:9763:48: Error: The method '$_setField' isn't defined for the type 'starlink_routers_hourly_metrics_v2'.
 - 'starlink_routers_hourly_metrics_v2' is from 'package:starlink_isp_app/generated/spacex_api/device/wifi.pb.dart' ('lib/generated/spacex_api/device/wifi.pb.dart').
Try correcting the name to the name of an existing method, or defining a method named '$_setField'.
  set clientsRepeater($4.UInt32Value value) => $_setField(404, value);
                                               ^^^^^^^^^^
lib/generated/spacex_api/device/wifi.pb.dart:9767:34: Error: The method '$_clearField' isn't defined for the type 'starlink_routers_hourly_metrics_v2'.
 - 'starlink_routers_hourly_metrics_v2' is from 'package:starlink_isp_app/generated/spacex_api/device/wifi.pb.dart' ('lib/generated/spacex_api/device/wifi.pb.dart').
Try correcting the name to the name of an existing method, or defining a method named '$_clearField'.
  void clearClientsRepeater() => $_clearField(404);
                                 ^^^^^^^^^^^^
lib/generated/spacex_api/device/wifi.pb.dart:9774:30: Error: 'UInt32Value' isn't a type.
  set clientsRepeater2ghz($4.UInt32Value value) => $_setField(405, value);
                             ^^^^^^^^^^^
lib/generated/spacex_api/device/wifi.pb.dart:9774:52: Error: The method '$_setField' isn't defined for the type 'starlink_routers_hourly_metrics_v2'.
 - 'starlink_routers_hourly_metrics_v2' is from 'package:starlink_isp_app/generated/spacex_api/device/wifi.pb.dart' ('lib/generated/spacex_api/device/wifi.pb.dart').
Try correcting the name to the name of an existing method, or defining a method named '$_setField'.
  set clientsRepeater2ghz($4.UInt32Value value) => $_setField(405, value);
                                                   ^^^^^^^^^^
lib/generated/spacex_api/device/wifi.pb.dart:9778:38: Error: The method '$_clearField' isn't defined for the type 'starlink_routers_hourly_metrics_v2'.
 - 'starlink_routers_hourly_metrics_v2' is from 'package:starlink_isp_app/generated/spacex_api/device/wifi.pb.dart' ('lib/generated/spacex_api/device/wifi.pb.dart').
Try correcting the name to the name of an existing method, or defining a method named '$_clearField'.
  void clearClientsRepeater2ghz() => $_clearField(405);
                                     ^^^^^^^^^^^^
lib/generated/spacex_api/device/wifi.pb.dart:9785:30: Error: 'UInt32Value' isn't a type.
  set clientsRepeater5ghz($4.UInt32Value value) => $_setField(406, value);
                             ^^^^^^^^^^^
lib/generated/spacex_api/device/wifi.pb.dart:9785:52: Error: The method '$_setField' isn't defined for the type 'starlink_routers_hourly_metrics_v2'.
 - 'starlink_routers_hourly_metrics_v2' is from 'package:starlink_isp_app/generated/spacex_api/device/wifi.pb.dart' ('lib/generated/spacex_api/device/wifi.pb.dart').
Try correcting the name to the name of an existing method, or defining a method named '$_setField'.
  set clientsRepeater5ghz($4.UInt32Value value) => $_setField(406, value);
                                                   ^^^^^^^^^^
lib/generated/spacex_api/device/wifi.pb.dart:9789:38: Error: The method '$_clearField' isn't defined for the type 'starlink_routers_hourly_metrics_v2'.
 - 'starlink_routers_hourly_metrics_v2' is from 'package:starlink_isp_app/generated/spacex_api/device/wifi.pb.dart' ('lib/generated/spacex_api/device/wifi.pb.dart').
Try correcting the name to the name of an existing method, or defining a method named '$_clearField'.
  void clearClientsRepeater5ghz() => $_clearField(406);
                                     ^^^^^^^^^^^^
lib/generated/spacex_api/device/wifi.pb.dart:9796:29: Error: 'UInt32Value' isn't a type.
  set clientsRepeaterEth($4.UInt32Value value) => $_setField(407, value);
                            ^^^^^^^^^^^
lib/generated/spacex_api/device/wifi.pb.dart:9796:51: Error: The method '$_setField' isn't defined for the type 'starlink_routers_hourly_metrics_v2'.
 - 'starlink_routers_hourly_metrics_v2' is from 'package:starlink_isp_app/generated/spacex_api/device/wifi.pb.dart' ('lib/generated/spacex_api/device/wifi.pb.dart').
Try correcting the name to the name of an existing method, or defining a method named '$_setField'.
  set clientsRepeaterEth($4.UInt32Value value) => $_setField(407, value);
                                                  ^^^^^^^^^^
lib/generated/spacex_api/device/wifi.pb.dart:9800:37: Error: The method '$_clearField' isn't defined for the type 'starlink_routers_hourly_metrics_v2'.
 - 'starlink_routers_hourly_metrics_v2' is from 'package:starlink_isp_app/generated/spacex_api/device/wifi.pb.dart' ('lib/generated/spacex_api/device/wifi.pb.dart').
Try correcting the name to the name of an existing method, or defining a method named '$_clearField'.
  void clearClientsRepeaterEth() => $_clearField(407);
                                    ^^^^^^^^^^^^
lib/generated/spacex_api/device/wifi.pb.dart:9807:19: Error: 'UInt32Value' isn't a type.
  set meshHops($4.UInt32Value value) => $_setField(408, value);
                  ^^^^^^^^^^^
lib/generated/spacex_api/device/wifi.pb.dart:9807:41: Error: The method '$_setField' isn't defined for the type 'starlink_routers_hourly_metrics_v2'.
 - 'starlink_routers_hourly_metrics_v2' is from 'package:starlink_isp_app/generated/spacex_api/device/wifi.pb.dart' ('lib/generated/spacex_api/device/wifi.pb.dart').
Try correcting the name to the name of an existing method, or defining a method named '$_setField'.
  set meshHops($4.UInt32Value value) => $_setField(408, value);
                                        ^^^^^^^^^^
lib/generated/spacex_api/device/wifi.pb.dart:9811:27: Error: The method '$_clearField' isn't defined for the type 'starlink_routers_hourly_metrics_v2'.
 - 'starlink_routers_hourly_metrics_v2' is from 'package:starlink_isp_app/generated/spacex_api/device/wifi.pb.dart' ('lib/generated/spacex_api/device/wifi.pb.dart').
Try correcting the name to the name of an existing method, or defining a method named '$_clearField'.
  void clearMeshHops() => $_clearField(408);
                          ^^^^^^^^^^^^
lib/generated/spacex_api/device/wifi.pb.dart:9818:32: Error: 'FloatValue' isn't a type.
  set meshOneHopRssiAvg2ghz($4.FloatValue value) => $_setField(409, value);
                               ^^^^^^^^^^
lib/generated/spacex_api/device/wifi.pb.dart:9818:53: Error: The method '$_setField' isn't defined for the type 'starlink_routers_hourly_metrics_v2'.
 - 'starlink_routers_hourly_metrics_v2' is from 'package:starlink_isp_app/generated/spacex_api/device/wifi.pb.dart' ('lib/generated/spacex_api/device/wifi.pb.dart').
Try correcting the name to the name of an existing method, or defining a method named '$_setField'.
  set meshOneHopRssiAvg2ghz($4.FloatValue value) => $_setField(409, value);
                                                    ^^^^^^^^^^
lib/generated/spacex_api/device/wifi.pb.dart:9822:40: Error: The method '$_clearField' isn't defined for the type 'starlink_routers_hourly_metrics_v2'.
 - 'starlink_routers_hourly_metrics_v2' is from 'package:starlink_isp_app/generated/spacex_api/device/wifi.pb.dart' ('lib/generated/spacex_api/device/wifi.pb.dart').
Try correcting the name to the name of an existing method, or defining a method named '$_clearField'.
  void clearMeshOneHopRssiAvg2ghz() => $_clearField(409);
                                       ^^^^^^^^^^^^
lib/generated/spacex_api/device/wifi.pb.dart:9829:32: Error: 'FloatValue' isn't a type.
  set meshOneHopRssiAvg5ghz($4.FloatValue value) => $_setField(410, value);
                               ^^^^^^^^^^
lib/generated/spacex_api/device/wifi.pb.dart:9829:53: Error: The method '$_setField' isn't defined for the type 'starlink_routers_hourly_metrics_v2'.
 - 'starlink_routers_hourly_metrics_v2' is from 'package:starlink_isp_app/generated/spacex_api/device/wifi.pb.dart' ('lib/generated/spacex_api/device/wifi.pb.dart').
Try correcting the name to the name of an existing method, or defining a method named '$_setField'.
  set meshOneHopRssiAvg5ghz($4.FloatValue value) => $_setField(410, value);
                                                    ^^^^^^^^^^
lib/generated/spacex_api/device/wifi.pb.dart:9833:40: Error: The method '$_clearField' isn't defined for the type 'starlink_routers_hourly_metrics_v2'.
 - 'starlink_routers_hourly_metrics_v2' is from 'package:starlink_isp_app/generated/spacex_api/device/wifi.pb.dart' ('lib/generated/spacex_api/device/wifi.pb.dart').
Try correcting the name to the name of an existing method, or defining a method named '$_clearField'.
  void clearMeshOneHopRssiAvg5ghz() => $_clearField(410);
                                       ^^^^^^^^^^^^
lib/generated/spacex_api/device/wifi.pb.dart:9840:32: Error: 'FloatValue' isn't a type.
  set meshTwoHopRssiAvg2ghz($4.FloatValue value) => $_setField(411, value);
                               ^^^^^^^^^^
lib/generated/spacex_api/device/wifi.pb.dart:9840:53: Error: The method '$_setField' isn't defined for the type 'starlink_routers_hourly_metrics_v2'.
 - 'starlink_routers_hourly_metrics_v2' is from 'package:starlink_isp_app/generated/spacex_api/device/wifi.pb.dart' ('lib/generated/spacex_api/device/wifi.pb.dart').
Try correcting the name to the name of an existing method, or defining a method named '$_setField'.
  set meshTwoHopRssiAvg2ghz($4.FloatValue value) => $_setField(411, value);
                                                    ^^^^^^^^^^
lib/generated/spacex_api/device/wifi.pb.dart:9844:40: Error: The method '$_clearField' isn't defined for the type 'starlink_routers_hourly_metrics_v2'.
 - 'starlink_routers_hourly_metrics_v2' is from 'package:starlink_isp_app/generated/spacex_api/device/wifi.pb.dart' ('lib/generated/spacex_api/device/wifi.pb.dart').
Try correcting the name to the name of an existing method, or defining a method named '$_clearField'.
  void clearMeshTwoHopRssiAvg2ghz() => $_clearField(411);
                                       ^^^^^^^^^^^^
lib/generated/spacex_api/device/wifi.pb.dart:9851:32: Error: 'FloatValue' isn't a type.
  set meshTwoHopRssiAvg5ghz($4.FloatValue value) => $_setField(412, value);
                               ^^^^^^^^^^
lib/generated/spacex_api/device/wifi.pb.dart:9851:53: Error: The method '$_setField' isn't defined for the type 'starlink_routers_hourly_metrics_v2'.
 - 'starlink_routers_hourly_metrics_v2' is from 'package:starlink_isp_app/generated/spacex_api/device/wifi.pb.dart' ('lib/generated/spacex_api/device/wifi.pb.dart').
Try correcting the name to the name of an existing method, or defining a method named '$_setField'.
  set meshTwoHopRssiAvg5ghz($4.FloatValue value) => $_setField(412, value);
                                                    ^^^^^^^^^^
lib/generated/spacex_api/device/wifi.pb.dart:9855:40: Error: The method '$_clearField' isn't defined for the type 'starlink_routers_hourly_metrics_v2'.
 - 'starlink_routers_hourly_metrics_v2' is from 'package:starlink_isp_app/generated/spacex_api/device/wifi.pb.dart' ('lib/generated/spacex_api/device/wifi.pb.dart').
Try correcting the name to the name of an existing method, or defining a method named '$_clearField'.
  void clearMeshTwoHopRssiAvg5ghz() => $_clearField(412);
                                       ^^^^^^^^^^^^
lib/generated/spacex_api/device/wifi.pb.dart:9862:26: Error: 'UInt32Value' isn't a type.
  set clients5ghzHigh($4.UInt32Value value) => $_setField(413, value);
                         ^^^^^^^^^^^
lib/generated/spacex_api/device/wifi.pb.dart:9862:48: Error: The method '$_setField' isn't defined for the type 'starlink_routers_hourly_metrics_v2'.
 - 'starlink_routers_hourly_metrics_v2' is from 'package:starlink_isp_app/generated/spacex_api/device/wifi.pb.dart' ('lib/generated/spacex_api/device/wifi.pb.dart').
Try correcting the name to the name of an existing method, or defining a method named '$_setField'.
  set clients5ghzHigh($4.UInt32Value value) => $_setField(413, value);
                                               ^^^^^^^^^^
lib/generated/spacex_api/device/wifi.pb.dart:9866:34: Error: The method '$_clearField' isn't defined for the type 'starlink_routers_hourly_metrics_v2'.
 - 'starlink_routers_hourly_metrics_v2' is from 'package:starlink_isp_app/generated/spacex_api/device/wifi.pb.dart' ('lib/generated/spacex_api/device/wifi.pb.dart').
Try correcting the name to the name of an existing method, or defining a method named '$_clearField'.
  void clearClients5ghzHigh() => $_clearField(413);
                                 ^^^^^^^^^^^^
lib/generated/spacex_api/device/wifi.pb.dart:9873:36: Error: 'FloatValue' isn't a type.
  set meshOneHopRssiAvg5ghzHigh($4.FloatValue value) => $_setField(414, value);
                                   ^^^^^^^^^^
lib/generated/spacex_api/device/wifi.pb.dart:9873:57: Error: The method '$_setField' isn't defined for the type 'starlink_routers_hourly_metrics_v2'.
 - 'starlink_routers_hourly_metrics_v2' is from 'package:starlink_isp_app/generated/spacex_api/device/wifi.pb.dart' ('lib/generated/spacex_api/device/wifi.pb.dart').
Try correcting the name to the name of an existing method, or defining a method named '$_setField'.
  set meshOneHopRssiAvg5ghzHigh($4.FloatValue value) => $_setField(414, value);
                                                        ^^^^^^^^^^
lib/generated/spacex_api/device/wifi.pb.dart:9877:44: Error: The method '$_clearField' isn't defined for the type 'starlink_routers_hourly_metrics_v2'.
 - 'starlink_routers_hourly_metrics_v2' is from 'package:starlink_isp_app/generated/spacex_api/device/wifi.pb.dart' ('lib/generated/spacex_api/device/wifi.pb.dart').
Try correcting the name to the name of an existing method, or defining a method named '$_clearField'.
  void clearMeshOneHopRssiAvg5ghzHigh() => $_clearField(414);
                                           ^^^^^^^^^^^^
lib/generated/spacex_api/device/wifi.pb.dart:9884:36: Error: 'FloatValue' isn't a type.
  set meshTwoHopRssiAvg5ghzHigh($4.FloatValue value) => $_setField(415, value);
                                   ^^^^^^^^^^
lib/generated/spacex_api/device/wifi.pb.dart:9884:57: Error: The method '$_setField' isn't defined for the type 'starlink_routers_hourly_metrics_v2'.
 - 'starlink_routers_hourly_metrics_v2' is from 'package:starlink_isp_app/generated/spacex_api/device/wifi.pb.dart' ('lib/generated/spacex_api/device/wifi.pb.dart').
Try correcting the name to the name of an existing method, or defining a method named '$_setField'.
  set meshTwoHopRssiAvg5ghzHigh($4.FloatValue value) => $_setField(415, value);
                                                        ^^^^^^^^^^
lib/generated/spacex_api/device/wifi.pb.dart:9888:44: Error: The method '$_clearField' isn't defined for the type 'starlink_routers_hourly_metrics_v2'.
 - 'starlink_routers_hourly_metrics_v2' is from 'package:starlink_isp_app/generated/spacex_api/device/wifi.pb.dart' ('lib/generated/spacex_api/device/wifi.pb.dart').
Try correcting the name to the name of an existing method, or defining a method named '$_clearField'.
  void clearMeshTwoHopRssiAvg5ghzHigh() => $_clearField(415);
                                           ^^^^^^^^^^^^
lib/generated/spacex_api/device/wifi.pb.dart:9895:34: Error: 'UInt32Value' isn't a type.
  set clientsRepeater5ghzHigh($4.UInt32Value value) => $_setField(416, value);
                                 ^^^^^^^^^^^
lib/generated/spacex_api/device/wifi.pb.dart:9895:56: Error: The method '$_setField' isn't defined for the type 'starlink_routers_hourly_metrics_v2'.
 - 'starlink_routers_hourly_metrics_v2' is from 'package:starlink_isp_app/generated/spacex_api/device/wifi.pb.dart' ('lib/generated/spacex_api/device/wifi.pb.dart').
Try correcting the name to the name of an existing method, or defining a method named '$_setField'.
  set clientsRepeater5ghzHigh($4.UInt32Value value) => $_setField(416, value);
                                                       ^^^^^^^^^^
lib/generated/spacex_api/device/wifi.pb.dart:9899:42: Error: The method '$_clearField' isn't defined for the type 'starlink_routers_hourly_metrics_v2'.
 - 'starlink_routers_hourly_metrics_v2' is from 'package:starlink_isp_app/generated/spacex_api/device/wifi.pb.dart' ('lib/generated/spacex_api/device/wifi.pb.dart').
Try correcting the name to the name of an existing method, or defining a method named '$_clearField'.
  void clearClientsRepeater5ghzHigh() => $_clearField(416);
                                         ^^^^^^^^^^^^
lib/generated/spacex_api/device/wifi.pb.dart:9906:32: Error: 'FloatValue' isn't a type.
  set repeaterTxRateMbpsMin($4.FloatValue value) => $_setField(418, value);
                               ^^^^^^^^^^
lib/generated/spacex_api/device/wifi.pb.dart:9906:53: Error: The method '$_setField' isn't defined for the type 'starlink_routers_hourly_metrics_v2'.
 - 'starlink_routers_hourly_metrics_v2' is from 'package:starlink_isp_app/generated/spacex_api/device/wifi.pb.dart' ('lib/generated/spacex_api/device/wifi.pb.dart').
Try correcting the name to the name of an existing method, or defining a method named '$_setField'.
  set repeaterTxRateMbpsMin($4.FloatValue value) => $_setField(418, value);
                                                    ^^^^^^^^^^
lib/generated/spacex_api/device/wifi.pb.dart:9910:40: Error: The method '$_clearField' isn't defined for the type 'starlink_routers_hourly_metrics_v2'.
 - 'starlink_routers_hourly_metrics_v2' is from 'package:starlink_isp_app/generated/spacex_api/device/wifi.pb.dart' ('lib/generated/spacex_api/device/wifi.pb.dart').
Try correcting the name to the name of an existing method, or defining a method named '$_clearField'.
  void clearRepeaterTxRateMbpsMin() => $_clearField(418);
                                       ^^^^^^^^^^^^
lib/generated/spacex_api/device/wifi.pb.dart:9917:32: Error: 'FloatValue' isn't a type.
  set repeaterRxRateMbpsMin($4.FloatValue value) => $_setField(419, value);
                               ^^^^^^^^^^
lib/generated/spacex_api/device/wifi.pb.dart:9917:53: Error: The method '$_setField' isn't defined for the type 'starlink_routers_hourly_metrics_v2'.
 - 'starlink_routers_hourly_metrics_v2' is from 'package:starlink_isp_app/generated/spacex_api/device/wifi.pb.dart' ('lib/generated/spacex_api/device/wifi.pb.dart').
Try correcting the name to the name of an existing method, or defining a method named '$_setField'.
  set repeaterRxRateMbpsMin($4.FloatValue value) => $_setField(419, value);
                                                    ^^^^^^^^^^
lib/generated/spacex_api/device/wifi.pb.dart:9921:40: Error: The method '$_clearField' isn't defined for the type 'starlink_routers_hourly_metrics_v2'.
 - 'starlink_routers_hourly_metrics_v2' is from 'package:starlink_isp_app/generated/spacex_api/device/wifi.pb.dart' ('lib/generated/spacex_api/device/wifi.pb.dart').
Try correcting the name to the name of an existing method, or defining a method named '$_clearField'.
  void clearRepeaterRxRateMbpsMin() => $_clearField(419);
                                       ^^^^^^^^^^^^
lib/generated/spacex_api/device/wifi.pb.dart:9928:32: Error: 'FloatValue' isn't a type.
  set repeaterTxRateMbpsAvg($4.FloatValue value) => $_setField(420, value);
                               ^^^^^^^^^^
lib/generated/spacex_api/device/wifi.pb.dart:9928:53: Error: The method '$_setField' isn't defined for the type 'starlink_routers_hourly_metrics_v2'.
 - 'starlink_routers_hourly_metrics_v2' is from 'package:starlink_isp_app/generated/spacex_api/device/wifi.pb.dart' ('lib/generated/spacex_api/device/wifi.pb.dart').
Try correcting the name to the name of an existing method, or defining a method named '$_setField'.
  set repeaterTxRateMbpsAvg($4.FloatValue value) => $_setField(420, value);
                                                    ^^^^^^^^^^
lib/generated/spacex_api/device/wifi.pb.dart:9932:40: Error: The method '$_clearField' isn't defined for the type 'starlink_routers_hourly_metrics_v2'.
 - 'starlink_routers_hourly_metrics_v2' is from 'package:starlink_isp_app/generated/spacex_api/device/wifi.pb.dart' ('lib/generated/spacex_api/device/wifi.pb.dart').
Try correcting the name to the name of an existing method, or defining a method named '$_clearField'.
  void clearRepeaterTxRateMbpsAvg() => $_clearField(420);
                                       ^^^^^^^^^^^^
lib/generated/spacex_api/device/wifi.pb.dart:9939:32: Error: 'FloatValue' isn't a type.
  set repeaterRxRateMbpsAvg($4.FloatValue value) => $_setField(421, value);
                               ^^^^^^^^^^
lib/generated/spacex_api/device/wifi.pb.dart:9939:53: Error: The method '$_setField' isn't defined for the type 'starlink_routers_hourly_metrics_v2'.
 - 'starlink_routers_hourly_metrics_v2' is from 'package:starlink_isp_app/generated/spacex_api/device/wifi.pb.dart' ('lib/generated/spacex_api/device/wifi.pb.dart').
Try correcting the name to the name of an existing method, or defining a method named '$_setField'.
  set repeaterRxRateMbpsAvg($4.FloatValue value) => $_setField(421, value);
                                                    ^^^^^^^^^^
lib/generated/spacex_api/device/wifi.pb.dart:9943:40: Error: The method '$_clearField' isn't defined for the type 'starlink_routers_hourly_metrics_v2'.
 - 'starlink_routers_hourly_metrics_v2' is from 'package:starlink_isp_app/generated/spacex_api/device/wifi.pb.dart' ('lib/generated/spacex_api/device/wifi.pb.dart').
Try correcting the name to the name of an existing method, or defining a method named '$_clearField'.
  void clearRepeaterRxRateMbpsAvg() => $_clearField(421);
                                       ^^^^^^^^^^^^
lib/generated/spacex_api/device/wifi.pb.dart:9950:42: Error: 'FloatValue' isn't a type.
  set repeaterSecondsSince2sOutageMin($4.FloatValue value) =>
                                         ^^^^^^^^^^
lib/generated/spacex_api/device/wifi.pb.dart:9951:7: Error: The method '$_setField' isn't defined for the type 'starlink_routers_hourly_metrics_v2'.
 - 'starlink_routers_hourly_metrics_v2' is from 'package:starlink_isp_app/generated/spacex_api/device/wifi.pb.dart' ('lib/generated/spacex_api/device/wifi.pb.dart').
Try correcting the name to the name of an existing method, or defining a method named '$_setField'.
      $_setField(422, value);
      ^^^^^^^^^^
lib/generated/spacex_api/device/wifi.pb.dart:9955:50: Error: The method '$_clearField' isn't defined for the type 'starlink_routers_hourly_metrics_v2'.
 - 'starlink_routers_hourly_metrics_v2' is from 'package:starlink_isp_app/generated/spacex_api/device/wifi.pb.dart' ('lib/generated/spacex_api/device/wifi.pb.dart').
Try correcting the name to the name of an existing method, or defining a method named '$_clearField'.
  void clearRepeaterSecondsSince2sOutageMin() => $_clearField(422);
                                                 ^^^^^^^^^^^^
lib/generated/spacex_api/device/wifi.pb.dart:9962:42: Error: 'FloatValue' isn't a type.
  set repeaterSecondsSince2sOutageAvg($4.FloatValue value) =>
                                         ^^^^^^^^^^
lib/generated/spacex_api/device/wifi.pb.dart:9963:7: Error: The method '$_setField' isn't defined for the type 'starlink_routers_hourly_metrics_v2'.
 - 'starlink_routers_hourly_metrics_v2' is from 'package:starlink_isp_app/generated/spacex_api/device/wifi.pb.dart' ('lib/generated/spacex_api/device/wifi.pb.dart').
Try correcting the name to the name of an existing method, or defining a method named '$_setField'.
      $_setField(423, value);
      ^^^^^^^^^^
lib/generated/spacex_api/device/wifi.pb.dart:9967:50: Error: The method '$_clearField' isn't defined for the type 'starlink_routers_hourly_metrics_v2'.
 - 'starlink_routers_hourly_metrics_v2' is from 'package:starlink_isp_app/generated/spacex_api/device/wifi.pb.dart' ('lib/generated/spacex_api/device/wifi.pb.dart').
Try correcting the name to the name of an existing method, or defining a method named '$_clearField'.
  void clearRepeaterSecondsSince2sOutageAvg() => $_clearField(423);
                                                 ^^^^^^^^^^^^
lib/generated/spacex_api/device/wifi.pb.dart:9974:42: Error: 'FloatValue' isn't a type.
  set repeaterSecondsSince5sOutageMin($4.FloatValue value) =>
                                         ^^^^^^^^^^
lib/generated/spacex_api/device/wifi.pb.dart:9975:7: Error: The method '$_setField' isn't defined for the type 'starlink_routers_hourly_metrics_v2'.
 - 'starlink_routers_hourly_metrics_v2' is from 'package:starlink_isp_app/generated/spacex_api/device/wifi.pb.dart' ('lib/generated/spacex_api/device/wifi.pb.dart').
Try correcting the name to the name of an existing method, or defining a method named '$_setField'.
      $_setField(424, value);
      ^^^^^^^^^^
lib/generated/spacex_api/device/wifi.pb.dart:9979:50: Error: The method '$_clearField' isn't defined for the type 'starlink_routers_hourly_metrics_v2'.
 - 'starlink_routers_hourly_metrics_v2' is from 'package:starlink_isp_app/generated/spacex_api/device/wifi.pb.dart' ('lib/generated/spacex_api/device/wifi.pb.dart').
Try correcting the name to the name of an existing method, or defining a method named '$_clearField'.
  void clearRepeaterSecondsSince5sOutageMin() => $_clearField(424);
                                                 ^^^^^^^^^^^^
lib/generated/spacex_api/device/wifi.pb.dart:9986:42: Error: 'FloatValue' isn't a type.
  set repeaterSecondsSince5sOutageAvg($4.FloatValue value) =>
                                         ^^^^^^^^^^
lib/generated/spacex_api/device/wifi.pb.dart:9987:7: Error: The method '$_setField' isn't defined for the type 'starlink_routers_hourly_metrics_v2'.
 - 'starlink_routers_hourly_metrics_v2' is from 'package:starlink_isp_app/generated/spacex_api/device/wifi.pb.dart' ('lib/generated/spacex_api/device/wifi.pb.dart').
Try correcting the name to the name of an existing method, or defining a method named '$_setField'.
      $_setField(425, value);
      ^^^^^^^^^^
lib/generated/spacex_api/device/wifi.pb.dart:9991:50: Error: The method '$_clearField' isn't defined for the type 'starlink_routers_hourly_metrics_v2'.
 - 'starlink_routers_hourly_metrics_v2' is from 'package:starlink_isp_app/generated/spacex_api/device/wifi.pb.dart' ('lib/generated/spacex_api/device/wifi.pb.dart').
Try correcting the name to the name of an existing method, or defining a method named '$_clearField'.
  void clearRepeaterSecondsSince5sOutageAvg() => $_clearField(425);
                                                 ^^^^^^^^^^^^
lib/generated/spacex_api/device/wifi.pb.dart:9998:33: Error: 'FloatValue' isn't a type.
  set repeaterLatencyMs1hMax($4.FloatValue value) => $_setField(426, value);
                                ^^^^^^^^^^
lib/generated/spacex_api/device/wifi.pb.dart:9998:54: Error: The method '$_setField' isn't defined for the type 'starlink_routers_hourly_metrics_v2'.
 - 'starlink_routers_hourly_metrics_v2' is from 'package:starlink_isp_app/generated/spacex_api/device/wifi.pb.dart' ('lib/generated/spacex_api/device/wifi.pb.dart').
Try correcting the name to the name of an existing method, or defining a method named '$_setField'.
  set repeaterLatencyMs1hMax($4.FloatValue value) => $_setField(426, value);
                                                     ^^^^^^^^^^
lib/generated/spacex_api/device/wifi.pb.dart:10002:41: Error: The method '$_clearField' isn't defined for the type 'starlink_routers_hourly_metrics_v2'.
 - 'starlink_routers_hourly_metrics_v2' is from 'package:starlink_isp_app/generated/spacex_api/device/wifi.pb.dart' ('lib/generated/spacex_api/device/wifi.pb.dart').
Try correcting the name to the name of an existing method, or defining a method named '$_clearField'.
  void clearRepeaterLatencyMs1hMax() => $_clearField(426);
                                        ^^^^^^^^^^^^
lib/generated/spacex_api/device/wifi.pb.dart:10009:33: Error: 'FloatValue' isn't a type.
  set repeaterLatencyMs1hAvg($4.FloatValue value) => $_setField(427, value);
                                ^^^^^^^^^^
lib/generated/spacex_api/device/wifi.pb.dart:10009:54: Error: The method '$_setField' isn't defined for the type 'starlink_routers_hourly_metrics_v2'.
 - 'starlink_routers_hourly_metrics_v2' is from 'package:starlink_isp_app/generated/spacex_api/device/wifi.pb.dart' ('lib/generated/spacex_api/device/wifi.pb.dart').
Try correcting the name to the name of an existing method, or defining a method named '$_setField'.
  set repeaterLatencyMs1hAvg($4.FloatValue value) => $_setField(427, value);
                                                     ^^^^^^^^^^
lib/generated/spacex_api/device/wifi.pb.dart:10013:41: Error: The method '$_clearField' isn't defined for the type 'starlink_routers_hourly_metrics_v2'.
 - 'starlink_routers_hourly_metrics_v2' is from 'package:starlink_isp_app/generated/spacex_api/device/wifi.pb.dart' ('lib/generated/spacex_api/device/wifi.pb.dart').
Try correcting the name to the name of an existing method, or defining a method named '$_clearField'.
  void clearRepeaterLatencyMs1hAvg() => $_clearField(427);
                                        ^^^^^^^^^^^^
lib/generated/spacex_api/device/wifi.pb.dart:10020:36: Error: 'UInt32Value' isn't a type.
  set meshTopologyChangeCount1d($4.UInt32Value value) => $_setField(428, value);
                                   ^^^^^^^^^^^
lib/generated/spacex_api/device/wifi.pb.dart:10020:58: Error: The method '$_setField' isn't defined for the type 'starlink_routers_hourly_metrics_v2'.
 - 'starlink_routers_hourly_metrics_v2' is from 'package:starlink_isp_app/generated/spacex_api/device/wifi.pb.dart' ('lib/generated/spacex_api/device/wifi.pb.dart').
Try correcting the name to the name of an existing method, or defining a method named '$_setField'.
  set meshTopologyChangeCount1d($4.UInt32Value value) => $_setField(428, value);
                                                         ^^^^^^^^^^
lib/generated/spacex_api/device/wifi.pb.dart:10024:44: Error: The method '$_clearField' isn't defined for the type 'starlink_routers_hourly_metrics_v2'.
 - 'starlink_routers_hourly_metrics_v2' is from 'package:starlink_isp_app/generated/spacex_api/device/wifi.pb.dart' ('lib/generated/spacex_api/device/wifi.pb.dart').
Try correcting the name to the name of an existing method, or defining a method named '$_clearField'.
  void clearMeshTopologyChangeCount1d() => $_clearField(428);
                                           ^^^^^^^^^^^^
lib/generated/spacex_api/device/wifi.pb.dart:10031:38: Error: 'UInt32Value' isn't a type.
  set clients5ghzRxBandwidth20mhz($4.UInt32Value value) =>
                                     ^^^^^^^^^^^
lib/generated/spacex_api/device/wifi.pb.dart:10032:7: Error: The method '$_setField' isn't defined for the type 'starlink_routers_hourly_metrics_v2'.
 - 'starlink_routers_hourly_metrics_v2' is from 'package:starlink_isp_app/generated/spacex_api/device/wifi.pb.dart' ('lib/generated/spacex_api/device/wifi.pb.dart').
Try correcting the name to the name of an existing method, or defining a method named '$_setField'.
      $_setField(429, value);
      ^^^^^^^^^^
lib/generated/spacex_api/device/wifi.pb.dart:10036:46: Error: The method '$_clearField' isn't defined for the type 'starlink_routers_hourly_metrics_v2'.
 - 'starlink_routers_hourly_metrics_v2' is from 'package:starlink_isp_app/generated/spacex_api/device/wifi.pb.dart' ('lib/generated/spacex_api/device/wifi.pb.dart').
Try correcting the name to the name of an existing method, or defining a method named '$_clearField'.
  void clearClients5ghzRxBandwidth20mhz() => $_clearField(429);
                                             ^^^^^^^^^^^^
lib/generated/spacex_api/device/wifi.pb.dart:10043:38: Error: 'UInt32Value' isn't a type.
  set clients5ghzRxBandwidth40mhz($4.UInt32Value value) =>
                                     ^^^^^^^^^^^
lib/generated/spacex_api/device/wifi.pb.dart:10044:7: Error: The method '$_setField' isn't defined for the type 'starlink_routers_hourly_metrics_v2'.
 - 'starlink_routers_hourly_metrics_v2' is from 'package:starlink_isp_app/generated/spacex_api/device/wifi.pb.dart' ('lib/generated/spacex_api/device/wifi.pb.dart').
Try correcting the name to the name of an existing method, or defining a method named '$_setField'.
      $_setField(430, value);
      ^^^^^^^^^^
lib/generated/spacex_api/device/wifi.pb.dart:10048:46: Error: The method '$_clearField' isn't defined for the type 'starlink_routers_hourly_metrics_v2'.
 - 'starlink_routers_hourly_metrics_v2' is from 'package:starlink_isp_app/generated/spacex_api/device/wifi.pb.dart' ('lib/generated/spacex_api/device/wifi.pb.dart').
Try correcting the name to the name of an existing method, or defining a method named '$_clearField'.
  void clearClients5ghzRxBandwidth40mhz() => $_clearField(430);
                                             ^^^^^^^^^^^^
lib/generated/spacex_api/device/wifi.pb.dart:10055:38: Error: 'UInt32Value' isn't a type.
  set clients5ghzRxBandwidth80mhz($4.UInt32Value value) =>
                                     ^^^^^^^^^^^
lib/generated/spacex_api/device/wifi.pb.dart:10056:7: Error: The method '$_setField' isn't defined for the type 'starlink_routers_hourly_metrics_v2'.
 - 'starlink_routers_hourly_metrics_v2' is from 'package:starlink_isp_app/generated/spacex_api/device/wifi.pb.dart' ('lib/generated/spacex_api/device/wifi.pb.dart').
Try correcting the name to the name of an existing method, or defining a method named '$_setField'.
      $_setField(431, value);
      ^^^^^^^^^^
lib/generated/spacex_api/device/wifi.pb.dart:10060:46: Error: The method '$_clearField' isn't defined for the type 'starlink_routers_hourly_metrics_v2'.
 - 'starlink_routers_hourly_metrics_v2' is from 'package:starlink_isp_app/generated/spacex_api/device/wifi.pb.dart' ('lib/generated/spacex_api/device/wifi.pb.dart').
Try correcting the name to the name of an existing method, or defining a method named '$_clearField'.
  void clearClients5ghzRxBandwidth80mhz() => $_clearField(431);
                                             ^^^^^^^^^^^^
lib/generated/spacex_api/device/wifi.pb.dart:10067:31: Error: 'UInt32Value' isn't a type.
  set macExportsSuccessful($4.UInt32Value value) => $_setField(432, value);
                              ^^^^^^^^^^^
lib/generated/spacex_api/device/wifi.pb.dart:10067:53: Error: The method '$_setField' isn't defined for the type 'starlink_routers_hourly_metrics_v2'.
 - 'starlink_routers_hourly_metrics_v2' is from 'package:starlink_isp_app/generated/spacex_api/device/wifi.pb.dart' ('lib/generated/spacex_api/device/wifi.pb.dart').
Try correcting the name to the name of an existing method, or defining a method named '$_setField'.
  set macExportsSuccessful($4.UInt32Value value) => $_setField(432, value);
                                                    ^^^^^^^^^^
lib/generated/spacex_api/device/wifi.pb.dart:10071:39: Error: The method '$_clearField' isn't defined for the type 'starlink_routers_hourly_metrics_v2'.
 - 'starlink_routers_hourly_metrics_v2' is from 'package:starlink_isp_app/generated/spacex_api/device/wifi.pb.dart' ('lib/generated/spacex_api/device/wifi.pb.dart').
Try correcting the name to the name of an existing method, or defining a method named '$_clearField'.
  void clearMacExportsSuccessful() => $_clearField(432);
                                      ^^^^^^^^^^^^
lib/generated/spacex_api/device/wifi.pb.dart:10078:40: Error: 'UInt32Value' isn't a type.
  set macExportsServerConnectErrors($4.UInt32Value value) =>
                                       ^^^^^^^^^^^
lib/generated/spacex_api/device/wifi.pb.dart:10079:7: Error: The method '$_setField' isn't defined for the type 'starlink_routers_hourly_metrics_v2'.
 - 'starlink_routers_hourly_metrics_v2' is from 'package:starlink_isp_app/generated/spacex_api/device/wifi.pb.dart' ('lib/generated/spacex_api/device/wifi.pb.dart').
Try correcting the name to the name of an existing method, or defining a method named '$_setField'.
      $_setField(433, value);
      ^^^^^^^^^^
lib/generated/spacex_api/device/wifi.pb.dart:10083:48: Error: The method '$_clearField' isn't defined for the type 'starlink_routers_hourly_metrics_v2'.
 - 'starlink_routers_hourly_metrics_v2' is from 'package:starlink_isp_app/generated/spacex_api/device/wifi.pb.dart' ('lib/generated/spacex_api/device/wifi.pb.dart').
Try correcting the name to the name of an existing method, or defining a method named '$_clearField'.
  void clearMacExportsServerConnectErrors() => $_clearField(433);
                                               ^^^^^^^^^^^^
lib/generated/spacex_api/device/wifi.pb.dart:10090:37: Error: 'UInt32Value' isn't a type.
  set macExportsServerSendErrors($4.UInt32Value value) =>
                                    ^^^^^^^^^^^
lib/generated/spacex_api/device/wifi.pb.dart:10091:7: Error: The method '$_setField' isn't defined for the type 'starlink_routers_hourly_metrics_v2'.
 - 'starlink_routers_hourly_metrics_v2' is from 'package:starlink_isp_app/generated/spacex_api/device/wifi.pb.dart' ('lib/generated/spacex_api/device/wifi.pb.dart').
Try correcting the name to the name of an existing method, or defining a method named '$_setField'.
      $_setField(434, value);
      ^^^^^^^^^^
lib/generated/spacex_api/device/wifi.pb.dart:10095:45: Error: The method '$_clearField' isn't defined for the type 'starlink_routers_hourly_metrics_v2'.
 - 'starlink_routers_hourly_metrics_v2' is from 'package:starlink_isp_app/generated/spacex_api/device/wifi.pb.dart' ('lib/generated/spacex_api/device/wifi.pb.dart').
Try correcting the name to the name of an existing method, or defining a method named '$_clearField'.
  void clearMacExportsServerSendErrors() => $_clearField(434);
                                            ^^^^^^^^^^^^
lib/generated/spacex_api/device/wifi.pb.dart:10102:39: Error: 'FloatValue' isn't a type.
  set pingSecondsSinceLast1sOutage($4.FloatValue value) =>
                                      ^^^^^^^^^^
lib/generated/spacex_api/device/wifi.pb.dart:10103:7: Error: The method '$_setField' isn't defined for the type 'starlink_routers_hourly_metrics_v2'.
 - 'starlink_routers_hourly_metrics_v2' is from 'package:starlink_isp_app/generated/spacex_api/device/wifi.pb.dart' ('lib/generated/spacex_api/device/wifi.pb.dart').
Try correcting the name to the name of an existing method, or defining a method named '$_setField'.
      $_setField(600, value);
      ^^^^^^^^^^
lib/generated/spacex_api/device/wifi.pb.dart:10107:47: Error: The method '$_clearField' isn't defined for the type 'starlink_routers_hourly_metrics_v2'.
 - 'starlink_routers_hourly_metrics_v2' is from 'package:starlink_isp_app/generated/spacex_api/device/wifi.pb.dart' ('lib/generated/spacex_api/device/wifi.pb.dart').
Try correcting the name to the name of an existing method, or defining a method named '$_clearField'.
  void clearPingSecondsSinceLast1sOutage() => $_clearField(600);
                                              ^^^^^^^^^^^^
lib/generated/spacex_api/device/wifi.pb.dart:10114:39: Error: 'FloatValue' isn't a type.
  set pingSecondsSinceLast2sOutage($4.FloatValue value) =>
                                      ^^^^^^^^^^
lib/generated/spacex_api/device/wifi.pb.dart:10115:7: Error: The method '$_setField' isn't defined for the type 'starlink_routers_hourly_metrics_v2'.
 - 'starlink_routers_hourly_metrics_v2' is from 'package:starlink_isp_app/generated/spacex_api/device/wifi.pb.dart' ('lib/generated/spacex_api/device/wifi.pb.dart').
Try correcting the name to the name of an existing method, or defining a method named '$_setField'.
      $_setField(601, value);
      ^^^^^^^^^^
lib/generated/spacex_api/device/wifi.pb.dart:10119:47: Error: The method '$_clearField' isn't defined for the type 'starlink_routers_hourly_metrics_v2'.
 - 'starlink_routers_hourly_metrics_v2' is from 'package:starlink_isp_app/generated/spacex_api/device/wifi.pb.dart' ('lib/generated/spacex_api/device/wifi.pb.dart').
Try correcting the name to the name of an existing method, or defining a method named '$_clearField'.
  void clearPingSecondsSinceLast2sOutage() => $_clearField(601);
                                              ^^^^^^^^^^^^
lib/generated/spacex_api/device/wifi.pb.dart:10126:39: Error: 'FloatValue' isn't a type.
  set pingSecondsSinceLast5sOutage($4.FloatValue value) =>
                                      ^^^^^^^^^^
lib/generated/spacex_api/device/wifi.pb.dart:10127:7: Error: The method '$_setField' isn't defined for the type 'starlink_routers_hourly_metrics_v2'.
 - 'starlink_routers_hourly_metrics_v2' is from 'package:starlink_isp_app/generated/spacex_api/device/wifi.pb.dart' ('lib/generated/spacex_api/device/wifi.pb.dart').
Try correcting the name to the name of an existing method, or defining a method named '$_setField'.
      $_setField(602, value);
      ^^^^^^^^^^
lib/generated/spacex_api/device/wifi.pb.dart:10131:47: Error: The method '$_clearField' isn't defined for the type 'starlink_routers_hourly_metrics_v2'.
 - 'starlink_routers_hourly_metrics_v2' is from 'package:starlink_isp_app/generated/spacex_api/device/wifi.pb.dart' ('lib/generated/spacex_api/device/wifi.pb.dart').
Try correcting the name to the name of an existing method, or defining a method named '$_clearField'.
  void clearPingSecondsSinceLast5sOutage() => $_clearField(602);
                                              ^^^^^^^^^^^^
lib/generated/spacex_api/device/wifi.pb.dart:10138:40: Error: 'FloatValue' isn't a type.
  set pingSecondsSinceLast60sOutage($4.FloatValue value) =>
                                       ^^^^^^^^^^
lib/generated/spacex_api/device/wifi.pb.dart:10139:7: Error: The method '$_setField' isn't defined for the type 'starlink_routers_hourly_metrics_v2'.
 - 'starlink_routers_hourly_metrics_v2' is from 'package:starlink_isp_app/generated/spacex_api/device/wifi.pb.dart' ('lib/generated/spacex_api/device/wifi.pb.dart').
Try correcting the name to the name of an existing method, or defining a method named '$_setField'.
      $_setField(603, value);
      ^^^^^^^^^^
lib/generated/spacex_api/device/wifi.pb.dart:10143:48: Error: The method '$_clearField' isn't defined for the type 'starlink_routers_hourly_metrics_v2'.
 - 'starlink_routers_hourly_metrics_v2' is from 'package:starlink_isp_app/generated/spacex_api/device/wifi.pb.dart' ('lib/generated/spacex_api/device/wifi.pb.dart').
Try correcting the name to the name of an existing method, or defining a method named '$_clearField'.
  void clearPingSecondsSinceLast60sOutage() => $_clearField(603);
                                               ^^^^^^^^^^^^
lib/generated/spacex_api/device/wifi.pb.dart:10150:41: Error: 'FloatValue' isn't a type.
  set pingSecondsSinceLast300sOutage($4.FloatValue value) =>
                                        ^^^^^^^^^^
lib/generated/spacex_api/device/wifi.pb.dart:10151:7: Error: The method '$_setField' isn't defined for the type 'starlink_routers_hourly_metrics_v2'.
 - 'starlink_routers_hourly_metrics_v2' is from 'package:starlink_isp_app/generated/spacex_api/device/wifi.pb.dart' ('lib/generated/spacex_api/device/wifi.pb.dart').
Try correcting the name to the name of an existing method, or defining a method named '$_setField'.
      $_setField(604, value);
      ^^^^^^^^^^
lib/generated/spacex_api/device/wifi.pb.dart:10155:49: Error: The method '$_clearField' isn't defined for the type 'starlink_routers_hourly_metrics_v2'.
 - 'starlink_routers_hourly_metrics_v2' is from 'package:starlink_isp_app/generated/spacex_api/device/wifi.pb.dart' ('lib/generated/spacex_api/device/wifi.pb.dart').
Try correcting the name to the name of an existing method, or defining a method named '$_clearField'.
  void clearPingSecondsSinceLast300sOutage() => $_clearField(604);
                                                ^^^^^^^^^^^^
lib/generated/spacex_api/device/wifi.pb.dart:10162:23: Error: 'FloatValue' isn't a type.
  set pingDropRate($4.FloatValue value) => $_setField(605, value);
                      ^^^^^^^^^^
lib/generated/spacex_api/device/wifi.pb.dart:10162:44: Error: The method '$_setField' isn't defined for the type 'starlink_routers_hourly_metrics_v2'.
 - 'starlink_routers_hourly_metrics_v2' is from 'package:starlink_isp_app/generated/spacex_api/device/wifi.pb.dart' ('lib/generated/spacex_api/device/wifi.pb.dart').
Try correcting the name to the name of an existing method, or defining a method named '$_setField'.
  set pingDropRate($4.FloatValue value) => $_setField(605, value);
                                           ^^^^^^^^^^
lib/generated/spacex_api/device/wifi.pb.dart:10166:31: Error: The method '$_clearField' isn't defined for the type 'starlink_routers_hourly_metrics_v2'.
 - 'starlink_routers_hourly_metrics_v2' is from 'package:starlink_isp_app/generated/spacex_api/device/wifi.pb.dart' ('lib/generated/spacex_api/device/wifi.pb.dart').
Try correcting the name to the name of an existing method, or defining a method named '$_clearField'.
  void clearPingDropRate() => $_clearField(605);
                              ^^^^^^^^^^^^
lib/generated/spacex_api/device/wifi.pb.dart:10173:29: Error: 'FloatValue' isn't a type.
  set pingDropRateLast1h($4.FloatValue value) => $_setField(606, value);
                            ^^^^^^^^^^
lib/generated/spacex_api/device/wifi.pb.dart:10173:50: Error: The method '$_setField' isn't defined for the type 'starlink_routers_hourly_metrics_v2'.
 - 'starlink_routers_hourly_metrics_v2' is from 'package:starlink_isp_app/generated/spacex_api/device/wifi.pb.dart' ('lib/generated/spacex_api/device/wifi.pb.dart').
Try correcting the name to the name of an existing method, or defining a method named '$_setField'.
  set pingDropRateLast1h($4.FloatValue value) => $_setField(606, value);
                                                 ^^^^^^^^^^
lib/generated/spacex_api/device/wifi.pb.dart:10177:37: Error: The method '$_clearField' isn't defined for the type 'starlink_routers_hourly_metrics_v2'.
 - 'starlink_routers_hourly_metrics_v2' is from 'package:starlink_isp_app/generated/spacex_api/device/wifi.pb.dart' ('lib/generated/spacex_api/device/wifi.pb.dart').
Try correcting the name to the name of an existing method, or defining a method named '$_clearField'.
  void clearPingDropRateLast1h() => $_clearField(606);
                                    ^^^^^^^^^^^^
lib/generated/spacex_api/device/wifi.pb.dart:10184:22: Error: 'FloatValue' isn't a type.
  set pingLatency($4.FloatValue value) => $_setField(607, value);
                     ^^^^^^^^^^
lib/generated/spacex_api/device/wifi.pb.dart:10184:43: Error: The method '$_setField' isn't defined for the type 'starlink_routers_hourly_metrics_v2'.
 - 'starlink_routers_hourly_metrics_v2' is from 'package:starlink_isp_app/generated/spacex_api/device/wifi.pb.dart' ('lib/generated/spacex_api/device/wifi.pb.dart').
Try correcting the name to the name of an existing method, or defining a method named '$_setField'.
  set pingLatency($4.FloatValue value) => $_setField(607, value);
                                          ^^^^^^^^^^
lib/generated/spacex_api/device/wifi.pb.dart:10188:30: Error: The method '$_clearField' isn't defined for the type 'starlink_routers_hourly_metrics_v2'.
 - 'starlink_routers_hourly_metrics_v2' is from 'package:starlink_isp_app/generated/spacex_api/device/wifi.pb.dart' ('lib/generated/spacex_api/device/wifi.pb.dart').
Try correcting the name to the name of an existing method, or defining a method named '$_clearField'.
  void clearPingLatency() => $_clearField(607);
                             ^^^^^^^^^^^^
lib/generated/spacex_api/device/wifi.pb.dart:10195:43: Error: 'FloatValue' isn't a type.
  set pingDishSecondsSinceLast1sOutage($4.FloatValue value) =>
                                          ^^^^^^^^^^
lib/generated/spacex_api/device/wifi.pb.dart:10196:7: Error: The method '$_setField' isn't defined for the type 'starlink_routers_hourly_metrics_v2'.
 - 'starlink_routers_hourly_metrics_v2' is from 'package:starlink_isp_app/generated/spacex_api/device/wifi.pb.dart' ('lib/generated/spacex_api/device/wifi.pb.dart').
Try correcting the name to the name of an existing method, or defining a method named '$_setField'.
      $_setField(610, value);
      ^^^^^^^^^^
lib/generated/spacex_api/device/wifi.pb.dart:10200:51: Error: The method '$_clearField' isn't defined for the type 'starlink_routers_hourly_metrics_v2'.
 - 'starlink_routers_hourly_metrics_v2' is from 'package:starlink_isp_app/generated/spacex_api/device/wifi.pb.dart' ('lib/generated/spacex_api/device/wifi.pb.dart').
Try correcting the name to the name of an existing method, or defining a method named '$_clearField'.
  void clearPingDishSecondsSinceLast1sOutage() => $_clearField(610);
                                                  ^^^^^^^^^^^^
lib/generated/spacex_api/device/wifi.pb.dart:10207:43: Error: 'FloatValue' isn't a type.
  set pingDishSecondsSinceLast2sOutage($4.FloatValue value) =>
                                          ^^^^^^^^^^
lib/generated/spacex_api/device/wifi.pb.dart:10208:7: Error: The method '$_setField' isn't defined for the type 'starlink_routers_hourly_metrics_v2'.
 - 'starlink_routers_hourly_metrics_v2' is from 'package:starlink_isp_app/generated/spacex_api/device/wifi.pb.dart' ('lib/generated/spacex_api/device/wifi.pb.dart').
Try correcting the name to the name of an existing method, or defining a method named '$_setField'.
      $_setField(611, value);
      ^^^^^^^^^^
lib/generated/spacex_api/device/wifi.pb.dart:10212:51: Error: The method '$_clearField' isn't defined for the type 'starlink_routers_hourly_metrics_v2'.
 - 'starlink_routers_hourly_metrics_v2' is from 'package:starlink_isp_app/generated/spacex_api/device/wifi.pb.dart' ('lib/generated/spacex_api/device/wifi.pb.dart').
Try correcting the name to the name of an existing method, or defining a method named '$_clearField'.
  void clearPingDishSecondsSinceLast2sOutage() => $_clearField(611);
                                                  ^^^^^^^^^^^^
lib/generated/spacex_api/device/wifi.pb.dart:10219:43: Error: 'FloatValue' isn't a type.
  set pingDishSecondsSinceLast5sOutage($4.FloatValue value) =>
                                          ^^^^^^^^^^
lib/generated/spacex_api/device/wifi.pb.dart:10220:7: Error: The method '$_setField' isn't defined for the type 'starlink_routers_hourly_metrics_v2'.
 - 'starlink_routers_hourly_metrics_v2' is from 'package:starlink_isp_app/generated/spacex_api/device/wifi.pb.dart' ('lib/generated/spacex_api/device/wifi.pb.dart').
Try correcting the name to the name of an existing method, or defining a method named '$_setField'.
      $_setField(612, value);
      ^^^^^^^^^^
lib/generated/spacex_api/device/wifi.pb.dart:10224:51: Error: The method '$_clearField' isn't defined for the type 'starlink_routers_hourly_metrics_v2'.
 - 'starlink_routers_hourly_metrics_v2' is from 'package:starlink_isp_app/generated/spacex_api/device/wifi.pb.dart' ('lib/generated/spacex_api/device/wifi.pb.dart').
Try correcting the name to the name of an existing method, or defining a method named '$_clearField'.
  void clearPingDishSecondsSinceLast5sOutage() => $_clearField(612);
                                                  ^^^^^^^^^^^^
lib/generated/spacex_api/device/wifi.pb.dart:10231:44: Error: 'FloatValue' isn't a type.
  set pingDishSecondsSinceLast60sOutage($4.FloatValue value) =>
                                           ^^^^^^^^^^
lib/generated/spacex_api/device/wifi.pb.dart:10232:7: Error: The method '$_setField' isn't defined for the type 'starlink_routers_hourly_metrics_v2'.
 - 'starlink_routers_hourly_metrics_v2' is from 'package:starlink_isp_app/generated/spacex_api/device/wifi.pb.dart' ('lib/generated/spacex_api/device/wifi.pb.dart').
Try correcting the name to the name of an existing method, or defining a method named '$_setField'.
      $_setField(613, value);
      ^^^^^^^^^^
lib/generated/spacex_api/device/wifi.pb.dart:10236:52: Error: The method '$_clearField' isn't defined for the type 'starlink_routers_hourly_metrics_v2'.
 - 'starlink_routers_hourly_metrics_v2' is from 'package:starlink_isp_app/generated/spacex_api/device/wifi.pb.dart' ('lib/generated/spacex_api/device/wifi.pb.dart').
Try correcting the name to the name of an existing method, or defining a method named '$_clearField'.
  void clearPingDishSecondsSinceLast60sOutage() => $_clearField(613);
                                                   ^^^^^^^^^^^^
lib/generated/spacex_api/device/wifi.pb.dart:10243:45: Error: 'FloatValue' isn't a type.
  set pingDishSecondsSinceLast300sOutage($4.FloatValue value) =>
                                            ^^^^^^^^^^
lib/generated/spacex_api/device/wifi.pb.dart:10244:7: Error: The method '$_setField' isn't defined for the type 'starlink_routers_hourly_metrics_v2'.
 - 'starlink_routers_hourly_metrics_v2' is from 'package:starlink_isp_app/generated/spacex_api/device/wifi.pb.dart' ('lib/generated/spacex_api/device/wifi.pb.dart').
Try correcting the name to the name of an existing method, or defining a method named '$_setField'.
      $_setField(614, value);
      ^^^^^^^^^^
lib/generated/spacex_api/device/wifi.pb.dart:10248:53: Error: The method '$_clearField' isn't defined for the type 'starlink_routers_hourly_metrics_v2'.
 - 'starlink_routers_hourly_metrics_v2' is from 'package:starlink_isp_app/generated/spacex_api/device/wifi.pb.dart' ('lib/generated/spacex_api/device/wifi.pb.dart').
Try correcting the name to the name of an existing method, or defining a method named '$_clearField'.
  void clearPingDishSecondsSinceLast300sOutage() => $_clearField(614);
                                                    ^^^^^^^^^^^^
lib/generated/spacex_api/device/wifi.pb.dart:10255:27: Error: 'FloatValue' isn't a type.
  set pingDishDropRate($4.FloatValue value) => $_setField(615, value);
                          ^^^^^^^^^^
lib/generated/spacex_api/device/wifi.pb.dart:10255:48: Error: The method '$_setField' isn't defined for the type 'starlink_routers_hourly_metrics_v2'.
 - 'starlink_routers_hourly_metrics_v2' is from 'package:starlink_isp_app/generated/spacex_api/device/wifi.pb.dart' ('lib/generated/spacex_api/device/wifi.pb.dart').
Try correcting the name to the name of an existing method, or defining a method named '$_setField'.
  set pingDishDropRate($4.FloatValue value) => $_setField(615, value);
                                               ^^^^^^^^^^
lib/generated/spacex_api/device/wifi.pb.dart:10259:35: Error: The method '$_clearField' isn't defined for the type 'starlink_routers_hourly_metrics_v2'.
 - 'starlink_routers_hourly_metrics_v2' is from 'package:starlink_isp_app/generated/spacex_api/device/wifi.pb.dart' ('lib/generated/spacex_api/device/wifi.pb.dart').
Try correcting the name to the name of an existing method, or defining a method named '$_clearField'.
  void clearPingDishDropRate() => $_clearField(615);
                                  ^^^^^^^^^^^^
lib/generated/spacex_api/device/wifi.pb.dart:10266:33: Error: 'FloatValue' isn't a type.
  set pingDishDropRateLast1h($4.FloatValue value) => $_setField(616, value);
                                ^^^^^^^^^^
lib/generated/spacex_api/device/wifi.pb.dart:10266:54: Error: The method '$_setField' isn't defined for the type 'starlink_routers_hourly_metrics_v2'.
 - 'starlink_routers_hourly_metrics_v2' is from 'package:starlink_isp_app/generated/spacex_api/device/wifi.pb.dart' ('lib/generated/spacex_api/device/wifi.pb.dart').
Try correcting the name to the name of an existing method, or defining a method named '$_setField'.
  set pingDishDropRateLast1h($4.FloatValue value) => $_setField(616, value);
                                                     ^^^^^^^^^^
lib/generated/spacex_api/device/wifi.pb.dart:10270:41: Error: The method '$_clearField' isn't defined for the type 'starlink_routers_hourly_metrics_v2'.
 - 'starlink_routers_hourly_metrics_v2' is from 'package:starlink_isp_app/generated/spacex_api/device/wifi.pb.dart' ('lib/generated/spacex_api/device/wifi.pb.dart').
Try correcting the name to the name of an existing method, or defining a method named '$_clearField'.
  void clearPingDishDropRateLast1h() => $_clearField(616);
                                        ^^^^^^^^^^^^
lib/generated/spacex_api/device/wifi.pb.dart:10277:26: Error: 'FloatValue' isn't a type.
  set pingDishLatency($4.FloatValue value) => $_setField(617, value);
                         ^^^^^^^^^^
lib/generated/spacex_api/device/wifi.pb.dart:10277:47: Error: The method '$_setField' isn't defined for the type 'starlink_routers_hourly_metrics_v2'.
 - 'starlink_routers_hourly_metrics_v2' is from 'package:starlink_isp_app/generated/spacex_api/device/wifi.pb.dart' ('lib/generated/spacex_api/device/wifi.pb.dart').
Try correcting the name to the name of an existing method, or defining a method named '$_setField'.
  set pingDishLatency($4.FloatValue value) => $_setField(617, value);
                                              ^^^^^^^^^^
lib/generated/spacex_api/device/wifi.pb.dart:10281:34: Error: The method '$_clearField' isn't defined for the type 'starlink_routers_hourly_metrics_v2'.
 - 'starlink_routers_hourly_metrics_v2' is from 'package:starlink_isp_app/generated/spacex_api/device/wifi.pb.dart' ('lib/generated/spacex_api/device/wifi.pb.dart').
Try correcting the name to the name of an existing method, or defining a method named '$_clearField'.
  void clearPingDishLatency() => $_clearField(617);
                                 ^^^^^^^^^^^^
lib/generated/spacex_api/device/wifi.pb.dart:10288:28: Error: 'FloatValue' isn't a type.
  set pingLatencyLast1h($4.FloatValue value) => $_setField(618, value);
                           ^^^^^^^^^^
lib/generated/spacex_api/device/wifi.pb.dart:10288:49: Error: The method '$_setField' isn't defined for the type 'starlink_routers_hourly_metrics_v2'.
 - 'starlink_routers_hourly_metrics_v2' is from 'package:starlink_isp_app/generated/spacex_api/device/wifi.pb.dart' ('lib/generated/spacex_api/device/wifi.pb.dart').
Try correcting the name to the name of an existing method, or defining a method named '$_setField'.
  set pingLatencyLast1h($4.FloatValue value) => $_setField(618, value);
                                                ^^^^^^^^^^
lib/generated/spacex_api/device/wifi.pb.dart:10292:36: Error: The method '$_clearField' isn't defined for the type 'starlink_routers_hourly_metrics_v2'.
 - 'starlink_routers_hourly_metrics_v2' is from 'package:starlink_isp_app/generated/spacex_api/device/wifi.pb.dart' ('lib/generated/spacex_api/device/wifi.pb.dart').
Try correcting the name to the name of an existing method, or defining a method named '$_clearField'.
  void clearPingLatencyLast1h() => $_clearField(618);
                                   ^^^^^^^^^^^^
lib/generated/spacex_api/device/wifi.pb.dart:10299:32: Error: 'FloatValue' isn't a type.
  set pingDishLatencyLast1h($4.FloatValue value) => $_setField(619, value);
                               ^^^^^^^^^^
lib/generated/spacex_api/device/wifi.pb.dart:10299:53: Error: The method '$_setField' isn't defined for the type 'starlink_routers_hourly_metrics_v2'.
 - 'starlink_routers_hourly_metrics_v2' is from 'package:starlink_isp_app/generated/spacex_api/device/wifi.pb.dart' ('lib/generated/spacex_api/device/wifi.pb.dart').
Try correcting the name to the name of an existing method, or defining a method named '$_setField'.
  set pingDishLatencyLast1h($4.FloatValue value) => $_setField(619, value);
                                                    ^^^^^^^^^^
lib/generated/spacex_api/device/wifi.pb.dart:10303:40: Error: The method '$_clearField' isn't defined for the type 'starlink_routers_hourly_metrics_v2'.
 - 'starlink_routers_hourly_metrics_v2' is from 'package:starlink_isp_app/generated/spacex_api/device/wifi.pb.dart' ('lib/generated/spacex_api/device/wifi.pb.dart').
Try correcting the name to the name of an existing method, or defining a method named '$_clearField'.
  void clearPingDishLatencyLast1h() => $_clearField(619);
                                       ^^^^^^^^^^^^
lib/generated/spacex_api/device/wifi.pb.dart:10310:36: Error: 'FloatValue' isn't a type.
  set pingPopIpv6DropRateLast1h($4.FloatValue value) => $_setField(621, value);
                                   ^^^^^^^^^^
lib/generated/spacex_api/device/wifi.pb.dart:10310:57: Error: The method '$_setField' isn't defined for the type 'starlink_routers_hourly_metrics_v2'.
 - 'starlink_routers_hourly_metrics_v2' is from 'package:starlink_isp_app/generated/spacex_api/device/wifi.pb.dart' ('lib/generated/spacex_api/device/wifi.pb.dart').
Try correcting the name to the name of an existing method, or defining a method named '$_setField'.
  set pingPopIpv6DropRateLast1h($4.FloatValue value) => $_setField(621, value);
                                                        ^^^^^^^^^^
lib/generated/spacex_api/device/wifi.pb.dart:10314:44: Error: The method '$_clearField' isn't defined for the type 'starlink_routers_hourly_metrics_v2'.
 - 'starlink_routers_hourly_metrics_v2' is from 'package:starlink_isp_app/generated/spacex_api/device/wifi.pb.dart' ('lib/generated/spacex_api/device/wifi.pb.dart').
Try correcting the name to the name of an existing method, or defining a method named '$_clearField'.
  void clearPingPopIpv6DropRateLast1h() => $_clearField(621);
                                           ^^^^^^^^^^^^
lib/generated/spacex_api/device/wifi.pb.dart:10321:35: Error: 'FloatValue' isn't a type.
  set pingPopIpv6LatencyLast1h($4.FloatValue value) => $_setField(623, value);
                                  ^^^^^^^^^^
lib/generated/spacex_api/device/wifi.pb.dart:10321:56: Error: The method '$_setField' isn't defined for the type 'starlink_routers_hourly_metrics_v2'.
 - 'starlink_routers_hourly_metrics_v2' is from 'package:starlink_isp_app/generated/spacex_api/device/wifi.pb.dart' ('lib/generated/spacex_api/device/wifi.pb.dart').
Try correcting the name to the name of an existing method, or defining a method named '$_setField'.
  set pingPopIpv6LatencyLast1h($4.FloatValue value) => $_setField(623, value);
                                                       ^^^^^^^^^^
lib/generated/spacex_api/device/wifi.pb.dart:10325:43: Error: The method '$_clearField' isn't defined for the type 'starlink_routers_hourly_metrics_v2'.
 - 'starlink_routers_hourly_metrics_v2' is from 'package:starlink_isp_app/generated/spacex_api/device/wifi.pb.dart' ('lib/generated/spacex_api/device/wifi.pb.dart').
Try correcting the name to the name of an existing method, or defining a method named '$_clearField'.
  void clearPingPopIpv6LatencyLast1h() => $_clearField(623);
                                          ^^^^^^^^^^^^
lib/generated/spacex_api/device/wifi.pb.dart:10332:44: Error: 'FloatValue' isn't a type.
  set clientSpeedtestRouterDownloadMbps($4.FloatValue value) =>
                                           ^^^^^^^^^^
lib/generated/spacex_api/device/wifi.pb.dart:10333:7: Error: The method '$_setField' isn't defined for the type 'starlink_routers_hourly_metrics_v2'.
 - 'starlink_routers_hourly_metrics_v2' is from 'package:starlink_isp_app/generated/spacex_api/device/wifi.pb.dart' ('lib/generated/spacex_api/device/wifi.pb.dart').
Try correcting the name to the name of an existing method, or defining a method named '$_setField'.
      $_setField(700, value);
      ^^^^^^^^^^
lib/generated/spacex_api/device/wifi.pb.dart:10337:52: Error: The method '$_clearField' isn't defined for the type 'starlink_routers_hourly_metrics_v2'.
 - 'starlink_routers_hourly_metrics_v2' is from 'package:starlink_isp_app/generated/spacex_api/device/wifi.pb.dart' ('lib/generated/spacex_api/device/wifi.pb.dart').
Try correcting the name to the name of an existing method, or defining a method named '$_clearField'.
  void clearClientSpeedtestRouterDownloadMbps() => $_clearField(700);
                                                   ^^^^^^^^^^^^
lib/generated/spacex_api/device/wifi.pb.dart:10344:42: Error: 'FloatValue' isn't a type.
  set clientSpeedtestRouterUploadMbps($4.FloatValue value) =>
                                         ^^^^^^^^^^
lib/generated/spacex_api/device/wifi.pb.dart:10345:7: Error: The method '$_setField' isn't defined for the type 'starlink_routers_hourly_metrics_v2'.
 - 'starlink_routers_hourly_metrics_v2' is from 'package:starlink_isp_app/generated/spacex_api/device/wifi.pb.dart' ('lib/generated/spacex_api/device/wifi.pb.dart').
Try correcting the name to the name of an existing method, or defining a method named '$_setField'.
      $_setField(701, value);
      ^^^^^^^^^^
lib/generated/spacex_api/device/wifi.pb.dart:10349:50: Error: The method '$_clearField' isn't defined for the type 'starlink_routers_hourly_metrics_v2'.
 - 'starlink_routers_hourly_metrics_v2' is from 'package:starlink_isp_app/generated/spacex_api/device/wifi.pb.dart' ('lib/generated/spacex_api/device/wifi.pb.dart').
Try correcting the name to the name of an existing method, or defining a method named '$_clearField'.
  void clearClientSpeedtestRouterUploadMbps() => $_clearField(701);
                                                 ^^^^^^^^^^^^
lib/generated/spacex_api/device/wifi.pb.dart:10356:36: Error: 'FloatValue' isn't a type.
  set clientSpeedtestRouterRssi($4.FloatValue value) => $_setField(702, value);
                                   ^^^^^^^^^^
lib/generated/spacex_api/device/wifi.pb.dart:10356:57: Error: The method '$_setField' isn't defined for the type 'starlink_routers_hourly_metrics_v2'.
 - 'starlink_routers_hourly_metrics_v2' is from 'package:starlink_isp_app/generated/spacex_api/device/wifi.pb.dart' ('lib/generated/spacex_api/device/wifi.pb.dart').
Try correcting the name to the name of an existing method, or defining a method named '$_setField'.
  set clientSpeedtestRouterRssi($4.FloatValue value) => $_setField(702, value);
                                                        ^^^^^^^^^^
lib/generated/spacex_api/device/wifi.pb.dart:10360:44: Error: The method '$_clearField' isn't defined for the type 'starlink_routers_hourly_metrics_v2'.
 - 'starlink_routers_hourly_metrics_v2' is from 'package:starlink_isp_app/generated/spacex_api/device/wifi.pb.dart' ('lib/generated/spacex_api/device/wifi.pb.dart').
Try correcting the name to the name of an existing method, or defining a method named '$_clearField'.
  void clearClientSpeedtestRouterRssi() => $_clearField(702);
                                           ^^^^^^^^^^^^
lib/generated/spacex_api/device/wifi.pb.dart:10367:42: Error: 'FloatValue' isn't a type.
  set clientSpeedtestWifiDownloadMbps($4.FloatValue value) =>
                                         ^^^^^^^^^^
lib/generated/spacex_api/device/wifi.pb.dart:10368:7: Error: The method '$_setField' isn't defined for the type 'starlink_routers_hourly_metrics_v2'.
 - 'starlink_routers_hourly_metrics_v2' is from 'package:starlink_isp_app/generated/spacex_api/device/wifi.pb.dart' ('lib/generated/spacex_api/device/wifi.pb.dart').
Try correcting the name to the name of an existing method, or defining a method named '$_setField'.
      $_setField(703, value);
      ^^^^^^^^^^
lib/generated/spacex_api/device/wifi.pb.dart:10372:50: Error: The method '$_clearField' isn't defined for the type 'starlink_routers_hourly_metrics_v2'.
 - 'starlink_routers_hourly_metrics_v2' is from 'package:starlink_isp_app/generated/spacex_api/device/wifi.pb.dart' ('lib/generated/spacex_api/device/wifi.pb.dart').
Try correcting the name to the name of an existing method, or defining a method named '$_clearField'.
  void clearClientSpeedtestWifiDownloadMbps() => $_clearField(703);
                                                 ^^^^^^^^^^^^
lib/generated/spacex_api/device/wifi.pb.dart:10379:40: Error: 'FloatValue' isn't a type.
  set clientSpeedtestWifiUploadMbps($4.FloatValue value) =>
                                       ^^^^^^^^^^
lib/generated/spacex_api/device/wifi.pb.dart:10380:7: Error: The method '$_setField' isn't defined for the type 'starlink_routers_hourly_metrics_v2'.
 - 'starlink_routers_hourly_metrics_v2' is from 'package:starlink_isp_app/generated/spacex_api/device/wifi.pb.dart' ('lib/generated/spacex_api/device/wifi.pb.dart').
Try correcting the name to the name of an existing method, or defining a method named '$_setField'.
      $_setField(704, value);
      ^^^^^^^^^^
lib/generated/spacex_api/device/wifi.pb.dart:10384:48: Error: The method '$_clearField' isn't defined for the type 'starlink_routers_hourly_metrics_v2'.
 - 'starlink_routers_hourly_metrics_v2' is from 'package:starlink_isp_app/generated/spacex_api/device/wifi.pb.dart' ('lib/generated/spacex_api/device/wifi.pb.dart').
Try correcting the name to the name of an existing method, or defining a method named '$_clearField'.
  void clearClientSpeedtestWifiUploadMbps() => $_clearField(704);
                                               ^^^^^^^^^^^^
lib/generated/spacex_api/device/wifi.pb.dart:10391:44: Error: 'FloatValue' isn't a type.
  set clientSpeedtestClientDownloadMbps($4.FloatValue value) =>
                                           ^^^^^^^^^^
lib/generated/spacex_api/device/wifi.pb.dart:10392:7: Error: The method '$_setField' isn't defined for the type 'starlink_routers_hourly_metrics_v2'.
 - 'starlink_routers_hourly_metrics_v2' is from 'package:starlink_isp_app/generated/spacex_api/device/wifi.pb.dart' ('lib/generated/spacex_api/device/wifi.pb.dart').
Try correcting the name to the name of an existing method, or defining a method named '$_setField'.
      $_setField(705, value);
      ^^^^^^^^^^
lib/generated/spacex_api/device/wifi.pb.dart:10396:52: Error: The method '$_clearField' isn't defined for the type 'starlink_routers_hourly_metrics_v2'.
 - 'starlink_routers_hourly_metrics_v2' is from 'package:starlink_isp_app/generated/spacex_api/device/wifi.pb.dart' ('lib/generated/spacex_api/device/wifi.pb.dart').
Try correcting the name to the name of an existing method, or defining a method named '$_clearField'.
  void clearClientSpeedtestClientDownloadMbps() => $_clearField(705);
                                                   ^^^^^^^^^^^^
lib/generated/spacex_api/device/wifi.pb.dart:10403:42: Error: 'FloatValue' isn't a type.
  set clientSpeedtestClientUploadMbps($4.FloatValue value) =>
                                         ^^^^^^^^^^
lib/generated/spacex_api/device/wifi.pb.dart:10404:7: Error: The method '$_setField' isn't defined for the type 'starlink_routers_hourly_metrics_v2'.
 - 'starlink_routers_hourly_metrics_v2' is from 'package:starlink_isp_app/generated/spacex_api/device/wifi.pb.dart' ('lib/generated/spacex_api/device/wifi.pb.dart').
Try correcting the name to the name of an existing method, or defining a method named '$_setField'.
      $_setField(706, value);
      ^^^^^^^^^^
lib/generated/spacex_api/device/wifi.pb.dart:10408:50: Error: The method '$_clearField' isn't defined for the type 'starlink_routers_hourly_metrics_v2'.
 - 'starlink_routers_hourly_metrics_v2' is from 'package:starlink_isp_app/generated/spacex_api/device/wifi.pb.dart' ('lib/generated/spacex_api/device/wifi.pb.dart').
Try correcting the name to the name of an existing method, or defining a method named '$_clearField'.
  void clearClientSpeedtestClientUploadMbps() => $_clearField(706);
                                                 ^^^^^^^^^^^^
lib/generated/spacex_api/device/wifi.pb.dart:10415:36: Error: 'FloatValue' isn't a type.
  set clientSpeedtestClientRssi($4.FloatValue value) => $_setField(707, value);
                                   ^^^^^^^^^^
lib/generated/spacex_api/device/wifi.pb.dart:10415:57: Error: The method '$_setField' isn't defined for the type 'starlink_routers_hourly_metrics_v2'.
 - 'starlink_routers_hourly_metrics_v2' is from 'package:starlink_isp_app/generated/spacex_api/device/wifi.pb.dart' ('lib/generated/spacex_api/device/wifi.pb.dart').
Try correcting the name to the name of an existing method, or defining a method named '$_setField'.
  set clientSpeedtestClientRssi($4.FloatValue value) => $_setField(707, value);
                                                        ^^^^^^^^^^
lib/generated/spacex_api/device/wifi.pb.dart:10419:44: Error: The method '$_clearField' isn't defined for the type 'starlink_routers_hourly_metrics_v2'.
 - 'starlink_routers_hourly_metrics_v2' is from 'package:starlink_isp_app/generated/spacex_api/device/wifi.pb.dart' ('lib/generated/spacex_api/device/wifi.pb.dart').
Try correcting the name to the name of an existing method, or defining a method named '$_clearField'.
  void clearClientSpeedtestClientRssi() => $_clearField(707);
                                           ^^^^^^^^^^^^
lib/generated/spacex_api/device/wifi.pb.dart:10426:37: Error: 'UInt32Value' isn't a type.
  set clientSpeedtestClientIface($4.UInt32Value value) =>
                                    ^^^^^^^^^^^
lib/generated/spacex_api/device/wifi.pb.dart:10427:7: Error: The method '$_setField' isn't defined for the type 'starlink_routers_hourly_metrics_v2'.
 - 'starlink_routers_hourly_metrics_v2' is from 'package:starlink_isp_app/generated/spacex_api/device/wifi.pb.dart' ('lib/generated/spacex_api/device/wifi.pb.dart').
Try correcting the name to the name of an existing method, or defining a method named '$_setField'.
      $_setField(708, value);
      ^^^^^^^^^^
lib/generated/spacex_api/device/wifi.pb.dart:10431:45: Error: The method '$_clearField' isn't defined for the type 'starlink_routers_hourly_metrics_v2'.
 - 'starlink_routers_hourly_metrics_v2' is from 'package:starlink_isp_app/generated/spacex_api/device/wifi.pb.dart' ('lib/generated/spacex_api/device/wifi.pb.dart').
Try correcting the name to the name of an existing method, or defining a method named '$_clearField'.
  void clearClientSpeedtestClientIface() => $_clearField(708);
                                            ^^^^^^^^^^^^
lib/generated/spacex_api/device/wifi.pb.dart:10438:35: Error: 'StringValue' isn't a type.
  set clientSpeedtestClientOui($4.StringValue value) => $_setField(709, value);
                                  ^^^^^^^^^^^
lib/generated/spacex_api/device/wifi.pb.dart:10438:57: Error: The method '$_setField' isn't defined for the type 'starlink_routers_hourly_metrics_v2'.
 - 'starlink_routers_hourly_metrics_v2' is from 'package:starlink_isp_app/generated/spacex_api/device/wifi.pb.dart' ('lib/generated/spacex_api/device/wifi.pb.dart').
Try correcting the name to the name of an existing method, or defining a method named '$_setField'.
  set clientSpeedtestClientOui($4.StringValue value) => $_setField(709, value);
                                                        ^^^^^^^^^^
lib/generated/spacex_api/device/wifi.pb.dart:10442:43: Error: The method '$_clearField' isn't defined for the type 'starlink_routers_hourly_metrics_v2'.
 - 'starlink_routers_hourly_metrics_v2' is from 'package:starlink_isp_app/generated/spacex_api/device/wifi.pb.dart' ('lib/generated/spacex_api/device/wifi.pb.dart').
Try correcting the name to the name of an existing method, or defining a method named '$_clearField'.
  void clearClientSpeedtestClientOui() => $_clearField(709);
                                          ^^^^^^^^^^^^
lib/generated/spacex_api/device/wifi.pb.dart:10449:38: Error: 'UInt32Value' isn't a type.
  set clientSpeedtestClientTxRate($4.UInt32Value value) =>
                                     ^^^^^^^^^^^
lib/generated/spacex_api/device/wifi.pb.dart:10450:7: Error: The method '$_setField' isn't defined for the type 'starlink_routers_hourly_metrics_v2'.
 - 'starlink_routers_hourly_metrics_v2' is from 'package:starlink_isp_app/generated/spacex_api/device/wifi.pb.dart' ('lib/generated/spacex_api/device/wifi.pb.dart').
Try correcting the name to the name of an existing method, or defining a method named '$_setField'.
      $_setField(710, value);
      ^^^^^^^^^^
lib/generated/spacex_api/device/wifi.pb.dart:10454:46: Error: The method '$_clearField' isn't defined for the type 'starlink_routers_hourly_metrics_v2'.
 - 'starlink_routers_hourly_metrics_v2' is from 'package:starlink_isp_app/generated/spacex_api/device/wifi.pb.dart' ('lib/generated/spacex_api/device/wifi.pb.dart').
Try correcting the name to the name of an existing method, or defining a method named '$_clearField'.
  void clearClientSpeedtestClientTxRate() => $_clearField(710);
                                             ^^^^^^^^^^^^
lib/generated/spacex_api/device/wifi.pb.dart:10461:38: Error: 'UInt32Value' isn't a type.
  set clientSpeedtestClientRxRate($4.UInt32Value value) =>
                                     ^^^^^^^^^^^
lib/generated/spacex_api/device/wifi.pb.dart:10462:7: Error: The method '$_setField' isn't defined for the type 'starlink_routers_hourly_metrics_v2'.
 - 'starlink_routers_hourly_metrics_v2' is from 'package:starlink_isp_app/generated/spacex_api/device/wifi.pb.dart' ('lib/generated/spacex_api/device/wifi.pb.dart').
Try correcting the name to the name of an existing method, or defining a method named '$_setField'.
      $_setField(711, value);
      ^^^^^^^^^^
lib/generated/spacex_api/device/wifi.pb.dart:10466:46: Error: The method '$_clearField' isn't defined for the type 'starlink_routers_hourly_metrics_v2'.
 - 'starlink_routers_hourly_metrics_v2' is from 'package:starlink_isp_app/generated/spacex_api/device/wifi.pb.dart' ('lib/generated/spacex_api/device/wifi.pb.dart').
Try correcting the name to the name of an existing method, or defining a method named '$_clearField'.
  void clearClientSpeedtestClientRxRate() => $_clearField(711);
                                             ^^^^^^^^^^^^
lib/generated/spacex_api/device/wifi.pb.dart:10473:44: Error: 'UInt32Value' isn't a type.
  set clientSpeedtestClientPlatformType($4.UInt32Value value) =>
                                           ^^^^^^^^^^^
lib/generated/spacex_api/device/wifi.pb.dart:10474:7: Error: The method '$_setField' isn't defined for the type 'starlink_routers_hourly_metrics_v2'.
 - 'starlink_routers_hourly_metrics_v2' is from 'package:starlink_isp_app/generated/spacex_api/device/wifi.pb.dart' ('lib/generated/spacex_api/device/wifi.pb.dart').
Try correcting the name to the name of an existing method, or defining a method named '$_setField'.
      $_setField(712, value);
      ^^^^^^^^^^
lib/generated/spacex_api/device/wifi.pb.dart:10478:52: Error: The method '$_clearField' isn't defined for the type 'starlink_routers_hourly_metrics_v2'.
 - 'starlink_routers_hourly_metrics_v2' is from 'package:starlink_isp_app/generated/spacex_api/device/wifi.pb.dart' ('lib/generated/spacex_api/device/wifi.pb.dart').
Try correcting the name to the name of an existing method, or defining a method named '$_clearField'.
  void clearClientSpeedtestClientPlatformType() => $_clearField(712);
                                                   ^^^^^^^^^^^^
lib/generated/spacex_api/device/wifi.pb.dart:10485:39: Error: 'FloatValue' isn't a type.
  set speedtestTcp8DownloadMbpsAvg($4.FloatValue value) =>
                                      ^^^^^^^^^^
lib/generated/spacex_api/device/wifi.pb.dart:10486:7: Error: The method '$_setField' isn't defined for the type 'starlink_routers_hourly_metrics_v2'.
 - 'starlink_routers_hourly_metrics_v2' is from 'package:starlink_isp_app/generated/spacex_api/device/wifi.pb.dart' ('lib/generated/spacex_api/device/wifi.pb.dart').
Try correcting the name to the name of an existing method, or defining a method named '$_setField'.
      $_setField(800, value);
      ^^^^^^^^^^
lib/generated/spacex_api/device/wifi.pb.dart:10490:47: Error: The method '$_clearField' isn't defined for the type 'starlink_routers_hourly_metrics_v2'.
 - 'starlink_routers_hourly_metrics_v2' is from 'package:starlink_isp_app/generated/spacex_api/device/wifi.pb.dart' ('lib/generated/spacex_api/device/wifi.pb.dart').
Try correcting the name to the name of an existing method, or defining a method named '$_clearField'.
  void clearSpeedtestTcp8DownloadMbpsAvg() => $_clearField(800);
                                              ^^^^^^^^^^^^
lib/generated/spacex_api/device/wifi.pb.dart:10497:39: Error: 'FloatValue' isn't a type.
  set speedtestTcp8DownloadMbpsMax($4.FloatValue value) =>
                                      ^^^^^^^^^^
lib/generated/spacex_api/device/wifi.pb.dart:10498:7: Error: The method '$_setField' isn't defined for the type 'starlink_routers_hourly_metrics_v2'.
 - 'starlink_routers_hourly_metrics_v2' is from 'package:starlink_isp_app/generated/spacex_api/device/wifi.pb.dart' ('lib/generated/spacex_api/device/wifi.pb.dart').
Try correcting the name to the name of an existing method, or defining a method named '$_setField'.
      $_setField(801, value);
      ^^^^^^^^^^
lib/generated/spacex_api/device/wifi.pb.dart:10502:47: Error: The method '$_clearField' isn't defined for the type 'starlink_routers_hourly_metrics_v2'.
 - 'starlink_routers_hourly_metrics_v2' is from 'package:starlink_isp_app/generated/spacex_api/device/wifi.pb.dart' ('lib/generated/spacex_api/device/wifi.pb.dart').
Try correcting the name to the name of an existing method, or defining a method named '$_clearField'.
  void clearSpeedtestTcp8DownloadMbpsMax() => $_clearField(801);
                                              ^^^^^^^^^^^^
lib/generated/spacex_api/device/wifi.pb.dart:10509:37: Error: 'FloatValue' isn't a type.
  set speedtestTcp8UploadMbpsAvg($4.FloatValue value) => $_setField(802, value);
                                    ^^^^^^^^^^
lib/generated/spacex_api/device/wifi.pb.dart:10509:58: Error: The method '$_setField' isn't defined for the type 'starlink_routers_hourly_metrics_v2'.
 - 'starlink_routers_hourly_metrics_v2' is from 'package:starlink_isp_app/generated/spacex_api/device/wifi.pb.dart' ('lib/generated/spacex_api/device/wifi.pb.dart').
Try correcting the name to the name of an existing method, or defining a method named '$_setField'.
  set speedtestTcp8UploadMbpsAvg($4.FloatValue value) => $_setField(802, value);
                                                         ^^^^^^^^^^
lib/generated/spacex_api/device/wifi.pb.dart:10513:45: Error: The method '$_clearField' isn't defined for the type 'starlink_routers_hourly_metrics_v2'.
 - 'starlink_routers_hourly_metrics_v2' is from 'package:starlink_isp_app/generated/spacex_api/device/wifi.pb.dart' ('lib/generated/spacex_api/device/wifi.pb.dart').
Try correcting the name to the name of an existing method, or defining a method named '$_clearField'.
  void clearSpeedtestTcp8UploadMbpsAvg() => $_clearField(802);
                                            ^^^^^^^^^^^^
lib/generated/spacex_api/device/wifi.pb.dart:10520:37: Error: 'FloatValue' isn't a type.
  set speedtestTcp8UploadMbpsMax($4.FloatValue value) => $_setField(803, value);
                                    ^^^^^^^^^^
lib/generated/spacex_api/device/wifi.pb.dart:10520:58: Error: The method '$_setField' isn't defined for the type 'starlink_routers_hourly_metrics_v2'.
 - 'starlink_routers_hourly_metrics_v2' is from 'package:starlink_isp_app/generated/spacex_api/device/wifi.pb.dart' ('lib/generated/spacex_api/device/wifi.pb.dart').
Try correcting the name to the name of an existing method, or defining a method named '$_setField'.
  set speedtestTcp8UploadMbpsMax($4.FloatValue value) => $_setField(803, value);
                                                         ^^^^^^^^^^
lib/generated/spacex_api/device/wifi.pb.dart:10524:45: Error: The method '$_clearField' isn't defined for the type 'starlink_routers_hourly_metrics_v2'.
 - 'starlink_routers_hourly_metrics_v2' is from 'package:starlink_isp_app/generated/spacex_api/device/wifi.pb.dart' ('lib/generated/spacex_api/device/wifi.pb.dart').
Try correcting the name to the name of an existing method, or defining a method named '$_clearField'.
  void clearSpeedtestTcp8UploadMbpsMax() => $_clearField(803);
                                            ^^^^^^^^^^^^
lib/generated/spacex_api/device/wifi.pb.dart:10531:40: Error: 'FloatValue' isn't a type.
  set speedtestTcp64DownloadMbpsAvg($4.FloatValue value) =>
                                       ^^^^^^^^^^
lib/generated/spacex_api/device/wifi.pb.dart:10532:7: Error: The method '$_setField' isn't defined for the type 'starlink_routers_hourly_metrics_v2'.
 - 'starlink_routers_hourly_metrics_v2' is from 'package:starlink_isp_app/generated/spacex_api/device/wifi.pb.dart' ('lib/generated/spacex_api/device/wifi.pb.dart').
Try correcting the name to the name of an existing method, or defining a method named '$_setField'.
      $_setField(804, value);
      ^^^^^^^^^^
lib/generated/spacex_api/device/wifi.pb.dart:10536:48: Error: The method '$_clearField' isn't defined for the type 'starlink_routers_hourly_metrics_v2'.
 - 'starlink_routers_hourly_metrics_v2' is from 'package:starlink_isp_app/generated/spacex_api/device/wifi.pb.dart' ('lib/generated/spacex_api/device/wifi.pb.dart').
Try correcting the name to the name of an existing method, or defining a method named '$_clearField'.
  void clearSpeedtestTcp64DownloadMbpsAvg() => $_clearField(804);
                                               ^^^^^^^^^^^^
lib/generated/spacex_api/device/wifi.pb.dart:10543:40: Error: 'FloatValue' isn't a type.
  set speedtestTcp64DownloadMbpsMax($4.FloatValue value) =>
                                       ^^^^^^^^^^
lib/generated/spacex_api/device/wifi.pb.dart:10544:7: Error: The method '$_setField' isn't defined for the type 'starlink_routers_hourly_metrics_v2'.
 - 'starlink_routers_hourly_metrics_v2' is from 'package:starlink_isp_app/generated/spacex_api/device/wifi.pb.dart' ('lib/generated/spacex_api/device/wifi.pb.dart').
Try correcting the name to the name of an existing method, or defining a method named '$_setField'.
      $_setField(805, value);
      ^^^^^^^^^^
lib/generated/spacex_api/device/wifi.pb.dart:10548:48: Error: The method '$_clearField' isn't defined for the type 'starlink_routers_hourly_metrics_v2'.
 - 'starlink_routers_hourly_metrics_v2' is from 'package:starlink_isp_app/generated/spacex_api/device/wifi.pb.dart' ('lib/generated/spacex_api/device/wifi.pb.dart').
Try correcting the name to the name of an existing method, or defining a method named '$_clearField'.
  void clearSpeedtestTcp64DownloadMbpsMax() => $_clearField(805);
                                               ^^^^^^^^^^^^
lib/generated/spacex_api/device/wifi.pb.dart:10555:38: Error: 'FloatValue' isn't a type.
  set speedtestTcp64UploadMbpsAvg($4.FloatValue value) =>
                                     ^^^^^^^^^^
lib/generated/spacex_api/device/wifi.pb.dart:10556:7: Error: The method '$_setField' isn't defined for the type 'starlink_routers_hourly_metrics_v2'.
 - 'starlink_routers_hourly_metrics_v2' is from 'package:starlink_isp_app/generated/spacex_api/device/wifi.pb.dart' ('lib/generated/spacex_api/device/wifi.pb.dart').
Try correcting the name to the name of an existing method, or defining a method named '$_setField'.
      $_setField(806, value);
      ^^^^^^^^^^
lib/generated/spacex_api/device/wifi.pb.dart:10560:46: Error: The method '$_clearField' isn't defined for the type 'starlink_routers_hourly_metrics_v2'.
 - 'starlink_routers_hourly_metrics_v2' is from 'package:starlink_isp_app/generated/spacex_api/device/wifi.pb.dart' ('lib/generated/spacex_api/device/wifi.pb.dart').
Try correcting the name to the name of an existing method, or defining a method named '$_clearField'.
  void clearSpeedtestTcp64UploadMbpsAvg() => $_clearField(806);
                                             ^^^^^^^^^^^^
lib/generated/spacex_api/device/wifi.pb.dart:10567:38: Error: 'FloatValue' isn't a type.
  set speedtestTcp64UploadMbpsMax($4.FloatValue value) =>
                                     ^^^^^^^^^^
lib/generated/spacex_api/device/wifi.pb.dart:10568:7: Error: The method '$_setField' isn't defined for the type 'starlink_routers_hourly_metrics_v2'.
 - 'starlink_routers_hourly_metrics_v2' is from 'package:starlink_isp_app/generated/spacex_api/device/wifi.pb.dart' ('lib/generated/spacex_api/device/wifi.pb.dart').
Try correcting the name to the name of an existing method, or defining a method named '$_setField'.
      $_setField(807, value);
      ^^^^^^^^^^
lib/generated/spacex_api/device/wifi.pb.dart:10572:46: Error: The method '$_clearField' isn't defined for the type 'starlink_routers_hourly_metrics_v2'.
 - 'starlink_routers_hourly_metrics_v2' is from 'package:starlink_isp_app/generated/spacex_api/device/wifi.pb.dart' ('lib/generated/spacex_api/device/wifi.pb.dart').
Try correcting the name to the name of an existing method, or defining a method named '$_clearField'.
  void clearSpeedtestTcp64UploadMbpsMax() => $_clearField(807);
                                             ^^^^^^^^^^^^
lib/generated/spacex_api/device/wifi.pb.dart:10579:39: Error: 'FloatValue' isn't a type.
  set speedtestTcp1DownloadMbpsAvg($4.FloatValue value) =>
                                      ^^^^^^^^^^
lib/generated/spacex_api/device/wifi.pb.dart:10580:7: Error: The method '$_setField' isn't defined for the type 'starlink_routers_hourly_metrics_v2'.
 - 'starlink_routers_hourly_metrics_v2' is from 'package:starlink_isp_app/generated/spacex_api/device/wifi.pb.dart' ('lib/generated/spacex_api/device/wifi.pb.dart').
Try correcting the name to the name of an existing method, or defining a method named '$_setField'.
      $_setField(808, value);
      ^^^^^^^^^^
lib/generated/spacex_api/device/wifi.pb.dart:10584:47: Error: The method '$_clearField' isn't defined for the type 'starlink_routers_hourly_metrics_v2'.
 - 'starlink_routers_hourly_metrics_v2' is from 'package:starlink_isp_app/generated/spacex_api/device/wifi.pb.dart' ('lib/generated/spacex_api/device/wifi.pb.dart').
Try correcting the name to the name of an existing method, or defining a method named '$_clearField'.
  void clearSpeedtestTcp1DownloadMbpsAvg() => $_clearField(808);
                                              ^^^^^^^^^^^^
lib/generated/spacex_api/device/wifi.pb.dart:10591:39: Error: 'FloatValue' isn't a type.
  set speedtestTcp1DownloadMbpsMax($4.FloatValue value) =>
                                      ^^^^^^^^^^
lib/generated/spacex_api/device/wifi.pb.dart:10592:7: Error: The method '$_setField' isn't defined for the type 'starlink_routers_hourly_metrics_v2'.
 - 'starlink_routers_hourly_metrics_v2' is from 'package:starlink_isp_app/generated/spacex_api/device/wifi.pb.dart' ('lib/generated/spacex_api/device/wifi.pb.dart').
Try correcting the name to the name of an existing method, or defining a method named '$_setField'.
      $_setField(809, value);
      ^^^^^^^^^^
lib/generated/spacex_api/device/wifi.pb.dart:10596:47: Error: The method '$_clearField' isn't defined for the type 'starlink_routers_hourly_metrics_v2'.
 - 'starlink_routers_hourly_metrics_v2' is from 'package:starlink_isp_app/generated/spacex_api/device/wifi.pb.dart' ('lib/generated/spacex_api/device/wifi.pb.dart').
Try correcting the name to the name of an existing method, or defining a method named '$_clearField'.
  void clearSpeedtestTcp1DownloadMbpsMax() => $_clearField(809);
                                              ^^^^^^^^^^^^
lib/generated/spacex_api/device/wifi.pb.dart:10603:37: Error: 'FloatValue' isn't a type.
  set speedtestTcp1UploadMbpsAvg($4.FloatValue value) => $_setField(810, value);
                                    ^^^^^^^^^^
lib/generated/spacex_api/device/wifi.pb.dart:10603:58: Error: The method '$_setField' isn't defined for the type 'starlink_routers_hourly_metrics_v2'.
 - 'starlink_routers_hourly_metrics_v2' is from 'package:starlink_isp_app/generated/spacex_api/device/wifi.pb.dart' ('lib/generated/spacex_api/device/wifi.pb.dart').
Try correcting the name to the name of an existing method, or defining a method named '$_setField'.
  set speedtestTcp1UploadMbpsAvg($4.FloatValue value) => $_setField(810, value);
                                                         ^^^^^^^^^^
lib/generated/spacex_api/device/wifi.pb.dart:10607:45: Error: The method '$_clearField' isn't defined for the type 'starlink_routers_hourly_metrics_v2'.
 - 'starlink_routers_hourly_metrics_v2' is from 'package:starlink_isp_app/generated/spacex_api/device/wifi.pb.dart' ('lib/generated/spacex_api/device/wifi.pb.dart').
Try correcting the name to the name of an existing method, or defining a method named '$_clearField'.
  void clearSpeedtestTcp1UploadMbpsAvg() => $_clearField(810);
                                            ^^^^^^^^^^^^
lib/generated/spacex_api/device/wifi.pb.dart:10614:37: Error: 'FloatValue' isn't a type.
  set speedtestTcp1UploadMbpsMax($4.FloatValue value) => $_setField(811, value);
                                    ^^^^^^^^^^
lib/generated/spacex_api/device/wifi.pb.dart:10614:58: Error: The method '$_setField' isn't defined for the type 'starlink_routers_hourly_metrics_v2'.
 - 'starlink_routers_hourly_metrics_v2' is from 'package:starlink_isp_app/generated/spacex_api/device/wifi.pb.dart' ('lib/generated/spacex_api/device/wifi.pb.dart').
Try correcting the name to the name of an existing method, or defining a method named '$_setField'.
  set speedtestTcp1UploadMbpsMax($4.FloatValue value) => $_setField(811, value);
                                                         ^^^^^^^^^^
lib/generated/spacex_api/device/wifi.pb.dart:10618:45: Error: The method '$_clearField' isn't defined for the type 'starlink_routers_hourly_metrics_v2'.
 - 'starlink_routers_hourly_metrics_v2' is from 'package:starlink_isp_app/generated/spacex_api/device/wifi.pb.dart' ('lib/generated/spacex_api/device/wifi.pb.dart').
Try correcting the name to the name of an existing method, or defining a method named '$_clearField'.
  void clearSpeedtestTcp1UploadMbpsMax() => $_clearField(811);
                                            ^^^^^^^^^^^^
lib/generated/spacex_api/device/wifi.pb.dart:10625:50: Error: 'FloatValue' isn't a type.
  set speedtestTcp8DownloadMeanTcpConnectTime($4.FloatValue value) =>
                                                 ^^^^^^^^^^
lib/generated/spacex_api/device/wifi.pb.dart:10626:7: Error: The method '$_setField' isn't defined for the type 'starlink_routers_hourly_metrics_v2'.
 - 'starlink_routers_hourly_metrics_v2' is from 'package:starlink_isp_app/generated/spacex_api/device/wifi.pb.dart' ('lib/generated/spacex_api/device/wifi.pb.dart').
Try correcting the name to the name of an existing method, or defining a method named '$_setField'.
      $_setField(812, value);
      ^^^^^^^^^^
lib/generated/spacex_api/device/wifi.pb.dart:10630:58: Error: The method '$_clearField' isn't defined for the type 'starlink_routers_hourly_metrics_v2'.
 - 'starlink_routers_hourly_metrics_v2' is from 'package:starlink_isp_app/generated/spacex_api/device/wifi.pb.dart' ('lib/generated/spacex_api/device/wifi.pb.dart').
Try correcting the name to the name of an existing method, or defining a method named '$_clearField'.
  void clearSpeedtestTcp8DownloadMeanTcpConnectTime() => $_clearField(812);
                                                         ^^^^^^^^^^^^
lib/generated/spacex_api/device/wifi.pb.dart:10638:48: Error: 'FloatValue' isn't a type.
  set speedtestTcp8UploadMeanTcpConnectTime($4.FloatValue value) =>
                                               ^^^^^^^^^^
lib/generated/spacex_api/device/wifi.pb.dart:10639:7: Error: The method '$_setField' isn't defined for the type 'starlink_routers_hourly_metrics_v2'.
 - 'starlink_routers_hourly_metrics_v2' is from 'package:starlink_isp_app/generated/spacex_api/device/wifi.pb.dart' ('lib/generated/spacex_api/device/wifi.pb.dart').
Try correcting the name to the name of an existing method, or defining a method named '$_setField'.
      $_setField(813, value);
      ^^^^^^^^^^
lib/generated/spacex_api/device/wifi.pb.dart:10643:56: Error: The method '$_clearField' isn't defined for the type 'starlink_routers_hourly_metrics_v2'.
 - 'starlink_routers_hourly_metrics_v2' is from 'package:starlink_isp_app/generated/spacex_api/device/wifi.pb.dart' ('lib/generated/spacex_api/device/wifi.pb.dart').
Try correcting the name to the name of an existing method, or defining a method named '$_clearField'.
  void clearSpeedtestTcp8UploadMeanTcpConnectTime() => $_clearField(813);
                                                       ^^^^^^^^^^^^
lib/generated/spacex_api/device/wifi.pb.dart:10649:7: Error: A value of type 'List<dynamic>' can't be returned from a function with return type 'PbList<String>'.
 - 'List' is from 'dart:core'.
 - 'PbList' is from 'package:protobuf/protobuf.dart' ('../../../.pub-cache/hosted/pub.dev/protobuf-3.1.0/lib/protobuf.dart').
      $_getList(209);
      ^
lib/generated/spacex_api/device/wifi.pb.dart:10653:7: Error: A value of type 'List<dynamic>' can't be returned from a function with return type 'PbList<String>'.
 - 'List' is from 'dart:core'.
 - 'PbList' is from 'package:protobuf/protobuf.dart' ('../../../.pub-cache/hosted/pub.dev/protobuf-3.1.0/lib/protobuf.dart').
      $_getList(210);
      ^
lib/generated/spacex_api/device/wifi.pb.dart:10658:50: Error: 'FloatValue' isn't a type.
  set speedtestTcp1DownloadMeanTcpConnectTime($4.FloatValue value) =>
                                                 ^^^^^^^^^^
lib/generated/spacex_api/device/wifi.pb.dart:10659:7: Error: The method '$_setField' isn't defined for the type 'starlink_routers_hourly_metrics_v2'.
 - 'starlink_routers_hourly_metrics_v2' is from 'package:starlink_isp_app/generated/spacex_api/device/wifi.pb.dart' ('lib/generated/spacex_api/device/wifi.pb.dart').
Try correcting the name to the name of an existing method, or defining a method named '$_setField'.
      $_setField(816, value);
      ^^^^^^^^^^
lib/generated/spacex_api/device/wifi.pb.dart:10663:58: Error: The method '$_clearField' isn't defined for the type 'starlink_routers_hourly_metrics_v2'.
 - 'starlink_routers_hourly_metrics_v2' is from 'package:starlink_isp_app/generated/spacex_api/device/wifi.pb.dart' ('lib/generated/spacex_api/device/wifi.pb.dart').
Try correcting the name to the name of an existing method, or defining a method named '$_clearField'.
  void clearSpeedtestTcp1DownloadMeanTcpConnectTime() => $_clearField(816);
                                                         ^^^^^^^^^^^^
lib/generated/spacex_api/device/wifi.pb.dart:10671:48: Error: 'FloatValue' isn't a type.
  set speedtestTcp1UploadMeanTcpConnectTime($4.FloatValue value) =>
                                               ^^^^^^^^^^
lib/generated/spacex_api/device/wifi.pb.dart:10672:7: Error: The method '$_setField' isn't defined for the type 'starlink_routers_hourly_metrics_v2'.
 - 'starlink_routers_hourly_metrics_v2' is from 'package:starlink_isp_app/generated/spacex_api/device/wifi.pb.dart' ('lib/generated/spacex_api/device/wifi.pb.dart').
Try correcting the name to the name of an existing method, or defining a method named '$_setField'.
      $_setField(817, value);
      ^^^^^^^^^^
lib/generated/spacex_api/device/wifi.pb.dart:10676:56: Error: The method '$_clearField' isn't defined for the type 'starlink_routers_hourly_metrics_v2'.
 - 'starlink_routers_hourly_metrics_v2' is from 'package:starlink_isp_app/generated/spacex_api/device/wifi.pb.dart' ('lib/generated/spacex_api/device/wifi.pb.dart').
Try correcting the name to the name of an existing method, or defining a method named '$_clearField'.
  void clearSpeedtestTcp1UploadMeanTcpConnectTime() => $_clearField(817);
                                                       ^^^^^^^^^^^^
lib/generated/spacex_api/device/wifi.pb.dart:10682:7: Error: A value of type 'List<dynamic>' can't be returned from a function with return type 'PbList<String>'.
 - 'List' is from 'dart:core'.
 - 'PbList' is from 'package:protobuf/protobuf.dart' ('../../../.pub-cache/hosted/pub.dev/protobuf-3.1.0/lib/protobuf.dart').
      $_getList(213);
      ^
lib/generated/spacex_api/device/wifi.pb.dart:10686:7: Error: A value of type 'List<dynamic>' can't be returned from a function with return type 'PbList<String>'.
 - 'List' is from 'dart:core'.
 - 'PbList' is from 'package:protobuf/protobuf.dart' ('../../../.pub-cache/hosted/pub.dev/protobuf-3.1.0/lib/protobuf.dart').
      $_getList(214);
      ^
lib/generated/spacex_api/device/wifi.pb.dart:10691:21: Error: 'UInt32Value' isn't a type.
  set dishCellId($4.UInt32Value value) => $_setField(900, value);
                    ^^^^^^^^^^^
lib/generated/spacex_api/device/wifi.pb.dart:10691:43: Error: The method '$_setField' isn't defined for the type 'starlink_routers_hourly_metrics_v2'.
 - 'starlink_routers_hourly_metrics_v2' is from 'package:starlink_isp_app/generated/spacex_api/device/wifi.pb.dart' ('lib/generated/spacex_api/device/wifi.pb.dart').
Try correcting the name to the name of an existing method, or defining a method named '$_setField'.
  set dishCellId($4.UInt32Value value) => $_setField(900, value);
                                          ^^^^^^^^^^
lib/generated/spacex_api/device/wifi.pb.dart:10695:29: Error: The method '$_clearField' isn't defined for the type 'starlink_routers_hourly_metrics_v2'.
 - 'starlink_routers_hourly_metrics_v2' is from 'package:starlink_isp_app/generated/spacex_api/device/wifi.pb.dart' ('lib/generated/spacex_api/device/wifi.pb.dart').
Try correcting the name to the name of an existing method, or defining a method named '$_clearField'.
  void clearDishCellId() => $_clearField(900);
                            ^^^^^^^^^^^^
lib/generated/spacex_api/device/wifi.pb.dart:10702:30: Error: 'BoolValue' isn't a type.
  set configSetupComplete($4.BoolValue value) => $_setField(1000, value);
                             ^^^^^^^^^
lib/generated/spacex_api/device/wifi.pb.dart:10702:50: Error: The method '$_setField' isn't defined for the type 'starlink_routers_hourly_metrics_v2'.
 - 'starlink_routers_hourly_metrics_v2' is from 'package:starlink_isp_app/generated/spacex_api/device/wifi.pb.dart' ('lib/generated/spacex_api/device/wifi.pb.dart').
Try correcting the name to the name of an existing method, or defining a method named '$_setField'.
  set configSetupComplete($4.BoolValue value) => $_setField(1000, value);
                                                 ^^^^^^^^^^
lib/generated/spacex_api/device/wifi.pb.dart:10706:38: Error: The method '$_clearField' isn't defined for the type 'starlink_routers_hourly_metrics_v2'.
 - 'starlink_routers_hourly_metrics_v2' is from 'package:starlink_isp_app/generated/spacex_api/device/wifi.pb.dart' ('lib/generated/spacex_api/device/wifi.pb.dart').
Try correcting the name to the name of an existing method, or defining a method named '$_clearField'.
  void clearConfigSetupComplete() => $_clearField(1000);
                                     ^^^^^^^^^^^^
lib/generated/spacex_api/device/wifi.pb.dart:10713:27: Error: 'BoolValue' isn't a type.
  set configBandsSplit($4.BoolValue value) => $_setField(1001, value);
                          ^^^^^^^^^
lib/generated/spacex_api/device/wifi.pb.dart:10713:47: Error: The method '$_setField' isn't defined for the type 'starlink_routers_hourly_metrics_v2'.
 - 'starlink_routers_hourly_metrics_v2' is from 'package:starlink_isp_app/generated/spacex_api/device/wifi.pb.dart' ('lib/generated/spacex_api/device/wifi.pb.dart').
Try correcting the name to the name of an existing method, or defining a method named '$_setField'.
  set configBandsSplit($4.BoolValue value) => $_setField(1001, value);
                                              ^^^^^^^^^^
lib/generated/spacex_api/device/wifi.pb.dart:10717:35: Error: The method '$_clearField' isn't defined for the type 'starlink_routers_hourly_metrics_v2'.
 - 'starlink_routers_hourly_metrics_v2' is from 'package:starlink_isp_app/generated/spacex_api/device/wifi.pb.dart' ('lib/generated/spacex_api/device/wifi.pb.dart').
Try correcting the name to the name of an existing method, or defining a method named '$_clearField'.
  void clearConfigBandsSplit() => $_clearField(1001);
                                  ^^^^^^^^^^^^
lib/generated/spacex_api/device/wifi.pb.dart:10724:27: Error: 'BoolValue' isn't a type.
  set configIsRepeater($4.BoolValue value) => $_setField(1002, value);
                          ^^^^^^^^^
lib/generated/spacex_api/device/wifi.pb.dart:10724:47: Error: The method '$_setField' isn't defined for the type 'starlink_routers_hourly_metrics_v2'.
 - 'starlink_routers_hourly_metrics_v2' is from 'package:starlink_isp_app/generated/spacex_api/device/wifi.pb.dart' ('lib/generated/spacex_api/device/wifi.pb.dart').
Try correcting the name to the name of an existing method, or defining a method named '$_setField'.
  set configIsRepeater($4.BoolValue value) => $_setField(1002, value);
                                              ^^^^^^^^^^
lib/generated/spacex_api/device/wifi.pb.dart:10728:35: Error: The method '$_clearField' isn't defined for the type 'starlink_routers_hourly_metrics_v2'.
 - 'starlink_routers_hourly_metrics_v2' is from 'package:starlink_isp_app/generated/spacex_api/device/wifi.pb.dart' ('lib/generated/spacex_api/device/wifi.pb.dart').
Try correcting the name to the name of an existing method, or defining a method named '$_clearField'.
  void clearConfigIsRepeater() => $_clearField(1002);
                                  ^^^^^^^^^^^^
lib/generated/spacex_api/device/wifi.pb.dart:10735:28: Error: 'BoolValue' isn't a type.
  set configOpenNetwork($4.BoolValue value) => $_setField(1003, value);
                           ^^^^^^^^^
lib/generated/spacex_api/device/wifi.pb.dart:10735:48: Error: The method '$_setField' isn't defined for the type 'starlink_routers_hourly_metrics_v2'.
 - 'starlink_routers_hourly_metrics_v2' is from 'package:starlink_isp_app/generated/spacex_api/device/wifi.pb.dart' ('lib/generated/spacex_api/device/wifi.pb.dart').
Try correcting the name to the name of an existing method, or defining a method named '$_setField'.
  set configOpenNetwork($4.BoolValue value) => $_setField(1003, value);
                                               ^^^^^^^^^^
lib/generated/spacex_api/device/wifi.pb.dart:10739:36: Error: The method '$_clearField' isn't defined for the type 'starlink_routers_hourly_metrics_v2'.
 - 'starlink_routers_hourly_metrics_v2' is from 'package:starlink_isp_app/generated/spacex_api/device/wifi.pb.dart' ('lib/generated/spacex_api/device/wifi.pb.dart').
Try correcting the name to the name of an existing method, or defining a method named '$_clearField'.
  void clearConfigOpenNetwork() => $_clearField(1003);
                                   ^^^^^^^^^^^^
lib/generated/spacex_api/device/wifi.pb.dart:10746:27: Error: 'BoolValue' isn't a type.
  set configIsAviation($4.BoolValue value) => $_setField(1004, value);
                          ^^^^^^^^^
lib/generated/spacex_api/device/wifi.pb.dart:10746:47: Error: The method '$_setField' isn't defined for the type 'starlink_routers_hourly_metrics_v2'.
 - 'starlink_routers_hourly_metrics_v2' is from 'package:starlink_isp_app/generated/spacex_api/device/wifi.pb.dart' ('lib/generated/spacex_api/device/wifi.pb.dart').
Try correcting the name to the name of an existing method, or defining a method named '$_setField'.
  set configIsAviation($4.BoolValue value) => $_setField(1004, value);
                                              ^^^^^^^^^^
lib/generated/spacex_api/device/wifi.pb.dart:10750:35: Error: The method '$_clearField' isn't defined for the type 'starlink_routers_hourly_metrics_v2'.
 - 'starlink_routers_hourly_metrics_v2' is from 'package:starlink_isp_app/generated/spacex_api/device/wifi.pb.dart' ('lib/generated/spacex_api/device/wifi.pb.dart').
Try correcting the name to the name of an existing method, or defining a method named '$_clearField'.
  void clearConfigIsAviation() => $_clearField(1004);
                                  ^^^^^^^^^^^^
lib/generated/spacex_api/device/wifi.pb.dart:10757:26: Error: 'BoolValue' isn't a type.
  set configSecureDns($4.BoolValue value) => $_setField(1005, value);
                         ^^^^^^^^^
lib/generated/spacex_api/device/wifi.pb.dart:10757:46: Error: The method '$_setField' isn't defined for the type 'starlink_routers_hourly_metrics_v2'.
 - 'starlink_routers_hourly_metrics_v2' is from 'package:starlink_isp_app/generated/spacex_api/device/wifi.pb.dart' ('lib/generated/spacex_api/device/wifi.pb.dart').
Try correcting the name to the name of an existing method, or defining a method named '$_setField'.
  set configSecureDns($4.BoolValue value) => $_setField(1005, value);
                                             ^^^^^^^^^^
lib/generated/spacex_api/device/wifi.pb.dart:10761:34: Error: The method '$_clearField' isn't defined for the type 'starlink_routers_hourly_metrics_v2'.
 - 'starlink_routers_hourly_metrics_v2' is from 'package:starlink_isp_app/generated/spacex_api/device/wifi.pb.dart' ('lib/generated/spacex_api/device/wifi.pb.dart').
Try correcting the name to the name of an existing method, or defining a method named '$_clearField'.
  void clearConfigSecureDns() => $_clearField(1005);
                                 ^^^^^^^^^^^^
lib/generated/spacex_api/device/wifi.pb.dart:10768:23: Error: 'BoolValue' isn't a type.
  set configLegacy($4.BoolValue value) => $_setField(1006, value);
                      ^^^^^^^^^
lib/generated/spacex_api/device/wifi.pb.dart:10768:43: Error: The method '$_setField' isn't defined for the type 'starlink_routers_hourly_metrics_v2'.
 - 'starlink_routers_hourly_metrics_v2' is from 'package:starlink_isp_app/generated/spacex_api/device/wifi.pb.dart' ('lib/generated/spacex_api/device/wifi.pb.dart').
Try correcting the name to the name of an existing method, or defining a method named '$_setField'.
  set configLegacy($4.BoolValue value) => $_setField(1006, value);
                                          ^^^^^^^^^^
lib/generated/spacex_api/device/wifi.pb.dart:10772:31: Error: The method '$_clearField' isn't defined for the type 'starlink_routers_hourly_metrics_v2'.
 - 'starlink_routers_hourly_metrics_v2' is from 'package:starlink_isp_app/generated/spacex_api/device/wifi.pb.dart' ('lib/generated/spacex_api/device/wifi.pb.dart').
Try correcting the name to the name of an existing method, or defining a method named '$_clearField'.
  void clearConfigLegacy() => $_clearField(1006);
                              ^^^^^^^^^^^^
lib/generated/spacex_api/device/wifi.pb.dart:10779:23: Error: 'BoolValue' isn't a type.
  set configApMode($4.BoolValue value) => $_setField(1007, value);
                      ^^^^^^^^^
lib/generated/spacex_api/device/wifi.pb.dart:10779:43: Error: The method '$_setField' isn't defined for the type 'starlink_routers_hourly_metrics_v2'.
 - 'starlink_routers_hourly_metrics_v2' is from 'package:starlink_isp_app/generated/spacex_api/device/wifi.pb.dart' ('lib/generated/spacex_api/device/wifi.pb.dart').
Try correcting the name to the name of an existing method, or defining a method named '$_setField'.
  set configApMode($4.BoolValue value) => $_setField(1007, value);
                                          ^^^^^^^^^^
lib/generated/spacex_api/device/wifi.pb.dart:10783:31: Error: The method '$_clearField' isn't defined for the type 'starlink_routers_hourly_metrics_v2'.
 - 'starlink_routers_hourly_metrics_v2' is from 'package:starlink_isp_app/generated/spacex_api/device/wifi.pb.dart' ('lib/generated/spacex_api/device/wifi.pb.dart').
Try correcting the name to the name of an existing method, or defining a method named '$_clearField'.
  void clearConfigApMode() => $_clearField(1007);
                              ^^^^^^^^^^^^
lib/generated/spacex_api/device/wifi.pb.dart:10790:27: Error: 'BoolValue' isn't a type.
  set configDfsEnabled($4.BoolValue value) => $_setField(1008, value);
                          ^^^^^^^^^
lib/generated/spacex_api/device/wifi.pb.dart:10790:47: Error: The method '$_setField' isn't defined for the type 'starlink_routers_hourly_metrics_v2'.
 - 'starlink_routers_hourly_metrics_v2' is from 'package:starlink_isp_app/generated/spacex_api/device/wifi.pb.dart' ('lib/generated/spacex_api/device/wifi.pb.dart').
Try correcting the name to the name of an existing method, or defining a method named '$_setField'.
  set configDfsEnabled($4.BoolValue value) => $_setField(1008, value);
                                              ^^^^^^^^^^
lib/generated/spacex_api/device/wifi.pb.dart:10794:35: Error: The method '$_clearField' isn't defined for the type 'starlink_routers_hourly_metrics_v2'.
 - 'starlink_routers_hourly_metrics_v2' is from 'package:starlink_isp_app/generated/spacex_api/device/wifi.pb.dart' ('lib/generated/spacex_api/device/wifi.pb.dart').
Try correcting the name to the name of an existing method, or defining a method named '$_clearField'.
  void clearConfigDfsEnabled() => $_clearField(1008);
                                  ^^^^^^^^^^^^
lib/generated/spacex_api/device/wifi.pb.dart:10801:37: Error: 'BoolValue' isn't a type.
  set configNetworkNameIsDefault($4.BoolValue value) => $_setField(1009, value);
                                    ^^^^^^^^^
lib/generated/spacex_api/device/wifi.pb.dart:10801:57: Error: The method '$_setField' isn't defined for the type 'starlink_routers_hourly_metrics_v2'.
 - 'starlink_routers_hourly_metrics_v2' is from 'package:starlink_isp_app/generated/spacex_api/device/wifi.pb.dart' ('lib/generated/spacex_api/device/wifi.pb.dart').
Try correcting the name to the name of an existing method, or defining a method named '$_setField'.
  set configNetworkNameIsDefault($4.BoolValue value) => $_setField(1009, value);
                                                        ^^^^^^^^^^
lib/generated/spacex_api/device/wifi.pb.dart:10805:45: Error: The method '$_clearField' isn't defined for the type 'starlink_routers_hourly_metrics_v2'.
 - 'starlink_routers_hourly_metrics_v2' is from 'package:starlink_isp_app/generated/spacex_api/device/wifi.pb.dart' ('lib/generated/spacex_api/device/wifi.pb.dart').
Try correcting the name to the name of an existing method, or defining a method named '$_clearField'.
  void clearConfigNetworkNameIsDefault() => $_clearField(1009);
                                            ^^^^^^^^^^^^
lib/generated/spacex_api/device/wifi.pb.dart:10812:33: Error: 'BoolValue' isn't a type.
  set configRemoteSshEnabled($4.BoolValue value) => $_setField(1010, value);
                                ^^^^^^^^^
lib/generated/spacex_api/device/wifi.pb.dart:10812:53: Error: The method '$_setField' isn't defined for the type 'starlink_routers_hourly_metrics_v2'.
 - 'starlink_routers_hourly_metrics_v2' is from 'package:starlink_isp_app/generated/spacex_api/device/wifi.pb.dart' ('lib/generated/spacex_api/device/wifi.pb.dart').
Try correcting the name to the name of an existing method, or defining a method named '$_setField'.
  set configRemoteSshEnabled($4.BoolValue value) => $_setField(1010, value);
                                                    ^^^^^^^^^^
lib/generated/spacex_api/device/wifi.pb.dart:10816:41: Error: The method '$_clearField' isn't defined for the type 'starlink_routers_hourly_metrics_v2'.
 - 'starlink_routers_hourly_metrics_v2' is from 'package:starlink_isp_app/generated/spacex_api/device/wifi.pb.dart' ('lib/generated/spacex_api/device/wifi.pb.dart').
Try correcting the name to the name of an existing method, or defining a method named '$_clearField'.
  void clearConfigRemoteSshEnabled() => $_clearField(1010);
                                        ^^^^^^^^^^^^
lib/generated/spacex_api/device/wifi.pb.dart:10823:32: Error: 'BoolValue' isn't a type.
  set configIsRepeaterWired($4.BoolValue value) => $_setField(1011, value);
                               ^^^^^^^^^
lib/generated/spacex_api/device/wifi.pb.dart:10823:52: Error: The method '$_setField' isn't defined for the type 'starlink_routers_hourly_metrics_v2'.
 - 'starlink_routers_hourly_metrics_v2' is from 'package:starlink_isp_app/generated/spacex_api/device/wifi.pb.dart' ('lib/generated/spacex_api/device/wifi.pb.dart').
Try correcting the name to the name of an existing method, or defining a method named '$_setField'.
  set configIsRepeaterWired($4.BoolValue value) => $_setField(1011, value);
                                                   ^^^^^^^^^^
lib/generated/spacex_api/device/wifi.pb.dart:10827:40: Error: The method '$_clearField' isn't defined for the type 'starlink_routers_hourly_metrics_v2'.
 - 'starlink_routers_hourly_metrics_v2' is from 'package:starlink_isp_app/generated/spacex_api/device/wifi.pb.dart' ('lib/generated/spacex_api/device/wifi.pb.dart').
Try correcting the name to the name of an existing method, or defining a method named '$_clearField'.
  void clearConfigIsRepeaterWired() => $_clearField(1011);
                                       ^^^^^^^^^^^^
lib/generated/spacex_api/device/wifi.pb.dart:10834:35: Error: 'BoolValue' isn't a type.
  set configIsRepeaterWireless($4.BoolValue value) => $_setField(1012, value);
                                  ^^^^^^^^^
lib/generated/spacex_api/device/wifi.pb.dart:10834:55: Error: The method '$_setField' isn't defined for the type 'starlink_routers_hourly_metrics_v2'.
 - 'starlink_routers_hourly_metrics_v2' is from 'package:starlink_isp_app/generated/spacex_api/device/wifi.pb.dart' ('lib/generated/spacex_api/device/wifi.pb.dart').
Try correcting the name to the name of an existing method, or defining a method named '$_setField'.
  set configIsRepeaterWireless($4.BoolValue value) => $_setField(1012, value);
                                                      ^^^^^^^^^^
lib/generated/spacex_api/device/wifi.pb.dart:10838:43: Error: The method '$_clearField' isn't defined for the type 'starlink_routers_hourly_metrics_v2'.
 - 'starlink_routers_hourly_metrics_v2' is from 'package:starlink_isp_app/generated/spacex_api/device/wifi.pb.dart' ('lib/generated/spacex_api/device/wifi.pb.dart').
Try correcting the name to the name of an existing method, or defining a method named '$_clearField'.
  void clearConfigIsRepeaterWireless() => $_clearField(1012);
                                          ^^^^^^^^^^^^
lib/generated/spacex_api/device/wifi.pb.dart:10845:34: Error: 'UInt32Value' isn't a type.
  set configBlockSchedulesSet($4.UInt32Value value) => $_setField(1013, value);
                                 ^^^^^^^^^^^
lib/generated/spacex_api/device/wifi.pb.dart:10845:56: Error: The method '$_setField' isn't defined for the type 'starlink_routers_hourly_metrics_v2'.
 - 'starlink_routers_hourly_metrics_v2' is from 'package:starlink_isp_app/generated/spacex_api/device/wifi.pb.dart' ('lib/generated/spacex_api/device/wifi.pb.dart').
Try correcting the name to the name of an existing method, or defining a method named '$_setField'.
  set configBlockSchedulesSet($4.UInt32Value value) => $_setField(1013, value);
                                                       ^^^^^^^^^^
lib/generated/spacex_api/device/wifi.pb.dart:10849:42: Error: The method '$_clearField' isn't defined for the type 'starlink_routers_hourly_metrics_v2'.
 - 'starlink_routers_hourly_metrics_v2' is from 'package:starlink_isp_app/generated/spacex_api/device/wifi.pb.dart' ('lib/generated/spacex_api/device/wifi.pb.dart').
Try correcting the name to the name of an existing method, or defining a method named '$_clearField'.
  void clearConfigBlockSchedulesSet() => $_clearField(1013);
                                         ^^^^^^^^^^^^
lib/generated/spacex_api/device/wifi.pb.dart:10856:34: Error: 'BoolValue' isn't a type.
  set configCustomNameservers($4.BoolValue value) => $_setField(1014, value);
                                 ^^^^^^^^^
lib/generated/spacex_api/device/wifi.pb.dart:10856:54: Error: The method '$_setField' isn't defined for the type 'starlink_routers_hourly_metrics_v2'.
 - 'starlink_routers_hourly_metrics_v2' is from 'package:starlink_isp_app/generated/spacex_api/device/wifi.pb.dart' ('lib/generated/spacex_api/device/wifi.pb.dart').
Try correcting the name to the name of an existing method, or defining a method named '$_setField'.
  set configCustomNameservers($4.BoolValue value) => $_setField(1014, value);
                                                     ^^^^^^^^^^
lib/generated/spacex_api/device/wifi.pb.dart:10860:42: Error: The method '$_clearField' isn't defined for the type 'starlink_routers_hourly_metrics_v2'.
 - 'starlink_routers_hourly_metrics_v2' is from 'package:starlink_isp_app/generated/spacex_api/device/wifi.pb.dart' ('lib/generated/spacex_api/device/wifi.pb.dart').
Try correcting the name to the name of an existing method, or defining a method named '$_clearField'.
  void clearConfigCustomNameservers() => $_clearField(1014);
                                         ^^^^^^^^^^^^
lib/generated/spacex_api/device/wifi.pb.dart:10867:38: Error: 'BoolValue' isn't a type.
  set configDisableMeshOnboarding($4.BoolValue value) =>
                                     ^^^^^^^^^
lib/generated/spacex_api/device/wifi.pb.dart:10868:7: Error: The method '$_setField' isn't defined for the type 'starlink_routers_hourly_metrics_v2'.
 - 'starlink_routers_hourly_metrics_v2' is from 'package:starlink_isp_app/generated/spacex_api/device/wifi.pb.dart' ('lib/generated/spacex_api/device/wifi.pb.dart').
Try correcting the name to the name of an existing method, or defining a method named '$_setField'.
      $_setField(1015, value);
      ^^^^^^^^^^
lib/generated/spacex_api/device/wifi.pb.dart:10872:46: Error: The method '$_clearField' isn't defined for the type 'starlink_routers_hourly_metrics_v2'.
 - 'starlink_routers_hourly_metrics_v2' is from 'package:starlink_isp_app/generated/spacex_api/device/wifi.pb.dart' ('lib/generated/spacex_api/device/wifi.pb.dart').
Try correcting the name to the name of an existing method, or defining a method named '$_clearField'.
  void clearConfigDisableMeshOnboarding() => $_clearField(1015);
                                             ^^^^^^^^^^^^
lib/generated/spacex_api/device/wifi.pb.dart:10879:31: Error: 'BoolValue' isn't a type.
  set configPinCountryCode($4.BoolValue value) => $_setField(1016, value);
                              ^^^^^^^^^
lib/generated/spacex_api/device/wifi.pb.dart:10879:51: Error: The method '$_setField' isn't defined for the type 'starlink_routers_hourly_metrics_v2'.
 - 'starlink_routers_hourly_metrics_v2' is from 'package:starlink_isp_app/generated/spacex_api/device/wifi.pb.dart' ('lib/generated/spacex_api/device/wifi.pb.dart').
Try correcting the name to the name of an existing method, or defining a method named '$_setField'.
  set configPinCountryCode($4.BoolValue value) => $_setField(1016, value);
                                                  ^^^^^^^^^^
lib/generated/spacex_api/device/wifi.pb.dart:10883:39: Error: The method '$_clearField' isn't defined for the type 'starlink_routers_hourly_metrics_v2'.
 - 'starlink_routers_hourly_metrics_v2' is from 'package:starlink_isp_app/generated/spacex_api/device/wifi.pb.dart' ('lib/generated/spacex_api/device/wifi.pb.dart').
Try correcting the name to the name of an existing method, or defining a method named '$_clearField'.
  void clearConfigPinCountryCode() => $_clearField(1016);
                                      ^^^^^^^^^^^^
lib/generated/spacex_api/device/wifi.pb.dart:10890:36: Error: 'BoolValue' isn't a type.
  set configDisableUpdateReboot($4.BoolValue value) => $_setField(1017, value);
                                   ^^^^^^^^^
lib/generated/spacex_api/device/wifi.pb.dart:10890:56: Error: The method '$_setField' isn't defined for the type 'starlink_routers_hourly_metrics_v2'.
 - 'starlink_routers_hourly_metrics_v2' is from 'package:starlink_isp_app/generated/spacex_api/device/wifi.pb.dart' ('lib/generated/spacex_api/device/wifi.pb.dart').
Try correcting the name to the name of an existing method, or defining a method named '$_setField'.
  set configDisableUpdateReboot($4.BoolValue value) => $_setField(1017, value);
                                                       ^^^^^^^^^^
lib/generated/spacex_api/device/wifi.pb.dart:10894:44: Error: The method '$_clearField' isn't defined for the type 'starlink_routers_hourly_metrics_v2'.
 - 'starlink_routers_hourly_metrics_v2' is from 'package:starlink_isp_app/generated/spacex_api/device/wifi.pb.dart' ('lib/generated/spacex_api/device/wifi.pb.dart').
Try correcting the name to the name of an existing method, or defining a method named '$_clearField'.
  void clearConfigDisableUpdateReboot() => $_clearField(1017);
                                           ^^^^^^^^^^^^
lib/generated/spacex_api/device/wifi.pb.dart:10901:28: Error: 'BoolValue' isn't a type.
  set configDisable2ghz($4.BoolValue value) => $_setField(1018, value);
                           ^^^^^^^^^
lib/generated/spacex_api/device/wifi.pb.dart:10901:48: Error: The method '$_setField' isn't defined for the type 'starlink_routers_hourly_metrics_v2'.
 - 'starlink_routers_hourly_metrics_v2' is from 'package:starlink_isp_app/generated/spacex_api/device/wifi.pb.dart' ('lib/generated/spacex_api/device/wifi.pb.dart').
Try correcting the name to the name of an existing method, or defining a method named '$_setField'.
  set configDisable2ghz($4.BoolValue value) => $_setField(1018, value);
                                               ^^^^^^^^^^
lib/generated/spacex_api/device/wifi.pb.dart:10905:36: Error: The method '$_clearField' isn't defined for the type 'starlink_routers_hourly_metrics_v2'.
 - 'starlink_routers_hourly_metrics_v2' is from 'package:starlink_isp_app/generated/spacex_api/device/wifi.pb.dart' ('lib/generated/spacex_api/device/wifi.pb.dart').
Try correcting the name to the name of an existing method, or defining a method named '$_clearField'.
  void clearConfigDisable2ghz() => $_clearField(1018);
                                   ^^^^^^^^^^^^
lib/generated/spacex_api/device/wifi.pb.dart:10912:28: Error: 'BoolValue' isn't a type.
  set configDisable5ghz($4.BoolValue value) => $_setField(1019, value);
                           ^^^^^^^^^
lib/generated/spacex_api/device/wifi.pb.dart:10912:48: Error: The method '$_setField' isn't defined for the type 'starlink_routers_hourly_metrics_v2'.
 - 'starlink_routers_hourly_metrics_v2' is from 'package:starlink_isp_app/generated/spacex_api/device/wifi.pb.dart' ('lib/generated/spacex_api/device/wifi.pb.dart').
Try correcting the name to the name of an existing method, or defining a method named '$_setField'.
  set configDisable5ghz($4.BoolValue value) => $_setField(1019, value);
                                               ^^^^^^^^^^
lib/generated/spacex_api/device/wifi.pb.dart:10916:36: Error: The method '$_clearField' isn't defined for the type 'starlink_routers_hourly_metrics_v2'.
 - 'starlink_routers_hourly_metrics_v2' is from 'package:starlink_isp_app/generated/spacex_api/device/wifi.pb.dart' ('lib/generated/spacex_api/device/wifi.pb.dart').
Try correcting the name to the name of an existing method, or defining a method named '$_clearField'.
  void clearConfigDisable5ghz() => $_clearField(1019);
                                   ^^^^^^^^^^^^
lib/generated/spacex_api/device/wifi.pb.dart:10923:28: Error: 'UInt32Value' isn't a type.
  set configChannel2ghz($4.UInt32Value value) => $_setField(1020, value);
                           ^^^^^^^^^^^
lib/generated/spacex_api/device/wifi.pb.dart:10923:50: Error: The method '$_setField' isn't defined for the type 'starlink_routers_hourly_metrics_v2'.
 - 'starlink_routers_hourly_metrics_v2' is from 'package:starlink_isp_app/generated/spacex_api/device/wifi.pb.dart' ('lib/generated/spacex_api/device/wifi.pb.dart').
Try correcting the name to the name of an existing method, or defining a method named '$_setField'.
  set configChannel2ghz($4.UInt32Value value) => $_setField(1020, value);
                                                 ^^^^^^^^^^
lib/generated/spacex_api/device/wifi.pb.dart:10927:36: Error: The method '$_clearField' isn't defined for the type 'starlink_routers_hourly_metrics_v2'.
 - 'starlink_routers_hourly_metrics_v2' is from 'package:starlink_isp_app/generated/spacex_api/device/wifi.pb.dart' ('lib/generated/spacex_api/device/wifi.pb.dart').
Try correcting the name to the name of an existing method, or defining a method named '$_clearField'.
  void clearConfigChannel2ghz() => $_clearField(1020);
                                   ^^^^^^^^^^^^
lib/generated/spacex_api/device/wifi.pb.dart:10934:28: Error: 'UInt32Value' isn't a type.
  set configChannel5ghz($4.UInt32Value value) => $_setField(1021, value);
                           ^^^^^^^^^^^
lib/generated/spacex_api/device/wifi.pb.dart:10934:50: Error: The method '$_setField' isn't defined for the type 'starlink_routers_hourly_metrics_v2'.
 - 'starlink_routers_hourly_metrics_v2' is from 'package:starlink_isp_app/generated/spacex_api/device/wifi.pb.dart' ('lib/generated/spacex_api/device/wifi.pb.dart').
Try correcting the name to the name of an existing method, or defining a method named '$_setField'.
  set configChannel5ghz($4.UInt32Value value) => $_setField(1021, value);
                                                 ^^^^^^^^^^
lib/generated/spacex_api/device/wifi.pb.dart:10938:36: Error: The method '$_clearField' isn't defined for the type 'starlink_routers_hourly_metrics_v2'.
 - 'starlink_routers_hourly_metrics_v2' is from 'package:starlink_isp_app/generated/spacex_api/device/wifi.pb.dart' ('lib/generated/spacex_api/device/wifi.pb.dart').
Try correcting the name to the name of an existing method, or defining a method named '$_clearField'.
  void clearConfigChannel5ghz() => $_clearField(1021);
                                   ^^^^^^^^^^^^
lib/generated/spacex_api/device/wifi.pb.dart:10945:32: Error: 'UInt32Value' isn't a type.
  set configChannel5ghzHigh($4.UInt32Value value) => $_setField(1022, value);
                               ^^^^^^^^^^^
lib/generated/spacex_api/device/wifi.pb.dart:10945:54: Error: The method '$_setField' isn't defined for the type 'starlink_routers_hourly_metrics_v2'.
 - 'starlink_routers_hourly_metrics_v2' is from 'package:starlink_isp_app/generated/spacex_api/device/wifi.pb.dart' ('lib/generated/spacex_api/device/wifi.pb.dart').
Try correcting the name to the name of an existing method, or defining a method named '$_setField'.
  set configChannel5ghzHigh($4.UInt32Value value) => $_setField(1022, value);
                                                     ^^^^^^^^^^
lib/generated/spacex_api/device/wifi.pb.dart:10949:40: Error: The method '$_clearField' isn't defined for the type 'starlink_routers_hourly_metrics_v2'.
 - 'starlink_routers_hourly_metrics_v2' is from 'package:starlink_isp_app/generated/spacex_api/device/wifi.pb.dart' ('lib/generated/spacex_api/device/wifi.pb.dart').
Try correcting the name to the name of an existing method, or defining a method named '$_clearField'.
  void clearConfigChannel5ghzHigh() => $_clearField(1022);
                                       ^^^^^^^^^^^^
lib/generated/spacex_api/device/wifi.pb.dart:10956:25: Error: 'UInt32Value' isn't a type.
  set configNetworks($4.UInt32Value value) => $_setField(1023, value);
                        ^^^^^^^^^^^
lib/generated/spacex_api/device/wifi.pb.dart:10956:47: Error: The method '$_setField' isn't defined for the type 'starlink_routers_hourly_metrics_v2'.
 - 'starlink_routers_hourly_metrics_v2' is from 'package:starlink_isp_app/generated/spacex_api/device/wifi.pb.dart' ('lib/generated/spacex_api/device/wifi.pb.dart').
Try correcting the name to the name of an existing method, or defining a method named '$_setField'.
  set configNetworks($4.UInt32Value value) => $_setField(1023, value);
                                              ^^^^^^^^^^
lib/generated/spacex_api/device/wifi.pb.dart:10960:33: Error: The method '$_clearField' isn't defined for the type 'starlink_routers_hourly_metrics_v2'.
 - 'starlink_routers_hourly_metrics_v2' is from 'package:starlink_isp_app/generated/spacex_api/device/wifi.pb.dart' ('lib/generated/spacex_api/device/wifi.pb.dart').
Try correcting the name to the name of an existing method, or defining a method named '$_clearField'.
  void clearConfigNetworks() => $_clearField(1023);
                                ^^^^^^^^^^^^
lib/generated/spacex_api/device/wifi.pb.dart:10967:30: Error: 'UInt32Value' isn't a type.
  set configNetworksGuest($4.UInt32Value value) => $_setField(1024, value);
                             ^^^^^^^^^^^
lib/generated/spacex_api/device/wifi.pb.dart:10967:52: Error: The method '$_setField' isn't defined for the type 'starlink_routers_hourly_metrics_v2'.
 - 'starlink_routers_hourly_metrics_v2' is from 'package:starlink_isp_app/generated/spacex_api/device/wifi.pb.dart' ('lib/generated/spacex_api/device/wifi.pb.dart').
Try correcting the name to the name of an existing method, or defining a method named '$_setField'.
  set configNetworksGuest($4.UInt32Value value) => $_setField(1024, value);
                                                   ^^^^^^^^^^
lib/generated/spacex_api/device/wifi.pb.dart:10971:38: Error: The method '$_clearField' isn't defined for the type 'starlink_routers_hourly_metrics_v2'.
 - 'starlink_routers_hourly_metrics_v2' is from 'package:starlink_isp_app/generated/spacex_api/device/wifi.pb.dart' ('lib/generated/spacex_api/device/wifi.pb.dart').
Try correcting the name to the name of an existing method, or defining a method named '$_clearField'.
  void clearConfigNetworksGuest() => $_clearField(1024);
                                     ^^^^^^^^^^^^
lib/generated/spacex_api/device/wifi.pb.dart:10978:31: Error: 'UInt32Value' isn't a type.
  set configNetworksHidden($4.UInt32Value value) => $_setField(1025, value);
                              ^^^^^^^^^^^
lib/generated/spacex_api/device/wifi.pb.dart:10978:53: Error: The method '$_setField' isn't defined for the type 'starlink_routers_hourly_metrics_v2'.
 - 'starlink_routers_hourly_metrics_v2' is from 'package:starlink_isp_app/generated/spacex_api/device/wifi.pb.dart' ('lib/generated/spacex_api/device/wifi.pb.dart').
Try correcting the name to the name of an existing method, or defining a method named '$_setField'.
  set configNetworksHidden($4.UInt32Value value) => $_setField(1025, value);
                                                    ^^^^^^^^^^
lib/generated/spacex_api/device/wifi.pb.dart:10982:39: Error: The method '$_clearField' isn't defined for the type 'starlink_routers_hourly_metrics_v2'.
 - 'starlink_routers_hourly_metrics_v2' is from 'package:starlink_isp_app/generated/spacex_api/device/wifi.pb.dart' ('lib/generated/spacex_api/device/wifi.pb.dart').
Try correcting the name to the name of an existing method, or defining a method named '$_clearField'.
  void clearConfigNetworksHidden() => $_clearField(1025);
                                      ^^^^^^^^^^^^
lib/generated/spacex_api/device/wifi.pb.dart:10989:40: Error: 'UInt32Value' isn't a type.
  set configNetworksClientIsolation($4.UInt32Value value) =>
                                       ^^^^^^^^^^^
lib/generated/spacex_api/device/wifi.pb.dart:10990:7: Error: The method '$_setField' isn't defined for the type 'starlink_routers_hourly_metrics_v2'.
 - 'starlink_routers_hourly_metrics_v2' is from 'package:starlink_isp_app/generated/spacex_api/device/wifi.pb.dart' ('lib/generated/spacex_api/device/wifi.pb.dart').
Try correcting the name to the name of an existing method, or defining a method named '$_setField'.
      $_setField(1026, value);
      ^^^^^^^^^^
lib/generated/spacex_api/device/wifi.pb.dart:10994:48: Error: The method '$_clearField' isn't defined for the type 'starlink_routers_hourly_metrics_v2'.
 - 'starlink_routers_hourly_metrics_v2' is from 'package:starlink_isp_app/generated/spacex_api/device/wifi.pb.dart' ('lib/generated/spacex_api/device/wifi.pb.dart').
Try correcting the name to the name of an existing method, or defining a method named '$_clearField'.
  void clearConfigNetworksClientIsolation() => $_clearField(1026);
                                               ^^^^^^^^^^^^
lib/generated/spacex_api/device/wifi.pb.dart:11001:35: Error: 'UInt32Value' isn't a type.
  set configNetworksBandsSplit($4.UInt32Value value) => $_setField(1027, value);
                                  ^^^^^^^^^^^
lib/generated/spacex_api/device/wifi.pb.dart:11001:57: Error: The method '$_setField' isn't defined for the type 'starlink_routers_hourly_metrics_v2'.
 - 'starlink_routers_hourly_metrics_v2' is from 'package:starlink_isp_app/generated/spacex_api/device/wifi.pb.dart' ('lib/generated/spacex_api/device/wifi.pb.dart').
Try correcting the name to the name of an existing method, or defining a method named '$_setField'.
  set configNetworksBandsSplit($4.UInt32Value value) => $_setField(1027, value);
                                                        ^^^^^^^^^^
lib/generated/spacex_api/device/wifi.pb.dart:11005:43: Error: The method '$_clearField' isn't defined for the type 'starlink_routers_hourly_metrics_v2'.
 - 'starlink_routers_hourly_metrics_v2' is from 'package:starlink_isp_app/generated/spacex_api/device/wifi.pb.dart' ('lib/generated/spacex_api/device/wifi.pb.dart').
Try correcting the name to the name of an existing method, or defining a method named '$_clearField'.
  void clearConfigNetworksBandsSplit() => $_clearField(1027);
                                          ^^^^^^^^^^^^
lib/generated/spacex_api/device/wifi.pb.dart:11012:32: Error: 'BoolValue' isn't a type.
  set configDisable5ghzHigh($4.BoolValue value) => $_setField(1029, value);
                               ^^^^^^^^^
lib/generated/spacex_api/device/wifi.pb.dart:11012:52: Error: The method '$_setField' isn't defined for the type 'starlink_routers_hourly_metrics_v2'.
 - 'starlink_routers_hourly_metrics_v2' is from 'package:starlink_isp_app/generated/spacex_api/device/wifi.pb.dart' ('lib/generated/spacex_api/device/wifi.pb.dart').
Try correcting the name to the name of an existing method, or defining a method named '$_setField'.
  set configDisable5ghzHigh($4.BoolValue value) => $_setField(1029, value);
                                                   ^^^^^^^^^^
lib/generated/spacex_api/device/wifi.pb.dart:11016:40: Error: The method '$_clearField' isn't defined for the type 'starlink_routers_hourly_metrics_v2'.
 - 'starlink_routers_hourly_metrics_v2' is from 'package:starlink_isp_app/generated/spacex_api/device/wifi.pb.dart' ('lib/generated/spacex_api/device/wifi.pb.dart').
Try correcting the name to the name of an existing method, or defining a method named '$_clearField'.
  void clearConfigDisable5ghzHigh() => $_clearField(1029);
                                       ^^^^^^^^^^^^
lib/generated/spacex_api/device/wifi.pb.dart:11023:43: Error: 'BoolValue' isn't a type.
  set configHttpsContentHostingEnabled($4.BoolValue value) =>
                                          ^^^^^^^^^
lib/generated/spacex_api/device/wifi.pb.dart:11024:7: Error: The method '$_setField' isn't defined for the type 'starlink_routers_hourly_metrics_v2'.
 - 'starlink_routers_hourly_metrics_v2' is from 'package:starlink_isp_app/generated/spacex_api/device/wifi.pb.dart' ('lib/generated/spacex_api/device/wifi.pb.dart').
Try correcting the name to the name of an existing method, or defining a method named '$_setField'.
      $_setField(1031, value);
      ^^^^^^^^^^
lib/generated/spacex_api/device/wifi.pb.dart:11028:51: Error: The method '$_clearField' isn't defined for the type 'starlink_routers_hourly_metrics_v2'.
 - 'starlink_routers_hourly_metrics_v2' is from 'package:starlink_isp_app/generated/spacex_api/device/wifi.pb.dart' ('lib/generated/spacex_api/device/wifi.pb.dart').
Try correcting the name to the name of an existing method, or defining a method named '$_clearField'.
  void clearConfigHttpsContentHostingEnabled() => $_clearField(1031);
                                                  ^^^^^^^^^^^^
lib/generated/spacex_api/device/wifi.pb.dart:11035:46: Error: 'BoolValue' isn't a type.
  set configOnlyOverflightBlockingEnabled($4.BoolValue value) =>
                                             ^^^^^^^^^
lib/generated/spacex_api/device/wifi.pb.dart:11036:7: Error: The method '$_setField' isn't defined for the type 'starlink_routers_hourly_metrics_v2'.
 - 'starlink_routers_hourly_metrics_v2' is from 'package:starlink_isp_app/generated/spacex_api/device/wifi.pb.dart' ('lib/generated/spacex_api/device/wifi.pb.dart').
Try correcting the name to the name of an existing method, or defining a method named '$_setField'.
      $_setField(1032, value);
      ^^^^^^^^^^
lib/generated/spacex_api/device/wifi.pb.dart:11040:54: Error: The method '$_clearField' isn't defined for the type 'starlink_routers_hourly_metrics_v2'.
 - 'starlink_routers_hourly_metrics_v2' is from 'package:starlink_isp_app/generated/spacex_api/device/wifi.pb.dart' ('lib/generated/spacex_api/device/wifi.pb.dart').
Try correcting the name to the name of an existing method, or defining a method named '$_clearField'.
  void clearConfigOnlyOverflightBlockingEnabled() => $_clearField(1032);
                                                     ^^^^^^^^^^^^
lib/generated/spacex_api/device/wifi.pb.dart:11047:50: Error: 'BoolValue' isn't a type.
  set configOfflineNetworksDisablementEnabled($4.BoolValue value) =>
                                                 ^^^^^^^^^
lib/generated/spacex_api/device/wifi.pb.dart:11048:7: Error: The method '$_setField' isn't defined for the type 'starlink_routers_hourly_metrics_v2'.
 - 'starlink_routers_hourly_metrics_v2' is from 'package:starlink_isp_app/generated/spacex_api/device/wifi.pb.dart' ('lib/generated/spacex_api/device/wifi.pb.dart').
Try correcting the name to the name of an existing method, or defining a method named '$_setField'.
      $_setField(1033, value);
      ^^^^^^^^^^
lib/generated/spacex_api/device/wifi.pb.dart:11052:58: Error: The method '$_clearField' isn't defined for the type 'starlink_routers_hourly_metrics_v2'.
 - 'starlink_routers_hourly_metrics_v2' is from 'package:starlink_isp_app/generated/spacex_api/device/wifi.pb.dart' ('lib/generated/spacex_api/device/wifi.pb.dart').
Try correcting the name to the name of an existing method, or defining a method named '$_clearField'.
  void clearConfigOfflineNetworksDisablementEnabled() => $_clearField(1033);
                                                         ^^^^^^^^^^^^
lib/generated/spacex_api/device/wifi.pb.dart:11059:34: Error: 'BoolValue' isn't a type.
  set configCustomDnsDisabled($4.BoolValue value) => $_setField(1034, value);
                                 ^^^^^^^^^
lib/generated/spacex_api/device/wifi.pb.dart:11059:54: Error: The method '$_setField' isn't defined for the type 'starlink_routers_hourly_metrics_v2'.
 - 'starlink_routers_hourly_metrics_v2' is from 'package:starlink_isp_app/generated/spacex_api/device/wifi.pb.dart' ('lib/generated/spacex_api/device/wifi.pb.dart').
Try correcting the name to the name of an existing method, or defining a method named '$_setField'.
  set configCustomDnsDisabled($4.BoolValue value) => $_setField(1034, value);
                                                     ^^^^^^^^^^
lib/generated/spacex_api/device/wifi.pb.dart:11063:42: Error: The method '$_clearField' isn't defined for the type 'starlink_routers_hourly_metrics_v2'.
 - 'starlink_routers_hourly_metrics_v2' is from 'package:starlink_isp_app/generated/spacex_api/device/wifi.pb.dart' ('lib/generated/spacex_api/device/wifi.pb.dart').
Try correcting the name to the name of an existing method, or defining a method named '$_clearField'.
  void clearConfigCustomDnsDisabled() => $_clearField(1034);
                                         ^^^^^^^^^^^^
lib/generated/spacex_api/device/wifi.pb.dart:11070:29: Error: 'UInt32Value' isn't a type.
  set configNetworksUser($4.UInt32Value value) => $_setField(1035, value);
                            ^^^^^^^^^^^
lib/generated/spacex_api/device/wifi.pb.dart:11070:51: Error: The method '$_setField' isn't defined for the type 'starlink_routers_hourly_metrics_v2'.
 - 'starlink_routers_hourly_metrics_v2' is from 'package:starlink_isp_app/generated/spacex_api/device/wifi.pb.dart' ('lib/generated/spacex_api/device/wifi.pb.dart').
Try correcting the name to the name of an existing method, or defining a method named '$_setField'.
  set configNetworksUser($4.UInt32Value value) => $_setField(1035, value);
                                                  ^^^^^^^^^^
lib/generated/spacex_api/device/wifi.pb.dart:11074:37: Error: The method '$_clearField' isn't defined for the type 'starlink_routers_hourly_metrics_v2'.
 - 'starlink_routers_hourly_metrics_v2' is from 'package:starlink_isp_app/generated/spacex_api/device/wifi.pb.dart' ('lib/generated/spacex_api/device/wifi.pb.dart').
Try correcting the name to the name of an existing method, or defining a method named '$_clearField'.
  void clearConfigNetworksUser() => $_clearField(1035);
                                    ^^^^^^^^^^^^
lib/generated/spacex_api/device/wifi.pb.dart:11081:34: Error: 'BoolValue' isn't a type.
  set configForeflightEnabled($4.BoolValue value) => $_setField(1036, value);
                                 ^^^^^^^^^
lib/generated/spacex_api/device/wifi.pb.dart:11081:54: Error: The method '$_setField' isn't defined for the type 'starlink_routers_hourly_metrics_v2'.
 - 'starlink_routers_hourly_metrics_v2' is from 'package:starlink_isp_app/generated/spacex_api/device/wifi.pb.dart' ('lib/generated/spacex_api/device/wifi.pb.dart').
Try correcting the name to the name of an existing method, or defining a method named '$_setField'.
  set configForeflightEnabled($4.BoolValue value) => $_setField(1036, value);
                                                     ^^^^^^^^^^
lib/generated/spacex_api/device/wifi.pb.dart:11085:42: Error: The method '$_clearField' isn't defined for the type 'starlink_routers_hourly_metrics_v2'.
 - 'starlink_routers_hourly_metrics_v2' is from 'package:starlink_isp_app/generated/spacex_api/device/wifi.pb.dart' ('lib/generated/spacex_api/device/wifi.pb.dart').
Try correcting the name to the name of an existing method, or defining a method named '$_clearField'.
  void clearConfigForeflightEnabled() => $_clearField(1036);
                                         ^^^^^^^^^^^^
lib/generated/spacex_api/device/wifi.pb.dart:11092:26: Error: 'UInt32Value' isn't a type.
  set wifiReloadCount($4.UInt32Value value) => $_setField(1040, value);
                         ^^^^^^^^^^^
lib/generated/spacex_api/device/wifi.pb.dart:11092:48: Error: The method '$_setField' isn't defined for the type 'starlink_routers_hourly_metrics_v2'.
 - 'starlink_routers_hourly_metrics_v2' is from 'package:starlink_isp_app/generated/spacex_api/device/wifi.pb.dart' ('lib/generated/spacex_api/device/wifi.pb.dart').
Try correcting the name to the name of an existing method, or defining a method named '$_setField'.
  set wifiReloadCount($4.UInt32Value value) => $_setField(1040, value);
                                               ^^^^^^^^^^
lib/generated/spacex_api/device/wifi.pb.dart:11096:34: Error: The method '$_clearField' isn't defined for the type 'starlink_routers_hourly_metrics_v2'.
 - 'starlink_routers_hourly_metrics_v2' is from 'package:starlink_isp_app/generated/spacex_api/device/wifi.pb.dart' ('lib/generated/spacex_api/device/wifi.pb.dart').
Try correcting the name to the name of an existing method, or defining a method named '$_clearField'.
  void clearWifiReloadCount() => $_clearField(1040);
                                 ^^^^^^^^^^^^
lib/generated/spacex_api/device/wifi.pb.dart:11103:28: Error: 'UInt32Value' isn't a type.
  set radiusReloadCount($4.UInt32Value value) => $_setField(1041, value);
                           ^^^^^^^^^^^
lib/generated/spacex_api/device/wifi.pb.dart:11103:50: Error: The method '$_setField' isn't defined for the type 'starlink_routers_hourly_metrics_v2'.
 - 'starlink_routers_hourly_metrics_v2' is from 'package:starlink_isp_app/generated/spacex_api/device/wifi.pb.dart' ('lib/generated/spacex_api/device/wifi.pb.dart').
Try correcting the name to the name of an existing method, or defining a method named '$_setField'.
  set radiusReloadCount($4.UInt32Value value) => $_setField(1041, value);
                                                 ^^^^^^^^^^
lib/generated/spacex_api/device/wifi.pb.dart:11107:36: Error: The method '$_clearField' isn't defined for the type 'starlink_routers_hourly_metrics_v2'.
 - 'starlink_routers_hourly_metrics_v2' is from 'package:starlink_isp_app/generated/spacex_api/device/wifi.pb.dart' ('lib/generated/spacex_api/device/wifi.pb.dart').
Try correcting the name to the name of an existing method, or defining a method named '$_clearField'.
  void clearRadiusReloadCount() => $_clearField(1041);
                                   ^^^^^^^^^^^^
lib/generated/spacex_api/device/wifi.pb.dart:11114:29: Error: 'UInt32Value' isn't a type.
  set opensshReloadCount($4.UInt32Value value) => $_setField(1042, value);
                            ^^^^^^^^^^^
lib/generated/spacex_api/device/wifi.pb.dart:11114:51: Error: The method '$_setField' isn't defined for the type 'starlink_routers_hourly_metrics_v2'.
 - 'starlink_routers_hourly_metrics_v2' is from 'package:starlink_isp_app/generated/spacex_api/device/wifi.pb.dart' ('lib/generated/spacex_api/device/wifi.pb.dart').
Try correcting the name to the name of an existing method, or defining a method named '$_setField'.
  set opensshReloadCount($4.UInt32Value value) => $_setField(1042, value);
                                                  ^^^^^^^^^^
lib/generated/spacex_api/device/wifi.pb.dart:11118:37: Error: The method '$_clearField' isn't defined for the type 'starlink_routers_hourly_metrics_v2'.
 - 'starlink_routers_hourly_metrics_v2' is from 'package:starlink_isp_app/generated/spacex_api/device/wifi.pb.dart' ('lib/generated/spacex_api/device/wifi.pb.dart').
Try correcting the name to the name of an existing method, or defining a method named '$_clearField'.
  void clearOpensshReloadCount() => $_clearField(1042);
                                    ^^^^^^^^^^^^
lib/generated/spacex_api/device/wifi.pb.dart:11125:30: Error: 'UInt32Value' isn't a type.
  set iptablesReloadCount($4.UInt32Value value) => $_setField(1043, value);
                             ^^^^^^^^^^^
lib/generated/spacex_api/device/wifi.pb.dart:11125:52: Error: The method '$_setField' isn't defined for the type 'starlink_routers_hourly_metrics_v2'.
 - 'starlink_routers_hourly_metrics_v2' is from 'package:starlink_isp_app/generated/spacex_api/device/wifi.pb.dart' ('lib/generated/spacex_api/device/wifi.pb.dart').
Try correcting the name to the name of an existing method, or defining a method named '$_setField'.
  set iptablesReloadCount($4.UInt32Value value) => $_setField(1043, value);
                                                   ^^^^^^^^^^
lib/generated/spacex_api/device/wifi.pb.dart:11129:38: Error: The method '$_clearField' isn't defined for the type 'starlink_routers_hourly_metrics_v2'.
 - 'starlink_routers_hourly_metrics_v2' is from 'package:starlink_isp_app/generated/spacex_api/device/wifi.pb.dart' ('lib/generated/spacex_api/device/wifi.pb.dart').
Try correcting the name to the name of an existing method, or defining a method named '$_clearField'.
  void clearIptablesReloadCount() => $_clearField(1043);
                                     ^^^^^^^^^^^^
lib/generated/spacex_api/device/wifi.pb.dart:11136:30: Error: 'UInt32Value' isn't a type.
  set ebtablesReloadCount($4.UInt32Value value) => $_setField(1044, value);
                             ^^^^^^^^^^^
lib/generated/spacex_api/device/wifi.pb.dart:11136:52: Error: The method '$_setField' isn't defined for the type 'starlink_routers_hourly_metrics_v2'.
 - 'starlink_routers_hourly_metrics_v2' is from 'package:starlink_isp_app/generated/spacex_api/device/wifi.pb.dart' ('lib/generated/spacex_api/device/wifi.pb.dart').
Try correcting the name to the name of an existing method, or defining a method named '$_setField'.
  set ebtablesReloadCount($4.UInt32Value value) => $_setField(1044, value);
                                                   ^^^^^^^^^^
lib/generated/spacex_api/device/wifi.pb.dart:11140:38: Error: The method '$_clearField' isn't defined for the type 'starlink_routers_hourly_metrics_v2'.
 - 'starlink_routers_hourly_metrics_v2' is from 'package:starlink_isp_app/generated/spacex_api/device/wifi.pb.dart' ('lib/generated/spacex_api/device/wifi.pb.dart').
Try correcting the name to the name of an existing method, or defining a method named '$_clearField'.
  void clearEbtablesReloadCount() => $_clearField(1044);
                                     ^^^^^^^^^^^^
lib/generated/spacex_api/device/wifi.pb.dart:11147:36: Error: 'UInt32Value' isn't a type.
  set trafficControlReloadCount($4.UInt32Value value) =>
                                   ^^^^^^^^^^^
lib/generated/spacex_api/device/wifi.pb.dart:11148:7: Error: The method '$_setField' isn't defined for the type 'starlink_routers_hourly_metrics_v2'.
 - 'starlink_routers_hourly_metrics_v2' is from 'package:starlink_isp_app/generated/spacex_api/device/wifi.pb.dart' ('lib/generated/spacex_api/device/wifi.pb.dart').
Try correcting the name to the name of an existing method, or defining a method named '$_setField'.
      $_setField(1045, value);
      ^^^^^^^^^^
lib/generated/spacex_api/device/wifi.pb.dart:11152:44: Error: The method '$_clearField' isn't defined for the type 'starlink_routers_hourly_metrics_v2'.
 - 'starlink_routers_hourly_metrics_v2' is from 'package:starlink_isp_app/generated/spacex_api/device/wifi.pb.dart' ('lib/generated/spacex_api/device/wifi.pb.dart').
Try correcting the name to the name of an existing method, or defining a method named '$_clearField'.
  void clearTrafficControlReloadCount() => $_clearField(1045);
                                           ^^^^^^^^^^^^
lib/generated/spacex_api/device/wifi.pb.dart:11159:26: Error: 'UInt32Value' isn't a type.
  set dhcpReloadCount($4.UInt32Value value) => $_setField(1046, value);
                         ^^^^^^^^^^^
lib/generated/spacex_api/device/wifi.pb.dart:11159:48: Error: The method '$_setField' isn't defined for the type 'starlink_routers_hourly_metrics_v2'.
 - 'starlink_routers_hourly_metrics_v2' is from 'package:starlink_isp_app/generated/spacex_api/device/wifi.pb.dart' ('lib/generated/spacex_api/device/wifi.pb.dart').
Try correcting the name to the name of an existing method, or defining a method named '$_setField'.
  set dhcpReloadCount($4.UInt32Value value) => $_setField(1046, value);
                                               ^^^^^^^^^^
lib/generated/spacex_api/device/wifi.pb.dart:11163:34: Error: The method '$_clearField' isn't defined for the type 'starlink_routers_hourly_metrics_v2'.
 - 'starlink_routers_hourly_metrics_v2' is from 'package:starlink_isp_app/generated/spacex_api/device/wifi.pb.dart' ('lib/generated/spacex_api/device/wifi.pb.dart').
Try correcting the name to the name of an existing method, or defining a method named '$_clearField'.
  void clearDhcpReloadCount() => $_clearField(1046);
                                 ^^^^^^^^^^^^
lib/generated/spacex_api/device/wifi.pb.dart:11170:28: Error: 'UInt32Value' isn't a type.
  set dhcpv6ReloadCount($4.UInt32Value value) => $_setField(1047, value);
                           ^^^^^^^^^^^
lib/generated/spacex_api/device/wifi.pb.dart:11170:50: Error: The method '$_setField' isn't defined for the type 'starlink_routers_hourly_metrics_v2'.
 - 'starlink_routers_hourly_metrics_v2' is from 'package:starlink_isp_app/generated/spacex_api/device/wifi.pb.dart' ('lib/generated/spacex_api/device/wifi.pb.dart').
Try correcting the name to the name of an existing method, or defining a method named '$_setField'.
  set dhcpv6ReloadCount($4.UInt32Value value) => $_setField(1047, value);
                                                 ^^^^^^^^^^
lib/generated/spacex_api/device/wifi.pb.dart:11174:36: Error: The method '$_clearField' isn't defined for the type 'starlink_routers_hourly_metrics_v2'.
 - 'starlink_routers_hourly_metrics_v2' is from 'package:starlink_isp_app/generated/spacex_api/device/wifi.pb.dart' ('lib/generated/spacex_api/device/wifi.pb.dart').
Try correcting the name to the name of an existing method, or defining a method named '$_clearField'.
  void clearDhcpv6ReloadCount() => $_clearField(1047);
                                   ^^^^^^^^^^^^
lib/generated/spacex_api/device/wifi.pb.dart:11181:28: Error: 'UInt32Value' isn't a type.
  set systemReloadCount($4.UInt32Value value) => $_setField(1048, value);
                           ^^^^^^^^^^^
lib/generated/spacex_api/device/wifi.pb.dart:11181:50: Error: The method '$_setField' isn't defined for the type 'starlink_routers_hourly_metrics_v2'.
 - 'starlink_routers_hourly_metrics_v2' is from 'package:starlink_isp_app/generated/spacex_api/device/wifi.pb.dart' ('lib/generated/spacex_api/device/wifi.pb.dart').
Try correcting the name to the name of an existing method, or defining a method named '$_setField'.
  set systemReloadCount($4.UInt32Value value) => $_setField(1048, value);
                                                 ^^^^^^^^^^
lib/generated/spacex_api/device/wifi.pb.dart:11185:36: Error: The method '$_clearField' isn't defined for the type 'starlink_routers_hourly_metrics_v2'.
 - 'starlink_routers_hourly_metrics_v2' is from 'package:starlink_isp_app/generated/spacex_api/device/wifi.pb.dart' ('lib/generated/spacex_api/device/wifi.pb.dart').
Try correcting the name to the name of an existing method, or defining a method named '$_clearField'.
  void clearSystemReloadCount() => $_clearField(1048);
                                   ^^^^^^^^^^^^
lib/generated/spacex_api/device/wifi.pb.dart:11192:25: Error: 'UInt32Value' isn't a type.
  set dnsReloadCount($4.UInt32Value value) => $_setField(1049, value);
                        ^^^^^^^^^^^
lib/generated/spacex_api/device/wifi.pb.dart:11192:47: Error: The method '$_setField' isn't defined for the type 'starlink_routers_hourly_metrics_v2'.
 - 'starlink_routers_hourly_metrics_v2' is from 'package:starlink_isp_app/generated/spacex_api/device/wifi.pb.dart' ('lib/generated/spacex_api/device/wifi.pb.dart').
Try correcting the name to the name of an existing method, or defining a method named '$_setField'.
  set dnsReloadCount($4.UInt32Value value) => $_setField(1049, value);
                                              ^^^^^^^^^^
lib/generated/spacex_api/device/wifi.pb.dart:11196:33: Error: The method '$_clearField' isn't defined for the type 'starlink_routers_hourly_metrics_v2'.
 - 'starlink_routers_hourly_metrics_v2' is from 'package:starlink_isp_app/generated/spacex_api/device/wifi.pb.dart' ('lib/generated/spacex_api/device/wifi.pb.dart').
Try correcting the name to the name of an existing method, or defining a method named '$_clearField'.
  void clearDnsReloadCount() => $_clearField(1049);
                                ^^^^^^^^^^^^
lib/generated/spacex_api/device/wifi.pb.dart:11203:27: Error: 'UInt32Value' isn't a type.
  set httpsReloadCount($4.UInt32Value value) => $_setField(1050, value);
                          ^^^^^^^^^^^
lib/generated/spacex_api/device/wifi.pb.dart:11203:49: Error: The method '$_setField' isn't defined for the type 'starlink_routers_hourly_metrics_v2'.
 - 'starlink_routers_hourly_metrics_v2' is from 'package:starlink_isp_app/generated/spacex_api/device/wifi.pb.dart' ('lib/generated/spacex_api/device/wifi.pb.dart').
Try correcting the name to the name of an existing method, or defining a method named '$_setField'.
  set httpsReloadCount($4.UInt32Value value) => $_setField(1050, value);
                                                ^^^^^^^^^^
lib/generated/spacex_api/device/wifi.pb.dart:11207:35: Error: The method '$_clearField' isn't defined for the type 'starlink_routers_hourly_metrics_v2'.
 - 'starlink_routers_hourly_metrics_v2' is from 'package:starlink_isp_app/generated/spacex_api/device/wifi.pb.dart' ('lib/generated/spacex_api/device/wifi.pb.dart').
Try correcting the name to the name of an existing method, or defining a method named '$_clearField'.
  void clearHttpsReloadCount() => $_clearField(1050);
                                  ^^^^^^^^^^^^
lib/generated/spacex_api/device/wifi.pb.dart:11214:34: Error: 'UInt32Value' isn't a type.
  set bandSteeringReloadCount($4.UInt32Value value) => $_setField(1051, value);
                                 ^^^^^^^^^^^
lib/generated/spacex_api/device/wifi.pb.dart:11214:56: Error: The method '$_setField' isn't defined for the type 'starlink_routers_hourly_metrics_v2'.
 - 'starlink_routers_hourly_metrics_v2' is from 'package:starlink_isp_app/generated/spacex_api/device/wifi.pb.dart' ('lib/generated/spacex_api/device/wifi.pb.dart').
Try correcting the name to the name of an existing method, or defining a method named '$_setField'.
  set bandSteeringReloadCount($4.UInt32Value value) => $_setField(1051, value);
                                                       ^^^^^^^^^^
lib/generated/spacex_api/device/wifi.pb.dart:11218:42: Error: The method '$_clearField' isn't defined for the type 'starlink_routers_hourly_metrics_v2'.
 - 'starlink_routers_hourly_metrics_v2' is from 'package:starlink_isp_app/generated/spacex_api/device/wifi.pb.dart' ('lib/generated/spacex_api/device/wifi.pb.dart').
Try correcting the name to the name of an existing method, or defining a method named '$_clearField'.
  void clearBandSteeringReloadCount() => $_clearField(1051);
                                         ^^^^^^^^^^^^
lib/generated/spacex_api/device/wifi.pb.dart:11225:22: Error: 'UInt32Value' isn't a type.
  set commitCount($4.UInt32Value value) => $_setField(1052, value);
                     ^^^^^^^^^^^
lib/generated/spacex_api/device/wifi.pb.dart:11225:44: Error: The method '$_setField' isn't defined for the type 'starlink_routers_hourly_metrics_v2'.
 - 'starlink_routers_hourly_metrics_v2' is from 'package:starlink_isp_app/generated/spacex_api/device/wifi.pb.dart' ('lib/generated/spacex_api/device/wifi.pb.dart').
Try correcting the name to the name of an existing method, or defining a method named '$_setField'.
  set commitCount($4.UInt32Value value) => $_setField(1052, value);
                                           ^^^^^^^^^^
lib/generated/spacex_api/device/wifi.pb.dart:11229:30: Error: The method '$_clearField' isn't defined for the type 'starlink_routers_hourly_metrics_v2'.
 - 'starlink_routers_hourly_metrics_v2' is from 'package:starlink_isp_app/generated/spacex_api/device/wifi.pb.dart' ('lib/generated/spacex_api/device/wifi.pb.dart').
Try correcting the name to the name of an existing method, or defining a method named '$_clearField'.
  void clearCommitCount() => $_clearField(1052);
                             ^^^^^^^^^^^^
lib/generated/spacex_api/device/wifi.pb.dart:11236:29: Error: 'UInt32Value' isn't a type.
  set networkReloadCount($4.UInt32Value value) => $_setField(1053, value);
                            ^^^^^^^^^^^
lib/generated/spacex_api/device/wifi.pb.dart:11236:51: Error: The method '$_setField' isn't defined for the type 'starlink_routers_hourly_metrics_v2'.
 - 'starlink_routers_hourly_metrics_v2' is from 'package:starlink_isp_app/generated/spacex_api/device/wifi.pb.dart' ('lib/generated/spacex_api/device/wifi.pb.dart').
Try correcting the name to the name of an existing method, or defining a method named '$_setField'.
  set networkReloadCount($4.UInt32Value value) => $_setField(1053, value);
                                                  ^^^^^^^^^^
lib/generated/spacex_api/device/wifi.pb.dart:11240:37: Error: The method '$_clearField' isn't defined for the type 'starlink_routers_hourly_metrics_v2'.
 - 'starlink_routers_hourly_metrics_v2' is from 'package:starlink_isp_app/generated/spacex_api/device/wifi.pb.dart' ('lib/generated/spacex_api/device/wifi.pb.dart').
Try correcting the name to the name of an existing method, or defining a method named '$_clearField'.
  void clearNetworkReloadCount() => $_clearField(1053);
                                    ^^^^^^^^^^^^
lib/generated/spacex_api/device/wifi.pb.dart:11247:32: Error: 'UInt32Value' isn't a type.
  set foreflightReloadCount($4.UInt32Value value) => $_setField(1054, value);
                               ^^^^^^^^^^^
lib/generated/spacex_api/device/wifi.pb.dart:11247:54: Error: The method '$_setField' isn't defined for the type 'starlink_routers_hourly_metrics_v2'.
 - 'starlink_routers_hourly_metrics_v2' is from 'package:starlink_isp_app/generated/spacex_api/device/wifi.pb.dart' ('lib/generated/spacex_api/device/wifi.pb.dart').
Try correcting the name to the name of an existing method, or defining a method named '$_setField'.
  set foreflightReloadCount($4.UInt32Value value) => $_setField(1054, value);
                                                     ^^^^^^^^^^
lib/generated/spacex_api/device/wifi.pb.dart:11251:40: Error: The method '$_clearField' isn't defined for the type 'starlink_routers_hourly_metrics_v2'.
 - 'starlink_routers_hourly_metrics_v2' is from 'package:starlink_isp_app/generated/spacex_api/device/wifi.pb.dart' ('lib/generated/spacex_api/device/wifi.pb.dart').
Try correcting the name to the name of an existing method, or defining a method named '$_clearField'.
  void clearForeflightReloadCount() => $_clearField(1054);
                                       ^^^^^^^^^^^^
lib/generated/spacex_api/device/wifi.pb.dart:11258:27: Error: 'UInt32Value' isn't a type.
  set conntrackEntries($4.UInt32Value value) => $_setField(1100, value);
                          ^^^^^^^^^^^
lib/generated/spacex_api/device/wifi.pb.dart:11258:49: Error: The method '$_setField' isn't defined for the type 'starlink_routers_hourly_metrics_v2'.
 - 'starlink_routers_hourly_metrics_v2' is from 'package:starlink_isp_app/generated/spacex_api/device/wifi.pb.dart' ('lib/generated/spacex_api/device/wifi.pb.dart').
Try correcting the name to the name of an existing method, or defining a method named '$_setField'.
  set conntrackEntries($4.UInt32Value value) => $_setField(1100, value);
                                                ^^^^^^^^^^
lib/generated/spacex_api/device/wifi.pb.dart:11262:35: Error: The method '$_clearField' isn't defined for the type 'starlink_routers_hourly_metrics_v2'.
 - 'starlink_routers_hourly_metrics_v2' is from 'package:starlink_isp_app/generated/spacex_api/device/wifi.pb.dart' ('lib/generated/spacex_api/device/wifi.pb.dart').
Try correcting the name to the name of an existing method, or defining a method named '$_clearField'.
  void clearConntrackEntries() => $_clearField(1100);
                                  ^^^^^^^^^^^^
lib/generated/spacex_api/device/wifi.pb.dart:11269:37: Error: 'Int64Value' isn't a type.
  set wanTrafficControlCakeBytes($4.Int64Value value) =>
                                    ^^^^^^^^^^
lib/generated/spacex_api/device/wifi.pb.dart:11270:7: Error: The method '$_setField' isn't defined for the type 'starlink_routers_hourly_metrics_v2'.
 - 'starlink_routers_hourly_metrics_v2' is from 'package:starlink_isp_app/generated/spacex_api/device/wifi.pb.dart' ('lib/generated/spacex_api/device/wifi.pb.dart').
Try correcting the name to the name of an existing method, or defining a method named '$_setField'.
      $_setField(1101, value);
      ^^^^^^^^^^
lib/generated/spacex_api/device/wifi.pb.dart:11274:45: Error: The method '$_clearField' isn't defined for the type 'starlink_routers_hourly_metrics_v2'.
 - 'starlink_routers_hourly_metrics_v2' is from 'package:starlink_isp_app/generated/spacex_api/device/wifi.pb.dart' ('lib/generated/spacex_api/device/wifi.pb.dart').
Try correcting the name to the name of an existing method, or defining a method named '$_clearField'.
  void clearWanTrafficControlCakeBytes() => $_clearField(1101);
                                            ^^^^^^^^^^^^
lib/generated/spacex_api/device/wifi.pb.dart:11281:39: Error: 'Int64Value' isn't a type.
  set wanTrafficControlCakePackets($4.Int64Value value) =>
                                      ^^^^^^^^^^
lib/generated/spacex_api/device/wifi.pb.dart:11282:7: Error: The method '$_setField' isn't defined for the type 'starlink_routers_hourly_metrics_v2'.
 - 'starlink_routers_hourly_metrics_v2' is from 'package:starlink_isp_app/generated/spacex_api/device/wifi.pb.dart' ('lib/generated/spacex_api/device/wifi.pb.dart').
Try correcting the name to the name of an existing method, or defining a method named '$_setField'.
      $_setField(1102, value);
      ^^^^^^^^^^
lib/generated/spacex_api/device/wifi.pb.dart:11286:47: Error: The method '$_clearField' isn't defined for the type 'starlink_routers_hourly_metrics_v2'.
 - 'starlink_routers_hourly_metrics_v2' is from 'package:starlink_isp_app/generated/spacex_api/device/wifi.pb.dart' ('lib/generated/spacex_api/device/wifi.pb.dart').
Try correcting the name to the name of an existing method, or defining a method named '$_clearField'.
  void clearWanTrafficControlCakePackets() => $_clearField(1102);
                                              ^^^^^^^^^^^^
lib/generated/spacex_api/device/wifi.pb.dart:11293:37: Error: 'Int64Value' isn't a type.
  set wanTrafficControlCakeDrops($4.Int64Value value) =>
                                    ^^^^^^^^^^
lib/generated/spacex_api/device/wifi.pb.dart:11294:7: Error: The method '$_setField' isn't defined for the type 'starlink_routers_hourly_metrics_v2'.
 - 'starlink_routers_hourly_metrics_v2' is from 'package:starlink_isp_app/generated/spacex_api/device/wifi.pb.dart' ('lib/generated/spacex_api/device/wifi.pb.dart').
Try correcting the name to the name of an existing method, or defining a method named '$_setField'.
      $_setField(1103, value);
      ^^^^^^^^^^
lib/generated/spacex_api/device/wifi.pb.dart:11298:45: Error: The method '$_clearField' isn't defined for the type 'starlink_routers_hourly_metrics_v2'.
 - 'starlink_routers_hourly_metrics_v2' is from 'package:starlink_isp_app/generated/spacex_api/device/wifi.pb.dart' ('lib/generated/spacex_api/device/wifi.pb.dart').
Try correcting the name to the name of an existing method, or defining a method named '$_clearField'.
  void clearWanTrafficControlCakeDrops() => $_clearField(1103);
                                            ^^^^^^^^^^^^
lib/generated/spacex_api/device/wifi.pb.dart:11305:40: Error: 'Int64Value' isn't a type.
  set wanTrafficControlCakeAckDrops($4.Int64Value value) =>
                                       ^^^^^^^^^^
lib/generated/spacex_api/device/wifi.pb.dart:11306:7: Error: The method '$_setField' isn't defined for the type 'starlink_routers_hourly_metrics_v2'.
 - 'starlink_routers_hourly_metrics_v2' is from 'package:starlink_isp_app/generated/spacex_api/device/wifi.pb.dart' ('lib/generated/spacex_api/device/wifi.pb.dart').
Try correcting the name to the name of an existing method, or defining a method named '$_setField'.
      $_setField(1104, value);
      ^^^^^^^^^^
lib/generated/spacex_api/device/wifi.pb.dart:11310:48: Error: The method '$_clearField' isn't defined for the type 'starlink_routers_hourly_metrics_v2'.
 - 'starlink_routers_hourly_metrics_v2' is from 'package:starlink_isp_app/generated/spacex_api/device/wifi.pb.dart' ('lib/generated/spacex_api/device/wifi.pb.dart').
Try correcting the name to the name of an existing method, or defining a method named '$_clearField'.
  void clearWanTrafficControlCakeAckDrops() => $_clearField(1104);
                                               ^^^^^^^^^^^^
lib/generated/spacex_api/device/wifi.pb.dart:11317:22: Error: 'UInt32Value' isn't a type.
  set dhcpSecsEq0($4.UInt32Value value) => $_setField(1105, value);
                     ^^^^^^^^^^^
lib/generated/spacex_api/device/wifi.pb.dart:11317:44: Error: The method '$_setField' isn't defined for the type 'starlink_routers_hourly_metrics_v2'.
 - 'starlink_routers_hourly_metrics_v2' is from 'package:starlink_isp_app/generated/spacex_api/device/wifi.pb.dart' ('lib/generated/spacex_api/device/wifi.pb.dart').
Try correcting the name to the name of an existing method, or defining a method named '$_setField'.
  set dhcpSecsEq0($4.UInt32Value value) => $_setField(1105, value);
                                           ^^^^^^^^^^
lib/generated/spacex_api/device/wifi.pb.dart:11321:30: Error: The method '$_clearField' isn't defined for the type 'starlink_routers_hourly_metrics_v2'.
 - 'starlink_routers_hourly_metrics_v2' is from 'package:starlink_isp_app/generated/spacex_api/device/wifi.pb.dart' ('lib/generated/spacex_api/device/wifi.pb.dart').
Try correcting the name to the name of an existing method, or defining a method named '$_clearField'.
  void clearDhcpSecsEq0() => $_clearField(1105);
                             ^^^^^^^^^^^^
lib/generated/spacex_api/device/wifi.pb.dart:11328:22: Error: 'UInt32Value' isn't a type.
  set dhcpSecsGt0($4.UInt32Value value) => $_setField(1106, value);
                     ^^^^^^^^^^^
lib/generated/spacex_api/device/wifi.pb.dart:11328:44: Error: The method '$_setField' isn't defined for the type 'starlink_routers_hourly_metrics_v2'.
 - 'starlink_routers_hourly_metrics_v2' is from 'package:starlink_isp_app/generated/spacex_api/device/wifi.pb.dart' ('lib/generated/spacex_api/device/wifi.pb.dart').
Try correcting the name to the name of an existing method, or defining a method named '$_setField'.
  set dhcpSecsGt0($4.UInt32Value value) => $_setField(1106, value);
                                           ^^^^^^^^^^
lib/generated/spacex_api/device/wifi.pb.dart:11332:30: Error: The method '$_clearField' isn't defined for the type 'starlink_routers_hourly_metrics_v2'.
 - 'starlink_routers_hourly_metrics_v2' is from 'package:starlink_isp_app/generated/spacex_api/device/wifi.pb.dart' ('lib/generated/spacex_api/device/wifi.pb.dart').
Try correcting the name to the name of an existing method, or defining a method named '$_clearField'.
  void clearDhcpSecsGt0() => $_clearField(1106);
                             ^^^^^^^^^^^^
lib/generated/spacex_api/device/wifi.pb.dart:11339:23: Error: 'UInt32Value' isn't a type.
  set dhcpSecsGt10($4.UInt32Value value) => $_setField(1107, value);
                      ^^^^^^^^^^^
lib/generated/spacex_api/device/wifi.pb.dart:11339:45: Error: The method '$_setField' isn't defined for the type 'starlink_routers_hourly_metrics_v2'.
 - 'starlink_routers_hourly_metrics_v2' is from 'package:starlink_isp_app/generated/spacex_api/device/wifi.pb.dart' ('lib/generated/spacex_api/device/wifi.pb.dart').
Try correcting the name to the name of an existing method, or defining a method named '$_setField'.
  set dhcpSecsGt10($4.UInt32Value value) => $_setField(1107, value);
                                            ^^^^^^^^^^
lib/generated/spacex_api/device/wifi.pb.dart:11343:31: Error: The method '$_clearField' isn't defined for the type 'starlink_routers_hourly_metrics_v2'.
 - 'starlink_routers_hourly_metrics_v2' is from 'package:starlink_isp_app/generated/spacex_api/device/wifi.pb.dart' ('lib/generated/spacex_api/device/wifi.pb.dart').
Try correcting the name to the name of an existing method, or defining a method named '$_clearField'.
  void clearDhcpSecsGt10() => $_clearField(1107);
                              ^^^^^^^^^^^^
lib/generated/spacex_api/device/wifi.pb.dart:11350:23: Error: 'UInt32Value' isn't a type.
  set dhcpSecsGt30($4.UInt32Value value) => $_setField(1108, value);
                      ^^^^^^^^^^^
lib/generated/spacex_api/device/wifi.pb.dart:11350:45: Error: The method '$_setField' isn't defined for the type 'starlink_routers_hourly_metrics_v2'.
 - 'starlink_routers_hourly_metrics_v2' is from 'package:starlink_isp_app/generated/spacex_api/device/wifi.pb.dart' ('lib/generated/spacex_api/device/wifi.pb.dart').
Try correcting the name to the name of an existing method, or defining a method named '$_setField'.
  set dhcpSecsGt30($4.UInt32Value value) => $_setField(1108, value);
                                            ^^^^^^^^^^
lib/generated/spacex_api/device/wifi.pb.dart:11354:31: Error: The method '$_clearField' isn't defined for the type 'starlink_routers_hourly_metrics_v2'.
 - 'starlink_routers_hourly_metrics_v2' is from 'package:starlink_isp_app/generated/spacex_api/device/wifi.pb.dart' ('lib/generated/spacex_api/device/wifi.pb.dart').
Try correcting the name to the name of an existing method, or defining a method named '$_clearField'.
  void clearDhcpSecsGt30() => $_clearField(1108);
                              ^^^^^^^^^^^^
lib/generated/spacex_api/device/wifi.pb.dart:11361:23: Error: 'UInt32Value' isn't a type.
  set dhcpSecsGt60($4.UInt32Value value) => $_setField(1109, value);
                      ^^^^^^^^^^^
lib/generated/spacex_api/device/wifi.pb.dart:11361:45: Error: The method '$_setField' isn't defined for the type 'starlink_routers_hourly_metrics_v2'.
 - 'starlink_routers_hourly_metrics_v2' is from 'package:starlink_isp_app/generated/spacex_api/device/wifi.pb.dart' ('lib/generated/spacex_api/device/wifi.pb.dart').
Try correcting the name to the name of an existing method, or defining a method named '$_setField'.
  set dhcpSecsGt60($4.UInt32Value value) => $_setField(1109, value);
                                            ^^^^^^^^^^
lib/generated/spacex_api/device/wifi.pb.dart:11365:31: Error: The method '$_clearField' isn't defined for the type 'starlink_routers_hourly_metrics_v2'.
 - 'starlink_routers_hourly_metrics_v2' is from 'package:starlink_isp_app/generated/spacex_api/device/wifi.pb.dart' ('lib/generated/spacex_api/device/wifi.pb.dart').
Try correcting the name to the name of an existing method, or defining a method named '$_clearField'.
  void clearDhcpSecsGt60() => $_clearField(1109);
                              ^^^^^^^^^^^^
lib/generated/spacex_api/device/wifi.pb.dart:11372:22: Error: 'UInt32Value' isn't a type.
  set dnsForwards($4.UInt32Value value) => $_setField(1200, value);
                     ^^^^^^^^^^^
lib/generated/spacex_api/device/wifi.pb.dart:11372:44: Error: The method '$_setField' isn't defined for the type 'starlink_routers_hourly_metrics_v2'.
 - 'starlink_routers_hourly_metrics_v2' is from 'package:starlink_isp_app/generated/spacex_api/device/wifi.pb.dart' ('lib/generated/spacex_api/device/wifi.pb.dart').
Try correcting the name to the name of an existing method, or defining a method named '$_setField'.
  set dnsForwards($4.UInt32Value value) => $_setField(1200, value);
                                           ^^^^^^^^^^
lib/generated/spacex_api/device/wifi.pb.dart:11376:30: Error: The method '$_clearField' isn't defined for the type 'starlink_routers_hourly_metrics_v2'.
 - 'starlink_routers_hourly_metrics_v2' is from 'package:starlink_isp_app/generated/spacex_api/device/wifi.pb.dart' ('lib/generated/spacex_api/device/wifi.pb.dart').
Try correcting the name to the name of an existing method, or defining a method named '$_clearField'.
  void clearDnsForwards() => $_clearField(1200);
                             ^^^^^^^^^^^^
lib/generated/spacex_api/device/wifi.pb.dart:11383:29: Error: 'UInt32Value' isn't a type.
  set dnsForwardsSuccess($4.UInt32Value value) => $_setField(1201, value);
                            ^^^^^^^^^^^
lib/generated/spacex_api/device/wifi.pb.dart:11383:51: Error: The method '$_setField' isn't defined for the type 'starlink_routers_hourly_metrics_v2'.
 - 'starlink_routers_hourly_metrics_v2' is from 'package:starlink_isp_app/generated/spacex_api/device/wifi.pb.dart' ('lib/generated/spacex_api/device/wifi.pb.dart').
Try correcting the name to the name of an existing method, or defining a method named '$_setField'.
  set dnsForwardsSuccess($4.UInt32Value value) => $_setField(1201, value);
                                                  ^^^^^^^^^^
lib/generated/spacex_api/device/wifi.pb.dart:11387:37: Error: The method '$_clearField' isn't defined for the type 'starlink_routers_hourly_metrics_v2'.
 - 'starlink_routers_hourly_metrics_v2' is from 'package:starlink_isp_app/generated/spacex_api/device/wifi.pb.dart' ('lib/generated/spacex_api/device/wifi.pb.dart').
Try correcting the name to the name of an existing method, or defining a method named '$_clearField'.
  void clearDnsForwardsSuccess() => $_clearField(1201);
                                    ^^^^^^^^^^^^
lib/generated/spacex_api/device/wifi.pb.dart:11394:35: Error: 'UInt32Value' isn't a type.
  set dnsForwardsServerFailure($4.UInt32Value value) => $_setField(1202, value);
                                  ^^^^^^^^^^^
lib/generated/spacex_api/device/wifi.pb.dart:11394:57: Error: The method '$_setField' isn't defined for the type 'starlink_routers_hourly_metrics_v2'.
 - 'starlink_routers_hourly_metrics_v2' is from 'package:starlink_isp_app/generated/spacex_api/device/wifi.pb.dart' ('lib/generated/spacex_api/device/wifi.pb.dart').
Try correcting the name to the name of an existing method, or defining a method named '$_setField'.
  set dnsForwardsServerFailure($4.UInt32Value value) => $_setField(1202, value);
                                                        ^^^^^^^^^^
lib/generated/spacex_api/device/wifi.pb.dart:11398:43: Error: The method '$_clearField' isn't defined for the type 'starlink_routers_hourly_metrics_v2'.
 - 'starlink_routers_hourly_metrics_v2' is from 'package:starlink_isp_app/generated/spacex_api/device/wifi.pb.dart' ('lib/generated/spacex_api/device/wifi.pb.dart').
Try correcting the name to the name of an existing method, or defining a method named '$_clearField'.
  void clearDnsForwardsServerFailure() => $_clearField(1202);
                                          ^^^^^^^^^^^^
lib/generated/spacex_api/device/wifi.pb.dart:11405:38: Error: 'UInt32Value' isn't a type.
  set dnsForwardsNoServerResponse($4.UInt32Value value) =>
                                     ^^^^^^^^^^^
lib/generated/spacex_api/device/wifi.pb.dart:11406:7: Error: The method '$_setField' isn't defined for the type 'starlink_routers_hourly_metrics_v2'.
 - 'starlink_routers_hourly_metrics_v2' is from 'package:starlink_isp_app/generated/spacex_api/device/wifi.pb.dart' ('lib/generated/spacex_api/device/wifi.pb.dart').
Try correcting the name to the name of an existing method, or defining a method named '$_setField'.
      $_setField(1203, value);
      ^^^^^^^^^^
lib/generated/spacex_api/device/wifi.pb.dart:11410:46: Error: The method '$_clearField' isn't defined for the type 'starlink_routers_hourly_metrics_v2'.
 - 'starlink_routers_hourly_metrics_v2' is from 'package:starlink_isp_app/generated/spacex_api/device/wifi.pb.dart' ('lib/generated/spacex_api/device/wifi.pb.dart').
Try correcting the name to the name of an existing method, or defining a method named '$_clearField'.
  void clearDnsForwardsNoServerResponse() => $_clearField(1203);
                                             ^^^^^^^^^^^^
lib/generated/spacex_api/device/wifi.pb.dart:11417:44: Error: 'UInt32Value' isn't a type.
  set dnsForwardsSuccessOnDefaultBackup($4.UInt32Value value) =>
                                           ^^^^^^^^^^^
lib/generated/spacex_api/device/wifi.pb.dart:11418:7: Error: The method '$_setField' isn't defined for the type 'starlink_routers_hourly_metrics_v2'.
 - 'starlink_routers_hourly_metrics_v2' is from 'package:starlink_isp_app/generated/spacex_api/device/wifi.pb.dart' ('lib/generated/spacex_api/device/wifi.pb.dart').
Try correcting the name to the name of an existing method, or defining a method named '$_setField'.
      $_setField(1204, value);
      ^^^^^^^^^^
lib/generated/spacex_api/device/wifi.pb.dart:11422:52: Error: The method '$_clearField' isn't defined for the type 'starlink_routers_hourly_metrics_v2'.
 - 'starlink_routers_hourly_metrics_v2' is from 'package:starlink_isp_app/generated/spacex_api/device/wifi.pb.dart' ('lib/generated/spacex_api/device/wifi.pb.dart').
Try correcting the name to the name of an existing method, or defining a method named '$_clearField'.
  void clearDnsForwardsSuccessOnDefaultBackup() => $_clearField(1204);
                                                   ^^^^^^^^^^^^
lib/generated/spacex_api/device/wifi.pb.dart:11429:29: Error: 'UInt32Value' isn't a type.
  set dnsForwardsDropped($4.UInt32Value value) => $_setField(1205, value);
                            ^^^^^^^^^^^
lib/generated/spacex_api/device/wifi.pb.dart:11429:51: Error: The method '$_setField' isn't defined for the type 'starlink_routers_hourly_metrics_v2'.
 - 'starlink_routers_hourly_metrics_v2' is from 'package:starlink_isp_app/generated/spacex_api/device/wifi.pb.dart' ('lib/generated/spacex_api/device/wifi.pb.dart').
Try correcting the name to the name of an existing method, or defining a method named '$_setField'.
  set dnsForwardsDropped($4.UInt32Value value) => $_setField(1205, value);
                                                  ^^^^^^^^^^
lib/generated/spacex_api/device/wifi.pb.dart:11433:37: Error: The method '$_clearField' isn't defined for the type 'starlink_routers_hourly_metrics_v2'.
 - 'starlink_routers_hourly_metrics_v2' is from 'package:starlink_isp_app/generated/spacex_api/device/wifi.pb.dart' ('lib/generated/spacex_api/device/wifi.pb.dart').
Try correcting the name to the name of an existing method, or defining a method named '$_clearField'.
  void clearDnsForwardsDropped() => $_clearField(1205);
                                    ^^^^^^^^^^^^
lib/generated/spacex_api/device/wifi.pb.dart:11440:32: Error: 'UInt32Value' isn't a type.
  set dnsForwardsWithBackup($4.UInt32Value value) => $_setField(1206, value);
                               ^^^^^^^^^^^
lib/generated/spacex_api/device/wifi.pb.dart:11440:54: Error: The method '$_setField' isn't defined for the type 'starlink_routers_hourly_metrics_v2'.
 - 'starlink_routers_hourly_metrics_v2' is from 'package:starlink_isp_app/generated/spacex_api/device/wifi.pb.dart' ('lib/generated/spacex_api/device/wifi.pb.dart').
Try correcting the name to the name of an existing method, or defining a method named '$_setField'.
  set dnsForwardsWithBackup($4.UInt32Value value) => $_setField(1206, value);
                                                     ^^^^^^^^^^
lib/generated/spacex_api/device/wifi.pb.dart:11444:40: Error: The method '$_clearField' isn't defined for the type 'starlink_routers_hourly_metrics_v2'.
 - 'starlink_routers_hourly_metrics_v2' is from 'package:starlink_isp_app/generated/spacex_api/device/wifi.pb.dart' ('lib/generated/spacex_api/device/wifi.pb.dart').
Try correcting the name to the name of an existing method, or defining a method named '$_clearField'.
  void clearDnsForwardsWithBackup() => $_clearField(1206);
                                       ^^^^^^^^^^^^
lib/generated/spacex_api/device/wifi.pb.dart:11451:44: Error: The method '$_setField' isn't defined for the type 'starlink_routers_hourly_metrics_v2'.
 - 'starlink_routers_hourly_metrics_v2' is from 'package:starlink_isp_app/generated/spacex_api/device/wifi.pb.dart' ('lib/generated/spacex_api/device/wifi.pb.dart').
Try correcting the name to the name of an existing method, or defining a method named '$_setField'.
  set timestamp($5.TimestampInfo value) => $_setField(10000, value);
                                           ^^^^^^^^^^
lib/generated/spacex_api/device/wifi.pb.dart:11455:28: Error: The method '$_clearField' isn't defined for the type 'starlink_routers_hourly_metrics_v2'.
 - 'starlink_routers_hourly_metrics_v2' is from 'package:starlink_isp_app/generated/spacex_api/device/wifi.pb.dart' ('lib/generated/spacex_api/device/wifi.pb.dart').
Try correcting the name to the name of an existing method, or defining a method named '$_clearField'.
  void clearTimestamp() => $_clearField(10000);
                           ^^^^^^^^^^^^
lib/generated/spacex_api/device/wifi.pb.dart:11536:23: Error: The method '$_clearField' isn't defined for the type 'starlink_router_alerts'.
 - 'starlink_router_alerts' is from 'package:starlink_isp_app/generated/spacex_api/device/wifi.pb.dart' ('lib/generated/spacex_api/device/wifi.pb.dart').
Try correcting the name to the name of an existing method, or defining a method named '$_clearField'.
  void clearName() => $_clearField(1);
                      ^^^^^^^^^^^^
lib/generated/spacex_api/device/wifi.pb.dart:11545:25: Error: The method '$_clearField' isn't defined for the type 'starlink_router_alerts'.
 - 'starlink_router_alerts' is from 'package:starlink_isp_app/generated/spacex_api/device/wifi.pb.dart' ('lib/generated/spacex_api/device/wifi.pb.dart').
Try correcting the name to the name of an existing method, or defining a method named '$_clearField'.
  void clearSource() => $_clearField(2);
                        ^^^^^^^^^^^^
lib/generated/spacex_api/device/wifi.pb.dart:11554:25: Error: The method '$_clearField' isn't defined for the type 'starlink_router_alerts'.
 - 'starlink_router_alerts' is from 'package:starlink_isp_app/generated/spacex_api/device/wifi.pb.dart' ('lib/generated/spacex_api/device/wifi.pb.dart').
Try correcting the name to the name of an existing method, or defining a method named '$_clearField'.
  void clearActive() => $_clearField(3);
                        ^^^^^^^^^^^^
lib/generated/spacex_api/device/wifi.pb.dart:11559:40: Error: The method '$_setField' isn't defined for the type 'starlink_router_alerts'.
 - 'starlink_router_alerts' is from 'package:starlink_isp_app/generated/spacex_api/device/wifi.pb.dart' ('lib/generated/spacex_api/device/wifi.pb.dart').
Try correcting the name to the name of an existing method, or defining a method named '$_setField'.
  set start($5.TimestampInfo value) => $_setField(4, value);
                                       ^^^^^^^^^^
lib/generated/spacex_api/device/wifi.pb.dart:11563:24: Error: The method '$_clearField' isn't defined for the type 'starlink_router_alerts'.
 - 'starlink_router_alerts' is from 'package:starlink_isp_app/generated/spacex_api/device/wifi.pb.dart' ('lib/generated/spacex_api/device/wifi.pb.dart').
Try correcting the name to the name of an existing method, or defining a method named '$_clearField'.
  void clearStart() => $_clearField(4);
                       ^^^^^^^^^^^^
lib/generated/spacex_api/device/wifi.pb.dart:11570:38: Error: The method '$_setField' isn't defined for the type 'starlink_router_alerts'.
 - 'starlink_router_alerts' is from 'package:starlink_isp_app/generated/spacex_api/device/wifi.pb.dart' ('lib/generated/spacex_api/device/wifi.pb.dart').
Try correcting the name to the name of an existing method, or defining a method named '$_setField'.
  set end($5.TimestampInfo value) => $_setField(5, value);
                                     ^^^^^^^^^^
lib/generated/spacex_api/device/wifi.pb.dart:11574:22: Error: The method '$_clearField' isn't defined for the type 'starlink_router_alerts'.
 - 'starlink_router_alerts' is from 'package:starlink_isp_app/generated/spacex_api/device/wifi.pb.dart' ('lib/generated/spacex_api/device/wifi.pb.dart').
Try correcting the name to the name of an existing method, or defining a method named '$_clearField'.
  void clearEnd() => $_clearField(5);
                     ^^^^^^^^^^^^
lib/generated/spacex_api/device/wifi.pb.dart:11585:27: Error: The method '$_clearField' isn't defined for the type 'starlink_router_alerts'.
 - 'starlink_router_alerts' is from 'package:starlink_isp_app/generated/spacex_api/device/wifi.pb.dart' ('lib/generated/spacex_api/device/wifi.pb.dart').
Try correcting the name to the name of an existing method, or defining a method named '$_clearField'.
  void clearHardware() => $_clearField(6);
                          ^^^^^^^^^^^^
lib/generated/spacex_api/device/wifi.pb.dart:11594:27: Error: The method '$_clearField' isn't defined for the type 'starlink_router_alerts'.
 - 'starlink_router_alerts' is from 'package:starlink_isp_app/generated/spacex_api/device/wifi.pb.dart' ('lib/generated/spacex_api/device/wifi.pb.dart').
Try correcting the name to the name of an existing method, or defining a method named '$_clearField'.
  void clearSoftware() => $_clearField(7);
                          ^^^^^^^^^^^^
lib/generated/spacex_api/device/wifi.pb.dart:11603:26: Error: The method '$_clearField' isn't defined for the type 'starlink_router_alerts'.
 - 'starlink_router_alerts' is from 'package:starlink_isp_app/generated/spacex_api/device/wifi.pb.dart' ('lib/generated/spacex_api/device/wifi.pb.dart').
Try correcting the name to the name of an existing method, or defining a method named '$_clearField'.
  void clearDetails() => $_clearField(8);
                         ^^^^^^^^^^^^
lib/generated/spacex_api/device/wifi.pb.dart:11613:8: Error: 'FloatValue' isn't a type.
    $4.FloatValue? clientDownloadMbpsAvg,
       ^^^^^^^^^^
lib/generated/spacex_api/device/wifi.pb.dart:11614:8: Error: 'FloatValue' isn't a type.
    $4.FloatValue? clientUploadMbpsAvg,
       ^^^^^^^^^^
lib/generated/spacex_api/device/wifi.pb.dart:11615:8: Error: 'FloatValue' isn't a type.
    $4.FloatValue? clientRssi,
       ^^^^^^^^^^
lib/generated/spacex_api/device/wifi.pb.dart:11616:8: Error: 'FloatValue' isn't a type.
    $4.FloatValue? routerRssi,
       ^^^^^^^^^^
lib/generated/spacex_api/device/wifi.pb.dart:11617:8: Error: 'UInt32Value' isn't a type.
    $4.UInt32Value? clientIface,
       ^^^^^^^^^^^
lib/generated/spacex_api/device/wifi.pb.dart:11618:8: Error: 'StringValue' isn't a type.
    $4.StringValue? clientOui,
       ^^^^^^^^^^^
lib/generated/spacex_api/device/wifi.pb.dart:11619:8: Error: 'UInt32Value' isn't a type.
    $4.UInt32Value? clientTxRate,
       ^^^^^^^^^^^
lib/generated/spacex_api/device/wifi.pb.dart:11620:8: Error: 'UInt32Value' isn't a type.
    $4.UInt32Value? clientRxRate,
       ^^^^^^^^^^^
lib/generated/spacex_api/device/wifi.pb.dart:11621:8: Error: 'UInt32Value' isn't a type.
    $4.UInt32Value? clientTcpStreams,
       ^^^^^^^^^^^
lib/generated/spacex_api/device/wifi.pb.dart:11624:8: Error: 'FloatValue' isn't a type.
    $4.FloatValue? routerDownloadMbpsAvg,
       ^^^^^^^^^^
lib/generated/spacex_api/device/wifi.pb.dart:11625:8: Error: 'FloatValue' isn't a type.
    $4.FloatValue? routerUploadMbpsAvg,
       ^^^^^^^^^^
lib/generated/spacex_api/device/wifi.pb.dart:11626:8: Error: 'UInt32Value' isn't a type.
    $4.UInt32Value? routerTcpStreams,
       ^^^^^^^^^^^
lib/generated/spacex_api/device/wifi.pb.dart:11629:8: Error: 'FloatValue' isn't a type.
    $4.FloatValue? wifiDownloadMbpsAvg,
       ^^^^^^^^^^
lib/generated/spacex_api/device/wifi.pb.dart:11630:8: Error: 'FloatValue' isn't a type.
    $4.FloatValue? wifiUploadMbpsAvg,
       ^^^^^^^^^^
lib/generated/spacex_api/device/wifi.pb.dart:11631:8: Error: 'StringValue' isn't a type.
    $4.StringValue? clientPlatformType,
       ^^^^^^^^^^^
lib/generated/spacex_api/device/wifi.pb.dart:11632:8: Error: 'StringValue' isn't a type.
    $4.StringValue? clientTarget,
       ^^^^^^^^^^^
lib/generated/spacex_api/device/wifi.pb.dart:11633:8: Error: 'StringValue' isn't a type.
    $4.StringValue? routerTarget,
       ^^^^^^^^^^^
lib/generated/spacex_api/device/wifi.pb.dart:11634:8: Error: 'StringValue' isn't a type.
    $4.StringValue? speedtestId,
       ^^^^^^^^^^^
lib/generated/spacex_api/device/wifi.pb.dart:11635:8: Error: 'UInt32Value' isn't a type.
    $4.UInt32Value? clientRxPhyMode,
       ^^^^^^^^^^^
lib/generated/spacex_api/device/wifi.pb.dart:11636:8: Error: 'UInt32Value' isn't a type.
    $4.UInt32Value? clientRxSpatialStreams,
       ^^^^^^^^^^^
lib/generated/spacex_api/device/wifi.pb.dart:11637:8: Error: 'UInt32Value' isn't a type.
    $4.UInt32Value? clientRxMcs,
       ^^^^^^^^^^^
lib/generated/spacex_api/device/wifi.pb.dart:11638:8: Error: 'StringValue' isn't a type.
    $4.StringValue? clientAppVersion,
       ^^^^^^^^^^^
lib/generated/spacex_api/device/wifi.pb.dart:11639:8: Error: 'UInt32Value' isn't a type.
    $4.UInt32Value? clientAppBuild,
       ^^^^^^^^^^^
lib/generated/spacex_api/device/wifi.pb.dart:11713:14: Error: 'FloatValue' isn't a type.
    ..aOM<$4.FloatValue>(6, _omitFieldNames ? '' : 'clientDownloadMbpsAvg',
             ^^^^^^^^^^
lib/generated/spacex_api/device/wifi.pb.dart:11714:24: Error: Undefined name 'FloatValue'.
        subBuilder: $4.FloatValue.create)
                       ^^^^^^^^^^
lib/generated/spacex_api/device/wifi.pb.dart:11715:14: Error: 'FloatValue' isn't a type.
    ..aOM<$4.FloatValue>(7, _omitFieldNames ? '' : 'clientUploadMbpsAvg',
             ^^^^^^^^^^
lib/generated/spacex_api/device/wifi.pb.dart:11716:24: Error: Undefined name 'FloatValue'.
        subBuilder: $4.FloatValue.create)
                       ^^^^^^^^^^
lib/generated/spacex_api/device/wifi.pb.dart:11717:14: Error: 'FloatValue' isn't a type.
    ..aOM<$4.FloatValue>(8, _omitFieldNames ? '' : 'clientRssi',
             ^^^^^^^^^^
lib/generated/spacex_api/device/wifi.pb.dart:11718:24: Error: Undefined name 'FloatValue'.
        subBuilder: $4.FloatValue.create)
                       ^^^^^^^^^^
lib/generated/spacex_api/device/wifi.pb.dart:11719:14: Error: 'FloatValue' isn't a type.
    ..aOM<$4.FloatValue>(9, _omitFieldNames ? '' : 'routerRssi',
             ^^^^^^^^^^
lib/generated/spacex_api/device/wifi.pb.dart:11720:24: Error: Undefined name 'FloatValue'.
        subBuilder: $4.FloatValue.create)
                       ^^^^^^^^^^
lib/generated/spacex_api/device/wifi.pb.dart:11721:14: Error: 'UInt32Value' isn't a type.
    ..aOM<$4.UInt32Value>(10, _omitFieldNames ? '' : 'clientIface',
             ^^^^^^^^^^^
lib/generated/spacex_api/device/wifi.pb.dart:11722:24: Error: Undefined name 'UInt32Value'.
        subBuilder: $4.UInt32Value.create)
                       ^^^^^^^^^^^
lib/generated/spacex_api/device/wifi.pb.dart:11723:14: Error: 'StringValue' isn't a type.
    ..aOM<$4.StringValue>(11, _omitFieldNames ? '' : 'clientOui',
             ^^^^^^^^^^^
lib/generated/spacex_api/device/wifi.pb.dart:11724:24: Error: Undefined name 'StringValue'.
        subBuilder: $4.StringValue.create)
                       ^^^^^^^^^^^
lib/generated/spacex_api/device/wifi.pb.dart:11725:14: Error: 'UInt32Value' isn't a type.
    ..aOM<$4.UInt32Value>(12, _omitFieldNames ? '' : 'clientTxRate',
             ^^^^^^^^^^^
lib/generated/spacex_api/device/wifi.pb.dart:11726:24: Error: Undefined name 'UInt32Value'.
        subBuilder: $4.UInt32Value.create)
                       ^^^^^^^^^^^
lib/generated/spacex_api/device/wifi.pb.dart:11727:14: Error: 'UInt32Value' isn't a type.
    ..aOM<$4.UInt32Value>(13, _omitFieldNames ? '' : 'clientRxRate',
             ^^^^^^^^^^^
lib/generated/spacex_api/device/wifi.pb.dart:11728:24: Error: Undefined name 'UInt32Value'.
        subBuilder: $4.UInt32Value.create)
                       ^^^^^^^^^^^
lib/generated/spacex_api/device/wifi.pb.dart:11729:14: Error: 'UInt32Value' isn't a type.
    ..aOM<$4.UInt32Value>(16, _omitFieldNames ? '' : 'clientTcpStreams',
             ^^^^^^^^^^^
lib/generated/spacex_api/device/wifi.pb.dart:11730:24: Error: Undefined name 'UInt32Value'.
        subBuilder: $4.UInt32Value.create)
                       ^^^^^^^^^^^
lib/generated/spacex_api/device/wifi.pb.dart:11736:14: Error: 'FloatValue' isn't a type.
    ..aOM<$4.FloatValue>(19, _omitFieldNames ? '' : 'routerDownloadMbpsAvg',
             ^^^^^^^^^^
lib/generated/spacex_api/device/wifi.pb.dart:11737:24: Error: Undefined name 'FloatValue'.
        subBuilder: $4.FloatValue.create)
                       ^^^^^^^^^^
lib/generated/spacex_api/device/wifi.pb.dart:11738:14: Error: 'FloatValue' isn't a type.
    ..aOM<$4.FloatValue>(20, _omitFieldNames ? '' : 'routerUploadMbpsAvg',
             ^^^^^^^^^^
lib/generated/spacex_api/device/wifi.pb.dart:11739:24: Error: Undefined name 'FloatValue'.
        subBuilder: $4.FloatValue.create)
                       ^^^^^^^^^^
lib/generated/spacex_api/device/wifi.pb.dart:11740:14: Error: 'UInt32Value' isn't a type.
    ..aOM<$4.UInt32Value>(22, _omitFieldNames ? '' : 'routerTcpStreams',
             ^^^^^^^^^^^
lib/generated/spacex_api/device/wifi.pb.dart:11741:24: Error: Undefined name 'UInt32Value'.
        subBuilder: $4.UInt32Value.create)
                       ^^^^^^^^^^^
lib/generated/spacex_api/device/wifi.pb.dart:11746:14: Error: 'FloatValue' isn't a type.
    ..aOM<$4.FloatValue>(25, _omitFieldNames ? '' : 'wifiDownloadMbpsAvg',
             ^^^^^^^^^^
lib/generated/spacex_api/device/wifi.pb.dart:11747:24: Error: Undefined name 'FloatValue'.
        subBuilder: $4.FloatValue.create)
                       ^^^^^^^^^^
lib/generated/spacex_api/device/wifi.pb.dart:11748:14: Error: 'FloatValue' isn't a type.
    ..aOM<$4.FloatValue>(26, _omitFieldNames ? '' : 'wifiUploadMbpsAvg',
             ^^^^^^^^^^
lib/generated/spacex_api/device/wifi.pb.dart:11749:24: Error: Undefined name 'FloatValue'.
        subBuilder: $4.FloatValue.create)
                       ^^^^^^^^^^
lib/generated/spacex_api/device/wifi.pb.dart:11750:14: Error: 'StringValue' isn't a type.
    ..aOM<$4.StringValue>(27, _omitFieldNames ? '' : 'clientPlatformType',
             ^^^^^^^^^^^
lib/generated/spacex_api/device/wifi.pb.dart:11751:24: Error: Undefined name 'StringValue'.
        subBuilder: $4.StringValue.create)
                       ^^^^^^^^^^^
lib/generated/spacex_api/device/wifi.pb.dart:11752:14: Error: 'StringValue' isn't a type.
    ..aOM<$4.StringValue>(28, _omitFieldNames ? '' : 'clientTarget',
             ^^^^^^^^^^^
lib/generated/spacex_api/device/wifi.pb.dart:11753:24: Error: Undefined name 'StringValue'.
        subBuilder: $4.StringValue.create)
                       ^^^^^^^^^^^
lib/generated/spacex_api/device/wifi.pb.dart:11754:14: Error: 'StringValue' isn't a type.
    ..aOM<$4.StringValue>(29, _omitFieldNames ? '' : 'routerTarget',
             ^^^^^^^^^^^
lib/generated/spacex_api/device/wifi.pb.dart:11755:24: Error: Undefined name 'StringValue'.
        subBuilder: $4.StringValue.create)
                       ^^^^^^^^^^^
lib/generated/spacex_api/device/wifi.pb.dart:11756:14: Error: 'StringValue' isn't a type.
    ..aOM<$4.StringValue>(30, _omitFieldNames ? '' : 'speedtestId',
             ^^^^^^^^^^^
lib/generated/spacex_api/device/wifi.pb.dart:11757:24: Error: Undefined name 'StringValue'.
        subBuilder: $4.StringValue.create)
                       ^^^^^^^^^^^
lib/generated/spacex_api/device/wifi.pb.dart:11758:14: Error: 'UInt32Value' isn't a type.
    ..aOM<$4.UInt32Value>(31, _omitFieldNames ? '' : 'clientRxPhyMode',
             ^^^^^^^^^^^
lib/generated/spacex_api/device/wifi.pb.dart:11759:24: Error: Undefined name 'UInt32Value'.
        subBuilder: $4.UInt32Value.create)
                       ^^^^^^^^^^^
lib/generated/spacex_api/device/wifi.pb.dart:11760:14: Error: 'UInt32Value' isn't a type.
    ..aOM<$4.UInt32Value>(32, _omitFieldNames ? '' : 'clientRxSpatialStreams',
             ^^^^^^^^^^^
lib/generated/spacex_api/device/wifi.pb.dart:11761:24: Error: Undefined name 'UInt32Value'.
        subBuilder: $4.UInt32Value.create)
                       ^^^^^^^^^^^
lib/generated/spacex_api/device/wifi.pb.dart:11762:14: Error: 'UInt32Value' isn't a type.
    ..aOM<$4.UInt32Value>(33, _omitFieldNames ? '' : 'clientRxMcs',
             ^^^^^^^^^^^
lib/generated/spacex_api/device/wifi.pb.dart:11763:24: Error: Undefined name 'UInt32Value'.
        subBuilder: $4.UInt32Value.create)
                       ^^^^^^^^^^^
lib/generated/spacex_api/device/wifi.pb.dart:11764:14: Error: 'StringValue' isn't a type.
    ..aOM<$4.StringValue>(34, _omitFieldNames ? '' : 'clientAppVersion',
             ^^^^^^^^^^^
lib/generated/spacex_api/device/wifi.pb.dart:11765:24: Error: Undefined name 'StringValue'.
        subBuilder: $4.StringValue.create)
                       ^^^^^^^^^^^
lib/generated/spacex_api/device/wifi.pb.dart:11766:14: Error: 'UInt32Value' isn't a type.
    ..aOM<$4.UInt32Value>(35, _omitFieldNames ? '' : 'clientAppBuild',
             ^^^^^^^^^^^
lib/generated/spacex_api/device/wifi.pb.dart:11767:24: Error: Undefined name 'UInt32Value'.
        subBuilder: $4.UInt32Value.create)
                       ^^^^^^^^^^^
lib/generated/spacex_api/device/wifi.pb.dart:11800:21: Error: The method '$_clearField' isn't defined for the type 'starlink_router_client_speedtests'.
 - 'starlink_router_client_speedtests' is from 'package:starlink_isp_app/generated/spacex_api/device/wifi.pb.dart' ('lib/generated/spacex_api/device/wifi.pb.dart').
Try correcting the name to the name of an existing method, or defining a method named '$_clearField'.
  void clearId() => $_clearField(1);
                    ^^^^^^^^^^^^
lib/generated/spacex_api/device/wifi.pb.dart:11805:45: Error: The method '$_setField' isn't defined for the type 'starlink_router_client_speedtests'.
 - 'starlink_router_client_speedtests' is from 'package:starlink_isp_app/generated/spacex_api/device/wifi.pb.dart' ('lib/generated/spacex_api/device/wifi.pb.dart').
Try correcting the name to the name of an existing method, or defining a method named '$_setField'.
  set dataRecord($5.TimestampInfo value) => $_setField(2, value);
                                            ^^^^^^^^^^
lib/generated/spacex_api/device/wifi.pb.dart:11809:29: Error: The method '$_clearField' isn't defined for the type 'starlink_router_client_speedtests'.
 - 'starlink_router_client_speedtests' is from 'package:starlink_isp_app/generated/spacex_api/device/wifi.pb.dart' ('lib/generated/spacex_api/device/wifi.pb.dart').
Try correcting the name to the name of an existing method, or defining a method named '$_clearField'.
  void clearDataRecord() => $_clearField(2);
                            ^^^^^^^^^^^^
lib/generated/spacex_api/device/wifi.pb.dart:11820:26: Error: The method '$_clearField' isn't defined for the type 'starlink_router_client_speedtests'.
 - 'starlink_router_client_speedtests' is from 'package:starlink_isp_app/generated/spacex_api/device/wifi.pb.dart' ('lib/generated/spacex_api/device/wifi.pb.dart').
Try correcting the name to the name of an existing method, or defining a method named '$_clearField'.
  void clearCountry() => $_clearField(3);
                         ^^^^^^^^^^^^
lib/generated/spacex_api/device/wifi.pb.dart:11825:58: Error: The method '$_setField' isn't defined for the type 'starlink_router_client_speedtests'.
 - 'starlink_router_client_speedtests' is from 'package:starlink_isp_app/generated/spacex_api/device/wifi.pb.dart' ('lib/generated/spacex_api/device/wifi.pb.dart').
Try correcting the name to the name of an existing method, or defining a method named '$_setField'.
  set clientDownloadStartTime($5.TimestampInfo value) => $_setField(4, value);
                                                         ^^^^^^^^^^
lib/generated/spacex_api/device/wifi.pb.dart:11829:42: Error: The method '$_clearField' isn't defined for the type 'starlink_router_client_speedtests'.
 - 'starlink_router_client_speedtests' is from 'package:starlink_isp_app/generated/spacex_api/device/wifi.pb.dart' ('lib/generated/spacex_api/device/wifi.pb.dart').
Try correcting the name to the name of an existing method, or defining a method named '$_clearField'.
  void clearClientDownloadStartTime() => $_clearField(4);
                                         ^^^^^^^^^^^^
lib/generated/spacex_api/device/wifi.pb.dart:11836:56: Error: The method '$_setField' isn't defined for the type 'starlink_router_client_speedtests'.
 - 'starlink_router_client_speedtests' is from 'package:starlink_isp_app/generated/spacex_api/device/wifi.pb.dart' ('lib/generated/spacex_api/device/wifi.pb.dart').
Try correcting the name to the name of an existing method, or defining a method named '$_setField'.
  set clientUploadStartTime($5.TimestampInfo value) => $_setField(5, value);
                                                       ^^^^^^^^^^
lib/generated/spacex_api/device/wifi.pb.dart:11840:40: Error: The method '$_clearField' isn't defined for the type 'starlink_router_client_speedtests'.
 - 'starlink_router_client_speedtests' is from 'package:starlink_isp_app/generated/spacex_api/device/wifi.pb.dart' ('lib/generated/spacex_api/device/wifi.pb.dart').
Try correcting the name to the name of an existing method, or defining a method named '$_clearField'.
  void clearClientUploadStartTime() => $_clearField(5);
                                       ^^^^^^^^^^^^
lib/generated/spacex_api/device/wifi.pb.dart:11847:32: Error: 'FloatValue' isn't a type.
  set clientDownloadMbpsAvg($4.FloatValue value) => $_setField(6, value);
                               ^^^^^^^^^^
lib/generated/spacex_api/device/wifi.pb.dart:11847:53: Error: The method '$_setField' isn't defined for the type 'starlink_router_client_speedtests'.
 - 'starlink_router_client_speedtests' is from 'package:starlink_isp_app/generated/spacex_api/device/wifi.pb.dart' ('lib/generated/spacex_api/device/wifi.pb.dart').
Try correcting the name to the name of an existing method, or defining a method named '$_setField'.
  set clientDownloadMbpsAvg($4.FloatValue value) => $_setField(6, value);
                                                    ^^^^^^^^^^
lib/generated/spacex_api/device/wifi.pb.dart:11851:40: Error: The method '$_clearField' isn't defined for the type 'starlink_router_client_speedtests'.
 - 'starlink_router_client_speedtests' is from 'package:starlink_isp_app/generated/spacex_api/device/wifi.pb.dart' ('lib/generated/spacex_api/device/wifi.pb.dart').
Try correcting the name to the name of an existing method, or defining a method named '$_clearField'.
  void clearClientDownloadMbpsAvg() => $_clearField(6);
                                       ^^^^^^^^^^^^
lib/generated/spacex_api/device/wifi.pb.dart:11858:30: Error: 'FloatValue' isn't a type.
  set clientUploadMbpsAvg($4.FloatValue value) => $_setField(7, value);
                             ^^^^^^^^^^
lib/generated/spacex_api/device/wifi.pb.dart:11858:51: Error: The method '$_setField' isn't defined for the type 'starlink_router_client_speedtests'.
 - 'starlink_router_client_speedtests' is from 'package:starlink_isp_app/generated/spacex_api/device/wifi.pb.dart' ('lib/generated/spacex_api/device/wifi.pb.dart').
Try correcting the name to the name of an existing method, or defining a method named '$_setField'.
  set clientUploadMbpsAvg($4.FloatValue value) => $_setField(7, value);
                                                  ^^^^^^^^^^
lib/generated/spacex_api/device/wifi.pb.dart:11862:38: Error: The method '$_clearField' isn't defined for the type 'starlink_router_client_speedtests'.
 - 'starlink_router_client_speedtests' is from 'package:starlink_isp_app/generated/spacex_api/device/wifi.pb.dart' ('lib/generated/spacex_api/device/wifi.pb.dart').
Try correcting the name to the name of an existing method, or defining a method named '$_clearField'.
  void clearClientUploadMbpsAvg() => $_clearField(7);
                                     ^^^^^^^^^^^^
lib/generated/spacex_api/device/wifi.pb.dart:11869:21: Error: 'FloatValue' isn't a type.
  set clientRssi($4.FloatValue value) => $_setField(8, value);
                    ^^^^^^^^^^
lib/generated/spacex_api/device/wifi.pb.dart:11869:42: Error: The method '$_setField' isn't defined for the type 'starlink_router_client_speedtests'.
 - 'starlink_router_client_speedtests' is from 'package:starlink_isp_app/generated/spacex_api/device/wifi.pb.dart' ('lib/generated/spacex_api/device/wifi.pb.dart').
Try correcting the name to the name of an existing method, or defining a method named '$_setField'.
  set clientRssi($4.FloatValue value) => $_setField(8, value);
                                         ^^^^^^^^^^
lib/generated/spacex_api/device/wifi.pb.dart:11873:29: Error: The method '$_clearField' isn't defined for the type 'starlink_router_client_speedtests'.
 - 'starlink_router_client_speedtests' is from 'package:starlink_isp_app/generated/spacex_api/device/wifi.pb.dart' ('lib/generated/spacex_api/device/wifi.pb.dart').
Try correcting the name to the name of an existing method, or defining a method named '$_clearField'.
  void clearClientRssi() => $_clearField(8);
                            ^^^^^^^^^^^^
lib/generated/spacex_api/device/wifi.pb.dart:11880:21: Error: 'FloatValue' isn't a type.
  set routerRssi($4.FloatValue value) => $_setField(9, value);
                    ^^^^^^^^^^
lib/generated/spacex_api/device/wifi.pb.dart:11880:42: Error: The method '$_setField' isn't defined for the type 'starlink_router_client_speedtests'.
 - 'starlink_router_client_speedtests' is from 'package:starlink_isp_app/generated/spacex_api/device/wifi.pb.dart' ('lib/generated/spacex_api/device/wifi.pb.dart').
Try correcting the name to the name of an existing method, or defining a method named '$_setField'.
  set routerRssi($4.FloatValue value) => $_setField(9, value);
                                         ^^^^^^^^^^
lib/generated/spacex_api/device/wifi.pb.dart:11884:29: Error: The method '$_clearField' isn't defined for the type 'starlink_router_client_speedtests'.
 - 'starlink_router_client_speedtests' is from 'package:starlink_isp_app/generated/spacex_api/device/wifi.pb.dart' ('lib/generated/spacex_api/device/wifi.pb.dart').
Try correcting the name to the name of an existing method, or defining a method named '$_clearField'.
  void clearRouterRssi() => $_clearField(9);
                            ^^^^^^^^^^^^
lib/generated/spacex_api/device/wifi.pb.dart:11891:22: Error: 'UInt32Value' isn't a type.
  set clientIface($4.UInt32Value value) => $_setField(10, value);
                     ^^^^^^^^^^^
lib/generated/spacex_api/device/wifi.pb.dart:11891:44: Error: The method '$_setField' isn't defined for the type 'starlink_router_client_speedtests'.
 - 'starlink_router_client_speedtests' is from 'package:starlink_isp_app/generated/spacex_api/device/wifi.pb.dart' ('lib/generated/spacex_api/device/wifi.pb.dart').
Try correcting the name to the name of an existing method, or defining a method named '$_setField'.
  set clientIface($4.UInt32Value value) => $_setField(10, value);
                                           ^^^^^^^^^^
lib/generated/spacex_api/device/wifi.pb.dart:11895:30: Error: The method '$_clearField' isn't defined for the type 'starlink_router_client_speedtests'.
 - 'starlink_router_client_speedtests' is from 'package:starlink_isp_app/generated/spacex_api/device/wifi.pb.dart' ('lib/generated/spacex_api/device/wifi.pb.dart').
Try correcting the name to the name of an existing method, or defining a method named '$_clearField'.
  void clearClientIface() => $_clearField(10);
                             ^^^^^^^^^^^^
lib/generated/spacex_api/device/wifi.pb.dart:11902:20: Error: 'StringValue' isn't a type.
  set clientOui($4.StringValue value) => $_setField(11, value);
                   ^^^^^^^^^^^
lib/generated/spacex_api/device/wifi.pb.dart:11902:42: Error: The method '$_setField' isn't defined for the type 'starlink_router_client_speedtests'.
 - 'starlink_router_client_speedtests' is from 'package:starlink_isp_app/generated/spacex_api/device/wifi.pb.dart' ('lib/generated/spacex_api/device/wifi.pb.dart').
Try correcting the name to the name of an existing method, or defining a method named '$_setField'.
  set clientOui($4.StringValue value) => $_setField(11, value);
                                         ^^^^^^^^^^
lib/generated/spacex_api/device/wifi.pb.dart:11906:28: Error: The method '$_clearField' isn't defined for the type 'starlink_router_client_speedtests'.
 - 'starlink_router_client_speedtests' is from 'package:starlink_isp_app/generated/spacex_api/device/wifi.pb.dart' ('lib/generated/spacex_api/device/wifi.pb.dart').
Try correcting the name to the name of an existing method, or defining a method named '$_clearField'.
  void clearClientOui() => $_clearField(11);
                           ^^^^^^^^^^^^
lib/generated/spacex_api/device/wifi.pb.dart:11913:23: Error: 'UInt32Value' isn't a type.
  set clientTxRate($4.UInt32Value value) => $_setField(12, value);
                      ^^^^^^^^^^^
lib/generated/spacex_api/device/wifi.pb.dart:11913:45: Error: The method '$_setField' isn't defined for the type 'starlink_router_client_speedtests'.
 - 'starlink_router_client_speedtests' is from 'package:starlink_isp_app/generated/spacex_api/device/wifi.pb.dart' ('lib/generated/spacex_api/device/wifi.pb.dart').
Try correcting the name to the name of an existing method, or defining a method named '$_setField'.
  set clientTxRate($4.UInt32Value value) => $_setField(12, value);
                                            ^^^^^^^^^^
lib/generated/spacex_api/device/wifi.pb.dart:11917:31: Error: The method '$_clearField' isn't defined for the type 'starlink_router_client_speedtests'.
 - 'starlink_router_client_speedtests' is from 'package:starlink_isp_app/generated/spacex_api/device/wifi.pb.dart' ('lib/generated/spacex_api/device/wifi.pb.dart').
Try correcting the name to the name of an existing method, or defining a method named '$_clearField'.
  void clearClientTxRate() => $_clearField(12);
                              ^^^^^^^^^^^^
lib/generated/spacex_api/device/wifi.pb.dart:11924:23: Error: 'UInt32Value' isn't a type.
  set clientRxRate($4.UInt32Value value) => $_setField(13, value);
                      ^^^^^^^^^^^
lib/generated/spacex_api/device/wifi.pb.dart:11924:45: Error: The method '$_setField' isn't defined for the type 'starlink_router_client_speedtests'.
 - 'starlink_router_client_speedtests' is from 'package:starlink_isp_app/generated/spacex_api/device/wifi.pb.dart' ('lib/generated/spacex_api/device/wifi.pb.dart').
Try correcting the name to the name of an existing method, or defining a method named '$_setField'.
  set clientRxRate($4.UInt32Value value) => $_setField(13, value);
                                            ^^^^^^^^^^
lib/generated/spacex_api/device/wifi.pb.dart:11928:31: Error: The method '$_clearField' isn't defined for the type 'starlink_router_client_speedtests'.
 - 'starlink_router_client_speedtests' is from 'package:starlink_isp_app/generated/spacex_api/device/wifi.pb.dart' ('lib/generated/spacex_api/device/wifi.pb.dart').
Try correcting the name to the name of an existing method, or defining a method named '$_clearField'.
  void clearClientRxRate() => $_clearField(13);
                              ^^^^^^^^^^^^
lib/generated/spacex_api/device/wifi.pb.dart:11935:27: Error: 'UInt32Value' isn't a type.
  set clientTcpStreams($4.UInt32Value value) => $_setField(16, value);
                          ^^^^^^^^^^^
lib/generated/spacex_api/device/wifi.pb.dart:11935:49: Error: The method '$_setField' isn't defined for the type 'starlink_router_client_speedtests'.
 - 'starlink_router_client_speedtests' is from 'package:starlink_isp_app/generated/spacex_api/device/wifi.pb.dart' ('lib/generated/spacex_api/device/wifi.pb.dart').
Try correcting the name to the name of an existing method, or defining a method named '$_setField'.
  set clientTcpStreams($4.UInt32Value value) => $_setField(16, value);
                                                ^^^^^^^^^^
lib/generated/spacex_api/device/wifi.pb.dart:11939:35: Error: The method '$_clearField' isn't defined for the type 'starlink_router_client_speedtests'.
 - 'starlink_router_client_speedtests' is from 'package:starlink_isp_app/generated/spacex_api/device/wifi.pb.dart' ('lib/generated/spacex_api/device/wifi.pb.dart').
Try correcting the name to the name of an existing method, or defining a method named '$_clearField'.
  void clearClientTcpStreams() => $_clearField(16);
                                  ^^^^^^^^^^^^
lib/generated/spacex_api/device/wifi.pb.dart:11946:58: Error: The method '$_setField' isn't defined for the type 'starlink_router_client_speedtests'.
 - 'starlink_router_client_speedtests' is from 'package:starlink_isp_app/generated/spacex_api/device/wifi.pb.dart' ('lib/generated/spacex_api/device/wifi.pb.dart').
Try correcting the name to the name of an existing method, or defining a method named '$_setField'.
  set routerDownloadStartTime($5.TimestampInfo value) => $_setField(17, value);
                                                         ^^^^^^^^^^
lib/generated/spacex_api/device/wifi.pb.dart:11950:42: Error: The method '$_clearField' isn't defined for the type 'starlink_router_client_speedtests'.
 - 'starlink_router_client_speedtests' is from 'package:starlink_isp_app/generated/spacex_api/device/wifi.pb.dart' ('lib/generated/spacex_api/device/wifi.pb.dart').
Try correcting the name to the name of an existing method, or defining a method named '$_clearField'.
  void clearRouterDownloadStartTime() => $_clearField(17);
                                         ^^^^^^^^^^^^
lib/generated/spacex_api/device/wifi.pb.dart:11957:56: Error: The method '$_setField' isn't defined for the type 'starlink_router_client_speedtests'.
 - 'starlink_router_client_speedtests' is from 'package:starlink_isp_app/generated/spacex_api/device/wifi.pb.dart' ('lib/generated/spacex_api/device/wifi.pb.dart').
Try correcting the name to the name of an existing method, or defining a method named '$_setField'.
  set routerUploadStartTime($5.TimestampInfo value) => $_setField(18, value);
                                                       ^^^^^^^^^^
lib/generated/spacex_api/device/wifi.pb.dart:11961:40: Error: The method '$_clearField' isn't defined for the type 'starlink_router_client_speedtests'.
 - 'starlink_router_client_speedtests' is from 'package:starlink_isp_app/generated/spacex_api/device/wifi.pb.dart' ('lib/generated/spacex_api/device/wifi.pb.dart').
Try correcting the name to the name of an existing method, or defining a method named '$_clearField'.
  void clearRouterUploadStartTime() => $_clearField(18);
                                       ^^^^^^^^^^^^
lib/generated/spacex_api/device/wifi.pb.dart:11968:32: Error: 'FloatValue' isn't a type.
  set routerDownloadMbpsAvg($4.FloatValue value) => $_setField(19, value);
                               ^^^^^^^^^^
lib/generated/spacex_api/device/wifi.pb.dart:11968:53: Error: The method '$_setField' isn't defined for the type 'starlink_router_client_speedtests'.
 - 'starlink_router_client_speedtests' is from 'package:starlink_isp_app/generated/spacex_api/device/wifi.pb.dart' ('lib/generated/spacex_api/device/wifi.pb.dart').
Try correcting the name to the name of an existing method, or defining a method named '$_setField'.
  set routerDownloadMbpsAvg($4.FloatValue value) => $_setField(19, value);
                                                    ^^^^^^^^^^
lib/generated/spacex_api/device/wifi.pb.dart:11972:40: Error: The method '$_clearField' isn't defined for the type 'starlink_router_client_speedtests'.
 - 'starlink_router_client_speedtests' is from 'package:starlink_isp_app/generated/spacex_api/device/wifi.pb.dart' ('lib/generated/spacex_api/device/wifi.pb.dart').
Try correcting the name to the name of an existing method, or defining a method named '$_clearField'.
  void clearRouterDownloadMbpsAvg() => $_clearField(19);
                                       ^^^^^^^^^^^^
lib/generated/spacex_api/device/wifi.pb.dart:11979:30: Error: 'FloatValue' isn't a type.
  set routerUploadMbpsAvg($4.FloatValue value) => $_setField(20, value);
                             ^^^^^^^^^^
lib/generated/spacex_api/device/wifi.pb.dart:11979:51: Error: The method '$_setField' isn't defined for the type 'starlink_router_client_speedtests'.
 - 'starlink_router_client_speedtests' is from 'package:starlink_isp_app/generated/spacex_api/device/wifi.pb.dart' ('lib/generated/spacex_api/device/wifi.pb.dart').
Try correcting the name to the name of an existing method, or defining a method named '$_setField'.
  set routerUploadMbpsAvg($4.FloatValue value) => $_setField(20, value);
                                                  ^^^^^^^^^^
lib/generated/spacex_api/device/wifi.pb.dart:11983:38: Error: The method '$_clearField' isn't defined for the type 'starlink_router_client_speedtests'.
 - 'starlink_router_client_speedtests' is from 'package:starlink_isp_app/generated/spacex_api/device/wifi.pb.dart' ('lib/generated/spacex_api/device/wifi.pb.dart').
Try correcting the name to the name of an existing method, or defining a method named '$_clearField'.
  void clearRouterUploadMbpsAvg() => $_clearField(20);
                                     ^^^^^^^^^^^^
lib/generated/spacex_api/device/wifi.pb.dart:11990:27: Error: 'UInt32Value' isn't a type.
  set routerTcpStreams($4.UInt32Value value) => $_setField(22, value);
                          ^^^^^^^^^^^
lib/generated/spacex_api/device/wifi.pb.dart:11990:49: Error: The method '$_setField' isn't defined for the type 'starlink_router_client_speedtests'.
 - 'starlink_router_client_speedtests' is from 'package:starlink_isp_app/generated/spacex_api/device/wifi.pb.dart' ('lib/generated/spacex_api/device/wifi.pb.dart').
Try correcting the name to the name of an existing method, or defining a method named '$_setField'.
  set routerTcpStreams($4.UInt32Value value) => $_setField(22, value);
                                                ^^^^^^^^^^
lib/generated/spacex_api/device/wifi.pb.dart:11994:35: Error: The method '$_clearField' isn't defined for the type 'starlink_router_client_speedtests'.
 - 'starlink_router_client_speedtests' is from 'package:starlink_isp_app/generated/spacex_api/device/wifi.pb.dart' ('lib/generated/spacex_api/device/wifi.pb.dart').
Try correcting the name to the name of an existing method, or defining a method named '$_clearField'.
  void clearRouterTcpStreams() => $_clearField(22);
                                  ^^^^^^^^^^^^
lib/generated/spacex_api/device/wifi.pb.dart:12001:56: Error: The method '$_setField' isn't defined for the type 'starlink_router_client_speedtests'.
 - 'starlink_router_client_speedtests' is from 'package:starlink_isp_app/generated/spacex_api/device/wifi.pb.dart' ('lib/generated/spacex_api/device/wifi.pb.dart').
Try correcting the name to the name of an existing method, or defining a method named '$_setField'.
  set wifiDownloadStartTime($5.TimestampInfo value) => $_setField(23, value);
                                                       ^^^^^^^^^^
lib/generated/spacex_api/device/wifi.pb.dart:12005:40: Error: The method '$_clearField' isn't defined for the type 'starlink_router_client_speedtests'.
 - 'starlink_router_client_speedtests' is from 'package:starlink_isp_app/generated/spacex_api/device/wifi.pb.dart' ('lib/generated/spacex_api/device/wifi.pb.dart').
Try correcting the name to the name of an existing method, or defining a method named '$_clearField'.
  void clearWifiDownloadStartTime() => $_clearField(23);
                                       ^^^^^^^^^^^^
lib/generated/spacex_api/device/wifi.pb.dart:12012:54: Error: The method '$_setField' isn't defined for the type 'starlink_router_client_speedtests'.
 - 'starlink_router_client_speedtests' is from 'package:starlink_isp_app/generated/spacex_api/device/wifi.pb.dart' ('lib/generated/spacex_api/device/wifi.pb.dart').
Try correcting the name to the name of an existing method, or defining a method named '$_setField'.
  set wifiUploadStartTime($5.TimestampInfo value) => $_setField(24, value);
                                                     ^^^^^^^^^^
lib/generated/spacex_api/device/wifi.pb.dart:12016:38: Error: The method '$_clearField' isn't defined for the type 'starlink_router_client_speedtests'.
 - 'starlink_router_client_speedtests' is from 'package:starlink_isp_app/generated/spacex_api/device/wifi.pb.dart' ('lib/generated/spacex_api/device/wifi.pb.dart').
Try correcting the name to the name of an existing method, or defining a method named '$_clearField'.
  void clearWifiUploadStartTime() => $_clearField(24);
                                     ^^^^^^^^^^^^
lib/generated/spacex_api/device/wifi.pb.dart:12023:30: Error: 'FloatValue' isn't a type.
  set wifiDownloadMbpsAvg($4.FloatValue value) => $_setField(25, value);
                             ^^^^^^^^^^
lib/generated/spacex_api/device/wifi.pb.dart:12023:51: Error: The method '$_setField' isn't defined for the type 'starlink_router_client_speedtests'.
 - 'starlink_router_client_speedtests' is from 'package:starlink_isp_app/generated/spacex_api/device/wifi.pb.dart' ('lib/generated/spacex_api/device/wifi.pb.dart').
Try correcting the name to the name of an existing method, or defining a method named '$_setField'.
  set wifiDownloadMbpsAvg($4.FloatValue value) => $_setField(25, value);
                                                  ^^^^^^^^^^
lib/generated/spacex_api/device/wifi.pb.dart:12027:38: Error: The method '$_clearField' isn't defined for the type 'starlink_router_client_speedtests'.
 - 'starlink_router_client_speedtests' is from 'package:starlink_isp_app/generated/spacex_api/device/wifi.pb.dart' ('lib/generated/spacex_api/device/wifi.pb.dart').
Try correcting the name to the name of an existing method, or defining a method named '$_clearField'.
  void clearWifiDownloadMbpsAvg() => $_clearField(25);
                                     ^^^^^^^^^^^^
lib/generated/spacex_api/device/wifi.pb.dart:12034:28: Error: 'FloatValue' isn't a type.
  set wifiUploadMbpsAvg($4.FloatValue value) => $_setField(26, value);
                           ^^^^^^^^^^
lib/generated/spacex_api/device/wifi.pb.dart:12034:49: Error: The method '$_setField' isn't defined for the type 'starlink_router_client_speedtests'.
 - 'starlink_router_client_speedtests' is from 'package:starlink_isp_app/generated/spacex_api/device/wifi.pb.dart' ('lib/generated/spacex_api/device/wifi.pb.dart').
Try correcting the name to the name of an existing method, or defining a method named '$_setField'.
  set wifiUploadMbpsAvg($4.FloatValue value) => $_setField(26, value);
                                                ^^^^^^^^^^
lib/generated/spacex_api/device/wifi.pb.dart:12038:36: Error: The method '$_clearField' isn't defined for the type 'starlink_router_client_speedtests'.
 - 'starlink_router_client_speedtests' is from 'package:starlink_isp_app/generated/spacex_api/device/wifi.pb.dart' ('lib/generated/spacex_api/device/wifi.pb.dart').
Try correcting the name to the name of an existing method, or defining a method named '$_clearField'.
  void clearWifiUploadMbpsAvg() => $_clearField(26);
                                   ^^^^^^^^^^^^
lib/generated/spacex_api/device/wifi.pb.dart:12045:29: Error: 'StringValue' isn't a type.
  set clientPlatformType($4.StringValue value) => $_setField(27, value);
                            ^^^^^^^^^^^
lib/generated/spacex_api/device/wifi.pb.dart:12045:51: Error: The method '$_setField' isn't defined for the type 'starlink_router_client_speedtests'.
 - 'starlink_router_client_speedtests' is from 'package:starlink_isp_app/generated/spacex_api/device/wifi.pb.dart' ('lib/generated/spacex_api/device/wifi.pb.dart').
Try correcting the name to the name of an existing method, or defining a method named '$_setField'.
  set clientPlatformType($4.StringValue value) => $_setField(27, value);
                                                  ^^^^^^^^^^
lib/generated/spacex_api/device/wifi.pb.dart:12049:37: Error: The method '$_clearField' isn't defined for the type 'starlink_router_client_speedtests'.
 - 'starlink_router_client_speedtests' is from 'package:starlink_isp_app/generated/spacex_api/device/wifi.pb.dart' ('lib/generated/spacex_api/device/wifi.pb.dart').
Try correcting the name to the name of an existing method, or defining a method named '$_clearField'.
  void clearClientPlatformType() => $_clearField(27);
                                    ^^^^^^^^^^^^
lib/generated/spacex_api/device/wifi.pb.dart:12056:23: Error: 'StringValue' isn't a type.
  set clientTarget($4.StringValue value) => $_setField(28, value);
                      ^^^^^^^^^^^
lib/generated/spacex_api/device/wifi.pb.dart:12056:45: Error: The method '$_setField' isn't defined for the type 'starlink_router_client_speedtests'.
 - 'starlink_router_client_speedtests' is from 'package:starlink_isp_app/generated/spacex_api/device/wifi.pb.dart' ('lib/generated/spacex_api/device/wifi.pb.dart').
Try correcting the name to the name of an existing method, or defining a method named '$_setField'.
  set clientTarget($4.StringValue value) => $_setField(28, value);
                                            ^^^^^^^^^^
lib/generated/spacex_api/device/wifi.pb.dart:12060:31: Error: The method '$_clearField' isn't defined for the type 'starlink_router_client_speedtests'.
 - 'starlink_router_client_speedtests' is from 'package:starlink_isp_app/generated/spacex_api/device/wifi.pb.dart' ('lib/generated/spacex_api/device/wifi.pb.dart').
Try correcting the name to the name of an existing method, or defining a method named '$_clearField'.
  void clearClientTarget() => $_clearField(28);
                              ^^^^^^^^^^^^
lib/generated/spacex_api/device/wifi.pb.dart:12067:23: Error: 'StringValue' isn't a type.
  set routerTarget($4.StringValue value) => $_setField(29, value);
                      ^^^^^^^^^^^
lib/generated/spacex_api/device/wifi.pb.dart:12067:45: Error: The method '$_setField' isn't defined for the type 'starlink_router_client_speedtests'.
 - 'starlink_router_client_speedtests' is from 'package:starlink_isp_app/generated/spacex_api/device/wifi.pb.dart' ('lib/generated/spacex_api/device/wifi.pb.dart').
Try correcting the name to the name of an existing method, or defining a method named '$_setField'.
  set routerTarget($4.StringValue value) => $_setField(29, value);
                                            ^^^^^^^^^^
lib/generated/spacex_api/device/wifi.pb.dart:12071:31: Error: The method '$_clearField' isn't defined for the type 'starlink_router_client_speedtests'.
 - 'starlink_router_client_speedtests' is from 'package:starlink_isp_app/generated/spacex_api/device/wifi.pb.dart' ('lib/generated/spacex_api/device/wifi.pb.dart').
Try correcting the name to the name of an existing method, or defining a method named '$_clearField'.
  void clearRouterTarget() => $_clearField(29);
                              ^^^^^^^^^^^^
lib/generated/spacex_api/device/wifi.pb.dart:12078:22: Error: 'StringValue' isn't a type.
  set speedtestId($4.StringValue value) => $_setField(30, value);
                     ^^^^^^^^^^^
lib/generated/spacex_api/device/wifi.pb.dart:12078:44: Error: The method '$_setField' isn't defined for the type 'starlink_router_client_speedtests'.
 - 'starlink_router_client_speedtests' is from 'package:starlink_isp_app/generated/spacex_api/device/wifi.pb.dart' ('lib/generated/spacex_api/device/wifi.pb.dart').
Try correcting the name to the name of an existing method, or defining a method named '$_setField'.
  set speedtestId($4.StringValue value) => $_setField(30, value);
                                           ^^^^^^^^^^
lib/generated/spacex_api/device/wifi.pb.dart:12082:30: Error: The method '$_clearField' isn't defined for the type 'starlink_router_client_speedtests'.
 - 'starlink_router_client_speedtests' is from 'package:starlink_isp_app/generated/spacex_api/device/wifi.pb.dart' ('lib/generated/spacex_api/device/wifi.pb.dart').
Try correcting the name to the name of an existing method, or defining a method named '$_clearField'.
  void clearSpeedtestId() => $_clearField(30);
                             ^^^^^^^^^^^^
lib/generated/spacex_api/device/wifi.pb.dart:12089:26: Error: 'UInt32Value' isn't a type.
  set clientRxPhyMode($4.UInt32Value value) => $_setField(31, value);
                         ^^^^^^^^^^^
lib/generated/spacex_api/device/wifi.pb.dart:12089:48: Error: The method '$_setField' isn't defined for the type 'starlink_router_client_speedtests'.
 - 'starlink_router_client_speedtests' is from 'package:starlink_isp_app/generated/spacex_api/device/wifi.pb.dart' ('lib/generated/spacex_api/device/wifi.pb.dart').
Try correcting the name to the name of an existing method, or defining a method named '$_setField'.
  set clientRxPhyMode($4.UInt32Value value) => $_setField(31, value);
                                               ^^^^^^^^^^
lib/generated/spacex_api/device/wifi.pb.dart:12093:34: Error: The method '$_clearField' isn't defined for the type 'starlink_router_client_speedtests'.
 - 'starlink_router_client_speedtests' is from 'package:starlink_isp_app/generated/spacex_api/device/wifi.pb.dart' ('lib/generated/spacex_api/device/wifi.pb.dart').
Try correcting the name to the name of an existing method, or defining a method named '$_clearField'.
  void clearClientRxPhyMode() => $_clearField(31);
                                 ^^^^^^^^^^^^
lib/generated/spacex_api/device/wifi.pb.dart:12100:33: Error: 'UInt32Value' isn't a type.
  set clientRxSpatialStreams($4.UInt32Value value) => $_setField(32, value);
                                ^^^^^^^^^^^
lib/generated/spacex_api/device/wifi.pb.dart:12100:55: Error: The method '$_setField' isn't defined for the type 'starlink_router_client_speedtests'.
 - 'starlink_router_client_speedtests' is from 'package:starlink_isp_app/generated/spacex_api/device/wifi.pb.dart' ('lib/generated/spacex_api/device/wifi.pb.dart').
Try correcting the name to the name of an existing method, or defining a method named '$_setField'.
  set clientRxSpatialStreams($4.UInt32Value value) => $_setField(32, value);
                                                      ^^^^^^^^^^
lib/generated/spacex_api/device/wifi.pb.dart:12104:41: Error: The method '$_clearField' isn't defined for the type 'starlink_router_client_speedtests'.
 - 'starlink_router_client_speedtests' is from 'package:starlink_isp_app/generated/spacex_api/device/wifi.pb.dart' ('lib/generated/spacex_api/device/wifi.pb.dart').
Try correcting the name to the name of an existing method, or defining a method named '$_clearField'.
  void clearClientRxSpatialStreams() => $_clearField(32);
                                        ^^^^^^^^^^^^
lib/generated/spacex_api/device/wifi.pb.dart:12111:22: Error: 'UInt32Value' isn't a type.
  set clientRxMcs($4.UInt32Value value) => $_setField(33, value);
                     ^^^^^^^^^^^
lib/generated/spacex_api/device/wifi.pb.dart:12111:44: Error: The method '$_setField' isn't defined for the type 'starlink_router_client_speedtests'.
 - 'starlink_router_client_speedtests' is from 'package:starlink_isp_app/generated/spacex_api/device/wifi.pb.dart' ('lib/generated/spacex_api/device/wifi.pb.dart').
Try correcting the name to the name of an existing method, or defining a method named '$_setField'.
  set clientRxMcs($4.UInt32Value value) => $_setField(33, value);
                                           ^^^^^^^^^^
lib/generated/spacex_api/device/wifi.pb.dart:12115:30: Error: The method '$_clearField' isn't defined for the type 'starlink_router_client_speedtests'.
 - 'starlink_router_client_speedtests' is from 'package:starlink_isp_app/generated/spacex_api/device/wifi.pb.dart' ('lib/generated/spacex_api/device/wifi.pb.dart').
Try correcting the name to the name of an existing method, or defining a method named '$_clearField'.
  void clearClientRxMcs() => $_clearField(33);
                             ^^^^^^^^^^^^
lib/generated/spacex_api/device/wifi.pb.dart:12122:27: Error: 'StringValue' isn't a type.
  set clientAppVersion($4.StringValue value) => $_setField(34, value);
                          ^^^^^^^^^^^
lib/generated/spacex_api/device/wifi.pb.dart:12122:49: Error: The method '$_setField' isn't defined for the type 'starlink_router_client_speedtests'.
 - 'starlink_router_client_speedtests' is from 'package:starlink_isp_app/generated/spacex_api/device/wifi.pb.dart' ('lib/generated/spacex_api/device/wifi.pb.dart').
Try correcting the name to the name of an existing method, or defining a method named '$_setField'.
  set clientAppVersion($4.StringValue value) => $_setField(34, value);
                                                ^^^^^^^^^^
lib/generated/spacex_api/device/wifi.pb.dart:12126:35: Error: The method '$_clearField' isn't defined for the type 'starlink_router_client_speedtests'.
 - 'starlink_router_client_speedtests' is from 'package:starlink_isp_app/generated/spacex_api/device/wifi.pb.dart' ('lib/generated/spacex_api/device/wifi.pb.dart').
Try correcting the name to the name of an existing method, or defining a method named '$_clearField'.
  void clearClientAppVersion() => $_clearField(34);
                                  ^^^^^^^^^^^^
lib/generated/spacex_api/device/wifi.pb.dart:12133:25: Error: 'UInt32Value' isn't a type.
  set clientAppBuild($4.UInt32Value value) => $_setField(35, value);
                        ^^^^^^^^^^^
lib/generated/spacex_api/device/wifi.pb.dart:12133:47: Error: The method '$_setField' isn't defined for the type 'starlink_router_client_speedtests'.
 - 'starlink_router_client_speedtests' is from 'package:starlink_isp_app/generated/spacex_api/device/wifi.pb.dart' ('lib/generated/spacex_api/device/wifi.pb.dart').
Try correcting the name to the name of an existing method, or defining a method named '$_setField'.
  set clientAppBuild($4.UInt32Value value) => $_setField(35, value);
                                              ^^^^^^^^^^
lib/generated/spacex_api/device/wifi.pb.dart:12137:33: Error: The method '$_clearField' isn't defined for the type 'starlink_router_client_speedtests'.
 - 'starlink_router_client_speedtests' is from 'package:starlink_isp_app/generated/spacex_api/device/wifi.pb.dart' ('lib/generated/spacex_api/device/wifi.pb.dart').
Try correcting the name to the name of an existing method, or defining a method named '$_clearField'.
  void clearClientAppBuild() => $_clearField(35);
                                ^^^^^^^^^^^^
lib/generated/spacex_api/device/wifi.pb.dart:12148:8: Error: 'StringValue' isn't a type.
    $4.StringValue? oui,
       ^^^^^^^^^^^
lib/generated/spacex_api/device/wifi.pb.dart:12149:8: Error: 'StringValue' isn't a type.
    $4.StringValue? upstreamId,
       ^^^^^^^^^^^
lib/generated/spacex_api/device/wifi.pb.dart:12150:8: Error: 'BoolValue' isn't a type.
    $4.BoolValue? isRepeater,
       ^^^^^^^^^
lib/generated/spacex_api/device/wifi.pb.dart:12151:8: Error: 'UInt32Value' isn't a type.
    $4.UInt32Value? connectedS,
       ^^^^^^^^^^^
lib/generated/spacex_api/device/wifi.pb.dart:12152:8: Error: 'StringValue' isn't a type.
    $4.StringValue? interface,
       ^^^^^^^^^^^
lib/generated/spacex_api/device/wifi.pb.dart:12153:8: Error: 'UInt32Value' isn't a type.
    $4.UInt32Value? radioChannel,
       ^^^^^^^^^^^
lib/generated/spacex_api/device/wifi.pb.dart:12154:8: Error: 'FloatValue' isn't a type.
    $4.FloatValue? rssi,
       ^^^^^^^^^^
lib/generated/spacex_api/device/wifi.pb.dart:12155:8: Error: 'UInt32Value' isn't a type.
    $4.UInt32Value? rxMcs,
       ^^^^^^^^^^^
lib/generated/spacex_api/device/wifi.pb.dart:12156:8: Error: 'UInt32Value' isn't a type.
    $4.UInt32Value? txMcs,
       ^^^^^^^^^^^
lib/generated/spacex_api/device/wifi.pb.dart:12157:8: Error: 'UInt32Value' isn't a type.
    $4.UInt32Value? rxRate,
       ^^^^^^^^^^^
lib/generated/spacex_api/device/wifi.pb.dart:12158:8: Error: 'UInt32Value' isn't a type.
    $4.UInt32Value? txRate,
       ^^^^^^^^^^^
lib/generated/spacex_api/device/wifi.pb.dart:12159:8: Error: 'UInt32Value' isn't a type.
    $4.UInt32Value? rxBandwidth,
       ^^^^^^^^^^^
lib/generated/spacex_api/device/wifi.pb.dart:12160:8: Error: 'UInt32Value' isn't a type.
    $4.UInt32Value? rxSpatialStreams,
       ^^^^^^^^^^^
lib/generated/spacex_api/device/wifi.pb.dart:12161:8: Error: 'UInt32Value' isn't a type.
    $4.UInt32Value? rxPhyMode,
       ^^^^^^^^^^^
lib/generated/spacex_api/device/wifi.pb.dart:12162:8: Error: 'FloatValue' isn't a type.
    $4.FloatValue? pingDropRateLast1h,
       ^^^^^^^^^^
lib/generated/spacex_api/device/wifi.pb.dart:12163:8: Error: 'FloatValue' isn't a type.
    $4.FloatValue? pingLatencyLast1h,
       ^^^^^^^^^^
lib/generated/spacex_api/device/wifi.pb.dart:12164:8: Error: 'StringValue' isn't a type.
    $4.StringValue? steerState,
       ^^^^^^^^^^^
lib/generated/spacex_api/device/wifi.pb.dart:12165:8: Error: 'UInt32Value' isn't a type.
    $4.UInt32Value? meshHops,
       ^^^^^^^^^^^
lib/generated/spacex_api/device/wifi.pb.dart:12166:8: Error: 'StringValue' isn't a type.
    $4.StringValue? routerHw,
       ^^^^^^^^^^^
lib/generated/spacex_api/device/wifi.pb.dart:12167:8: Error: 'StringValue' isn't a type.
    $4.StringValue? routerSw,
       ^^^^^^^^^^^
lib/generated/spacex_api/device/wifi.pb.dart:12168:8: Error: 'StringValue' isn't a type.
    $4.StringValue? clientRouterId,
       ^^^^^^^^^^^
lib/generated/spacex_api/device/wifi.pb.dart:12169:8: Error: 'StringValue' isn't a type.
    $4.StringValue? clientHw,
       ^^^^^^^^^^^
lib/generated/spacex_api/device/wifi.pb.dart:12170:8: Error: 'StringValue' isn't a type.
    $4.StringValue? clientSw,
       ^^^^^^^^^^^
lib/generated/spacex_api/device/wifi.pb.dart:12171:8: Error: 'FloatValue' isn't a type.
    $4.FloatValue? speedtestUploadMbps,
       ^^^^^^^^^^
lib/generated/spacex_api/device/wifi.pb.dart:12172:8: Error: 'FloatValue' isn't a type.
    $4.FloatValue? speedtestDownloadMbps,
       ^^^^^^^^^^
lib/generated/spacex_api/device/wifi.pb.dart:12173:8: Error: 'BoolValue' isn't a type.
    $4.BoolValue? blocked,
       ^^^^^^^^^
lib/generated/spacex_api/device/wifi.pb.dart:12174:8: Error: 'FloatValue' isn't a type.
    $4.FloatValue? siteSurveyRssi,
       ^^^^^^^^^^
lib/generated/spacex_api/device/wifi.pb.dart:12175:8: Error: 'FloatValue' isn't a type.
    $4.FloatValue? siteSurveyEstRxRate,
       ^^^^^^^^^^
lib/generated/spacex_api/device/wifi.pb.dart:12176:8: Error: 'UInt32Value' isn't a type.
    $4.UInt32Value? estControllerThroughputMbps,
       ^^^^^^^^^^^
lib/generated/spacex_api/device/wifi.pb.dart:12177:8: Error: 'BoolValue' isn't a type.
    $4.BoolValue? hasDhcpV4Lease,
       ^^^^^^^^^
lib/generated/spacex_api/device/wifi.pb.dart:12178:8: Error: 'StringValue' isn't a type.
    $4.StringValue? ipv4Address,
       ^^^^^^^^^^^
lib/generated/spacex_api/device/wifi.pb.dart:12179:8: Error: 'BoolValue' isn't a type.
    $4.BoolValue? hasHostname,
       ^^^^^^^^^
lib/generated/spacex_api/device/wifi.pb.dart:12180:8: Error: 'BoolValue' isn't a type.
    $4.BoolValue? dhcpV4LeaseIsActive,
       ^^^^^^^^^
lib/generated/spacex_api/device/wifi.pb.dart:12181:8: Error: 'BoolValue' isn't a type.
    $4.BoolValue? dhcpV4LeaseWasRenewed,
       ^^^^^^^^^
lib/generated/spacex_api/device/wifi.pb.dart:12182:8: Error: 'FloatValue' isn't a type.
    $4.FloatValue? secondsUntilDhcpV4LeaseExpires,
       ^^^^^^^^^^
lib/generated/spacex_api/device/wifi.pb.dart:12183:8: Error: 'UInt32Value' isn't a type.
    $4.UInt32Value? routerUptimeS,
       ^^^^^^^^^^^
lib/generated/spacex_api/device/wifi.pb.dart:12184:8: Error: 'UInt32Value' isn't a type.
    $4.UInt32Value? dissociationsUnder10s,
       ^^^^^^^^^^^
lib/generated/spacex_api/device/wifi.pb.dart:12185:8: Error: 'UInt32Value' isn't a type.
    $4.UInt32Value? dissociationsUnder30s,
       ^^^^^^^^^^^
lib/generated/spacex_api/device/wifi.pb.dart:12186:8: Error: 'UInt32Value' isn't a type.
    $4.UInt32Value? dissociationsUnder60s,
       ^^^^^^^^^^^
lib/generated/spacex_api/device/wifi.pb.dart:12187:8: Error: 'UInt32Value' isn't a type.
    $4.UInt32Value? dissociationsUnder120s,
       ^^^^^^^^^^^
lib/generated/spacex_api/device/wifi.pb.dart:12188:8: Error: 'FloatValue' isn't a type.
    $4.FloatValue? secondsToConnTcpIpv4,
       ^^^^^^^^^^
lib/generated/spacex_api/device/wifi.pb.dart:12189:8: Error: 'FloatValue' isn't a type.
    $4.FloatValue? secondsToConnTcpIpv6,
       ^^^^^^^^^^
lib/generated/spacex_api/device/wifi.pb.dart:12190:8: Error: 'FloatValue' isn't a type.
    $4.FloatValue? secondsToConnUdpIpv4,
       ^^^^^^^^^^
lib/generated/spacex_api/device/wifi.pb.dart:12191:8: Error: 'FloatValue' isn't a type.
    $4.FloatValue? secondsToConnUdpIpv6,
       ^^^^^^^^^^
lib/generated/spacex_api/device/wifi.pb.dart:12192:8: Error: 'UInt32Value' isn't a type.
    $4.UInt32Value? flowsTcpIpv4,
       ^^^^^^^^^^^
lib/generated/spacex_api/device/wifi.pb.dart:12193:8: Error: 'UInt32Value' isn't a type.
    $4.UInt32Value? flowsTcpIpv6,
       ^^^^^^^^^^^
lib/generated/spacex_api/device/wifi.pb.dart:12194:8: Error: 'UInt32Value' isn't a type.
    $4.UInt32Value? flowsUdpIpv4,
       ^^^^^^^^^^^
lib/generated/spacex_api/device/wifi.pb.dart:12195:8: Error: 'UInt32Value' isn't a type.
    $4.UInt32Value? flowsUdpIpv6,
       ^^^^^^^^^^^
lib/generated/spacex_api/device/wifi.pb.dart:12291:14: Error: 'StringValue' isn't a type.
    ..aOM<$4.StringValue>(101, _omitFieldNames ? '' : 'oui',
             ^^^^^^^^^^^
lib/generated/spacex_api/device/wifi.pb.dart:12292:24: Error: Undefined name 'StringValue'.
        subBuilder: $4.StringValue.create)
                       ^^^^^^^^^^^
lib/generated/spacex_api/device/wifi.pb.dart:12293:14: Error: 'StringValue' isn't a type.
    ..aOM<$4.StringValue>(102, _omitFieldNames ? '' : 'upstreamId',
             ^^^^^^^^^^^
lib/generated/spacex_api/device/wifi.pb.dart:12294:24: Error: Undefined name 'StringValue'.
        subBuilder: $4.StringValue.create)
                       ^^^^^^^^^^^
lib/generated/spacex_api/device/wifi.pb.dart:12295:14: Error: 'BoolValue' isn't a type.
    ..aOM<$4.BoolValue>(103, _omitFieldNames ? '' : 'isRepeater',
             ^^^^^^^^^
lib/generated/spacex_api/device/wifi.pb.dart:12296:24: Error: Undefined name 'BoolValue'.
        subBuilder: $4.BoolValue.create)
                       ^^^^^^^^^
lib/generated/spacex_api/device/wifi.pb.dart:12297:14: Error: 'UInt32Value' isn't a type.
    ..aOM<$4.UInt32Value>(104, _omitFieldNames ? '' : 'connectedS',
             ^^^^^^^^^^^
lib/generated/spacex_api/device/wifi.pb.dart:12298:24: Error: Undefined name 'UInt32Value'.
        subBuilder: $4.UInt32Value.create)
                       ^^^^^^^^^^^
lib/generated/spacex_api/device/wifi.pb.dart:12299:14: Error: 'StringValue' isn't a type.
    ..aOM<$4.StringValue>(105, _omitFieldNames ? '' : 'interface',
             ^^^^^^^^^^^
lib/generated/spacex_api/device/wifi.pb.dart:12300:24: Error: Undefined name 'StringValue'.
        subBuilder: $4.StringValue.create)
                       ^^^^^^^^^^^
lib/generated/spacex_api/device/wifi.pb.dart:12301:14: Error: 'UInt32Value' isn't a type.
    ..aOM<$4.UInt32Value>(106, _omitFieldNames ? '' : 'radioChannel',
             ^^^^^^^^^^^
lib/generated/spacex_api/device/wifi.pb.dart:12302:24: Error: Undefined name 'UInt32Value'.
        subBuilder: $4.UInt32Value.create)
                       ^^^^^^^^^^^
lib/generated/spacex_api/device/wifi.pb.dart:12303:14: Error: 'FloatValue' isn't a type.
    ..aOM<$4.FloatValue>(107, _omitFieldNames ? '' : 'rssi',
             ^^^^^^^^^^
lib/generated/spacex_api/device/wifi.pb.dart:12304:24: Error: Undefined name 'FloatValue'.
        subBuilder: $4.FloatValue.create)
                       ^^^^^^^^^^
lib/generated/spacex_api/device/wifi.pb.dart:12305:14: Error: 'UInt32Value' isn't a type.
    ..aOM<$4.UInt32Value>(108, _omitFieldNames ? '' : 'rxMcs',
             ^^^^^^^^^^^
lib/generated/spacex_api/device/wifi.pb.dart:12306:24: Error: Undefined name 'UInt32Value'.
        subBuilder: $4.UInt32Value.create)
                       ^^^^^^^^^^^
lib/generated/spacex_api/device/wifi.pb.dart:12307:14: Error: 'UInt32Value' isn't a type.
    ..aOM<$4.UInt32Value>(109, _omitFieldNames ? '' : 'txMcs',
             ^^^^^^^^^^^
lib/generated/spacex_api/device/wifi.pb.dart:12308:24: Error: Undefined name 'UInt32Value'.
        subBuilder: $4.UInt32Value.create)
                       ^^^^^^^^^^^
lib/generated/spacex_api/device/wifi.pb.dart:12309:14: Error: 'UInt32Value' isn't a type.
    ..aOM<$4.UInt32Value>(110, _omitFieldNames ? '' : 'rxRate',
             ^^^^^^^^^^^
lib/generated/spacex_api/device/wifi.pb.dart:12310:24: Error: Undefined name 'UInt32Value'.
        subBuilder: $4.UInt32Value.create)
                       ^^^^^^^^^^^
lib/generated/spacex_api/device/wifi.pb.dart:12311:14: Error: 'UInt32Value' isn't a type.
    ..aOM<$4.UInt32Value>(111, _omitFieldNames ? '' : 'txRate',
             ^^^^^^^^^^^
lib/generated/spacex_api/device/wifi.pb.dart:12312:24: Error: Undefined name 'UInt32Value'.
        subBuilder: $4.UInt32Value.create)
                       ^^^^^^^^^^^
lib/generated/spacex_api/device/wifi.pb.dart:12313:14: Error: 'UInt32Value' isn't a type.
    ..aOM<$4.UInt32Value>(112, _omitFieldNames ? '' : 'rxBandwidth',
             ^^^^^^^^^^^
lib/generated/spacex_api/device/wifi.pb.dart:12314:24: Error: Undefined name 'UInt32Value'.
        subBuilder: $4.UInt32Value.create)
                       ^^^^^^^^^^^
lib/generated/spacex_api/device/wifi.pb.dart:12315:14: Error: 'UInt32Value' isn't a type.
    ..aOM<$4.UInt32Value>(113, _omitFieldNames ? '' : 'rxSpatialStreams',
             ^^^^^^^^^^^
lib/generated/spacex_api/device/wifi.pb.dart:12316:24: Error: Undefined name 'UInt32Value'.
        subBuilder: $4.UInt32Value.create)
                       ^^^^^^^^^^^
lib/generated/spacex_api/device/wifi.pb.dart:12317:14: Error: 'UInt32Value' isn't a type.
    ..aOM<$4.UInt32Value>(114, _omitFieldNames ? '' : 'rxPhyMode',
             ^^^^^^^^^^^
lib/generated/spacex_api/device/wifi.pb.dart:12318:24: Error: Undefined name 'UInt32Value'.
        subBuilder: $4.UInt32Value.create)
                       ^^^^^^^^^^^
lib/generated/spacex_api/device/wifi.pb.dart:12319:14: Error: 'FloatValue' isn't a type.
    ..aOM<$4.FloatValue>(115, _omitFieldNames ? '' : 'pingDropRateLast1h',
             ^^^^^^^^^^
lib/generated/spacex_api/device/wifi.pb.dart:12320:61: Error: Undefined name 'FloatValue'.
        protoName: 'ping_drop_rate_last_1h', subBuilder: $4.FloatValue.create)
                                                            ^^^^^^^^^^
lib/generated/spacex_api/device/wifi.pb.dart:12321:14: Error: 'FloatValue' isn't a type.
    ..aOM<$4.FloatValue>(116, _omitFieldNames ? '' : 'pingLatencyLast1h',
             ^^^^^^^^^^
lib/generated/spacex_api/device/wifi.pb.dart:12322:59: Error: Undefined name 'FloatValue'.
        protoName: 'ping_latency_last_1h', subBuilder: $4.FloatValue.create)
                                                          ^^^^^^^^^^
lib/generated/spacex_api/device/wifi.pb.dart:12323:14: Error: 'StringValue' isn't a type.
    ..aOM<$4.StringValue>(117, _omitFieldNames ? '' : 'steerState',
             ^^^^^^^^^^^
lib/generated/spacex_api/device/wifi.pb.dart:12324:24: Error: Undefined name 'StringValue'.
        subBuilder: $4.StringValue.create)
                       ^^^^^^^^^^^
lib/generated/spacex_api/device/wifi.pb.dart:12325:14: Error: 'UInt32Value' isn't a type.
    ..aOM<$4.UInt32Value>(118, _omitFieldNames ? '' : 'meshHops',
             ^^^^^^^^^^^
lib/generated/spacex_api/device/wifi.pb.dart:12326:24: Error: Undefined name 'UInt32Value'.
        subBuilder: $4.UInt32Value.create)
                       ^^^^^^^^^^^
lib/generated/spacex_api/device/wifi.pb.dart:12327:14: Error: 'StringValue' isn't a type.
    ..aOM<$4.StringValue>(119, _omitFieldNames ? '' : 'routerHw',
             ^^^^^^^^^^^
lib/generated/spacex_api/device/wifi.pb.dart:12328:24: Error: Undefined name 'StringValue'.
        subBuilder: $4.StringValue.create)
                       ^^^^^^^^^^^
lib/generated/spacex_api/device/wifi.pb.dart:12329:14: Error: 'StringValue' isn't a type.
    ..aOM<$4.StringValue>(120, _omitFieldNames ? '' : 'routerSw',
             ^^^^^^^^^^^
lib/generated/spacex_api/device/wifi.pb.dart:12330:24: Error: Undefined name 'StringValue'.
        subBuilder: $4.StringValue.create)
                       ^^^^^^^^^^^
lib/generated/spacex_api/device/wifi.pb.dart:12331:14: Error: 'StringValue' isn't a type.
    ..aOM<$4.StringValue>(121, _omitFieldNames ? '' : 'clientRouterId',
             ^^^^^^^^^^^
lib/generated/spacex_api/device/wifi.pb.dart:12332:24: Error: Undefined name 'StringValue'.
        subBuilder: $4.StringValue.create)
                       ^^^^^^^^^^^
lib/generated/spacex_api/device/wifi.pb.dart:12333:14: Error: 'StringValue' isn't a type.
    ..aOM<$4.StringValue>(122, _omitFieldNames ? '' : 'clientHw',
             ^^^^^^^^^^^
lib/generated/spacex_api/device/wifi.pb.dart:12334:24: Error: Undefined name 'StringValue'.
        subBuilder: $4.StringValue.create)
                       ^^^^^^^^^^^
lib/generated/spacex_api/device/wifi.pb.dart:12335:14: Error: 'StringValue' isn't a type.
    ..aOM<$4.StringValue>(123, _omitFieldNames ? '' : 'clientSw',
             ^^^^^^^^^^^
lib/generated/spacex_api/device/wifi.pb.dart:12336:24: Error: Undefined name 'StringValue'.
        subBuilder: $4.StringValue.create)
                       ^^^^^^^^^^^
lib/generated/spacex_api/device/wifi.pb.dart:12337:14: Error: 'FloatValue' isn't a type.
    ..aOM<$4.FloatValue>(124, _omitFieldNames ? '' : 'speedtestUploadMbps',
             ^^^^^^^^^^
lib/generated/spacex_api/device/wifi.pb.dart:12338:24: Error: Undefined name 'FloatValue'.
        subBuilder: $4.FloatValue.create)
                       ^^^^^^^^^^
lib/generated/spacex_api/device/wifi.pb.dart:12339:14: Error: 'FloatValue' isn't a type.
    ..aOM<$4.FloatValue>(125, _omitFieldNames ? '' : 'speedtestDownloadMbps',
             ^^^^^^^^^^
lib/generated/spacex_api/device/wifi.pb.dart:12340:24: Error: Undefined name 'FloatValue'.
        subBuilder: $4.FloatValue.create)
                       ^^^^^^^^^^
lib/generated/spacex_api/device/wifi.pb.dart:12341:14: Error: 'BoolValue' isn't a type.
    ..aOM<$4.BoolValue>(126, _omitFieldNames ? '' : 'blocked',
             ^^^^^^^^^
lib/generated/spacex_api/device/wifi.pb.dart:12342:24: Error: Undefined name 'BoolValue'.
        subBuilder: $4.BoolValue.create)
                       ^^^^^^^^^
lib/generated/spacex_api/device/wifi.pb.dart:12343:14: Error: 'FloatValue' isn't a type.
    ..aOM<$4.FloatValue>(127, _omitFieldNames ? '' : 'siteSurveyRssi',
             ^^^^^^^^^^
lib/generated/spacex_api/device/wifi.pb.dart:12344:24: Error: Undefined name 'FloatValue'.
        subBuilder: $4.FloatValue.create)
                       ^^^^^^^^^^
lib/generated/spacex_api/device/wifi.pb.dart:12345:14: Error: 'FloatValue' isn't a type.
    ..aOM<$4.FloatValue>(128, _omitFieldNames ? '' : 'siteSurveyEstRxRate',
             ^^^^^^^^^^
lib/generated/spacex_api/device/wifi.pb.dart:12346:24: Error: Undefined name 'FloatValue'.
        subBuilder: $4.FloatValue.create)
                       ^^^^^^^^^^
lib/generated/spacex_api/device/wifi.pb.dart:12347:14: Error: 'UInt32Value' isn't a type.
    ..aOM<$4.UInt32Value>(
             ^^^^^^^^^^^
lib/generated/spacex_api/device/wifi.pb.dart:12349:24: Error: Undefined name 'UInt32Value'.
        subBuilder: $4.UInt32Value.create)
                       ^^^^^^^^^^^
lib/generated/spacex_api/device/wifi.pb.dart:12350:14: Error: 'BoolValue' isn't a type.
    ..aOM<$4.BoolValue>(130, _omitFieldNames ? '' : 'hasDhcpV4Lease',
             ^^^^^^^^^
lib/generated/spacex_api/device/wifi.pb.dart:12351:24: Error: Undefined name 'BoolValue'.
        subBuilder: $4.BoolValue.create)
                       ^^^^^^^^^
lib/generated/spacex_api/device/wifi.pb.dart:12352:14: Error: 'StringValue' isn't a type.
    ..aOM<$4.StringValue>(131, _omitFieldNames ? '' : 'ipv4Address',
             ^^^^^^^^^^^
lib/generated/spacex_api/device/wifi.pb.dart:12353:24: Error: Undefined name 'StringValue'.
        subBuilder: $4.StringValue.create)
                       ^^^^^^^^^^^
lib/generated/spacex_api/device/wifi.pb.dart:12354:14: Error: 'BoolValue' isn't a type.
    ..aOM<$4.BoolValue>(132, _omitFieldNames ? '' : 'hasHostname',
             ^^^^^^^^^
lib/generated/spacex_api/device/wifi.pb.dart:12355:24: Error: Undefined name 'BoolValue'.
        subBuilder: $4.BoolValue.create)
                       ^^^^^^^^^
lib/generated/spacex_api/device/wifi.pb.dart:12356:14: Error: 'BoolValue' isn't a type.
    ..aOM<$4.BoolValue>(133, _omitFieldNames ? '' : 'dhcpV4LeaseIsActive',
             ^^^^^^^^^
lib/generated/spacex_api/device/wifi.pb.dart:12357:24: Error: Undefined name 'BoolValue'.
        subBuilder: $4.BoolValue.create)
                       ^^^^^^^^^
lib/generated/spacex_api/device/wifi.pb.dart:12358:14: Error: 'BoolValue' isn't a type.
    ..aOM<$4.BoolValue>(134, _omitFieldNames ? '' : 'dhcpV4LeaseWasRenewed',
             ^^^^^^^^^
lib/generated/spacex_api/device/wifi.pb.dart:12359:24: Error: Undefined name 'BoolValue'.
        subBuilder: $4.BoolValue.create)
                       ^^^^^^^^^
lib/generated/spacex_api/device/wifi.pb.dart:12360:14: Error: 'FloatValue' isn't a type.
    ..aOM<$4.FloatValue>(
             ^^^^^^^^^^
lib/generated/spacex_api/device/wifi.pb.dart:12362:24: Error: Undefined name 'FloatValue'.
        subBuilder: $4.FloatValue.create)
                       ^^^^^^^^^^
lib/generated/spacex_api/device/wifi.pb.dart:12363:14: Error: 'UInt32Value' isn't a type.
    ..aOM<$4.UInt32Value>(137, _omitFieldNames ? '' : 'routerUptimeS',
             ^^^^^^^^^^^
lib/generated/spacex_api/device/wifi.pb.dart:12364:24: Error: Undefined name 'UInt32Value'.
        subBuilder: $4.UInt32Value.create)
                       ^^^^^^^^^^^
lib/generated/spacex_api/device/wifi.pb.dart:12365:14: Error: 'UInt32Value' isn't a type.
    ..aOM<$4.UInt32Value>(138, _omitFieldNames ? '' : 'dissociationsUnder10s',
             ^^^^^^^^^^^
lib/generated/spacex_api/device/wifi.pb.dart:12366:62: Error: Undefined name 'UInt32Value'.
        protoName: 'dissociations_under_10s', subBuilder: $4.UInt32Value.create)
                                                             ^^^^^^^^^^^
lib/generated/spacex_api/device/wifi.pb.dart:12367:14: Error: 'UInt32Value' isn't a type.
    ..aOM<$4.UInt32Value>(139, _omitFieldNames ? '' : 'dissociationsUnder30s',
             ^^^^^^^^^^^
lib/generated/spacex_api/device/wifi.pb.dart:12368:62: Error: Undefined name 'UInt32Value'.
        protoName: 'dissociations_under_30s', subBuilder: $4.UInt32Value.create)
                                                             ^^^^^^^^^^^
lib/generated/spacex_api/device/wifi.pb.dart:12369:14: Error: 'UInt32Value' isn't a type.
    ..aOM<$4.UInt32Value>(140, _omitFieldNames ? '' : 'dissociationsUnder60s',
             ^^^^^^^^^^^
lib/generated/spacex_api/device/wifi.pb.dart:12370:62: Error: Undefined name 'UInt32Value'.
        protoName: 'dissociations_under_60s', subBuilder: $4.UInt32Value.create)
                                                             ^^^^^^^^^^^
lib/generated/spacex_api/device/wifi.pb.dart:12371:14: Error: 'UInt32Value' isn't a type.
    ..aOM<$4.UInt32Value>(141, _omitFieldNames ? '' : 'dissociationsUnder120s',
             ^^^^^^^^^^^
lib/generated/spacex_api/device/wifi.pb.dart:12373:24: Error: Undefined name 'UInt32Value'.
        subBuilder: $4.UInt32Value.create)
                       ^^^^^^^^^^^
lib/generated/spacex_api/device/wifi.pb.dart:12374:14: Error: 'FloatValue' isn't a type.
    ..aOM<$4.FloatValue>(142, _omitFieldNames ? '' : 'secondsToConnTcpIpv4',
             ^^^^^^^^^^
lib/generated/spacex_api/device/wifi.pb.dart:12375:24: Error: Undefined name 'FloatValue'.
        subBuilder: $4.FloatValue.create)
                       ^^^^^^^^^^
lib/generated/spacex_api/device/wifi.pb.dart:12376:14: Error: 'FloatValue' isn't a type.
    ..aOM<$4.FloatValue>(143, _omitFieldNames ? '' : 'secondsToConnTcpIpv6',
             ^^^^^^^^^^
lib/generated/spacex_api/device/wifi.pb.dart:12377:24: Error: Undefined name 'FloatValue'.
        subBuilder: $4.FloatValue.create)
                       ^^^^^^^^^^
lib/generated/spacex_api/device/wifi.pb.dart:12378:14: Error: 'FloatValue' isn't a type.
    ..aOM<$4.FloatValue>(144, _omitFieldNames ? '' : 'secondsToConnUdpIpv4',
             ^^^^^^^^^^
lib/generated/spacex_api/device/wifi.pb.dart:12379:24: Error: Undefined name 'FloatValue'.
        subBuilder: $4.FloatValue.create)
                       ^^^^^^^^^^
lib/generated/spacex_api/device/wifi.pb.dart:12380:14: Error: 'FloatValue' isn't a type.
    ..aOM<$4.FloatValue>(145, _omitFieldNames ? '' : 'secondsToConnUdpIpv6',
             ^^^^^^^^^^
lib/generated/spacex_api/device/wifi.pb.dart:12381:24: Error: Undefined name 'FloatValue'.
        subBuilder: $4.FloatValue.create)
                       ^^^^^^^^^^
lib/generated/spacex_api/device/wifi.pb.dart:12382:14: Error: 'UInt32Value' isn't a type.
    ..aOM<$4.UInt32Value>(146, _omitFieldNames ? '' : 'flowsTcpIpv4',
             ^^^^^^^^^^^
lib/generated/spacex_api/device/wifi.pb.dart:12383:24: Error: Undefined name 'UInt32Value'.
        subBuilder: $4.UInt32Value.create)
                       ^^^^^^^^^^^
lib/generated/spacex_api/device/wifi.pb.dart:12384:14: Error: 'UInt32Value' isn't a type.
    ..aOM<$4.UInt32Value>(147, _omitFieldNames ? '' : 'flowsTcpIpv6',
             ^^^^^^^^^^^
lib/generated/spacex_api/device/wifi.pb.dart:12385:24: Error: Undefined name 'UInt32Value'.
        subBuilder: $4.UInt32Value.create)
                       ^^^^^^^^^^^
lib/generated/spacex_api/device/wifi.pb.dart:12386:14: Error: 'UInt32Value' isn't a type.
    ..aOM<$4.UInt32Value>(148, _omitFieldNames ? '' : 'flowsUdpIpv4',
             ^^^^^^^^^^^
lib/generated/spacex_api/device/wifi.pb.dart:12387:24: Error: Undefined name 'UInt32Value'.
        subBuilder: $4.UInt32Value.create)
                       ^^^^^^^^^^^
lib/generated/spacex_api/device/wifi.pb.dart:12388:14: Error: 'UInt32Value' isn't a type.
    ..aOM<$4.UInt32Value>(149, _omitFieldNames ? '' : 'flowsUdpIpv6',
             ^^^^^^^^^^^
lib/generated/spacex_api/device/wifi.pb.dart:12389:24: Error: Undefined name 'UInt32Value'.
        subBuilder: $4.UInt32Value.create)
                       ^^^^^^^^^^^
lib/generated/spacex_api/device/wifi.pb.dart:12289:7: Error: The method 'aI' isn't defined for the type 'BuilderInfo'.
 - 'BuilderInfo' is from 'package:protobuf/protobuf.dart' ('../../../.pub-cache/hosted/pub.dev/protobuf-3.1.0/lib/protobuf.dart').
Try correcting the name to the name of an existing method, or defining a method named 'aI'.
    ..aI(3, _omitFieldNames ? '' : 'clientId', fieldType: $pb.PbFieldType.OU3)
      ^^
lib/generated/spacex_api/device/wifi.pb.dart:12422:27: Error: The method '$_clearField' isn't defined for the type 'StarlinkRouterClients'.
 - 'StarlinkRouterClients' is from 'package:starlink_isp_app/generated/spacex_api/device/wifi.pb.dart' ('lib/generated/spacex_api/device/wifi.pb.dart').
Try correcting the name to the name of an existing method, or defining a method named '$_clearField'.
  void clearRouterId() => $_clearField(1);
                          ^^^^^^^^^^^^
lib/generated/spacex_api/device/wifi.pb.dart:12427:44: Error: The method '$_setField' isn't defined for the type 'StarlinkRouterClients'.
 - 'StarlinkRouterClients' is from 'package:starlink_isp_app/generated/spacex_api/device/wifi.pb.dart' ('lib/generated/spacex_api/device/wifi.pb.dart').
Try correcting the name to the name of an existing method, or defining a method named '$_setField'.
  set timestamp($5.TimestampInfo value) => $_setField(2, value);
                                           ^^^^^^^^^^
lib/generated/spacex_api/device/wifi.pb.dart:12431:28: Error: The method '$_clearField' isn't defined for the type 'StarlinkRouterClients'.
 - 'StarlinkRouterClients' is from 'package:starlink_isp_app/generated/spacex_api/device/wifi.pb.dart' ('lib/generated/spacex_api/device/wifi.pb.dart').
Try correcting the name to the name of an existing method, or defining a method named '$_clearField'.
  void clearTimestamp() => $_clearField(2);
                           ^^^^^^^^^^^^
lib/generated/spacex_api/device/wifi.pb.dart:12442:27: Error: The method '$_clearField' isn't defined for the type 'StarlinkRouterClients'.
 - 'StarlinkRouterClients' is from 'package:starlink_isp_app/generated/spacex_api/device/wifi.pb.dart' ('lib/generated/spacex_api/device/wifi.pb.dart').
Try correcting the name to the name of an existing method, or defining a method named '$_clearField'.
  void clearClientId() => $_clearField(3);
                          ^^^^^^^^^^^^
lib/generated/spacex_api/device/wifi.pb.dart:12451:35: Error: The method '$_clearField' isn't defined for the type 'StarlinkRouterClients'.
 - 'StarlinkRouterClients' is from 'package:starlink_isp_app/generated/spacex_api/device/wifi.pb.dart' ('lib/generated/spacex_api/device/wifi.pb.dart').
Try correcting the name to the name of an existing method, or defining a method named '$_clearField'.
  void clearClientTelemIndex() => $_clearField(4);
                                  ^^^^^^^^^^^^
lib/generated/spacex_api/device/wifi.pb.dart:12456:14: Error: 'StringValue' isn't a type.
  set oui($4.StringValue value) => $_setField(101, value);
             ^^^^^^^^^^^
lib/generated/spacex_api/device/wifi.pb.dart:12456:36: Error: The method '$_setField' isn't defined for the type 'StarlinkRouterClients'.
 - 'StarlinkRouterClients' is from 'package:starlink_isp_app/generated/spacex_api/device/wifi.pb.dart' ('lib/generated/spacex_api/device/wifi.pb.dart').
Try correcting the name to the name of an existing method, or defining a method named '$_setField'.
  set oui($4.StringValue value) => $_setField(101, value);
                                   ^^^^^^^^^^
lib/generated/spacex_api/device/wifi.pb.dart:12460:22: Error: The method '$_clearField' isn't defined for the type 'StarlinkRouterClients'.
 - 'StarlinkRouterClients' is from 'package:starlink_isp_app/generated/spacex_api/device/wifi.pb.dart' ('lib/generated/spacex_api/device/wifi.pb.dart').
Try correcting the name to the name of an existing method, or defining a method named '$_clearField'.
  void clearOui() => $_clearField(101);
                     ^^^^^^^^^^^^
lib/generated/spacex_api/device/wifi.pb.dart:12467:21: Error: 'StringValue' isn't a type.
  set upstreamId($4.StringValue value) => $_setField(102, value);
                    ^^^^^^^^^^^
lib/generated/spacex_api/device/wifi.pb.dart:12467:43: Error: The method '$_setField' isn't defined for the type 'StarlinkRouterClients'.
 - 'StarlinkRouterClients' is from 'package:starlink_isp_app/generated/spacex_api/device/wifi.pb.dart' ('lib/generated/spacex_api/device/wifi.pb.dart').
Try correcting the name to the name of an existing method, or defining a method named '$_setField'.
  set upstreamId($4.StringValue value) => $_setField(102, value);
                                          ^^^^^^^^^^
lib/generated/spacex_api/device/wifi.pb.dart:12471:29: Error: The method '$_clearField' isn't defined for the type 'StarlinkRouterClients'.
 - 'StarlinkRouterClients' is from 'package:starlink_isp_app/generated/spacex_api/device/wifi.pb.dart' ('lib/generated/spacex_api/device/wifi.pb.dart').
Try correcting the name to the name of an existing method, or defining a method named '$_clearField'.
  void clearUpstreamId() => $_clearField(102);
                            ^^^^^^^^^^^^
lib/generated/spacex_api/device/wifi.pb.dart:12478:21: Error: 'BoolValue' isn't a type.
  set isRepeater($4.BoolValue value) => $_setField(103, value);
                    ^^^^^^^^^
lib/generated/spacex_api/device/wifi.pb.dart:12478:41: Error: The method '$_setField' isn't defined for the type 'StarlinkRouterClients'.
 - 'StarlinkRouterClients' is from 'package:starlink_isp_app/generated/spacex_api/device/wifi.pb.dart' ('lib/generated/spacex_api/device/wifi.pb.dart').
Try correcting the name to the name of an existing method, or defining a method named '$_setField'.
  set isRepeater($4.BoolValue value) => $_setField(103, value);
                                        ^^^^^^^^^^
lib/generated/spacex_api/device/wifi.pb.dart:12482:29: Error: The method '$_clearField' isn't defined for the type 'StarlinkRouterClients'.
 - 'StarlinkRouterClients' is from 'package:starlink_isp_app/generated/spacex_api/device/wifi.pb.dart' ('lib/generated/spacex_api/device/wifi.pb.dart').
Try correcting the name to the name of an existing method, or defining a method named '$_clearField'.
  void clearIsRepeater() => $_clearField(103);
                            ^^^^^^^^^^^^
lib/generated/spacex_api/device/wifi.pb.dart:12489:21: Error: 'UInt32Value' isn't a type.
  set connectedS($4.UInt32Value value) => $_setField(104, value);
                    ^^^^^^^^^^^
lib/generated/spacex_api/device/wifi.pb.dart:12489:43: Error: The method '$_setField' isn't defined for the type 'StarlinkRouterClients'.
 - 'StarlinkRouterClients' is from 'package:starlink_isp_app/generated/spacex_api/device/wifi.pb.dart' ('lib/generated/spacex_api/device/wifi.pb.dart').
Try correcting the name to the name of an existing method, or defining a method named '$_setField'.
  set connectedS($4.UInt32Value value) => $_setField(104, value);
                                          ^^^^^^^^^^
lib/generated/spacex_api/device/wifi.pb.dart:12493:29: Error: The method '$_clearField' isn't defined for the type 'StarlinkRouterClients'.
 - 'StarlinkRouterClients' is from 'package:starlink_isp_app/generated/spacex_api/device/wifi.pb.dart' ('lib/generated/spacex_api/device/wifi.pb.dart').
Try correcting the name to the name of an existing method, or defining a method named '$_clearField'.
  void clearConnectedS() => $_clearField(104);
                            ^^^^^^^^^^^^
lib/generated/spacex_api/device/wifi.pb.dart:12500:20: Error: 'StringValue' isn't a type.
  set interface($4.StringValue value) => $_setField(105, value);
                   ^^^^^^^^^^^
lib/generated/spacex_api/device/wifi.pb.dart:12500:42: Error: The method '$_setField' isn't defined for the type 'StarlinkRouterClients'.
 - 'StarlinkRouterClients' is from 'package:starlink_isp_app/generated/spacex_api/device/wifi.pb.dart' ('lib/generated/spacex_api/device/wifi.pb.dart').
Try correcting the name to the name of an existing method, or defining a method named '$_setField'.
  set interface($4.StringValue value) => $_setField(105, value);
                                         ^^^^^^^^^^
lib/generated/spacex_api/device/wifi.pb.dart:12504:28: Error: The method '$_clearField' isn't defined for the type 'StarlinkRouterClients'.
 - 'StarlinkRouterClients' is from 'package:starlink_isp_app/generated/spacex_api/device/wifi.pb.dart' ('lib/generated/spacex_api/device/wifi.pb.dart').
Try correcting the name to the name of an existing method, or defining a method named '$_clearField'.
  void clearInterface() => $_clearField(105);
                           ^^^^^^^^^^^^
lib/generated/spacex_api/device/wifi.pb.dart:12511:23: Error: 'UInt32Value' isn't a type.
  set radioChannel($4.UInt32Value value) => $_setField(106, value);
                      ^^^^^^^^^^^
lib/generated/spacex_api/device/wifi.pb.dart:12511:45: Error: The method '$_setField' isn't defined for the type 'StarlinkRouterClients'.
 - 'StarlinkRouterClients' is from 'package:starlink_isp_app/generated/spacex_api/device/wifi.pb.dart' ('lib/generated/spacex_api/device/wifi.pb.dart').
Try correcting the name to the name of an existing method, or defining a method named '$_setField'.
  set radioChannel($4.UInt32Value value) => $_setField(106, value);
                                            ^^^^^^^^^^
lib/generated/spacex_api/device/wifi.pb.dart:12515:31: Error: The method '$_clearField' isn't defined for the type 'StarlinkRouterClients'.
 - 'StarlinkRouterClients' is from 'package:starlink_isp_app/generated/spacex_api/device/wifi.pb.dart' ('lib/generated/spacex_api/device/wifi.pb.dart').
Try correcting the name to the name of an existing method, or defining a method named '$_clearField'.
  void clearRadioChannel() => $_clearField(106);
                              ^^^^^^^^^^^^
lib/generated/spacex_api/device/wifi.pb.dart:12522:15: Error: 'FloatValue' isn't a type.
  set rssi($4.FloatValue value) => $_setField(107, value);
              ^^^^^^^^^^
lib/generated/spacex_api/device/wifi.pb.dart:12522:36: Error: The method '$_setField' isn't defined for the type 'StarlinkRouterClients'.
 - 'StarlinkRouterClients' is from 'package:starlink_isp_app/generated/spacex_api/device/wifi.pb.dart' ('lib/generated/spacex_api/device/wifi.pb.dart').
Try correcting the name to the name of an existing method, or defining a method named '$_setField'.
  set rssi($4.FloatValue value) => $_setField(107, value);
                                   ^^^^^^^^^^
lib/generated/spacex_api/device/wifi.pb.dart:12526:23: Error: The method '$_clearField' isn't defined for the type 'StarlinkRouterClients'.
 - 'StarlinkRouterClients' is from 'package:starlink_isp_app/generated/spacex_api/device/wifi.pb.dart' ('lib/generated/spacex_api/device/wifi.pb.dart').
Try correcting the name to the name of an existing method, or defining a method named '$_clearField'.
  void clearRssi() => $_clearField(107);
                      ^^^^^^^^^^^^
lib/generated/spacex_api/device/wifi.pb.dart:12533:16: Error: 'UInt32Value' isn't a type.
  set rxMcs($4.UInt32Value value) => $_setField(108, value);
               ^^^^^^^^^^^
lib/generated/spacex_api/device/wifi.pb.dart:12533:38: Error: The method '$_setField' isn't defined for the type 'StarlinkRouterClients'.
 - 'StarlinkRouterClients' is from 'package:starlink_isp_app/generated/spacex_api/device/wifi.pb.dart' ('lib/generated/spacex_api/device/wifi.pb.dart').
Try correcting the name to the name of an existing method, or defining a method named '$_setField'.
  set rxMcs($4.UInt32Value value) => $_setField(108, value);
                                     ^^^^^^^^^^
lib/generated/spacex_api/device/wifi.pb.dart:12537:24: Error: The method '$_clearField' isn't defined for the type 'StarlinkRouterClients'.
 - 'StarlinkRouterClients' is from 'package:starlink_isp_app/generated/spacex_api/device/wifi.pb.dart' ('lib/generated/spacex_api/device/wifi.pb.dart').
Try correcting the name to the name of an existing method, or defining a method named '$_clearField'.
  void clearRxMcs() => $_clearField(108);
                       ^^^^^^^^^^^^
lib/generated/spacex_api/device/wifi.pb.dart:12544:16: Error: 'UInt32Value' isn't a type.
  set txMcs($4.UInt32Value value) => $_setField(109, value);
               ^^^^^^^^^^^
lib/generated/spacex_api/device/wifi.pb.dart:12544:38: Error: The method '$_setField' isn't defined for the type 'StarlinkRouterClients'.
 - 'StarlinkRouterClients' is from 'package:starlink_isp_app/generated/spacex_api/device/wifi.pb.dart' ('lib/generated/spacex_api/device/wifi.pb.dart').
Try correcting the name to the name of an existing method, or defining a method named '$_setField'.
  set txMcs($4.UInt32Value value) => $_setField(109, value);
                                     ^^^^^^^^^^
lib/generated/spacex_api/device/wifi.pb.dart:12548:24: Error: The method '$_clearField' isn't defined for the type 'StarlinkRouterClients'.
 - 'StarlinkRouterClients' is from 'package:starlink_isp_app/generated/spacex_api/device/wifi.pb.dart' ('lib/generated/spacex_api/device/wifi.pb.dart').
Try correcting the name to the name of an existing method, or defining a method named '$_clearField'.
  void clearTxMcs() => $_clearField(109);
                       ^^^^^^^^^^^^
lib/generated/spacex_api/device/wifi.pb.dart:12555:17: Error: 'UInt32Value' isn't a type.
  set rxRate($4.UInt32Value value) => $_setField(110, value);
                ^^^^^^^^^^^
lib/generated/spacex_api/device/wifi.pb.dart:12555:39: Error: The method '$_setField' isn't defined for the type 'StarlinkRouterClients'.
 - 'StarlinkRouterClients' is from 'package:starlink_isp_app/generated/spacex_api/device/wifi.pb.dart' ('lib/generated/spacex_api/device/wifi.pb.dart').
Try correcting the name to the name of an existing method, or defining a method named '$_setField'.
  set rxRate($4.UInt32Value value) => $_setField(110, value);
                                      ^^^^^^^^^^
lib/generated/spacex_api/device/wifi.pb.dart:12559:25: Error: The method '$_clearField' isn't defined for the type 'StarlinkRouterClients'.
 - 'StarlinkRouterClients' is from 'package:starlink_isp_app/generated/spacex_api/device/wifi.pb.dart' ('lib/generated/spacex_api/device/wifi.pb.dart').
Try correcting the name to the name of an existing method, or defining a method named '$_clearField'.
  void clearRxRate() => $_clearField(110);
                        ^^^^^^^^^^^^
lib/generated/spacex_api/device/wifi.pb.dart:12566:17: Error: 'UInt32Value' isn't a type.
  set txRate($4.UInt32Value value) => $_setField(111, value);
                ^^^^^^^^^^^
lib/generated/spacex_api/device/wifi.pb.dart:12566:39: Error: The method '$_setField' isn't defined for the type 'StarlinkRouterClients'.
 - 'StarlinkRouterClients' is from 'package:starlink_isp_app/generated/spacex_api/device/wifi.pb.dart' ('lib/generated/spacex_api/device/wifi.pb.dart').
Try correcting the name to the name of an existing method, or defining a method named '$_setField'.
  set txRate($4.UInt32Value value) => $_setField(111, value);
                                      ^^^^^^^^^^
lib/generated/spacex_api/device/wifi.pb.dart:12570:25: Error: The method '$_clearField' isn't defined for the type 'StarlinkRouterClients'.
 - 'StarlinkRouterClients' is from 'package:starlink_isp_app/generated/spacex_api/device/wifi.pb.dart' ('lib/generated/spacex_api/device/wifi.pb.dart').
Try correcting the name to the name of an existing method, or defining a method named '$_clearField'.
  void clearTxRate() => $_clearField(111);
                        ^^^^^^^^^^^^
lib/generated/spacex_api/device/wifi.pb.dart:12577:22: Error: 'UInt32Value' isn't a type.
  set rxBandwidth($4.UInt32Value value) => $_setField(112, value);
                     ^^^^^^^^^^^
lib/generated/spacex_api/device/wifi.pb.dart:12577:44: Error: The method '$_setField' isn't defined for the type 'StarlinkRouterClients'.
 - 'StarlinkRouterClients' is from 'package:starlink_isp_app/generated/spacex_api/device/wifi.pb.dart' ('lib/generated/spacex_api/device/wifi.pb.dart').
Try correcting the name to the name of an existing method, or defining a method named '$_setField'.
  set rxBandwidth($4.UInt32Value value) => $_setField(112, value);
                                           ^^^^^^^^^^
lib/generated/spacex_api/device/wifi.pb.dart:12581:30: Error: The method '$_clearField' isn't defined for the type 'StarlinkRouterClients'.
 - 'StarlinkRouterClients' is from 'package:starlink_isp_app/generated/spacex_api/device/wifi.pb.dart' ('lib/generated/spacex_api/device/wifi.pb.dart').
Try correcting the name to the name of an existing method, or defining a method named '$_clearField'.
  void clearRxBandwidth() => $_clearField(112);
                             ^^^^^^^^^^^^
lib/generated/spacex_api/device/wifi.pb.dart:12588:27: Error: 'UInt32Value' isn't a type.
  set rxSpatialStreams($4.UInt32Value value) => $_setField(113, value);
                          ^^^^^^^^^^^
lib/generated/spacex_api/device/wifi.pb.dart:12588:49: Error: The method '$_setField' isn't defined for the type 'StarlinkRouterClients'.
 - 'StarlinkRouterClients' is from 'package:starlink_isp_app/generated/spacex_api/device/wifi.pb.dart' ('lib/generated/spacex_api/device/wifi.pb.dart').
Try correcting the name to the name of an existing method, or defining a method named '$_setField'.
  set rxSpatialStreams($4.UInt32Value value) => $_setField(113, value);
                                                ^^^^^^^^^^
lib/generated/spacex_api/device/wifi.pb.dart:12592:35: Error: The method '$_clearField' isn't defined for the type 'StarlinkRouterClients'.
 - 'StarlinkRouterClients' is from 'package:starlink_isp_app/generated/spacex_api/device/wifi.pb.dart' ('lib/generated/spacex_api/device/wifi.pb.dart').
Try correcting the name to the name of an existing method, or defining a method named '$_clearField'.
  void clearRxSpatialStreams() => $_clearField(113);
                                  ^^^^^^^^^^^^
lib/generated/spacex_api/device/wifi.pb.dart:12599:20: Error: 'UInt32Value' isn't a type.
  set rxPhyMode($4.UInt32Value value) => $_setField(114, value);
                   ^^^^^^^^^^^
lib/generated/spacex_api/device/wifi.pb.dart:12599:42: Error: The method '$_setField' isn't defined for the type 'StarlinkRouterClients'.
 - 'StarlinkRouterClients' is from 'package:starlink_isp_app/generated/spacex_api/device/wifi.pb.dart' ('lib/generated/spacex_api/device/wifi.pb.dart').
Try correcting the name to the name of an existing method, or defining a method named '$_setField'.
  set rxPhyMode($4.UInt32Value value) => $_setField(114, value);
                                         ^^^^^^^^^^
lib/generated/spacex_api/device/wifi.pb.dart:12603:28: Error: The method '$_clearField' isn't defined for the type 'StarlinkRouterClients'.
 - 'StarlinkRouterClients' is from 'package:starlink_isp_app/generated/spacex_api/device/wifi.pb.dart' ('lib/generated/spacex_api/device/wifi.pb.dart').
Try correcting the name to the name of an existing method, or defining a method named '$_clearField'.
  void clearRxPhyMode() => $_clearField(114);
                           ^^^^^^^^^^^^
lib/generated/spacex_api/device/wifi.pb.dart:12610:29: Error: 'FloatValue' isn't a type.
  set pingDropRateLast1h($4.FloatValue value) => $_setField(115, value);
                            ^^^^^^^^^^
lib/generated/spacex_api/device/wifi.pb.dart:12610:50: Error: The method '$_setField' isn't defined for the type 'StarlinkRouterClients'.
 - 'StarlinkRouterClients' is from 'package:starlink_isp_app/generated/spacex_api/device/wifi.pb.dart' ('lib/generated/spacex_api/device/wifi.pb.dart').
Try correcting the name to the name of an existing method, or defining a method named '$_setField'.
  set pingDropRateLast1h($4.FloatValue value) => $_setField(115, value);
                                                 ^^^^^^^^^^
lib/generated/spacex_api/device/wifi.pb.dart:12614:37: Error: The method '$_clearField' isn't defined for the type 'StarlinkRouterClients'.
 - 'StarlinkRouterClients' is from 'package:starlink_isp_app/generated/spacex_api/device/wifi.pb.dart' ('lib/generated/spacex_api/device/wifi.pb.dart').
Try correcting the name to the name of an existing method, or defining a method named '$_clearField'.
  void clearPingDropRateLast1h() => $_clearField(115);
                                    ^^^^^^^^^^^^
lib/generated/spacex_api/device/wifi.pb.dart:12621:28: Error: 'FloatValue' isn't a type.
  set pingLatencyLast1h($4.FloatValue value) => $_setField(116, value);
                           ^^^^^^^^^^
lib/generated/spacex_api/device/wifi.pb.dart:12621:49: Error: The method '$_setField' isn't defined for the type 'StarlinkRouterClients'.
 - 'StarlinkRouterClients' is from 'package:starlink_isp_app/generated/spacex_api/device/wifi.pb.dart' ('lib/generated/spacex_api/device/wifi.pb.dart').
Try correcting the name to the name of an existing method, or defining a method named '$_setField'.
  set pingLatencyLast1h($4.FloatValue value) => $_setField(116, value);
                                                ^^^^^^^^^^
lib/generated/spacex_api/device/wifi.pb.dart:12625:36: Error: The method '$_clearField' isn't defined for the type 'StarlinkRouterClients'.
 - 'StarlinkRouterClients' is from 'package:starlink_isp_app/generated/spacex_api/device/wifi.pb.dart' ('lib/generated/spacex_api/device/wifi.pb.dart').
Try correcting the name to the name of an existing method, or defining a method named '$_clearField'.
  void clearPingLatencyLast1h() => $_clearField(116);
                                   ^^^^^^^^^^^^
lib/generated/spacex_api/device/wifi.pb.dart:12632:21: Error: 'StringValue' isn't a type.
  set steerState($4.StringValue value) => $_setField(117, value);
                    ^^^^^^^^^^^
lib/generated/spacex_api/device/wifi.pb.dart:12632:43: Error: The method '$_setField' isn't defined for the type 'StarlinkRouterClients'.
 - 'StarlinkRouterClients' is from 'package:starlink_isp_app/generated/spacex_api/device/wifi.pb.dart' ('lib/generated/spacex_api/device/wifi.pb.dart').
Try correcting the name to the name of an existing method, or defining a method named '$_setField'.
  set steerState($4.StringValue value) => $_setField(117, value);
                                          ^^^^^^^^^^
lib/generated/spacex_api/device/wifi.pb.dart:12636:29: Error: The method '$_clearField' isn't defined for the type 'StarlinkRouterClients'.
 - 'StarlinkRouterClients' is from 'package:starlink_isp_app/generated/spacex_api/device/wifi.pb.dart' ('lib/generated/spacex_api/device/wifi.pb.dart').
Try correcting the name to the name of an existing method, or defining a method named '$_clearField'.
  void clearSteerState() => $_clearField(117);
                            ^^^^^^^^^^^^
lib/generated/spacex_api/device/wifi.pb.dart:12643:19: Error: 'UInt32Value' isn't a type.
  set meshHops($4.UInt32Value value) => $_setField(118, value);
                  ^^^^^^^^^^^
lib/generated/spacex_api/device/wifi.pb.dart:12643:41: Error: The method '$_setField' isn't defined for the type 'StarlinkRouterClients'.
 - 'StarlinkRouterClients' is from 'package:starlink_isp_app/generated/spacex_api/device/wifi.pb.dart' ('lib/generated/spacex_api/device/wifi.pb.dart').
Try correcting the name to the name of an existing method, or defining a method named '$_setField'.
  set meshHops($4.UInt32Value value) => $_setField(118, value);
                                        ^^^^^^^^^^
lib/generated/spacex_api/device/wifi.pb.dart:12647:27: Error: The method '$_clearField' isn't defined for the type 'StarlinkRouterClients'.
 - 'StarlinkRouterClients' is from 'package:starlink_isp_app/generated/spacex_api/device/wifi.pb.dart' ('lib/generated/spacex_api/device/wifi.pb.dart').
Try correcting the name to the name of an existing method, or defining a method named '$_clearField'.
  void clearMeshHops() => $_clearField(118);
                          ^^^^^^^^^^^^
lib/generated/spacex_api/device/wifi.pb.dart:12654:19: Error: 'StringValue' isn't a type.
  set routerHw($4.StringValue value) => $_setField(119, value);
                  ^^^^^^^^^^^
lib/generated/spacex_api/device/wifi.pb.dart:12654:41: Error: The method '$_setField' isn't defined for the type 'StarlinkRouterClients'.
 - 'StarlinkRouterClients' is from 'package:starlink_isp_app/generated/spacex_api/device/wifi.pb.dart' ('lib/generated/spacex_api/device/wifi.pb.dart').
Try correcting the name to the name of an existing method, or defining a method named '$_setField'.
  set routerHw($4.StringValue value) => $_setField(119, value);
                                        ^^^^^^^^^^
lib/generated/spacex_api/device/wifi.pb.dart:12658:27: Error: The method '$_clearField' isn't defined for the type 'StarlinkRouterClients'.
 - 'StarlinkRouterClients' is from 'package:starlink_isp_app/generated/spacex_api/device/wifi.pb.dart' ('lib/generated/spacex_api/device/wifi.pb.dart').
Try correcting the name to the name of an existing method, or defining a method named '$_clearField'.
  void clearRouterHw() => $_clearField(119);
                          ^^^^^^^^^^^^
lib/generated/spacex_api/device/wifi.pb.dart:12665:19: Error: 'StringValue' isn't a type.
  set routerSw($4.StringValue value) => $_setField(120, value);
                  ^^^^^^^^^^^
lib/generated/spacex_api/device/wifi.pb.dart:12665:41: Error: The method '$_setField' isn't defined for the type 'StarlinkRouterClients'.
 - 'StarlinkRouterClients' is from 'package:starlink_isp_app/generated/spacex_api/device/wifi.pb.dart' ('lib/generated/spacex_api/device/wifi.pb.dart').
Try correcting the name to the name of an existing method, or defining a method named '$_setField'.
  set routerSw($4.StringValue value) => $_setField(120, value);
                                        ^^^^^^^^^^
lib/generated/spacex_api/device/wifi.pb.dart:12669:27: Error: The method '$_clearField' isn't defined for the type 'StarlinkRouterClients'.
 - 'StarlinkRouterClients' is from 'package:starlink_isp_app/generated/spacex_api/device/wifi.pb.dart' ('lib/generated/spacex_api/device/wifi.pb.dart').
Try correcting the name to the name of an existing method, or defining a method named '$_clearField'.
  void clearRouterSw() => $_clearField(120);
                          ^^^^^^^^^^^^
lib/generated/spacex_api/device/wifi.pb.dart:12676:25: Error: 'StringValue' isn't a type.
  set clientRouterId($4.StringValue value) => $_setField(121, value);
                        ^^^^^^^^^^^
lib/generated/spacex_api/device/wifi.pb.dart:12676:47: Error: The method '$_setField' isn't defined for the type 'StarlinkRouterClients'.
 - 'StarlinkRouterClients' is from 'package:starlink_isp_app/generated/spacex_api/device/wifi.pb.dart' ('lib/generated/spacex_api/device/wifi.pb.dart').
Try correcting the name to the name of an existing method, or defining a method named '$_setField'.
  set clientRouterId($4.StringValue value) => $_setField(121, value);
                                              ^^^^^^^^^^
lib/generated/spacex_api/device/wifi.pb.dart:12680:33: Error: The method '$_clearField' isn't defined for the type 'StarlinkRouterClients'.
 - 'StarlinkRouterClients' is from 'package:starlink_isp_app/generated/spacex_api/device/wifi.pb.dart' ('lib/generated/spacex_api/device/wifi.pb.dart').
Try correcting the name to the name of an existing method, or defining a method named '$_clearField'.
  void clearClientRouterId() => $_clearField(121);
                                ^^^^^^^^^^^^
lib/generated/spacex_api/device/wifi.pb.dart:12687:19: Error: 'StringValue' isn't a type.
  set clientHw($4.StringValue value) => $_setField(122, value);
                  ^^^^^^^^^^^
lib/generated/spacex_api/device/wifi.pb.dart:12687:41: Error: The method '$_setField' isn't defined for the type 'StarlinkRouterClients'.
 - 'StarlinkRouterClients' is from 'package:starlink_isp_app/generated/spacex_api/device/wifi.pb.dart' ('lib/generated/spacex_api/device/wifi.pb.dart').
Try correcting the name to the name of an existing method, or defining a method named '$_setField'.
  set clientHw($4.StringValue value) => $_setField(122, value);
                                        ^^^^^^^^^^
lib/generated/spacex_api/device/wifi.pb.dart:12691:27: Error: The method '$_clearField' isn't defined for the type 'StarlinkRouterClients'.
 - 'StarlinkRouterClients' is from 'package:starlink_isp_app/generated/spacex_api/device/wifi.pb.dart' ('lib/generated/spacex_api/device/wifi.pb.dart').
Try correcting the name to the name of an existing method, or defining a method named '$_clearField'.
  void clearClientHw() => $_clearField(122);
                          ^^^^^^^^^^^^
lib/generated/spacex_api/device/wifi.pb.dart:12698:19: Error: 'StringValue' isn't a type.
  set clientSw($4.StringValue value) => $_setField(123, value);
                  ^^^^^^^^^^^
lib/generated/spacex_api/device/wifi.pb.dart:12698:41: Error: The method '$_setField' isn't defined for the type 'StarlinkRouterClients'.
 - 'StarlinkRouterClients' is from 'package:starlink_isp_app/generated/spacex_api/device/wifi.pb.dart' ('lib/generated/spacex_api/device/wifi.pb.dart').
Try correcting the name to the name of an existing method, or defining a method named '$_setField'.
  set clientSw($4.StringValue value) => $_setField(123, value);
                                        ^^^^^^^^^^
lib/generated/spacex_api/device/wifi.pb.dart:12702:27: Error: The method '$_clearField' isn't defined for the type 'StarlinkRouterClients'.
 - 'StarlinkRouterClients' is from 'package:starlink_isp_app/generated/spacex_api/device/wifi.pb.dart' ('lib/generated/spacex_api/device/wifi.pb.dart').
Try correcting the name to the name of an existing method, or defining a method named '$_clearField'.
  void clearClientSw() => $_clearField(123);
                          ^^^^^^^^^^^^
lib/generated/spacex_api/device/wifi.pb.dart:12709:30: Error: 'FloatValue' isn't a type.
  set speedtestUploadMbps($4.FloatValue value) => $_setField(124, value);
                             ^^^^^^^^^^
lib/generated/spacex_api/device/wifi.pb.dart:12709:51: Error: The method '$_setField' isn't defined for the type 'StarlinkRouterClients'.
 - 'StarlinkRouterClients' is from 'package:starlink_isp_app/generated/spacex_api/device/wifi.pb.dart' ('lib/generated/spacex_api/device/wifi.pb.dart').
Try correcting the name to the name of an existing method, or defining a method named '$_setField'.
  set speedtestUploadMbps($4.FloatValue value) => $_setField(124, value);
                                                  ^^^^^^^^^^
lib/generated/spacex_api/device/wifi.pb.dart:12713:38: Error: The method '$_clearField' isn't defined for the type 'StarlinkRouterClients'.
 - 'StarlinkRouterClients' is from 'package:starlink_isp_app/generated/spacex_api/device/wifi.pb.dart' ('lib/generated/spacex_api/device/wifi.pb.dart').
Try correcting the name to the name of an existing method, or defining a method named '$_clearField'.
  void clearSpeedtestUploadMbps() => $_clearField(124);
                                     ^^^^^^^^^^^^
lib/generated/spacex_api/device/wifi.pb.dart:12720:32: Error: 'FloatValue' isn't a type.
  set speedtestDownloadMbps($4.FloatValue value) => $_setField(125, value);
                               ^^^^^^^^^^
lib/generated/spacex_api/device/wifi.pb.dart:12720:53: Error: The method '$_setField' isn't defined for the type 'StarlinkRouterClients'.
 - 'StarlinkRouterClients' is from 'package:starlink_isp_app/generated/spacex_api/device/wifi.pb.dart' ('lib/generated/spacex_api/device/wifi.pb.dart').
Try correcting the name to the name of an existing method, or defining a method named '$_setField'.
  set speedtestDownloadMbps($4.FloatValue value) => $_setField(125, value);
                                                    ^^^^^^^^^^
lib/generated/spacex_api/device/wifi.pb.dart:12724:40: Error: The method '$_clearField' isn't defined for the type 'StarlinkRouterClients'.
 - 'StarlinkRouterClients' is from 'package:starlink_isp_app/generated/spacex_api/device/wifi.pb.dart' ('lib/generated/spacex_api/device/wifi.pb.dart').
Try correcting the name to the name of an existing method, or defining a method named '$_clearField'.
  void clearSpeedtestDownloadMbps() => $_clearField(125);
                                       ^^^^^^^^^^^^
lib/generated/spacex_api/device/wifi.pb.dart:12731:18: Error: 'BoolValue' isn't a type.
  set blocked($4.BoolValue value) => $_setField(126, value);
                 ^^^^^^^^^
lib/generated/spacex_api/device/wifi.pb.dart:12731:38: Error: The method '$_setField' isn't defined for the type 'StarlinkRouterClients'.
 - 'StarlinkRouterClients' is from 'package:starlink_isp_app/generated/spacex_api/device/wifi.pb.dart' ('lib/generated/spacex_api/device/wifi.pb.dart').
Try correcting the name to the name of an existing method, or defining a method named '$_setField'.
  set blocked($4.BoolValue value) => $_setField(126, value);
                                     ^^^^^^^^^^
lib/generated/spacex_api/device/wifi.pb.dart:12735:26: Error: The method '$_clearField' isn't defined for the type 'StarlinkRouterClients'.
 - 'StarlinkRouterClients' is from 'package:starlink_isp_app/generated/spacex_api/device/wifi.pb.dart' ('lib/generated/spacex_api/device/wifi.pb.dart').
Try correcting the name to the name of an existing method, or defining a method named '$_clearField'.
  void clearBlocked() => $_clearField(126);
                         ^^^^^^^^^^^^
lib/generated/spacex_api/device/wifi.pb.dart:12742:25: Error: 'FloatValue' isn't a type.
  set siteSurveyRssi($4.FloatValue value) => $_setField(127, value);
                        ^^^^^^^^^^
lib/generated/spacex_api/device/wifi.pb.dart:12742:46: Error: The method '$_setField' isn't defined for the type 'StarlinkRouterClients'.
 - 'StarlinkRouterClients' is from 'package:starlink_isp_app/generated/spacex_api/device/wifi.pb.dart' ('lib/generated/spacex_api/device/wifi.pb.dart').
Try correcting the name to the name of an existing method, or defining a method named '$_setField'.
  set siteSurveyRssi($4.FloatValue value) => $_setField(127, value);
                                             ^^^^^^^^^^
lib/generated/spacex_api/device/wifi.pb.dart:12746:33: Error: The method '$_clearField' isn't defined for the type 'StarlinkRouterClients'.
 - 'StarlinkRouterClients' is from 'package:starlink_isp_app/generated/spacex_api/device/wifi.pb.dart' ('lib/generated/spacex_api/device/wifi.pb.dart').
Try correcting the name to the name of an existing method, or defining a method named '$_clearField'.
  void clearSiteSurveyRssi() => $_clearField(127);
                                ^^^^^^^^^^^^
lib/generated/spacex_api/device/wifi.pb.dart:12753:30: Error: 'FloatValue' isn't a type.
  set siteSurveyEstRxRate($4.FloatValue value) => $_setField(128, value);
                             ^^^^^^^^^^
lib/generated/spacex_api/device/wifi.pb.dart:12753:51: Error: The method '$_setField' isn't defined for the type 'StarlinkRouterClients'.
 - 'StarlinkRouterClients' is from 'package:starlink_isp_app/generated/spacex_api/device/wifi.pb.dart' ('lib/generated/spacex_api/device/wifi.pb.dart').
Try correcting the name to the name of an existing method, or defining a method named '$_setField'.
  set siteSurveyEstRxRate($4.FloatValue value) => $_setField(128, value);
                                                  ^^^^^^^^^^
lib/generated/spacex_api/device/wifi.pb.dart:12757:38: Error: The method '$_clearField' isn't defined for the type 'StarlinkRouterClients'.
 - 'StarlinkRouterClients' is from 'package:starlink_isp_app/generated/spacex_api/device/wifi.pb.dart' ('lib/generated/spacex_api/device/wifi.pb.dart').
Try correcting the name to the name of an existing method, or defining a method named '$_clearField'.
  void clearSiteSurveyEstRxRate() => $_clearField(128);
                                     ^^^^^^^^^^^^
lib/generated/spacex_api/device/wifi.pb.dart:12764:38: Error: 'UInt32Value' isn't a type.
  set estControllerThroughputMbps($4.UInt32Value value) =>
                                     ^^^^^^^^^^^
lib/generated/spacex_api/device/wifi.pb.dart:12765:7: Error: The method '$_setField' isn't defined for the type 'StarlinkRouterClients'.
 - 'StarlinkRouterClients' is from 'package:starlink_isp_app/generated/spacex_api/device/wifi.pb.dart' ('lib/generated/spacex_api/device/wifi.pb.dart').
Try correcting the name to the name of an existing method, or defining a method named '$_setField'.
      $_setField(129, value);
      ^^^^^^^^^^
lib/generated/spacex_api/device/wifi.pb.dart:12769:46: Error: The method '$_clearField' isn't defined for the type 'StarlinkRouterClients'.
 - 'StarlinkRouterClients' is from 'package:starlink_isp_app/generated/spacex_api/device/wifi.pb.dart' ('lib/generated/spacex_api/device/wifi.pb.dart').
Try correcting the name to the name of an existing method, or defining a method named '$_clearField'.
  void clearEstControllerThroughputMbps() => $_clearField(129);
                                             ^^^^^^^^^^^^
lib/generated/spacex_api/device/wifi.pb.dart:12776:25: Error: 'BoolValue' isn't a type.
  set hasDhcpV4Lease($4.BoolValue value) => $_setField(130, value);
                        ^^^^^^^^^
lib/generated/spacex_api/device/wifi.pb.dart:12776:45: Error: The method '$_setField' isn't defined for the type 'StarlinkRouterClients'.
 - 'StarlinkRouterClients' is from 'package:starlink_isp_app/generated/spacex_api/device/wifi.pb.dart' ('lib/generated/spacex_api/device/wifi.pb.dart').
Try correcting the name to the name of an existing method, or defining a method named '$_setField'.
  set hasDhcpV4Lease($4.BoolValue value) => $_setField(130, value);
                                            ^^^^^^^^^^
lib/generated/spacex_api/device/wifi.pb.dart:12780:33: Error: The method '$_clearField' isn't defined for the type 'StarlinkRouterClients'.
 - 'StarlinkRouterClients' is from 'package:starlink_isp_app/generated/spacex_api/device/wifi.pb.dart' ('lib/generated/spacex_api/device/wifi.pb.dart').
Try correcting the name to the name of an existing method, or defining a method named '$_clearField'.
  void clearHasDhcpV4Lease() => $_clearField(130);
                                ^^^^^^^^^^^^
lib/generated/spacex_api/device/wifi.pb.dart:12787:22: Error: 'StringValue' isn't a type.
  set ipv4Address($4.StringValue value) => $_setField(131, value);
                     ^^^^^^^^^^^
lib/generated/spacex_api/device/wifi.pb.dart:12787:44: Error: The method '$_setField' isn't defined for the type 'StarlinkRouterClients'.
 - 'StarlinkRouterClients' is from 'package:starlink_isp_app/generated/spacex_api/device/wifi.pb.dart' ('lib/generated/spacex_api/device/wifi.pb.dart').
Try correcting the name to the name of an existing method, or defining a method named '$_setField'.
  set ipv4Address($4.StringValue value) => $_setField(131, value);
                                           ^^^^^^^^^^
lib/generated/spacex_api/device/wifi.pb.dart:12791:30: Error: The method '$_clearField' isn't defined for the type 'StarlinkRouterClients'.
 - 'StarlinkRouterClients' is from 'package:starlink_isp_app/generated/spacex_api/device/wifi.pb.dart' ('lib/generated/spacex_api/device/wifi.pb.dart').
Try correcting the name to the name of an existing method, or defining a method named '$_clearField'.
  void clearIpv4Address() => $_clearField(131);
                             ^^^^^^^^^^^^
lib/generated/spacex_api/device/wifi.pb.dart:12798:22: Error: 'BoolValue' isn't a type.
  set hasHostname($4.BoolValue value) => $_setField(132, value);
                     ^^^^^^^^^
lib/generated/spacex_api/device/wifi.pb.dart:12798:42: Error: The method '$_setField' isn't defined for the type 'StarlinkRouterClients'.
 - 'StarlinkRouterClients' is from 'package:starlink_isp_app/generated/spacex_api/device/wifi.pb.dart' ('lib/generated/spacex_api/device/wifi.pb.dart').
Try correcting the name to the name of an existing method, or defining a method named '$_setField'.
  set hasHostname($4.BoolValue value) => $_setField(132, value);
                                         ^^^^^^^^^^
lib/generated/spacex_api/device/wifi.pb.dart:12802:30: Error: The method '$_clearField' isn't defined for the type 'StarlinkRouterClients'.
 - 'StarlinkRouterClients' is from 'package:starlink_isp_app/generated/spacex_api/device/wifi.pb.dart' ('lib/generated/spacex_api/device/wifi.pb.dart').
Try correcting the name to the name of an existing method, or defining a method named '$_clearField'.
  void clearHasHostname() => $_clearField(132);
                             ^^^^^^^^^^^^
lib/generated/spacex_api/device/wifi.pb.dart:12809:30: Error: 'BoolValue' isn't a type.
  set dhcpV4LeaseIsActive($4.BoolValue value) => $_setField(133, value);
                             ^^^^^^^^^
lib/generated/spacex_api/device/wifi.pb.dart:12809:50: Error: The method '$_setField' isn't defined for the type 'StarlinkRouterClients'.
 - 'StarlinkRouterClients' is from 'package:starlink_isp_app/generated/spacex_api/device/wifi.pb.dart' ('lib/generated/spacex_api/device/wifi.pb.dart').
Try correcting the name to the name of an existing method, or defining a method named '$_setField'.
  set dhcpV4LeaseIsActive($4.BoolValue value) => $_setField(133, value);
                                                 ^^^^^^^^^^
lib/generated/spacex_api/device/wifi.pb.dart:12813:38: Error: The method '$_clearField' isn't defined for the type 'StarlinkRouterClients'.
 - 'StarlinkRouterClients' is from 'package:starlink_isp_app/generated/spacex_api/device/wifi.pb.dart' ('lib/generated/spacex_api/device/wifi.pb.dart').
Try correcting the name to the name of an existing method, or defining a method named '$_clearField'.
  void clearDhcpV4LeaseIsActive() => $_clearField(133);
                                     ^^^^^^^^^^^^
lib/generated/spacex_api/device/wifi.pb.dart:12820:32: Error: 'BoolValue' isn't a type.
  set dhcpV4LeaseWasRenewed($4.BoolValue value) => $_setField(134, value);
                               ^^^^^^^^^
lib/generated/spacex_api/device/wifi.pb.dart:12820:52: Error: The method '$_setField' isn't defined for the type 'StarlinkRouterClients'.
 - 'StarlinkRouterClients' is from 'package:starlink_isp_app/generated/spacex_api/device/wifi.pb.dart' ('lib/generated/spacex_api/device/wifi.pb.dart').
Try correcting the name to the name of an existing method, or defining a method named '$_setField'.
  set dhcpV4LeaseWasRenewed($4.BoolValue value) => $_setField(134, value);
                                                   ^^^^^^^^^^
lib/generated/spacex_api/device/wifi.pb.dart:12824:40: Error: The method '$_clearField' isn't defined for the type 'StarlinkRouterClients'.
 - 'StarlinkRouterClients' is from 'package:starlink_isp_app/generated/spacex_api/device/wifi.pb.dart' ('lib/generated/spacex_api/device/wifi.pb.dart').
Try correcting the name to the name of an existing method, or defining a method named '$_clearField'.
  void clearDhcpV4LeaseWasRenewed() => $_clearField(134);
                                       ^^^^^^^^^^^^
lib/generated/spacex_api/device/wifi.pb.dart:12831:41: Error: 'FloatValue' isn't a type.
  set secondsUntilDhcpV4LeaseExpires($4.FloatValue value) =>
                                        ^^^^^^^^^^
lib/generated/spacex_api/device/wifi.pb.dart:12832:7: Error: The method '$_setField' isn't defined for the type 'StarlinkRouterClients'.
 - 'StarlinkRouterClients' is from 'package:starlink_isp_app/generated/spacex_api/device/wifi.pb.dart' ('lib/generated/spacex_api/device/wifi.pb.dart').
Try correcting the name to the name of an existing method, or defining a method named '$_setField'.
      $_setField(135, value);
      ^^^^^^^^^^
lib/generated/spacex_api/device/wifi.pb.dart:12836:49: Error: The method '$_clearField' isn't defined for the type 'StarlinkRouterClients'.
 - 'StarlinkRouterClients' is from 'package:starlink_isp_app/generated/spacex_api/device/wifi.pb.dart' ('lib/generated/spacex_api/device/wifi.pb.dart').
Try correcting the name to the name of an existing method, or defining a method named '$_clearField'.
  void clearSecondsUntilDhcpV4LeaseExpires() => $_clearField(135);
                                                ^^^^^^^^^^^^
lib/generated/spacex_api/device/wifi.pb.dart:12843:24: Error: 'UInt32Value' isn't a type.
  set routerUptimeS($4.UInt32Value value) => $_setField(137, value);
                       ^^^^^^^^^^^
lib/generated/spacex_api/device/wifi.pb.dart:12843:46: Error: The method '$_setField' isn't defined for the type 'StarlinkRouterClients'.
 - 'StarlinkRouterClients' is from 'package:starlink_isp_app/generated/spacex_api/device/wifi.pb.dart' ('lib/generated/spacex_api/device/wifi.pb.dart').
Try correcting the name to the name of an existing method, or defining a method named '$_setField'.
  set routerUptimeS($4.UInt32Value value) => $_setField(137, value);
                                             ^^^^^^^^^^
lib/generated/spacex_api/device/wifi.pb.dart:12847:32: Error: The method '$_clearField' isn't defined for the type 'StarlinkRouterClients'.
 - 'StarlinkRouterClients' is from 'package:starlink_isp_app/generated/spacex_api/device/wifi.pb.dart' ('lib/generated/spacex_api/device/wifi.pb.dart').
Try correcting the name to the name of an existing method, or defining a method named '$_clearField'.
  void clearRouterUptimeS() => $_clearField(137);
                               ^^^^^^^^^^^^
lib/generated/spacex_api/device/wifi.pb.dart:12854:32: Error: 'UInt32Value' isn't a type.
  set dissociationsUnder10s($4.UInt32Value value) => $_setField(138, value);
                               ^^^^^^^^^^^
lib/generated/spacex_api/device/wifi.pb.dart:12854:54: Error: The method '$_setField' isn't defined for the type 'StarlinkRouterClients'.
 - 'StarlinkRouterClients' is from 'package:starlink_isp_app/generated/spacex_api/device/wifi.pb.dart' ('lib/generated/spacex_api/device/wifi.pb.dart').
Try correcting the name to the name of an existing method, or defining a method named '$_setField'.
  set dissociationsUnder10s($4.UInt32Value value) => $_setField(138, value);
                                                     ^^^^^^^^^^
lib/generated/spacex_api/device/wifi.pb.dart:12858:40: Error: The method '$_clearField' isn't defined for the type 'StarlinkRouterClients'.
 - 'StarlinkRouterClients' is from 'package:starlink_isp_app/generated/spacex_api/device/wifi.pb.dart' ('lib/generated/spacex_api/device/wifi.pb.dart').
Try correcting the name to the name of an existing method, or defining a method named '$_clearField'.
  void clearDissociationsUnder10s() => $_clearField(138);
                                       ^^^^^^^^^^^^
lib/generated/spacex_api/device/wifi.pb.dart:12865:32: Error: 'UInt32Value' isn't a type.
  set dissociationsUnder30s($4.UInt32Value value) => $_setField(139, value);
                               ^^^^^^^^^^^
lib/generated/spacex_api/device/wifi.pb.dart:12865:54: Error: The method '$_setField' isn't defined for the type 'StarlinkRouterClients'.
 - 'StarlinkRouterClients' is from 'package:starlink_isp_app/generated/spacex_api/device/wifi.pb.dart' ('lib/generated/spacex_api/device/wifi.pb.dart').
Try correcting the name to the name of an existing method, or defining a method named '$_setField'.
  set dissociationsUnder30s($4.UInt32Value value) => $_setField(139, value);
                                                     ^^^^^^^^^^
lib/generated/spacex_api/device/wifi.pb.dart:12869:40: Error: The method '$_clearField' isn't defined for the type 'StarlinkRouterClients'.
 - 'StarlinkRouterClients' is from 'package:starlink_isp_app/generated/spacex_api/device/wifi.pb.dart' ('lib/generated/spacex_api/device/wifi.pb.dart').
Try correcting the name to the name of an existing method, or defining a method named '$_clearField'.
  void clearDissociationsUnder30s() => $_clearField(139);
                                       ^^^^^^^^^^^^
lib/generated/spacex_api/device/wifi.pb.dart:12876:32: Error: 'UInt32Value' isn't a type.
  set dissociationsUnder60s($4.UInt32Value value) => $_setField(140, value);
                               ^^^^^^^^^^^
lib/generated/spacex_api/device/wifi.pb.dart:12876:54: Error: The method '$_setField' isn't defined for the type 'StarlinkRouterClients'.
 - 'StarlinkRouterClients' is from 'package:starlink_isp_app/generated/spacex_api/device/wifi.pb.dart' ('lib/generated/spacex_api/device/wifi.pb.dart').
Try correcting the name to the name of an existing method, or defining a method named '$_setField'.
  set dissociationsUnder60s($4.UInt32Value value) => $_setField(140, value);
                                                     ^^^^^^^^^^
lib/generated/spacex_api/device/wifi.pb.dart:12880:40: Error: The method '$_clearField' isn't defined for the type 'StarlinkRouterClients'.
 - 'StarlinkRouterClients' is from 'package:starlink_isp_app/generated/spacex_api/device/wifi.pb.dart' ('lib/generated/spacex_api/device/wifi.pb.dart').
Try correcting the name to the name of an existing method, or defining a method named '$_clearField'.
  void clearDissociationsUnder60s() => $_clearField(140);
                                       ^^^^^^^^^^^^
lib/generated/spacex_api/device/wifi.pb.dart:12887:33: Error: 'UInt32Value' isn't a type.
  set dissociationsUnder120s($4.UInt32Value value) => $_setField(141, value);
                                ^^^^^^^^^^^
lib/generated/spacex_api/device/wifi.pb.dart:12887:55: Error: The method '$_setField' isn't defined for the type 'StarlinkRouterClients'.
 - 'StarlinkRouterClients' is from 'package:starlink_isp_app/generated/spacex_api/device/wifi.pb.dart' ('lib/generated/spacex_api/device/wifi.pb.dart').
Try correcting the name to the name of an existing method, or defining a method named '$_setField'.
  set dissociationsUnder120s($4.UInt32Value value) => $_setField(141, value);
                                                      ^^^^^^^^^^
lib/generated/spacex_api/device/wifi.pb.dart:12891:41: Error: The method '$_clearField' isn't defined for the type 'StarlinkRouterClients'.
 - 'StarlinkRouterClients' is from 'package:starlink_isp_app/generated/spacex_api/device/wifi.pb.dart' ('lib/generated/spacex_api/device/wifi.pb.dart').
Try correcting the name to the name of an existing method, or defining a method named '$_clearField'.
  void clearDissociationsUnder120s() => $_clearField(141);
                                        ^^^^^^^^^^^^
lib/generated/spacex_api/device/wifi.pb.dart:12898:31: Error: 'FloatValue' isn't a type.
  set secondsToConnTcpIpv4($4.FloatValue value) => $_setField(142, value);
                              ^^^^^^^^^^
lib/generated/spacex_api/device/wifi.pb.dart:12898:52: Error: The method '$_setField' isn't defined for the type 'StarlinkRouterClients'.
 - 'StarlinkRouterClients' is from 'package:starlink_isp_app/generated/spacex_api/device/wifi.pb.dart' ('lib/generated/spacex_api/device/wifi.pb.dart').
Try correcting the name to the name of an existing method, or defining a method named '$_setField'.
  set secondsToConnTcpIpv4($4.FloatValue value) => $_setField(142, value);
                                                   ^^^^^^^^^^
lib/generated/spacex_api/device/wifi.pb.dart:12902:39: Error: The method '$_clearField' isn't defined for the type 'StarlinkRouterClients'.
 - 'StarlinkRouterClients' is from 'package:starlink_isp_app/generated/spacex_api/device/wifi.pb.dart' ('lib/generated/spacex_api/device/wifi.pb.dart').
Try correcting the name to the name of an existing method, or defining a method named '$_clearField'.
  void clearSecondsToConnTcpIpv4() => $_clearField(142);
                                      ^^^^^^^^^^^^
lib/generated/spacex_api/device/wifi.pb.dart:12909:31: Error: 'FloatValue' isn't a type.
  set secondsToConnTcpIpv6($4.FloatValue value) => $_setField(143, value);
                              ^^^^^^^^^^
lib/generated/spacex_api/device/wifi.pb.dart:12909:52: Error: The method '$_setField' isn't defined for the type 'StarlinkRouterClients'.
 - 'StarlinkRouterClients' is from 'package:starlink_isp_app/generated/spacex_api/device/wifi.pb.dart' ('lib/generated/spacex_api/device/wifi.pb.dart').
Try correcting the name to the name of an existing method, or defining a method named '$_setField'.
  set secondsToConnTcpIpv6($4.FloatValue value) => $_setField(143, value);
                                                   ^^^^^^^^^^
lib/generated/spacex_api/device/wifi.pb.dart:12913:39: Error: The method '$_clearField' isn't defined for the type 'StarlinkRouterClients'.
 - 'StarlinkRouterClients' is from 'package:starlink_isp_app/generated/spacex_api/device/wifi.pb.dart' ('lib/generated/spacex_api/device/wifi.pb.dart').
Try correcting the name to the name of an existing method, or defining a method named '$_clearField'.
  void clearSecondsToConnTcpIpv6() => $_clearField(143);
                                      ^^^^^^^^^^^^
lib/generated/spacex_api/device/wifi.pb.dart:12920:31: Error: 'FloatValue' isn't a type.
  set secondsToConnUdpIpv4($4.FloatValue value) => $_setField(144, value);
                              ^^^^^^^^^^
lib/generated/spacex_api/device/wifi.pb.dart:12920:52: Error: The method '$_setField' isn't defined for the type 'StarlinkRouterClients'.
 - 'StarlinkRouterClients' is from 'package:starlink_isp_app/generated/spacex_api/device/wifi.pb.dart' ('lib/generated/spacex_api/device/wifi.pb.dart').
Try correcting the name to the name of an existing method, or defining a method named '$_setField'.
  set secondsToConnUdpIpv4($4.FloatValue value) => $_setField(144, value);
                                                   ^^^^^^^^^^
lib/generated/spacex_api/device/wifi.pb.dart:12924:39: Error: The method '$_clearField' isn't defined for the type 'StarlinkRouterClients'.
 - 'StarlinkRouterClients' is from 'package:starlink_isp_app/generated/spacex_api/device/wifi.pb.dart' ('lib/generated/spacex_api/device/wifi.pb.dart').
Try correcting the name to the name of an existing method, or defining a method named '$_clearField'.
  void clearSecondsToConnUdpIpv4() => $_clearField(144);
                                      ^^^^^^^^^^^^
lib/generated/spacex_api/device/wifi.pb.dart:12931:31: Error: 'FloatValue' isn't a type.
  set secondsToConnUdpIpv6($4.FloatValue value) => $_setField(145, value);
                              ^^^^^^^^^^
lib/generated/spacex_api/device/wifi.pb.dart:12931:52: Error: The method '$_setField' isn't defined for the type 'StarlinkRouterClients'.
 - 'StarlinkRouterClients' is from 'package:starlink_isp_app/generated/spacex_api/device/wifi.pb.dart' ('lib/generated/spacex_api/device/wifi.pb.dart').
Try correcting the name to the name of an existing method, or defining a method named '$_setField'.
  set secondsToConnUdpIpv6($4.FloatValue value) => $_setField(145, value);
                                                   ^^^^^^^^^^
lib/generated/spacex_api/device/wifi.pb.dart:12935:39: Error: The method '$_clearField' isn't defined for the type 'StarlinkRouterClients'.
 - 'StarlinkRouterClients' is from 'package:starlink_isp_app/generated/spacex_api/device/wifi.pb.dart' ('lib/generated/spacex_api/device/wifi.pb.dart').
Try correcting the name to the name of an existing method, or defining a method named '$_clearField'.
  void clearSecondsToConnUdpIpv6() => $_clearField(145);
                                      ^^^^^^^^^^^^
lib/generated/spacex_api/device/wifi.pb.dart:12942:23: Error: 'UInt32Value' isn't a type.
  set flowsTcpIpv4($4.UInt32Value value) => $_setField(146, value);
                      ^^^^^^^^^^^
lib/generated/spacex_api/device/wifi.pb.dart:12942:45: Error: The method '$_setField' isn't defined for the type 'StarlinkRouterClients'.
 - 'StarlinkRouterClients' is from 'package:starlink_isp_app/generated/spacex_api/device/wifi.pb.dart' ('lib/generated/spacex_api/device/wifi.pb.dart').
Try correcting the name to the name of an existing method, or defining a method named '$_setField'.
  set flowsTcpIpv4($4.UInt32Value value) => $_setField(146, value);
                                            ^^^^^^^^^^
lib/generated/spacex_api/device/wifi.pb.dart:12946:31: Error: The method '$_clearField' isn't defined for the type 'StarlinkRouterClients'.
 - 'StarlinkRouterClients' is from 'package:starlink_isp_app/generated/spacex_api/device/wifi.pb.dart' ('lib/generated/spacex_api/device/wifi.pb.dart').
Try correcting the name to the name of an existing method, or defining a method named '$_clearField'.
  void clearFlowsTcpIpv4() => $_clearField(146);
                              ^^^^^^^^^^^^
lib/generated/spacex_api/device/wifi.pb.dart:12953:23: Error: 'UInt32Value' isn't a type.
  set flowsTcpIpv6($4.UInt32Value value) => $_setField(147, value);
                      ^^^^^^^^^^^
lib/generated/spacex_api/device/wifi.pb.dart:12953:45: Error: The method '$_setField' isn't defined for the type 'StarlinkRouterClients'.
 - 'StarlinkRouterClients' is from 'package:starlink_isp_app/generated/spacex_api/device/wifi.pb.dart' ('lib/generated/spacex_api/device/wifi.pb.dart').
Try correcting the name to the name of an existing method, or defining a method named '$_setField'.
  set flowsTcpIpv6($4.UInt32Value value) => $_setField(147, value);
                                            ^^^^^^^^^^
lib/generated/spacex_api/device/wifi.pb.dart:12957:31: Error: The method '$_clearField' isn't defined for the type 'StarlinkRouterClients'.
 - 'StarlinkRouterClients' is from 'package:starlink_isp_app/generated/spacex_api/device/wifi.pb.dart' ('lib/generated/spacex_api/device/wifi.pb.dart').
Try correcting the name to the name of an existing method, or defining a method named '$_clearField'.
  void clearFlowsTcpIpv6() => $_clearField(147);
                              ^^^^^^^^^^^^
lib/generated/spacex_api/device/wifi.pb.dart:12964:23: Error: 'UInt32Value' isn't a type.
  set flowsUdpIpv4($4.UInt32Value value) => $_setField(148, value);
                      ^^^^^^^^^^^
lib/generated/spacex_api/device/wifi.pb.dart:12964:45: Error: The method '$_setField' isn't defined for the type 'StarlinkRouterClients'.
 - 'StarlinkRouterClients' is from 'package:starlink_isp_app/generated/spacex_api/device/wifi.pb.dart' ('lib/generated/spacex_api/device/wifi.pb.dart').
Try correcting the name to the name of an existing method, or defining a method named '$_setField'.
  set flowsUdpIpv4($4.UInt32Value value) => $_setField(148, value);
                                            ^^^^^^^^^^
lib/generated/spacex_api/device/wifi.pb.dart:12968:31: Error: The method '$_clearField' isn't defined for the type 'StarlinkRouterClients'.
 - 'StarlinkRouterClients' is from 'package:starlink_isp_app/generated/spacex_api/device/wifi.pb.dart' ('lib/generated/spacex_api/device/wifi.pb.dart').
Try correcting the name to the name of an existing method, or defining a method named '$_clearField'.
  void clearFlowsUdpIpv4() => $_clearField(148);
                              ^^^^^^^^^^^^
lib/generated/spacex_api/device/wifi.pb.dart:12975:23: Error: 'UInt32Value' isn't a type.
  set flowsUdpIpv6($4.UInt32Value value) => $_setField(149, value);
                      ^^^^^^^^^^^
lib/generated/spacex_api/device/wifi.pb.dart:12975:45: Error: The method '$_setField' isn't defined for the type 'StarlinkRouterClients'.
 - 'StarlinkRouterClients' is from 'package:starlink_isp_app/generated/spacex_api/device/wifi.pb.dart' ('lib/generated/spacex_api/device/wifi.pb.dart').
Try correcting the name to the name of an existing method, or defining a method named '$_setField'.
  set flowsUdpIpv6($4.UInt32Value value) => $_setField(149, value);
                                            ^^^^^^^^^^
lib/generated/spacex_api/device/wifi.pb.dart:12979:31: Error: The method '$_clearField' isn't defined for the type 'StarlinkRouterClients'.
 - 'StarlinkRouterClients' is from 'package:starlink_isp_app/generated/spacex_api/device/wifi.pb.dart' ('lib/generated/spacex_api/device/wifi.pb.dart').
Try correcting the name to the name of an existing method, or defining a method named '$_clearField'.
  void clearFlowsUdpIpv6() => $_clearField(149);
                              ^^^^^^^^^^^^
lib/generated/spacex_api/device/wifi.pb.dart:12987:7: Error: The method '$_setField' isn't defined for the type 'StarlinkRouterClients'.
 - 'StarlinkRouterClients' is from 'package:starlink_isp_app/generated/spacex_api/device/wifi.pb.dart' ('lib/generated/spacex_api/device/wifi.pb.dart').
Try correcting the name to the name of an existing method, or defining a method named '$_setField'.
      $_setField(150, value);
      ^^^^^^^^^^
lib/generated/spacex_api/device/wifi.pb.dart:12991:45: Error: The method '$_clearField' isn't defined for the type 'StarlinkRouterClients'.
 - 'StarlinkRouterClients' is from 'package:starlink_isp_app/generated/spacex_api/device/wifi.pb.dart' ('lib/generated/spacex_api/device/wifi.pb.dart').
Try correcting the name to the name of an existing method, or defining a method named '$_clearField'.
  void clearThroughputLimitedLastFired() => $_clearField(150);
                                            ^^^^^^^^^^^^
lib/generated/spacex_api/device/wifi.pb.dart:13000:8: Error: 'StringValue' isn't a type.
    $4.StringValue? clientIfaceName,
       ^^^^^^^^^^^
lib/generated/spacex_api/device/wifi.pb.dart:13001:8: Error: 'StringValue' isn't a type.
    $4.StringValue? targetSsid,
       ^^^^^^^^^^^
lib/generated/spacex_api/device/wifi.pb.dart:13002:8: Error: 'BoolValue' isn't a type.
    $4.BoolValue? targetHasPassword,
       ^^^^^^^^^
lib/generated/spacex_api/device/wifi.pb.dart:13003:8: Error: 'StringValue' isn't a type.
    $4.StringValue? targetAuth,
       ^^^^^^^^^^^
lib/generated/spacex_api/device/wifi.pb.dart:13004:8: Error: 'StringValue' isn't a type.
    $4.StringValue? targetEncryption,
       ^^^^^^^^^^^
lib/generated/spacex_api/device/wifi.pb.dart:13005:8: Error: 'StringValue' isn't a type.
    $4.StringValue? targetBssid,
       ^^^^^^^^^^^
lib/generated/spacex_api/device/wifi.pb.dart:13006:8: Error: 'UInt32Value' isn't a type.
    $4.UInt32Value? iteration,
       ^^^^^^^^^^^
lib/generated/spacex_api/device/wifi.pb.dart:13007:8: Error: 'StringValue' isn't a type.
    $4.StringValue? errorCode,
       ^^^^^^^^^^^
lib/generated/spacex_api/device/wifi.pb.dart:13008:8: Error: 'FloatValue' isn't a type.
    $4.FloatValue? secondsToAssociate,
       ^^^^^^^^^^
lib/generated/spacex_api/device/wifi.pb.dart:13009:8: Error: 'FloatValue' isn't a type.
    $4.FloatValue? secondsToLease,
       ^^^^^^^^^^
lib/generated/spacex_api/device/wifi.pb.dart:13010:8: Error: 'FloatValue' isn't a type.
    $4.FloatValue? secondsToResolveRouter,
       ^^^^^^^^^^
lib/generated/spacex_api/device/wifi.pb.dart:13011:8: Error: 'FloatValue' isn't a type.
    $4.FloatValue? secondsToResolveInternet,
       ^^^^^^^^^^
lib/generated/spacex_api/device/wifi.pb.dart:13012:8: Error: 'FloatValue' isn't a type.
    $4.FloatValue? secondsToPingDish,
       ^^^^^^^^^^
lib/generated/spacex_api/device/wifi.pb.dart:13013:8: Error: 'FloatValue' isn't a type.
    $4.FloatValue? v4IrttTestDurationS,
       ^^^^^^^^^^
lib/generated/spacex_api/device/wifi.pb.dart:13014:8: Error: 'FloatValue' isn't a type.
    $4.FloatValue? v4IrttRttLatencyMinMs,
       ^^^^^^^^^^
lib/generated/spacex_api/device/wifi.pb.dart:13015:8: Error: 'FloatValue' isn't a type.
    $4.FloatValue? v4IrttRttLatencyMeanMs,
       ^^^^^^^^^^
lib/generated/spacex_api/device/wifi.pb.dart:13016:8: Error: 'FloatValue' isn't a type.
    $4.FloatValue? v4IrttRttLatencyMedianMs,
       ^^^^^^^^^^
lib/generated/spacex_api/device/wifi.pb.dart:13017:8: Error: 'FloatValue' isn't a type.
    $4.FloatValue? v4IrttRttLatencyMaxMs,
       ^^^^^^^^^^
lib/generated/spacex_api/device/wifi.pb.dart:13018:8: Error: 'FloatValue' isn't a type.
    $4.FloatValue? v4IrttRttLatencyStdDevMs,
       ^^^^^^^^^^
lib/generated/spacex_api/device/wifi.pb.dart:13019:8: Error: 'UInt32Value' isn't a type.
    $4.UInt32Value? v4IrttPktsSent,
       ^^^^^^^^^^^
lib/generated/spacex_api/device/wifi.pb.dart:13020:8: Error: 'UInt32Value' isn't a type.
    $4.UInt32Value? v4IrttPktsRecv,
       ^^^^^^^^^^^
lib/generated/spacex_api/device/wifi.pb.dart:13021:8: Error: 'FloatValue' isn't a type.
    $4.FloatValue? v4IrttLossPercent,
       ^^^^^^^^^^
lib/generated/spacex_api/device/wifi.pb.dart:13022:8: Error: 'StringValue' isn't a type.
    $4.StringValue? targetIrttServer,
       ^^^^^^^^^^^
lib/generated/spacex_api/device/wifi.pb.dart:13080:14: Error: 'StringValue' isn't a type.
    ..aOM<$4.StringValue>(3, _omitFieldNames ? '' : 'clientIfaceName',
             ^^^^^^^^^^^
lib/generated/spacex_api/device/wifi.pb.dart:13081:24: Error: Undefined name 'StringValue'.
        subBuilder: $4.StringValue.create)
                       ^^^^^^^^^^^
lib/generated/spacex_api/device/wifi.pb.dart:13082:14: Error: 'StringValue' isn't a type.
    ..aOM<$4.StringValue>(4, _omitFieldNames ? '' : 'targetSsid',
             ^^^^^^^^^^^
lib/generated/spacex_api/device/wifi.pb.dart:13083:24: Error: Undefined name 'StringValue'.
        subBuilder: $4.StringValue.create)
                       ^^^^^^^^^^^
lib/generated/spacex_api/device/wifi.pb.dart:13084:14: Error: 'BoolValue' isn't a type.
    ..aOM<$4.BoolValue>(5, _omitFieldNames ? '' : 'targetHasPassword',
             ^^^^^^^^^
lib/generated/spacex_api/device/wifi.pb.dart:13085:24: Error: Undefined name 'BoolValue'.
        subBuilder: $4.BoolValue.create)
                       ^^^^^^^^^
lib/generated/spacex_api/device/wifi.pb.dart:13086:14: Error: 'StringValue' isn't a type.
    ..aOM<$4.StringValue>(6, _omitFieldNames ? '' : 'targetAuth',
             ^^^^^^^^^^^
lib/generated/spacex_api/device/wifi.pb.dart:13087:24: Error: Undefined name 'StringValue'.
        subBuilder: $4.StringValue.create)
                       ^^^^^^^^^^^
lib/generated/spacex_api/device/wifi.pb.dart:13088:14: Error: 'StringValue' isn't a type.
    ..aOM<$4.StringValue>(7, _omitFieldNames ? '' : 'targetEncryption',
             ^^^^^^^^^^^
lib/generated/spacex_api/device/wifi.pb.dart:13089:24: Error: Undefined name 'StringValue'.
        subBuilder: $4.StringValue.create)
                       ^^^^^^^^^^^
lib/generated/spacex_api/device/wifi.pb.dart:13090:14: Error: 'StringValue' isn't a type.
    ..aOM<$4.StringValue>(8, _omitFieldNames ? '' : 'targetBssid',
             ^^^^^^^^^^^
lib/generated/spacex_api/device/wifi.pb.dart:13091:24: Error: Undefined name 'StringValue'.
        subBuilder: $4.StringValue.create)
                       ^^^^^^^^^^^
lib/generated/spacex_api/device/wifi.pb.dart:13092:14: Error: 'UInt32Value' isn't a type.
    ..aOM<$4.UInt32Value>(9, _omitFieldNames ? '' : 'iteration',
             ^^^^^^^^^^^
lib/generated/spacex_api/device/wifi.pb.dart:13093:24: Error: Undefined name 'UInt32Value'.
        subBuilder: $4.UInt32Value.create)
                       ^^^^^^^^^^^
lib/generated/spacex_api/device/wifi.pb.dart:13094:14: Error: 'StringValue' isn't a type.
    ..aOM<$4.StringValue>(10, _omitFieldNames ? '' : 'errorCode',
             ^^^^^^^^^^^
lib/generated/spacex_api/device/wifi.pb.dart:13095:24: Error: Undefined name 'StringValue'.
        subBuilder: $4.StringValue.create)
                       ^^^^^^^^^^^
lib/generated/spacex_api/device/wifi.pb.dart:13096:14: Error: 'FloatValue' isn't a type.
    ..aOM<$4.FloatValue>(11, _omitFieldNames ? '' : 'secondsToAssociate',
             ^^^^^^^^^^
lib/generated/spacex_api/device/wifi.pb.dart:13097:24: Error: Undefined name 'FloatValue'.
        subBuilder: $4.FloatValue.create)
                       ^^^^^^^^^^
lib/generated/spacex_api/device/wifi.pb.dart:13098:14: Error: 'FloatValue' isn't a type.
    ..aOM<$4.FloatValue>(12, _omitFieldNames ? '' : 'secondsToLease',
             ^^^^^^^^^^
lib/generated/spacex_api/device/wifi.pb.dart:13099:24: Error: Undefined name 'FloatValue'.
        subBuilder: $4.FloatValue.create)
                       ^^^^^^^^^^
lib/generated/spacex_api/device/wifi.pb.dart:13100:14: Error: 'FloatValue' isn't a type.
    ..aOM<$4.FloatValue>(13, _omitFieldNames ? '' : 'secondsToResolveRouter',
             ^^^^^^^^^^
lib/generated/spacex_api/device/wifi.pb.dart:13101:24: Error: Undefined name 'FloatValue'.
        subBuilder: $4.FloatValue.create)
                       ^^^^^^^^^^
lib/generated/spacex_api/device/wifi.pb.dart:13102:14: Error: 'FloatValue' isn't a type.
    ..aOM<$4.FloatValue>(14, _omitFieldNames ? '' : 'secondsToResolveInternet',
             ^^^^^^^^^^
lib/generated/spacex_api/device/wifi.pb.dart:13103:24: Error: Undefined name 'FloatValue'.
        subBuilder: $4.FloatValue.create)
                       ^^^^^^^^^^
lib/generated/spacex_api/device/wifi.pb.dart:13104:14: Error: 'FloatValue' isn't a type.
    ..aOM<$4.FloatValue>(15, _omitFieldNames ? '' : 'secondsToPingDish',
             ^^^^^^^^^^
lib/generated/spacex_api/device/wifi.pb.dart:13105:24: Error: Undefined name 'FloatValue'.
        subBuilder: $4.FloatValue.create)
                       ^^^^^^^^^^
lib/generated/spacex_api/device/wifi.pb.dart:13106:14: Error: 'FloatValue' isn't a type.
    ..aOM<$4.FloatValue>(16, _omitFieldNames ? '' : 'v4IrttTestDurationS',
             ^^^^^^^^^^
lib/generated/spacex_api/device/wifi.pb.dart:13107:24: Error: Undefined name 'FloatValue'.
        subBuilder: $4.FloatValue.create)
                       ^^^^^^^^^^
lib/generated/spacex_api/device/wifi.pb.dart:13108:14: Error: 'FloatValue' isn't a type.
    ..aOM<$4.FloatValue>(17, _omitFieldNames ? '' : 'v4IrttRttLatencyMinMs',
             ^^^^^^^^^^
lib/generated/spacex_api/device/wifi.pb.dart:13109:24: Error: Undefined name 'FloatValue'.
        subBuilder: $4.FloatValue.create)
                       ^^^^^^^^^^
lib/generated/spacex_api/device/wifi.pb.dart:13110:14: Error: 'FloatValue' isn't a type.
    ..aOM<$4.FloatValue>(18, _omitFieldNames ? '' : 'v4IrttRttLatencyMeanMs',
             ^^^^^^^^^^
lib/generated/spacex_api/device/wifi.pb.dart:13111:24: Error: Undefined name 'FloatValue'.
        subBuilder: $4.FloatValue.create)
                       ^^^^^^^^^^
lib/generated/spacex_api/device/wifi.pb.dart:13112:14: Error: 'FloatValue' isn't a type.
    ..aOM<$4.FloatValue>(19, _omitFieldNames ? '' : 'v4IrttRttLatencyMedianMs',
             ^^^^^^^^^^
lib/generated/spacex_api/device/wifi.pb.dart:13113:24: Error: Undefined name 'FloatValue'.
        subBuilder: $4.FloatValue.create)
                       ^^^^^^^^^^
lib/generated/spacex_api/device/wifi.pb.dart:13114:14: Error: 'FloatValue' isn't a type.
    ..aOM<$4.FloatValue>(20, _omitFieldNames ? '' : 'v4IrttRttLatencyMaxMs',
             ^^^^^^^^^^
lib/generated/spacex_api/device/wifi.pb.dart:13115:24: Error: Undefined name 'FloatValue'.
        subBuilder: $4.FloatValue.create)
                       ^^^^^^^^^^
lib/generated/spacex_api/device/wifi.pb.dart:13116:14: Error: 'FloatValue' isn't a type.
    ..aOM<$4.FloatValue>(21, _omitFieldNames ? '' : 'v4IrttRttLatencyStdDevMs',
             ^^^^^^^^^^
lib/generated/spacex_api/device/wifi.pb.dart:13117:24: Error: Undefined name 'FloatValue'.
        subBuilder: $4.FloatValue.create)
                       ^^^^^^^^^^
lib/generated/spacex_api/device/wifi.pb.dart:13118:14: Error: 'UInt32Value' isn't a type.
    ..aOM<$4.UInt32Value>(22, _omitFieldNames ? '' : 'v4IrttPktsSent',
             ^^^^^^^^^^^
lib/generated/spacex_api/device/wifi.pb.dart:13119:24: Error: Undefined name 'UInt32Value'.
        subBuilder: $4.UInt32Value.create)
                       ^^^^^^^^^^^
lib/generated/spacex_api/device/wifi.pb.dart:13120:14: Error: 'UInt32Value' isn't a type.
    ..aOM<$4.UInt32Value>(23, _omitFieldNames ? '' : 'v4IrttPktsRecv',
             ^^^^^^^^^^^
lib/generated/spacex_api/device/wifi.pb.dart:13121:24: Error: Undefined name 'UInt32Value'.
        subBuilder: $4.UInt32Value.create)
                       ^^^^^^^^^^^
lib/generated/spacex_api/device/wifi.pb.dart:13122:14: Error: 'FloatValue' isn't a type.
    ..aOM<$4.FloatValue>(24, _omitFieldNames ? '' : 'v4IrttLossPercent',
             ^^^^^^^^^^
lib/generated/spacex_api/device/wifi.pb.dart:13123:24: Error: Undefined name 'FloatValue'.
        subBuilder: $4.FloatValue.create)
                       ^^^^^^^^^^
lib/generated/spacex_api/device/wifi.pb.dart:13124:14: Error: 'StringValue' isn't a type.
    ..aOM<$4.StringValue>(25, _omitFieldNames ? '' : 'targetIrttServer',
             ^^^^^^^^^^^
lib/generated/spacex_api/device/wifi.pb.dart:13125:24: Error: Undefined name 'StringValue'.
        subBuilder: $4.StringValue.create)
                       ^^^^^^^^^^^
lib/generated/spacex_api/device/wifi.pb.dart:13157:39: Error: The method '$_clearField' isn't defined for the type 'StarlinkRouterClientTesterRun'.
 - 'StarlinkRouterClientTesterRun' is from 'package:starlink_isp_app/generated/spacex_api/device/wifi.pb.dart' ('lib/generated/spacex_api/device/wifi.pb.dart').
Try correcting the name to the name of an existing method, or defining a method named '$_clearField'.
  void clearClientTesterRouterId() => $_clearField(1);
                                      ^^^^^^^^^^^^
lib/generated/spacex_api/device/wifi.pb.dart:13162:44: Error: The method '$_setField' isn't defined for the type 'StarlinkRouterClientTesterRun'.
 - 'StarlinkRouterClientTesterRun' is from 'package:starlink_isp_app/generated/spacex_api/device/wifi.pb.dart' ('lib/generated/spacex_api/device/wifi.pb.dart').
Try correcting the name to the name of an existing method, or defining a method named '$_setField'.
  set timestamp($5.TimestampInfo value) => $_setField(2, value);
                                           ^^^^^^^^^^
lib/generated/spacex_api/device/wifi.pb.dart:13166:28: Error: The method '$_clearField' isn't defined for the type 'StarlinkRouterClientTesterRun'.
 - 'StarlinkRouterClientTesterRun' is from 'package:starlink_isp_app/generated/spacex_api/device/wifi.pb.dart' ('lib/generated/spacex_api/device/wifi.pb.dart').
Try correcting the name to the name of an existing method, or defining a method named '$_clearField'.
  void clearTimestamp() => $_clearField(2);
                           ^^^^^^^^^^^^
lib/generated/spacex_api/device/wifi.pb.dart:13173:26: Error: 'StringValue' isn't a type.
  set clientIfaceName($4.StringValue value) => $_setField(3, value);
                         ^^^^^^^^^^^
lib/generated/spacex_api/device/wifi.pb.dart:13173:48: Error: The method '$_setField' isn't defined for the type 'StarlinkRouterClientTesterRun'.
 - 'StarlinkRouterClientTesterRun' is from 'package:starlink_isp_app/generated/spacex_api/device/wifi.pb.dart' ('lib/generated/spacex_api/device/wifi.pb.dart').
Try correcting the name to the name of an existing method, or defining a method named '$_setField'.
  set clientIfaceName($4.StringValue value) => $_setField(3, value);
                                               ^^^^^^^^^^
lib/generated/spacex_api/device/wifi.pb.dart:13177:34: Error: The method '$_clearField' isn't defined for the type 'StarlinkRouterClientTesterRun'.
 - 'StarlinkRouterClientTesterRun' is from 'package:starlink_isp_app/generated/spacex_api/device/wifi.pb.dart' ('lib/generated/spacex_api/device/wifi.pb.dart').
Try correcting the name to the name of an existing method, or defining a method named '$_clearField'.
  void clearClientIfaceName() => $_clearField(3);
                                 ^^^^^^^^^^^^
lib/generated/spacex_api/device/wifi.pb.dart:13184:21: Error: 'StringValue' isn't a type.
  set targetSsid($4.StringValue value) => $_setField(4, value);
                    ^^^^^^^^^^^
lib/generated/spacex_api/device/wifi.pb.dart:13184:43: Error: The method '$_setField' isn't defined for the type 'StarlinkRouterClientTesterRun'.
 - 'StarlinkRouterClientTesterRun' is from 'package:starlink_isp_app/generated/spacex_api/device/wifi.pb.dart' ('lib/generated/spacex_api/device/wifi.pb.dart').
Try correcting the name to the name of an existing method, or defining a method named '$_setField'.
  set targetSsid($4.StringValue value) => $_setField(4, value);
                                          ^^^^^^^^^^
lib/generated/spacex_api/device/wifi.pb.dart:13188:29: Error: The method '$_clearField' isn't defined for the type 'StarlinkRouterClientTesterRun'.
 - 'StarlinkRouterClientTesterRun' is from 'package:starlink_isp_app/generated/spacex_api/device/wifi.pb.dart' ('lib/generated/spacex_api/device/wifi.pb.dart').
Try correcting the name to the name of an existing method, or defining a method named '$_clearField'.
  void clearTargetSsid() => $_clearField(4);
                            ^^^^^^^^^^^^
lib/generated/spacex_api/device/wifi.pb.dart:13195:28: Error: 'BoolValue' isn't a type.
  set targetHasPassword($4.BoolValue value) => $_setField(5, value);
                           ^^^^^^^^^
lib/generated/spacex_api/device/wifi.pb.dart:13195:48: Error: The method '$_setField' isn't defined for the type 'StarlinkRouterClientTesterRun'.
 - 'StarlinkRouterClientTesterRun' is from 'package:starlink_isp_app/generated/spacex_api/device/wifi.pb.dart' ('lib/generated/spacex_api/device/wifi.pb.dart').
Try correcting the name to the name of an existing method, or defining a method named '$_setField'.
  set targetHasPassword($4.BoolValue value) => $_setField(5, value);
                                               ^^^^^^^^^^
lib/generated/spacex_api/device/wifi.pb.dart:13199:36: Error: The method '$_clearField' isn't defined for the type 'StarlinkRouterClientTesterRun'.
 - 'StarlinkRouterClientTesterRun' is from 'package:starlink_isp_app/generated/spacex_api/device/wifi.pb.dart' ('lib/generated/spacex_api/device/wifi.pb.dart').
Try correcting the name to the name of an existing method, or defining a method named '$_clearField'.
  void clearTargetHasPassword() => $_clearField(5);
                                   ^^^^^^^^^^^^
lib/generated/spacex_api/device/wifi.pb.dart:13206:21: Error: 'StringValue' isn't a type.
  set targetAuth($4.StringValue value) => $_setField(6, value);
                    ^^^^^^^^^^^
lib/generated/spacex_api/device/wifi.pb.dart:13206:43: Error: The method '$_setField' isn't defined for the type 'StarlinkRouterClientTesterRun'.
 - 'StarlinkRouterClientTesterRun' is from 'package:starlink_isp_app/generated/spacex_api/device/wifi.pb.dart' ('lib/generated/spacex_api/device/wifi.pb.dart').
Try correcting the name to the name of an existing method, or defining a method named '$_setField'.
  set targetAuth($4.StringValue value) => $_setField(6, value);
                                          ^^^^^^^^^^
lib/generated/spacex_api/device/wifi.pb.dart:13210:29: Error: The method '$_clearField' isn't defined for the type 'StarlinkRouterClientTesterRun'.
 - 'StarlinkRouterClientTesterRun' is from 'package:starlink_isp_app/generated/spacex_api/device/wifi.pb.dart' ('lib/generated/spacex_api/device/wifi.pb.dart').
Try correcting the name to the name of an existing method, or defining a method named '$_clearField'.
  void clearTargetAuth() => $_clearField(6);
                            ^^^^^^^^^^^^
lib/generated/spacex_api/device/wifi.pb.dart:13217:27: Error: 'StringValue' isn't a type.
  set targetEncryption($4.StringValue value) => $_setField(7, value);
                          ^^^^^^^^^^^
lib/generated/spacex_api/device/wifi.pb.dart:13217:49: Error: The method '$_setField' isn't defined for the type 'StarlinkRouterClientTesterRun'.
 - 'StarlinkRouterClientTesterRun' is from 'package:starlink_isp_app/generated/spacex_api/device/wifi.pb.dart' ('lib/generated/spacex_api/device/wifi.pb.dart').
Try correcting the name to the name of an existing method, or defining a method named '$_setField'.
  set targetEncryption($4.StringValue value) => $_setField(7, value);
                                                ^^^^^^^^^^
lib/generated/spacex_api/device/wifi.pb.dart:13221:35: Error: The method '$_clearField' isn't defined for the type 'StarlinkRouterClientTesterRun'.
 - 'StarlinkRouterClientTesterRun' is from 'package:starlink_isp_app/generated/spacex_api/device/wifi.pb.dart' ('lib/generated/spacex_api/device/wifi.pb.dart').
Try correcting the name to the name of an existing method, or defining a method named '$_clearField'.
  void clearTargetEncryption() => $_clearField(7);
                                  ^^^^^^^^^^^^
lib/generated/spacex_api/device/wifi.pb.dart:13228:22: Error: 'StringValue' isn't a type.
  set targetBssid($4.StringValue value) => $_setField(8, value);
                     ^^^^^^^^^^^
lib/generated/spacex_api/device/wifi.pb.dart:13228:44: Error: The method '$_setField' isn't defined for the type 'StarlinkRouterClientTesterRun'.
 - 'StarlinkRouterClientTesterRun' is from 'package:starlink_isp_app/generated/spacex_api/device/wifi.pb.dart' ('lib/generated/spacex_api/device/wifi.pb.dart').
Try correcting the name to the name of an existing method, or defining a method named '$_setField'.
  set targetBssid($4.StringValue value) => $_setField(8, value);
                                           ^^^^^^^^^^
lib/generated/spacex_api/device/wifi.pb.dart:13232:30: Error: The method '$_clearField' isn't defined for the type 'StarlinkRouterClientTesterRun'.
 - 'StarlinkRouterClientTesterRun' is from 'package:starlink_isp_app/generated/spacex_api/device/wifi.pb.dart' ('lib/generated/spacex_api/device/wifi.pb.dart').
Try correcting the name to the name of an existing method, or defining a method named '$_clearField'.
  void clearTargetBssid() => $_clearField(8);
                             ^^^^^^^^^^^^
lib/generated/spacex_api/device/wifi.pb.dart:13239:20: Error: 'UInt32Value' isn't a type.
  set iteration($4.UInt32Value value) => $_setField(9, value);
                   ^^^^^^^^^^^
lib/generated/spacex_api/device/wifi.pb.dart:13239:42: Error: The method '$_setField' isn't defined for the type 'StarlinkRouterClientTesterRun'.
 - 'StarlinkRouterClientTesterRun' is from 'package:starlink_isp_app/generated/spacex_api/device/wifi.pb.dart' ('lib/generated/spacex_api/device/wifi.pb.dart').
Try correcting the name to the name of an existing method, or defining a method named '$_setField'.
  set iteration($4.UInt32Value value) => $_setField(9, value);
                                         ^^^^^^^^^^
lib/generated/spacex_api/device/wifi.pb.dart:13243:28: Error: The method '$_clearField' isn't defined for the type 'StarlinkRouterClientTesterRun'.
 - 'StarlinkRouterClientTesterRun' is from 'package:starlink_isp_app/generated/spacex_api/device/wifi.pb.dart' ('lib/generated/spacex_api/device/wifi.pb.dart').
Try correcting the name to the name of an existing method, or defining a method named '$_clearField'.
  void clearIteration() => $_clearField(9);
                           ^^^^^^^^^^^^
lib/generated/spacex_api/device/wifi.pb.dart:13250:20: Error: 'StringValue' isn't a type.
  set errorCode($4.StringValue value) => $_setField(10, value);
                   ^^^^^^^^^^^
lib/generated/spacex_api/device/wifi.pb.dart:13250:42: Error: The method '$_setField' isn't defined for the type 'StarlinkRouterClientTesterRun'.
 - 'StarlinkRouterClientTesterRun' is from 'package:starlink_isp_app/generated/spacex_api/device/wifi.pb.dart' ('lib/generated/spacex_api/device/wifi.pb.dart').
Try correcting the name to the name of an existing method, or defining a method named '$_setField'.
  set errorCode($4.StringValue value) => $_setField(10, value);
                                         ^^^^^^^^^^
lib/generated/spacex_api/device/wifi.pb.dart:13254:28: Error: The method '$_clearField' isn't defined for the type 'StarlinkRouterClientTesterRun'.
 - 'StarlinkRouterClientTesterRun' is from 'package:starlink_isp_app/generated/spacex_api/device/wifi.pb.dart' ('lib/generated/spacex_api/device/wifi.pb.dart').
Try correcting the name to the name of an existing method, or defining a method named '$_clearField'.
  void clearErrorCode() => $_clearField(10);
                           ^^^^^^^^^^^^
lib/generated/spacex_api/device/wifi.pb.dart:13261:29: Error: 'FloatValue' isn't a type.
  set secondsToAssociate($4.FloatValue value) => $_setField(11, value);
                            ^^^^^^^^^^
lib/generated/spacex_api/device/wifi.pb.dart:13261:50: Error: The method '$_setField' isn't defined for the type 'StarlinkRouterClientTesterRun'.
 - 'StarlinkRouterClientTesterRun' is from 'package:starlink_isp_app/generated/spacex_api/device/wifi.pb.dart' ('lib/generated/spacex_api/device/wifi.pb.dart').
Try correcting the name to the name of an existing method, or defining a method named '$_setField'.
  set secondsToAssociate($4.FloatValue value) => $_setField(11, value);
                                                 ^^^^^^^^^^
lib/generated/spacex_api/device/wifi.pb.dart:13265:37: Error: The method '$_clearField' isn't defined for the type 'StarlinkRouterClientTesterRun'.
 - 'StarlinkRouterClientTesterRun' is from 'package:starlink_isp_app/generated/spacex_api/device/wifi.pb.dart' ('lib/generated/spacex_api/device/wifi.pb.dart').
Try correcting the name to the name of an existing method, or defining a method named '$_clearField'.
  void clearSecondsToAssociate() => $_clearField(11);
                                    ^^^^^^^^^^^^
lib/generated/spacex_api/device/wifi.pb.dart:13272:25: Error: 'FloatValue' isn't a type.
  set secondsToLease($4.FloatValue value) => $_setField(12, value);
                        ^^^^^^^^^^
lib/generated/spacex_api/device/wifi.pb.dart:13272:46: Error: The method '$_setField' isn't defined for the type 'StarlinkRouterClientTesterRun'.
 - 'StarlinkRouterClientTesterRun' is from 'package:starlink_isp_app/generated/spacex_api/device/wifi.pb.dart' ('lib/generated/spacex_api/device/wifi.pb.dart').
Try correcting the name to the name of an existing method, or defining a method named '$_setField'.
  set secondsToLease($4.FloatValue value) => $_setField(12, value);
                                             ^^^^^^^^^^
lib/generated/spacex_api/device/wifi.pb.dart:13276:33: Error: The method '$_clearField' isn't defined for the type 'StarlinkRouterClientTesterRun'.
 - 'StarlinkRouterClientTesterRun' is from 'package:starlink_isp_app/generated/spacex_api/device/wifi.pb.dart' ('lib/generated/spacex_api/device/wifi.pb.dart').
Try correcting the name to the name of an existing method, or defining a method named '$_clearField'.
  void clearSecondsToLease() => $_clearField(12);
                                ^^^^^^^^^^^^
lib/generated/spacex_api/device/wifi.pb.dart:13283:33: Error: 'FloatValue' isn't a type.
  set secondsToResolveRouter($4.FloatValue value) => $_setField(13, value);
                                ^^^^^^^^^^
lib/generated/spacex_api/device/wifi.pb.dart:13283:54: Error: The method '$_setField' isn't defined for the type 'StarlinkRouterClientTesterRun'.
 - 'StarlinkRouterClientTesterRun' is from 'package:starlink_isp_app/generated/spacex_api/device/wifi.pb.dart' ('lib/generated/spacex_api/device/wifi.pb.dart').
Try correcting the name to the name of an existing method, or defining a method named '$_setField'.
  set secondsToResolveRouter($4.FloatValue value) => $_setField(13, value);
                                                     ^^^^^^^^^^
lib/generated/spacex_api/device/wifi.pb.dart:13287:41: Error: The method '$_clearField' isn't defined for the type 'StarlinkRouterClientTesterRun'.
 - 'StarlinkRouterClientTesterRun' is from 'package:starlink_isp_app/generated/spacex_api/device/wifi.pb.dart' ('lib/generated/spacex_api/device/wifi.pb.dart').
Try correcting the name to the name of an existing method, or defining a method named '$_clearField'.
  void clearSecondsToResolveRouter() => $_clearField(13);
                                        ^^^^^^^^^^^^
lib/generated/spacex_api/device/wifi.pb.dart:13294:35: Error: 'FloatValue' isn't a type.
  set secondsToResolveInternet($4.FloatValue value) => $_setField(14, value);
                                  ^^^^^^^^^^
lib/generated/spacex_api/device/wifi.pb.dart:13294:56: Error: The method '$_setField' isn't defined for the type 'StarlinkRouterClientTesterRun'.
 - 'StarlinkRouterClientTesterRun' is from 'package:starlink_isp_app/generated/spacex_api/device/wifi.pb.dart' ('lib/generated/spacex_api/device/wifi.pb.dart').
Try correcting the name to the name of an existing method, or defining a method named '$_setField'.
  set secondsToResolveInternet($4.FloatValue value) => $_setField(14, value);
                                                       ^^^^^^^^^^
lib/generated/spacex_api/device/wifi.pb.dart:13298:43: Error: The method '$_clearField' isn't defined for the type 'StarlinkRouterClientTesterRun'.
 - 'StarlinkRouterClientTesterRun' is from 'package:starlink_isp_app/generated/spacex_api/device/wifi.pb.dart' ('lib/generated/spacex_api/device/wifi.pb.dart').
Try correcting the name to the name of an existing method, or defining a method named '$_clearField'.
  void clearSecondsToResolveInternet() => $_clearField(14);
                                          ^^^^^^^^^^^^
lib/generated/spacex_api/device/wifi.pb.dart:13305:28: Error: 'FloatValue' isn't a type.
  set secondsToPingDish($4.FloatValue value) => $_setField(15, value);
                           ^^^^^^^^^^
lib/generated/spacex_api/device/wifi.pb.dart:13305:49: Error: The method '$_setField' isn't defined for the type 'StarlinkRouterClientTesterRun'.
 - 'StarlinkRouterClientTesterRun' is from 'package:starlink_isp_app/generated/spacex_api/device/wifi.pb.dart' ('lib/generated/spacex_api/device/wifi.pb.dart').
Try correcting the name to the name of an existing method, or defining a method named '$_setField'.
  set secondsToPingDish($4.FloatValue value) => $_setField(15, value);
                                                ^^^^^^^^^^
lib/generated/spacex_api/device/wifi.pb.dart:13309:36: Error: The method '$_clearField' isn't defined for the type 'StarlinkRouterClientTesterRun'.
 - 'StarlinkRouterClientTesterRun' is from 'package:starlink_isp_app/generated/spacex_api/device/wifi.pb.dart' ('lib/generated/spacex_api/device/wifi.pb.dart').
Try correcting the name to the name of an existing method, or defining a method named '$_clearField'.
  void clearSecondsToPingDish() => $_clearField(15);
                                   ^^^^^^^^^^^^
lib/generated/spacex_api/device/wifi.pb.dart:13316:30: Error: 'FloatValue' isn't a type.
  set v4IrttTestDurationS($4.FloatValue value) => $_setField(16, value);
                             ^^^^^^^^^^
lib/generated/spacex_api/device/wifi.pb.dart:13316:51: Error: The method '$_setField' isn't defined for the type 'StarlinkRouterClientTesterRun'.
 - 'StarlinkRouterClientTesterRun' is from 'package:starlink_isp_app/generated/spacex_api/device/wifi.pb.dart' ('lib/generated/spacex_api/device/wifi.pb.dart').
Try correcting the name to the name of an existing method, or defining a method named '$_setField'.
  set v4IrttTestDurationS($4.FloatValue value) => $_setField(16, value);
                                                  ^^^^^^^^^^
lib/generated/spacex_api/device/wifi.pb.dart:13320:38: Error: The method '$_clearField' isn't defined for the type 'StarlinkRouterClientTesterRun'.
 - 'StarlinkRouterClientTesterRun' is from 'package:starlink_isp_app/generated/spacex_api/device/wifi.pb.dart' ('lib/generated/spacex_api/device/wifi.pb.dart').
Try correcting the name to the name of an existing method, or defining a method named '$_clearField'.
  void clearV4IrttTestDurationS() => $_clearField(16);
                                     ^^^^^^^^^^^^
lib/generated/spacex_api/device/wifi.pb.dart:13327:32: Error: 'FloatValue' isn't a type.
  set v4IrttRttLatencyMinMs($4.FloatValue value) => $_setField(17, value);
                               ^^^^^^^^^^
lib/generated/spacex_api/device/wifi.pb.dart:13327:53: Error: The method '$_setField' isn't defined for the type 'StarlinkRouterClientTesterRun'.
 - 'StarlinkRouterClientTesterRun' is from 'package:starlink_isp_app/generated/spacex_api/device/wifi.pb.dart' ('lib/generated/spacex_api/device/wifi.pb.dart').
Try correcting the name to the name of an existing method, or defining a method named '$_setField'.
  set v4IrttRttLatencyMinMs($4.FloatValue value) => $_setField(17, value);
                                                    ^^^^^^^^^^
lib/generated/spacex_api/device/wifi.pb.dart:13331:40: Error: The method '$_clearField' isn't defined for the type 'StarlinkRouterClientTesterRun'.
 - 'StarlinkRouterClientTesterRun' is from 'package:starlink_isp_app/generated/spacex_api/device/wifi.pb.dart' ('lib/generated/spacex_api/device/wifi.pb.dart').
Try correcting the name to the name of an existing method, or defining a method named '$_clearField'.
  void clearV4IrttRttLatencyMinMs() => $_clearField(17);
                                       ^^^^^^^^^^^^
lib/generated/spacex_api/device/wifi.pb.dart:13338:33: Error: 'FloatValue' isn't a type.
  set v4IrttRttLatencyMeanMs($4.FloatValue value) => $_setField(18, value);
                                ^^^^^^^^^^
lib/generated/spacex_api/device/wifi.pb.dart:13338:54: Error: The method '$_setField' isn't defined for the type 'StarlinkRouterClientTesterRun'.
 - 'StarlinkRouterClientTesterRun' is from 'package:starlink_isp_app/generated/spacex_api/device/wifi.pb.dart' ('lib/generated/spacex_api/device/wifi.pb.dart').
Try correcting the name to the name of an existing method, or defining a method named '$_setField'.
  set v4IrttRttLatencyMeanMs($4.FloatValue value) => $_setField(18, value);
                                                     ^^^^^^^^^^
lib/generated/spacex_api/device/wifi.pb.dart:13342:41: Error: The method '$_clearField' isn't defined for the type 'StarlinkRouterClientTesterRun'.
 - 'StarlinkRouterClientTesterRun' is from 'package:starlink_isp_app/generated/spacex_api/device/wifi.pb.dart' ('lib/generated/spacex_api/device/wifi.pb.dart').
Try correcting the name to the name of an existing method, or defining a method named '$_clearField'.
  void clearV4IrttRttLatencyMeanMs() => $_clearField(18);
                                        ^^^^^^^^^^^^
lib/generated/spacex_api/device/wifi.pb.dart:13349:35: Error: 'FloatValue' isn't a type.
  set v4IrttRttLatencyMedianMs($4.FloatValue value) => $_setField(19, value);
                                  ^^^^^^^^^^
lib/generated/spacex_api/device/wifi.pb.dart:13349:56: Error: The method '$_setField' isn't defined for the type 'StarlinkRouterClientTesterRun'.
 - 'StarlinkRouterClientTesterRun' is from 'package:starlink_isp_app/generated/spacex_api/device/wifi.pb.dart' ('lib/generated/spacex_api/device/wifi.pb.dart').
Try correcting the name to the name of an existing method, or defining a method named '$_setField'.
  set v4IrttRttLatencyMedianMs($4.FloatValue value) => $_setField(19, value);
                                                       ^^^^^^^^^^
lib/generated/spacex_api/device/wifi.pb.dart:13353:43: Error: The method '$_clearField' isn't defined for the type 'StarlinkRouterClientTesterRun'.
 - 'StarlinkRouterClientTesterRun' is from 'package:starlink_isp_app/generated/spacex_api/device/wifi.pb.dart' ('lib/generated/spacex_api/device/wifi.pb.dart').
Try correcting the name to the name of an existing method, or defining a method named '$_clearField'.
  void clearV4IrttRttLatencyMedianMs() => $_clearField(19);
                                          ^^^^^^^^^^^^
lib/generated/spacex_api/device/wifi.pb.dart:13360:32: Error: 'FloatValue' isn't a type.
  set v4IrttRttLatencyMaxMs($4.FloatValue value) => $_setField(20, value);
                               ^^^^^^^^^^
lib/generated/spacex_api/device/wifi.pb.dart:13360:53: Error: The method '$_setField' isn't defined for the type 'StarlinkRouterClientTesterRun'.
 - 'StarlinkRouterClientTesterRun' is from 'package:starlink_isp_app/generated/spacex_api/device/wifi.pb.dart' ('lib/generated/spacex_api/device/wifi.pb.dart').
Try correcting the name to the name of an existing method, or defining a method named '$_setField'.
  set v4IrttRttLatencyMaxMs($4.FloatValue value) => $_setField(20, value);
                                                    ^^^^^^^^^^
lib/generated/spacex_api/device/wifi.pb.dart:13364:40: Error: The method '$_clearField' isn't defined for the type 'StarlinkRouterClientTesterRun'.
 - 'StarlinkRouterClientTesterRun' is from 'package:starlink_isp_app/generated/spacex_api/device/wifi.pb.dart' ('lib/generated/spacex_api/device/wifi.pb.dart').
Try correcting the name to the name of an existing method, or defining a method named '$_clearField'.
  void clearV4IrttRttLatencyMaxMs() => $_clearField(20);
                                       ^^^^^^^^^^^^
lib/generated/spacex_api/device/wifi.pb.dart:13371:35: Error: 'FloatValue' isn't a type.
  set v4IrttRttLatencyStdDevMs($4.FloatValue value) => $_setField(21, value);
                                  ^^^^^^^^^^
lib/generated/spacex_api/device/wifi.pb.dart:13371:56: Error: The method '$_setField' isn't defined for the type 'StarlinkRouterClientTesterRun'.
 - 'StarlinkRouterClientTesterRun' is from 'package:starlink_isp_app/generated/spacex_api/device/wifi.pb.dart' ('lib/generated/spacex_api/device/wifi.pb.dart').
Try correcting the name to the name of an existing method, or defining a method named '$_setField'.
  set v4IrttRttLatencyStdDevMs($4.FloatValue value) => $_setField(21, value);
                                                       ^^^^^^^^^^
lib/generated/spacex_api/device/wifi.pb.dart:13375:43: Error: The method '$_clearField' isn't defined for the type 'StarlinkRouterClientTesterRun'.
 - 'StarlinkRouterClientTesterRun' is from 'package:starlink_isp_app/generated/spacex_api/device/wifi.pb.dart' ('lib/generated/spacex_api/device/wifi.pb.dart').
Try correcting the name to the name of an existing method, or defining a method named '$_clearField'.
  void clearV4IrttRttLatencyStdDevMs() => $_clearField(21);
                                          ^^^^^^^^^^^^
lib/generated/spacex_api/device/wifi.pb.dart:13382:25: Error: 'UInt32Value' isn't a type.
  set v4IrttPktsSent($4.UInt32Value value) => $_setField(22, value);
                        ^^^^^^^^^^^
lib/generated/spacex_api/device/wifi.pb.dart:13382:47: Error: The method '$_setField' isn't defined for the type 'StarlinkRouterClientTesterRun'.
 - 'StarlinkRouterClientTesterRun' is from 'package:starlink_isp_app/generated/spacex_api/device/wifi.pb.dart' ('lib/generated/spacex_api/device/wifi.pb.dart').
Try correcting the name to the name of an existing method, or defining a method named '$_setField'.
  set v4IrttPktsSent($4.UInt32Value value) => $_setField(22, value);
                                              ^^^^^^^^^^
lib/generated/spacex_api/device/wifi.pb.dart:13386:33: Error: The method '$_clearField' isn't defined for the type 'StarlinkRouterClientTesterRun'.
 - 'StarlinkRouterClientTesterRun' is from 'package:starlink_isp_app/generated/spacex_api/device/wifi.pb.dart' ('lib/generated/spacex_api/device/wifi.pb.dart').
Try correcting the name to the name of an existing method, or defining a method named '$_clearField'.
  void clearV4IrttPktsSent() => $_clearField(22);
                                ^^^^^^^^^^^^
lib/generated/spacex_api/device/wifi.pb.dart:13393:25: Error: 'UInt32Value' isn't a type.
  set v4IrttPktsRecv($4.UInt32Value value) => $_setField(23, value);
                        ^^^^^^^^^^^
lib/generated/spacex_api/device/wifi.pb.dart:13393:47: Error: The method '$_setField' isn't defined for the type 'StarlinkRouterClientTesterRun'.
 - 'StarlinkRouterClientTesterRun' is from 'package:starlink_isp_app/generated/spacex_api/device/wifi.pb.dart' ('lib/generated/spacex_api/device/wifi.pb.dart').
Try correcting the name to the name of an existing method, or defining a method named '$_setField'.
  set v4IrttPktsRecv($4.UInt32Value value) => $_setField(23, value);
                                              ^^^^^^^^^^
lib/generated/spacex_api/device/wifi.pb.dart:13397:33: Error: The method '$_clearField' isn't defined for the type 'StarlinkRouterClientTesterRun'.
 - 'StarlinkRouterClientTesterRun' is from 'package:starlink_isp_app/generated/spacex_api/device/wifi.pb.dart' ('lib/generated/spacex_api/device/wifi.pb.dart').
Try correcting the name to the name of an existing method, or defining a method named '$_clearField'.
  void clearV4IrttPktsRecv() => $_clearField(23);
                                ^^^^^^^^^^^^
lib/generated/spacex_api/device/wifi.pb.dart:13404:28: Error: 'FloatValue' isn't a type.
  set v4IrttLossPercent($4.FloatValue value) => $_setField(24, value);
                           ^^^^^^^^^^
lib/generated/spacex_api/device/wifi.pb.dart:13404:49: Error: The method '$_setField' isn't defined for the type 'StarlinkRouterClientTesterRun'.
 - 'StarlinkRouterClientTesterRun' is from 'package:starlink_isp_app/generated/spacex_api/device/wifi.pb.dart' ('lib/generated/spacex_api/device/wifi.pb.dart').
Try correcting the name to the name of an existing method, or defining a method named '$_setField'.
  set v4IrttLossPercent($4.FloatValue value) => $_setField(24, value);
                                                ^^^^^^^^^^
lib/generated/spacex_api/device/wifi.pb.dart:13408:36: Error: The method '$_clearField' isn't defined for the type 'StarlinkRouterClientTesterRun'.
 - 'StarlinkRouterClientTesterRun' is from 'package:starlink_isp_app/generated/spacex_api/device/wifi.pb.dart' ('lib/generated/spacex_api/device/wifi.pb.dart').
Try correcting the name to the name of an existing method, or defining a method named '$_clearField'.
  void clearV4IrttLossPercent() => $_clearField(24);
                                   ^^^^^^^^^^^^
lib/generated/spacex_api/device/wifi.pb.dart:13415:27: Error: 'StringValue' isn't a type.
  set targetIrttServer($4.StringValue value) => $_setField(25, value);
                          ^^^^^^^^^^^
lib/generated/spacex_api/device/wifi.pb.dart:13415:49: Error: The method '$_setField' isn't defined for the type 'StarlinkRouterClientTesterRun'.
 - 'StarlinkRouterClientTesterRun' is from 'package:starlink_isp_app/generated/spacex_api/device/wifi.pb.dart' ('lib/generated/spacex_api/device/wifi.pb.dart').
Try correcting the name to the name of an existing method, or defining a method named '$_setField'.
  set targetIrttServer($4.StringValue value) => $_setField(25, value);
                                                ^^^^^^^^^^
lib/generated/spacex_api/device/wifi.pb.dart:13419:35: Error: The method '$_clearField' isn't defined for the type 'StarlinkRouterClientTesterRun'.
 - 'StarlinkRouterClientTesterRun' is from 'package:starlink_isp_app/generated/spacex_api/device/wifi.pb.dart' ('lib/generated/spacex_api/device/wifi.pb.dart').
Try correcting the name to the name of an existing method, or defining a method named '$_clearField'.
  void clearTargetIrttServer() => $_clearField(25);
                                  ^^^^^^^^^^^^
lib/generated/spacex_api/device/wifi.pb.dart:13480:42: Error: The method '$_setField' isn't defined for the type 'WifiSetClientGivenNameRequest'.
 - 'WifiSetClientGivenNameRequest' is from 'package:starlink_isp_app/generated/spacex_api/device/wifi.pb.dart' ('lib/generated/spacex_api/device/wifi.pb.dart').
Try correcting the name to the name of an existing method, or defining a method named '$_setField'.
  set clientName($2.ClientName value) => $_setField(1, value);
                                         ^^^^^^^^^^
lib/generated/spacex_api/device/wifi.pb.dart:13484:29: Error: The method '$_clearField' isn't defined for the type 'WifiSetClientGivenNameRequest'.
 - 'WifiSetClientGivenNameRequest' is from 'package:starlink_isp_app/generated/spacex_api/device/wifi.pb.dart' ('lib/generated/spacex_api/device/wifi.pb.dart').
Try correcting the name to the name of an existing method, or defining a method named '$_clearField'.
  void clearClientName() => $_clearField(1);
                            ^^^^^^^^^^^^
lib/generated/spacex_api/device/wifi.pb.dart:13491:46: Error: The method '$_setField' isn't defined for the type 'WifiSetClientGivenNameRequest'.
 - 'WifiSetClientGivenNameRequest' is from 'package:starlink_isp_app/generated/spacex_api/device/wifi.pb.dart' ('lib/generated/spacex_api/device/wifi.pb.dart').
Try correcting the name to the name of an existing method, or defining a method named '$_setField'.
  set clientConfig($2.ClientConfig value) => $_setField(2, value);
                                             ^^^^^^^^^^
lib/generated/spacex_api/device/wifi.pb.dart:13495:31: Error: The method '$_clearField' isn't defined for the type 'WifiSetClientGivenNameRequest'.
 - 'WifiSetClientGivenNameRequest' is from 'package:starlink_isp_app/generated/spacex_api/device/wifi.pb.dart' ('lib/generated/spacex_api/device/wifi.pb.dart').
Try correcting the name to the name of an existing method, or defining a method named '$_clearField'.
  void clearClientConfig() => $_clearField(2);
                              ^^^^^^^^^^^^
lib/generated/spacex_api/device/wifi.pb.dart:13591:39: Error: The method '$_setField' isn't defined for the type 'WifiSelfTestResponse'.
 - 'WifiSelfTestResponse' is from 'package:starlink_isp_app/generated/spacex_api/device/wifi.pb.dart' ('lib/generated/spacex_api/device/wifi.pb.dart').
Try correcting the name to the name of an existing method, or defining a method named '$_setField'.
  set selfTest(WifiSelfTest value) => $_setField(1, value);
                                      ^^^^^^^^^^
lib/generated/spacex_api/device/wifi.pb.dart:13595:27: Error: The method '$_clearField' isn't defined for the type 'WifiSelfTestResponse'.
 - 'WifiSelfTestResponse' is from 'package:starlink_isp_app/generated/spacex_api/device/wifi.pb.dart' ('lib/generated/spacex_api/device/wifi.pb.dart').
Try correcting the name to the name of an existing method, or defining a method named '$_clearField'.
  void clearSelfTest() => $_clearField(1);
                          ^^^^^^^^^^^^
lib/generated/spacex_api/device/wifi.pb.dart:13606:23: Error: The method '$_clearField' isn't defined for the type 'WifiSelfTestResponse'.
 - 'WifiSelfTestResponse' is from 'package:starlink_isp_app/generated/spacex_api/device/wifi.pb.dart' ('lib/generated/spacex_api/device/wifi.pb.dart').
Try correcting the name to the name of an existing method, or defining a method named '$_clearField'.
  void clearJson() => $_clearField(2);
                      ^^^^^^^^^^^^
lib/generated/spacex_api/device/wifi.pb.dart:13690:7: Error: The method 'aI' isn't defined for the type 'BuilderInfo'.
 - 'BuilderInfo' is from 'package:protobuf/protobuf.dart' ('../../../.pub-cache/hosted/pub.dev/protobuf-3.1.0/lib/protobuf.dart').
Try correcting the name to the name of an existing method, or defining a method named 'aI'.
    ..aI(1, _omitFieldNames ? '' : 'numMeasurements',
      ^^
lib/generated/spacex_api/device/wifi.pb.dart:13692:7: Error: The method 'aI' isn't defined for the type 'BuilderInfo'.
 - 'BuilderInfo' is from 'package:protobuf/protobuf.dart' ('../../../.pub-cache/hosted/pub.dev/protobuf-3.1.0/lib/protobuf.dart').
Try correcting the name to the name of an existing method, or defining a method named 'aI'.
    ..aI(2, _omitFieldNames ? '' : 'channel2ghz',
      ^^
lib/generated/spacex_api/device/wifi.pb.dart:13694:7: Error: The method 'aI' isn't defined for the type 'BuilderInfo'.
 - 'BuilderInfo' is from 'package:protobuf/protobuf.dart' ('../../../.pub-cache/hosted/pub.dev/protobuf-3.1.0/lib/protobuf.dart').
Try correcting the name to the name of an existing method, or defining a method named 'aI'.
    ..aI(3, _omitFieldNames ? '' : 'channel5ghz',
      ^^
lib/generated/spacex_api/device/wifi.pb.dart:13696:7: Error: The method 'aI' isn't defined for the type 'BuilderInfo'.
 - 'BuilderInfo' is from 'package:protobuf/protobuf.dart' ('../../../.pub-cache/hosted/pub.dev/protobuf-3.1.0/lib/protobuf.dart').
Try correcting the name to the name of an existing method, or defining a method named 'aI'.
    ..aI(4, _omitFieldNames ? '' : 'channel5ghzHigh',
      ^^
lib/generated/spacex_api/device/wifi.pb.dart:13698:7: Error: The method 'aI' isn't defined for the type 'BuilderInfo'.
 - 'BuilderInfo' is from 'package:protobuf/protobuf.dart' ('../../../.pub-cache/hosted/pub.dev/protobuf-3.1.0/lib/protobuf.dart').
Try correcting the name to the name of an existing method, or defining a method named 'aI'.
    ..aI(5, _omitFieldNames ? '' : 'mcs2ghz',
      ^^
lib/generated/spacex_api/device/wifi.pb.dart:13700:7: Error: The method 'aI' isn't defined for the type 'BuilderInfo'.
 - 'BuilderInfo' is from 'package:protobuf/protobuf.dart' ('../../../.pub-cache/hosted/pub.dev/protobuf-3.1.0/lib/protobuf.dart').
Try correcting the name to the name of an existing method, or defining a method named 'aI'.
    ..aI(6, _omitFieldNames ? '' : 'mcs5ghz',
      ^^
lib/generated/spacex_api/device/wifi.pb.dart:13702:7: Error: The method 'aI' isn't defined for the type 'BuilderInfo'.
 - 'BuilderInfo' is from 'package:protobuf/protobuf.dart' ('../../../.pub-cache/hosted/pub.dev/protobuf-3.1.0/lib/protobuf.dart').
Try correcting the name to the name of an existing method, or defining a method named 'aI'.
    ..aI(7, _omitFieldNames ? '' : 'mcs5ghzHigh',
      ^^
lib/generated/spacex_api/device/wifi.pb.dart:13704:7: Error: The method 'aI' isn't defined for the type 'BuilderInfo'.
 - 'BuilderInfo' is from 'package:protobuf/protobuf.dart' ('../../../.pub-cache/hosted/pub.dev/protobuf-3.1.0/lib/protobuf.dart').
Try correcting the name to the name of an existing method, or defining a method named 'aI'.
    ..aI(8, _omitFieldNames ? '' : 'phyMode2ghz',
      ^^
lib/generated/spacex_api/device/wifi.pb.dart:13706:7: Error: The method 'aI' isn't defined for the type 'BuilderInfo'.
 - 'BuilderInfo' is from 'package:protobuf/protobuf.dart' ('../../../.pub-cache/hosted/pub.dev/protobuf-3.1.0/lib/protobuf.dart').
Try correcting the name to the name of an existing method, or defining a method named 'aI'.
    ..aI(9, _omitFieldNames ? '' : 'phyMode5ghz',
      ^^
lib/generated/spacex_api/device/wifi.pb.dart:13708:7: Error: The method 'aI' isn't defined for the type 'BuilderInfo'.
 - 'BuilderInfo' is from 'package:protobuf/protobuf.dart' ('../../../.pub-cache/hosted/pub.dev/protobuf-3.1.0/lib/protobuf.dart').
Try correcting the name to the name of an existing method, or defining a method named 'aI'.
    ..aI(10, _omitFieldNames ? '' : 'phyMode5ghzHigh',
      ^^
lib/generated/spacex_api/device/wifi.pb.dart:13738:34: Error: The method '$_clearField' isn't defined for the type 'WifiRfTestRequest'.
 - 'WifiRfTestRequest' is from 'package:starlink_isp_app/generated/spacex_api/device/wifi.pb.dart' ('lib/generated/spacex_api/device/wifi.pb.dart').
Try correcting the name to the name of an existing method, or defining a method named '$_clearField'.
  void clearNumMeasurements() => $_clearField(1);
                                 ^^^^^^^^^^^^
lib/generated/spacex_api/device/wifi.pb.dart:13747:30: Error: The method '$_clearField' isn't defined for the type 'WifiRfTestRequest'.
 - 'WifiRfTestRequest' is from 'package:starlink_isp_app/generated/spacex_api/device/wifi.pb.dart' ('lib/generated/spacex_api/device/wifi.pb.dart').
Try correcting the name to the name of an existing method, or defining a method named '$_clearField'.
  void clearChannel2ghz() => $_clearField(2);
                             ^^^^^^^^^^^^
lib/generated/spacex_api/device/wifi.pb.dart:13756:30: Error: The method '$_clearField' isn't defined for the type 'WifiRfTestRequest'.
 - 'WifiRfTestRequest' is from 'package:starlink_isp_app/generated/spacex_api/device/wifi.pb.dart' ('lib/generated/spacex_api/device/wifi.pb.dart').
Try correcting the name to the name of an existing method, or defining a method named '$_clearField'.
  void clearChannel5ghz() => $_clearField(3);
                             ^^^^^^^^^^^^
lib/generated/spacex_api/device/wifi.pb.dart:13765:34: Error: The method '$_clearField' isn't defined for the type 'WifiRfTestRequest'.
 - 'WifiRfTestRequest' is from 'package:starlink_isp_app/generated/spacex_api/device/wifi.pb.dart' ('lib/generated/spacex_api/device/wifi.pb.dart').
Try correcting the name to the name of an existing method, or defining a method named '$_clearField'.
  void clearChannel5ghzHigh() => $_clearField(4);
                                 ^^^^^^^^^^^^
lib/generated/spacex_api/device/wifi.pb.dart:13774:26: Error: The method '$_clearField' isn't defined for the type 'WifiRfTestRequest'.
 - 'WifiRfTestRequest' is from 'package:starlink_isp_app/generated/spacex_api/device/wifi.pb.dart' ('lib/generated/spacex_api/device/wifi.pb.dart').
Try correcting the name to the name of an existing method, or defining a method named '$_clearField'.
  void clearMcs2ghz() => $_clearField(5);
                         ^^^^^^^^^^^^
lib/generated/spacex_api/device/wifi.pb.dart:13783:26: Error: The method '$_clearField' isn't defined for the type 'WifiRfTestRequest'.
 - 'WifiRfTestRequest' is from 'package:starlink_isp_app/generated/spacex_api/device/wifi.pb.dart' ('lib/generated/spacex_api/device/wifi.pb.dart').
Try correcting the name to the name of an existing method, or defining a method named '$_clearField'.
  void clearMcs5ghz() => $_clearField(6);
                         ^^^^^^^^^^^^
lib/generated/spacex_api/device/wifi.pb.dart:13792:30: Error: The method '$_clearField' isn't defined for the type 'WifiRfTestRequest'.
 - 'WifiRfTestRequest' is from 'package:starlink_isp_app/generated/spacex_api/device/wifi.pb.dart' ('lib/generated/spacex_api/device/wifi.pb.dart').
Try correcting the name to the name of an existing method, or defining a method named '$_clearField'.
  void clearMcs5ghzHigh() => $_clearField(7);
                             ^^^^^^^^^^^^
lib/generated/spacex_api/device/wifi.pb.dart:13801:30: Error: The method '$_clearField' isn't defined for the type 'WifiRfTestRequest'.
 - 'WifiRfTestRequest' is from 'package:starlink_isp_app/generated/spacex_api/device/wifi.pb.dart' ('lib/generated/spacex_api/device/wifi.pb.dart').
Try correcting the name to the name of an existing method, or defining a method named '$_clearField'.
  void clearPhyMode2ghz() => $_clearField(8);
                             ^^^^^^^^^^^^
lib/generated/spacex_api/device/wifi.pb.dart:13810:30: Error: The method '$_clearField' isn't defined for the type 'WifiRfTestRequest'.
 - 'WifiRfTestRequest' is from 'package:starlink_isp_app/generated/spacex_api/device/wifi.pb.dart' ('lib/generated/spacex_api/device/wifi.pb.dart').
Try correcting the name to the name of an existing method, or defining a method named '$_clearField'.
  void clearPhyMode5ghz() => $_clearField(9);
                             ^^^^^^^^^^^^
lib/generated/spacex_api/device/wifi.pb.dart:13819:34: Error: The method '$_clearField' isn't defined for the type 'WifiRfTestRequest'.
 - 'WifiRfTestRequest' is from 'package:starlink_isp_app/generated/spacex_api/device/wifi.pb.dart' ('lib/generated/spacex_api/device/wifi.pb.dart').
Try correcting the name to the name of an existing method, or defining a method named '$_clearField'.
  void clearPhyMode5ghzHigh() => $_clearField(10);
                                 ^^^^^^^^^^^^
lib/generated/spacex_api/device/wifi.pb.dart:13874:25: Error: The method '$_clearField' isn't defined for the type 'WifiRfTestResponse'.
 - 'WifiRfTestResponse' is from 'package:starlink_isp_app/generated/spacex_api/device/wifi.pb.dart' ('lib/generated/spacex_api/device/wifi.pb.dart').
Try correcting the name to the name of an existing method, or defining a method named '$_clearField'.
  void clearReport() => $_clearField(1);
                        ^^^^^^^^^^^^
lib/generated/spacex_api/device/wifi.pb.dart:13973:27: Error: The method '$_clearField' isn't defined for the type 'WifiGetFirewallResponse'.
 - 'WifiGetFirewallResponse' is from 'package:starlink_isp_app/generated/spacex_api/device/wifi.pb.dart' ('lib/generated/spacex_api/device/wifi.pb.dart').
Try correcting the name to the name of an existing method, or defining a method named '$_clearField'.
  void clearIptables() => $_clearField(1);
                          ^^^^^^^^^^^^
lib/generated/spacex_api/device/wifi.pb.dart:13982:28: Error: The method '$_clearField' isn't defined for the type 'WifiGetFirewallResponse'.
 - 'WifiGetFirewallResponse' is from 'package:starlink_isp_app/generated/spacex_api/device/wifi.pb.dart' ('lib/generated/spacex_api/device/wifi.pb.dart').
Try correcting the name to the name of an existing method, or defining a method named '$_clearField'.
  void clearIptables6() => $_clearField(2);
                           ^^^^^^^^^^^^
lib/generated/spacex_api/device/wifi.pb.dart:14041:25: Error: The method '$_clearField' isn't defined for the type 'WifiTogglePoeNegotiationRequest'.
 - 'WifiTogglePoeNegotiationRequest' is from 'package:starlink_isp_app/generated/spacex_api/device/wifi.pb.dart' ('lib/generated/spacex_api/device/wifi.pb.dart').
Try correcting the name to the name of an existing method, or defining a method named '$_clearField'.
  void clearEnable() => $_clearField(1);
                        ^^^^^^^^^^^^
lib/generated/spacex_api/device/wifi.pb.dart:14087:8: Error: 'StringValue' isn't a type.
    $4.StringValue? id,
       ^^^^^^^^^^^
lib/generated/spacex_api/device/wifi.pb.dart:14088:8: Error: 'StringValue' isn't a type.
    $4.StringValue? timestampDate,
       ^^^^^^^^^^^
lib/generated/spacex_api/device/wifi.pb.dart:14089:8: Error: 'UInt32Value' isn't a type.
    $4.UInt32Value? timestampHour,
       ^^^^^^^^^^^
lib/generated/spacex_api/device/wifi.pb.dart:14090:8: Error: 'UInt32Value' isn't a type.
    $4.UInt32Value? sysHwGen,
       ^^^^^^^^^^^
lib/generated/spacex_api/device/wifi.pb.dart:14091:8: Error: 'StringValue' isn't a type.
    $4.StringValue? sysSw,
       ^^^^^^^^^^^
lib/generated/spacex_api/device/wifi.pb.dart:14092:8: Error: 'StringValue' isn't a type.
    $4.StringValue? sysCountry,
       ^^^^^^^^^^^
lib/generated/spacex_api/device/wifi.pb.dart:14093:8: Error: 'BoolValue' isn't a type.
    $4.BoolValue? sysIsDev,
       ^^^^^^^^^
lib/generated/spacex_api/device/wifi.pb.dart:14094:8: Error: 'UInt32Value' isn't a type.
    $4.UInt32Value? sysAllocFds,
       ^^^^^^^^^^^
lib/generated/spacex_api/device/wifi.pb.dart:14095:8: Error: 'FloatValue' isn't a type.
    $4.FloatValue? sysCpuUsage,
       ^^^^^^^^^^
lib/generated/spacex_api/device/wifi.pb.dart:14096:8: Error: 'FloatValue' isn't a type.
    $4.FloatValue? sysMemFreeKb,
       ^^^^^^^^^^
lib/generated/spacex_api/device/wifi.pb.dart:14097:8: Error: 'Int32Value' isn't a type.
    $4.Int32Value? sysBootcount,
       ^^^^^^^^^^
lib/generated/spacex_api/device/wifi.pb.dart:14098:8: Error: 'BoolValue' isn't a type.
    $4.BoolValue? sysPartitionsEqual,
       ^^^^^^^^^
lib/generated/spacex_api/device/wifi.pb.dart:14099:8: Error: 'UInt32Value' isn't a type.
    $4.UInt32Value? sysUptimeSeconds,
       ^^^^^^^^^^^
lib/generated/spacex_api/device/wifi.pb.dart:14100:8: Error: 'Int32Value' isn't a type.
    $4.Int32Value? sysAntiRollbackVersion,
       ^^^^^^^^^^
lib/generated/spacex_api/device/wifi.pb.dart:14101:8: Error: 'UInt32Value' isn't a type.
    $4.UInt32Value? radios2ghzChannel,
       ^^^^^^^^^^^
lib/generated/spacex_api/device/wifi.pb.dart:14102:8: Error: 'FloatValue' isn't a type.
    $4.FloatValue? radios2ghzAntenna1Rssi,
       ^^^^^^^^^^
lib/generated/spacex_api/device/wifi.pb.dart:14103:8: Error: 'FloatValue' isn't a type.
    $4.FloatValue? radios2ghzAntenna2Rssi,
       ^^^^^^^^^^
lib/generated/spacex_api/device/wifi.pb.dart:14104:8: Error: 'FloatValue' isn't a type.
    $4.FloatValue? radios2ghzAntenna3Rssi,
       ^^^^^^^^^^
lib/generated/spacex_api/device/wifi.pb.dart:14105:8: Error: 'UInt32Value' isn't a type.
    $4.UInt32Value? radios2ghzIfaceCount,
       ^^^^^^^^^^^
lib/generated/spacex_api/device/wifi.pb.dart:14106:8: Error: 'FloatValue' isn't a type.
    $4.FloatValue? radios2ghzChanBusyFraction,
       ^^^^^^^^^^
lib/generated/spacex_api/device/wifi.pb.dart:14107:8: Error: 'FloatValue' isn't a type.
    $4.FloatValue? radios2ghzEdccaFraction,
       ^^^^^^^^^^
lib/generated/spacex_api/device/wifi.pb.dart:14108:8: Error: 'FloatValue' isn't a type.
    $4.FloatValue? radios2ghzOverlappingBssFraction,
       ^^^^^^^^^^
lib/generated/spacex_api/device/wifi.pb.dart:14109:8: Error: 'UInt32Value' isn't a type.
    $4.UInt32Value? radios2ghzRxBytes,
       ^^^^^^^^^^^
lib/generated/spacex_api/device/wifi.pb.dart:14110:8: Error: 'UInt32Value' isn't a type.
    $4.UInt32Value? radios2ghzRxPackets,
       ^^^^^^^^^^^
lib/generated/spacex_api/device/wifi.pb.dart:14111:8: Error: 'UInt32Value' isn't a type.
    $4.UInt32Value? radios2ghzRxErrors,
       ^^^^^^^^^^^
lib/generated/spacex_api/device/wifi.pb.dart:14112:8: Error: 'UInt32Value' isn't a type.
    $4.UInt32Value? radios2ghzRxFrameErrors,
       ^^^^^^^^^^^
lib/generated/spacex_api/device/wifi.pb.dart:14113:8: Error: 'FloatValue' isn't a type.
    $4.FloatValue? radios2ghzRxPacketErrorRate,
       ^^^^^^^^^^
lib/generated/spacex_api/device/wifi.pb.dart:14114:8: Error: 'FloatValue' isn't a type.
    $4.FloatValue? radios2ghzRxAirtimeFraction,
       ^^^^^^^^^^
lib/generated/spacex_api/device/wifi.pb.dart:14115:8: Error: 'UInt32Value' isn't a type.
    $4.UInt32Value? radios2ghzTxBytes,
       ^^^^^^^^^^^
lib/generated/spacex_api/device/wifi.pb.dart:14116:8: Error: 'UInt32Value' isn't a type.
    $4.UInt32Value? radios2ghzTxPackets,
       ^^^^^^^^^^^
lib/generated/spacex_api/device/wifi.pb.dart:14117:8: Error: 'UInt32Value' isn't a type.
    $4.UInt32Value? radios2ghzTxErrors,
       ^^^^^^^^^^^
lib/generated/spacex_api/device/wifi.pb.dart:14118:8: Error: 'FloatValue' isn't a type.
    $4.FloatValue? radios2ghzTxPacketErrorRate,
       ^^^^^^^^^^
lib/generated/spacex_api/device/wifi.pb.dart:14119:8: Error: 'FloatValue' isn't a type.
    $4.FloatValue? radios2ghzTxAirtimeFraction,
       ^^^^^^^^^^
lib/generated/spacex_api/device/wifi.pb.dart:14120:8: Error: 'UInt32Value' isn't a type.
    $4.UInt32Value? radios5ghzChannel,
       ^^^^^^^^^^^
lib/generated/spacex_api/device/wifi.pb.dart:14121:8: Error: 'FloatValue' isn't a type.
    $4.FloatValue? radios5ghzAntenna1Rssi,
       ^^^^^^^^^^
lib/generated/spacex_api/device/wifi.pb.dart:14122:8: Error: 'FloatValue' isn't a type.
    $4.FloatValue? radios5ghzAntenna2Rssi,
       ^^^^^^^^^^
lib/generated/spacex_api/device/wifi.pb.dart:14123:8: Error: 'FloatValue' isn't a type.
    $4.FloatValue? radios5ghzAntenna3Rssi,
       ^^^^^^^^^^
lib/generated/spacex_api/device/wifi.pb.dart:14124:8: Error: 'UInt32Value' isn't a type.
    $4.UInt32Value? radios5ghzIfaceCount,
       ^^^^^^^^^^^
lib/generated/spacex_api/device/wifi.pb.dart:14125:8: Error: 'FloatValue' isn't a type.
    $4.FloatValue? radios5ghzChanBusyFraction,
       ^^^^^^^^^^
lib/generated/spacex_api/device/wifi.pb.dart:14126:8: Error: 'FloatValue' isn't a type.
    $4.FloatValue? radios5ghzEdccaFraction,
       ^^^^^^^^^^
lib/generated/spacex_api/device/wifi.pb.dart:14127:8: Error: 'FloatValue' isn't a type.
    $4.FloatValue? radios5ghzOverlappingBssFraction,
       ^^^^^^^^^^
lib/generated/spacex_api/device/wifi.pb.dart:14128:8: Error: 'UInt32Value' isn't a type.
    $4.UInt32Value? radios5ghzRxBytes,
       ^^^^^^^^^^^
lib/generated/spacex_api/device/wifi.pb.dart:14129:8: Error: 'UInt32Value' isn't a type.
    $4.UInt32Value? radios5ghzRxPackets,
       ^^^^^^^^^^^
lib/generated/spacex_api/device/wifi.pb.dart:14130:8: Error: 'UInt32Value' isn't a type.
    $4.UInt32Value? radios5ghzRxErrors,
       ^^^^^^^^^^^
lib/generated/spacex_api/device/wifi.pb.dart:14131:8: Error: 'UInt32Value' isn't a type.
    $4.UInt32Value? radios5ghzRxFrameErrors,
       ^^^^^^^^^^^
lib/generated/spacex_api/device/wifi.pb.dart:14132:8: Error: 'FloatValue' isn't a type.
    $4.FloatValue? radios5ghzRxPacketErrorRate,
       ^^^^^^^^^^
lib/generated/spacex_api/device/wifi.pb.dart:14133:8: Error: 'FloatValue' isn't a type.
    $4.FloatValue? radios5ghzRxAirtimeFraction,
       ^^^^^^^^^^
lib/generated/spacex_api/device/wifi.pb.dart:14134:8: Error: 'UInt32Value' isn't a type.
    $4.UInt32Value? radios5ghzTxBytes,
       ^^^^^^^^^^^
lib/generated/spacex_api/device/wifi.pb.dart:14135:8: Error: 'UInt32Value' isn't a type.
    $4.UInt32Value? radios5ghzTxPackets,
       ^^^^^^^^^^^
lib/generated/spacex_api/device/wifi.pb.dart:14136:8: Error: 'UInt32Value' isn't a type.
    $4.UInt32Value? radios5ghzTxErrors,
       ^^^^^^^^^^^
lib/generated/spacex_api/device/wifi.pb.dart:14137:8: Error: 'FloatValue' isn't a type.
    $4.FloatValue? radios5ghzTxPacketErrorRate,
       ^^^^^^^^^^
lib/generated/spacex_api/device/wifi.pb.dart:14138:8: Error: 'FloatValue' isn't a type.
    $4.FloatValue? radios5ghzTxAirtimeFraction,
       ^^^^^^^^^^
lib/generated/spacex_api/device/wifi.pb.dart:14139:8: Error: 'FloatValue' isn't a type.
    $4.FloatValue? radios2ghzThermalTemp,
       ^^^^^^^^^^
lib/generated/spacex_api/device/wifi.pb.dart:14140:8: Error: 'FloatValue' isn't a type.
    $4.FloatValue? radios5ghzThermalTemp,
       ^^^^^^^^^^
lib/generated/spacex_api/device/wifi.pb.dart:14141:8: Error: 'FloatValue' isn't a type.
    $4.FloatValue? radios2ghzThermalDutyCycle,
       ^^^^^^^^^^
lib/generated/spacex_api/device/wifi.pb.dart:14142:8: Error: 'FloatValue' isn't a type.
    $4.FloatValue? radios5ghzThermalDutyCycle,
       ^^^^^^^^^^
lib/generated/spacex_api/device/wifi.pb.dart:14143:8: Error: 'UInt32Value' isn't a type.
    $4.UInt32Value? radios2ghzThermalThrottledSeconds,
       ^^^^^^^^^^^
lib/generated/spacex_api/device/wifi.pb.dart:14144:8: Error: 'UInt32Value' isn't a type.
    $4.UInt32Value? radios5ghzThermalThrottledSeconds,
       ^^^^^^^^^^^
lib/generated/spacex_api/device/wifi.pb.dart:14145:8: Error: 'UInt32Value' isn't a type.
    $4.UInt32Value? ifacesLanEthRxBytes,
       ^^^^^^^^^^^
lib/generated/spacex_api/device/wifi.pb.dart:14146:8: Error: 'UInt32Value' isn't a type.
    $4.UInt32Value? ifacesLanEthRxPackets,
       ^^^^^^^^^^^
lib/generated/spacex_api/device/wifi.pb.dart:14147:8: Error: 'UInt32Value' isn't a type.
    $4.UInt32Value? ifacesLanEthRxErrors,
       ^^^^^^^^^^^
lib/generated/spacex_api/device/wifi.pb.dart:14148:8: Error: 'UInt32Value' isn't a type.
    $4.UInt32Value? ifacesLanEthRxFrameErrors,
       ^^^^^^^^^^^
lib/generated/spacex_api/device/wifi.pb.dart:14149:8: Error: 'UInt32Value' isn't a type.
    $4.UInt32Value? ifacesLanEthTxBytes,
       ^^^^^^^^^^^
lib/generated/spacex_api/device/wifi.pb.dart:14150:8: Error: 'UInt32Value' isn't a type.
    $4.UInt32Value? ifacesLanEthTxPackets,
       ^^^^^^^^^^^
lib/generated/spacex_api/device/wifi.pb.dart:14151:8: Error: 'UInt32Value' isn't a type.
    $4.UInt32Value? ifacesLanEthTxErrors,
       ^^^^^^^^^^^
lib/generated/spacex_api/device/wifi.pb.dart:14152:8: Error: 'UInt32Value' isn't a type.
    $4.UInt32Value? ifacesWanEthRxBytes,
       ^^^^^^^^^^^
lib/generated/spacex_api/device/wifi.pb.dart:14153:8: Error: 'UInt32Value' isn't a type.
    $4.UInt32Value? ifacesWanEthRxPackets,
       ^^^^^^^^^^^
lib/generated/spacex_api/device/wifi.pb.dart:14154:8: Error: 'UInt32Value' isn't a type.
    $4.UInt32Value? ifacesWanEthRxErrors,
       ^^^^^^^^^^^
lib/generated/spacex_api/device/wifi.pb.dart:14155:8: Error: 'UInt32Value' isn't a type.
    $4.UInt32Value? ifacesWanEthRxFrameErrors,
       ^^^^^^^^^^^
lib/generated/spacex_api/device/wifi.pb.dart:14156:8: Error: 'UInt32Value' isn't a type.
    $4.UInt32Value? ifacesWanEthTxBytes,
       ^^^^^^^^^^^
lib/generated/spacex_api/device/wifi.pb.dart:14157:8: Error: 'UInt32Value' isn't a type.
    $4.UInt32Value? ifacesWanEthTxPackets,
       ^^^^^^^^^^^
lib/generated/spacex_api/device/wifi.pb.dart:14158:8: Error: 'UInt32Value' isn't a type.
    $4.UInt32Value? ifacesWanEthTxErrors,
       ^^^^^^^^^^^
lib/generated/spacex_api/device/wifi.pb.dart:14159:8: Error: 'UInt32Value' isn't a type.
    $4.UInt32Value? clients,
       ^^^^^^^^^^^
lib/generated/spacex_api/device/wifi.pb.dart:14160:8: Error: 'UInt32Value' isn't a type.
    $4.UInt32Value? clients2ghz,
       ^^^^^^^^^^^
lib/generated/spacex_api/device/wifi.pb.dart:14161:8: Error: 'UInt32Value' isn't a type.
    $4.UInt32Value? clients5ghz,
       ^^^^^^^^^^^
lib/generated/spacex_api/device/wifi.pb.dart:14162:8: Error: 'UInt32Value' isn't a type.
    $4.UInt32Value? clientsEth,
       ^^^^^^^^^^^
lib/generated/spacex_api/device/wifi.pb.dart:14163:8: Error: 'UInt32Value' isn't a type.
    $4.UInt32Value? clientsRepeater,
       ^^^^^^^^^^^
lib/generated/spacex_api/device/wifi.pb.dart:14164:8: Error: 'UInt32Value' isn't a type.
    $4.UInt32Value? clientsRepeater2ghz,
       ^^^^^^^^^^^
lib/generated/spacex_api/device/wifi.pb.dart:14165:8: Error: 'UInt32Value' isn't a type.
    $4.UInt32Value? clientsRepeater5ghz,
       ^^^^^^^^^^^
lib/generated/spacex_api/device/wifi.pb.dart:14166:8: Error: 'UInt32Value' isn't a type.
    $4.UInt32Value? clientsRepeaterEth,
       ^^^^^^^^^^^
lib/generated/spacex_api/device/wifi.pb.dart:14167:8: Error: 'UInt32Value' isn't a type.
    $4.UInt32Value? meshHops,
       ^^^^^^^^^^^
lib/generated/spacex_api/device/wifi.pb.dart:14168:8: Error: 'FloatValue' isn't a type.
    $4.FloatValue? meshOneHopRssiAvg2ghz,
       ^^^^^^^^^^
lib/generated/spacex_api/device/wifi.pb.dart:14169:8: Error: 'FloatValue' isn't a type.
    $4.FloatValue? meshOneHopRssiAvg5ghz,
       ^^^^^^^^^^
lib/generated/spacex_api/device/wifi.pb.dart:14170:8: Error: 'FloatValue' isn't a type.
    $4.FloatValue? meshTwoHopRssiAvg2ghz,
       ^^^^^^^^^^
lib/generated/spacex_api/device/wifi.pb.dart:14171:8: Error: 'FloatValue' isn't a type.
    $4.FloatValue? meshTwoHopRssiAvg5ghz,
       ^^^^^^^^^^
lib/generated/spacex_api/device/wifi.pb.dart:14172:8: Error: 'FloatValue' isn't a type.
    $4.FloatValue? pingSecondsSinceLast1sOutage,
       ^^^^^^^^^^
lib/generated/spacex_api/device/wifi.pb.dart:14173:8: Error: 'FloatValue' isn't a type.
    $4.FloatValue? pingSecondsSinceLast2sOutage,
       ^^^^^^^^^^
lib/generated/spacex_api/device/wifi.pb.dart:14174:8: Error: 'FloatValue' isn't a type.
    $4.FloatValue? pingSecondsSinceLast5sOutage,
       ^^^^^^^^^^
lib/generated/spacex_api/device/wifi.pb.dart:14175:8: Error: 'FloatValue' isn't a type.
    $4.FloatValue? pingSecondsSinceLast60sOutage,
       ^^^^^^^^^^
lib/generated/spacex_api/device/wifi.pb.dart:14176:8: Error: 'FloatValue' isn't a type.
    $4.FloatValue? pingSecondsSinceLast300sOutage,
       ^^^^^^^^^^
lib/generated/spacex_api/device/wifi.pb.dart:14177:8: Error: 'FloatValue' isn't a type.
    $4.FloatValue? pingDropRate,
       ^^^^^^^^^^
lib/generated/spacex_api/device/wifi.pb.dart:14178:8: Error: 'FloatValue' isn't a type.
    $4.FloatValue? pingDropRateLast1h,
       ^^^^^^^^^^
lib/generated/spacex_api/device/wifi.pb.dart:14179:8: Error: 'FloatValue' isn't a type.
    $4.FloatValue? pingLatency,
       ^^^^^^^^^^
lib/generated/spacex_api/device/wifi.pb.dart:14180:8: Error: 'FloatValue' isn't a type.
    $4.FloatValue? pingDishSecondsSinceLast1sOutage,
       ^^^^^^^^^^
lib/generated/spacex_api/device/wifi.pb.dart:14181:8: Error: 'FloatValue' isn't a type.
    $4.FloatValue? pingDishSecondsSinceLast2sOutage,
       ^^^^^^^^^^
lib/generated/spacex_api/device/wifi.pb.dart:14182:8: Error: 'FloatValue' isn't a type.
    $4.FloatValue? pingDishSecondsSinceLast5sOutage,
       ^^^^^^^^^^
lib/generated/spacex_api/device/wifi.pb.dart:14183:8: Error: 'FloatValue' isn't a type.
    $4.FloatValue? pingDishSecondsSinceLast60sOutage,
       ^^^^^^^^^^
lib/generated/spacex_api/device/wifi.pb.dart:14184:8: Error: 'FloatValue' isn't a type.
    $4.FloatValue? pingDishSecondsSinceLast300sOutage,
       ^^^^^^^^^^
lib/generated/spacex_api/device/wifi.pb.dart:14185:8: Error: 'FloatValue' isn't a type.
    $4.FloatValue? pingDishDropRate,
       ^^^^^^^^^^
lib/generated/spacex_api/device/wifi.pb.dart:14186:8: Error: 'FloatValue' isn't a type.
    $4.FloatValue? pingDishDropRateLast1h,
       ^^^^^^^^^^
lib/generated/spacex_api/device/wifi.pb.dart:14187:8: Error: 'FloatValue' isn't a type.
    $4.FloatValue? pingDishLatency,
       ^^^^^^^^^^
lib/generated/spacex_api/device/wifi.pb.dart:14188:8: Error: 'FloatValue' isn't a type.
    $4.FloatValue? clientSpeedtestRouterDownloadMbps,
       ^^^^^^^^^^
lib/generated/spacex_api/device/wifi.pb.dart:14189:8: Error: 'FloatValue' isn't a type.
    $4.FloatValue? clientSpeedtestRouterUploadMbps,
       ^^^^^^^^^^
lib/generated/spacex_api/device/wifi.pb.dart:14190:8: Error: 'FloatValue' isn't a type.
    $4.FloatValue? clientSpeedtestRouterRssi,
       ^^^^^^^^^^
lib/generated/spacex_api/device/wifi.pb.dart:14191:8: Error: 'FloatValue' isn't a type.
    $4.FloatValue? clientSpeedtestWifiDownloadMbps,
       ^^^^^^^^^^
lib/generated/spacex_api/device/wifi.pb.dart:14192:8: Error: 'FloatValue' isn't a type.
    $4.FloatValue? clientSpeedtestWifiUploadMbps,
       ^^^^^^^^^^
lib/generated/spacex_api/device/wifi.pb.dart:14193:8: Error: 'FloatValue' isn't a type.
    $4.FloatValue? clientSpeedtestClientDownloadMbps,
       ^^^^^^^^^^
lib/generated/spacex_api/device/wifi.pb.dart:14194:8: Error: 'FloatValue' isn't a type.
    $4.FloatValue? clientSpeedtestClientUploadMbps,
       ^^^^^^^^^^
lib/generated/spacex_api/device/wifi.pb.dart:14195:8: Error: 'FloatValue' isn't a type.
    $4.FloatValue? clientSpeedtestClientRssi,
       ^^^^^^^^^^
lib/generated/spacex_api/device/wifi.pb.dart:14196:8: Error: 'UInt32Value' isn't a type.
    $4.UInt32Value? clientSpeedtestClientIface,
       ^^^^^^^^^^^
lib/generated/spacex_api/device/wifi.pb.dart:14197:8: Error: 'StringValue' isn't a type.
    $4.StringValue? clientSpeedtestClientOui,
       ^^^^^^^^^^^
lib/generated/spacex_api/device/wifi.pb.dart:14198:8: Error: 'UInt32Value' isn't a type.
    $4.UInt32Value? clientSpeedtestClientTxRate,
       ^^^^^^^^^^^
lib/generated/spacex_api/device/wifi.pb.dart:14199:8: Error: 'UInt32Value' isn't a type.
    $4.UInt32Value? clientSpeedtestClientRxRate,
       ^^^^^^^^^^^
lib/generated/spacex_api/device/wifi.pb.dart:14200:8: Error: 'UInt32Value' isn't a type.
    $4.UInt32Value? clientSpeedtestClientPlatformType,
       ^^^^^^^^^^^
lib/generated/spacex_api/device/wifi.pb.dart:14201:8: Error: 'FloatValue' isn't a type.
    $4.FloatValue? speedtestTcp8DownloadMbpsAvg,
       ^^^^^^^^^^
lib/generated/spacex_api/device/wifi.pb.dart:14202:8: Error: 'FloatValue' isn't a type.
    $4.FloatValue? speedtestTcp8DownloadMbpsMax,
       ^^^^^^^^^^
lib/generated/spacex_api/device/wifi.pb.dart:14203:8: Error: 'FloatValue' isn't a type.
    $4.FloatValue? speedtestTcp8UploadMbpsAvg,
       ^^^^^^^^^^
lib/generated/spacex_api/device/wifi.pb.dart:14204:8: Error: 'FloatValue' isn't a type.
    $4.FloatValue? speedtestTcp8UploadMbpsMax,
       ^^^^^^^^^^
lib/generated/spacex_api/device/wifi.pb.dart:14205:8: Error: 'FloatValue' isn't a type.
    $4.FloatValue? speedtestTcp64DownloadMbpsAvg,
       ^^^^^^^^^^
lib/generated/spacex_api/device/wifi.pb.dart:14206:8: Error: 'FloatValue' isn't a type.
    $4.FloatValue? speedtestTcp64DownloadMbpsMax,
       ^^^^^^^^^^
lib/generated/spacex_api/device/wifi.pb.dart:14207:8: Error: 'FloatValue' isn't a type.
    $4.FloatValue? speedtestTcp64UploadMbpsAvg,
       ^^^^^^^^^^
lib/generated/spacex_api/device/wifi.pb.dart:14208:8: Error: 'FloatValue' isn't a type.
    $4.FloatValue? speedtestTcp64UploadMbpsMax,
       ^^^^^^^^^^
lib/generated/spacex_api/device/wifi.pb.dart:14209:8: Error: 'UInt32Value' isn't a type.
    $4.UInt32Value? dishCellId,
       ^^^^^^^^^^^
lib/generated/spacex_api/device/wifi.pb.dart:14210:8: Error: 'BoolValue' isn't a type.
    $4.BoolValue? configSetupComplete,
       ^^^^^^^^^
lib/generated/spacex_api/device/wifi.pb.dart:14211:8: Error: 'BoolValue' isn't a type.
    $4.BoolValue? configBandsSplit,
       ^^^^^^^^^
lib/generated/spacex_api/device/wifi.pb.dart:14212:8: Error: 'BoolValue' isn't a type.
    $4.BoolValue? configIsRepeater,
       ^^^^^^^^^
lib/generated/spacex_api/device/wifi.pb.dart:14213:8: Error: 'BoolValue' isn't a type.
    $4.BoolValue? configOpenNetwork,
       ^^^^^^^^^
lib/generated/spacex_api/device/wifi.pb.dart:14214:8: Error: 'BoolValue' isn't a type.
    $4.BoolValue? configIsAviation,
       ^^^^^^^^^
lib/generated/spacex_api/device/wifi.pb.dart:14215:8: Error: 'BoolValue' isn't a type.
    $4.BoolValue? configSecureDns,
       ^^^^^^^^^
lib/generated/spacex_api/device/wifi.pb.dart:14216:8: Error: 'BoolValue' isn't a type.
    $4.BoolValue? configLegacy,
       ^^^^^^^^^
lib/generated/spacex_api/device/wifi.pb.dart:14217:8: Error: 'BoolValue' isn't a type.
    $4.BoolValue? configApMode,
       ^^^^^^^^^
lib/generated/spacex_api/device/wifi.pb.dart:14218:8: Error: 'BoolValue' isn't a type.
    $4.BoolValue? configDfsEnabled,
       ^^^^^^^^^
lib/generated/spacex_api/device/wifi.pb.dart:14219:8: Error: 'BoolValue' isn't a type.
    $4.BoolValue? configNetworkNameIsDefault,
       ^^^^^^^^^
lib/generated/spacex_api/device/wifi.pb.dart:14220:8: Error: 'BoolValue' isn't a type.
    $4.BoolValue? configRemoteSshEnabled,
       ^^^^^^^^^
lib/generated/spacex_api/device/wifi.pb.dart:14484:14: Error: 'StringValue' isn't a type.
    ..aOM<$4.StringValue>(1, _omitFieldNames ? '' : 'id',
             ^^^^^^^^^^^
lib/generated/spacex_api/device/wifi.pb.dart:14485:24: Error: Undefined name 'StringValue'.
        subBuilder: $4.StringValue.create)
                       ^^^^^^^^^^^
lib/generated/spacex_api/device/wifi.pb.dart:14486:14: Error: 'StringValue' isn't a type.
    ..aOM<$4.StringValue>(2, _omitFieldNames ? '' : 'timestampDate',
             ^^^^^^^^^^^
lib/generated/spacex_api/device/wifi.pb.dart:14487:24: Error: Undefined name 'StringValue'.
        subBuilder: $4.StringValue.create)
                       ^^^^^^^^^^^
lib/generated/spacex_api/device/wifi.pb.dart:14488:14: Error: 'UInt32Value' isn't a type.
    ..aOM<$4.UInt32Value>(3, _omitFieldNames ? '' : 'timestampHour',
             ^^^^^^^^^^^
lib/generated/spacex_api/device/wifi.pb.dart:14489:24: Error: Undefined name 'UInt32Value'.
        subBuilder: $4.UInt32Value.create)
                       ^^^^^^^^^^^
lib/generated/spacex_api/device/wifi.pb.dart:14490:14: Error: 'UInt32Value' isn't a type.
    ..aOM<$4.UInt32Value>(4, _omitFieldNames ? '' : 'sysHwGen',
             ^^^^^^^^^^^
lib/generated/spacex_api/device/wifi.pb.dart:14491:24: Error: Undefined name 'UInt32Value'.
        subBuilder: $4.UInt32Value.create)
                       ^^^^^^^^^^^
lib/generated/spacex_api/device/wifi.pb.dart:14492:14: Error: 'StringValue' isn't a type.
    ..aOM<$4.StringValue>(5, _omitFieldNames ? '' : 'sysSw',
             ^^^^^^^^^^^
lib/generated/spacex_api/device/wifi.pb.dart:14493:24: Error: Undefined name 'StringValue'.
        subBuilder: $4.StringValue.create)
                       ^^^^^^^^^^^
lib/generated/spacex_api/device/wifi.pb.dart:14494:14: Error: 'StringValue' isn't a type.
    ..aOM<$4.StringValue>(6, _omitFieldNames ? '' : 'sysCountry',
             ^^^^^^^^^^^
lib/generated/spacex_api/device/wifi.pb.dart:14495:24: Error: Undefined name 'StringValue'.
        subBuilder: $4.StringValue.create)
                       ^^^^^^^^^^^
lib/generated/spacex_api/device/wifi.pb.dart:14496:14: Error: 'BoolValue' isn't a type.
    ..aOM<$4.BoolValue>(7, _omitFieldNames ? '' : 'sysIsDev',
             ^^^^^^^^^
lib/generated/spacex_api/device/wifi.pb.dart:14497:24: Error: Undefined name 'BoolValue'.
        subBuilder: $4.BoolValue.create)
                       ^^^^^^^^^
lib/generated/spacex_api/device/wifi.pb.dart:14498:14: Error: 'UInt32Value' isn't a type.
    ..aOM<$4.UInt32Value>(8, _omitFieldNames ? '' : 'sysAllocFds',
             ^^^^^^^^^^^
lib/generated/spacex_api/device/wifi.pb.dart:14499:24: Error: Undefined name 'UInt32Value'.
        subBuilder: $4.UInt32Value.create)
                       ^^^^^^^^^^^
lib/generated/spacex_api/device/wifi.pb.dart:14500:14: Error: 'FloatValue' isn't a type.
    ..aOM<$4.FloatValue>(9, _omitFieldNames ? '' : 'sysCpuUsage',
             ^^^^^^^^^^
lib/generated/spacex_api/device/wifi.pb.dart:14501:24: Error: Undefined name 'FloatValue'.
        subBuilder: $4.FloatValue.create)
                       ^^^^^^^^^^
lib/generated/spacex_api/device/wifi.pb.dart:14502:14: Error: 'FloatValue' isn't a type.
    ..aOM<$4.FloatValue>(10, _omitFieldNames ? '' : 'sysMemFreeKb',
             ^^^^^^^^^^
lib/generated/spacex_api/device/wifi.pb.dart:14503:24: Error: Undefined name 'FloatValue'.
        subBuilder: $4.FloatValue.create)
                       ^^^^^^^^^^
lib/generated/spacex_api/device/wifi.pb.dart:14504:14: Error: 'Int32Value' isn't a type.
    ..aOM<$4.Int32Value>(11, _omitFieldNames ? '' : 'sysBootcount',
             ^^^^^^^^^^
lib/generated/spacex_api/device/wifi.pb.dart:14505:24: Error: Undefined name 'Int32Value'.
        subBuilder: $4.Int32Value.create)
                       ^^^^^^^^^^
lib/generated/spacex_api/device/wifi.pb.dart:14506:14: Error: 'BoolValue' isn't a type.
    ..aOM<$4.BoolValue>(12, _omitFieldNames ? '' : 'sysPartitionsEqual',
             ^^^^^^^^^
lib/generated/spacex_api/device/wifi.pb.dart:14507:24: Error: Undefined name 'BoolValue'.
        subBuilder: $4.BoolValue.create)
                       ^^^^^^^^^
lib/generated/spacex_api/device/wifi.pb.dart:14508:14: Error: 'UInt32Value' isn't a type.
    ..aOM<$4.UInt32Value>(13, _omitFieldNames ? '' : 'sysUptimeSeconds',
             ^^^^^^^^^^^
lib/generated/spacex_api/device/wifi.pb.dart:14509:24: Error: Undefined name 'UInt32Value'.
        subBuilder: $4.UInt32Value.create)
                       ^^^^^^^^^^^
lib/generated/spacex_api/device/wifi.pb.dart:14510:14: Error: 'Int32Value' isn't a type.
    ..aOM<$4.Int32Value>(14, _omitFieldNames ? '' : 'sysAntiRollbackVersion',
             ^^^^^^^^^^
lib/generated/spacex_api/device/wifi.pb.dart:14511:24: Error: Undefined name 'Int32Value'.
        subBuilder: $4.Int32Value.create)
                       ^^^^^^^^^^
lib/generated/spacex_api/device/wifi.pb.dart:14512:14: Error: 'UInt32Value' isn't a type.
    ..aOM<$4.UInt32Value>(100, _omitFieldNames ? '' : 'radios2ghzChannel',
             ^^^^^^^^^^^
lib/generated/spacex_api/device/wifi.pb.dart:14513:58: Error: Undefined name 'UInt32Value'.
        protoName: 'radios_2ghz_channel', subBuilder: $4.UInt32Value.create)
                                                         ^^^^^^^^^^^
lib/generated/spacex_api/device/wifi.pb.dart:14514:14: Error: 'FloatValue' isn't a type.
    ..aOM<$4.FloatValue>(101, _omitFieldNames ? '' : 'radios2ghzAntenna1Rssi',
             ^^^^^^^^^^
lib/generated/spacex_api/device/wifi.pb.dart:14516:24: Error: Undefined name 'FloatValue'.
        subBuilder: $4.FloatValue.create)
                       ^^^^^^^^^^
lib/generated/spacex_api/device/wifi.pb.dart:14517:14: Error: 'FloatValue' isn't a type.
    ..aOM<$4.FloatValue>(102, _omitFieldNames ? '' : 'radios2ghzAntenna2Rssi',
             ^^^^^^^^^^
lib/generated/spacex_api/device/wifi.pb.dart:14519:24: Error: Undefined name 'FloatValue'.
        subBuilder: $4.FloatValue.create)
                       ^^^^^^^^^^
lib/generated/spacex_api/device/wifi.pb.dart:14520:14: Error: 'FloatValue' isn't a type.
    ..aOM<$4.FloatValue>(103, _omitFieldNames ? '' : 'radios2ghzAntenna3Rssi',
             ^^^^^^^^^^
lib/generated/spacex_api/device/wifi.pb.dart:14522:24: Error: Undefined name 'FloatValue'.
        subBuilder: $4.FloatValue.create)
                       ^^^^^^^^^^
lib/generated/spacex_api/device/wifi.pb.dart:14523:14: Error: 'UInt32Value' isn't a type.
    ..aOM<$4.UInt32Value>(104, _omitFieldNames ? '' : 'radios2ghzIfaceCount',
             ^^^^^^^^^^^
lib/generated/spacex_api/device/wifi.pb.dart:14524:62: Error: Undefined name 'UInt32Value'.
        protoName: 'radios_2ghz_iface_count', subBuilder: $4.UInt32Value.create)
                                                             ^^^^^^^^^^^
lib/generated/spacex_api/device/wifi.pb.dart:14525:14: Error: 'FloatValue' isn't a type.
    ..aOM<$4.FloatValue>(
             ^^^^^^^^^^
lib/generated/spacex_api/device/wifi.pb.dart:14528:24: Error: Undefined name 'FloatValue'.
        subBuilder: $4.FloatValue.create)
                       ^^^^^^^^^^
lib/generated/spacex_api/device/wifi.pb.dart:14529:14: Error: 'FloatValue' isn't a type.
    ..aOM<$4.FloatValue>(106, _omitFieldNames ? '' : 'radios2ghzEdccaFraction',
             ^^^^^^^^^^
lib/generated/spacex_api/device/wifi.pb.dart:14531:24: Error: Undefined name 'FloatValue'.
        subBuilder: $4.FloatValue.create)
                       ^^^^^^^^^^
lib/generated/spacex_api/device/wifi.pb.dart:14532:14: Error: 'FloatValue' isn't a type.
    ..aOM<$4.FloatValue>(
             ^^^^^^^^^^
lib/generated/spacex_api/device/wifi.pb.dart:14535:24: Error: Undefined name 'FloatValue'.
        subBuilder: $4.FloatValue.create)
                       ^^^^^^^^^^
lib/generated/spacex_api/device/wifi.pb.dart:14536:14: Error: 'UInt32Value' isn't a type.
    ..aOM<$4.UInt32Value>(108, _omitFieldNames ? '' : 'radios2ghzRxBytes',
             ^^^^^^^^^^^
lib/generated/spacex_api/device/wifi.pb.dart:14537:59: Error: Undefined name 'UInt32Value'.
        protoName: 'radios_2ghz_rx_bytes', subBuilder: $4.UInt32Value.create)
                                                          ^^^^^^^^^^^
lib/generated/spacex_api/device/wifi.pb.dart:14538:14: Error: 'UInt32Value' isn't a type.
    ..aOM<$4.UInt32Value>(109, _omitFieldNames ? '' : 'radios2ghzRxPackets',
             ^^^^^^^^^^^
lib/generated/spacex_api/device/wifi.pb.dart:14539:61: Error: Undefined name 'UInt32Value'.
        protoName: 'radios_2ghz_rx_packets', subBuilder: $4.UInt32Value.create)
                                                            ^^^^^^^^^^^
lib/generated/spacex_api/device/wifi.pb.dart:14540:14: Error: 'UInt32Value' isn't a type.
    ..aOM<$4.UInt32Value>(110, _omitFieldNames ? '' : 'radios2ghzRxErrors',
             ^^^^^^^^^^^
lib/generated/spacex_api/device/wifi.pb.dart:14541:60: Error: Undefined name 'UInt32Value'.
        protoName: 'radios_2ghz_rx_errors', subBuilder: $4.UInt32Value.create)
                                                           ^^^^^^^^^^^
lib/generated/spacex_api/device/wifi.pb.dart:14542:14: Error: 'UInt32Value' isn't a type.
    ..aOM<$4.UInt32Value>(111, _omitFieldNames ? '' : 'radios2ghzRxFrameErrors',
             ^^^^^^^^^^^
lib/generated/spacex_api/device/wifi.pb.dart:14544:24: Error: Undefined name 'UInt32Value'.
        subBuilder: $4.UInt32Value.create)
                       ^^^^^^^^^^^
lib/generated/spacex_api/device/wifi.pb.dart:14545:14: Error: 'FloatValue' isn't a type.
    ..aOM<$4.FloatValue>(
             ^^^^^^^^^^
lib/generated/spacex_api/device/wifi.pb.dart:14548:24: Error: Undefined name 'FloatValue'.
        subBuilder: $4.FloatValue.create)
                       ^^^^^^^^^^
lib/generated/spacex_api/device/wifi.pb.dart:14549:14: Error: 'FloatValue' isn't a type.
    ..aOM<$4.FloatValue>(
             ^^^^^^^^^^
lib/generated/spacex_api/device/wifi.pb.dart:14552:24: Error: Undefined name 'FloatValue'.
        subBuilder: $4.FloatValue.create)
                       ^^^^^^^^^^
lib/generated/spacex_api/device/wifi.pb.dart:14553:14: Error: 'UInt32Value' isn't a type.
    ..aOM<$4.UInt32Value>(114, _omitFieldNames ? '' : 'radios2ghzTxBytes',
             ^^^^^^^^^^^
lib/generated/spacex_api/device/wifi.pb.dart:14554:59: Error: Undefined name 'UInt32Value'.
        protoName: 'radios_2ghz_tx_bytes', subBuilder: $4.UInt32Value.create)
                                                          ^^^^^^^^^^^
lib/generated/spacex_api/device/wifi.pb.dart:14555:14: Error: 'UInt32Value' isn't a type.
    ..aOM<$4.UInt32Value>(115, _omitFieldNames ? '' : 'radios2ghzTxPackets',
             ^^^^^^^^^^^
lib/generated/spacex_api/device/wifi.pb.dart:14556:61: Error: Undefined name 'UInt32Value'.
        protoName: 'radios_2ghz_tx_packets', subBuilder: $4.UInt32Value.create)
                                                            ^^^^^^^^^^^
lib/generated/spacex_api/device/wifi.pb.dart:14557:14: Error: 'UInt32Value' isn't a type.
    ..aOM<$4.UInt32Value>(116, _omitFieldNames ? '' : 'radios2ghzTxErrors',
             ^^^^^^^^^^^
lib/generated/spacex_api/device/wifi.pb.dart:14558:60: Error: Undefined name 'UInt32Value'.
        protoName: 'radios_2ghz_tx_errors', subBuilder: $4.UInt32Value.create)
                                                           ^^^^^^^^^^^
lib/generated/spacex_api/device/wifi.pb.dart:14559:14: Error: 'FloatValue' isn't a type.
    ..aOM<$4.FloatValue>(
             ^^^^^^^^^^
lib/generated/spacex_api/device/wifi.pb.dart:14562:24: Error: Undefined name 'FloatValue'.
        subBuilder: $4.FloatValue.create)
                       ^^^^^^^^^^
lib/generated/spacex_api/device/wifi.pb.dart:14563:14: Error: 'FloatValue' isn't a type.
    ..aOM<$4.FloatValue>(
             ^^^^^^^^^^
lib/generated/spacex_api/device/wifi.pb.dart:14566:24: Error: Undefined name 'FloatValue'.
        subBuilder: $4.FloatValue.create)
                       ^^^^^^^^^^
lib/generated/spacex_api/device/wifi.pb.dart:14567:14: Error: 'UInt32Value' isn't a type.
    ..aOM<$4.UInt32Value>(119, _omitFieldNames ? '' : 'radios5ghzChannel',
             ^^^^^^^^^^^
lib/generated/spacex_api/device/wifi.pb.dart:14568:58: Error: Undefined name 'UInt32Value'.
        protoName: 'radios_5ghz_channel', subBuilder: $4.UInt32Value.create)
                                                         ^^^^^^^^^^^
lib/generated/spacex_api/device/wifi.pb.dart:14569:14: Error: 'FloatValue' isn't a type.
    ..aOM<$4.FloatValue>(120, _omitFieldNames ? '' : 'radios5ghzAntenna1Rssi',
             ^^^^^^^^^^
lib/generated/spacex_api/device/wifi.pb.dart:14571:24: Error: Undefined name 'FloatValue'.
        subBuilder: $4.FloatValue.create)
                       ^^^^^^^^^^
lib/generated/spacex_api/device/wifi.pb.dart:14572:14: Error: 'FloatValue' isn't a type.
    ..aOM<$4.FloatValue>(121, _omitFieldNames ? '' : 'radios5ghzAntenna2Rssi',
             ^^^^^^^^^^
lib/generated/spacex_api/device/wifi.pb.dart:14574:24: Error: Undefined name 'FloatValue'.
        subBuilder: $4.FloatValue.create)
                       ^^^^^^^^^^
lib/generated/spacex_api/device/wifi.pb.dart:14575:14: Error: 'FloatValue' isn't a type.
    ..aOM<$4.FloatValue>(122, _omitFieldNames ? '' : 'radios5ghzAntenna3Rssi',
             ^^^^^^^^^^
lib/generated/spacex_api/device/wifi.pb.dart:14577:24: Error: Undefined name 'FloatValue'.
        subBuilder: $4.FloatValue.create)
                       ^^^^^^^^^^
lib/generated/spacex_api/device/wifi.pb.dart:14578:14: Error: 'UInt32Value' isn't a type.
    ..aOM<$4.UInt32Value>(123, _omitFieldNames ? '' : 'radios5ghzIfaceCount',
             ^^^^^^^^^^^
lib/generated/spacex_api/device/wifi.pb.dart:14579:62: Error: Undefined name 'UInt32Value'.
        protoName: 'radios_5ghz_iface_count', subBuilder: $4.UInt32Value.create)
                                                             ^^^^^^^^^^^
lib/generated/spacex_api/device/wifi.pb.dart:14580:14: Error: 'FloatValue' isn't a type.
    ..aOM<$4.FloatValue>(
             ^^^^^^^^^^
lib/generated/spacex_api/device/wifi.pb.dart:14583:24: Error: Undefined name 'FloatValue'.
        subBuilder: $4.FloatValue.create)
                       ^^^^^^^^^^
lib/generated/spacex_api/device/wifi.pb.dart:14584:14: Error: 'FloatValue' isn't a type.
    ..aOM<$4.FloatValue>(125, _omitFieldNames ? '' : 'radios5ghzEdccaFraction',
             ^^^^^^^^^^
lib/generated/spacex_api/device/wifi.pb.dart:14586:24: Error: Undefined name 'FloatValue'.
        subBuilder: $4.FloatValue.create)
                       ^^^^^^^^^^
lib/generated/spacex_api/device/wifi.pb.dart:14587:14: Error: 'FloatValue' isn't a type.
    ..aOM<$4.FloatValue>(
             ^^^^^^^^^^
lib/generated/spacex_api/device/wifi.pb.dart:14590:24: Error: Undefined name 'FloatValue'.
        subBuilder: $4.FloatValue.create)
                       ^^^^^^^^^^
lib/generated/spacex_api/device/wifi.pb.dart:14591:14: Error: 'UInt32Value' isn't a type.
    ..aOM<$4.UInt32Value>(127, _omitFieldNames ? '' : 'radios5ghzRxBytes',
             ^^^^^^^^^^^
lib/generated/spacex_api/device/wifi.pb.dart:14592:59: Error: Undefined name 'UInt32Value'.
        protoName: 'radios_5ghz_rx_bytes', subBuilder: $4.UInt32Value.create)
                                                          ^^^^^^^^^^^
lib/generated/spacex_api/device/wifi.pb.dart:14593:14: Error: 'UInt32Value' isn't a type.
    ..aOM<$4.UInt32Value>(128, _omitFieldNames ? '' : 'radios5ghzRxPackets',
             ^^^^^^^^^^^
lib/generated/spacex_api/device/wifi.pb.dart:14594:61: Error: Undefined name 'UInt32Value'.
        protoName: 'radios_5ghz_rx_packets', subBuilder: $4.UInt32Value.create)
                                                            ^^^^^^^^^^^
lib/generated/spacex_api/device/wifi.pb.dart:14595:14: Error: 'UInt32Value' isn't a type.
    ..aOM<$4.UInt32Value>(129, _omitFieldNames ? '' : 'radios5ghzRxErrors',
             ^^^^^^^^^^^
lib/generated/spacex_api/device/wifi.pb.dart:14596:60: Error: Undefined name 'UInt32Value'.
        protoName: 'radios_5ghz_rx_errors', subBuilder: $4.UInt32Value.create)
                                                           ^^^^^^^^^^^
lib/generated/spacex_api/device/wifi.pb.dart:14597:14: Error: 'UInt32Value' isn't a type.
    ..aOM<$4.UInt32Value>(130, _omitFieldNames ? '' : 'radios5ghzRxFrameErrors',
             ^^^^^^^^^^^
lib/generated/spacex_api/device/wifi.pb.dart:14599:24: Error: Undefined name 'UInt32Value'.
        subBuilder: $4.UInt32Value.create)
                       ^^^^^^^^^^^
lib/generated/spacex_api/device/wifi.pb.dart:14600:14: Error: 'FloatValue' isn't a type.
    ..aOM<$4.FloatValue>(
             ^^^^^^^^^^
lib/generated/spacex_api/device/wifi.pb.dart:14603:24: Error: Undefined name 'FloatValue'.
        subBuilder: $4.FloatValue.create)
                       ^^^^^^^^^^
lib/generated/spacex_api/device/wifi.pb.dart:14604:14: Error: 'FloatValue' isn't a type.
    ..aOM<$4.FloatValue>(
             ^^^^^^^^^^
lib/generated/spacex_api/device/wifi.pb.dart:14607:24: Error: Undefined name 'FloatValue'.
        subBuilder: $4.FloatValue.create)
                       ^^^^^^^^^^
lib/generated/spacex_api/device/wifi.pb.dart:14608:14: Error: 'UInt32Value' isn't a type.
    ..aOM<$4.UInt32Value>(133, _omitFieldNames ? '' : 'radios5ghzTxBytes',
             ^^^^^^^^^^^
lib/generated/spacex_api/device/wifi.pb.dart:14609:59: Error: Undefined name 'UInt32Value'.
        protoName: 'radios_5ghz_tx_bytes', subBuilder: $4.UInt32Value.create)
                                                          ^^^^^^^^^^^
lib/generated/spacex_api/device/wifi.pb.dart:14610:14: Error: 'UInt32Value' isn't a type.
    ..aOM<$4.UInt32Value>(134, _omitFieldNames ? '' : 'radios5ghzTxPackets',
             ^^^^^^^^^^^
lib/generated/spacex_api/device/wifi.pb.dart:14611:61: Error: Undefined name 'UInt32Value'.
        protoName: 'radios_5ghz_tx_packets', subBuilder: $4.UInt32Value.create)
                                                            ^^^^^^^^^^^
lib/generated/spacex_api/device/wifi.pb.dart:14612:14: Error: 'UInt32Value' isn't a type.
    ..aOM<$4.UInt32Value>(135, _omitFieldNames ? '' : 'radios5ghzTxErrors',
             ^^^^^^^^^^^
lib/generated/spacex_api/device/wifi.pb.dart:14613:60: Error: Undefined name 'UInt32Value'.
        protoName: 'radios_5ghz_tx_errors', subBuilder: $4.UInt32Value.create)
                                                           ^^^^^^^^^^^
lib/generated/spacex_api/device/wifi.pb.dart:14614:14: Error: 'FloatValue' isn't a type.
    ..aOM<$4.FloatValue>(
             ^^^^^^^^^^
lib/generated/spacex_api/device/wifi.pb.dart:14617:24: Error: Undefined name 'FloatValue'.
        subBuilder: $4.FloatValue.create)
                       ^^^^^^^^^^
lib/generated/spacex_api/device/wifi.pb.dart:14618:14: Error: 'FloatValue' isn't a type.
    ..aOM<$4.FloatValue>(
             ^^^^^^^^^^
lib/generated/spacex_api/device/wifi.pb.dart:14621:24: Error: Undefined name 'FloatValue'.
        subBuilder: $4.FloatValue.create)
                       ^^^^^^^^^^
lib/generated/spacex_api/device/wifi.pb.dart:14622:14: Error: 'FloatValue' isn't a type.
    ..aOM<$4.FloatValue>(200, _omitFieldNames ? '' : 'radios2ghzThermalTemp',
             ^^^^^^^^^^
lib/generated/spacex_api/device/wifi.pb.dart:14623:63: Error: Undefined name 'FloatValue'.
        protoName: 'radios_2ghz_thermal_temp', subBuilder: $4.FloatValue.create)
                                                              ^^^^^^^^^^
lib/generated/spacex_api/device/wifi.pb.dart:14624:14: Error: 'FloatValue' isn't a type.
    ..aOM<$4.FloatValue>(201, _omitFieldNames ? '' : 'radios5ghzThermalTemp',
             ^^^^^^^^^^
lib/generated/spacex_api/device/wifi.pb.dart:14625:63: Error: Undefined name 'FloatValue'.
        protoName: 'radios_5ghz_thermal_temp', subBuilder: $4.FloatValue.create)
                                                              ^^^^^^^^^^
lib/generated/spacex_api/device/wifi.pb.dart:14626:14: Error: 'FloatValue' isn't a type.
    ..aOM<$4.FloatValue>(
             ^^^^^^^^^^
lib/generated/spacex_api/device/wifi.pb.dart:14629:24: Error: Undefined name 'FloatValue'.
        subBuilder: $4.FloatValue.create)
                       ^^^^^^^^^^
lib/generated/spacex_api/device/wifi.pb.dart:14630:14: Error: 'FloatValue' isn't a type.
    ..aOM<$4.FloatValue>(
             ^^^^^^^^^^
lib/generated/spacex_api/device/wifi.pb.dart:14633:24: Error: Undefined name 'FloatValue'.
        subBuilder: $4.FloatValue.create)
                       ^^^^^^^^^^
lib/generated/spacex_api/device/wifi.pb.dart:14634:14: Error: 'UInt32Value' isn't a type.
    ..aOM<$4.UInt32Value>(
             ^^^^^^^^^^^
lib/generated/spacex_api/device/wifi.pb.dart:14637:24: Error: Undefined name 'UInt32Value'.
        subBuilder: $4.UInt32Value.create)
                       ^^^^^^^^^^^
lib/generated/spacex_api/device/wifi.pb.dart:14638:14: Error: 'UInt32Value' isn't a type.
    ..aOM<$4.UInt32Value>(
             ^^^^^^^^^^^
lib/generated/spacex_api/device/wifi.pb.dart:14641:24: Error: Undefined name 'UInt32Value'.
        subBuilder: $4.UInt32Value.create)
                       ^^^^^^^^^^^
lib/generated/spacex_api/device/wifi.pb.dart:14642:14: Error: 'UInt32Value' isn't a type.
    ..aOM<$4.UInt32Value>(300, _omitFieldNames ? '' : 'ifacesLanEthRxBytes',
             ^^^^^^^^^^^
lib/generated/spacex_api/device/wifi.pb.dart:14643:24: Error: Undefined name 'UInt32Value'.
        subBuilder: $4.UInt32Value.create)
                       ^^^^^^^^^^^
lib/generated/spacex_api/device/wifi.pb.dart:14644:14: Error: 'UInt32Value' isn't a type.
    ..aOM<$4.UInt32Value>(301, _omitFieldNames ? '' : 'ifacesLanEthRxPackets',
             ^^^^^^^^^^^
lib/generated/spacex_api/device/wifi.pb.dart:14645:24: Error: Undefined name 'UInt32Value'.
        subBuilder: $4.UInt32Value.create)
                       ^^^^^^^^^^^
lib/generated/spacex_api/device/wifi.pb.dart:14646:14: Error: 'UInt32Value' isn't a type.
    ..aOM<$4.UInt32Value>(302, _omitFieldNames ? '' : 'ifacesLanEthRxErrors',
             ^^^^^^^^^^^
lib/generated/spacex_api/device/wifi.pb.dart:14647:24: Error: Undefined name 'UInt32Value'.
        subBuilder: $4.UInt32Value.create)
                       ^^^^^^^^^^^
lib/generated/spacex_api/device/wifi.pb.dart:14648:14: Error: 'UInt32Value' isn't a type.
    ..aOM<$4.UInt32Value>(
             ^^^^^^^^^^^
lib/generated/spacex_api/device/wifi.pb.dart:14650:24: Error: Undefined name 'UInt32Value'.
        subBuilder: $4.UInt32Value.create)
                       ^^^^^^^^^^^
lib/generated/spacex_api/device/wifi.pb.dart:14651:14: Error: 'UInt32Value' isn't a type.
    ..aOM<$4.UInt32Value>(304, _omitFieldNames ? '' : 'ifacesLanEthTxBytes',
             ^^^^^^^^^^^
lib/generated/spacex_api/device/wifi.pb.dart:14652:24: Error: Undefined name 'UInt32Value'.
        subBuilder: $4.UInt32Value.create)
                       ^^^^^^^^^^^
lib/generated/spacex_api/device/wifi.pb.dart:14653:14: Error: 'UInt32Value' isn't a type.
    ..aOM<$4.UInt32Value>(305, _omitFieldNames ? '' : 'ifacesLanEthTxPackets',
             ^^^^^^^^^^^
lib/generated/spacex_api/device/wifi.pb.dart:14654:24: Error: Undefined name 'UInt32Value'.
        subBuilder: $4.UInt32Value.create)
                       ^^^^^^^^^^^
lib/generated/spacex_api/device/wifi.pb.dart:14655:14: Error: 'UInt32Value' isn't a type.
    ..aOM<$4.UInt32Value>(306, _omitFieldNames ? '' : 'ifacesLanEthTxErrors',
             ^^^^^^^^^^^
lib/generated/spacex_api/device/wifi.pb.dart:14656:24: Error: Undefined name 'UInt32Value'.
        subBuilder: $4.UInt32Value.create)
                       ^^^^^^^^^^^
lib/generated/spacex_api/device/wifi.pb.dart:14657:14: Error: 'UInt32Value' isn't a type.
    ..aOM<$4.UInt32Value>(307, _omitFieldNames ? '' : 'ifacesWanEthRxBytes',
             ^^^^^^^^^^^
lib/generated/spacex_api/device/wifi.pb.dart:14658:24: Error: Undefined name 'UInt32Value'.
        subBuilder: $4.UInt32Value.create)
                       ^^^^^^^^^^^
lib/generated/spacex_api/device/wifi.pb.dart:14659:14: Error: 'UInt32Value' isn't a type.
    ..aOM<$4.UInt32Value>(308, _omitFieldNames ? '' : 'ifacesWanEthRxPackets',
             ^^^^^^^^^^^
lib/generated/spacex_api/device/wifi.pb.dart:14660:24: Error: Undefined name 'UInt32Value'.
        subBuilder: $4.UInt32Value.create)
                       ^^^^^^^^^^^
lib/generated/spacex_api/device/wifi.pb.dart:14661:14: Error: 'UInt32Value' isn't a type.
    ..aOM<$4.UInt32Value>(309, _omitFieldNames ? '' : 'ifacesWanEthRxErrors',
             ^^^^^^^^^^^
lib/generated/spacex_api/device/wifi.pb.dart:14662:24: Error: Undefined name 'UInt32Value'.
        subBuilder: $4.UInt32Value.create)
                       ^^^^^^^^^^^
lib/generated/spacex_api/device/wifi.pb.dart:14663:14: Error: 'UInt32Value' isn't a type.
    ..aOM<$4.UInt32Value>(
             ^^^^^^^^^^^
lib/generated/spacex_api/device/wifi.pb.dart:14665:24: Error: Undefined name 'UInt32Value'.
        subBuilder: $4.UInt32Value.create)
                       ^^^^^^^^^^^
lib/generated/spacex_api/device/wifi.pb.dart:14666:14: Error: 'UInt32Value' isn't a type.
    ..aOM<$4.UInt32Value>(311, _omitFieldNames ? '' : 'ifacesWanEthTxBytes',
             ^^^^^^^^^^^
lib/generated/spacex_api/device/wifi.pb.dart:14667:24: Error: Undefined name 'UInt32Value'.
        subBuilder: $4.UInt32Value.create)
                       ^^^^^^^^^^^
lib/generated/spacex_api/device/wifi.pb.dart:14668:14: Error: 'UInt32Value' isn't a type.
    ..aOM<$4.UInt32Value>(312, _omitFieldNames ? '' : 'ifacesWanEthTxPackets',
             ^^^^^^^^^^^
lib/generated/spacex_api/device/wifi.pb.dart:14669:24: Error: Undefined name 'UInt32Value'.
        subBuilder: $4.UInt32Value.create)
                       ^^^^^^^^^^^
lib/generated/spacex_api/device/wifi.pb.dart:14670:14: Error: 'UInt32Value' isn't a type.
    ..aOM<$4.UInt32Value>(313, _omitFieldNames ? '' : 'ifacesWanEthTxErrors',
             ^^^^^^^^^^^
lib/generated/spacex_api/device/wifi.pb.dart:14671:24: Error: Undefined name 'UInt32Value'.
        subBuilder: $4.UInt32Value.create)
                       ^^^^^^^^^^^
lib/generated/spacex_api/device/wifi.pb.dart:14672:14: Error: 'UInt32Value' isn't a type.
    ..aOM<$4.UInt32Value>(400, _omitFieldNames ? '' : 'clients',
             ^^^^^^^^^^^
lib/generated/spacex_api/device/wifi.pb.dart:14673:24: Error: Undefined name 'UInt32Value'.
        subBuilder: $4.UInt32Value.create)
                       ^^^^^^^^^^^
lib/generated/spacex_api/device/wifi.pb.dart:14674:14: Error: 'UInt32Value' isn't a type.
    ..aOM<$4.UInt32Value>(401, _omitFieldNames ? '' : 'clients2ghz',
             ^^^^^^^^^^^
lib/generated/spacex_api/device/wifi.pb.dart:14675:51: Error: Undefined name 'UInt32Value'.
        protoName: 'clients_2ghz', subBuilder: $4.UInt32Value.create)
                                                  ^^^^^^^^^^^
lib/generated/spacex_api/device/wifi.pb.dart:14676:14: Error: 'UInt32Value' isn't a type.
    ..aOM<$4.UInt32Value>(402, _omitFieldNames ? '' : 'clients5ghz',
             ^^^^^^^^^^^
lib/generated/spacex_api/device/wifi.pb.dart:14677:51: Error: Undefined name 'UInt32Value'.
        protoName: 'clients_5ghz', subBuilder: $4.UInt32Value.create)
                                                  ^^^^^^^^^^^
lib/generated/spacex_api/device/wifi.pb.dart:14678:14: Error: 'UInt32Value' isn't a type.
    ..aOM<$4.UInt32Value>(403, _omitFieldNames ? '' : 'clientsEth',
             ^^^^^^^^^^^
lib/generated/spacex_api/device/wifi.pb.dart:14679:24: Error: Undefined name 'UInt32Value'.
        subBuilder: $4.UInt32Value.create)
                       ^^^^^^^^^^^
lib/generated/spacex_api/device/wifi.pb.dart:14680:14: Error: 'UInt32Value' isn't a type.
    ..aOM<$4.UInt32Value>(404, _omitFieldNames ? '' : 'clientsRepeater',
             ^^^^^^^^^^^
lib/generated/spacex_api/device/wifi.pb.dart:14681:24: Error: Undefined name 'UInt32Value'.
        subBuilder: $4.UInt32Value.create)
                       ^^^^^^^^^^^
lib/generated/spacex_api/device/wifi.pb.dart:14682:14: Error: 'UInt32Value' isn't a type.
    ..aOM<$4.UInt32Value>(405, _omitFieldNames ? '' : 'clientsRepeater2ghz',
             ^^^^^^^^^^^
lib/generated/spacex_api/device/wifi.pb.dart:14683:60: Error: Undefined name 'UInt32Value'.
        protoName: 'clients_repeater_2ghz', subBuilder: $4.UInt32Value.create)
                                                           ^^^^^^^^^^^
lib/generated/spacex_api/device/wifi.pb.dart:14684:14: Error: 'UInt32Value' isn't a type.
    ..aOM<$4.UInt32Value>(406, _omitFieldNames ? '' : 'clientsRepeater5ghz',
             ^^^^^^^^^^^
lib/generated/spacex_api/device/wifi.pb.dart:14685:60: Error: Undefined name 'UInt32Value'.
        protoName: 'clients_repeater_5ghz', subBuilder: $4.UInt32Value.create)
                                                           ^^^^^^^^^^^
lib/generated/spacex_api/device/wifi.pb.dart:14686:14: Error: 'UInt32Value' isn't a type.
    ..aOM<$4.UInt32Value>(407, _omitFieldNames ? '' : 'clientsRepeaterEth',
             ^^^^^^^^^^^
lib/generated/spacex_api/device/wifi.pb.dart:14687:24: Error: Undefined name 'UInt32Value'.
        subBuilder: $4.UInt32Value.create)
                       ^^^^^^^^^^^
lib/generated/spacex_api/device/wifi.pb.dart:14688:14: Error: 'UInt32Value' isn't a type.
    ..aOM<$4.UInt32Value>(408, _omitFieldNames ? '' : 'meshHops',
             ^^^^^^^^^^^
lib/generated/spacex_api/device/wifi.pb.dart:14689:24: Error: Undefined name 'UInt32Value'.
        subBuilder: $4.UInt32Value.create)
                       ^^^^^^^^^^^
lib/generated/spacex_api/device/wifi.pb.dart:14690:14: Error: 'FloatValue' isn't a type.
    ..aOM<$4.FloatValue>(409, _omitFieldNames ? '' : 'meshOneHopRssiAvg2ghz',
             ^^^^^^^^^^
lib/generated/spacex_api/device/wifi.pb.dart:14692:24: Error: Undefined name 'FloatValue'.
        subBuilder: $4.FloatValue.create)
                       ^^^^^^^^^^
lib/generated/spacex_api/device/wifi.pb.dart:14693:14: Error: 'FloatValue' isn't a type.
    ..aOM<$4.FloatValue>(410, _omitFieldNames ? '' : 'meshOneHopRssiAvg5ghz',
             ^^^^^^^^^^
lib/generated/spacex_api/device/wifi.pb.dart:14695:24: Error: Undefined name 'FloatValue'.
        subBuilder: $4.FloatValue.create)
                       ^^^^^^^^^^
lib/generated/spacex_api/device/wifi.pb.dart:14696:14: Error: 'FloatValue' isn't a type.
    ..aOM<$4.FloatValue>(411, _omitFieldNames ? '' : 'meshTwoHopRssiAvg2ghz',
             ^^^^^^^^^^
lib/generated/spacex_api/device/wifi.pb.dart:14698:24: Error: Undefined name 'FloatValue'.
        subBuilder: $4.FloatValue.create)
                       ^^^^^^^^^^
lib/generated/spacex_api/device/wifi.pb.dart:14699:14: Error: 'FloatValue' isn't a type.
    ..aOM<$4.FloatValue>(412, _omitFieldNames ? '' : 'meshTwoHopRssiAvg5ghz',
             ^^^^^^^^^^
lib/generated/spacex_api/device/wifi.pb.dart:14701:24: Error: Undefined name 'FloatValue'.
        subBuilder: $4.FloatValue.create)
                       ^^^^^^^^^^
lib/generated/spacex_api/device/wifi.pb.dart:14702:14: Error: 'FloatValue' isn't a type.
    ..aOM<$4.FloatValue>(
             ^^^^^^^^^^
lib/generated/spacex_api/device/wifi.pb.dart:14705:24: Error: Undefined name 'FloatValue'.
        subBuilder: $4.FloatValue.create)
                       ^^^^^^^^^^
lib/generated/spacex_api/device/wifi.pb.dart:14706:14: Error: 'FloatValue' isn't a type.
    ..aOM<$4.FloatValue>(
             ^^^^^^^^^^
lib/generated/spacex_api/device/wifi.pb.dart:14709:24: Error: Undefined name 'FloatValue'.
        subBuilder: $4.FloatValue.create)
                       ^^^^^^^^^^
lib/generated/spacex_api/device/wifi.pb.dart:14710:14: Error: 'FloatValue' isn't a type.
    ..aOM<$4.FloatValue>(
             ^^^^^^^^^^
lib/generated/spacex_api/device/wifi.pb.dart:14713:24: Error: Undefined name 'FloatValue'.
        subBuilder: $4.FloatValue.create)
                       ^^^^^^^^^^
lib/generated/spacex_api/device/wifi.pb.dart:14714:14: Error: 'FloatValue' isn't a type.
    ..aOM<$4.FloatValue>(
             ^^^^^^^^^^
lib/generated/spacex_api/device/wifi.pb.dart:14717:24: Error: Undefined name 'FloatValue'.
        subBuilder: $4.FloatValue.create)
                       ^^^^^^^^^^
lib/generated/spacex_api/device/wifi.pb.dart:14718:14: Error: 'FloatValue' isn't a type.
    ..aOM<$4.FloatValue>(
             ^^^^^^^^^^
lib/generated/spacex_api/device/wifi.pb.dart:14721:24: Error: Undefined name 'FloatValue'.
        subBuilder: $4.FloatValue.create)
                       ^^^^^^^^^^
lib/generated/spacex_api/device/wifi.pb.dart:14722:14: Error: 'FloatValue' isn't a type.
    ..aOM<$4.FloatValue>(605, _omitFieldNames ? '' : 'pingDropRate',
             ^^^^^^^^^^
lib/generated/spacex_api/device/wifi.pb.dart:14723:24: Error: Undefined name 'FloatValue'.
        subBuilder: $4.FloatValue.create)
                       ^^^^^^^^^^
lib/generated/spacex_api/device/wifi.pb.dart:14724:14: Error: 'FloatValue' isn't a type.
    ..aOM<$4.FloatValue>(606, _omitFieldNames ? '' : 'pingDropRateLast1h',
             ^^^^^^^^^^
lib/generated/spacex_api/device/wifi.pb.dart:14725:61: Error: Undefined name 'FloatValue'.
        protoName: 'ping_drop_rate_last_1h', subBuilder: $4.FloatValue.create)
                                                            ^^^^^^^^^^
lib/generated/spacex_api/device/wifi.pb.dart:14726:14: Error: 'FloatValue' isn't a type.
    ..aOM<$4.FloatValue>(607, _omitFieldNames ? '' : 'pingLatency',
             ^^^^^^^^^^
lib/generated/spacex_api/device/wifi.pb.dart:14727:24: Error: Undefined name 'FloatValue'.
        subBuilder: $4.FloatValue.create)
                       ^^^^^^^^^^
lib/generated/spacex_api/device/wifi.pb.dart:14728:14: Error: 'FloatValue' isn't a type.
    ..aOM<$4.FloatValue>(
             ^^^^^^^^^^
lib/generated/spacex_api/device/wifi.pb.dart:14731:24: Error: Undefined name 'FloatValue'.
        subBuilder: $4.FloatValue.create)
                       ^^^^^^^^^^
lib/generated/spacex_api/device/wifi.pb.dart:14732:14: Error: 'FloatValue' isn't a type.
    ..aOM<$4.FloatValue>(
             ^^^^^^^^^^
lib/generated/spacex_api/device/wifi.pb.dart:14735:24: Error: Undefined name 'FloatValue'.
        subBuilder: $4.FloatValue.create)
                       ^^^^^^^^^^
lib/generated/spacex_api/device/wifi.pb.dart:14736:14: Error: 'FloatValue' isn't a type.
    ..aOM<$4.FloatValue>(
             ^^^^^^^^^^
lib/generated/spacex_api/device/wifi.pb.dart:14739:24: Error: Undefined name 'FloatValue'.
        subBuilder: $4.FloatValue.create)
                       ^^^^^^^^^^
lib/generated/spacex_api/device/wifi.pb.dart:14740:14: Error: 'FloatValue' isn't a type.
    ..aOM<$4.FloatValue>(
             ^^^^^^^^^^
lib/generated/spacex_api/device/wifi.pb.dart:14743:24: Error: Undefined name 'FloatValue'.
        subBuilder: $4.FloatValue.create)
                       ^^^^^^^^^^
lib/generated/spacex_api/device/wifi.pb.dart:14744:14: Error: 'FloatValue' isn't a type.
    ..aOM<$4.FloatValue>(
             ^^^^^^^^^^
lib/generated/spacex_api/device/wifi.pb.dart:14747:24: Error: Undefined name 'FloatValue'.
        subBuilder: $4.FloatValue.create)
                       ^^^^^^^^^^
lib/generated/spacex_api/device/wifi.pb.dart:14748:14: Error: 'FloatValue' isn't a type.
    ..aOM<$4.FloatValue>(615, _omitFieldNames ? '' : 'pingDishDropRate',
             ^^^^^^^^^^
lib/generated/spacex_api/device/wifi.pb.dart:14749:24: Error: Undefined name 'FloatValue'.
        subBuilder: $4.FloatValue.create)
                       ^^^^^^^^^^
lib/generated/spacex_api/device/wifi.pb.dart:14750:14: Error: 'FloatValue' isn't a type.
    ..aOM<$4.FloatValue>(616, _omitFieldNames ? '' : 'pingDishDropRateLast1h',
             ^^^^^^^^^^
lib/generated/spacex_api/device/wifi.pb.dart:14752:24: Error: Undefined name 'FloatValue'.
        subBuilder: $4.FloatValue.create)
                       ^^^^^^^^^^
lib/generated/spacex_api/device/wifi.pb.dart:14753:14: Error: 'FloatValue' isn't a type.
    ..aOM<$4.FloatValue>(617, _omitFieldNames ? '' : 'pingDishLatency',
             ^^^^^^^^^^
lib/generated/spacex_api/device/wifi.pb.dart:14754:24: Error: Undefined name 'FloatValue'.
        subBuilder: $4.FloatValue.create)
                       ^^^^^^^^^^
lib/generated/spacex_api/device/wifi.pb.dart:14755:14: Error: 'FloatValue' isn't a type.
    ..aOM<$4.FloatValue>(
             ^^^^^^^^^^
lib/generated/spacex_api/device/wifi.pb.dart:14757:24: Error: Undefined name 'FloatValue'.
        subBuilder: $4.FloatValue.create)
                       ^^^^^^^^^^
lib/generated/spacex_api/device/wifi.pb.dart:14758:14: Error: 'FloatValue' isn't a type.
    ..aOM<$4.FloatValue>(
             ^^^^^^^^^^
lib/generated/spacex_api/device/wifi.pb.dart:14760:24: Error: Undefined name 'FloatValue'.
        subBuilder: $4.FloatValue.create)
                       ^^^^^^^^^^
lib/generated/spacex_api/device/wifi.pb.dart:14761:14: Error: 'FloatValue' isn't a type.
    ..aOM<$4.FloatValue>(
             ^^^^^^^^^^
lib/generated/spacex_api/device/wifi.pb.dart:14763:24: Error: Undefined name 'FloatValue'.
        subBuilder: $4.FloatValue.create)
                       ^^^^^^^^^^
lib/generated/spacex_api/device/wifi.pb.dart:14764:14: Error: 'FloatValue' isn't a type.
    ..aOM<$4.FloatValue>(
             ^^^^^^^^^^
lib/generated/spacex_api/device/wifi.pb.dart:14766:24: Error: Undefined name 'FloatValue'.
        subBuilder: $4.FloatValue.create)
                       ^^^^^^^^^^
lib/generated/spacex_api/device/wifi.pb.dart:14767:14: Error: 'FloatValue' isn't a type.
    ..aOM<$4.FloatValue>(
             ^^^^^^^^^^
lib/generated/spacex_api/device/wifi.pb.dart:14769:24: Error: Undefined name 'FloatValue'.
        subBuilder: $4.FloatValue.create)
                       ^^^^^^^^^^
lib/generated/spacex_api/device/wifi.pb.dart:14770:14: Error: 'FloatValue' isn't a type.
    ..aOM<$4.FloatValue>(
             ^^^^^^^^^^
lib/generated/spacex_api/device/wifi.pb.dart:14772:24: Error: Undefined name 'FloatValue'.
        subBuilder: $4.FloatValue.create)
                       ^^^^^^^^^^
lib/generated/spacex_api/device/wifi.pb.dart:14773:14: Error: 'FloatValue' isn't a type.
    ..aOM<$4.FloatValue>(
             ^^^^^^^^^^
lib/generated/spacex_api/device/wifi.pb.dart:14775:24: Error: Undefined name 'FloatValue'.
        subBuilder: $4.FloatValue.create)
                       ^^^^^^^^^^
lib/generated/spacex_api/device/wifi.pb.dart:14776:14: Error: 'FloatValue' isn't a type.
    ..aOM<$4.FloatValue>(
             ^^^^^^^^^^
lib/generated/spacex_api/device/wifi.pb.dart:14778:24: Error: Undefined name 'FloatValue'.
        subBuilder: $4.FloatValue.create)
                       ^^^^^^^^^^
lib/generated/spacex_api/device/wifi.pb.dart:14779:14: Error: 'UInt32Value' isn't a type.
    ..aOM<$4.UInt32Value>(
             ^^^^^^^^^^^
lib/generated/spacex_api/device/wifi.pb.dart:14781:24: Error: Undefined name 'UInt32Value'.
        subBuilder: $4.UInt32Value.create)
                       ^^^^^^^^^^^
lib/generated/spacex_api/device/wifi.pb.dart:14782:14: Error: 'StringValue' isn't a type.
    ..aOM<$4.StringValue>(
             ^^^^^^^^^^^
lib/generated/spacex_api/device/wifi.pb.dart:14784:24: Error: Undefined name 'StringValue'.
        subBuilder: $4.StringValue.create)
                       ^^^^^^^^^^^
lib/generated/spacex_api/device/wifi.pb.dart:14785:14: Error: 'UInt32Value' isn't a type.
    ..aOM<$4.UInt32Value>(
             ^^^^^^^^^^^
lib/generated/spacex_api/device/wifi.pb.dart:14787:24: Error: Undefined name 'UInt32Value'.
        subBuilder: $4.UInt32Value.create)
                       ^^^^^^^^^^^
lib/generated/spacex_api/device/wifi.pb.dart:14788:14: Error: 'UInt32Value' isn't a type.
    ..aOM<$4.UInt32Value>(
             ^^^^^^^^^^^
lib/generated/spacex_api/device/wifi.pb.dart:14790:24: Error: Undefined name 'UInt32Value'.
        subBuilder: $4.UInt32Value.create)
                       ^^^^^^^^^^^
lib/generated/spacex_api/device/wifi.pb.dart:14791:14: Error: 'UInt32Value' isn't a type.
    ..aOM<$4.UInt32Value>(
             ^^^^^^^^^^^
lib/generated/spacex_api/device/wifi.pb.dart:14793:24: Error: Undefined name 'UInt32Value'.
        subBuilder: $4.UInt32Value.create)
                       ^^^^^^^^^^^
lib/generated/spacex_api/device/wifi.pb.dart:14794:14: Error: 'FloatValue' isn't a type.
    ..aOM<$4.FloatValue>(
             ^^^^^^^^^^
lib/generated/spacex_api/device/wifi.pb.dart:14797:24: Error: Undefined name 'FloatValue'.
        subBuilder: $4.FloatValue.create)
                       ^^^^^^^^^^
lib/generated/spacex_api/device/wifi.pb.dart:14798:14: Error: 'FloatValue' isn't a type.
    ..aOM<$4.FloatValue>(
             ^^^^^^^^^^
lib/generated/spacex_api/device/wifi.pb.dart:14801:24: Error: Undefined name 'FloatValue'.
        subBuilder: $4.FloatValue.create)
                       ^^^^^^^^^^
lib/generated/spacex_api/device/wifi.pb.dart:14802:14: Error: 'FloatValue' isn't a type.
    ..aOM<$4.FloatValue>(
             ^^^^^^^^^^
lib/generated/spacex_api/device/wifi.pb.dart:14805:24: Error: Undefined name 'FloatValue'.
        subBuilder: $4.FloatValue.create)
                       ^^^^^^^^^^
lib/generated/spacex_api/device/wifi.pb.dart:14806:14: Error: 'FloatValue' isn't a type.
    ..aOM<$4.FloatValue>(
             ^^^^^^^^^^
lib/generated/spacex_api/device/wifi.pb.dart:14809:24: Error: Undefined name 'FloatValue'.
        subBuilder: $4.FloatValue.create)
                       ^^^^^^^^^^
lib/generated/spacex_api/device/wifi.pb.dart:14810:14: Error: 'FloatValue' isn't a type.
    ..aOM<$4.FloatValue>(
             ^^^^^^^^^^
lib/generated/spacex_api/device/wifi.pb.dart:14813:24: Error: Undefined name 'FloatValue'.
        subBuilder: $4.FloatValue.create)
                       ^^^^^^^^^^
lib/generated/spacex_api/device/wifi.pb.dart:14814:14: Error: 'FloatValue' isn't a type.
    ..aOM<$4.FloatValue>(
             ^^^^^^^^^^
lib/generated/spacex_api/device/wifi.pb.dart:14817:24: Error: Undefined name 'FloatValue'.
        subBuilder: $4.FloatValue.create)
                       ^^^^^^^^^^
lib/generated/spacex_api/device/wifi.pb.dart:14818:14: Error: 'FloatValue' isn't a type.
    ..aOM<$4.FloatValue>(
             ^^^^^^^^^^
lib/generated/spacex_api/device/wifi.pb.dart:14821:24: Error: Undefined name 'FloatValue'.
        subBuilder: $4.FloatValue.create)
                       ^^^^^^^^^^
lib/generated/spacex_api/device/wifi.pb.dart:14822:14: Error: 'FloatValue' isn't a type.
    ..aOM<$4.FloatValue>(
             ^^^^^^^^^^
lib/generated/spacex_api/device/wifi.pb.dart:14825:24: Error: Undefined name 'FloatValue'.
        subBuilder: $4.FloatValue.create)
                       ^^^^^^^^^^
lib/generated/spacex_api/device/wifi.pb.dart:14826:14: Error: 'UInt32Value' isn't a type.
    ..aOM<$4.UInt32Value>(900, _omitFieldNames ? '' : 'dishCellId',
             ^^^^^^^^^^^
lib/generated/spacex_api/device/wifi.pb.dart:14827:24: Error: Undefined name 'UInt32Value'.
        subBuilder: $4.UInt32Value.create)
                       ^^^^^^^^^^^
lib/generated/spacex_api/device/wifi.pb.dart:14828:14: Error: 'BoolValue' isn't a type.
    ..aOM<$4.BoolValue>(1000, _omitFieldNames ? '' : 'configSetupComplete',
             ^^^^^^^^^
lib/generated/spacex_api/device/wifi.pb.dart:14829:24: Error: Undefined name 'BoolValue'.
        subBuilder: $4.BoolValue.create)
                       ^^^^^^^^^
lib/generated/spacex_api/device/wifi.pb.dart:14830:14: Error: 'BoolValue' isn't a type.
    ..aOM<$4.BoolValue>(1001, _omitFieldNames ? '' : 'configBandsSplit',
             ^^^^^^^^^
lib/generated/spacex_api/device/wifi.pb.dart:14831:24: Error: Undefined name 'BoolValue'.
        subBuilder: $4.BoolValue.create)
                       ^^^^^^^^^
lib/generated/spacex_api/device/wifi.pb.dart:14832:14: Error: 'BoolValue' isn't a type.
    ..aOM<$4.BoolValue>(1002, _omitFieldNames ? '' : 'configIsRepeater',
             ^^^^^^^^^
lib/generated/spacex_api/device/wifi.pb.dart:14833:24: Error: Undefined name 'BoolValue'.
        subBuilder: $4.BoolValue.create)
                       ^^^^^^^^^
lib/generated/spacex_api/device/wifi.pb.dart:14834:14: Error: 'BoolValue' isn't a type.
    ..aOM<$4.BoolValue>(1003, _omitFieldNames ? '' : 'configOpenNetwork',
             ^^^^^^^^^
lib/generated/spacex_api/device/wifi.pb.dart:14835:24: Error: Undefined name 'BoolValue'.
        subBuilder: $4.BoolValue.create)
                       ^^^^^^^^^
lib/generated/spacex_api/device/wifi.pb.dart:14836:14: Error: 'BoolValue' isn't a type.
    ..aOM<$4.BoolValue>(1004, _omitFieldNames ? '' : 'configIsAviation',
             ^^^^^^^^^
lib/generated/spacex_api/device/wifi.pb.dart:14837:24: Error: Undefined name 'BoolValue'.
        subBuilder: $4.BoolValue.create)
                       ^^^^^^^^^
lib/generated/spacex_api/device/wifi.pb.dart:14838:14: Error: 'BoolValue' isn't a type.
    ..aOM<$4.BoolValue>(1005, _omitFieldNames ? '' : 'configSecureDns',
             ^^^^^^^^^
lib/generated/spacex_api/device/wifi.pb.dart:14839:24: Error: Undefined name 'BoolValue'.
        subBuilder: $4.BoolValue.create)
                       ^^^^^^^^^
lib/generated/spacex_api/device/wifi.pb.dart:14840:14: Error: 'BoolValue' isn't a type.
    ..aOM<$4.BoolValue>(1006, _omitFieldNames ? '' : 'configLegacy',
             ^^^^^^^^^
lib/generated/spacex_api/device/wifi.pb.dart:14841:24: Error: Undefined name 'BoolValue'.
        subBuilder: $4.BoolValue.create)
                       ^^^^^^^^^
lib/generated/spacex_api/device/wifi.pb.dart:14842:14: Error: 'BoolValue' isn't a type.
    ..aOM<$4.BoolValue>(1007, _omitFieldNames ? '' : 'configApMode',
             ^^^^^^^^^
lib/generated/spacex_api/device/wifi.pb.dart:14843:24: Error: Undefined name 'BoolValue'.
        subBuilder: $4.BoolValue.create)
                       ^^^^^^^^^
lib/generated/spacex_api/device/wifi.pb.dart:14844:14: Error: 'BoolValue' isn't a type.
    ..aOM<$4.BoolValue>(1008, _omitFieldNames ? '' : 'configDfsEnabled',
             ^^^^^^^^^
lib/generated/spacex_api/device/wifi.pb.dart:14845:24: Error: Undefined name 'BoolValue'.
        subBuilder: $4.BoolValue.create)
                       ^^^^^^^^^
lib/generated/spacex_api/device/wifi.pb.dart:14846:14: Error: 'BoolValue' isn't a type.
    ..aOM<$4.BoolValue>(
             ^^^^^^^^^
lib/generated/spacex_api/device/wifi.pb.dart:14848:24: Error: Undefined name 'BoolValue'.
        subBuilder: $4.BoolValue.create)
                       ^^^^^^^^^
lib/generated/spacex_api/device/wifi.pb.dart:14849:14: Error: 'BoolValue' isn't a type.
    ..aOM<$4.BoolValue>(1010, _omitFieldNames ? '' : 'configRemoteSshEnabled',
             ^^^^^^^^^
lib/generated/spacex_api/device/wifi.pb.dart:14850:24: Error: Undefined name 'BoolValue'.
        subBuilder: $4.BoolValue.create)
                       ^^^^^^^^^
lib/generated/spacex_api/device/wifi.pb.dart:14879:13: Error: 'StringValue' isn't a type.
  set id($4.StringValue value) => $_setField(1, value);
            ^^^^^^^^^^^
lib/generated/spacex_api/device/wifi.pb.dart:14879:35: Error: The method '$_setField' isn't defined for the type 'starlink_router_hourly_metrics_v2'.
 - 'starlink_router_hourly_metrics_v2' is from 'package:starlink_isp_app/generated/spacex_api/device/wifi.pb.dart' ('lib/generated/spacex_api/device/wifi.pb.dart').
Try correcting the name to the name of an existing method, or defining a method named '$_setField'.
  set id($4.StringValue value) => $_setField(1, value);
                                  ^^^^^^^^^^
lib/generated/spacex_api/device/wifi.pb.dart:14883:21: Error: The method '$_clearField' isn't defined for the type 'starlink_router_hourly_metrics_v2'.
 - 'starlink_router_hourly_metrics_v2' is from 'package:starlink_isp_app/generated/spacex_api/device/wifi.pb.dart' ('lib/generated/spacex_api/device/wifi.pb.dart').
Try correcting the name to the name of an existing method, or defining a method named '$_clearField'.
  void clearId() => $_clearField(1);
                    ^^^^^^^^^^^^
lib/generated/spacex_api/device/wifi.pb.dart:14890:24: Error: 'StringValue' isn't a type.
  set timestampDate($4.StringValue value) => $_setField(2, value);
                       ^^^^^^^^^^^
lib/generated/spacex_api/device/wifi.pb.dart:14890:46: Error: The method '$_setField' isn't defined for the type 'starlink_router_hourly_metrics_v2'.
 - 'starlink_router_hourly_metrics_v2' is from 'package:starlink_isp_app/generated/spacex_api/device/wifi.pb.dart' ('lib/generated/spacex_api/device/wifi.pb.dart').
Try correcting the name to the name of an existing method, or defining a method named '$_setField'.
  set timestampDate($4.StringValue value) => $_setField(2, value);
                                             ^^^^^^^^^^
lib/generated/spacex_api/device/wifi.pb.dart:14894:32: Error: The method '$_clearField' isn't defined for the type 'starlink_router_hourly_metrics_v2'.
 - 'starlink_router_hourly_metrics_v2' is from 'package:starlink_isp_app/generated/spacex_api/device/wifi.pb.dart' ('lib/generated/spacex_api/device/wifi.pb.dart').
Try correcting the name to the name of an existing method, or defining a method named '$_clearField'.
  void clearTimestampDate() => $_clearField(2);
                               ^^^^^^^^^^^^
lib/generated/spacex_api/device/wifi.pb.dart:14901:24: Error: 'UInt32Value' isn't a type.
  set timestampHour($4.UInt32Value value) => $_setField(3, value);
                       ^^^^^^^^^^^
lib/generated/spacex_api/device/wifi.pb.dart:14901:46: Error: The method '$_setField' isn't defined for the type 'starlink_router_hourly_metrics_v2'.
 - 'starlink_router_hourly_metrics_v2' is from 'package:starlink_isp_app/generated/spacex_api/device/wifi.pb.dart' ('lib/generated/spacex_api/device/wifi.pb.dart').
Try correcting the name to the name of an existing method, or defining a method named '$_setField'.
  set timestampHour($4.UInt32Value value) => $_setField(3, value);
                                             ^^^^^^^^^^
lib/generated/spacex_api/device/wifi.pb.dart:14905:32: Error: The method '$_clearField' isn't defined for the type 'starlink_router_hourly_metrics_v2'.
 - 'starlink_router_hourly_metrics_v2' is from 'package:starlink_isp_app/generated/spacex_api/device/wifi.pb.dart' ('lib/generated/spacex_api/device/wifi.pb.dart').
Try correcting the name to the name of an existing method, or defining a method named '$_clearField'.
  void clearTimestampHour() => $_clearField(3);
                               ^^^^^^^^^^^^
lib/generated/spacex_api/device/wifi.pb.dart:14912:19: Error: 'UInt32Value' isn't a type.
  set sysHwGen($4.UInt32Value value) => $_setField(4, value);
                  ^^^^^^^^^^^
lib/generated/spacex_api/device/wifi.pb.dart:14912:41: Error: The method '$_setField' isn't defined for the type 'starlink_router_hourly_metrics_v2'.
 - 'starlink_router_hourly_metrics_v2' is from 'package:starlink_isp_app/generated/spacex_api/device/wifi.pb.dart' ('lib/generated/spacex_api/device/wifi.pb.dart').
Try correcting the name to the name of an existing method, or defining a method named '$_setField'.
  set sysHwGen($4.UInt32Value value) => $_setField(4, value);
                                        ^^^^^^^^^^
lib/generated/spacex_api/device/wifi.pb.dart:14916:27: Error: The method '$_clearField' isn't defined for the type 'starlink_router_hourly_metrics_v2'.
 - 'starlink_router_hourly_metrics_v2' is from 'package:starlink_isp_app/generated/spacex_api/device/wifi.pb.dart' ('lib/generated/spacex_api/device/wifi.pb.dart').
Try correcting the name to the name of an existing method, or defining a method named '$_clearField'.
  void clearSysHwGen() => $_clearField(4);
                          ^^^^^^^^^^^^
lib/generated/spacex_api/device/wifi.pb.dart:14923:16: Error: 'StringValue' isn't a type.
  set sysSw($4.StringValue value) => $_setField(5, value);
               ^^^^^^^^^^^
lib/generated/spacex_api/device/wifi.pb.dart:14923:38: Error: The method '$_setField' isn't defined for the type 'starlink_router_hourly_metrics_v2'.
 - 'starlink_router_hourly_metrics_v2' is from 'package:starlink_isp_app/generated/spacex_api/device/wifi.pb.dart' ('lib/generated/spacex_api/device/wifi.pb.dart').
Try correcting the name to the name of an existing method, or defining a method named '$_setField'.
  set sysSw($4.StringValue value) => $_setField(5, value);
                                     ^^^^^^^^^^
lib/generated/spacex_api/device/wifi.pb.dart:14927:24: Error: The method '$_clearField' isn't defined for the type 'starlink_router_hourly_metrics_v2'.
 - 'starlink_router_hourly_metrics_v2' is from 'package:starlink_isp_app/generated/spacex_api/device/wifi.pb.dart' ('lib/generated/spacex_api/device/wifi.pb.dart').
Try correcting the name to the name of an existing method, or defining a method named '$_clearField'.
  void clearSysSw() => $_clearField(5);
                       ^^^^^^^^^^^^
lib/generated/spacex_api/device/wifi.pb.dart:14934:21: Error: 'StringValue' isn't a type.
  set sysCountry($4.StringValue value) => $_setField(6, value);
                    ^^^^^^^^^^^
lib/generated/spacex_api/device/wifi.pb.dart:14934:43: Error: The method '$_setField' isn't defined for the type 'starlink_router_hourly_metrics_v2'.
 - 'starlink_router_hourly_metrics_v2' is from 'package:starlink_isp_app/generated/spacex_api/device/wifi.pb.dart' ('lib/generated/spacex_api/device/wifi.pb.dart').
Try correcting the name to the name of an existing method, or defining a method named '$_setField'.
  set sysCountry($4.StringValue value) => $_setField(6, value);
                                          ^^^^^^^^^^
lib/generated/spacex_api/device/wifi.pb.dart:14938:29: Error: The method '$_clearField' isn't defined for the type 'starlink_router_hourly_metrics_v2'.
 - 'starlink_router_hourly_metrics_v2' is from 'package:starlink_isp_app/generated/spacex_api/device/wifi.pb.dart' ('lib/generated/spacex_api/device/wifi.pb.dart').
Try correcting the name to the name of an existing method, or defining a method named '$_clearField'.
  void clearSysCountry() => $_clearField(6);
                            ^^^^^^^^^^^^
lib/generated/spacex_api/device/wifi.pb.dart:14945:19: Error: 'BoolValue' isn't a type.
  set sysIsDev($4.BoolValue value) => $_setField(7, value);
                  ^^^^^^^^^
lib/generated/spacex_api/device/wifi.pb.dart:14945:39: Error: The method '$_setField' isn't defined for the type 'starlink_router_hourly_metrics_v2'.
 - 'starlink_router_hourly_metrics_v2' is from 'package:starlink_isp_app/generated/spacex_api/device/wifi.pb.dart' ('lib/generated/spacex_api/device/wifi.pb.dart').
Try correcting the name to the name of an existing method, or defining a method named '$_setField'.
  set sysIsDev($4.BoolValue value) => $_setField(7, value);
                                      ^^^^^^^^^^
lib/generated/spacex_api/device/wifi.pb.dart:14949:27: Error: The method '$_clearField' isn't defined for the type 'starlink_router_hourly_metrics_v2'.
 - 'starlink_router_hourly_metrics_v2' is from 'package:starlink_isp_app/generated/spacex_api/device/wifi.pb.dart' ('lib/generated/spacex_api/device/wifi.pb.dart').
Try correcting the name to the name of an existing method, or defining a method named '$_clearField'.
  void clearSysIsDev() => $_clearField(7);
                          ^^^^^^^^^^^^
lib/generated/spacex_api/device/wifi.pb.dart:14956:22: Error: 'UInt32Value' isn't a type.
  set sysAllocFds($4.UInt32Value value) => $_setField(8, value);
                     ^^^^^^^^^^^
lib/generated/spacex_api/device/wifi.pb.dart:14956:44: Error: The method '$_setField' isn't defined for the type 'starlink_router_hourly_metrics_v2'.
 - 'starlink_router_hourly_metrics_v2' is from 'package:starlink_isp_app/generated/spacex_api/device/wifi.pb.dart' ('lib/generated/spacex_api/device/wifi.pb.dart').
Try correcting the name to the name of an existing method, or defining a method named '$_setField'.
  set sysAllocFds($4.UInt32Value value) => $_setField(8, value);
                                           ^^^^^^^^^^
lib/generated/spacex_api/device/wifi.pb.dart:14960:30: Error: The method '$_clearField' isn't defined for the type 'starlink_router_hourly_metrics_v2'.
 - 'starlink_router_hourly_metrics_v2' is from 'package:starlink_isp_app/generated/spacex_api/device/wifi.pb.dart' ('lib/generated/spacex_api/device/wifi.pb.dart').
Try correcting the name to the name of an existing method, or defining a method named '$_clearField'.
  void clearSysAllocFds() => $_clearField(8);
                             ^^^^^^^^^^^^
lib/generated/spacex_api/device/wifi.pb.dart:14967:22: Error: 'FloatValue' isn't a type.
  set sysCpuUsage($4.FloatValue value) => $_setField(9, value);
                     ^^^^^^^^^^
lib/generated/spacex_api/device/wifi.pb.dart:14967:43: Error: The method '$_setField' isn't defined for the type 'starlink_router_hourly_metrics_v2'.
 - 'starlink_router_hourly_metrics_v2' is from 'package:starlink_isp_app/generated/spacex_api/device/wifi.pb.dart' ('lib/generated/spacex_api/device/wifi.pb.dart').
Try correcting the name to the name of an existing method, or defining a method named '$_setField'.
  set sysCpuUsage($4.FloatValue value) => $_setField(9, value);
                                          ^^^^^^^^^^
lib/generated/spacex_api/device/wifi.pb.dart:14971:30: Error: The method '$_clearField' isn't defined for the type 'starlink_router_hourly_metrics_v2'.
 - 'starlink_router_hourly_metrics_v2' is from 'package:starlink_isp_app/generated/spacex_api/device/wifi.pb.dart' ('lib/generated/spacex_api/device/wifi.pb.dart').
Try correcting the name to the name of an existing method, or defining a method named '$_clearField'.
  void clearSysCpuUsage() => $_clearField(9);
                             ^^^^^^^^^^^^
lib/generated/spacex_api/device/wifi.pb.dart:14978:23: Error: 'FloatValue' isn't a type.
  set sysMemFreeKb($4.FloatValue value) => $_setField(10, value);
                      ^^^^^^^^^^
lib/generated/spacex_api/device/wifi.pb.dart:14978:44: Error: The method '$_setField' isn't defined for the type 'starlink_router_hourly_metrics_v2'.
 - 'starlink_router_hourly_metrics_v2' is from 'package:starlink_isp_app/generated/spacex_api/device/wifi.pb.dart' ('lib/generated/spacex_api/device/wifi.pb.dart').
Try correcting the name to the name of an existing method, or defining a method named '$_setField'.
  set sysMemFreeKb($4.FloatValue value) => $_setField(10, value);
                                           ^^^^^^^^^^
lib/generated/spacex_api/device/wifi.pb.dart:14982:31: Error: The method '$_clearField' isn't defined for the type 'starlink_router_hourly_metrics_v2'.
 - 'starlink_router_hourly_metrics_v2' is from 'package:starlink_isp_app/generated/spacex_api/device/wifi.pb.dart' ('lib/generated/spacex_api/device/wifi.pb.dart').
Try correcting the name to the name of an existing method, or defining a method named '$_clearField'.
  void clearSysMemFreeKb() => $_clearField(10);
                              ^^^^^^^^^^^^
lib/generated/spacex_api/device/wifi.pb.dart:14989:23: Error: 'Int32Value' isn't a type.
  set sysBootcount($4.Int32Value value) => $_setField(11, value);
                      ^^^^^^^^^^
lib/generated/spacex_api/device/wifi.pb.dart:14989:44: Error: The method '$_setField' isn't defined for the type 'starlink_router_hourly_metrics_v2'.
 - 'starlink_router_hourly_metrics_v2' is from 'package:starlink_isp_app/generated/spacex_api/device/wifi.pb.dart' ('lib/generated/spacex_api/device/wifi.pb.dart').
Try correcting the name to the name of an existing method, or defining a method named '$_setField'.
  set sysBootcount($4.Int32Value value) => $_setField(11, value);
                                           ^^^^^^^^^^
lib/generated/spacex_api/device/wifi.pb.dart:14993:31: Error: The method '$_clearField' isn't defined for the type 'starlink_router_hourly_metrics_v2'.
 - 'starlink_router_hourly_metrics_v2' is from 'package:starlink_isp_app/generated/spacex_api/device/wifi.pb.dart' ('lib/generated/spacex_api/device/wifi.pb.dart').
Try correcting the name to the name of an existing method, or defining a method named '$_clearField'.
  void clearSysBootcount() => $_clearField(11);
                              ^^^^^^^^^^^^
lib/generated/spacex_api/device/wifi.pb.dart:15000:29: Error: 'BoolValue' isn't a type.
  set sysPartitionsEqual($4.BoolValue value) => $_setField(12, value);
                            ^^^^^^^^^
lib/generated/spacex_api/device/wifi.pb.dart:15000:49: Error: The method '$_setField' isn't defined for the type 'starlink_router_hourly_metrics_v2'.
 - 'starlink_router_hourly_metrics_v2' is from 'package:starlink_isp_app/generated/spacex_api/device/wifi.pb.dart' ('lib/generated/spacex_api/device/wifi.pb.dart').
Try correcting the name to the name of an existing method, or defining a method named '$_setField'.
  set sysPartitionsEqual($4.BoolValue value) => $_setField(12, value);
                                                ^^^^^^^^^^
lib/generated/spacex_api/device/wifi.pb.dart:15004:37: Error: The method '$_clearField' isn't defined for the type 'starlink_router_hourly_metrics_v2'.
 - 'starlink_router_hourly_metrics_v2' is from 'package:starlink_isp_app/generated/spacex_api/device/wifi.pb.dart' ('lib/generated/spacex_api/device/wifi.pb.dart').
Try correcting the name to the name of an existing method, or defining a method named '$_clearField'.
  void clearSysPartitionsEqual() => $_clearField(12);
                                    ^^^^^^^^^^^^
lib/generated/spacex_api/device/wifi.pb.dart:15011:27: Error: 'UInt32Value' isn't a type.
  set sysUptimeSeconds($4.UInt32Value value) => $_setField(13, value);
                          ^^^^^^^^^^^
lib/generated/spacex_api/device/wifi.pb.dart:15011:49: Error: The method '$_setField' isn't defined for the type 'starlink_router_hourly_metrics_v2'.
 - 'starlink_router_hourly_metrics_v2' is from 'package:starlink_isp_app/generated/spacex_api/device/wifi.pb.dart' ('lib/generated/spacex_api/device/wifi.pb.dart').
Try correcting the name to the name of an existing method, or defining a method named '$_setField'.
  set sysUptimeSeconds($4.UInt32Value value) => $_setField(13, value);
                                                ^^^^^^^^^^
lib/generated/spacex_api/device/wifi.pb.dart:15015:35: Error: The method '$_clearField' isn't defined for the type 'starlink_router_hourly_metrics_v2'.
 - 'starlink_router_hourly_metrics_v2' is from 'package:starlink_isp_app/generated/spacex_api/device/wifi.pb.dart' ('lib/generated/spacex_api/device/wifi.pb.dart').
Try correcting the name to the name of an existing method, or defining a method named '$_clearField'.
  void clearSysUptimeSeconds() => $_clearField(13);
                                  ^^^^^^^^^^^^
lib/generated/spacex_api/device/wifi.pb.dart:15022:33: Error: 'Int32Value' isn't a type.
  set sysAntiRollbackVersion($4.Int32Value value) => $_setField(14, value);
                                ^^^^^^^^^^
lib/generated/spacex_api/device/wifi.pb.dart:15022:54: Error: The method '$_setField' isn't defined for the type 'starlink_router_hourly_metrics_v2'.
 - 'starlink_router_hourly_metrics_v2' is from 'package:starlink_isp_app/generated/spacex_api/device/wifi.pb.dart' ('lib/generated/spacex_api/device/wifi.pb.dart').
Try correcting the name to the name of an existing method, or defining a method named '$_setField'.
  set sysAntiRollbackVersion($4.Int32Value value) => $_setField(14, value);
                                                     ^^^^^^^^^^
lib/generated/spacex_api/device/wifi.pb.dart:15026:41: Error: The method '$_clearField' isn't defined for the type 'starlink_router_hourly_metrics_v2'.
 - 'starlink_router_hourly_metrics_v2' is from 'package:starlink_isp_app/generated/spacex_api/device/wifi.pb.dart' ('lib/generated/spacex_api/device/wifi.pb.dart').
Try correcting the name to the name of an existing method, or defining a method named '$_clearField'.
  void clearSysAntiRollbackVersion() => $_clearField(14);
                                        ^^^^^^^^^^^^
lib/generated/spacex_api/device/wifi.pb.dart:15033:28: Error: 'UInt32Value' isn't a type.
  set radios2ghzChannel($4.UInt32Value value) => $_setField(100, value);
                           ^^^^^^^^^^^
lib/generated/spacex_api/device/wifi.pb.dart:15033:50: Error: The method '$_setField' isn't defined for the type 'starlink_router_hourly_metrics_v2'.
 - 'starlink_router_hourly_metrics_v2' is from 'package:starlink_isp_app/generated/spacex_api/device/wifi.pb.dart' ('lib/generated/spacex_api/device/wifi.pb.dart').
Try correcting the name to the name of an existing method, or defining a method named '$_setField'.
  set radios2ghzChannel($4.UInt32Value value) => $_setField(100, value);
                                                 ^^^^^^^^^^
lib/generated/spacex_api/device/wifi.pb.dart:15037:36: Error: The method '$_clearField' isn't defined for the type 'starlink_router_hourly_metrics_v2'.
 - 'starlink_router_hourly_metrics_v2' is from 'package:starlink_isp_app/generated/spacex_api/device/wifi.pb.dart' ('lib/generated/spacex_api/device/wifi.pb.dart').
Try correcting the name to the name of an existing method, or defining a method named '$_clearField'.
  void clearRadios2ghzChannel() => $_clearField(100);
                                   ^^^^^^^^^^^^
lib/generated/spacex_api/device/wifi.pb.dart:15044:33: Error: 'FloatValue' isn't a type.
  set radios2ghzAntenna1Rssi($4.FloatValue value) => $_setField(101, value);
                                ^^^^^^^^^^
lib/generated/spacex_api/device/wifi.pb.dart:15044:54: Error: The method '$_setField' isn't defined for the type 'starlink_router_hourly_metrics_v2'.
 - 'starlink_router_hourly_metrics_v2' is from 'package:starlink_isp_app/generated/spacex_api/device/wifi.pb.dart' ('lib/generated/spacex_api/device/wifi.pb.dart').
Try correcting the name to the name of an existing method, or defining a method named '$_setField'.
  set radios2ghzAntenna1Rssi($4.FloatValue value) => $_setField(101, value);
                                                     ^^^^^^^^^^
lib/generated/spacex_api/device/wifi.pb.dart:15048:41: Error: The method '$_clearField' isn't defined for the type 'starlink_router_hourly_metrics_v2'.
 - 'starlink_router_hourly_metrics_v2' is from 'package:starlink_isp_app/generated/spacex_api/device/wifi.pb.dart' ('lib/generated/spacex_api/device/wifi.pb.dart').
Try correcting the name to the name of an existing method, or defining a method named '$_clearField'.
  void clearRadios2ghzAntenna1Rssi() => $_clearField(101);
                                        ^^^^^^^^^^^^
lib/generated/spacex_api/device/wifi.pb.dart:15055:33: Error: 'FloatValue' isn't a type.
  set radios2ghzAntenna2Rssi($4.FloatValue value) => $_setField(102, value);
                                ^^^^^^^^^^
lib/generated/spacex_api/device/wifi.pb.dart:15055:54: Error: The method '$_setField' isn't defined for the type 'starlink_router_hourly_metrics_v2'.
 - 'starlink_router_hourly_metrics_v2' is from 'package:starlink_isp_app/generated/spacex_api/device/wifi.pb.dart' ('lib/generated/spacex_api/device/wifi.pb.dart').
Try correcting the name to the name of an existing method, or defining a method named '$_setField'.
  set radios2ghzAntenna2Rssi($4.FloatValue value) => $_setField(102, value);
                                                     ^^^^^^^^^^
lib/generated/spacex_api/device/wifi.pb.dart:15059:41: Error: The method '$_clearField' isn't defined for the type 'starlink_router_hourly_metrics_v2'.
 - 'starlink_router_hourly_metrics_v2' is from 'package:starlink_isp_app/generated/spacex_api/device/wifi.pb.dart' ('lib/generated/spacex_api/device/wifi.pb.dart').
Try correcting the name to the name of an existing method, or defining a method named '$_clearField'.
  void clearRadios2ghzAntenna2Rssi() => $_clearField(102);
                                        ^^^^^^^^^^^^
lib/generated/spacex_api/device/wifi.pb.dart:15066:33: Error: 'FloatValue' isn't a type.
  set radios2ghzAntenna3Rssi($4.FloatValue value) => $_setField(103, value);
                                ^^^^^^^^^^
lib/generated/spacex_api/device/wifi.pb.dart:15066:54: Error: The method '$_setField' isn't defined for the type 'starlink_router_hourly_metrics_v2'.
 - 'starlink_router_hourly_metrics_v2' is from 'package:starlink_isp_app/generated/spacex_api/device/wifi.pb.dart' ('lib/generated/spacex_api/device/wifi.pb.dart').
Try correcting the name to the name of an existing method, or defining a method named '$_setField'.
  set radios2ghzAntenna3Rssi($4.FloatValue value) => $_setField(103, value);
                                                     ^^^^^^^^^^
lib/generated/spacex_api/device/wifi.pb.dart:15070:41: Error: The method '$_clearField' isn't defined for the type 'starlink_router_hourly_metrics_v2'.
 - 'starlink_router_hourly_metrics_v2' is from 'package:starlink_isp_app/generated/spacex_api/device/wifi.pb.dart' ('lib/generated/spacex_api/device/wifi.pb.dart').
Try correcting the name to the name of an existing method, or defining a method named '$_clearField'.
  void clearRadios2ghzAntenna3Rssi() => $_clearField(103);
                                        ^^^^^^^^^^^^
lib/generated/spacex_api/device/wifi.pb.dart:15077:31: Error: 'UInt32Value' isn't a type.
  set radios2ghzIfaceCount($4.UInt32Value value) => $_setField(104, value);
                              ^^^^^^^^^^^
lib/generated/spacex_api/device/wifi.pb.dart:15077:53: Error: The method '$_setField' isn't defined for the type 'starlink_router_hourly_metrics_v2'.
 - 'starlink_router_hourly_metrics_v2' is from 'package:starlink_isp_app/generated/spacex_api/device/wifi.pb.dart' ('lib/generated/spacex_api/device/wifi.pb.dart').
Try correcting the name to the name of an existing method, or defining a method named '$_setField'.
  set radios2ghzIfaceCount($4.UInt32Value value) => $_setField(104, value);
                                                    ^^^^^^^^^^
lib/generated/spacex_api/device/wifi.pb.dart:15081:39: Error: The method '$_clearField' isn't defined for the type 'starlink_router_hourly_metrics_v2'.
 - 'starlink_router_hourly_metrics_v2' is from 'package:starlink_isp_app/generated/spacex_api/device/wifi.pb.dart' ('lib/generated/spacex_api/device/wifi.pb.dart').
Try correcting the name to the name of an existing method, or defining a method named '$_clearField'.
  void clearRadios2ghzIfaceCount() => $_clearField(104);
                                      ^^^^^^^^^^^^
lib/generated/spacex_api/device/wifi.pb.dart:15088:37: Error: 'FloatValue' isn't a type.
  set radios2ghzChanBusyFraction($4.FloatValue value) => $_setField(105, value);
                                    ^^^^^^^^^^
lib/generated/spacex_api/device/wifi.pb.dart:15088:58: Error: The method '$_setField' isn't defined for the type 'starlink_router_hourly_metrics_v2'.
 - 'starlink_router_hourly_metrics_v2' is from 'package:starlink_isp_app/generated/spacex_api/device/wifi.pb.dart' ('lib/generated/spacex_api/device/wifi.pb.dart').
Try correcting the name to the name of an existing method, or defining a method named '$_setField'.
  set radios2ghzChanBusyFraction($4.FloatValue value) => $_setField(105, value);
                                                         ^^^^^^^^^^
lib/generated/spacex_api/device/wifi.pb.dart:15092:45: Error: The method '$_clearField' isn't defined for the type 'starlink_router_hourly_metrics_v2'.
 - 'starlink_router_hourly_metrics_v2' is from 'package:starlink_isp_app/generated/spacex_api/device/wifi.pb.dart' ('lib/generated/spacex_api/device/wifi.pb.dart').
Try correcting the name to the name of an existing method, or defining a method named '$_clearField'.
  void clearRadios2ghzChanBusyFraction() => $_clearField(105);
                                            ^^^^^^^^^^^^
lib/generated/spacex_api/device/wifi.pb.dart:15099:34: Error: 'FloatValue' isn't a type.
  set radios2ghzEdccaFraction($4.FloatValue value) => $_setField(106, value);
                                 ^^^^^^^^^^
lib/generated/spacex_api/device/wifi.pb.dart:15099:55: Error: The method '$_setField' isn't defined for the type 'starlink_router_hourly_metrics_v2'.
 - 'starlink_router_hourly_metrics_v2' is from 'package:starlink_isp_app/generated/spacex_api/device/wifi.pb.dart' ('lib/generated/spacex_api/device/wifi.pb.dart').
Try correcting the name to the name of an existing method, or defining a method named '$_setField'.
  set radios2ghzEdccaFraction($4.FloatValue value) => $_setField(106, value);
                                                      ^^^^^^^^^^
lib/generated/spacex_api/device/wifi.pb.dart:15103:42: Error: The method '$_clearField' isn't defined for the type 'starlink_router_hourly_metrics_v2'.
 - 'starlink_router_hourly_metrics_v2' is from 'package:starlink_isp_app/generated/spacex_api/device/wifi.pb.dart' ('lib/generated/spacex_api/device/wifi.pb.dart').
Try correcting the name to the name of an existing method, or defining a method named '$_clearField'.
  void clearRadios2ghzEdccaFraction() => $_clearField(106);
                                         ^^^^^^^^^^^^
lib/generated/spacex_api/device/wifi.pb.dart:15110:43: Error: 'FloatValue' isn't a type.
  set radios2ghzOverlappingBssFraction($4.FloatValue value) =>
                                          ^^^^^^^^^^
lib/generated/spacex_api/device/wifi.pb.dart:15111:7: Error: The method '$_setField' isn't defined for the type 'starlink_router_hourly_metrics_v2'.
 - 'starlink_router_hourly_metrics_v2' is from 'package:starlink_isp_app/generated/spacex_api/device/wifi.pb.dart' ('lib/generated/spacex_api/device/wifi.pb.dart').
Try correcting the name to the name of an existing method, or defining a method named '$_setField'.
      $_setField(107, value);
      ^^^^^^^^^^
lib/generated/spacex_api/device/wifi.pb.dart:15115:51: Error: The method '$_clearField' isn't defined for the type 'starlink_router_hourly_metrics_v2'.
 - 'starlink_router_hourly_metrics_v2' is from 'package:starlink_isp_app/generated/spacex_api/device/wifi.pb.dart' ('lib/generated/spacex_api/device/wifi.pb.dart').
Try correcting the name to the name of an existing method, or defining a method named '$_clearField'.
  void clearRadios2ghzOverlappingBssFraction() => $_clearField(107);
                                                  ^^^^^^^^^^^^
lib/generated/spacex_api/device/wifi.pb.dart:15122:28: Error: 'UInt32Value' isn't a type.
  set radios2ghzRxBytes($4.UInt32Value value) => $_setField(108, value);
                           ^^^^^^^^^^^
lib/generated/spacex_api/device/wifi.pb.dart:15122:50: Error: The method '$_setField' isn't defined for the type 'starlink_router_hourly_metrics_v2'.
 - 'starlink_router_hourly_metrics_v2' is from 'package:starlink_isp_app/generated/spacex_api/device/wifi.pb.dart' ('lib/generated/spacex_api/device/wifi.pb.dart').
Try correcting the name to the name of an existing method, or defining a method named '$_setField'.
  set radios2ghzRxBytes($4.UInt32Value value) => $_setField(108, value);
                                                 ^^^^^^^^^^
lib/generated/spacex_api/device/wifi.pb.dart:15126:36: Error: The method '$_clearField' isn't defined for the type 'starlink_router_hourly_metrics_v2'.
 - 'starlink_router_hourly_metrics_v2' is from 'package:starlink_isp_app/generated/spacex_api/device/wifi.pb.dart' ('lib/generated/spacex_api/device/wifi.pb.dart').
Try correcting the name to the name of an existing method, or defining a method named '$_clearField'.
  void clearRadios2ghzRxBytes() => $_clearField(108);
                                   ^^^^^^^^^^^^
lib/generated/spacex_api/device/wifi.pb.dart:15133:30: Error: 'UInt32Value' isn't a type.
  set radios2ghzRxPackets($4.UInt32Value value) => $_setField(109, value);
                             ^^^^^^^^^^^
lib/generated/spacex_api/device/wifi.pb.dart:15133:52: Error: The method '$_setField' isn't defined for the type 'starlink_router_hourly_metrics_v2'.
 - 'starlink_router_hourly_metrics_v2' is from 'package:starlink_isp_app/generated/spacex_api/device/wifi.pb.dart' ('lib/generated/spacex_api/device/wifi.pb.dart').
Try correcting the name to the name of an existing method, or defining a method named '$_setField'.
  set radios2ghzRxPackets($4.UInt32Value value) => $_setField(109, value);
                                                   ^^^^^^^^^^
lib/generated/spacex_api/device/wifi.pb.dart:15137:38: Error: The method '$_clearField' isn't defined for the type 'starlink_router_hourly_metrics_v2'.
 - 'starlink_router_hourly_metrics_v2' is from 'package:starlink_isp_app/generated/spacex_api/device/wifi.pb.dart' ('lib/generated/spacex_api/device/wifi.pb.dart').
Try correcting the name to the name of an existing method, or defining a method named '$_clearField'.
  void clearRadios2ghzRxPackets() => $_clearField(109);
                                     ^^^^^^^^^^^^
lib/generated/spacex_api/device/wifi.pb.dart:15144:29: Error: 'UInt32Value' isn't a type.
  set radios2ghzRxErrors($4.UInt32Value value) => $_setField(110, value);
                            ^^^^^^^^^^^
lib/generated/spacex_api/device/wifi.pb.dart:15144:51: Error: The method '$_setField' isn't defined for the type 'starlink_router_hourly_metrics_v2'.
 - 'starlink_router_hourly_metrics_v2' is from 'package:starlink_isp_app/generated/spacex_api/device/wifi.pb.dart' ('lib/generated/spacex_api/device/wifi.pb.dart').
Try correcting the name to the name of an existing method, or defining a method named '$_setField'.
  set radios2ghzRxErrors($4.UInt32Value value) => $_setField(110, value);
                                                  ^^^^^^^^^^
lib/generated/spacex_api/device/wifi.pb.dart:15148:37: Error: The method '$_clearField' isn't defined for the type 'starlink_router_hourly_metrics_v2'.
 - 'starlink_router_hourly_metrics_v2' is from 'package:starlink_isp_app/generated/spacex_api/device/wifi.pb.dart' ('lib/generated/spacex_api/device/wifi.pb.dart').
Try correcting the name to the name of an existing method, or defining a method named '$_clearField'.
  void clearRadios2ghzRxErrors() => $_clearField(110);
                                    ^^^^^^^^^^^^
lib/generated/spacex_api/device/wifi.pb.dart:15155:34: Error: 'UInt32Value' isn't a type.
  set radios2ghzRxFrameErrors($4.UInt32Value value) => $_setField(111, value);
                                 ^^^^^^^^^^^
lib/generated/spacex_api/device/wifi.pb.dart:15155:56: Error: The method '$_setField' isn't defined for the type 'starlink_router_hourly_metrics_v2'.
 - 'starlink_router_hourly_metrics_v2' is from 'package:starlink_isp_app/generated/spacex_api/device/wifi.pb.dart' ('lib/generated/spacex_api/device/wifi.pb.dart').
Try correcting the name to the name of an existing method, or defining a method named '$_setField'.
  set radios2ghzRxFrameErrors($4.UInt32Value value) => $_setField(111, value);
                                                       ^^^^^^^^^^
lib/generated/spacex_api/device/wifi.pb.dart:15159:42: Error: The method '$_clearField' isn't defined for the type 'starlink_router_hourly_metrics_v2'.
 - 'starlink_router_hourly_metrics_v2' is from 'package:starlink_isp_app/generated/spacex_api/device/wifi.pb.dart' ('lib/generated/spacex_api/device/wifi.pb.dart').
Try correcting the name to the name of an existing method, or defining a method named '$_clearField'.
  void clearRadios2ghzRxFrameErrors() => $_clearField(111);
                                         ^^^^^^^^^^^^
lib/generated/spacex_api/device/wifi.pb.dart:15166:38: Error: 'FloatValue' isn't a type.
  set radios2ghzRxPacketErrorRate($4.FloatValue value) =>
                                     ^^^^^^^^^^
lib/generated/spacex_api/device/wifi.pb.dart:15167:7: Error: The method '$_setField' isn't defined for the type 'starlink_router_hourly_metrics_v2'.
 - 'starlink_router_hourly_metrics_v2' is from 'package:starlink_isp_app/generated/spacex_api/device/wifi.pb.dart' ('lib/generated/spacex_api/device/wifi.pb.dart').
Try correcting the name to the name of an existing method, or defining a method named '$_setField'.
      $_setField(112, value);
      ^^^^^^^^^^
lib/generated/spacex_api/device/wifi.pb.dart:15171:46: Error: The method '$_clearField' isn't defined for the type 'starlink_router_hourly_metrics_v2'.
 - 'starlink_router_hourly_metrics_v2' is from 'package:starlink_isp_app/generated/spacex_api/device/wifi.pb.dart' ('lib/generated/spacex_api/device/wifi.pb.dart').
Try correcting the name to the name of an existing method, or defining a method named '$_clearField'.
  void clearRadios2ghzRxPacketErrorRate() => $_clearField(112);
                                             ^^^^^^^^^^^^
lib/generated/spacex_api/device/wifi.pb.dart:15178:38: Error: 'FloatValue' isn't a type.
  set radios2ghzRxAirtimeFraction($4.FloatValue value) =>
                                     ^^^^^^^^^^
lib/generated/spacex_api/device/wifi.pb.dart:15179:7: Error: The method '$_setField' isn't defined for the type 'starlink_router_hourly_metrics_v2'.
 - 'starlink_router_hourly_metrics_v2' is from 'package:starlink_isp_app/generated/spacex_api/device/wifi.pb.dart' ('lib/generated/spacex_api/device/wifi.pb.dart').
Try correcting the name to the name of an existing method, or defining a method named '$_setField'.
      $_setField(113, value);
      ^^^^^^^^^^
lib/generated/spacex_api/device/wifi.pb.dart:15183:46: Error: The method '$_clearField' isn't defined for the type 'starlink_router_hourly_metrics_v2'.
 - 'starlink_router_hourly_metrics_v2' is from 'package:starlink_isp_app/generated/spacex_api/device/wifi.pb.dart' ('lib/generated/spacex_api/device/wifi.pb.dart').
Try correcting the name to the name of an existing method, or defining a method named '$_clearField'.
  void clearRadios2ghzRxAirtimeFraction() => $_clearField(113);
                                             ^^^^^^^^^^^^
lib/generated/spacex_api/device/wifi.pb.dart:15190:28: Error: 'UInt32Value' isn't a type.
  set radios2ghzTxBytes($4.UInt32Value value) => $_setField(114, value);
                           ^^^^^^^^^^^
lib/generated/spacex_api/device/wifi.pb.dart:15190:50: Error: The method '$_setField' isn't defined for the type 'starlink_router_hourly_metrics_v2'.
 - 'starlink_router_hourly_metrics_v2' is from 'package:starlink_isp_app/generated/spacex_api/device/wifi.pb.dart' ('lib/generated/spacex_api/device/wifi.pb.dart').
Try correcting the name to the name of an existing method, or defining a method named '$_setField'.
  set radios2ghzTxBytes($4.UInt32Value value) => $_setField(114, value);
                                                 ^^^^^^^^^^
lib/generated/spacex_api/device/wifi.pb.dart:15194:36: Error: The method '$_clearField' isn't defined for the type 'starlink_router_hourly_metrics_v2'.
 - 'starlink_router_hourly_metrics_v2' is from 'package:starlink_isp_app/generated/spacex_api/device/wifi.pb.dart' ('lib/generated/spacex_api/device/wifi.pb.dart').
Try correcting the name to the name of an existing method, or defining a method named '$_clearField'.
  void clearRadios2ghzTxBytes() => $_clearField(114);
                                   ^^^^^^^^^^^^
lib/generated/spacex_api/device/wifi.pb.dart:15201:30: Error: 'UInt32Value' isn't a type.
  set radios2ghzTxPackets($4.UInt32Value value) => $_setField(115, value);
                             ^^^^^^^^^^^
lib/generated/spacex_api/device/wifi.pb.dart:15201:52: Error: The method '$_setField' isn't defined for the type 'starlink_router_hourly_metrics_v2'.
 - 'starlink_router_hourly_metrics_v2' is from 'package:starlink_isp_app/generated/spacex_api/device/wifi.pb.dart' ('lib/generated/spacex_api/device/wifi.pb.dart').
Try correcting the name to the name of an existing method, or defining a method named '$_setField'.
  set radios2ghzTxPackets($4.UInt32Value value) => $_setField(115, value);
                                                   ^^^^^^^^^^
lib/generated/spacex_api/device/wifi.pb.dart:15205:38: Error: The method '$_clearField' isn't defined for the type 'starlink_router_hourly_metrics_v2'.
 - 'starlink_router_hourly_metrics_v2' is from 'package:starlink_isp_app/generated/spacex_api/device/wifi.pb.dart' ('lib/generated/spacex_api/device/wifi.pb.dart').
Try correcting the name to the name of an existing method, or defining a method named '$_clearField'.
  void clearRadios2ghzTxPackets() => $_clearField(115);
                                     ^^^^^^^^^^^^
lib/generated/spacex_api/device/wifi.pb.dart:15212:29: Error: 'UInt32Value' isn't a type.
  set radios2ghzTxErrors($4.UInt32Value value) => $_setField(116, value);
                            ^^^^^^^^^^^
lib/generated/spacex_api/device/wifi.pb.dart:15212:51: Error: The method '$_setField' isn't defined for the type 'starlink_router_hourly_metrics_v2'.
 - 'starlink_router_hourly_metrics_v2' is from 'package:starlink_isp_app/generated/spacex_api/device/wifi.pb.dart' ('lib/generated/spacex_api/device/wifi.pb.dart').
Try correcting the name to the name of an existing method, or defining a method named '$_setField'.
  set radios2ghzTxErrors($4.UInt32Value value) => $_setField(116, value);
                                                  ^^^^^^^^^^
lib/generated/spacex_api/device/wifi.pb.dart:15216:37: Error: The method '$_clearField' isn't defined for the type 'starlink_router_hourly_metrics_v2'.
 - 'starlink_router_hourly_metrics_v2' is from 'package:starlink_isp_app/generated/spacex_api/device/wifi.pb.dart' ('lib/generated/spacex_api/device/wifi.pb.dart').
Try correcting the name to the name of an existing method, or defining a method named '$_clearField'.
  void clearRadios2ghzTxErrors() => $_clearField(116);
                                    ^^^^^^^^^^^^
lib/generated/spacex_api/device/wifi.pb.dart:15223:38: Error: 'FloatValue' isn't a type.
  set radios2ghzTxPacketErrorRate($4.FloatValue value) =>
                                     ^^^^^^^^^^
lib/generated/spacex_api/device/wifi.pb.dart:15224:7: Error: The method '$_setField' isn't defined for the type 'starlink_router_hourly_metrics_v2'.
 - 'starlink_router_hourly_metrics_v2' is from 'package:starlink_isp_app/generated/spacex_api/device/wifi.pb.dart' ('lib/generated/spacex_api/device/wifi.pb.dart').
Try correcting the name to the name of an existing method, or defining a method named '$_setField'.
      $_setField(117, value);
      ^^^^^^^^^^
lib/generated/spacex_api/device/wifi.pb.dart:15228:46: Error: The method '$_clearField' isn't defined for the type 'starlink_router_hourly_metrics_v2'.
 - 'starlink_router_hourly_metrics_v2' is from 'package:starlink_isp_app/generated/spacex_api/device/wifi.pb.dart' ('lib/generated/spacex_api/device/wifi.pb.dart').
Try correcting the name to the name of an existing method, or defining a method named '$_clearField'.
  void clearRadios2ghzTxPacketErrorRate() => $_clearField(117);
                                             ^^^^^^^^^^^^
lib/generated/spacex_api/device/wifi.pb.dart:15235:38: Error: 'FloatValue' isn't a type.
  set radios2ghzTxAirtimeFraction($4.FloatValue value) =>
                                     ^^^^^^^^^^
lib/generated/spacex_api/device/wifi.pb.dart:15236:7: Error: The method '$_setField' isn't defined for the type 'starlink_router_hourly_metrics_v2'.
 - 'starlink_router_hourly_metrics_v2' is from 'package:starlink_isp_app/generated/spacex_api/device/wifi.pb.dart' ('lib/generated/spacex_api/device/wifi.pb.dart').
Try correcting the name to the name of an existing method, or defining a method named '$_setField'.
      $_setField(118, value);
      ^^^^^^^^^^
lib/generated/spacex_api/device/wifi.pb.dart:15240:46: Error: The method '$_clearField' isn't defined for the type 'starlink_router_hourly_metrics_v2'.
 - 'starlink_router_hourly_metrics_v2' is from 'package:starlink_isp_app/generated/spacex_api/device/wifi.pb.dart' ('lib/generated/spacex_api/device/wifi.pb.dart').
Try correcting the name to the name of an existing method, or defining a method named '$_clearField'.
  void clearRadios2ghzTxAirtimeFraction() => $_clearField(118);
                                             ^^^^^^^^^^^^
lib/generated/spacex_api/device/wifi.pb.dart:15247:28: Error: 'UInt32Value' isn't a type.
  set radios5ghzChannel($4.UInt32Value value) => $_setField(119, value);
                           ^^^^^^^^^^^
lib/generated/spacex_api/device/wifi.pb.dart:15247:50: Error: The method '$_setField' isn't defined for the type 'starlink_router_hourly_metrics_v2'.
 - 'starlink_router_hourly_metrics_v2' is from 'package:starlink_isp_app/generated/spacex_api/device/wifi.pb.dart' ('lib/generated/spacex_api/device/wifi.pb.dart').
Try correcting the name to the name of an existing method, or defining a method named '$_setField'.
  set radios5ghzChannel($4.UInt32Value value) => $_setField(119, value);
                                                 ^^^^^^^^^^
lib/generated/spacex_api/device/wifi.pb.dart:15251:36: Error: The method '$_clearField' isn't defined for the type 'starlink_router_hourly_metrics_v2'.
 - 'starlink_router_hourly_metrics_v2' is from 'package:starlink_isp_app/generated/spacex_api/device/wifi.pb.dart' ('lib/generated/spacex_api/device/wifi.pb.dart').
Try correcting the name to the name of an existing method, or defining a method named '$_clearField'.
  void clearRadios5ghzChannel() => $_clearField(119);
                                   ^^^^^^^^^^^^
lib/generated/spacex_api/device/wifi.pb.dart:15258:33: Error: 'FloatValue' isn't a type.
  set radios5ghzAntenna1Rssi($4.FloatValue value) => $_setField(120, value);
                                ^^^^^^^^^^
lib/generated/spacex_api/device/wifi.pb.dart:15258:54: Error: The method '$_setField' isn't defined for the type 'starlink_router_hourly_metrics_v2'.
 - 'starlink_router_hourly_metrics_v2' is from 'package:starlink_isp_app/generated/spacex_api/device/wifi.pb.dart' ('lib/generated/spacex_api/device/wifi.pb.dart').
Try correcting the name to the name of an existing method, or defining a method named '$_setField'.
  set radios5ghzAntenna1Rssi($4.FloatValue value) => $_setField(120, value);
                                                     ^^^^^^^^^^
lib/generated/spacex_api/device/wifi.pb.dart:15262:41: Error: The method '$_clearField' isn't defined for the type 'starlink_router_hourly_metrics_v2'.
 - 'starlink_router_hourly_metrics_v2' is from 'package:starlink_isp_app/generated/spacex_api/device/wifi.pb.dart' ('lib/generated/spacex_api/device/wifi.pb.dart').
Try correcting the name to the name of an existing method, or defining a method named '$_clearField'.
  void clearRadios5ghzAntenna1Rssi() => $_clearField(120);
                                        ^^^^^^^^^^^^
lib/generated/spacex_api/device/wifi.pb.dart:15269:33: Error: 'FloatValue' isn't a type.
  set radios5ghzAntenna2Rssi($4.FloatValue value) => $_setField(121, value);
                                ^^^^^^^^^^
lib/generated/spacex_api/device/wifi.pb.dart:15269:54: Error: The method '$_setField' isn't defined for the type 'starlink_router_hourly_metrics_v2'.
 - 'starlink_router_hourly_metrics_v2' is from 'package:starlink_isp_app/generated/spacex_api/device/wifi.pb.dart' ('lib/generated/spacex_api/device/wifi.pb.dart').
Try correcting the name to the name of an existing method, or defining a method named '$_setField'.
  set radios5ghzAntenna2Rssi($4.FloatValue value) => $_setField(121, value);
                                                     ^^^^^^^^^^
lib/generated/spacex_api/device/wifi.pb.dart:15273:41: Error: The method '$_clearField' isn't defined for the type 'starlink_router_hourly_metrics_v2'.
 - 'starlink_router_hourly_metrics_v2' is from 'package:starlink_isp_app/generated/spacex_api/device/wifi.pb.dart' ('lib/generated/spacex_api/device/wifi.pb.dart').
Try correcting the name to the name of an existing method, or defining a method named '$_clearField'.
  void clearRadios5ghzAntenna2Rssi() => $_clearField(121);
                                        ^^^^^^^^^^^^
lib/generated/spacex_api/device/wifi.pb.dart:15280:33: Error: 'FloatValue' isn't a type.
  set radios5ghzAntenna3Rssi($4.FloatValue value) => $_setField(122, value);
                                ^^^^^^^^^^
lib/generated/spacex_api/device/wifi.pb.dart:15280:54: Error: The method '$_setField' isn't defined for the type 'starlink_router_hourly_metrics_v2'.
 - 'starlink_router_hourly_metrics_v2' is from 'package:starlink_isp_app/generated/spacex_api/device/wifi.pb.dart' ('lib/generated/spacex_api/device/wifi.pb.dart').
Try correcting the name to the name of an existing method, or defining a method named '$_setField'.
  set radios5ghzAntenna3Rssi($4.FloatValue value) => $_setField(122, value);
                                                     ^^^^^^^^^^
lib/generated/spacex_api/device/wifi.pb.dart:15284:41: Error: The method '$_clearField' isn't defined for the type 'starlink_router_hourly_metrics_v2'.
 - 'starlink_router_hourly_metrics_v2' is from 'package:starlink_isp_app/generated/spacex_api/device/wifi.pb.dart' ('lib/generated/spacex_api/device/wifi.pb.dart').
Try correcting the name to the name of an existing method, or defining a method named '$_clearField'.
  void clearRadios5ghzAntenna3Rssi() => $_clearField(122);
                                        ^^^^^^^^^^^^
lib/generated/spacex_api/device/wifi.pb.dart:15291:31: Error: 'UInt32Value' isn't a type.
  set radios5ghzIfaceCount($4.UInt32Value value) => $_setField(123, value);
                              ^^^^^^^^^^^
lib/generated/spacex_api/device/wifi.pb.dart:15291:53: Error: The method '$_setField' isn't defined for the type 'starlink_router_hourly_metrics_v2'.
 - 'starlink_router_hourly_metrics_v2' is from 'package:starlink_isp_app/generated/spacex_api/device/wifi.pb.dart' ('lib/generated/spacex_api/device/wifi.pb.dart').
Try correcting the name to the name of an existing method, or defining a method named '$_setField'.
  set radios5ghzIfaceCount($4.UInt32Value value) => $_setField(123, value);
                                                    ^^^^^^^^^^
lib/generated/spacex_api/device/wifi.pb.dart:15295:39: Error: The method '$_clearField' isn't defined for the type 'starlink_router_hourly_metrics_v2'.
 - 'starlink_router_hourly_metrics_v2' is from 'package:starlink_isp_app/generated/spacex_api/device/wifi.pb.dart' ('lib/generated/spacex_api/device/wifi.pb.dart').
Try correcting the name to the name of an existing method, or defining a method named '$_clearField'.
  void clearRadios5ghzIfaceCount() => $_clearField(123);
                                      ^^^^^^^^^^^^
lib/generated/spacex_api/device/wifi.pb.dart:15302:37: Error: 'FloatValue' isn't a type.
  set radios5ghzChanBusyFraction($4.FloatValue value) => $_setField(124, value);
                                    ^^^^^^^^^^
lib/generated/spacex_api/device/wifi.pb.dart:15302:58: Error: The method '$_setField' isn't defined for the type 'starlink_router_hourly_metrics_v2'.
 - 'starlink_router_hourly_metrics_v2' is from 'package:starlink_isp_app/generated/spacex_api/device/wifi.pb.dart' ('lib/generated/spacex_api/device/wifi.pb.dart').
Try correcting the name to the name of an existing method, or defining a method named '$_setField'.
  set radios5ghzChanBusyFraction($4.FloatValue value) => $_setField(124, value);
                                                         ^^^^^^^^^^
lib/generated/spacex_api/device/wifi.pb.dart:15306:45: Error: The method '$_clearField' isn't defined for the type 'starlink_router_hourly_metrics_v2'.
 - 'starlink_router_hourly_metrics_v2' is from 'package:starlink_isp_app/generated/spacex_api/device/wifi.pb.dart' ('lib/generated/spacex_api/device/wifi.pb.dart').
Try correcting the name to the name of an existing method, or defining a method named '$_clearField'.
  void clearRadios5ghzChanBusyFraction() => $_clearField(124);
                                            ^^^^^^^^^^^^
lib/generated/spacex_api/device/wifi.pb.dart:15313:34: Error: 'FloatValue' isn't a type.
  set radios5ghzEdccaFraction($4.FloatValue value) => $_setField(125, value);
                                 ^^^^^^^^^^
lib/generated/spacex_api/device/wifi.pb.dart:15313:55: Error: The method '$_setField' isn't defined for the type 'starlink_router_hourly_metrics_v2'.
 - 'starlink_router_hourly_metrics_v2' is from 'package:starlink_isp_app/generated/spacex_api/device/wifi.pb.dart' ('lib/generated/spacex_api/device/wifi.pb.dart').
Try correcting the name to the name of an existing method, or defining a method named '$_setField'.
  set radios5ghzEdccaFraction($4.FloatValue value) => $_setField(125, value);
                                                      ^^^^^^^^^^
lib/generated/spacex_api/device/wifi.pb.dart:15317:42: Error: The method '$_clearField' isn't defined for the type 'starlink_router_hourly_metrics_v2'.
 - 'starlink_router_hourly_metrics_v2' is from 'package:starlink_isp_app/generated/spacex_api/device/wifi.pb.dart' ('lib/generated/spacex_api/device/wifi.pb.dart').
Try correcting the name to the name of an existing method, or defining a method named '$_clearField'.
  void clearRadios5ghzEdccaFraction() => $_clearField(125);
                                         ^^^^^^^^^^^^
lib/generated/spacex_api/device/wifi.pb.dart:15324:43: Error: 'FloatValue' isn't a type.
  set radios5ghzOverlappingBssFraction($4.FloatValue value) =>
                                          ^^^^^^^^^^
lib/generated/spacex_api/device/wifi.pb.dart:15325:7: Error: The method '$_setField' isn't defined for the type 'starlink_router_hourly_metrics_v2'.
 - 'starlink_router_hourly_metrics_v2' is from 'package:starlink_isp_app/generated/spacex_api/device/wifi.pb.dart' ('lib/generated/spacex_api/device/wifi.pb.dart').
Try correcting the name to the name of an existing method, or defining a method named '$_setField'.
      $_setField(126, value);
      ^^^^^^^^^^
lib/generated/spacex_api/device/wifi.pb.dart:15329:51: Error: The method '$_clearField' isn't defined for the type 'starlink_router_hourly_metrics_v2'.
 - 'starlink_router_hourly_metrics_v2' is from 'package:starlink_isp_app/generated/spacex_api/device/wifi.pb.dart' ('lib/generated/spacex_api/device/wifi.pb.dart').
Try correcting the name to the name of an existing method, or defining a method named '$_clearField'.
  void clearRadios5ghzOverlappingBssFraction() => $_clearField(126);
                                                  ^^^^^^^^^^^^
lib/generated/spacex_api/device/wifi.pb.dart:15336:28: Error: 'UInt32Value' isn't a type.
  set radios5ghzRxBytes($4.UInt32Value value) => $_setField(127, value);
                           ^^^^^^^^^^^
lib/generated/spacex_api/device/wifi.pb.dart:15336:50: Error: The method '$_setField' isn't defined for the type 'starlink_router_hourly_metrics_v2'.
 - 'starlink_router_hourly_metrics_v2' is from 'package:starlink_isp_app/generated/spacex_api/device/wifi.pb.dart' ('lib/generated/spacex_api/device/wifi.pb.dart').
Try correcting the name to the name of an existing method, or defining a method named '$_setField'.
  set radios5ghzRxBytes($4.UInt32Value value) => $_setField(127, value);
                                                 ^^^^^^^^^^
lib/generated/spacex_api/device/wifi.pb.dart:15340:36: Error: The method '$_clearField' isn't defined for the type 'starlink_router_hourly_metrics_v2'.
 - 'starlink_router_hourly_metrics_v2' is from 'package:starlink_isp_app/generated/spacex_api/device/wifi.pb.dart' ('lib/generated/spacex_api/device/wifi.pb.dart').
Try correcting the name to the name of an existing method, or defining a method named '$_clearField'.
  void clearRadios5ghzRxBytes() => $_clearField(127);
                                   ^^^^^^^^^^^^
lib/generated/spacex_api/device/wifi.pb.dart:15347:30: Error: 'UInt32Value' isn't a type.
  set radios5ghzRxPackets($4.UInt32Value value) => $_setField(128, value);
                             ^^^^^^^^^^^
lib/generated/spacex_api/device/wifi.pb.dart:15347:52: Error: The method '$_setField' isn't defined for the type 'starlink_router_hourly_metrics_v2'.
 - 'starlink_router_hourly_metrics_v2' is from 'package:starlink_isp_app/generated/spacex_api/device/wifi.pb.dart' ('lib/generated/spacex_api/device/wifi.pb.dart').
Try correcting the name to the name of an existing method, or defining a method named '$_setField'.
  set radios5ghzRxPackets($4.UInt32Value value) => $_setField(128, value);
                                                   ^^^^^^^^^^
lib/generated/spacex_api/device/wifi.pb.dart:15351:38: Error: The method '$_clearField' isn't defined for the type 'starlink_router_hourly_metrics_v2'.
 - 'starlink_router_hourly_metrics_v2' is from 'package:starlink_isp_app/generated/spacex_api/device/wifi.pb.dart' ('lib/generated/spacex_api/device/wifi.pb.dart').
Try correcting the name to the name of an existing method, or defining a method named '$_clearField'.
  void clearRadios5ghzRxPackets() => $_clearField(128);
                                     ^^^^^^^^^^^^
lib/generated/spacex_api/device/wifi.pb.dart:15358:29: Error: 'UInt32Value' isn't a type.
  set radios5ghzRxErrors($4.UInt32Value value) => $_setField(129, value);
                            ^^^^^^^^^^^
lib/generated/spacex_api/device/wifi.pb.dart:15358:51: Error: The method '$_setField' isn't defined for the type 'starlink_router_hourly_metrics_v2'.
 - 'starlink_router_hourly_metrics_v2' is from 'package:starlink_isp_app/generated/spacex_api/device/wifi.pb.dart' ('lib/generated/spacex_api/device/wifi.pb.dart').
Try correcting the name to the name of an existing method, or defining a method named '$_setField'.
  set radios5ghzRxErrors($4.UInt32Value value) => $_setField(129, value);
                                                  ^^^^^^^^^^
lib/generated/spacex_api/device/wifi.pb.dart:15362:37: Error: The method '$_clearField' isn't defined for the type 'starlink_router_hourly_metrics_v2'.
 - 'starlink_router_hourly_metrics_v2' is from 'package:starlink_isp_app/generated/spacex_api/device/wifi.pb.dart' ('lib/generated/spacex_api/device/wifi.pb.dart').
Try correcting the name to the name of an existing method, or defining a method named '$_clearField'.
  void clearRadios5ghzRxErrors() => $_clearField(129);
                                    ^^^^^^^^^^^^
lib/generated/spacex_api/device/wifi.pb.dart:15369:34: Error: 'UInt32Value' isn't a type.
  set radios5ghzRxFrameErrors($4.UInt32Value value) => $_setField(130, value);
                                 ^^^^^^^^^^^
lib/generated/spacex_api/device/wifi.pb.dart:15369:56: Error: The method '$_setField' isn't defined for the type 'starlink_router_hourly_metrics_v2'.
 - 'starlink_router_hourly_metrics_v2' is from 'package:starlink_isp_app/generated/spacex_api/device/wifi.pb.dart' ('lib/generated/spacex_api/device/wifi.pb.dart').
Try correcting the name to the name of an existing method, or defining a method named '$_setField'.
  set radios5ghzRxFrameErrors($4.UInt32Value value) => $_setField(130, value);
                                                       ^^^^^^^^^^
lib/generated/spacex_api/device/wifi.pb.dart:15373:42: Error: The method '$_clearField' isn't defined for the type 'starlink_router_hourly_metrics_v2'.
 - 'starlink_router_hourly_metrics_v2' is from 'package:starlink_isp_app/generated/spacex_api/device/wifi.pb.dart' ('lib/generated/spacex_api/device/wifi.pb.dart').
Try correcting the name to the name of an existing method, or defining a method named '$_clearField'.
  void clearRadios5ghzRxFrameErrors() => $_clearField(130);
                                         ^^^^^^^^^^^^
lib/generated/spacex_api/device/wifi.pb.dart:15380:38: Error: 'FloatValue' isn't a type.
  set radios5ghzRxPacketErrorRate($4.FloatValue value) =>
                                     ^^^^^^^^^^
lib/generated/spacex_api/device/wifi.pb.dart:15381:7: Error: The method '$_setField' isn't defined for the type 'starlink_router_hourly_metrics_v2'.
 - 'starlink_router_hourly_metrics_v2' is from 'package:starlink_isp_app/generated/spacex_api/device/wifi.pb.dart' ('lib/generated/spacex_api/device/wifi.pb.dart').
Try correcting the name to the name of an existing method, or defining a method named '$_setField'.
      $_setField(131, value);
      ^^^^^^^^^^
lib/generated/spacex_api/device/wifi.pb.dart:15385:46: Error: The method '$_clearField' isn't defined for the type 'starlink_router_hourly_metrics_v2'.
 - 'starlink_router_hourly_metrics_v2' is from 'package:starlink_isp_app/generated/spacex_api/device/wifi.pb.dart' ('lib/generated/spacex_api/device/wifi.pb.dart').
Try correcting the name to the name of an existing method, or defining a method named '$_clearField'.
  void clearRadios5ghzRxPacketErrorRate() => $_clearField(131);
                                             ^^^^^^^^^^^^
lib/generated/spacex_api/device/wifi.pb.dart:15392:38: Error: 'FloatValue' isn't a type.
  set radios5ghzRxAirtimeFraction($4.FloatValue value) =>
                                     ^^^^^^^^^^
lib/generated/spacex_api/device/wifi.pb.dart:15393:7: Error: The method '$_setField' isn't defined for the type 'starlink_router_hourly_metrics_v2'.
 - 'starlink_router_hourly_metrics_v2' is from 'package:starlink_isp_app/generated/spacex_api/device/wifi.pb.dart' ('lib/generated/spacex_api/device/wifi.pb.dart').
Try correcting the name to the name of an existing method, or defining a method named '$_setField'.
      $_setField(132, value);
      ^^^^^^^^^^
lib/generated/spacex_api/device/wifi.pb.dart:15397:46: Error: The method '$_clearField' isn't defined for the type 'starlink_router_hourly_metrics_v2'.
 - 'starlink_router_hourly_metrics_v2' is from 'package:starlink_isp_app/generated/spacex_api/device/wifi.pb.dart' ('lib/generated/spacex_api/device/wifi.pb.dart').
Try correcting the name to the name of an existing method, or defining a method named '$_clearField'.
  void clearRadios5ghzRxAirtimeFraction() => $_clearField(132);
                                             ^^^^^^^^^^^^
lib/generated/spacex_api/device/wifi.pb.dart:15404:28: Error: 'UInt32Value' isn't a type.
  set radios5ghzTxBytes($4.UInt32Value value) => $_setField(133, value);
                           ^^^^^^^^^^^
lib/generated/spacex_api/device/wifi.pb.dart:15404:50: Error: The method '$_setField' isn't defined for the type 'starlink_router_hourly_metrics_v2'.
 - 'starlink_router_hourly_metrics_v2' is from 'package:starlink_isp_app/generated/spacex_api/device/wifi.pb.dart' ('lib/generated/spacex_api/device/wifi.pb.dart').
Try correcting the name to the name of an existing method, or defining a method named '$_setField'.
  set radios5ghzTxBytes($4.UInt32Value value) => $_setField(133, value);
                                                 ^^^^^^^^^^
lib/generated/spacex_api/device/wifi.pb.dart:15408:36: Error: The method '$_clearField' isn't defined for the type 'starlink_router_hourly_metrics_v2'.
 - 'starlink_router_hourly_metrics_v2' is from 'package:starlink_isp_app/generated/spacex_api/device/wifi.pb.dart' ('lib/generated/spacex_api/device/wifi.pb.dart').
Try correcting the name to the name of an existing method, or defining a method named '$_clearField'.
  void clearRadios5ghzTxBytes() => $_clearField(133);
                                   ^^^^^^^^^^^^
lib/generated/spacex_api/device/wifi.pb.dart:15415:30: Error: 'UInt32Value' isn't a type.
  set radios5ghzTxPackets($4.UInt32Value value) => $_setField(134, value);
                             ^^^^^^^^^^^
lib/generated/spacex_api/device/wifi.pb.dart:15415:52: Error: The method '$_setField' isn't defined for the type 'starlink_router_hourly_metrics_v2'.
 - 'starlink_router_hourly_metrics_v2' is from 'package:starlink_isp_app/generated/spacex_api/device/wifi.pb.dart' ('lib/generated/spacex_api/device/wifi.pb.dart').
Try correcting the name to the name of an existing method, or defining a method named '$_setField'.
  set radios5ghzTxPackets($4.UInt32Value value) => $_setField(134, value);
                                                   ^^^^^^^^^^
lib/generated/spacex_api/device/wifi.pb.dart:15419:38: Error: The method '$_clearField' isn't defined for the type 'starlink_router_hourly_metrics_v2'.
 - 'starlink_router_hourly_metrics_v2' is from 'package:starlink_isp_app/generated/spacex_api/device/wifi.pb.dart' ('lib/generated/spacex_api/device/wifi.pb.dart').
Try correcting the name to the name of an existing method, or defining a method named '$_clearField'.
  void clearRadios5ghzTxPackets() => $_clearField(134);
                                     ^^^^^^^^^^^^
lib/generated/spacex_api/device/wifi.pb.dart:15426:29: Error: 'UInt32Value' isn't a type.
  set radios5ghzTxErrors($4.UInt32Value value) => $_setField(135, value);
                            ^^^^^^^^^^^
lib/generated/spacex_api/device/wifi.pb.dart:15426:51: Error: The method '$_setField' isn't defined for the type 'starlink_router_hourly_metrics_v2'.
 - 'starlink_router_hourly_metrics_v2' is from 'package:starlink_isp_app/generated/spacex_api/device/wifi.pb.dart' ('lib/generated/spacex_api/device/wifi.pb.dart').
Try correcting the name to the name of an existing method, or defining a method named '$_setField'.
  set radios5ghzTxErrors($4.UInt32Value value) => $_setField(135, value);
                                                  ^^^^^^^^^^
lib/generated/spacex_api/device/wifi.pb.dart:15430:37: Error: The method '$_clearField' isn't defined for the type 'starlink_router_hourly_metrics_v2'.
 - 'starlink_router_hourly_metrics_v2' is from 'package:starlink_isp_app/generated/spacex_api/device/wifi.pb.dart' ('lib/generated/spacex_api/device/wifi.pb.dart').
Try correcting the name to the name of an existing method, or defining a method named '$_clearField'.
  void clearRadios5ghzTxErrors() => $_clearField(135);
                                    ^^^^^^^^^^^^
lib/generated/spacex_api/device/wifi.pb.dart:15437:38: Error: 'FloatValue' isn't a type.
  set radios5ghzTxPacketErrorRate($4.FloatValue value) =>
                                     ^^^^^^^^^^
lib/generated/spacex_api/device/wifi.pb.dart:15438:7: Error: The method '$_setField' isn't defined for the type 'starlink_router_hourly_metrics_v2'.
 - 'starlink_router_hourly_metrics_v2' is from 'package:starlink_isp_app/generated/spacex_api/device/wifi.pb.dart' ('lib/generated/spacex_api/device/wifi.pb.dart').
Try correcting the name to the name of an existing method, or defining a method named '$_setField'.
      $_setField(136, value);
      ^^^^^^^^^^
lib/generated/spacex_api/device/wifi.pb.dart:15442:46: Error: The method '$_clearField' isn't defined for the type 'starlink_router_hourly_metrics_v2'.
 - 'starlink_router_hourly_metrics_v2' is from 'package:starlink_isp_app/generated/spacex_api/device/wifi.pb.dart' ('lib/generated/spacex_api/device/wifi.pb.dart').
Try correcting the name to the name of an existing method, or defining a method named '$_clearField'.
  void clearRadios5ghzTxPacketErrorRate() => $_clearField(136);
                                             ^^^^^^^^^^^^
lib/generated/spacex_api/device/wifi.pb.dart:15449:38: Error: 'FloatValue' isn't a type.
  set radios5ghzTxAirtimeFraction($4.FloatValue value) =>
                                     ^^^^^^^^^^
lib/generated/spacex_api/device/wifi.pb.dart:15450:7: Error: The method '$_setField' isn't defined for the type 'starlink_router_hourly_metrics_v2'.
 - 'starlink_router_hourly_metrics_v2' is from 'package:starlink_isp_app/generated/spacex_api/device/wifi.pb.dart' ('lib/generated/spacex_api/device/wifi.pb.dart').
Try correcting the name to the name of an existing method, or defining a method named '$_setField'.
      $_setField(137, value);
      ^^^^^^^^^^
lib/generated/spacex_api/device/wifi.pb.dart:15454:46: Error: The method '$_clearField' isn't defined for the type 'starlink_router_hourly_metrics_v2'.
 - 'starlink_router_hourly_metrics_v2' is from 'package:starlink_isp_app/generated/spacex_api/device/wifi.pb.dart' ('lib/generated/spacex_api/device/wifi.pb.dart').
Try correcting the name to the name of an existing method, or defining a method named '$_clearField'.
  void clearRadios5ghzTxAirtimeFraction() => $_clearField(137);
                                             ^^^^^^^^^^^^
lib/generated/spacex_api/device/wifi.pb.dart:15461:32: Error: 'FloatValue' isn't a type.
  set radios2ghzThermalTemp($4.FloatValue value) => $_setField(200, value);
                               ^^^^^^^^^^
lib/generated/spacex_api/device/wifi.pb.dart:15461:53: Error: The method '$_setField' isn't defined for the type 'starlink_router_hourly_metrics_v2'.
 - 'starlink_router_hourly_metrics_v2' is from 'package:starlink_isp_app/generated/spacex_api/device/wifi.pb.dart' ('lib/generated/spacex_api/device/wifi.pb.dart').
Try correcting the name to the name of an existing method, or defining a method named '$_setField'.
  set radios2ghzThermalTemp($4.FloatValue value) => $_setField(200, value);
                                                    ^^^^^^^^^^
lib/generated/spacex_api/device/wifi.pb.dart:15465:40: Error: The method '$_clearField' isn't defined for the type 'starlink_router_hourly_metrics_v2'.
 - 'starlink_router_hourly_metrics_v2' is from 'package:starlink_isp_app/generated/spacex_api/device/wifi.pb.dart' ('lib/generated/spacex_api/device/wifi.pb.dart').
Try correcting the name to the name of an existing method, or defining a method named '$_clearField'.
  void clearRadios2ghzThermalTemp() => $_clearField(200);
                                       ^^^^^^^^^^^^
lib/generated/spacex_api/device/wifi.pb.dart:15472:32: Error: 'FloatValue' isn't a type.
  set radios5ghzThermalTemp($4.FloatValue value) => $_setField(201, value);
                               ^^^^^^^^^^
lib/generated/spacex_api/device/wifi.pb.dart:15472:53: Error: The method '$_setField' isn't defined for the type 'starlink_router_hourly_metrics_v2'.
 - 'starlink_router_hourly_metrics_v2' is from 'package:starlink_isp_app/generated/spacex_api/device/wifi.pb.dart' ('lib/generated/spacex_api/device/wifi.pb.dart').
Try correcting the name to the name of an existing method, or defining a method named '$_setField'.
  set radios5ghzThermalTemp($4.FloatValue value) => $_setField(201, value);
                                                    ^^^^^^^^^^
lib/generated/spacex_api/device/wifi.pb.dart:15476:40: Error: The method '$_clearField' isn't defined for the type 'starlink_router_hourly_metrics_v2'.
 - 'starlink_router_hourly_metrics_v2' is from 'package:starlink_isp_app/generated/spacex_api/device/wifi.pb.dart' ('lib/generated/spacex_api/device/wifi.pb.dart').
Try correcting the name to the name of an existing method, or defining a method named '$_clearField'.
  void clearRadios5ghzThermalTemp() => $_clearField(201);
                                       ^^^^^^^^^^^^
lib/generated/spacex_api/device/wifi.pb.dart:15483:37: Error: 'FloatValue' isn't a type.
  set radios2ghzThermalDutyCycle($4.FloatValue value) => $_setField(202, value);
                                    ^^^^^^^^^^
lib/generated/spacex_api/device/wifi.pb.dart:15483:58: Error: The method '$_setField' isn't defined for the type 'starlink_router_hourly_metrics_v2'.
 - 'starlink_router_hourly_metrics_v2' is from 'package:starlink_isp_app/generated/spacex_api/device/wifi.pb.dart' ('lib/generated/spacex_api/device/wifi.pb.dart').
Try correcting the name to the name of an existing method, or defining a method named '$_setField'.
  set radios2ghzThermalDutyCycle($4.FloatValue value) => $_setField(202, value);
                                                         ^^^^^^^^^^
lib/generated/spacex_api/device/wifi.pb.dart:15487:45: Error: The method '$_clearField' isn't defined for the type 'starlink_router_hourly_metrics_v2'.
 - 'starlink_router_hourly_metrics_v2' is from 'package:starlink_isp_app/generated/spacex_api/device/wifi.pb.dart' ('lib/generated/spacex_api/device/wifi.pb.dart').
Try correcting the name to the name of an existing method, or defining a method named '$_clearField'.
  void clearRadios2ghzThermalDutyCycle() => $_clearField(202);
                                            ^^^^^^^^^^^^
lib/generated/spacex_api/device/wifi.pb.dart:15494:37: Error: 'FloatValue' isn't a type.
  set radios5ghzThermalDutyCycle($4.FloatValue value) => $_setField(203, value);
                                    ^^^^^^^^^^
lib/generated/spacex_api/device/wifi.pb.dart:15494:58: Error: The method '$_setField' isn't defined for the type 'starlink_router_hourly_metrics_v2'.
 - 'starlink_router_hourly_metrics_v2' is from 'package:starlink_isp_app/generated/spacex_api/device/wifi.pb.dart' ('lib/generated/spacex_api/device/wifi.pb.dart').
Try correcting the name to the name of an existing method, or defining a method named '$_setField'.
  set radios5ghzThermalDutyCycle($4.FloatValue value) => $_setField(203, value);
                                                         ^^^^^^^^^^
lib/generated/spacex_api/device/wifi.pb.dart:15498:45: Error: The method '$_clearField' isn't defined for the type 'starlink_router_hourly_metrics_v2'.
 - 'starlink_router_hourly_metrics_v2' is from 'package:starlink_isp_app/generated/spacex_api/device/wifi.pb.dart' ('lib/generated/spacex_api/device/wifi.pb.dart').
Try correcting the name to the name of an existing method, or defining a method named '$_clearField'.
  void clearRadios5ghzThermalDutyCycle() => $_clearField(203);
                                            ^^^^^^^^^^^^
lib/generated/spacex_api/device/wifi.pb.dart:15505:44: Error: 'UInt32Value' isn't a type.
  set radios2ghzThermalThrottledSeconds($4.UInt32Value value) =>
                                           ^^^^^^^^^^^
lib/generated/spacex_api/device/wifi.pb.dart:15506:7: Error: The method '$_setField' isn't defined for the type 'starlink_router_hourly_metrics_v2'.
 - 'starlink_router_hourly_metrics_v2' is from 'package:starlink_isp_app/generated/spacex_api/device/wifi.pb.dart' ('lib/generated/spacex_api/device/wifi.pb.dart').
Try correcting the name to the name of an existing method, or defining a method named '$_setField'.
      $_setField(204, value);
      ^^^^^^^^^^
lib/generated/spacex_api/device/wifi.pb.dart:15510:52: Error: The method '$_clearField' isn't defined for the type 'starlink_router_hourly_metrics_v2'.
 - 'starlink_router_hourly_metrics_v2' is from 'package:starlink_isp_app/generated/spacex_api/device/wifi.pb.dart' ('lib/generated/spacex_api/device/wifi.pb.dart').
Try correcting the name to the name of an existing method, or defining a method named '$_clearField'.
  void clearRadios2ghzThermalThrottledSeconds() => $_clearField(204);
                                                   ^^^^^^^^^^^^
lib/generated/spacex_api/device/wifi.pb.dart:15517:44: Error: 'UInt32Value' isn't a type.
  set radios5ghzThermalThrottledSeconds($4.UInt32Value value) =>
                                           ^^^^^^^^^^^
lib/generated/spacex_api/device/wifi.pb.dart:15518:7: Error: The method '$_setField' isn't defined for the type 'starlink_router_hourly_metrics_v2'.
 - 'starlink_router_hourly_metrics_v2' is from 'package:starlink_isp_app/generated/spacex_api/device/wifi.pb.dart' ('lib/generated/spacex_api/device/wifi.pb.dart').
Try correcting the name to the name of an existing method, or defining a method named '$_setField'.
      $_setField(205, value);
      ^^^^^^^^^^
lib/generated/spacex_api/device/wifi.pb.dart:15522:52: Error: The method '$_clearField' isn't defined for the type 'starlink_router_hourly_metrics_v2'.
 - 'starlink_router_hourly_metrics_v2' is from 'package:starlink_isp_app/generated/spacex_api/device/wifi.pb.dart' ('lib/generated/spacex_api/device/wifi.pb.dart').
Try correcting the name to the name of an existing method, or defining a method named '$_clearField'.
  void clearRadios5ghzThermalThrottledSeconds() => $_clearField(205);
                                                   ^^^^^^^^^^^^
lib/generated/spacex_api/device/wifi.pb.dart:15529:30: Error: 'UInt32Value' isn't a type.
  set ifacesLanEthRxBytes($4.UInt32Value value) => $_setField(300, value);
                             ^^^^^^^^^^^
lib/generated/spacex_api/device/wifi.pb.dart:15529:52: Error: The method '$_setField' isn't defined for the type 'starlink_router_hourly_metrics_v2'.
 - 'starlink_router_hourly_metrics_v2' is from 'package:starlink_isp_app/generated/spacex_api/device/wifi.pb.dart' ('lib/generated/spacex_api/device/wifi.pb.dart').
Try correcting the name to the name of an existing method, or defining a method named '$_setField'.
  set ifacesLanEthRxBytes($4.UInt32Value value) => $_setField(300, value);
                                                   ^^^^^^^^^^
lib/generated/spacex_api/device/wifi.pb.dart:15533:38: Error: The method '$_clearField' isn't defined for the type 'starlink_router_hourly_metrics_v2'.
 - 'starlink_router_hourly_metrics_v2' is from 'package:starlink_isp_app/generated/spacex_api/device/wifi.pb.dart' ('lib/generated/spacex_api/device/wifi.pb.dart').
Try correcting the name to the name of an existing method, or defining a method named '$_clearField'.
  void clearIfacesLanEthRxBytes() => $_clearField(300);
                                     ^^^^^^^^^^^^
lib/generated/spacex_api/device/wifi.pb.dart:15540:32: Error: 'UInt32Value' isn't a type.
  set ifacesLanEthRxPackets($4.UInt32Value value) => $_setField(301, value);
                               ^^^^^^^^^^^
lib/generated/spacex_api/device/wifi.pb.dart:15540:54: Error: The method '$_setField' isn't defined for the type 'starlink_router_hourly_metrics_v2'.
 - 'starlink_router_hourly_metrics_v2' is from 'package:starlink_isp_app/generated/spacex_api/device/wifi.pb.dart' ('lib/generated/spacex_api/device/wifi.pb.dart').
Try correcting the name to the name of an existing method, or defining a method named '$_setField'.
  set ifacesLanEthRxPackets($4.UInt32Value value) => $_setField(301, value);
                                                     ^^^^^^^^^^
lib/generated/spacex_api/device/wifi.pb.dart:15544:40: Error: The method '$_clearField' isn't defined for the type 'starlink_router_hourly_metrics_v2'.
 - 'starlink_router_hourly_metrics_v2' is from 'package:starlink_isp_app/generated/spacex_api/device/wifi.pb.dart' ('lib/generated/spacex_api/device/wifi.pb.dart').
Try correcting the name to the name of an existing method, or defining a method named '$_clearField'.
  void clearIfacesLanEthRxPackets() => $_clearField(301);
                                       ^^^^^^^^^^^^
lib/generated/spacex_api/device/wifi.pb.dart:15551:31: Error: 'UInt32Value' isn't a type.
  set ifacesLanEthRxErrors($4.UInt32Value value) => $_setField(302, value);
                              ^^^^^^^^^^^
lib/generated/spacex_api/device/wifi.pb.dart:15551:53: Error: The method '$_setField' isn't defined for the type 'starlink_router_hourly_metrics_v2'.
 - 'starlink_router_hourly_metrics_v2' is from 'package:starlink_isp_app/generated/spacex_api/device/wifi.pb.dart' ('lib/generated/spacex_api/device/wifi.pb.dart').
Try correcting the name to the name of an existing method, or defining a method named '$_setField'.
  set ifacesLanEthRxErrors($4.UInt32Value value) => $_setField(302, value);
                                                    ^^^^^^^^^^
lib/generated/spacex_api/device/wifi.pb.dart:15555:39: Error: The method '$_clearField' isn't defined for the type 'starlink_router_hourly_metrics_v2'.
 - 'starlink_router_hourly_metrics_v2' is from 'package:starlink_isp_app/generated/spacex_api/device/wifi.pb.dart' ('lib/generated/spacex_api/device/wifi.pb.dart').
Try correcting the name to the name of an existing method, or defining a method named '$_clearField'.
  void clearIfacesLanEthRxErrors() => $_clearField(302);
                                      ^^^^^^^^^^^^
lib/generated/spacex_api/device/wifi.pb.dart:15562:36: Error: 'UInt32Value' isn't a type.
  set ifacesLanEthRxFrameErrors($4.UInt32Value value) => $_setField(303, value);
                                   ^^^^^^^^^^^
lib/generated/spacex_api/device/wifi.pb.dart:15562:58: Error: The method '$_setField' isn't defined for the type 'starlink_router_hourly_metrics_v2'.
 - 'starlink_router_hourly_metrics_v2' is from 'package:starlink_isp_app/generated/spacex_api/device/wifi.pb.dart' ('lib/generated/spacex_api/device/wifi.pb.dart').
Try correcting the name to the name of an existing method, or defining a method named '$_setField'.
  set ifacesLanEthRxFrameErrors($4.UInt32Value value) => $_setField(303, value);
                                                         ^^^^^^^^^^
lib/generated/spacex_api/device/wifi.pb.dart:15566:44: Error: The method '$_clearField' isn't defined for the type 'starlink_router_hourly_metrics_v2'.
 - 'starlink_router_hourly_metrics_v2' is from 'package:starlink_isp_app/generated/spacex_api/device/wifi.pb.dart' ('lib/generated/spacex_api/device/wifi.pb.dart').
Try correcting the name to the name of an existing method, or defining a method named '$_clearField'.
  void clearIfacesLanEthRxFrameErrors() => $_clearField(303);
                                           ^^^^^^^^^^^^
lib/generated/spacex_api/device/wifi.pb.dart:15573:30: Error: 'UInt32Value' isn't a type.
  set ifacesLanEthTxBytes($4.UInt32Value value) => $_setField(304, value);
                             ^^^^^^^^^^^
lib/generated/spacex_api/device/wifi.pb.dart:15573:52: Error: The method '$_setField' isn't defined for the type 'starlink_router_hourly_metrics_v2'.
 - 'starlink_router_hourly_metrics_v2' is from 'package:starlink_isp_app/generated/spacex_api/device/wifi.pb.dart' ('lib/generated/spacex_api/device/wifi.pb.dart').
Try correcting the name to the name of an existing method, or defining a method named '$_setField'.
  set ifacesLanEthTxBytes($4.UInt32Value value) => $_setField(304, value);
                                                   ^^^^^^^^^^
lib/generated/spacex_api/device/wifi.pb.dart:15577:38: Error: The method '$_clearField' isn't defined for the type 'starlink_router_hourly_metrics_v2'.
 - 'starlink_router_hourly_metrics_v2' is from 'package:starlink_isp_app/generated/spacex_api/device/wifi.pb.dart' ('lib/generated/spacex_api/device/wifi.pb.dart').
Try correcting the name to the name of an existing method, or defining a method named '$_clearField'.
  void clearIfacesLanEthTxBytes() => $_clearField(304);
                                     ^^^^^^^^^^^^
lib/generated/spacex_api/device/wifi.pb.dart:15584:32: Error: 'UInt32Value' isn't a type.
  set ifacesLanEthTxPackets($4.UInt32Value value) => $_setField(305, value);
                               ^^^^^^^^^^^
lib/generated/spacex_api/device/wifi.pb.dart:15584:54: Error: The method '$_setField' isn't defined for the type 'starlink_router_hourly_metrics_v2'.
 - 'starlink_router_hourly_metrics_v2' is from 'package:starlink_isp_app/generated/spacex_api/device/wifi.pb.dart' ('lib/generated/spacex_api/device/wifi.pb.dart').
Try correcting the name to the name of an existing method, or defining a method named '$_setField'.
  set ifacesLanEthTxPackets($4.UInt32Value value) => $_setField(305, value);
                                                     ^^^^^^^^^^
lib/generated/spacex_api/device/wifi.pb.dart:15588:40: Error: The method '$_clearField' isn't defined for the type 'starlink_router_hourly_metrics_v2'.
 - 'starlink_router_hourly_metrics_v2' is from 'package:starlink_isp_app/generated/spacex_api/device/wifi.pb.dart' ('lib/generated/spacex_api/device/wifi.pb.dart').
Try correcting the name to the name of an existing method, or defining a method named '$_clearField'.
  void clearIfacesLanEthTxPackets() => $_clearField(305);
                                       ^^^^^^^^^^^^
lib/generated/spacex_api/device/wifi.pb.dart:15595:31: Error: 'UInt32Value' isn't a type.
  set ifacesLanEthTxErrors($4.UInt32Value value) => $_setField(306, value);
                              ^^^^^^^^^^^
lib/generated/spacex_api/device/wifi.pb.dart:15595:53: Error: The method '$_setField' isn't defined for the type 'starlink_router_hourly_metrics_v2'.
 - 'starlink_router_hourly_metrics_v2' is from 'package:starlink_isp_app/generated/spacex_api/device/wifi.pb.dart' ('lib/generated/spacex_api/device/wifi.pb.dart').
Try correcting the name to the name of an existing method, or defining a method named '$_setField'.
  set ifacesLanEthTxErrors($4.UInt32Value value) => $_setField(306, value);
                                                    ^^^^^^^^^^
lib/generated/spacex_api/device/wifi.pb.dart:15599:39: Error: The method '$_clearField' isn't defined for the type 'starlink_router_hourly_metrics_v2'.
 - 'starlink_router_hourly_metrics_v2' is from 'package:starlink_isp_app/generated/spacex_api/device/wifi.pb.dart' ('lib/generated/spacex_api/device/wifi.pb.dart').
Try correcting the name to the name of an existing method, or defining a method named '$_clearField'.
  void clearIfacesLanEthTxErrors() => $_clearField(306);
                                      ^^^^^^^^^^^^
lib/generated/spacex_api/device/wifi.pb.dart:15606:30: Error: 'UInt32Value' isn't a type.
  set ifacesWanEthRxBytes($4.UInt32Value value) => $_setField(307, value);
                             ^^^^^^^^^^^
lib/generated/spacex_api/device/wifi.pb.dart:15606:52: Error: The method '$_setField' isn't defined for the type 'starlink_router_hourly_metrics_v2'.
 - 'starlink_router_hourly_metrics_v2' is from 'package:starlink_isp_app/generated/spacex_api/device/wifi.pb.dart' ('lib/generated/spacex_api/device/wifi.pb.dart').
Try correcting the name to the name of an existing method, or defining a method named '$_setField'.
  set ifacesWanEthRxBytes($4.UInt32Value value) => $_setField(307, value);
                                                   ^^^^^^^^^^
lib/generated/spacex_api/device/wifi.pb.dart:15610:38: Error: The method '$_clearField' isn't defined for the type 'starlink_router_hourly_metrics_v2'.
 - 'starlink_router_hourly_metrics_v2' is from 'package:starlink_isp_app/generated/spacex_api/device/wifi.pb.dart' ('lib/generated/spacex_api/device/wifi.pb.dart').
Try correcting the name to the name of an existing method, or defining a method named '$_clearField'.
  void clearIfacesWanEthRxBytes() => $_clearField(307);
                                     ^^^^^^^^^^^^
lib/generated/spacex_api/device/wifi.pb.dart:15617:32: Error: 'UInt32Value' isn't a type.
  set ifacesWanEthRxPackets($4.UInt32Value value) => $_setField(308, value);
                               ^^^^^^^^^^^
lib/generated/spacex_api/device/wifi.pb.dart:15617:54: Error: The method '$_setField' isn't defined for the type 'starlink_router_hourly_metrics_v2'.
 - 'starlink_router_hourly_metrics_v2' is from 'package:starlink_isp_app/generated/spacex_api/device/wifi.pb.dart' ('lib/generated/spacex_api/device/wifi.pb.dart').
Try correcting the name to the name of an existing method, or defining a method named '$_setField'.
  set ifacesWanEthRxPackets($4.UInt32Value value) => $_setField(308, value);
                                                     ^^^^^^^^^^
lib/generated/spacex_api/device/wifi.pb.dart:15621:40: Error: The method '$_clearField' isn't defined for the type 'starlink_router_hourly_metrics_v2'.
 - 'starlink_router_hourly_metrics_v2' is from 'package:starlink_isp_app/generated/spacex_api/device/wifi.pb.dart' ('lib/generated/spacex_api/device/wifi.pb.dart').
Try correcting the name to the name of an existing method, or defining a method named '$_clearField'.
  void clearIfacesWanEthRxPackets() => $_clearField(308);
                                       ^^^^^^^^^^^^
lib/generated/spacex_api/device/wifi.pb.dart:15628:31: Error: 'UInt32Value' isn't a type.
  set ifacesWanEthRxErrors($4.UInt32Value value) => $_setField(309, value);
                              ^^^^^^^^^^^
lib/generated/spacex_api/device/wifi.pb.dart:15628:53: Error: The method '$_setField' isn't defined for the type 'starlink_router_hourly_metrics_v2'.
 - 'starlink_router_hourly_metrics_v2' is from 'package:starlink_isp_app/generated/spacex_api/device/wifi.pb.dart' ('lib/generated/spacex_api/device/wifi.pb.dart').
Try correcting the name to the name of an existing method, or defining a method named '$_setField'.
  set ifacesWanEthRxErrors($4.UInt32Value value) => $_setField(309, value);
                                                    ^^^^^^^^^^
lib/generated/spacex_api/device/wifi.pb.dart:15632:39: Error: The method '$_clearField' isn't defined for the type 'starlink_router_hourly_metrics_v2'.
 - 'starlink_router_hourly_metrics_v2' is from 'package:starlink_isp_app/generated/spacex_api/device/wifi.pb.dart' ('lib/generated/spacex_api/device/wifi.pb.dart').
Try correcting the name to the name of an existing method, or defining a method named '$_clearField'.
  void clearIfacesWanEthRxErrors() => $_clearField(309);
                                      ^^^^^^^^^^^^
lib/generated/spacex_api/device/wifi.pb.dart:15639:36: Error: 'UInt32Value' isn't a type.
  set ifacesWanEthRxFrameErrors($4.UInt32Value value) => $_setField(310, value);
                                   ^^^^^^^^^^^
lib/generated/spacex_api/device/wifi.pb.dart:15639:58: Error: The method '$_setField' isn't defined for the type 'starlink_router_hourly_metrics_v2'.
 - 'starlink_router_hourly_metrics_v2' is from 'package:starlink_isp_app/generated/spacex_api/device/wifi.pb.dart' ('lib/generated/spacex_api/device/wifi.pb.dart').
Try correcting the name to the name of an existing method, or defining a method named '$_setField'.
  set ifacesWanEthRxFrameErrors($4.UInt32Value value) => $_setField(310, value);
                                                         ^^^^^^^^^^
lib/generated/spacex_api/device/wifi.pb.dart:15643:44: Error: The method '$_clearField' isn't defined for the type 'starlink_router_hourly_metrics_v2'.
 - 'starlink_router_hourly_metrics_v2' is from 'package:starlink_isp_app/generated/spacex_api/device/wifi.pb.dart' ('lib/generated/spacex_api/device/wifi.pb.dart').
Try correcting the name to the name of an existing method, or defining a method named '$_clearField'.
  void clearIfacesWanEthRxFrameErrors() => $_clearField(310);
                                           ^^^^^^^^^^^^
lib/generated/spacex_api/device/wifi.pb.dart:15650:30: Error: 'UInt32Value' isn't a type.
  set ifacesWanEthTxBytes($4.UInt32Value value) => $_setField(311, value);
                             ^^^^^^^^^^^
lib/generated/spacex_api/device/wifi.pb.dart:15650:52: Error: The method '$_setField' isn't defined for the type 'starlink_router_hourly_metrics_v2'.
 - 'starlink_router_hourly_metrics_v2' is from 'package:starlink_isp_app/generated/spacex_api/device/wifi.pb.dart' ('lib/generated/spacex_api/device/wifi.pb.dart').
Try correcting the name to the name of an existing method, or defining a method named '$_setField'.
  set ifacesWanEthTxBytes($4.UInt32Value value) => $_setField(311, value);
                                                   ^^^^^^^^^^
lib/generated/spacex_api/device/wifi.pb.dart:15654:38: Error: The method '$_clearField' isn't defined for the type 'starlink_router_hourly_metrics_v2'.
 - 'starlink_router_hourly_metrics_v2' is from 'package:starlink_isp_app/generated/spacex_api/device/wifi.pb.dart' ('lib/generated/spacex_api/device/wifi.pb.dart').
Try correcting the name to the name of an existing method, or defining a method named '$_clearField'.
  void clearIfacesWanEthTxBytes() => $_clearField(311);
                                     ^^^^^^^^^^^^
lib/generated/spacex_api/device/wifi.pb.dart:15661:32: Error: 'UInt32Value' isn't a type.
  set ifacesWanEthTxPackets($4.UInt32Value value) => $_setField(312, value);
                               ^^^^^^^^^^^
lib/generated/spacex_api/device/wifi.pb.dart:15661:54: Error: The method '$_setField' isn't defined for the type 'starlink_router_hourly_metrics_v2'.
 - 'starlink_router_hourly_metrics_v2' is from 'package:starlink_isp_app/generated/spacex_api/device/wifi.pb.dart' ('lib/generated/spacex_api/device/wifi.pb.dart').
Try correcting the name to the name of an existing method, or defining a method named '$_setField'.
  set ifacesWanEthTxPackets($4.UInt32Value value) => $_setField(312, value);
                                                     ^^^^^^^^^^
lib/generated/spacex_api/device/wifi.pb.dart:15665:40: Error: The method '$_clearField' isn't defined for the type 'starlink_router_hourly_metrics_v2'.
 - 'starlink_router_hourly_metrics_v2' is from 'package:starlink_isp_app/generated/spacex_api/device/wifi.pb.dart' ('lib/generated/spacex_api/device/wifi.pb.dart').
Try correcting the name to the name of an existing method, or defining a method named '$_clearField'.
  void clearIfacesWanEthTxPackets() => $_clearField(312);
                                       ^^^^^^^^^^^^
lib/generated/spacex_api/device/wifi.pb.dart:15672:31: Error: 'UInt32Value' isn't a type.
  set ifacesWanEthTxErrors($4.UInt32Value value) => $_setField(313, value);
                              ^^^^^^^^^^^
lib/generated/spacex_api/device/wifi.pb.dart:15672:53: Error: The method '$_setField' isn't defined for the type 'starlink_router_hourly_metrics_v2'.
 - 'starlink_router_hourly_metrics_v2' is from 'package:starlink_isp_app/generated/spacex_api/device/wifi.pb.dart' ('lib/generated/spacex_api/device/wifi.pb.dart').
Try correcting the name to the name of an existing method, or defining a method named '$_setField'.
  set ifacesWanEthTxErrors($4.UInt32Value value) => $_setField(313, value);
                                                    ^^^^^^^^^^
lib/generated/spacex_api/device/wifi.pb.dart:15676:39: Error: The method '$_clearField' isn't defined for the type 'starlink_router_hourly_metrics_v2'.
 - 'starlink_router_hourly_metrics_v2' is from 'package:starlink_isp_app/generated/spacex_api/device/wifi.pb.dart' ('lib/generated/spacex_api/device/wifi.pb.dart').
Try correcting the name to the name of an existing method, or defining a method named '$_clearField'.
  void clearIfacesWanEthTxErrors() => $_clearField(313);
                                      ^^^^^^^^^^^^
lib/generated/spacex_api/device/wifi.pb.dart:15683:18: Error: 'UInt32Value' isn't a type.
  set clients($4.UInt32Value value) => $_setField(400, value);
                 ^^^^^^^^^^^
lib/generated/spacex_api/device/wifi.pb.dart:15683:40: Error: The method '$_setField' isn't defined for the type 'starlink_router_hourly_metrics_v2'.
 - 'starlink_router_hourly_metrics_v2' is from 'package:starlink_isp_app/generated/spacex_api/device/wifi.pb.dart' ('lib/generated/spacex_api/device/wifi.pb.dart').
Try correcting the name to the name of an existing method, or defining a method named '$_setField'.
  set clients($4.UInt32Value value) => $_setField(400, value);
                                       ^^^^^^^^^^
lib/generated/spacex_api/device/wifi.pb.dart:15687:26: Error: The method '$_clearField' isn't defined for the type 'starlink_router_hourly_metrics_v2'.
 - 'starlink_router_hourly_metrics_v2' is from 'package:starlink_isp_app/generated/spacex_api/device/wifi.pb.dart' ('lib/generated/spacex_api/device/wifi.pb.dart').
Try correcting the name to the name of an existing method, or defining a method named '$_clearField'.
  void clearClients() => $_clearField(400);
                         ^^^^^^^^^^^^
lib/generated/spacex_api/device/wifi.pb.dart:15694:22: Error: 'UInt32Value' isn't a type.
  set clients2ghz($4.UInt32Value value) => $_setField(401, value);
                     ^^^^^^^^^^^
lib/generated/spacex_api/device/wifi.pb.dart:15694:44: Error: The method '$_setField' isn't defined for the type 'starlink_router_hourly_metrics_v2'.
 - 'starlink_router_hourly_metrics_v2' is from 'package:starlink_isp_app/generated/spacex_api/device/wifi.pb.dart' ('lib/generated/spacex_api/device/wifi.pb.dart').
Try correcting the name to the name of an existing method, or defining a method named '$_setField'.
  set clients2ghz($4.UInt32Value value) => $_setField(401, value);
                                           ^^^^^^^^^^
lib/generated/spacex_api/device/wifi.pb.dart:15698:30: Error: The method '$_clearField' isn't defined for the type 'starlink_router_hourly_metrics_v2'.
 - 'starlink_router_hourly_metrics_v2' is from 'package:starlink_isp_app/generated/spacex_api/device/wifi.pb.dart' ('lib/generated/spacex_api/device/wifi.pb.dart').
Try correcting the name to the name of an existing method, or defining a method named '$_clearField'.
  void clearClients2ghz() => $_clearField(401);
                             ^^^^^^^^^^^^
lib/generated/spacex_api/device/wifi.pb.dart:15705:22: Error: 'UInt32Value' isn't a type.
  set clients5ghz($4.UInt32Value value) => $_setField(402, value);
                     ^^^^^^^^^^^
lib/generated/spacex_api/device/wifi.pb.dart:15705:44: Error: The method '$_setField' isn't defined for the type 'starlink_router_hourly_metrics_v2'.
 - 'starlink_router_hourly_metrics_v2' is from 'package:starlink_isp_app/generated/spacex_api/device/wifi.pb.dart' ('lib/generated/spacex_api/device/wifi.pb.dart').
Try correcting the name to the name of an existing method, or defining a method named '$_setField'.
  set clients5ghz($4.UInt32Value value) => $_setField(402, value);
                                           ^^^^^^^^^^
lib/generated/spacex_api/device/wifi.pb.dart:15709:30: Error: The method '$_clearField' isn't defined for the type 'starlink_router_hourly_metrics_v2'.
 - 'starlink_router_hourly_metrics_v2' is from 'package:starlink_isp_app/generated/spacex_api/device/wifi.pb.dart' ('lib/generated/spacex_api/device/wifi.pb.dart').
Try correcting the name to the name of an existing method, or defining a method named '$_clearField'.
  void clearClients5ghz() => $_clearField(402);
                             ^^^^^^^^^^^^
lib/generated/spacex_api/device/wifi.pb.dart:15716:21: Error: 'UInt32Value' isn't a type.
  set clientsEth($4.UInt32Value value) => $_setField(403, value);
                    ^^^^^^^^^^^
lib/generated/spacex_api/device/wifi.pb.dart:15716:43: Error: The method '$_setField' isn't defined for the type 'starlink_router_hourly_metrics_v2'.
 - 'starlink_router_hourly_metrics_v2' is from 'package:starlink_isp_app/generated/spacex_api/device/wifi.pb.dart' ('lib/generated/spacex_api/device/wifi.pb.dart').
Try correcting the name to the name of an existing method, or defining a method named '$_setField'.
  set clientsEth($4.UInt32Value value) => $_setField(403, value);
                                          ^^^^^^^^^^
lib/generated/spacex_api/device/wifi.pb.dart:15720:29: Error: The method '$_clearField' isn't defined for the type 'starlink_router_hourly_metrics_v2'.
 - 'starlink_router_hourly_metrics_v2' is from 'package:starlink_isp_app/generated/spacex_api/device/wifi.pb.dart' ('lib/generated/spacex_api/device/wifi.pb.dart').
Try correcting the name to the name of an existing method, or defining a method named '$_clearField'.
  void clearClientsEth() => $_clearField(403);
                            ^^^^^^^^^^^^
lib/generated/spacex_api/device/wifi.pb.dart:15727:26: Error: 'UInt32Value' isn't a type.
  set clientsRepeater($4.UInt32Value value) => $_setField(404, value);
                         ^^^^^^^^^^^
lib/generated/spacex_api/device/wifi.pb.dart:15727:48: Error: The method '$_setField' isn't defined for the type 'starlink_router_hourly_metrics_v2'.
 - 'starlink_router_hourly_metrics_v2' is from 'package:starlink_isp_app/generated/spacex_api/device/wifi.pb.dart' ('lib/generated/spacex_api/device/wifi.pb.dart').
Try correcting the name to the name of an existing method, or defining a method named '$_setField'.
  set clientsRepeater($4.UInt32Value value) => $_setField(404, value);
                                               ^^^^^^^^^^
lib/generated/spacex_api/device/wifi.pb.dart:15731:34: Error: The method '$_clearField' isn't defined for the type 'starlink_router_hourly_metrics_v2'.
 - 'starlink_router_hourly_metrics_v2' is from 'package:starlink_isp_app/generated/spacex_api/device/wifi.pb.dart' ('lib/generated/spacex_api/device/wifi.pb.dart').
Try correcting the name to the name of an existing method, or defining a method named '$_clearField'.
  void clearClientsRepeater() => $_clearField(404);
                                 ^^^^^^^^^^^^
lib/generated/spacex_api/device/wifi.pb.dart:15738:30: Error: 'UInt32Value' isn't a type.
  set clientsRepeater2ghz($4.UInt32Value value) => $_setField(405, value);
                             ^^^^^^^^^^^
lib/generated/spacex_api/device/wifi.pb.dart:15738:52: Error: The method '$_setField' isn't defined for the type 'starlink_router_hourly_metrics_v2'.
 - 'starlink_router_hourly_metrics_v2' is from 'package:starlink_isp_app/generated/spacex_api/device/wifi.pb.dart' ('lib/generated/spacex_api/device/wifi.pb.dart').
Try correcting the name to the name of an existing method, or defining a method named '$_setField'.
  set clientsRepeater2ghz($4.UInt32Value value) => $_setField(405, value);
                                                   ^^^^^^^^^^
lib/generated/spacex_api/device/wifi.pb.dart:15742:38: Error: The method '$_clearField' isn't defined for the type 'starlink_router_hourly_metrics_v2'.
 - 'starlink_router_hourly_metrics_v2' is from 'package:starlink_isp_app/generated/spacex_api/device/wifi.pb.dart' ('lib/generated/spacex_api/device/wifi.pb.dart').
Try correcting the name to the name of an existing method, or defining a method named '$_clearField'.
  void clearClientsRepeater2ghz() => $_clearField(405);
                                     ^^^^^^^^^^^^
lib/generated/spacex_api/device/wifi.pb.dart:15749:30: Error: 'UInt32Value' isn't a type.
  set clientsRepeater5ghz($4.UInt32Value value) => $_setField(406, value);
                             ^^^^^^^^^^^
lib/generated/spacex_api/device/wifi.pb.dart:15749:52: Error: The method '$_setField' isn't defined for the type 'starlink_router_hourly_metrics_v2'.
 - 'starlink_router_hourly_metrics_v2' is from 'package:starlink_isp_app/generated/spacex_api/device/wifi.pb.dart' ('lib/generated/spacex_api/device/wifi.pb.dart').
Try correcting the name to the name of an existing method, or defining a method named '$_setField'.
  set clientsRepeater5ghz($4.UInt32Value value) => $_setField(406, value);
                                                   ^^^^^^^^^^
lib/generated/spacex_api/device/wifi.pb.dart:15753:38: Error: The method '$_clearField' isn't defined for the type 'starlink_router_hourly_metrics_v2'.
 - 'starlink_router_hourly_metrics_v2' is from 'package:starlink_isp_app/generated/spacex_api/device/wifi.pb.dart' ('lib/generated/spacex_api/device/wifi.pb.dart').
Try correcting the name to the name of an existing method, or defining a method named '$_clearField'.
  void clearClientsRepeater5ghz() => $_clearField(406);
                                     ^^^^^^^^^^^^
lib/generated/spacex_api/device/wifi.pb.dart:15760:29: Error: 'UInt32Value' isn't a type.
  set clientsRepeaterEth($4.UInt32Value value) => $_setField(407, value);
                            ^^^^^^^^^^^
lib/generated/spacex_api/device/wifi.pb.dart:15760:51: Error: The method '$_setField' isn't defined for the type 'starlink_router_hourly_metrics_v2'.
 - 'starlink_router_hourly_metrics_v2' is from 'package:starlink_isp_app/generated/spacex_api/device/wifi.pb.dart' ('lib/generated/spacex_api/device/wifi.pb.dart').
Try correcting the name to the name of an existing method, or defining a method named '$_setField'.
  set clientsRepeaterEth($4.UInt32Value value) => $_setField(407, value);
                                                  ^^^^^^^^^^
lib/generated/spacex_api/device/wifi.pb.dart:15764:37: Error: The method '$_clearField' isn't defined for the type 'starlink_router_hourly_metrics_v2'.
 - 'starlink_router_hourly_metrics_v2' is from 'package:starlink_isp_app/generated/spacex_api/device/wifi.pb.dart' ('lib/generated/spacex_api/device/wifi.pb.dart').
Try correcting the name to the name of an existing method, or defining a method named '$_clearField'.
  void clearClientsRepeaterEth() => $_clearField(407);
                                    ^^^^^^^^^^^^
lib/generated/spacex_api/device/wifi.pb.dart:15771:19: Error: 'UInt32Value' isn't a type.
  set meshHops($4.UInt32Value value) => $_setField(408, value);
                  ^^^^^^^^^^^
lib/generated/spacex_api/device/wifi.pb.dart:15771:41: Error: The method '$_setField' isn't defined for the type 'starlink_router_hourly_metrics_v2'.
 - 'starlink_router_hourly_metrics_v2' is from 'package:starlink_isp_app/generated/spacex_api/device/wifi.pb.dart' ('lib/generated/spacex_api/device/wifi.pb.dart').
Try correcting the name to the name of an existing method, or defining a method named '$_setField'.
  set meshHops($4.UInt32Value value) => $_setField(408, value);
                                        ^^^^^^^^^^
lib/generated/spacex_api/device/wifi.pb.dart:15775:27: Error: The method '$_clearField' isn't defined for the type 'starlink_router_hourly_metrics_v2'.
 - 'starlink_router_hourly_metrics_v2' is from 'package:starlink_isp_app/generated/spacex_api/device/wifi.pb.dart' ('lib/generated/spacex_api/device/wifi.pb.dart').
Try correcting the name to the name of an existing method, or defining a method named '$_clearField'.
  void clearMeshHops() => $_clearField(408);
                          ^^^^^^^^^^^^
lib/generated/spacex_api/device/wifi.pb.dart:15782:32: Error: 'FloatValue' isn't a type.
  set meshOneHopRssiAvg2ghz($4.FloatValue value) => $_setField(409, value);
                               ^^^^^^^^^^
lib/generated/spacex_api/device/wifi.pb.dart:15782:53: Error: The method '$_setField' isn't defined for the type 'starlink_router_hourly_metrics_v2'.
 - 'starlink_router_hourly_metrics_v2' is from 'package:starlink_isp_app/generated/spacex_api/device/wifi.pb.dart' ('lib/generated/spacex_api/device/wifi.pb.dart').
Try correcting the name to the name of an existing method, or defining a method named '$_setField'.
  set meshOneHopRssiAvg2ghz($4.FloatValue value) => $_setField(409, value);
                                                    ^^^^^^^^^^
lib/generated/spacex_api/device/wifi.pb.dart:15786:40: Error: The method '$_clearField' isn't defined for the type 'starlink_router_hourly_metrics_v2'.
 - 'starlink_router_hourly_metrics_v2' is from 'package:starlink_isp_app/generated/spacex_api/device/wifi.pb.dart' ('lib/generated/spacex_api/device/wifi.pb.dart').
Try correcting the name to the name of an existing method, or defining a method named '$_clearField'.
  void clearMeshOneHopRssiAvg2ghz() => $_clearField(409);
                                       ^^^^^^^^^^^^
lib/generated/spacex_api/device/wifi.pb.dart:15793:32: Error: 'FloatValue' isn't a type.
  set meshOneHopRssiAvg5ghz($4.FloatValue value) => $_setField(410, value);
                               ^^^^^^^^^^
lib/generated/spacex_api/device/wifi.pb.dart:15793:53: Error: The method '$_setField' isn't defined for the type 'starlink_router_hourly_metrics_v2'.
 - 'starlink_router_hourly_metrics_v2' is from 'package:starlink_isp_app/generated/spacex_api/device/wifi.pb.dart' ('lib/generated/spacex_api/device/wifi.pb.dart').
Try correcting the name to the name of an existing method, or defining a method named '$_setField'.
  set meshOneHopRssiAvg5ghz($4.FloatValue value) => $_setField(410, value);
                                                    ^^^^^^^^^^
lib/generated/spacex_api/device/wifi.pb.dart:15797:40: Error: The method '$_clearField' isn't defined for the type 'starlink_router_hourly_metrics_v2'.
 - 'starlink_router_hourly_metrics_v2' is from 'package:starlink_isp_app/generated/spacex_api/device/wifi.pb.dart' ('lib/generated/spacex_api/device/wifi.pb.dart').
Try correcting the name to the name of an existing method, or defining a method named '$_clearField'.
  void clearMeshOneHopRssiAvg5ghz() => $_clearField(410);
                                       ^^^^^^^^^^^^
lib/generated/spacex_api/device/wifi.pb.dart:15804:32: Error: 'FloatValue' isn't a type.
  set meshTwoHopRssiAvg2ghz($4.FloatValue value) => $_setField(411, value);
                               ^^^^^^^^^^
lib/generated/spacex_api/device/wifi.pb.dart:15804:53: Error: The method '$_setField' isn't defined for the type 'starlink_router_hourly_metrics_v2'.
 - 'starlink_router_hourly_metrics_v2' is from 'package:starlink_isp_app/generated/spacex_api/device/wifi.pb.dart' ('lib/generated/spacex_api/device/wifi.pb.dart').
Try correcting the name to the name of an existing method, or defining a method named '$_setField'.
  set meshTwoHopRssiAvg2ghz($4.FloatValue value) => $_setField(411, value);
                                                    ^^^^^^^^^^
lib/generated/spacex_api/device/wifi.pb.dart:15808:40: Error: The method '$_clearField' isn't defined for the type 'starlink_router_hourly_metrics_v2'.
 - 'starlink_router_hourly_metrics_v2' is from 'package:starlink_isp_app/generated/spacex_api/device/wifi.pb.dart' ('lib/generated/spacex_api/device/wifi.pb.dart').
Try correcting the name to the name of an existing method, or defining a method named '$_clearField'.
  void clearMeshTwoHopRssiAvg2ghz() => $_clearField(411);
                                       ^^^^^^^^^^^^
lib/generated/spacex_api/device/wifi.pb.dart:15815:32: Error: 'FloatValue' isn't a type.
  set meshTwoHopRssiAvg5ghz($4.FloatValue value) => $_setField(412, value);
                               ^^^^^^^^^^
lib/generated/spacex_api/device/wifi.pb.dart:15815:53: Error: The method '$_setField' isn't defined for the type 'starlink_router_hourly_metrics_v2'.
 - 'starlink_router_hourly_metrics_v2' is from 'package:starlink_isp_app/generated/spacex_api/device/wifi.pb.dart' ('lib/generated/spacex_api/device/wifi.pb.dart').
Try correcting the name to the name of an existing method, or defining a method named '$_setField'.
  set meshTwoHopRssiAvg5ghz($4.FloatValue value) => $_setField(412, value);
                                                    ^^^^^^^^^^
lib/generated/spacex_api/device/wifi.pb.dart:15819:40: Error: The method '$_clearField' isn't defined for the type 'starlink_router_hourly_metrics_v2'.
 - 'starlink_router_hourly_metrics_v2' is from 'package:starlink_isp_app/generated/spacex_api/device/wifi.pb.dart' ('lib/generated/spacex_api/device/wifi.pb.dart').
Try correcting the name to the name of an existing method, or defining a method named '$_clearField'.
  void clearMeshTwoHopRssiAvg5ghz() => $_clearField(412);
                                       ^^^^^^^^^^^^
lib/generated/spacex_api/device/wifi.pb.dart:15826:39: Error: 'FloatValue' isn't a type.
  set pingSecondsSinceLast1sOutage($4.FloatValue value) =>
                                      ^^^^^^^^^^
lib/generated/spacex_api/device/wifi.pb.dart:15827:7: Error: The method '$_setField' isn't defined for the type 'starlink_router_hourly_metrics_v2'.
 - 'starlink_router_hourly_metrics_v2' is from 'package:starlink_isp_app/generated/spacex_api/device/wifi.pb.dart' ('lib/generated/spacex_api/device/wifi.pb.dart').
Try correcting the name to the name of an existing method, or defining a method named '$_setField'.
      $_setField(600, value);
      ^^^^^^^^^^
lib/generated/spacex_api/device/wifi.pb.dart:15831:47: Error: The method '$_clearField' isn't defined for the type 'starlink_router_hourly_metrics_v2'.
 - 'starlink_router_hourly_metrics_v2' is from 'package:starlink_isp_app/generated/spacex_api/device/wifi.pb.dart' ('lib/generated/spacex_api/device/wifi.pb.dart').
Try correcting the name to the name of an existing method, or defining a method named '$_clearField'.
  void clearPingSecondsSinceLast1sOutage() => $_clearField(600);
                                              ^^^^^^^^^^^^
lib/generated/spacex_api/device/wifi.pb.dart:15838:39: Error: 'FloatValue' isn't a type.
  set pingSecondsSinceLast2sOutage($4.FloatValue value) =>
                                      ^^^^^^^^^^
lib/generated/spacex_api/device/wifi.pb.dart:15839:7: Error: The method '$_setField' isn't defined for the type 'starlink_router_hourly_metrics_v2'.
 - 'starlink_router_hourly_metrics_v2' is from 'package:starlink_isp_app/generated/spacex_api/device/wifi.pb.dart' ('lib/generated/spacex_api/device/wifi.pb.dart').
Try correcting the name to the name of an existing method, or defining a method named '$_setField'.
      $_setField(601, value);
      ^^^^^^^^^^
lib/generated/spacex_api/device/wifi.pb.dart:15843:47: Error: The method '$_clearField' isn't defined for the type 'starlink_router_hourly_metrics_v2'.
 - 'starlink_router_hourly_metrics_v2' is from 'package:starlink_isp_app/generated/spacex_api/device/wifi.pb.dart' ('lib/generated/spacex_api/device/wifi.pb.dart').
Try correcting the name to the name of an existing method, or defining a method named '$_clearField'.
  void clearPingSecondsSinceLast2sOutage() => $_clearField(601);
                                              ^^^^^^^^^^^^
lib/generated/spacex_api/device/wifi.pb.dart:15850:39: Error: 'FloatValue' isn't a type.
  set pingSecondsSinceLast5sOutage($4.FloatValue value) =>
                                      ^^^^^^^^^^
lib/generated/spacex_api/device/wifi.pb.dart:15851:7: Error: The method '$_setField' isn't defined for the type 'starlink_router_hourly_metrics_v2'.
 - 'starlink_router_hourly_metrics_v2' is from 'package:starlink_isp_app/generated/spacex_api/device/wifi.pb.dart' ('lib/generated/spacex_api/device/wifi.pb.dart').
Try correcting the name to the name of an existing method, or defining a method named '$_setField'.
      $_setField(602, value);
      ^^^^^^^^^^
lib/generated/spacex_api/device/wifi.pb.dart:15855:47: Error: The method '$_clearField' isn't defined for the type 'starlink_router_hourly_metrics_v2'.
 - 'starlink_router_hourly_metrics_v2' is from 'package:starlink_isp_app/generated/spacex_api/device/wifi.pb.dart' ('lib/generated/spacex_api/device/wifi.pb.dart').
Try correcting the name to the name of an existing method, or defining a method named '$_clearField'.
  void clearPingSecondsSinceLast5sOutage() => $_clearField(602);
                                              ^^^^^^^^^^^^
lib/generated/spacex_api/device/wifi.pb.dart:15862:40: Error: 'FloatValue' isn't a type.
  set pingSecondsSinceLast60sOutage($4.FloatValue value) =>
                                       ^^^^^^^^^^
lib/generated/spacex_api/device/wifi.pb.dart:15863:7: Error: The method '$_setField' isn't defined for the type 'starlink_router_hourly_metrics_v2'.
 - 'starlink_router_hourly_metrics_v2' is from 'package:starlink_isp_app/generated/spacex_api/device/wifi.pb.dart' ('lib/generated/spacex_api/device/wifi.pb.dart').
Try correcting the name to the name of an existing method, or defining a method named '$_setField'.
      $_setField(603, value);
      ^^^^^^^^^^
lib/generated/spacex_api/device/wifi.pb.dart:15867:48: Error: The method '$_clearField' isn't defined for the type 'starlink_router_hourly_metrics_v2'.
 - 'starlink_router_hourly_metrics_v2' is from 'package:starlink_isp_app/generated/spacex_api/device/wifi.pb.dart' ('lib/generated/spacex_api/device/wifi.pb.dart').
Try correcting the name to the name of an existing method, or defining a method named '$_clearField'.
  void clearPingSecondsSinceLast60sOutage() => $_clearField(603);
                                               ^^^^^^^^^^^^
lib/generated/spacex_api/device/wifi.pb.dart:15874:41: Error: 'FloatValue' isn't a type.
  set pingSecondsSinceLast300sOutage($4.FloatValue value) =>
                                        ^^^^^^^^^^
lib/generated/spacex_api/device/wifi.pb.dart:15875:7: Error: The method '$_setField' isn't defined for the type 'starlink_router_hourly_metrics_v2'.
 - 'starlink_router_hourly_metrics_v2' is from 'package:starlink_isp_app/generated/spacex_api/device/wifi.pb.dart' ('lib/generated/spacex_api/device/wifi.pb.dart').
Try correcting the name to the name of an existing method, or defining a method named '$_setField'.
      $_setField(604, value);
      ^^^^^^^^^^
lib/generated/spacex_api/device/wifi.pb.dart:15879:49: Error: The method '$_clearField' isn't defined for the type 'starlink_router_hourly_metrics_v2'.
 - 'starlink_router_hourly_metrics_v2' is from 'package:starlink_isp_app/generated/spacex_api/device/wifi.pb.dart' ('lib/generated/spacex_api/device/wifi.pb.dart').
Try correcting the name to the name of an existing method, or defining a method named '$_clearField'.
  void clearPingSecondsSinceLast300sOutage() => $_clearField(604);
                                                ^^^^^^^^^^^^
lib/generated/spacex_api/device/wifi.pb.dart:15886:23: Error: 'FloatValue' isn't a type.
  set pingDropRate($4.FloatValue value) => $_setField(605, value);
                      ^^^^^^^^^^
lib/generated/spacex_api/device/wifi.pb.dart:15886:44: Error: The method '$_setField' isn't defined for the type 'starlink_router_hourly_metrics_v2'.
 - 'starlink_router_hourly_metrics_v2' is from 'package:starlink_isp_app/generated/spacex_api/device/wifi.pb.dart' ('lib/generated/spacex_api/device/wifi.pb.dart').
Try correcting the name to the name of an existing method, or defining a method named '$_setField'.
  set pingDropRate($4.FloatValue value) => $_setField(605, value);
                                           ^^^^^^^^^^
lib/generated/spacex_api/device/wifi.pb.dart:15890:31: Error: The method '$_clearField' isn't defined for the type 'starlink_router_hourly_metrics_v2'.
 - 'starlink_router_hourly_metrics_v2' is from 'package:starlink_isp_app/generated/spacex_api/device/wifi.pb.dart' ('lib/generated/spacex_api/device/wifi.pb.dart').
Try correcting the name to the name of an existing method, or defining a method named '$_clearField'.
  void clearPingDropRate() => $_clearField(605);
                              ^^^^^^^^^^^^
lib/generated/spacex_api/device/wifi.pb.dart:15897:29: Error: 'FloatValue' isn't a type.
  set pingDropRateLast1h($4.FloatValue value) => $_setField(606, value);
                            ^^^^^^^^^^
lib/generated/spacex_api/device/wifi.pb.dart:15897:50: Error: The method '$_setField' isn't defined for the type 'starlink_router_hourly_metrics_v2'.
 - 'starlink_router_hourly_metrics_v2' is from 'package:starlink_isp_app/generated/spacex_api/device/wifi.pb.dart' ('lib/generated/spacex_api/device/wifi.pb.dart').
Try correcting the name to the name of an existing method, or defining a method named '$_setField'.
  set pingDropRateLast1h($4.FloatValue value) => $_setField(606, value);
                                                 ^^^^^^^^^^
lib/generated/spacex_api/device/wifi.pb.dart:15901:37: Error: The method '$_clearField' isn't defined for the type 'starlink_router_hourly_metrics_v2'.
 - 'starlink_router_hourly_metrics_v2' is from 'package:starlink_isp_app/generated/spacex_api/device/wifi.pb.dart' ('lib/generated/spacex_api/device/wifi.pb.dart').
Try correcting the name to the name of an existing method, or defining a method named '$_clearField'.
  void clearPingDropRateLast1h() => $_clearField(606);
                                    ^^^^^^^^^^^^
lib/generated/spacex_api/device/wifi.pb.dart:15908:22: Error: 'FloatValue' isn't a type.
  set pingLatency($4.FloatValue value) => $_setField(607, value);
                     ^^^^^^^^^^
lib/generated/spacex_api/device/wifi.pb.dart:15908:43: Error: The method '$_setField' isn't defined for the type 'starlink_router_hourly_metrics_v2'.
 - 'starlink_router_hourly_metrics_v2' is from 'package:starlink_isp_app/generated/spacex_api/device/wifi.pb.dart' ('lib/generated/spacex_api/device/wifi.pb.dart').
Try correcting the name to the name of an existing method, or defining a method named '$_setField'.
  set pingLatency($4.FloatValue value) => $_setField(607, value);
                                          ^^^^^^^^^^
lib/generated/spacex_api/device/wifi.pb.dart:15912:30: Error: The method '$_clearField' isn't defined for the type 'starlink_router_hourly_metrics_v2'.
 - 'starlink_router_hourly_metrics_v2' is from 'package:starlink_isp_app/generated/spacex_api/device/wifi.pb.dart' ('lib/generated/spacex_api/device/wifi.pb.dart').
Try correcting the name to the name of an existing method, or defining a method named '$_clearField'.
  void clearPingLatency() => $_clearField(607);
                             ^^^^^^^^^^^^
lib/generated/spacex_api/device/wifi.pb.dart:15919:43: Error: 'FloatValue' isn't a type.
  set pingDishSecondsSinceLast1sOutage($4.FloatValue value) =>
                                          ^^^^^^^^^^
lib/generated/spacex_api/device/wifi.pb.dart:15920:7: Error: The method '$_setField' isn't defined for the type 'starlink_router_hourly_metrics_v2'.
 - 'starlink_router_hourly_metrics_v2' is from 'package:starlink_isp_app/generated/spacex_api/device/wifi.pb.dart' ('lib/generated/spacex_api/device/wifi.pb.dart').
Try correcting the name to the name of an existing method, or defining a method named '$_setField'.
      $_setField(610, value);
      ^^^^^^^^^^
lib/generated/spacex_api/device/wifi.pb.dart:15924:51: Error: The method '$_clearField' isn't defined for the type 'starlink_router_hourly_metrics_v2'.
 - 'starlink_router_hourly_metrics_v2' is from 'package:starlink_isp_app/generated/spacex_api/device/wifi.pb.dart' ('lib/generated/spacex_api/device/wifi.pb.dart').
Try correcting the name to the name of an existing method, or defining a method named '$_clearField'.
  void clearPingDishSecondsSinceLast1sOutage() => $_clearField(610);
                                                  ^^^^^^^^^^^^
lib/generated/spacex_api/device/wifi.pb.dart:15931:43: Error: 'FloatValue' isn't a type.
  set pingDishSecondsSinceLast2sOutage($4.FloatValue value) =>
                                          ^^^^^^^^^^
lib/generated/spacex_api/device/wifi.pb.dart:15932:7: Error: The method '$_setField' isn't defined for the type 'starlink_router_hourly_metrics_v2'.
 - 'starlink_router_hourly_metrics_v2' is from 'package:starlink_isp_app/generated/spacex_api/device/wifi.pb.dart' ('lib/generated/spacex_api/device/wifi.pb.dart').
Try correcting the name to the name of an existing method, or defining a method named '$_setField'.
      $_setField(611, value);
      ^^^^^^^^^^
lib/generated/spacex_api/device/wifi.pb.dart:15936:51: Error: The method '$_clearField' isn't defined for the type 'starlink_router_hourly_metrics_v2'.
 - 'starlink_router_hourly_metrics_v2' is from 'package:starlink_isp_app/generated/spacex_api/device/wifi.pb.dart' ('lib/generated/spacex_api/device/wifi.pb.dart').
Try correcting the name to the name of an existing method, or defining a method named '$_clearField'.
  void clearPingDishSecondsSinceLast2sOutage() => $_clearField(611);
                                                  ^^^^^^^^^^^^
lib/generated/spacex_api/device/wifi.pb.dart:15943:43: Error: 'FloatValue' isn't a type.
  set pingDishSecondsSinceLast5sOutage($4.FloatValue value) =>
                                          ^^^^^^^^^^
lib/generated/spacex_api/device/wifi.pb.dart:15944:7: Error: The method '$_setField' isn't defined for the type 'starlink_router_hourly_metrics_v2'.
 - 'starlink_router_hourly_metrics_v2' is from 'package:starlink_isp_app/generated/spacex_api/device/wifi.pb.dart' ('lib/generated/spacex_api/device/wifi.pb.dart').
Try correcting the name to the name of an existing method, or defining a method named '$_setField'.
      $_setField(612, value);
      ^^^^^^^^^^
lib/generated/spacex_api/device/wifi.pb.dart:15948:51: Error: The method '$_clearField' isn't defined for the type 'starlink_router_hourly_metrics_v2'.
 - 'starlink_router_hourly_metrics_v2' is from 'package:starlink_isp_app/generated/spacex_api/device/wifi.pb.dart' ('lib/generated/spacex_api/device/wifi.pb.dart').
Try correcting the name to the name of an existing method, or defining a method named '$_clearField'.
  void clearPingDishSecondsSinceLast5sOutage() => $_clearField(612);
                                                  ^^^^^^^^^^^^
lib/generated/spacex_api/device/wifi.pb.dart:15955:44: Error: 'FloatValue' isn't a type.
  set pingDishSecondsSinceLast60sOutage($4.FloatValue value) =>
                                           ^^^^^^^^^^
lib/generated/spacex_api/device/wifi.pb.dart:15956:7: Error: The method '$_setField' isn't defined for the type 'starlink_router_hourly_metrics_v2'.
 - 'starlink_router_hourly_metrics_v2' is from 'package:starlink_isp_app/generated/spacex_api/device/wifi.pb.dart' ('lib/generated/spacex_api/device/wifi.pb.dart').
Try correcting the name to the name of an existing method, or defining a method named '$_setField'.
      $_setField(613, value);
      ^^^^^^^^^^
lib/generated/spacex_api/device/wifi.pb.dart:15960:52: Error: The method '$_clearField' isn't defined for the type 'starlink_router_hourly_metrics_v2'.
 - 'starlink_router_hourly_metrics_v2' is from 'package:starlink_isp_app/generated/spacex_api/device/wifi.pb.dart' ('lib/generated/spacex_api/device/wifi.pb.dart').
Try correcting the name to the name of an existing method, or defining a method named '$_clearField'.
  void clearPingDishSecondsSinceLast60sOutage() => $_clearField(613);
                                                   ^^^^^^^^^^^^
lib/generated/spacex_api/device/wifi.pb.dart:15967:45: Error: 'FloatValue' isn't a type.
  set pingDishSecondsSinceLast300sOutage($4.FloatValue value) =>
                                            ^^^^^^^^^^
lib/generated/spacex_api/device/wifi.pb.dart:15968:7: Error: The method '$_setField' isn't defined for the type 'starlink_router_hourly_metrics_v2'.
 - 'starlink_router_hourly_metrics_v2' is from 'package:starlink_isp_app/generated/spacex_api/device/wifi.pb.dart' ('lib/generated/spacex_api/device/wifi.pb.dart').
Try correcting the name to the name of an existing method, or defining a method named '$_setField'.
      $_setField(614, value);
      ^^^^^^^^^^
lib/generated/spacex_api/device/wifi.pb.dart:15972:53: Error: The method '$_clearField' isn't defined for the type 'starlink_router_hourly_metrics_v2'.
 - 'starlink_router_hourly_metrics_v2' is from 'package:starlink_isp_app/generated/spacex_api/device/wifi.pb.dart' ('lib/generated/spacex_api/device/wifi.pb.dart').
Try correcting the name to the name of an existing method, or defining a method named '$_clearField'.
  void clearPingDishSecondsSinceLast300sOutage() => $_clearField(614);
                                                    ^^^^^^^^^^^^
lib/generated/spacex_api/device/wifi.pb.dart:15979:27: Error: 'FloatValue' isn't a type.
  set pingDishDropRate($4.FloatValue value) => $_setField(615, value);
                          ^^^^^^^^^^
lib/generated/spacex_api/device/wifi.pb.dart:15979:48: Error: The method '$_setField' isn't defined for the type 'starlink_router_hourly_metrics_v2'.
 - 'starlink_router_hourly_metrics_v2' is from 'package:starlink_isp_app/generated/spacex_api/device/wifi.pb.dart' ('lib/generated/spacex_api/device/wifi.pb.dart').
Try correcting the name to the name of an existing method, or defining a method named '$_setField'.
  set pingDishDropRate($4.FloatValue value) => $_setField(615, value);
                                               ^^^^^^^^^^
lib/generated/spacex_api/device/wifi.pb.dart:15983:35: Error: The method '$_clearField' isn't defined for the type 'starlink_router_hourly_metrics_v2'.
 - 'starlink_router_hourly_metrics_v2' is from 'package:starlink_isp_app/generated/spacex_api/device/wifi.pb.dart' ('lib/generated/spacex_api/device/wifi.pb.dart').
Try correcting the name to the name of an existing method, or defining a method named '$_clearField'.
  void clearPingDishDropRate() => $_clearField(615);
                                  ^^^^^^^^^^^^
lib/generated/spacex_api/device/wifi.pb.dart:15990:33: Error: 'FloatValue' isn't a type.
  set pingDishDropRateLast1h($4.FloatValue value) => $_setField(616, value);
                                ^^^^^^^^^^
lib/generated/spacex_api/device/wifi.pb.dart:15990:54: Error: The method '$_setField' isn't defined for the type 'starlink_router_hourly_metrics_v2'.
 - 'starlink_router_hourly_metrics_v2' is from 'package:starlink_isp_app/generated/spacex_api/device/wifi.pb.dart' ('lib/generated/spacex_api/device/wifi.pb.dart').
Try correcting the name to the name of an existing method, or defining a method named '$_setField'.
  set pingDishDropRateLast1h($4.FloatValue value) => $_setField(616, value);
                                                     ^^^^^^^^^^
lib/generated/spacex_api/device/wifi.pb.dart:15994:41: Error: The method '$_clearField' isn't defined for the type 'starlink_router_hourly_metrics_v2'.
 - 'starlink_router_hourly_metrics_v2' is from 'package:starlink_isp_app/generated/spacex_api/device/wifi.pb.dart' ('lib/generated/spacex_api/device/wifi.pb.dart').
Try correcting the name to the name of an existing method, or defining a method named '$_clearField'.
  void clearPingDishDropRateLast1h() => $_clearField(616);
                                        ^^^^^^^^^^^^
lib/generated/spacex_api/device/wifi.pb.dart:16001:26: Error: 'FloatValue' isn't a type.
  set pingDishLatency($4.FloatValue value) => $_setField(617, value);
                         ^^^^^^^^^^
lib/generated/spacex_api/device/wifi.pb.dart:16001:47: Error: The method '$_setField' isn't defined for the type 'starlink_router_hourly_metrics_v2'.
 - 'starlink_router_hourly_metrics_v2' is from 'package:starlink_isp_app/generated/spacex_api/device/wifi.pb.dart' ('lib/generated/spacex_api/device/wifi.pb.dart').
Try correcting the name to the name of an existing method, or defining a method named '$_setField'.
  set pingDishLatency($4.FloatValue value) => $_setField(617, value);
                                              ^^^^^^^^^^
lib/generated/spacex_api/device/wifi.pb.dart:16005:34: Error: The method '$_clearField' isn't defined for the type 'starlink_router_hourly_metrics_v2'.
 - 'starlink_router_hourly_metrics_v2' is from 'package:starlink_isp_app/generated/spacex_api/device/wifi.pb.dart' ('lib/generated/spacex_api/device/wifi.pb.dart').
Try correcting the name to the name of an existing method, or defining a method named '$_clearField'.
  void clearPingDishLatency() => $_clearField(617);
                                 ^^^^^^^^^^^^
lib/generated/spacex_api/device/wifi.pb.dart:16012:44: Error: 'FloatValue' isn't a type.
  set clientSpeedtestRouterDownloadMbps($4.FloatValue value) =>
                                           ^^^^^^^^^^
lib/generated/spacex_api/device/wifi.pb.dart:16013:7: Error: The method '$_setField' isn't defined for the type 'starlink_router_hourly_metrics_v2'.
 - 'starlink_router_hourly_metrics_v2' is from 'package:starlink_isp_app/generated/spacex_api/device/wifi.pb.dart' ('lib/generated/spacex_api/device/wifi.pb.dart').
Try correcting the name to the name of an existing method, or defining a method named '$_setField'.
      $_setField(700, value);
      ^^^^^^^^^^
lib/generated/spacex_api/device/wifi.pb.dart:16017:52: Error: The method '$_clearField' isn't defined for the type 'starlink_router_hourly_metrics_v2'.
 - 'starlink_router_hourly_metrics_v2' is from 'package:starlink_isp_app/generated/spacex_api/device/wifi.pb.dart' ('lib/generated/spacex_api/device/wifi.pb.dart').
Try correcting the name to the name of an existing method, or defining a method named '$_clearField'.
  void clearClientSpeedtestRouterDownloadMbps() => $_clearField(700);
                                                   ^^^^^^^^^^^^
lib/generated/spacex_api/device/wifi.pb.dart:16024:42: Error: 'FloatValue' isn't a type.
  set clientSpeedtestRouterUploadMbps($4.FloatValue value) =>
                                         ^^^^^^^^^^
lib/generated/spacex_api/device/wifi.pb.dart:16025:7: Error: The method '$_setField' isn't defined for the type 'starlink_router_hourly_metrics_v2'.
 - 'starlink_router_hourly_metrics_v2' is from 'package:starlink_isp_app/generated/spacex_api/device/wifi.pb.dart' ('lib/generated/spacex_api/device/wifi.pb.dart').
Try correcting the name to the name of an existing method, or defining a method named '$_setField'.
      $_setField(701, value);
      ^^^^^^^^^^
lib/generated/spacex_api/device/wifi.pb.dart:16029:50: Error: The method '$_clearField' isn't defined for the type 'starlink_router_hourly_metrics_v2'.
 - 'starlink_router_hourly_metrics_v2' is from 'package:starlink_isp_app/generated/spacex_api/device/wifi.pb.dart' ('lib/generated/spacex_api/device/wifi.pb.dart').
Try correcting the name to the name of an existing method, or defining a method named '$_clearField'.
  void clearClientSpeedtestRouterUploadMbps() => $_clearField(701);
                                                 ^^^^^^^^^^^^
lib/generated/spacex_api/device/wifi.pb.dart:16036:36: Error: 'FloatValue' isn't a type.
  set clientSpeedtestRouterRssi($4.FloatValue value) => $_setField(702, value);
                                   ^^^^^^^^^^
lib/generated/spacex_api/device/wifi.pb.dart:16036:57: Error: The method '$_setField' isn't defined for the type 'starlink_router_hourly_metrics_v2'.
 - 'starlink_router_hourly_metrics_v2' is from 'package:starlink_isp_app/generated/spacex_api/device/wifi.pb.dart' ('lib/generated/spacex_api/device/wifi.pb.dart').
Try correcting the name to the name of an existing method, or defining a method named '$_setField'.
  set clientSpeedtestRouterRssi($4.FloatValue value) => $_setField(702, value);
                                                        ^^^^^^^^^^
lib/generated/spacex_api/device/wifi.pb.dart:16040:44: Error: The method '$_clearField' isn't defined for the type 'starlink_router_hourly_metrics_v2'.
 - 'starlink_router_hourly_metrics_v2' is from 'package:starlink_isp_app/generated/spacex_api/device/wifi.pb.dart' ('lib/generated/spacex_api/device/wifi.pb.dart').
Try correcting the name to the name of an existing method, or defining a method named '$_clearField'.
  void clearClientSpeedtestRouterRssi() => $_clearField(702);
                                           ^^^^^^^^^^^^
lib/generated/spacex_api/device/wifi.pb.dart:16047:42: Error: 'FloatValue' isn't a type.
  set clientSpeedtestWifiDownloadMbps($4.FloatValue value) =>
                                         ^^^^^^^^^^
lib/generated/spacex_api/device/wifi.pb.dart:16048:7: Error: The method '$_setField' isn't defined for the type 'starlink_router_hourly_metrics_v2'.
 - 'starlink_router_hourly_metrics_v2' is from 'package:starlink_isp_app/generated/spacex_api/device/wifi.pb.dart' ('lib/generated/spacex_api/device/wifi.pb.dart').
Try correcting the name to the name of an existing method, or defining a method named '$_setField'.
      $_setField(703, value);
      ^^^^^^^^^^
lib/generated/spacex_api/device/wifi.pb.dart:16052:50: Error: The method '$_clearField' isn't defined for the type 'starlink_router_hourly_metrics_v2'.
 - 'starlink_router_hourly_metrics_v2' is from 'package:starlink_isp_app/generated/spacex_api/device/wifi.pb.dart' ('lib/generated/spacex_api/device/wifi.pb.dart').
Try correcting the name to the name of an existing method, or defining a method named '$_clearField'.
  void clearClientSpeedtestWifiDownloadMbps() => $_clearField(703);
                                                 ^^^^^^^^^^^^
lib/generated/spacex_api/device/wifi.pb.dart:16059:40: Error: 'FloatValue' isn't a type.
  set clientSpeedtestWifiUploadMbps($4.FloatValue value) =>
                                       ^^^^^^^^^^
lib/generated/spacex_api/device/wifi.pb.dart:16060:7: Error: The method '$_setField' isn't defined for the type 'starlink_router_hourly_metrics_v2'.
 - 'starlink_router_hourly_metrics_v2' is from 'package:starlink_isp_app/generated/spacex_api/device/wifi.pb.dart' ('lib/generated/spacex_api/device/wifi.pb.dart').
Try correcting the name to the name of an existing method, or defining a method named '$_setField'.
      $_setField(704, value);
      ^^^^^^^^^^
lib/generated/spacex_api/device/wifi.pb.dart:16064:48: Error: The method '$_clearField' isn't defined for the type 'starlink_router_hourly_metrics_v2'.
 - 'starlink_router_hourly_metrics_v2' is from 'package:starlink_isp_app/generated/spacex_api/device/wifi.pb.dart' ('lib/generated/spacex_api/device/wifi.pb.dart').
Try correcting the name to the name of an existing method, or defining a method named '$_clearField'.
  void clearClientSpeedtestWifiUploadMbps() => $_clearField(704);
                                               ^^^^^^^^^^^^
lib/generated/spacex_api/device/wifi.pb.dart:16071:44: Error: 'FloatValue' isn't a type.
  set clientSpeedtestClientDownloadMbps($4.FloatValue value) =>
                                           ^^^^^^^^^^
lib/generated/spacex_api/device/wifi.pb.dart:16072:7: Error: The method '$_setField' isn't defined for the type 'starlink_router_hourly_metrics_v2'.
 - 'starlink_router_hourly_metrics_v2' is from 'package:starlink_isp_app/generated/spacex_api/device/wifi.pb.dart' ('lib/generated/spacex_api/device/wifi.pb.dart').
Try correcting the name to the name of an existing method, or defining a method named '$_setField'.
      $_setField(705, value);
      ^^^^^^^^^^
lib/generated/spacex_api/device/wifi.pb.dart:16076:52: Error: The method '$_clearField' isn't defined for the type 'starlink_router_hourly_metrics_v2'.
 - 'starlink_router_hourly_metrics_v2' is from 'package:starlink_isp_app/generated/spacex_api/device/wifi.pb.dart' ('lib/generated/spacex_api/device/wifi.pb.dart').
Try correcting the name to the name of an existing method, or defining a method named '$_clearField'.
  void clearClientSpeedtestClientDownloadMbps() => $_clearField(705);
                                                   ^^^^^^^^^^^^
lib/generated/spacex_api/device/wifi.pb.dart:16083:42: Error: 'FloatValue' isn't a type.
  set clientSpeedtestClientUploadMbps($4.FloatValue value) =>
                                         ^^^^^^^^^^
lib/generated/spacex_api/device/wifi.pb.dart:16084:7: Error: The method '$_setField' isn't defined for the type 'starlink_router_hourly_metrics_v2'.
 - 'starlink_router_hourly_metrics_v2' is from 'package:starlink_isp_app/generated/spacex_api/device/wifi.pb.dart' ('lib/generated/spacex_api/device/wifi.pb.dart').
Try correcting the name to the name of an existing method, or defining a method named '$_setField'.
      $_setField(706, value);
      ^^^^^^^^^^
lib/generated/spacex_api/device/wifi.pb.dart:16088:50: Error: The method '$_clearField' isn't defined for the type 'starlink_router_hourly_metrics_v2'.
 - 'starlink_router_hourly_metrics_v2' is from 'package:starlink_isp_app/generated/spacex_api/device/wifi.pb.dart' ('lib/generated/spacex_api/device/wifi.pb.dart').
Try correcting the name to the name of an existing method, or defining a method named '$_clearField'.
  void clearClientSpeedtestClientUploadMbps() => $_clearField(706);
                                                 ^^^^^^^^^^^^
lib/generated/spacex_api/device/wifi.pb.dart:16095:36: Error: 'FloatValue' isn't a type.
  set clientSpeedtestClientRssi($4.FloatValue value) => $_setField(707, value);
                                   ^^^^^^^^^^
lib/generated/spacex_api/device/wifi.pb.dart:16095:57: Error: The method '$_setField' isn't defined for the type 'starlink_router_hourly_metrics_v2'.
 - 'starlink_router_hourly_metrics_v2' is from 'package:starlink_isp_app/generated/spacex_api/device/wifi.pb.dart' ('lib/generated/spacex_api/device/wifi.pb.dart').
Try correcting the name to the name of an existing method, or defining a method named '$_setField'.
  set clientSpeedtestClientRssi($4.FloatValue value) => $_setField(707, value);
                                                        ^^^^^^^^^^
lib/generated/spacex_api/device/wifi.pb.dart:16099:44: Error: The method '$_clearField' isn't defined for the type 'starlink_router_hourly_metrics_v2'.
 - 'starlink_router_hourly_metrics_v2' is from 'package:starlink_isp_app/generated/spacex_api/device/wifi.pb.dart' ('lib/generated/spacex_api/device/wifi.pb.dart').
Try correcting the name to the name of an existing method, or defining a method named '$_clearField'.
  void clearClientSpeedtestClientRssi() => $_clearField(707);
                                           ^^^^^^^^^^^^
lib/generated/spacex_api/device/wifi.pb.dart:16106:37: Error: 'UInt32Value' isn't a type.
  set clientSpeedtestClientIface($4.UInt32Value value) =>
                                    ^^^^^^^^^^^
lib/generated/spacex_api/device/wifi.pb.dart:16107:7: Error: The method '$_setField' isn't defined for the type 'starlink_router_hourly_metrics_v2'.
 - 'starlink_router_hourly_metrics_v2' is from 'package:starlink_isp_app/generated/spacex_api/device/wifi.pb.dart' ('lib/generated/spacex_api/device/wifi.pb.dart').
Try correcting the name to the name of an existing method, or defining a method named '$_setField'.
      $_setField(708, value);
      ^^^^^^^^^^
lib/generated/spacex_api/device/wifi.pb.dart:16111:45: Error: The method '$_clearField' isn't defined for the type 'starlink_router_hourly_metrics_v2'.
 - 'starlink_router_hourly_metrics_v2' is from 'package:starlink_isp_app/generated/spacex_api/device/wifi.pb.dart' ('lib/generated/spacex_api/device/wifi.pb.dart').
Try correcting the name to the name of an existing method, or defining a method named '$_clearField'.
  void clearClientSpeedtestClientIface() => $_clearField(708);
                                            ^^^^^^^^^^^^
lib/generated/spacex_api/device/wifi.pb.dart:16118:35: Error: 'StringValue' isn't a type.
  set clientSpeedtestClientOui($4.StringValue value) => $_setField(709, value);
                                  ^^^^^^^^^^^
lib/generated/spacex_api/device/wifi.pb.dart:16118:57: Error: The method '$_setField' isn't defined for the type 'starlink_router_hourly_metrics_v2'.
 - 'starlink_router_hourly_metrics_v2' is from 'package:starlink_isp_app/generated/spacex_api/device/wifi.pb.dart' ('lib/generated/spacex_api/device/wifi.pb.dart').
Try correcting the name to the name of an existing method, or defining a method named '$_setField'.
  set clientSpeedtestClientOui($4.StringValue value) => $_setField(709, value);
                                                        ^^^^^^^^^^
lib/generated/spacex_api/device/wifi.pb.dart:16122:43: Error: The method '$_clearField' isn't defined for the type 'starlink_router_hourly_metrics_v2'.
 - 'starlink_router_hourly_metrics_v2' is from 'package:starlink_isp_app/generated/spacex_api/device/wifi.pb.dart' ('lib/generated/spacex_api/device/wifi.pb.dart').
Try correcting the name to the name of an existing method, or defining a method named '$_clearField'.
  void clearClientSpeedtestClientOui() => $_clearField(709);
                                          ^^^^^^^^^^^^
lib/generated/spacex_api/device/wifi.pb.dart:16129:38: Error: 'UInt32Value' isn't a type.
  set clientSpeedtestClientTxRate($4.UInt32Value value) =>
                                     ^^^^^^^^^^^
lib/generated/spacex_api/device/wifi.pb.dart:16130:7: Error: The method '$_setField' isn't defined for the type 'starlink_router_hourly_metrics_v2'.
 - 'starlink_router_hourly_metrics_v2' is from 'package:starlink_isp_app/generated/spacex_api/device/wifi.pb.dart' ('lib/generated/spacex_api/device/wifi.pb.dart').
Try correcting the name to the name of an existing method, or defining a method named '$_setField'.
      $_setField(710, value);
      ^^^^^^^^^^
lib/generated/spacex_api/device/wifi.pb.dart:16134:46: Error: The method '$_clearField' isn't defined for the type 'starlink_router_hourly_metrics_v2'.
 - 'starlink_router_hourly_metrics_v2' is from 'package:starlink_isp_app/generated/spacex_api/device/wifi.pb.dart' ('lib/generated/spacex_api/device/wifi.pb.dart').
Try correcting the name to the name of an existing method, or defining a method named '$_clearField'.
  void clearClientSpeedtestClientTxRate() => $_clearField(710);
                                             ^^^^^^^^^^^^
lib/generated/spacex_api/device/wifi.pb.dart:16141:38: Error: 'UInt32Value' isn't a type.
  set clientSpeedtestClientRxRate($4.UInt32Value value) =>
                                     ^^^^^^^^^^^
lib/generated/spacex_api/device/wifi.pb.dart:16142:7: Error: The method '$_setField' isn't defined for the type 'starlink_router_hourly_metrics_v2'.
 - 'starlink_router_hourly_metrics_v2' is from 'package:starlink_isp_app/generated/spacex_api/device/wifi.pb.dart' ('lib/generated/spacex_api/device/wifi.pb.dart').
Try correcting the name to the name of an existing method, or defining a method named '$_setField'.
      $_setField(711, value);
      ^^^^^^^^^^
lib/generated/spacex_api/device/wifi.pb.dart:16146:46: Error: The method '$_clearField' isn't defined for the type 'starlink_router_hourly_metrics_v2'.
 - 'starlink_router_hourly_metrics_v2' is from 'package:starlink_isp_app/generated/spacex_api/device/wifi.pb.dart' ('lib/generated/spacex_api/device/wifi.pb.dart').
Try correcting the name to the name of an existing method, or defining a method named '$_clearField'.
  void clearClientSpeedtestClientRxRate() => $_clearField(711);
                                             ^^^^^^^^^^^^
lib/generated/spacex_api/device/wifi.pb.dart:16153:44: Error: 'UInt32Value' isn't a type.
  set clientSpeedtestClientPlatformType($4.UInt32Value value) =>
                                           ^^^^^^^^^^^
lib/generated/spacex_api/device/wifi.pb.dart:16154:7: Error: The method '$_setField' isn't defined for the type 'starlink_router_hourly_metrics_v2'.
 - 'starlink_router_hourly_metrics_v2' is from 'package:starlink_isp_app/generated/spacex_api/device/wifi.pb.dart' ('lib/generated/spacex_api/device/wifi.pb.dart').
Try correcting the name to the name of an existing method, or defining a method named '$_setField'.
      $_setField(712, value);
      ^^^^^^^^^^
lib/generated/spacex_api/device/wifi.pb.dart:16158:52: Error: The method '$_clearField' isn't defined for the type 'starlink_router_hourly_metrics_v2'.
 - 'starlink_router_hourly_metrics_v2' is from 'package:starlink_isp_app/generated/spacex_api/device/wifi.pb.dart' ('lib/generated/spacex_api/device/wifi.pb.dart').
Try correcting the name to the name of an existing method, or defining a method named '$_clearField'.
  void clearClientSpeedtestClientPlatformType() => $_clearField(712);
                                                   ^^^^^^^^^^^^
lib/generated/spacex_api/device/wifi.pb.dart:16165:39: Error: 'FloatValue' isn't a type.
  set speedtestTcp8DownloadMbpsAvg($4.FloatValue value) =>
                                      ^^^^^^^^^^
lib/generated/spacex_api/device/wifi.pb.dart:16166:7: Error: The method '$_setField' isn't defined for the type 'starlink_router_hourly_metrics_v2'.
 - 'starlink_router_hourly_metrics_v2' is from 'package:starlink_isp_app/generated/spacex_api/device/wifi.pb.dart' ('lib/generated/spacex_api/device/wifi.pb.dart').
Try correcting the name to the name of an existing method, or defining a method named '$_setField'.
      $_setField(800, value);
      ^^^^^^^^^^
lib/generated/spacex_api/device/wifi.pb.dart:16170:47: Error: The method '$_clearField' isn't defined for the type 'starlink_router_hourly_metrics_v2'.
 - 'starlink_router_hourly_metrics_v2' is from 'package:starlink_isp_app/generated/spacex_api/device/wifi.pb.dart' ('lib/generated/spacex_api/device/wifi.pb.dart').
Try correcting the name to the name of an existing method, or defining a method named '$_clearField'.
  void clearSpeedtestTcp8DownloadMbpsAvg() => $_clearField(800);
                                              ^^^^^^^^^^^^
lib/generated/spacex_api/device/wifi.pb.dart:16177:39: Error: 'FloatValue' isn't a type.
  set speedtestTcp8DownloadMbpsMax($4.FloatValue value) =>
                                      ^^^^^^^^^^
lib/generated/spacex_api/device/wifi.pb.dart:16178:7: Error: The method '$_setField' isn't defined for the type 'starlink_router_hourly_metrics_v2'.
 - 'starlink_router_hourly_metrics_v2' is from 'package:starlink_isp_app/generated/spacex_api/device/wifi.pb.dart' ('lib/generated/spacex_api/device/wifi.pb.dart').
Try correcting the name to the name of an existing method, or defining a method named '$_setField'.
      $_setField(801, value);
      ^^^^^^^^^^
lib/generated/spacex_api/device/wifi.pb.dart:16182:47: Error: The method '$_clearField' isn't defined for the type 'starlink_router_hourly_metrics_v2'.
 - 'starlink_router_hourly_metrics_v2' is from 'package:starlink_isp_app/generated/spacex_api/device/wifi.pb.dart' ('lib/generated/spacex_api/device/wifi.pb.dart').
Try correcting the name to the name of an existing method, or defining a method named '$_clearField'.
  void clearSpeedtestTcp8DownloadMbpsMax() => $_clearField(801);
                                              ^^^^^^^^^^^^
lib/generated/spacex_api/device/wifi.pb.dart:16189:37: Error: 'FloatValue' isn't a type.
  set speedtestTcp8UploadMbpsAvg($4.FloatValue value) => $_setField(802, value);
                                    ^^^^^^^^^^
lib/generated/spacex_api/device/wifi.pb.dart:16189:58: Error: The method '$_setField' isn't defined for the type 'starlink_router_hourly_metrics_v2'.
 - 'starlink_router_hourly_metrics_v2' is from 'package:starlink_isp_app/generated/spacex_api/device/wifi.pb.dart' ('lib/generated/spacex_api/device/wifi.pb.dart').
Try correcting the name to the name of an existing method, or defining a method named '$_setField'.
  set speedtestTcp8UploadMbpsAvg($4.FloatValue value) => $_setField(802, value);
                                                         ^^^^^^^^^^
lib/generated/spacex_api/device/wifi.pb.dart:16193:45: Error: The method '$_clearField' isn't defined for the type 'starlink_router_hourly_metrics_v2'.
 - 'starlink_router_hourly_metrics_v2' is from 'package:starlink_isp_app/generated/spacex_api/device/wifi.pb.dart' ('lib/generated/spacex_api/device/wifi.pb.dart').
Try correcting the name to the name of an existing method, or defining a method named '$_clearField'.
  void clearSpeedtestTcp8UploadMbpsAvg() => $_clearField(802);
                                            ^^^^^^^^^^^^
lib/generated/spacex_api/device/wifi.pb.dart:16200:37: Error: 'FloatValue' isn't a type.
  set speedtestTcp8UploadMbpsMax($4.FloatValue value) => $_setField(803, value);
                                    ^^^^^^^^^^
lib/generated/spacex_api/device/wifi.pb.dart:16200:58: Error: The method '$_setField' isn't defined for the type 'starlink_router_hourly_metrics_v2'.
 - 'starlink_router_hourly_metrics_v2' is from 'package:starlink_isp_app/generated/spacex_api/device/wifi.pb.dart' ('lib/generated/spacex_api/device/wifi.pb.dart').
Try correcting the name to the name of an existing method, or defining a method named '$_setField'.
  set speedtestTcp8UploadMbpsMax($4.FloatValue value) => $_setField(803, value);
                                                         ^^^^^^^^^^
lib/generated/spacex_api/device/wifi.pb.dart:16204:45: Error: The method '$_clearField' isn't defined for the type 'starlink_router_hourly_metrics_v2'.
 - 'starlink_router_hourly_metrics_v2' is from 'package:starlink_isp_app/generated/spacex_api/device/wifi.pb.dart' ('lib/generated/spacex_api/device/wifi.pb.dart').
Try correcting the name to the name of an existing method, or defining a method named '$_clearField'.
  void clearSpeedtestTcp8UploadMbpsMax() => $_clearField(803);
                                            ^^^^^^^^^^^^
lib/generated/spacex_api/device/wifi.pb.dart:16211:40: Error: 'FloatValue' isn't a type.
  set speedtestTcp64DownloadMbpsAvg($4.FloatValue value) =>
                                       ^^^^^^^^^^
lib/generated/spacex_api/device/wifi.pb.dart:16212:7: Error: The method '$_setField' isn't defined for the type 'starlink_router_hourly_metrics_v2'.
 - 'starlink_router_hourly_metrics_v2' is from 'package:starlink_isp_app/generated/spacex_api/device/wifi.pb.dart' ('lib/generated/spacex_api/device/wifi.pb.dart').
Try correcting the name to the name of an existing method, or defining a method named '$_setField'.
      $_setField(804, value);
      ^^^^^^^^^^
lib/generated/spacex_api/device/wifi.pb.dart:16216:48: Error: The method '$_clearField' isn't defined for the type 'starlink_router_hourly_metrics_v2'.
 - 'starlink_router_hourly_metrics_v2' is from 'package:starlink_isp_app/generated/spacex_api/device/wifi.pb.dart' ('lib/generated/spacex_api/device/wifi.pb.dart').
Try correcting the name to the name of an existing method, or defining a method named '$_clearField'.
  void clearSpeedtestTcp64DownloadMbpsAvg() => $_clearField(804);
                                               ^^^^^^^^^^^^
lib/generated/spacex_api/device/wifi.pb.dart:16223:40: Error: 'FloatValue' isn't a type.
  set speedtestTcp64DownloadMbpsMax($4.FloatValue value) =>
                                       ^^^^^^^^^^
lib/generated/spacex_api/device/wifi.pb.dart:16224:7: Error: The method '$_setField' isn't defined for the type 'starlink_router_hourly_metrics_v2'.
 - 'starlink_router_hourly_metrics_v2' is from 'package:starlink_isp_app/generated/spacex_api/device/wifi.pb.dart' ('lib/generated/spacex_api/device/wifi.pb.dart').
Try correcting the name to the name of an existing method, or defining a method named '$_setField'.
      $_setField(805, value);
      ^^^^^^^^^^
lib/generated/spacex_api/device/wifi.pb.dart:16228:48: Error: The method '$_clearField' isn't defined for the type 'starlink_router_hourly_metrics_v2'.
 - 'starlink_router_hourly_metrics_v2' is from 'package:starlink_isp_app/generated/spacex_api/device/wifi.pb.dart' ('lib/generated/spacex_api/device/wifi.pb.dart').
Try correcting the name to the name of an existing method, or defining a method named '$_clearField'.
  void clearSpeedtestTcp64DownloadMbpsMax() => $_clearField(805);
                                               ^^^^^^^^^^^^
lib/generated/spacex_api/device/wifi.pb.dart:16235:38: Error: 'FloatValue' isn't a type.
  set speedtestTcp64UploadMbpsAvg($4.FloatValue value) =>
                                     ^^^^^^^^^^
lib/generated/spacex_api/device/wifi.pb.dart:16236:7: Error: The method '$_setField' isn't defined for the type 'starlink_router_hourly_metrics_v2'.
 - 'starlink_router_hourly_metrics_v2' is from 'package:starlink_isp_app/generated/spacex_api/device/wifi.pb.dart' ('lib/generated/spacex_api/device/wifi.pb.dart').
Try correcting the name to the name of an existing method, or defining a method named '$_setField'.
      $_setField(806, value);
      ^^^^^^^^^^
lib/generated/spacex_api/device/wifi.pb.dart:16240:46: Error: The method '$_clearField' isn't defined for the type 'starlink_router_hourly_metrics_v2'.
 - 'starlink_router_hourly_metrics_v2' is from 'package:starlink_isp_app/generated/spacex_api/device/wifi.pb.dart' ('lib/generated/spacex_api/device/wifi.pb.dart').
Try correcting the name to the name of an existing method, or defining a method named '$_clearField'.
  void clearSpeedtestTcp64UploadMbpsAvg() => $_clearField(806);
                                             ^^^^^^^^^^^^
lib/generated/spacex_api/device/wifi.pb.dart:16247:38: Error: 'FloatValue' isn't a type.
  set speedtestTcp64UploadMbpsMax($4.FloatValue value) =>
                                     ^^^^^^^^^^
lib/generated/spacex_api/device/wifi.pb.dart:16248:7: Error: The method '$_setField' isn't defined for the type 'starlink_router_hourly_metrics_v2'.
 - 'starlink_router_hourly_metrics_v2' is from 'package:starlink_isp_app/generated/spacex_api/device/wifi.pb.dart' ('lib/generated/spacex_api/device/wifi.pb.dart').
Try correcting the name to the name of an existing method, or defining a method named '$_setField'.
      $_setField(807, value);
      ^^^^^^^^^^
lib/generated/spacex_api/device/wifi.pb.dart:16252:46: Error: The method '$_clearField' isn't defined for the type 'starlink_router_hourly_metrics_v2'.
 - 'starlink_router_hourly_metrics_v2' is from 'package:starlink_isp_app/generated/spacex_api/device/wifi.pb.dart' ('lib/generated/spacex_api/device/wifi.pb.dart').
Try correcting the name to the name of an existing method, or defining a method named '$_clearField'.
  void clearSpeedtestTcp64UploadMbpsMax() => $_clearField(807);
                                             ^^^^^^^^^^^^
lib/generated/spacex_api/device/wifi.pb.dart:16259:21: Error: 'UInt32Value' isn't a type.
  set dishCellId($4.UInt32Value value) => $_setField(900, value);
                    ^^^^^^^^^^^
lib/generated/spacex_api/device/wifi.pb.dart:16259:43: Error: The method '$_setField' isn't defined for the type 'starlink_router_hourly_metrics_v2'.
 - 'starlink_router_hourly_metrics_v2' is from 'package:starlink_isp_app/generated/spacex_api/device/wifi.pb.dart' ('lib/generated/spacex_api/device/wifi.pb.dart').
Try correcting the name to the name of an existing method, or defining a method named '$_setField'.
  set dishCellId($4.UInt32Value value) => $_setField(900, value);
                                          ^^^^^^^^^^
lib/generated/spacex_api/device/wifi.pb.dart:16263:29: Error: The method '$_clearField' isn't defined for the type 'starlink_router_hourly_metrics_v2'.
 - 'starlink_router_hourly_metrics_v2' is from 'package:starlink_isp_app/generated/spacex_api/device/wifi.pb.dart' ('lib/generated/spacex_api/device/wifi.pb.dart').
Try correcting the name to the name of an existing method, or defining a method named '$_clearField'.
  void clearDishCellId() => $_clearField(900);
                            ^^^^^^^^^^^^
lib/generated/spacex_api/device/wifi.pb.dart:16270:30: Error: 'BoolValue' isn't a type.
  set configSetupComplete($4.BoolValue value) => $_setField(1000, value);
                             ^^^^^^^^^
lib/generated/spacex_api/device/wifi.pb.dart:16270:50: Error: The method '$_setField' isn't defined for the type 'starlink_router_hourly_metrics_v2'.
 - 'starlink_router_hourly_metrics_v2' is from 'package:starlink_isp_app/generated/spacex_api/device/wifi.pb.dart' ('lib/generated/spacex_api/device/wifi.pb.dart').
Try correcting the name to the name of an existing method, or defining a method named '$_setField'.
  set configSetupComplete($4.BoolValue value) => $_setField(1000, value);
                                                 ^^^^^^^^^^
lib/generated/spacex_api/device/wifi.pb.dart:16274:38: Error: The method '$_clearField' isn't defined for the type 'starlink_router_hourly_metrics_v2'.
 - 'starlink_router_hourly_metrics_v2' is from 'package:starlink_isp_app/generated/spacex_api/device/wifi.pb.dart' ('lib/generated/spacex_api/device/wifi.pb.dart').
Try correcting the name to the name of an existing method, or defining a method named '$_clearField'.
  void clearConfigSetupComplete() => $_clearField(1000);
                                     ^^^^^^^^^^^^
lib/generated/spacex_api/device/wifi.pb.dart:16281:27: Error: 'BoolValue' isn't a type.
  set configBandsSplit($4.BoolValue value) => $_setField(1001, value);
                          ^^^^^^^^^
lib/generated/spacex_api/device/wifi.pb.dart:16281:47: Error: The method '$_setField' isn't defined for the type 'starlink_router_hourly_metrics_v2'.
 - 'starlink_router_hourly_metrics_v2' is from 'package:starlink_isp_app/generated/spacex_api/device/wifi.pb.dart' ('lib/generated/spacex_api/device/wifi.pb.dart').
Try correcting the name to the name of an existing method, or defining a method named '$_setField'.
  set configBandsSplit($4.BoolValue value) => $_setField(1001, value);
                                              ^^^^^^^^^^
lib/generated/spacex_api/device/wifi.pb.dart:16285:35: Error: The method '$_clearField' isn't defined for the type 'starlink_router_hourly_metrics_v2'.
 - 'starlink_router_hourly_metrics_v2' is from 'package:starlink_isp_app/generated/spacex_api/device/wifi.pb.dart' ('lib/generated/spacex_api/device/wifi.pb.dart').
Try correcting the name to the name of an existing method, or defining a method named '$_clearField'.
  void clearConfigBandsSplit() => $_clearField(1001);
                                  ^^^^^^^^^^^^
lib/generated/spacex_api/device/wifi.pb.dart:16292:27: Error: 'BoolValue' isn't a type.
  set configIsRepeater($4.BoolValue value) => $_setField(1002, value);
                          ^^^^^^^^^
lib/generated/spacex_api/device/wifi.pb.dart:16292:47: Error: The method '$_setField' isn't defined for the type 'starlink_router_hourly_metrics_v2'.
 - 'starlink_router_hourly_metrics_v2' is from 'package:starlink_isp_app/generated/spacex_api/device/wifi.pb.dart' ('lib/generated/spacex_api/device/wifi.pb.dart').
Try correcting the name to the name of an existing method, or defining a method named '$_setField'.
  set configIsRepeater($4.BoolValue value) => $_setField(1002, value);
                                              ^^^^^^^^^^
lib/generated/spacex_api/device/wifi.pb.dart:16296:35: Error: The method '$_clearField' isn't defined for the type 'starlink_router_hourly_metrics_v2'.
 - 'starlink_router_hourly_metrics_v2' is from 'package:starlink_isp_app/generated/spacex_api/device/wifi.pb.dart' ('lib/generated/spacex_api/device/wifi.pb.dart').
Try correcting the name to the name of an existing method, or defining a method named '$_clearField'.
  void clearConfigIsRepeater() => $_clearField(1002);
                                  ^^^^^^^^^^^^
lib/generated/spacex_api/device/wifi.pb.dart:16303:28: Error: 'BoolValue' isn't a type.
  set configOpenNetwork($4.BoolValue value) => $_setField(1003, value);
                           ^^^^^^^^^
lib/generated/spacex_api/device/wifi.pb.dart:16303:48: Error: The method '$_setField' isn't defined for the type 'starlink_router_hourly_metrics_v2'.
 - 'starlink_router_hourly_metrics_v2' is from 'package:starlink_isp_app/generated/spacex_api/device/wifi.pb.dart' ('lib/generated/spacex_api/device/wifi.pb.dart').
Try correcting the name to the name of an existing method, or defining a method named '$_setField'.
  set configOpenNetwork($4.BoolValue value) => $_setField(1003, value);
                                               ^^^^^^^^^^
lib/generated/spacex_api/device/wifi.pb.dart:16307:36: Error: The method '$_clearField' isn't defined for the type 'starlink_router_hourly_metrics_v2'.
 - 'starlink_router_hourly_metrics_v2' is from 'package:starlink_isp_app/generated/spacex_api/device/wifi.pb.dart' ('lib/generated/spacex_api/device/wifi.pb.dart').
Try correcting the name to the name of an existing method, or defining a method named '$_clearField'.
  void clearConfigOpenNetwork() => $_clearField(1003);
                                   ^^^^^^^^^^^^
lib/generated/spacex_api/device/wifi.pb.dart:16314:27: Error: 'BoolValue' isn't a type.
  set configIsAviation($4.BoolValue value) => $_setField(1004, value);
                          ^^^^^^^^^
lib/generated/spacex_api/device/wifi.pb.dart:16314:47: Error: The method '$_setField' isn't defined for the type 'starlink_router_hourly_metrics_v2'.
 - 'starlink_router_hourly_metrics_v2' is from 'package:starlink_isp_app/generated/spacex_api/device/wifi.pb.dart' ('lib/generated/spacex_api/device/wifi.pb.dart').
Try correcting the name to the name of an existing method, or defining a method named '$_setField'.
  set configIsAviation($4.BoolValue value) => $_setField(1004, value);
                                              ^^^^^^^^^^
lib/generated/spacex_api/device/wifi.pb.dart:16318:35: Error: The method '$_clearField' isn't defined for the type 'starlink_router_hourly_metrics_v2'.
 - 'starlink_router_hourly_metrics_v2' is from 'package:starlink_isp_app/generated/spacex_api/device/wifi.pb.dart' ('lib/generated/spacex_api/device/wifi.pb.dart').
Try correcting the name to the name of an existing method, or defining a method named '$_clearField'.
  void clearConfigIsAviation() => $_clearField(1004);
                                  ^^^^^^^^^^^^
lib/generated/spacex_api/device/wifi.pb.dart:16325:26: Error: 'BoolValue' isn't a type.
  set configSecureDns($4.BoolValue value) => $_setField(1005, value);
                         ^^^^^^^^^
lib/generated/spacex_api/device/wifi.pb.dart:16325:46: Error: The method '$_setField' isn't defined for the type 'starlink_router_hourly_metrics_v2'.
 - 'starlink_router_hourly_metrics_v2' is from 'package:starlink_isp_app/generated/spacex_api/device/wifi.pb.dart' ('lib/generated/spacex_api/device/wifi.pb.dart').
Try correcting the name to the name of an existing method, or defining a method named '$_setField'.
  set configSecureDns($4.BoolValue value) => $_setField(1005, value);
                                             ^^^^^^^^^^
lib/generated/spacex_api/device/wifi.pb.dart:16329:34: Error: The method '$_clearField' isn't defined for the type 'starlink_router_hourly_metrics_v2'.
 - 'starlink_router_hourly_metrics_v2' is from 'package:starlink_isp_app/generated/spacex_api/device/wifi.pb.dart' ('lib/generated/spacex_api/device/wifi.pb.dart').
Try correcting the name to the name of an existing method, or defining a method named '$_clearField'.
  void clearConfigSecureDns() => $_clearField(1005);
                                 ^^^^^^^^^^^^
lib/generated/spacex_api/device/wifi.pb.dart:16336:23: Error: 'BoolValue' isn't a type.
  set configLegacy($4.BoolValue value) => $_setField(1006, value);
                      ^^^^^^^^^
lib/generated/spacex_api/device/wifi.pb.dart:16336:43: Error: The method '$_setField' isn't defined for the type 'starlink_router_hourly_metrics_v2'.
 - 'starlink_router_hourly_metrics_v2' is from 'package:starlink_isp_app/generated/spacex_api/device/wifi.pb.dart' ('lib/generated/spacex_api/device/wifi.pb.dart').
Try correcting the name to the name of an existing method, or defining a method named '$_setField'.
  set configLegacy($4.BoolValue value) => $_setField(1006, value);
                                          ^^^^^^^^^^
lib/generated/spacex_api/device/wifi.pb.dart:16340:31: Error: The method '$_clearField' isn't defined for the type 'starlink_router_hourly_metrics_v2'.
 - 'starlink_router_hourly_metrics_v2' is from 'package:starlink_isp_app/generated/spacex_api/device/wifi.pb.dart' ('lib/generated/spacex_api/device/wifi.pb.dart').
Try correcting the name to the name of an existing method, or defining a method named '$_clearField'.
  void clearConfigLegacy() => $_clearField(1006);
                              ^^^^^^^^^^^^
lib/generated/spacex_api/device/wifi.pb.dart:16347:23: Error: 'BoolValue' isn't a type.
  set configApMode($4.BoolValue value) => $_setField(1007, value);
                      ^^^^^^^^^
lib/generated/spacex_api/device/wifi.pb.dart:16347:43: Error: The method '$_setField' isn't defined for the type 'starlink_router_hourly_metrics_v2'.
 - 'starlink_router_hourly_metrics_v2' is from 'package:starlink_isp_app/generated/spacex_api/device/wifi.pb.dart' ('lib/generated/spacex_api/device/wifi.pb.dart').
Try correcting the name to the name of an existing method, or defining a method named '$_setField'.
  set configApMode($4.BoolValue value) => $_setField(1007, value);
                                          ^^^^^^^^^^
lib/generated/spacex_api/device/wifi.pb.dart:16351:31: Error: The method '$_clearField' isn't defined for the type 'starlink_router_hourly_metrics_v2'.
 - 'starlink_router_hourly_metrics_v2' is from 'package:starlink_isp_app/generated/spacex_api/device/wifi.pb.dart' ('lib/generated/spacex_api/device/wifi.pb.dart').
Try correcting the name to the name of an existing method, or defining a method named '$_clearField'.
  void clearConfigApMode() => $_clearField(1007);
                              ^^^^^^^^^^^^
lib/generated/spacex_api/device/wifi.pb.dart:16358:27: Error: 'BoolValue' isn't a type.
  set configDfsEnabled($4.BoolValue value) => $_setField(1008, value);
                          ^^^^^^^^^
lib/generated/spacex_api/device/wifi.pb.dart:16358:47: Error: The method '$_setField' isn't defined for the type 'starlink_router_hourly_metrics_v2'.
 - 'starlink_router_hourly_metrics_v2' is from 'package:starlink_isp_app/generated/spacex_api/device/wifi.pb.dart' ('lib/generated/spacex_api/device/wifi.pb.dart').
Try correcting the name to the name of an existing method, or defining a method named '$_setField'.
  set configDfsEnabled($4.BoolValue value) => $_setField(1008, value);
                                              ^^^^^^^^^^
lib/generated/spacex_api/device/wifi.pb.dart:16362:35: Error: The method '$_clearField' isn't defined for the type 'starlink_router_hourly_metrics_v2'.
 - 'starlink_router_hourly_metrics_v2' is from 'package:starlink_isp_app/generated/spacex_api/device/wifi.pb.dart' ('lib/generated/spacex_api/device/wifi.pb.dart').
Try correcting the name to the name of an existing method, or defining a method named '$_clearField'.
  void clearConfigDfsEnabled() => $_clearField(1008);
                                  ^^^^^^^^^^^^
lib/generated/spacex_api/device/wifi.pb.dart:16369:37: Error: 'BoolValue' isn't a type.
  set configNetworkNameIsDefault($4.BoolValue value) => $_setField(1009, value);
                                    ^^^^^^^^^
lib/generated/spacex_api/device/wifi.pb.dart:16369:57: Error: The method '$_setField' isn't defined for the type 'starlink_router_hourly_metrics_v2'.
 - 'starlink_router_hourly_metrics_v2' is from 'package:starlink_isp_app/generated/spacex_api/device/wifi.pb.dart' ('lib/generated/spacex_api/device/wifi.pb.dart').
Try correcting the name to the name of an existing method, or defining a method named '$_setField'.
  set configNetworkNameIsDefault($4.BoolValue value) => $_setField(1009, value);
                                                        ^^^^^^^^^^
lib/generated/spacex_api/device/wifi.pb.dart:16373:45: Error: The method '$_clearField' isn't defined for the type 'starlink_router_hourly_metrics_v2'.
 - 'starlink_router_hourly_metrics_v2' is from 'package:starlink_isp_app/generated/spacex_api/device/wifi.pb.dart' ('lib/generated/spacex_api/device/wifi.pb.dart').
Try correcting the name to the name of an existing method, or defining a method named '$_clearField'.
  void clearConfigNetworkNameIsDefault() => $_clearField(1009);
                                            ^^^^^^^^^^^^
lib/generated/spacex_api/device/wifi.pb.dart:16380:33: Error: 'BoolValue' isn't a type.
  set configRemoteSshEnabled($4.BoolValue value) => $_setField(1010, value);
                                ^^^^^^^^^
lib/generated/spacex_api/device/wifi.pb.dart:16380:53: Error: The method '$_setField' isn't defined for the type 'starlink_router_hourly_metrics_v2'.
 - 'starlink_router_hourly_metrics_v2' is from 'package:starlink_isp_app/generated/spacex_api/device/wifi.pb.dart' ('lib/generated/spacex_api/device/wifi.pb.dart').
Try correcting the name to the name of an existing method, or defining a method named '$_setField'.
  set configRemoteSshEnabled($4.BoolValue value) => $_setField(1010, value);
                                                    ^^^^^^^^^^
lib/generated/spacex_api/device/wifi.pb.dart:16384:41: Error: The method '$_clearField' isn't defined for the type 'starlink_router_hourly_metrics_v2'.
 - 'starlink_router_hourly_metrics_v2' is from 'package:starlink_isp_app/generated/spacex_api/device/wifi.pb.dart' ('lib/generated/spacex_api/device/wifi.pb.dart').
Try correcting the name to the name of an existing method, or defining a method named '$_clearField'.
  void clearConfigRemoteSshEnabled() => $_clearField(1010);
                                        ^^^^^^^^^^^^
lib/generated/spacex_api/device/wifi.pb.dart:16496:26: Error: The method '$_clearField' isn't defined for the type 'WifiGuestInfoResponse'.
 - 'WifiGuestInfoResponse' is from 'package:starlink_isp_app/generated/spacex_api/device/wifi.pb.dart' ('lib/generated/spacex_api/device/wifi.pb.dart').
Try correcting the name to the name of an existing method, or defining a method named '$_clearField'.
  void clearIsGuest() => $_clearField(1);
                         ^^^^^^^^^^^^
lib/generated/spacex_api/device/wifi.pb.dart:16505:27: Error: The method '$_clearField' isn't defined for the type 'WifiGuestInfoResponse'.
 - 'WifiGuestInfoResponse' is from 'package:starlink_isp_app/generated/spacex_api/device/wifi.pb.dart' ('lib/generated/spacex_api/device/wifi.pb.dart').
Try correcting the name to the name of an existing method, or defining a method named '$_clearField'.
  void clearIsOnline() => $_clearField(2);
                          ^^^^^^^^^^^^
lib/generated/spacex_api/device/wifi.pb.dart:16514:40: Error: The method '$_clearField' isn't defined for the type 'WifiGuestInfoResponse'.
 - 'WifiGuestInfoResponse' is from 'package:starlink_isp_app/generated/spacex_api/device/wifi.pb.dart' ('lib/generated/spacex_api/device/wifi.pb.dart').
Try correcting the name to the name of an existing method, or defining a method named '$_clearField'.
  void clearRouterHardwareVersion() => $_clearField(3);
                                       ^^^^^^^^^^^^
lib/generated/spacex_api/device/wifi.pb.dart:16523:38: Error: The method '$_clearField' isn't defined for the type 'WifiGuestInfoResponse'.
 - 'WifiGuestInfoResponse' is from 'package:starlink_isp_app/generated/spacex_api/device/wifi.pb.dart' ('lib/generated/spacex_api/device/wifi.pb.dart').
Try correcting the name to the name of an existing method, or defining a method named '$_clearField'.
  void clearDishHardwareVersion() => $_clearField(4);
                                     ^^^^^^^^^^^^
lib/generated/spacex_api/device/wifi.pb.dart:16532:44: Error: The method '$_clearField' isn't defined for the type 'WifiGuestInfoResponse'.
 - 'WifiGuestInfoResponse' is from 'package:starlink_isp_app/generated/spacex_api/device/wifi.pb.dart' ('lib/generated/spacex_api/device/wifi.pb.dart').
Try correcting the name to the name of an existing method, or defining a method named '$_clearField'.
  void clearIsRouterAviationConformed() => $_clearField(5);
                                           ^^^^^^^^^^^^
lib/generated/spacex_api/device/wifi.pb.dart:16615:26: Error: The method '$_clearField' isn't defined for the type 'WifiFactoryTestCommandRequest'.
 - 'WifiFactoryTestCommandRequest' is from 'package:starlink_isp_app/generated/spacex_api/device/wifi.pb.dart' ('lib/generated/spacex_api/device/wifi.pb.dart').
Try correcting the name to the name of an existing method, or defining a method named '$_clearField'.
  void clearCommand() => $_clearField($_whichOneof(0));
                         ^^^^^^^^^^^^
lib/generated/spacex_api/device/wifi.pb.dart:16620:45: Error: The method '$_setField' isn't defined for the type 'WifiFactoryTestCommandRequest'.
 - 'WifiFactoryTestCommandRequest' is from 'package:starlink_isp_app/generated/spacex_api/device/wifi.pb.dart' ('lib/generated/spacex_api/device/wifi.pb.dart').
Try correcting the name to the name of an existing method, or defining a method named '$_setField'.
  set iwprivCommand(IwprivCommand value) => $_setField(1, value);
                                            ^^^^^^^^^^
lib/generated/spacex_api/device/wifi.pb.dart:16624:32: Error: The method '$_clearField' isn't defined for the type 'WifiFactoryTestCommandRequest'.
 - 'WifiFactoryTestCommandRequest' is from 'package:starlink_isp_app/generated/spacex_api/device/wifi.pb.dart' ('lib/generated/spacex_api/device/wifi.pb.dart').
Try correcting the name to the name of an existing method, or defining a method named '$_clearField'.
  void clearIwprivCommand() => $_clearField(1);
                               ^^^^^^^^^^^^
lib/generated/spacex_api/device/wifi.pb.dart:16631:51: Error: The method '$_setField' isn't defined for the type 'WifiFactoryTestCommandRequest'.
 - 'WifiFactoryTestCommandRequest' is from 'package:starlink_isp_app/generated/spacex_api/device/wifi.pb.dart' ('lib/generated/spacex_api/device/wifi.pb.dart').
Try correcting the name to the name of an existing method, or defining a method named '$_setField'.
  set ipLinkSetCommand(IpLinkSetCommand value) => $_setField(2, value);
                                                  ^^^^^^^^^^
lib/generated/spacex_api/device/wifi.pb.dart:16635:35: Error: The method '$_clearField' isn't defined for the type 'WifiFactoryTestCommandRequest'.
 - 'WifiFactoryTestCommandRequest' is from 'package:starlink_isp_app/generated/spacex_api/device/wifi.pb.dart' ('lib/generated/spacex_api/device/wifi.pb.dart').
Try correcting the name to the name of an existing method, or defining a method named '$_clearField'.
  void clearIpLinkSetCommand() => $_clearField(2);
                                  ^^^^^^^^^^^^
lib/generated/spacex_api/device/wifi.pb.dart:16642:51: Error: The method '$_setField' isn't defined for the type 'WifiFactoryTestCommandRequest'.
 - 'WifiFactoryTestCommandRequest' is from 'package:starlink_isp_app/generated/spacex_api/device/wifi.pb.dart' ('lib/generated/spacex_api/device/wifi.pb.dart').
Try correcting the name to the name of an existing method, or defining a method named '$_setField'.
  set ipAddrSetCommand(IpAddrSetCommand value) => $_setField(3, value);
                                                  ^^^^^^^^^^
lib/generated/spacex_api/device/wifi.pb.dart:16646:35: Error: The method '$_clearField' isn't defined for the type 'WifiFactoryTestCommandRequest'.
 - 'WifiFactoryTestCommandRequest' is from 'package:starlink_isp_app/generated/spacex_api/device/wifi.pb.dart' ('lib/generated/spacex_api/device/wifi.pb.dart').
Try correcting the name to the name of an existing method, or defining a method named '$_clearField'.
  void clearIpAddrSetCommand() => $_clearField(3);
                                  ^^^^^^^^^^^^
lib/generated/spacex_api/device/wifi.pb.dart:16706:27: Error: The method '$_clearField' isn't defined for the type 'WifiFactoryTestCommandResponse'.
 - 'WifiFactoryTestCommandResponse' is from 'package:starlink_isp_app/generated/spacex_api/device/wifi.pb.dart' ('lib/generated/spacex_api/device/wifi.pb.dart').
Try correcting the name to the name of an existing method, or defining a method named '$_clearField'.
  void clearResponse() => $_clearField(1);
                          ^^^^^^^^^^^^
lib/generated/spacex_api/device/wifi.pb.dart:16738:7: Error: The method 'aE' isn't defined for the type 'BuilderInfo'.
 - 'BuilderInfo' is from 'package:protobuf/protobuf.dart' ('../../../.pub-cache/hosted/pub.dev/protobuf-3.1.0/lib/protobuf.dart').
Try correcting the name to the name of an existing method, or defining a method named 'aE'.
    ..aE<IwprivCommand_Ioctl>(3, _omitFieldNames ? '' : 'ioctl',
      ^^
lib/generated/spacex_api/device/wifi.pb.dart:16768:24: Error: The method '$_clearField' isn't defined for the type 'IwprivCommand'.
 - 'IwprivCommand' is from 'package:starlink_isp_app/generated/spacex_api/device/wifi.pb.dart' ('lib/generated/spacex_api/device/wifi.pb.dart').
Try correcting the name to the name of an existing method, or defining a method named '$_clearField'.
  void clearIface() => $_clearField(1);
                       ^^^^^^^^^^^^
lib/generated/spacex_api/device/wifi.pb.dart:16777:22: Error: The method '$_clearField' isn't defined for the type 'IwprivCommand'.
 - 'IwprivCommand' is from 'package:starlink_isp_app/generated/spacex_api/device/wifi.pb.dart' ('lib/generated/spacex_api/device/wifi.pb.dart').
Try correcting the name to the name of an existing method, or defining a method named '$_clearField'.
  void clearArg() => $_clearField(2);
                     ^^^^^^^^^^^^
lib/generated/spacex_api/device/wifi.pb.dart:16782:43: Error: The method '$_setField' isn't defined for the type 'IwprivCommand'.
 - 'IwprivCommand' is from 'package:starlink_isp_app/generated/spacex_api/device/wifi.pb.dart' ('lib/generated/spacex_api/device/wifi.pb.dart').
Try correcting the name to the name of an existing method, or defining a method named '$_setField'.
  set ioctl(IwprivCommand_Ioctl value) => $_setField(3, value);
                                          ^^^^^^^^^^
lib/generated/spacex_api/device/wifi.pb.dart:16786:24: Error: The method '$_clearField' isn't defined for the type 'IwprivCommand'.
 - 'IwprivCommand' is from 'package:starlink_isp_app/generated/spacex_api/device/wifi.pb.dart' ('lib/generated/spacex_api/device/wifi.pb.dart').
Try correcting the name to the name of an existing method, or defining a method named '$_clearField'.
  void clearIoctl() => $_clearField(3);
                       ^^^^^^^^^^^^
lib/generated/spacex_api/device/wifi.pb.dart:16844:24: Error: The method '$_clearField' isn't defined for the type 'IpLinkSetCommand'.
 - 'IpLinkSetCommand' is from 'package:starlink_isp_app/generated/spacex_api/device/wifi.pb.dart' ('lib/generated/spacex_api/device/wifi.pb.dart').
Try correcting the name to the name of an existing method, or defining a method named '$_clearField'.
  void clearIface() => $_clearField(1);
                       ^^^^^^^^^^^^
lib/generated/spacex_api/device/wifi.pb.dart:16853:21: Error: The method '$_clearField' isn't defined for the type 'IpLinkSetCommand'.
 - 'IpLinkSetCommand' is from 'package:starlink_isp_app/generated/spacex_api/device/wifi.pb.dart' ('lib/generated/spacex_api/device/wifi.pb.dart').
Try correcting the name to the name of an existing method, or defining a method named '$_clearField'.
  void clearUp() => $_clearField(2);
                    ^^^^^^^^^^^^
lib/generated/spacex_api/device/wifi.pb.dart:16914:24: Error: The method '$_clearField' isn't defined for the type 'IpAddrSetCommand'.
 - 'IpAddrSetCommand' is from 'package:starlink_isp_app/generated/spacex_api/device/wifi.pb.dart' ('lib/generated/spacex_api/device/wifi.pb.dart').
Try correcting the name to the name of an existing method, or defining a method named '$_clearField'.
  void clearIface() => $_clearField(1);
                       ^^^^^^^^^^^^
lib/generated/spacex_api/device/wifi.pb.dart:16923:22: Error: The method '$_clearField' isn't defined for the type 'IpAddrSetCommand'.
 - 'IpAddrSetCommand' is from 'package:starlink_isp_app/generated/spacex_api/device/wifi.pb.dart' ('lib/generated/spacex_api/device/wifi.pb.dart').
Try correcting the name to the name of an existing method, or defining a method named '$_clearField'.
  void clearAdd() => $_clearField(2);
                     ^^^^^^^^^^^^
lib/generated/spacex_api/device/wifi.pb.dart:16932:23: Error: The method '$_clearField' isn't defined for the type 'IpAddrSetCommand'.
 - 'IpAddrSetCommand' is from 'package:starlink_isp_app/generated/spacex_api/device/wifi.pb.dart' ('lib/generated/spacex_api/device/wifi.pb.dart').
Try correcting the name to the name of an existing method, or defining a method named '$_clearField'.
  void clearCidr() => $_clearField(3);
                      ^^^^^^^^^^^^
lib/generated/spacex_api/device/wifi.pb.dart:16958:7: Error: The method 'aI' isn't defined for the type 'BuilderInfo'.
 - 'BuilderInfo' is from 'package:protobuf/protobuf.dart' ('../../../.pub-cache/hosted/pub.dev/protobuf-3.1.0/lib/protobuf.dart').
Try correcting the name to the name of an existing method, or defining a method named 'aI'.
    ..aI(1, _omitFieldNames ? '' : 'port')
      ^^
lib/generated/spacex_api/device/wifi.pb.dart:16991:23: Error: The method '$_clearField' isn't defined for the type 'WifiStartLocalTelemProxyRequest'.
 - 'WifiStartLocalTelemProxyRequest' is from 'package:starlink_isp_app/generated/spacex_api/device/wifi.pb.dart' ('lib/generated/spacex_api/device/wifi.pb.dart').
Try correcting the name to the name of an existing method, or defining a method named '$_clearField'.
  void clearPort() => $_clearField(1);
                      ^^^^^^^^^^^^
lib/generated/spacex_api/device/wifi.pb.dart:17067:7: Error: The method 'aE' isn't defined for the type 'BuilderInfo'.
 - 'BuilderInfo' is from 'package:protobuf/protobuf.dart' ('../../../.pub-cache/hosted/pub.dev/protobuf-3.1.0/lib/protobuf.dart').
Try correcting the name to the name of an existing method, or defining a method named 'aE'.
    ..aE<$1.IfaceType>(3, _omitFieldNames ? '' : 'iface',
      ^^
lib/generated/spacex_api/device/wifi.pb.dart:17069:7: Error: The method 'aI' isn't defined for the type 'BuilderInfo'.
 - 'BuilderInfo' is from 'package:protobuf/protobuf.dart' ('../../../.pub-cache/hosted/pub.dev/protobuf-3.1.0/lib/protobuf.dart').
Try correcting the name to the name of an existing method, or defining a method named 'aI'.
    ..aI(4, _omitFieldNames ? '' : 'preference', fieldType: $pb.PbFieldType.OU3)
      ^^
lib/generated/spacex_api/device/wifi.pb.dart:17070:7: Error: The method 'pPM' isn't defined for the type 'BuilderInfo'.
 - 'BuilderInfo' is from 'package:protobuf/protobuf.dart' ('../../../.pub-cache/hosted/pub.dev/protobuf-3.1.0/lib/protobuf.dart').
Try correcting the name to the name of an existing method, or defining a method named 'pPM'.
    ..pPM<WifiSiteSurveyResult>(5, _omitFieldNames ? '' : 'siteSurveyScan',
      ^^^
lib/generated/spacex_api/device/wifi.pb.dart:17101:26: Error: The method '$_clearField' isn't defined for the type 'WifiBackhaulStatsResponse'.
 - 'WifiBackhaulStatsResponse' is from 'package:starlink_isp_app/generated/spacex_api/device/wifi.pb.dart' ('lib/generated/spacex_api/device/wifi.pb.dart').
Try correcting the name to the name of an existing method, or defining a method named '$_clearField'.
  void clearSuccess() => $_clearField(1);
                         ^^^^^^^^^^^^
lib/generated/spacex_api/device/wifi.pb.dart:17110:24: Error: The method '$_clearField' isn't defined for the type 'WifiBackhaulStatsResponse'.
 - 'WifiBackhaulStatsResponse' is from 'package:starlink_isp_app/generated/spacex_api/device/wifi.pb.dart' ('lib/generated/spacex_api/device/wifi.pb.dart').
Try correcting the name to the name of an existing method, or defining a method named '$_clearField'.
  void clearBssid() => $_clearField(2);
                       ^^^^^^^^^^^^
lib/generated/spacex_api/device/wifi.pb.dart:17115:36: Error: The method '$_setField' isn't defined for the type 'WifiBackhaulStatsResponse'.
 - 'WifiBackhaulStatsResponse' is from 'package:starlink_isp_app/generated/spacex_api/device/wifi.pb.dart' ('lib/generated/spacex_api/device/wifi.pb.dart').
Try correcting the name to the name of an existing method, or defining a method named '$_setField'.
  set iface($1.IfaceType value) => $_setField(3, value);
                                   ^^^^^^^^^^
lib/generated/spacex_api/device/wifi.pb.dart:17119:24: Error: The method '$_clearField' isn't defined for the type 'WifiBackhaulStatsResponse'.
 - 'WifiBackhaulStatsResponse' is from 'package:starlink_isp_app/generated/spacex_api/device/wifi.pb.dart' ('lib/generated/spacex_api/device/wifi.pb.dart').
Try correcting the name to the name of an existing method, or defining a method named '$_clearField'.
  void clearIface() => $_clearField(3);
                       ^^^^^^^^^^^^
lib/generated/spacex_api/device/wifi.pb.dart:17128:29: Error: The method '$_clearField' isn't defined for the type 'WifiBackhaulStatsResponse'.
 - 'WifiBackhaulStatsResponse' is from 'package:starlink_isp_app/generated/spacex_api/device/wifi.pb.dart' ('lib/generated/spacex_api/device/wifi.pb.dart').
Try correcting the name to the name of an existing method, or defining a method named '$_clearField'.
  void clearPreference() => $_clearField(4);
                            ^^^^^^^^^^^^
lib/generated/spacex_api/device/wifi.pb.dart:17131:58: Error: A value of type 'List<dynamic>' can't be returned from a function with return type 'PbList<WifiSiteSurveyResult>'.
 - 'List' is from 'dart:core'.
 - 'PbList' is from 'package:protobuf/protobuf.dart' ('../../../.pub-cache/hosted/pub.dev/protobuf-3.1.0/lib/protobuf.dart').
 - 'WifiSiteSurveyResult' is from 'package:starlink_isp_app/generated/spacex_api/device/wifi.pb.dart' ('lib/generated/spacex_api/device/wifi.pb.dart').
  $pb.PbList<WifiSiteSurveyResult> get siteSurveyScan => $_getList(4);
                                                         ^
lib/generated/spacex_api/device/wifi.pb.dart:17189:25: Error: The method '$_clearField' isn't defined for the type 'WifiToggleUmbilicalModeRequest'.
 - 'WifiToggleUmbilicalModeRequest' is from 'package:starlink_isp_app/generated/spacex_api/device/wifi.pb.dart' ('lib/generated/spacex_api/device/wifi.pb.dart').
Try correcting the name to the name of an existing method, or defining a method named '$_clearField'.
  void clearEnable() => $_clearField(1);
                        ^^^^^^^^^^^^
lib/generated/spacex_api/device/wifi.pb.dart:17241:50: Error: The method '$_setField' isn't defined for the type 'WifiUpdateResponse'.
 - 'WifiUpdateResponse' is from 'package:starlink_isp_app/generated/spacex_api/device/wifi.pb.dart' ('lib/generated/spacex_api/device/wifi.pb.dart').
Try correcting the name to the name of an existing method, or defining a method named '$_setField'.
  set stats($1.WifiSoftwareUpdateStats value) => $_setField(1, value);
                                                 ^^^^^^^^^^
lib/generated/spacex_api/device/wifi.pb.dart:17245:24: Error: The method '$_clearField' isn't defined for the type 'WifiUpdateResponse'.
 - 'WifiUpdateResponse' is from 'package:starlink_isp_app/generated/spacex_api/device/wifi.pb.dart' ('lib/generated/spacex_api/device/wifi.pb.dart').
Try correcting the name to the name of an existing method, or defining a method named '$_clearField'.
  void clearStats() => $_clearField(1);
                       ^^^^^^^^^^^^
lib/generated/spacex_api/device/command.pbenum.dart:67:24: Error: Member not found: 'ProtobufEnum.$_initByValueList'.
      $pb.ProtobufEnum.$_initByValueList(values, 15);
                       ^^^^^^^^^^^^^^^^^
lib/generated/spacex_api/device/command.pbenum.dart:102:24: Error: Member not found: 'ProtobufEnum.$_initByValueList'.
      $pb.ProtobufEnum.$_initByValueList(values, 9);
                       ^^^^^^^^^^^^^^^^^
lib/generated/spacex_api/device/common.pbenum.dart:71:24: Error: Member not found: 'ProtobufEnum.$_initByValueList'.
      $pb.ProtobufEnum.$_initByValueList(values, 16);
                       ^^^^^^^^^^^^^^^^^
lib/generated/spacex_api/device/common.pbenum.dart:96:24: Error: Member not found: 'ProtobufEnum.$_initByValueList'.
      $pb.ProtobufEnum.$_initByValueList(values, 3);
                       ^^^^^^^^^^^^^^^^^
lib/generated/spacex_api/device/common.pbenum.dart:292:24: Error: Member not found: 'ProtobufEnum.$_initByValueList'.
      $pb.ProtobufEnum.$_initByValueList(values, 45);
                       ^^^^^^^^^^^^^^^^^
lib/generated/spacex_api/device/common.pbenum.dart:313:24: Error: Member not found: 'ProtobufEnum.$_initByValueList'.
      $pb.ProtobufEnum.$_initByValueList(values, 1);
                       ^^^^^^^^^^^^^^^^^
lib/generated/spacex_api/device/common.pbenum.dart:381:24: Error: Member not found: 'ProtobufEnum.$_initByValueList'.
      $pb.ProtobufEnum.$_initByValueList(values, 2);
                       ^^^^^^^^^^^^^^^^^
lib/generated/spacex_api/satellites/network/ut_disablement_codes.pbenum.dart:72:24: Error: Member not found: 'ProtobufEnum.$_initByValueList'.
      $pb.ProtobufEnum.$_initByValueList(values, 16);
                       ^^^^^^^^^^^^^^^^^
lib/generated/spacex_api/satellites/network/ut_disablement_codes.pbenum.dart:93:24: Error: Member not found: 'ProtobufEnum.$_initByValueList'.
      $pb.ProtobufEnum.$_initByValueList(values, 1);
                       ^^^^^^^^^^^^^^^^^
lib/generated/spacex_api/telemetron/public/integrations/rate_limit_reason.pbenum.dart:41:24: Error: Member not found: 'ProtobufEnum.$_initByValueList'.
      $pb.ProtobufEnum.$_initByValueList(values, 6);
                       ^^^^^^^^^^^^^^^^^
lib/generated/spacex_api/device/account_shard.pbenum.dart:32:24: Error: Member not found: 'ProtobufEnum.$_initByValueList'.
      $pb.ProtobufEnum.$_initByValueList(values, 2);
                       ^^^^^^^^^^^^^^^^^
lib/generated/spacex_api/device/dish.pbenum.dart:32:24: Error: Member not found: 'ProtobufEnum.$_initByValueList'.
      $pb.ProtobufEnum.$_initByValueList(values, 2);
                       ^^^^^^^^^^^^^^^^^
lib/generated/spacex_api/device/dish.pbenum.dart:55:24: Error: Member not found: 'ProtobufEnum.$_initByValueList'.
      $pb.ProtobufEnum.$_initByValueList(values, 2);
                       ^^^^^^^^^^^^^^^^^
lib/generated/spacex_api/device/dish.pbenum.dart:96:24: Error: Member not found: 'ProtobufEnum.$_initByValueList'.
      $pb.ProtobufEnum.$_initByValueList(values, 8);
                       ^^^^^^^^^^^^^^^^^
lib/generated/spacex_api/device/dish.pbenum.dart:125:24: Error: Member not found: 'ProtobufEnum.$_initByValueList'.
      $pb.ProtobufEnum.$_initByValueList(values, 4);
                       ^^^^^^^^^^^^^^^^^
lib/generated/spacex_api/device/dish.pbenum.dart:147:24: Error: Member not found: 'ProtobufEnum.$_initByValueList'.
      $pb.ProtobufEnum.$_initByValueList(values, 2);
                       ^^^^^^^^^^^^^^^^^
lib/generated/spacex_api/device/dish.pbenum.dart:194:24: Error: Member not found: 'ProtobufEnum.$_initByValueList'.
      $pb.ProtobufEnum.$_initByValueList(values, 10);
                       ^^^^^^^^^^^^^^^^^
lib/generated/spacex_api/device/dish.pbenum.dart:223:24: Error: Member not found: 'ProtobufEnum.$_initByValueList'.
      $pb.ProtobufEnum.$_initByValueList(values, 4);
                       ^^^^^^^^^^^^^^^^^
lib/generated/spacex_api/device/dish.pbenum.dart:292:24: Error: Member not found: 'ProtobufEnum.$_initByValueList'.
      $pb.ProtobufEnum.$_initByValueList(values, 17);
                       ^^^^^^^^^^^^^^^^^
lib/generated/spacex_api/device/dish.pbenum.dart:317:24: Error: Member not found: 'ProtobufEnum.$_initByValueList'.
      $pb.ProtobufEnum.$_initByValueList(values, 3);
                       ^^^^^^^^^^^^^^^^^
lib/generated/spacex_api/device/dish.pbenum.dart:342:24: Error: Member not found: 'ProtobufEnum.$_initByValueList'.
      $pb.ProtobufEnum.$_initByValueList(values, 3);
                       ^^^^^^^^^^^^^^^^^
lib/generated/spacex_api/device/dish.pbenum.dart:364:24: Error: Member not found: 'ProtobufEnum.$_initByValueList'.
      $pb.ProtobufEnum.$_initByValueList(values, 1);
                       ^^^^^^^^^^^^^^^^^
lib/generated/spacex_api/device/dish.pbenum.dart:416:24: Error: Member not found: 'ProtobufEnum.$_initByValueList'.
      $pb.ProtobufEnum.$_initByValueList(values, 13);
                       ^^^^^^^^^^^^^^^^^
lib/generated/spacex_api/device/dish.pbenum.dart:464:24: Error: Member not found: 'ProtobufEnum.$_initByValueList'.
      $pb.ProtobufEnum.$_initByValueList(values, 0);
                       ^^^^^^^^^^^^^^^^^
lib/generated/spacex_api/device/dish.pbenum.dart:490:24: Error: Member not found: 'ProtobufEnum.$_initByValueList'.
      $pb.ProtobufEnum.$_initByValueList(values, 3);
                       ^^^^^^^^^^^^^^^^^
lib/generated/spacex_api/device/dish_config.pb.dart:93:7: Error: The method 'aE' isn't defined for the type 'BuilderInfo'.
 - 'BuilderInfo' is from 'package:protobuf/protobuf.dart' ('../../../.pub-cache/hosted/pub.dev/protobuf-3.1.0/lib/protobuf.dart').
Try correcting the name to the name of an existing method, or defining a method named 'aE'.
    ..aE<DishConfig_SnowMeltMode>(1, _omitFieldNames ? '' : 'snowMeltMode',
      ^^
lib/generated/spacex_api/device/dish_config.pb.dart:95:7: Error: The method 'aE' isn't defined for the type 'BuilderInfo'.
 - 'BuilderInfo' is from 'package:protobuf/protobuf.dart' ('../../../.pub-cache/hosted/pub.dev/protobuf-3.1.0/lib/protobuf.dart').
Try correcting the name to the name of an existing method, or defining a method named 'aE'.
    ..aE<DishConfig_LocationRequestMode>(
      ^^
lib/generated/spacex_api/device/dish_config.pb.dart:98:7: Error: The method 'aE' isn't defined for the type 'BuilderInfo'.
 - 'BuilderInfo' is from 'package:protobuf/protobuf.dart' ('../../../.pub-cache/hosted/pub.dev/protobuf-3.1.0/lib/protobuf.dart').
Try correcting the name to the name of an existing method, or defining a method named 'aE'.
    ..aE<DishConfig_LevelDishMode>(3, _omitFieldNames ? '' : 'levelDishMode',
      ^^
lib/generated/spacex_api/device/dish_config.pb.dart:100:7: Error: The method 'aI' isn't defined for the type 'BuilderInfo'.
 - 'BuilderInfo' is from 'package:protobuf/protobuf.dart' ('../../../.pub-cache/hosted/pub.dev/protobuf-3.1.0/lib/protobuf.dart').
Try correcting the name to the name of an existing method, or defining a method named 'aI'.
    ..aI(4, _omitFieldNames ? '' : 'powerSaveStartMinutes',
      ^^
lib/generated/spacex_api/device/dish_config.pb.dart:102:7: Error: The method 'aI' isn't defined for the type 'BuilderInfo'.
 - 'BuilderInfo' is from 'package:protobuf/protobuf.dart' ('../../../.pub-cache/hosted/pub.dev/protobuf-3.1.0/lib/protobuf.dart').
Try correcting the name to the name of an existing method, or defining a method named 'aI'.
    ..aI(5, _omitFieldNames ? '' : 'powerSaveDurationMinutes',
      ^^
lib/generated/spacex_api/device/dish_config.pb.dart:106:7: Error: The method 'aI' isn't defined for the type 'BuilderInfo'.
 - 'BuilderInfo' is from 'package:protobuf/protobuf.dart' ('../../../.pub-cache/hosted/pub.dev/protobuf-3.1.0/lib/protobuf.dart').
Try correcting the name to the name of an existing method, or defining a method named 'aI'.
    ..aI(8, _omitFieldNames ? '' : 'assetClass', fieldType: $pb.PbFieldType.OU3)
      ^^
lib/generated/spacex_api/device/dish_config.pb.dart:107:7: Error: The method 'aI' isn't defined for the type 'BuilderInfo'.
 - 'BuilderInfo' is from 'package:protobuf/protobuf.dart' ('../../../.pub-cache/hosted/pub.dev/protobuf-3.1.0/lib/protobuf.dart').
Try correcting the name to the name of an existing method, or defining a method named 'aI'.
    ..aI(9, _omitFieldNames ? '' : 'swupdateRebootHour',
      ^^
lib/generated/spacex_api/device/dish_config.pb.dart:141:54: Error: The method '$_setField' isn't defined for the type 'DishConfig'.
 - 'DishConfig' is from 'package:starlink_isp_app/generated/spacex_api/device/dish_config.pb.dart' ('lib/generated/spacex_api/device/dish_config.pb.dart').
Try correcting the name to the name of an existing method, or defining a method named '$_setField'.
  set snowMeltMode(DishConfig_SnowMeltMode value) => $_setField(1, value);
                                                     ^^^^^^^^^^
lib/generated/spacex_api/device/dish_config.pb.dart:145:31: Error: The method '$_clearField' isn't defined for the type 'DishConfig'.
 - 'DishConfig' is from 'package:starlink_isp_app/generated/spacex_api/device/dish_config.pb.dart' ('lib/generated/spacex_api/device/dish_config.pb.dart').
Try correcting the name to the name of an existing method, or defining a method named '$_clearField'.
  void clearSnowMeltMode() => $_clearField(1);
                              ^^^^^^^^^^^^
lib/generated/spacex_api/device/dish_config.pb.dart:151:7: Error: The method '$_setField' isn't defined for the type 'DishConfig'.
 - 'DishConfig' is from 'package:starlink_isp_app/generated/spacex_api/device/dish_config.pb.dart' ('lib/generated/spacex_api/device/dish_config.pb.dart').
Try correcting the name to the name of an existing method, or defining a method named '$_setField'.
      $_setField(2, value);
      ^^^^^^^^^^
lib/generated/spacex_api/device/dish_config.pb.dart:155:38: Error: The method '$_clearField' isn't defined for the type 'DishConfig'.
 - 'DishConfig' is from 'package:starlink_isp_app/generated/spacex_api/device/dish_config.pb.dart' ('lib/generated/spacex_api/device/dish_config.pb.dart').
Try correcting the name to the name of an existing method, or defining a method named '$_clearField'.
  void clearLocationRequestMode() => $_clearField(2);
                                     ^^^^^^^^^^^^
lib/generated/spacex_api/device/dish_config.pb.dart:160:56: Error: The method '$_setField' isn't defined for the type 'DishConfig'.
 - 'DishConfig' is from 'package:starlink_isp_app/generated/spacex_api/device/dish_config.pb.dart' ('lib/generated/spacex_api/device/dish_config.pb.dart').
Try correcting the name to the name of an existing method, or defining a method named '$_setField'.
  set levelDishMode(DishConfig_LevelDishMode value) => $_setField(3, value);
                                                       ^^^^^^^^^^
lib/generated/spacex_api/device/dish_config.pb.dart:164:32: Error: The method '$_clearField' isn't defined for the type 'DishConfig'.
 - 'DishConfig' is from 'package:starlink_isp_app/generated/spacex_api/device/dish_config.pb.dart' ('lib/generated/spacex_api/device/dish_config.pb.dart').
Try correcting the name to the name of an existing method, or defining a method named '$_clearField'.
  void clearLevelDishMode() => $_clearField(3);
                               ^^^^^^^^^^^^
lib/generated/spacex_api/device/dish_config.pb.dart:173:40: Error: The method '$_clearField' isn't defined for the type 'DishConfig'.
 - 'DishConfig' is from 'package:starlink_isp_app/generated/spacex_api/device/dish_config.pb.dart' ('lib/generated/spacex_api/device/dish_config.pb.dart').
Try correcting the name to the name of an existing method, or defining a method named '$_clearField'.
  void clearPowerSaveStartMinutes() => $_clearField(4);
                                       ^^^^^^^^^^^^
lib/generated/spacex_api/device/dish_config.pb.dart:182:43: Error: The method '$_clearField' isn't defined for the type 'DishConfig'.
 - 'DishConfig' is from 'package:starlink_isp_app/generated/spacex_api/device/dish_config.pb.dart' ('lib/generated/spacex_api/device/dish_config.pb.dart').
Try correcting the name to the name of an existing method, or defining a method named '$_clearField'.
  void clearPowerSaveDurationMinutes() => $_clearField(5);
                                          ^^^^^^^^^^^^
lib/generated/spacex_api/device/dish_config.pb.dart:191:32: Error: The method '$_clearField' isn't defined for the type 'DishConfig'.
 - 'DishConfig' is from 'package:starlink_isp_app/generated/spacex_api/device/dish_config.pb.dart' ('lib/generated/spacex_api/device/dish_config.pb.dart').
Try correcting the name to the name of an existing method, or defining a method named '$_clearField'.
  void clearPowerSaveMode() => $_clearField(6);
                               ^^^^^^^^^^^^
lib/generated/spacex_api/device/dish_config.pb.dart:200:50: Error: The method '$_clearField' isn't defined for the type 'DishConfig'.
 - 'DishConfig' is from 'package:starlink_isp_app/generated/spacex_api/device/dish_config.pb.dart' ('lib/generated/spacex_api/device/dish_config.pb.dart').
Try correcting the name to the name of an existing method, or defining a method named '$_clearField'.
  void clearSwupdateThreeDayDeferralEnabled() => $_clearField(7);
                                                 ^^^^^^^^^^^^
lib/generated/spacex_api/device/dish_config.pb.dart:209:29: Error: The method '$_clearField' isn't defined for the type 'DishConfig'.
 - 'DishConfig' is from 'package:starlink_isp_app/generated/spacex_api/device/dish_config.pb.dart' ('lib/generated/spacex_api/device/dish_config.pb.dart').
Try correcting the name to the name of an existing method, or defining a method named '$_clearField'.
  void clearAssetClass() => $_clearField(8);
                            ^^^^^^^^^^^^
lib/generated/spacex_api/device/dish_config.pb.dart:218:37: Error: The method '$_clearField' isn't defined for the type 'DishConfig'.
 - 'DishConfig' is from 'package:starlink_isp_app/generated/spacex_api/device/dish_config.pb.dart' ('lib/generated/spacex_api/device/dish_config.pb.dart').
Try correcting the name to the name of an existing method, or defining a method named '$_clearField'.
  void clearSwupdateRebootHour() => $_clearField(9);
                                    ^^^^^^^^^^^^
lib/generated/spacex_api/device/dish_config.pb.dart:227:36: Error: The method '$_clearField' isn't defined for the type 'DishConfig'.
 - 'DishConfig' is from 'package:starlink_isp_app/generated/spacex_api/device/dish_config.pb.dart' ('lib/generated/spacex_api/device/dish_config.pb.dart').
Try correcting the name to the name of an existing method, or defining a method named '$_clearField'.
  void clearApplySnowMeltMode() => $_clearField(1001);
                                   ^^^^^^^^^^^^
lib/generated/spacex_api/device/dish_config.pb.dart:236:43: Error: The method '$_clearField' isn't defined for the type 'DishConfig'.
 - 'DishConfig' is from 'package:starlink_isp_app/generated/spacex_api/device/dish_config.pb.dart' ('lib/generated/spacex_api/device/dish_config.pb.dart').
Try correcting the name to the name of an existing method, or defining a method named '$_clearField'.
  void clearApplyLocationRequestMode() => $_clearField(2001);
                                          ^^^^^^^^^^^^
lib/generated/spacex_api/device/dish_config.pb.dart:245:37: Error: The method '$_clearField' isn't defined for the type 'DishConfig'.
 - 'DishConfig' is from 'package:starlink_isp_app/generated/spacex_api/device/dish_config.pb.dart' ('lib/generated/spacex_api/device/dish_config.pb.dart').
Try correcting the name to the name of an existing method, or defining a method named '$_clearField'.
  void clearApplyLevelDishMode() => $_clearField(3001);
                                    ^^^^^^^^^^^^
lib/generated/spacex_api/device/dish_config.pb.dart:254:45: Error: The method '$_clearField' isn't defined for the type 'DishConfig'.
 - 'DishConfig' is from 'package:starlink_isp_app/generated/spacex_api/device/dish_config.pb.dart' ('lib/generated/spacex_api/device/dish_config.pb.dart').
Try correcting the name to the name of an existing method, or defining a method named '$_clearField'.
  void clearApplyPowerSaveStartMinutes() => $_clearField(4001);
                                            ^^^^^^^^^^^^
lib/generated/spacex_api/device/dish_config.pb.dart:263:48: Error: The method '$_clearField' isn't defined for the type 'DishConfig'.
 - 'DishConfig' is from 'package:starlink_isp_app/generated/spacex_api/device/dish_config.pb.dart' ('lib/generated/spacex_api/device/dish_config.pb.dart').
Try correcting the name to the name of an existing method, or defining a method named '$_clearField'.
  void clearApplyPowerSaveDurationMinutes() => $_clearField(5001);
                                               ^^^^^^^^^^^^
lib/generated/spacex_api/device/dish_config.pb.dart:272:37: Error: The method '$_clearField' isn't defined for the type 'DishConfig'.
 - 'DishConfig' is from 'package:starlink_isp_app/generated/spacex_api/device/dish_config.pb.dart' ('lib/generated/spacex_api/device/dish_config.pb.dart').
Try correcting the name to the name of an existing method, or defining a method named '$_clearField'.
  void clearApplyPowerSaveMode() => $_clearField(6001);
                                    ^^^^^^^^^^^^
lib/generated/spacex_api/device/dish_config.pb.dart:282:55: Error: The method '$_clearField' isn't defined for the type 'DishConfig'.
 - 'DishConfig' is from 'package:starlink_isp_app/generated/spacex_api/device/dish_config.pb.dart' ('lib/generated/spacex_api/device/dish_config.pb.dart').
Try correcting the name to the name of an existing method, or defining a method named '$_clearField'.
  void clearApplySwupdateThreeDayDeferralEnabled() => $_clearField(7001);
                                                      ^^^^^^^^^^^^
lib/generated/spacex_api/device/dish_config.pb.dart:291:34: Error: The method '$_clearField' isn't defined for the type 'DishConfig'.
 - 'DishConfig' is from 'package:starlink_isp_app/generated/spacex_api/device/dish_config.pb.dart' ('lib/generated/spacex_api/device/dish_config.pb.dart').
Try correcting the name to the name of an existing method, or defining a method named '$_clearField'.
  void clearApplyAssetClass() => $_clearField(8001);
                                 ^^^^^^^^^^^^
lib/generated/spacex_api/device/dish_config.pb.dart:300:42: Error: The method '$_clearField' isn't defined for the type 'DishConfig'.
 - 'DishConfig' is from 'package:starlink_isp_app/generated/spacex_api/device/dish_config.pb.dart' ('lib/generated/spacex_api/device/dish_config.pb.dart').
Try correcting the name to the name of an existing method, or defining a method named '$_clearField'.
  void clearApplySwupdateRebootHour() => $_clearField(9001);
                                         ^^^^^^^^^^^^
lib/generated/spacex_api/device/rssi_scan.pb.dart:49:7: Error: The method 'aD' isn't defined for the type 'BuilderInfo'.
 - 'BuilderInfo' is from 'package:protobuf/protobuf.dart' ('../../../.pub-cache/hosted/pub.dev/protobuf-3.1.0/lib/protobuf.dart').
Try correcting the name to the name of an existing method, or defining a method named 'aD'.
    ..aD(1, _omitFieldNames ? '' : 'thetaDegree')
      ^^
lib/generated/spacex_api/device/rssi_scan.pb.dart:50:7: Error: The method 'aD' isn't defined for the type 'BuilderInfo'.
 - 'BuilderInfo' is from 'package:protobuf/protobuf.dart' ('../../../.pub-cache/hosted/pub.dev/protobuf-3.1.0/lib/protobuf.dart').
Try correcting the name to the name of an existing method, or defining a method named 'aD'.
    ..aD(2, _omitFieldNames ? '' : 'phiDegree')
      ^^
lib/generated/spacex_api/device/rssi_scan.pb.dart:51:7: Error: The method 'aD' isn't defined for the type 'BuilderInfo'.
 - 'BuilderInfo' is from 'package:protobuf/protobuf.dart' ('../../../.pub-cache/hosted/pub.dev/protobuf-3.1.0/lib/protobuf.dart').
Try correcting the name to the name of an existing method, or defining a method named 'aD'.
    ..aD(3, _omitFieldNames ? '' : 'rssiDbf')
      ^^
lib/generated/spacex_api/device/rssi_scan.pb.dart:82:30: Error: The method '$_clearField' isn't defined for the type 'RssiEntry'.
 - 'RssiEntry' is from 'package:starlink_isp_app/generated/spacex_api/device/rssi_scan.pb.dart' ('lib/generated/spacex_api/device/rssi_scan.pb.dart').
Try correcting the name to the name of an existing method, or defining a method named '$_clearField'.
  void clearThetaDegree() => $_clearField(1);
                             ^^^^^^^^^^^^
lib/generated/spacex_api/device/rssi_scan.pb.dart:91:28: Error: The method '$_clearField' isn't defined for the type 'RssiEntry'.
 - 'RssiEntry' is from 'package:starlink_isp_app/generated/spacex_api/device/rssi_scan.pb.dart' ('lib/generated/spacex_api/device/rssi_scan.pb.dart').
Try correcting the name to the name of an existing method, or defining a method named '$_clearField'.
  void clearPhiDegree() => $_clearField(2);
                           ^^^^^^^^^^^^
lib/generated/spacex_api/device/rssi_scan.pb.dart:100:26: Error: The method '$_clearField' isn't defined for the type 'RssiEntry'.
 - 'RssiEntry' is from 'package:starlink_isp_app/generated/spacex_api/device/rssi_scan.pb.dart' ('lib/generated/spacex_api/device/rssi_scan.pb.dart').
Try correcting the name to the name of an existing method, or defining a method named '$_clearField'.
  void clearRssiDbf() => $_clearField(3);
                         ^^^^^^^^^^^^
lib/generated/spacex_api/device/rssi_scan.pb.dart:109:34: Error: The method '$_clearField' isn't defined for the type 'RssiEntry'.
 - 'RssiEntry' is from 'package:starlink_isp_app/generated/spacex_api/device/rssi_scan.pb.dart' ('lib/generated/spacex_api/device/rssi_scan.pb.dart').
Try correcting the name to the name of an existing method, or defining a method named '$_clearField'.
  void clearScanTimestampMs() => $_clearField(4);
                                 ^^^^^^^^^^^^
lib/generated/spacex_api/device/rssi_scan.pb.dart:135:7: Error: The method 'aI' isn't defined for the type 'BuilderInfo'.
 - 'BuilderInfo' is from 'package:protobuf/protobuf.dart' ('../../../.pub-cache/hosted/pub.dev/protobuf-3.1.0/lib/protobuf.dart').
Try correcting the name to the name of an existing method, or defining a method named 'aI'.
    ..aI(1, _omitFieldNames ? '' : 'channel', fieldType: $pb.PbFieldType.OU3)
      ^^
lib/generated/spacex_api/device/rssi_scan.pb.dart:164:26: Error: The method '$_clearField' isn't defined for the type 'DishActivateRssiScan'.
 - 'DishActivateRssiScan' is from 'package:starlink_isp_app/generated/spacex_api/device/rssi_scan.pb.dart' ('lib/generated/spacex_api/device/rssi_scan.pb.dart').
Try correcting the name to the name of an existing method, or defining a method named '$_clearField'.
  void clearChannel() => $_clearField(1);
                         ^^^^^^^^^^^^
lib/generated/spacex_api/device/rssi_scan.pb.dart:199:7: Error: The method 'aI' isn't defined for the type 'BuilderInfo'.
 - 'BuilderInfo' is from 'package:protobuf/protobuf.dart' ('../../../.pub-cache/hosted/pub.dev/protobuf-3.1.0/lib/protobuf.dart').
Try correcting the name to the name of an existing method, or defining a method named 'aI'.
    ..aI(2, _omitFieldNames ? '' : 'channel', fieldType: $pb.PbFieldType.OU3)
      ^^
lib/generated/spacex_api/device/rssi_scan.pb.dart:203:7: Error: The method 'aI' isn't defined for the type 'BuilderInfo'.
 - 'BuilderInfo' is from 'package:protobuf/protobuf.dart' ('../../../.pub-cache/hosted/pub.dev/protobuf-3.1.0/lib/protobuf.dart').
Try correcting the name to the name of an existing method, or defining a method named 'aI'.
    ..aI(4, _omitFieldNames ? '' : 'numberSamples',
      ^^
lib/generated/spacex_api/device/rssi_scan.pb.dart:205:7: Error: The method 'pPM' isn't defined for the type 'BuilderInfo'.
 - 'BuilderInfo' is from 'package:protobuf/protobuf.dart' ('../../../.pub-cache/hosted/pub.dev/protobuf-3.1.0/lib/protobuf.dart').
Try correcting the name to the name of an existing method, or defining a method named 'pPM'.
    ..pPM<RssiEntry>(5, _omitFieldNames ? '' : 'rssiScanPoints',
      ^^^
lib/generated/spacex_api/device/rssi_scan.pb.dart:236:26: Error: The method '$_clearField' isn't defined for the type 'DishGetRssiScanResult'.
 - 'DishGetRssiScanResult' is from 'package:starlink_isp_app/generated/spacex_api/device/rssi_scan.pb.dart' ('lib/generated/spacex_api/device/rssi_scan.pb.dart').
Try correcting the name to the name of an existing method, or defining a method named '$_clearField'.
  void clearSuccess() => $_clearField(1);
                         ^^^^^^^^^^^^
lib/generated/spacex_api/device/rssi_scan.pb.dart:245:26: Error: The method '$_clearField' isn't defined for the type 'DishGetRssiScanResult'.
 - 'DishGetRssiScanResult' is from 'package:starlink_isp_app/generated/spacex_api/device/rssi_scan.pb.dart' ('lib/generated/spacex_api/device/rssi_scan.pb.dart').
Try correcting the name to the name of an existing method, or defining a method named '$_clearField'.
  void clearChannel() => $_clearField(2);
                         ^^^^^^^^^^^^
lib/generated/spacex_api/device/rssi_scan.pb.dart:254:35: Error: The method '$_clearField' isn't defined for the type 'DishGetRssiScanResult'.
 - 'DishGetRssiScanResult' is from 'package:starlink_isp_app/generated/spacex_api/device/rssi_scan.pb.dart' ('lib/generated/spacex_api/device/rssi_scan.pb.dart').
Try correcting the name to the name of an existing method, or defining a method named '$_clearField'.
  void clearRequestTimestamp() => $_clearField(3);
                                  ^^^^^^^^^^^^
lib/generated/spacex_api/device/rssi_scan.pb.dart:263:32: Error: The method '$_clearField' isn't defined for the type 'DishGetRssiScanResult'.
 - 'DishGetRssiScanResult' is from 'package:starlink_isp_app/generated/spacex_api/device/rssi_scan.pb.dart' ('lib/generated/spacex_api/device/rssi_scan.pb.dart').
Try correcting the name to the name of an existing method, or defining a method named '$_clearField'.
  void clearNumberSamples() => $_clearField(4);
                               ^^^^^^^^^^^^
lib/generated/spacex_api/device/rssi_scan.pb.dart:266:47: Error: A value of type 'List<dynamic>' can't be returned from a function with return type 'PbList<RssiEntry>'.
 - 'List' is from 'dart:core'.
 - 'PbList' is from 'package:protobuf/protobuf.dart' ('../../../.pub-cache/hosted/pub.dev/protobuf-3.1.0/lib/protobuf.dart').
 - 'RssiEntry' is from 'package:starlink_isp_app/generated/spacex_api/device/rssi_scan.pb.dart' ('lib/generated/spacex_api/device/rssi_scan.pb.dart').
  $pb.PbList<RssiEntry> get rssiScanPoints => $_getList(4);
                                              ^
lib/generated/spacex_api/device/transceiver.pbenum.dart:33:24: Error: Member not found: 'ProtobufEnum.$_initByValueList'.
      $pb.ProtobufEnum.$_initByValueList(values, 2);
                       ^^^^^^^^^^^^^^^^^
lib/generated/spacex_api/device/transceiver.pbenum.dart:55:24: Error: Member not found: 'ProtobufEnum.$_initByValueList'.
      $pb.ProtobufEnum.$_initByValueList(values, 2);
                       ^^^^^^^^^^^^^^^^^
lib/generated/spacex_api/device/transceiver.pbenum.dart:79:24: Error: Member not found: 'ProtobufEnum.$_initByValueList'.
      $pb.ProtobufEnum.$_initByValueList(values, 2);
                       ^^^^^^^^^^^^^^^^^
lib/generated/spacex_api/telemetron/public/common/time.pb.dart:49:7: Error: The method 'aE' isn't defined for the type 'BuilderInfo'.
 - 'BuilderInfo' is from 'package:protobuf/protobuf.dart' ('../../../.pub-cache/hosted/pub.dev/protobuf-3.1.0/lib/protobuf.dart').
Try correcting the name to the name of an existing method, or defining a method named 'aE'.
    ..aE<Epoch>(1, _omitFieldNames ? '' : 'epoch', enumValues: Epoch.values)
      ^^
lib/generated/spacex_api/telemetron/public/common/time.pb.dart:75:29: Error: The method '$_setField' isn't defined for the type 'TimestampInfo'.
 - 'TimestampInfo' is from 'package:starlink_isp_app/generated/spacex_api/telemetron/public/common/time.pb.dart' ('lib/generated/spacex_api/telemetron/public/common/time.pb.dart').
Try correcting the name to the name of an existing method, or defining a method named '$_setField'.
  set epoch(Epoch value) => $_setField(1, value);
                            ^^^^^^^^^^
lib/generated/spacex_api/telemetron/public/common/time.pb.dart:79:24: Error: The method '$_clearField' isn't defined for the type 'TimestampInfo'.
 - 'TimestampInfo' is from 'package:starlink_isp_app/generated/spacex_api/telemetron/public/common/time.pb.dart' ('lib/generated/spacex_api/telemetron/public/common/time.pb.dart').
Try correcting the name to the name of an existing method, or defining a method named '$_clearField'.
  void clearEpoch() => $_clearField(1);
                       ^^^^^^^^^^^^
lib/generated/spacex_api/telemetron/public/common/time.pb.dart:88:30: Error: The method '$_clearField' isn't defined for the type 'TimestampInfo'.
 - 'TimestampInfo' is from 'package:starlink_isp_app/generated/spacex_api/telemetron/public/common/time.pb.dart' ('lib/generated/spacex_api/telemetron/public/common/time.pb.dart').
Try correcting the name to the name of an existing method, or defining a method named '$_clearField'.
  void clearNanoseconds() => $_clearField(2);
                             ^^^^^^^^^^^^
lib/generated/spacex_api/device/wifi.pbenum.dart:40:35: Error: Member not found: 'ProtobufEnum.$_initByValueList'.
      _byValue = $pb.ProtobufEnum.$_initByValueList(values, 3);
                                  ^^^^^^^^^^^^^^^^^
lib/generated/spacex_api/device/wifi.pbenum.dart:70:24: Error: Member not found: 'ProtobufEnum.$_initByValueList'.
      $pb.ProtobufEnum.$_initByValueList(values, 4);
                       ^^^^^^^^^^^^^^^^^
lib/generated/spacex_api/device/wifi.pbenum.dart:95:24: Error: Member not found: 'ProtobufEnum.$_initByValueList'.
      $pb.ProtobufEnum.$_initByValueList(values, 3);
                       ^^^^^^^^^^^^^^^^^
lib/generated/spacex_api/device/wifi.pbenum.dart:129:24: Error: Member not found: 'ProtobufEnum.$_initByValueList'.
      $pb.ProtobufEnum.$_initByValueList(values, 4);
                       ^^^^^^^^^^^^^^^^^
lib/generated/spacex_api/device/wifi.pbenum.dart:163:24: Error: Member not found: 'ProtobufEnum.$_initByValueList'.
      $pb.ProtobufEnum.$_initByValueList(values, 4);
                       ^^^^^^^^^^^^^^^^^
lib/generated/spacex_api/device/wifi.pbenum.dart:185:24: Error: Member not found: 'ProtobufEnum.$_initByValueList'.
      $pb.ProtobufEnum.$_initByValueList(values, 2);
                       ^^^^^^^^^^^^^^^^^
lib/generated/spacex_api/device/wifi.pbenum.dart:211:24: Error: Member not found: 'ProtobufEnum.$_initByValueList'.
      $pb.ProtobufEnum.$_initByValueList(values, 4);
                       ^^^^^^^^^^^^^^^^^
lib/generated/spacex_api/device/wifi_config.pb.dart:66:7: Error: The method 'aE' isn't defined for the type 'BuilderInfo'.
 - 'BuilderInfo' is from 'package:protobuf/protobuf.dart' ('../../../.pub-cache/hosted/pub.dev/protobuf-3.1.0/lib/protobuf.dart').
Try correcting the name to the name of an existing method, or defining a method named 'aE'.
    ..aE<MeshAuth>(3, _omitFieldNames ? '' : 'auth',
      ^^
lib/generated/spacex_api/device/wifi_config.pb.dart:103:30: Error: The method '$_clearField' isn't defined for the type 'MeshConfig'.
 - 'MeshConfig' is from 'package:starlink_isp_app/generated/spacex_api/device/wifi_config.pb.dart' ('lib/generated/spacex_api/device/wifi_config.pb.dart').
Try correcting the name to the name of an existing method, or defining a method named '$_clearField'.
  void clearDisplayName() => $_clearField(1);
                             ^^^^^^^^^^^^
lib/generated/spacex_api/device/wifi_config.pb.dart:112:35: Error: The method '$_clearField' isn't defined for the type 'MeshConfig'.
 - 'MeshConfig' is from 'package:starlink_isp_app/generated/spacex_api/device/wifi_config.pb.dart' ('lib/generated/spacex_api/device/wifi_config.pb.dart').
Try correcting the name to the name of an existing method, or defining a method named '$_clearField'.
  void clearApplyDisplayName() => $_clearField(2);
                                  ^^^^^^^^^^^^
lib/generated/spacex_api/device/wifi_config.pb.dart:117:31: Error: The method '$_setField' isn't defined for the type 'MeshConfig'.
 - 'MeshConfig' is from 'package:starlink_isp_app/generated/spacex_api/device/wifi_config.pb.dart' ('lib/generated/spacex_api/device/wifi_config.pb.dart').
Try correcting the name to the name of an existing method, or defining a method named '$_setField'.
  set auth(MeshAuth value) => $_setField(3, value);
                              ^^^^^^^^^^
lib/generated/spacex_api/device/wifi_config.pb.dart:121:23: Error: The method '$_clearField' isn't defined for the type 'MeshConfig'.
 - 'MeshConfig' is from 'package:starlink_isp_app/generated/spacex_api/device/wifi_config.pb.dart' ('lib/generated/spacex_api/device/wifi_config.pb.dart').
Try correcting the name to the name of an existing method, or defining a method named '$_clearField'.
  void clearAuth() => $_clearField(3);
                      ^^^^^^^^^^^^
lib/generated/spacex_api/device/wifi_config.pb.dart:130:28: Error: The method '$_clearField' isn't defined for the type 'MeshConfig'.
 - 'MeshConfig' is from 'package:starlink_isp_app/generated/spacex_api/device/wifi_config.pb.dart' ('lib/generated/spacex_api/device/wifi_config.pb.dart').
Try correcting the name to the name of an existing method, or defining a method named '$_clearField'.
  void clearApplyAuth() => $_clearField(4);
                           ^^^^^^^^^^^^
lib/generated/spacex_api/device/wifi_config.pb.dart:139:32: Error: The method '$_clearField' isn't defined for the type 'MeshConfig'.
 - 'MeshConfig' is from 'package:starlink_isp_app/generated/spacex_api/device/wifi_config.pb.dart' ('lib/generated/spacex_api/device/wifi_config.pb.dart').
Try correcting the name to the name of an existing method, or defining a method named '$_clearField'.
  void clearLastConnected() => $_clearField(5);
                               ^^^^^^^^^^^^
lib/generated/spacex_api/device/wifi_config.pb.dart:148:30: Error: The method '$_clearField' isn't defined for the type 'MeshConfig'.
 - 'MeshConfig' is from 'package:starlink_isp_app/generated/spacex_api/device/wifi_config.pb.dart' ('lib/generated/spacex_api/device/wifi_config.pb.dart').
Try correcting the name to the name of an existing method, or defining a method named '$_clearField'.
  void clearIncarnation() => $_clearField(7);
                             ^^^^^^^^^^^^
lib/generated/spacex_api/device/wifi_config.pb.dart:157:34: Error: The method '$_clearField' isn't defined for the type 'MeshConfig'.
 - 'MeshConfig' is from 'package:starlink_isp_app/generated/spacex_api/device/wifi_config.pb.dart' ('lib/generated/spacex_api/device/wifi_config.pb.dart').
Try correcting the name to the name of an existing method, or defining a method named '$_clearField'.
  void clearHardwareVersion() => $_clearField(9);
                                 ^^^^^^^^^^^^
lib/generated/spacex_api/device/wifi_config.pb.dart:166:35: Error: The method '$_clearField' isn't defined for the type 'MeshConfig'.
 - 'MeshConfig' is from 'package:starlink_isp_app/generated/spacex_api/device/wifi_config.pb.dart' ('lib/generated/spacex_api/device/wifi_config.pb.dart').
Try correcting the name to the name of an existing method, or defining a method named '$_clearField'.
  void clearSupports5ghzHigh() => $_clearField(10);
                                  ^^^^^^^^^^^^
lib/generated/spacex_api/device/wifi_config.pb.dart:229:22: Error: The method '$_clearField' isn't defined for the type 'TlsConfig'.
 - 'TlsConfig' is from 'package:starlink_isp_app/generated/spacex_api/device/wifi_config.pb.dart' ('lib/generated/spacex_api/device/wifi_config.pb.dart').
Try correcting the name to the name of an existing method, or defining a method named '$_clearField'.
  void clearKey() => $_clearField(1);
                     ^^^^^^^^^^^^
lib/generated/spacex_api/device/wifi_config.pb.dart:238:23: Error: The method '$_clearField' isn't defined for the type 'TlsConfig'.
 - 'TlsConfig' is from 'package:starlink_isp_app/generated/spacex_api/device/wifi_config.pb.dart' ('lib/generated/spacex_api/device/wifi_config.pb.dart').
Try correcting the name to the name of an existing method, or defining a method named '$_clearField'.
  void clearCert() => $_clearField(2);
                      ^^^^^^^^^^^^
lib/generated/spacex_api/device/wifi_config.pb.dart:247:31: Error: The method '$_clearField' isn't defined for the type 'TlsConfig'.
 - 'TlsConfig' is from 'package:starlink_isp_app/generated/spacex_api/device/wifi_config.pb.dart' ('lib/generated/spacex_api/device/wifi_config.pb.dart').
Try correcting the name to the name of an existing method, or defining a method named '$_clearField'.
  void clearClientCaCert() => $_clearField(3);
                              ^^^^^^^^^^^^
lib/generated/spacex_api/device/wifi_config.pb.dart:256:31: Error: The method '$_clearField' isn't defined for the type 'TlsConfig'.
 - 'TlsConfig' is from 'package:starlink_isp_app/generated/spacex_api/device/wifi_config.pb.dart' ('lib/generated/spacex_api/device/wifi_config.pb.dart').
Try correcting the name to the name of an existing method, or defining a method named '$_clearField'.
  void clearServerCaCert() => $_clearField(4);
                              ^^^^^^^^^^^^
lib/generated/spacex_api/device/wifi_config.pb.dart:324:29: Error: The method '$_clearField' isn't defined for the type 'HttpServer'.
 - 'HttpServer' is from 'package:starlink_isp_app/generated/spacex_api/device/wifi_config.pb.dart' ('lib/generated/spacex_api/device/wifi_config.pb.dart').
Try correcting the name to the name of an existing method, or defining a method named '$_clearField'.
  void clearDomainName() => $_clearField(1);
                            ^^^^^^^^^^^^
lib/generated/spacex_api/device/wifi_config.pb.dart:329:31: Error: The method '$_setField' isn't defined for the type 'HttpServer'.
 - 'HttpServer' is from 'package:starlink_isp_app/generated/spacex_api/device/wifi_config.pb.dart' ('lib/generated/spacex_api/device/wifi_config.pb.dart').
Try correcting the name to the name of an existing method, or defining a method named '$_setField'.
  set tls(TlsConfig value) => $_setField(2, value);
                              ^^^^^^^^^^
lib/generated/spacex_api/device/wifi_config.pb.dart:333:22: Error: The method '$_clearField' isn't defined for the type 'HttpServer'.
 - 'HttpServer' is from 'package:starlink_isp_app/generated/spacex_api/device/wifi_config.pb.dart' ('lib/generated/spacex_api/device/wifi_config.pb.dart').
Try correcting the name to the name of an existing method, or defining a method named '$_clearField'.
  void clearTls() => $_clearField(2);
                     ^^^^^^^^^^^^
lib/generated/spacex_api/device/wifi_config.pb.dart:344:32: Error: The method '$_clearField' isn't defined for the type 'HttpServer'.
 - 'HttpServer' is from 'package:starlink_isp_app/generated/spacex_api/device/wifi_config.pb.dart' ('lib/generated/spacex_api/device/wifi_config.pb.dart').
Try correcting the name to the name of an existing method, or defining a method named '$_clearField'.
  void clearFileContentId() => $_clearField(3);
                               ^^^^^^^^^^^^
lib/generated/spacex_api/device/wifi_config.pb.dart:353:34: Error: The method '$_clearField' isn't defined for the type 'HttpServer'.
 - 'HttpServer' is from 'package:starlink_isp_app/generated/spacex_api/device/wifi_config.pb.dart' ('lib/generated/spacex_api/device/wifi_config.pb.dart').
Try correcting the name to the name of an existing method, or defining a method named '$_clearField'.
  void clearFileContentHash() => $_clearField(4);
                                 ^^^^^^^^^^^^
lib/generated/spacex_api/device/wifi_config.pb.dart:356:61: Error: A value of type 'List<dynamic>' can't be returned from a function with return type 'PbList<String>'.
 - 'List' is from 'dart:core'.
 - 'PbList' is from 'package:protobuf/protobuf.dart' ('../../../.pub-cache/hosted/pub.dev/protobuf-3.1.0/lib/protobuf.dart').
  $pb.PbList<$core.String> get accessControlAllowOrigins => $_getList(4);
                                                            ^
lib/generated/spacex_api/device/wifi_config.pb.dart:415:22: Error: The method '$_clearField' isn't defined for the type 'CaptivePortal'.
 - 'CaptivePortal' is from 'package:starlink_isp_app/generated/spacex_api/device/wifi_config.pb.dart' ('lib/generated/spacex_api/device/wifi_config.pb.dart').
Try correcting the name to the name of an existing method, or defining a method named '$_clearField'.
  void clearUrl() => $_clearField(1);
                     ^^^^^^^^^^^^
lib/generated/spacex_api/device/wifi_config.pb.dart:424:42: Error: The method '$_clearField' isn't defined for the type 'CaptivePortal'.
 - 'CaptivePortal' is from 'package:starlink_isp_app/generated/spacex_api/device/wifi_config.pb.dart' ('lib/generated/spacex_api/device/wifi_config.pb.dart').
Try correcting the name to the name of an existing method, or defining a method named '$_clearField'.
  void clearDisplayInCaptiveBrowser() => $_clearField(2);
                                         ^^^^^^^^^^^^
lib/generated/spacex_api/device/wifi_config.pb.dart:486:22: Error: The method '$_clearField' isn't defined for the type 'WifiConfig_MeshConfigsEntry'.
 - 'WifiConfig_MeshConfigsEntry' is from 'package:starlink_isp_app/generated/spacex_api/device/wifi_config.pb.dart' ('lib/generated/spacex_api/device/wifi_config.pb.dart').
Try correcting the name to the name of an existing method, or defining a method named '$_clearField'.
  void clearKey() => $_clearField(1);
                     ^^^^^^^^^^^^
lib/generated/spacex_api/device/wifi_config.pb.dart:491:34: Error: The method '$_setField' isn't defined for the type 'WifiConfig_MeshConfigsEntry'.
 - 'WifiConfig_MeshConfigsEntry' is from 'package:starlink_isp_app/generated/spacex_api/device/wifi_config.pb.dart' ('lib/generated/spacex_api/device/wifi_config.pb.dart').
Try correcting the name to the name of an existing method, or defining a method named '$_setField'.
  set value(MeshConfig value) => $_setField(2, value);
                                 ^^^^^^^^^^
lib/generated/spacex_api/device/wifi_config.pb.dart:495:24: Error: The method '$_clearField' isn't defined for the type 'WifiConfig_MeshConfigsEntry'.
 - 'WifiConfig_MeshConfigsEntry' is from 'package:starlink_isp_app/generated/spacex_api/device/wifi_config.pb.dart' ('lib/generated/spacex_api/device/wifi_config.pb.dart').
Try correcting the name to the name of an existing method, or defining a method named '$_clearField'.
  void clearValue() => $_clearField(2);
                       ^^^^^^^^^^^^
lib/generated/spacex_api/device/wifi_config.pb.dart:561:22: Error: The method '$_clearField' isn't defined for the type 'WifiConfig_MeshConfigsUpdatesEntry'.
 - 'WifiConfig_MeshConfigsUpdatesEntry' is from 'package:starlink_isp_app/generated/spacex_api/device/wifi_config.pb.dart' ('lib/generated/spacex_api/device/wifi_config.pb.dart').
Try correcting the name to the name of an existing method, or defining a method named '$_clearField'.
  void clearKey() => $_clearField(1);
                     ^^^^^^^^^^^^
lib/generated/spacex_api/device/wifi_config.pb.dart:566:34: Error: The method '$_setField' isn't defined for the type 'WifiConfig_MeshConfigsUpdatesEntry'.
 - 'WifiConfig_MeshConfigsUpdatesEntry' is from 'package:starlink_isp_app/generated/spacex_api/device/wifi_config.pb.dart' ('lib/generated/spacex_api/device/wifi_config.pb.dart').
Try correcting the name to the name of an existing method, or defining a method named '$_setField'.
  set value(MeshConfig value) => $_setField(2, value);
                                 ^^^^^^^^^^
lib/generated/spacex_api/device/wifi_config.pb.dart:570:24: Error: The method '$_clearField' isn't defined for the type 'WifiConfig_MeshConfigsUpdatesEntry'.
 - 'WifiConfig_MeshConfigsUpdatesEntry' is from 'package:starlink_isp_app/generated/spacex_api/device/wifi_config.pb.dart' ('lib/generated/spacex_api/device/wifi_config.pb.dart').
Try correcting the name to the name of an existing method, or defining a method named '$_clearField'.
  void clearValue() => $_clearField(2);
                       ^^^^^^^^^^^^
lib/generated/spacex_api/device/wifi_config.pb.dart:647:7: Error: The method 'aE' isn't defined for the type 'BuilderInfo'.
 - 'BuilderInfo' is from 'package:protobuf/protobuf.dart' ('../../../.pub-cache/hosted/pub.dev/protobuf-3.1.0/lib/protobuf.dart').
Try correcting the name to the name of an existing method, or defining a method named 'aE'.
    ..aE<WifiConfig_Band>(1011, _omitFieldNames ? '' : 'band',
      ^^
lib/generated/spacex_api/device/wifi_config.pb.dart:705:23: Error: The method '$_clearField' isn't defined for the type 'WifiConfig_BasicServiceSet'.
 - 'WifiConfig_BasicServiceSet' is from 'package:starlink_isp_app/generated/spacex_api/device/wifi_config.pb.dart' ('lib/generated/spacex_api/device/wifi_config.pb.dart').
Try correcting the name to the name of an existing method, or defining a method named '$_clearField'.
  void clearAuth() => $_clearField($_whichOneof(0));
                      ^^^^^^^^^^^^
lib/generated/spacex_api/device/wifi_config.pb.dart:714:24: Error: The method '$_clearField' isn't defined for the type 'WifiConfig_BasicServiceSet'.
 - 'WifiConfig_BasicServiceSet' is from 'package:starlink_isp_app/generated/spacex_api/device/wifi_config.pb.dart' ('lib/generated/spacex_api/device/wifi_config.pb.dart').
Try correcting the name to the name of an existing method, or defining a method named '$_clearField'.
  void clearBssid() => $_clearField(1003);
                       ^^^^^^^^^^^^
lib/generated/spacex_api/device/wifi_config.pb.dart:723:23: Error: The method '$_clearField' isn't defined for the type 'WifiConfig_BasicServiceSet'.
 - 'WifiConfig_BasicServiceSet' is from 'package:starlink_isp_app/generated/spacex_api/device/wifi_config.pb.dart' ('lib/generated/spacex_api/device/wifi_config.pb.dart').
Try correcting the name to the name of an existing method, or defining a method named '$_clearField'.
  void clearSsid() => $_clearField(1005);
                      ^^^^^^^^^^^^
lib/generated/spacex_api/device/wifi_config.pb.dart:728:38: Error: The method '$_setField' isn't defined for the type 'WifiConfig_BasicServiceSet'.
 - 'WifiConfig_BasicServiceSet' is from 'package:starlink_isp_app/generated/spacex_api/device/wifi_config.pb.dart' ('lib/generated/spacex_api/device/wifi_config.pb.dart').
Try correcting the name to the name of an existing method, or defining a method named '$_setField'.
  set band(WifiConfig_Band value) => $_setField(1011, value);
                                     ^^^^^^^^^^
lib/generated/spacex_api/device/wifi_config.pb.dart:732:23: Error: The method '$_clearField' isn't defined for the type 'WifiConfig_BasicServiceSet'.
 - 'WifiConfig_BasicServiceSet' is from 'package:starlink_isp_app/generated/spacex_api/device/wifi_config.pb.dart' ('lib/generated/spacex_api/device/wifi_config.pb.dart').
Try correcting the name to the name of an existing method, or defining a method named '$_clearField'.
  void clearBand() => $_clearField(1011);
                      ^^^^^^^^^^^^
lib/generated/spacex_api/device/wifi_config.pb.dart:741:26: Error: The method '$_clearField' isn't defined for the type 'WifiConfig_BasicServiceSet'.
 - 'WifiConfig_BasicServiceSet' is from 'package:starlink_isp_app/generated/spacex_api/device/wifi_config.pb.dart' ('lib/generated/spacex_api/device/wifi_config.pb.dart').
Try correcting the name to the name of an existing method, or defining a method named '$_clearField'.
  void clearDisable() => $_clearField(1013);
                         ^^^^^^^^^^^^
lib/generated/spacex_api/device/wifi_config.pb.dart:750:25: Error: The method '$_clearField' isn't defined for the type 'WifiConfig_BasicServiceSet'.
 - 'WifiConfig_BasicServiceSet' is from 'package:starlink_isp_app/generated/spacex_api/device/wifi_config.pb.dart' ('lib/generated/spacex_api/device/wifi_config.pb.dart').
Try correcting the name to the name of an existing method, or defining a method named '$_clearField'.
  void clearHidden() => $_clearField(1015);
                        ^^^^^^^^^^^^
lib/generated/spacex_api/device/wifi_config.pb.dart:759:28: Error: The method '$_clearField' isn't defined for the type 'WifiConfig_BasicServiceSet'.
 - 'WifiConfig_BasicServiceSet' is from 'package:starlink_isp_app/generated/spacex_api/device/wifi_config.pb.dart' ('lib/generated/spacex_api/device/wifi_config.pb.dart').
Try correcting the name to the name of an existing method, or defining a method named '$_clearField'.
  void clearIfaceName() => $_clearField(1017);
                           ^^^^^^^^^^^^
lib/generated/spacex_api/device/wifi_config.pb.dart:764:35: Error: The method '$_setField' isn't defined for the type 'WifiConfig_BasicServiceSet'.
 - 'WifiConfig_BasicServiceSet' is from 'package:starlink_isp_app/generated/spacex_api/device/wifi_config.pb.dart' ('lib/generated/spacex_api/device/wifi_config.pb.dart').
Try correcting the name to the name of an existing method, or defining a method named '$_setField'.
  set authOpen(AuthOpen value) => $_setField(2001, value);
                                  ^^^^^^^^^^
lib/generated/spacex_api/device/wifi_config.pb.dart:768:27: Error: The method '$_clearField' isn't defined for the type 'WifiConfig_BasicServiceSet'.
 - 'WifiConfig_BasicServiceSet' is from 'package:starlink_isp_app/generated/spacex_api/device/wifi_config.pb.dart' ('lib/generated/spacex_api/device/wifi_config.pb.dart').
Try correcting the name to the name of an existing method, or defining a method named '$_clearField'.
  void clearAuthOpen() => $_clearField(2001);
                          ^^^^^^^^^^^^
lib/generated/spacex_api/device/wifi_config.pb.dart:775:35: Error: The method '$_setField' isn't defined for the type 'WifiConfig_BasicServiceSet'.
 - 'WifiConfig_BasicServiceSet' is from 'package:starlink_isp_app/generated/spacex_api/device/wifi_config.pb.dart' ('lib/generated/spacex_api/device/wifi_config.pb.dart').
Try correcting the name to the name of an existing method, or defining a method named '$_setField'.
  set authWpa2(AuthWpa2 value) => $_setField(2002, value);
                                  ^^^^^^^^^^
lib/generated/spacex_api/device/wifi_config.pb.dart:779:27: Error: The method '$_clearField' isn't defined for the type 'WifiConfig_BasicServiceSet'.
 - 'WifiConfig_BasicServiceSet' is from 'package:starlink_isp_app/generated/spacex_api/device/wifi_config.pb.dart' ('lib/generated/spacex_api/device/wifi_config.pb.dart').
Try correcting the name to the name of an existing method, or defining a method named '$_clearField'.
  void clearAuthWpa2() => $_clearField(2002);
                          ^^^^^^^^^^^^
lib/generated/spacex_api/device/wifi_config.pb.dart:786:35: Error: The method '$_setField' isn't defined for the type 'WifiConfig_BasicServiceSet'.
 - 'WifiConfig_BasicServiceSet' is from 'package:starlink_isp_app/generated/spacex_api/device/wifi_config.pb.dart' ('lib/generated/spacex_api/device/wifi_config.pb.dart').
Try correcting the name to the name of an existing method, or defining a method named '$_setField'.
  set authWpa3(AuthWpa3 value) => $_setField(2003, value);
                                  ^^^^^^^^^^
lib/generated/spacex_api/device/wifi_config.pb.dart:790:27: Error: The method '$_clearField' isn't defined for the type 'WifiConfig_BasicServiceSet'.
 - 'WifiConfig_BasicServiceSet' is from 'package:starlink_isp_app/generated/spacex_api/device/wifi_config.pb.dart' ('lib/generated/spacex_api/device/wifi_config.pb.dart').
Try correcting the name to the name of an existing method, or defining a method named '$_clearField'.
  void clearAuthWpa3() => $_clearField(2003);
                          ^^^^^^^^^^^^
lib/generated/spacex_api/device/wifi_config.pb.dart:797:43: Error: The method '$_setField' isn't defined for the type 'WifiConfig_BasicServiceSet'.
 - 'WifiConfig_BasicServiceSet' is from 'package:starlink_isp_app/generated/spacex_api/device/wifi_config.pb.dart' ('lib/generated/spacex_api/device/wifi_config.pb.dart').
Try correcting the name to the name of an existing method, or defining a method named '$_setField'.
  set authWpa2Wpa3(AuthWpa2Wpa3 value) => $_setField(2004, value);
                                          ^^^^^^^^^^
lib/generated/spacex_api/device/wifi_config.pb.dart:801:31: Error: The method '$_clearField' isn't defined for the type 'WifiConfig_BasicServiceSet'.
 - 'WifiConfig_BasicServiceSet' is from 'package:starlink_isp_app/generated/spacex_api/device/wifi_config.pb.dart' ('lib/generated/spacex_api/device/wifi_config.pb.dart').
Try correcting the name to the name of an existing method, or defining a method named '$_clearField'.
  void clearAuthWpa2Wpa3() => $_clearField(2004);
                              ^^^^^^^^^^^^
lib/generated/spacex_api/device/wifi_config.pb.dart:808:39: Error: The method '$_setField' isn't defined for the type 'WifiConfig_BasicServiceSet'.
 - 'WifiConfig_BasicServiceSet' is from 'package:starlink_isp_app/generated/spacex_api/device/wifi_config.pb.dart' ('lib/generated/spacex_api/device/wifi_config.pb.dart').
Try correcting the name to the name of an existing method, or defining a method named '$_setField'.
  set authRadius(AuthRadius value) => $_setField(2005, value);
                                      ^^^^^^^^^^
lib/generated/spacex_api/device/wifi_config.pb.dart:812:29: Error: The method '$_clearField' isn't defined for the type 'WifiConfig_BasicServiceSet'.
 - 'WifiConfig_BasicServiceSet' is from 'package:starlink_isp_app/generated/spacex_api/device/wifi_config.pb.dart' ('lib/generated/spacex_api/device/wifi_config.pb.dart').
Try correcting the name to the name of an existing method, or defining a method named '$_clearField'.
  void clearAuthRadius() => $_clearField(2005);
                            ^^^^^^^^^^^^
lib/generated/spacex_api/device/wifi_config.pb.dart:819:53: Error: The method '$_setField' isn't defined for the type 'WifiConfig_BasicServiceSet'.
 - 'WifiConfig_BasicServiceSet' is from 'package:starlink_isp_app/generated/spacex_api/device/wifi_config.pb.dart' ('lib/generated/spacex_api/device/wifi_config.pb.dart').
Try correcting the name to the name of an existing method, or defining a method named '$_setField'.
  set authOpenEncrypted(AuthOpenEncrypted value) => $_setField(2006, value);
                                                    ^^^^^^^^^^
lib/generated/spacex_api/device/wifi_config.pb.dart:823:36: Error: The method '$_clearField' isn't defined for the type 'WifiConfig_BasicServiceSet'.
 - 'WifiConfig_BasicServiceSet' is from 'package:starlink_isp_app/generated/spacex_api/device/wifi_config.pb.dart' ('lib/generated/spacex_api/device/wifi_config.pb.dart').
Try correcting the name to the name of an existing method, or defining a method named '$_clearField'.
  void clearAuthOpenEncrypted() => $_clearField(2006);
                                   ^^^^^^^^^^^^
lib/generated/spacex_api/device/wifi_config.pb.dart:830:53: Error: The method '$_setField' isn't defined for the type 'WifiConfig_BasicServiceSet'.
 - 'WifiConfig_BasicServiceSet' is from 'package:starlink_isp_app/generated/spacex_api/device/wifi_config.pb.dart' ('lib/generated/spacex_api/device/wifi_config.pb.dart').
Try correcting the name to the name of an existing method, or defining a method named '$_setField'.
  set authOnboardRadius(AuthOnboardRadius value) => $_setField(2007, value);
                                                    ^^^^^^^^^^
lib/generated/spacex_api/device/wifi_config.pb.dart:834:36: Error: The method '$_clearField' isn't defined for the type 'WifiConfig_BasicServiceSet'.
 - 'WifiConfig_BasicServiceSet' is from 'package:starlink_isp_app/generated/spacex_api/device/wifi_config.pb.dart' ('lib/generated/spacex_api/device/wifi_config.pb.dart').
Try correcting the name to the name of an existing method, or defining a method named '$_clearField'.
  void clearAuthOnboardRadius() => $_clearField(2007);
                                   ^^^^^^^^^^^^
lib/generated/spacex_api/device/wifi_config.pb.dart:889:43: Error: A value of type 'List<dynamic>' can't be returned from a function with return type 'PbList<String>'.
 - 'List' is from 'dart:core'.
 - 'PbList' is from 'package:protobuf/protobuf.dart' ('../../../.pub-cache/hosted/pub.dev/protobuf-3.1.0/lib/protobuf.dart').
  $pb.PbList<$core.String> get domains => $_getList(0);
                                          ^
lib/generated/spacex_api/device/wifi_config.pb.dart:892:45: Error: A value of type 'List<dynamic>' can't be returned from a function with return type 'PbList<String>'.
 - 'List' is from 'dart:core'.
 - 'PbList' is from 'package:protobuf/protobuf.dart' ('../../../.pub-cache/hosted/pub.dev/protobuf-3.1.0/lib/protobuf.dart').
  $pb.PbList<$core.String> get addresses => $_getList(1);
                                            ^
lib/generated/spacex_api/device/wifi_config.pb.dart:945:43: Error: A value of type 'List<dynamic>' can't be returned from a function with return type 'PbList<String>'.
 - 'List' is from 'dart:core'.
 - 'PbList' is from 'package:protobuf/protobuf.dart' ('../../../.pub-cache/hosted/pub.dev/protobuf-3.1.0/lib/protobuf.dart').
  $pb.PbList<$core.String> get domains => $_getList(0);
                                          ^
lib/generated/spacex_api/device/wifi_config.pb.dart:948:51: Error: A value of type 'List<dynamic>' can't be returned from a function with return type 'PbList<String>'.
 - 'List' is from 'dart:core'.
 - 'PbList' is from 'package:protobuf/protobuf.dart' ('../../../.pub-cache/hosted/pub.dev/protobuf-3.1.0/lib/protobuf.dart').
  $pb.PbList<$core.String> get serverAddresses => $_getList(1);
                                                  ^
lib/generated/spacex_api/device/wifi_config.pb.dart:1007:25: Error: The method '$_clearField' isn't defined for the type 'WifiConfig_StaticRoute'.
 - 'WifiConfig_StaticRoute' is from 'package:starlink_isp_app/generated/spacex_api/device/wifi_config.pb.dart' ('lib/generated/spacex_api/device/wifi_config.pb.dart').
Try correcting the name to the name of an existing method, or defining a method named '$_clearField'.
  void clearSubnet() => $_clearField(1);
                        ^^^^^^^^^^^^
lib/generated/spacex_api/device/wifi_config.pb.dart:1016:26: Error: The method '$_clearField' isn't defined for the type 'WifiConfig_StaticRoute'.
 - 'WifiConfig_StaticRoute' is from 'package:starlink_isp_app/generated/spacex_api/device/wifi_config.pb.dart' ('lib/generated/spacex_api/device/wifi_config.pb.dart').
Try correcting the name to the name of an existing method, or defining a method named '$_clearField'.
  void clearGateway() => $_clearField(2);
                         ^^^^^^^^^^^^
lib/generated/spacex_api/device/wifi_config.pb.dart:1099:7: Error: The method 'pPM' isn't defined for the type 'BuilderInfo'.
 - 'BuilderInfo' is from 'package:protobuf/protobuf.dart' ('../../../.pub-cache/hosted/pub.dev/protobuf-3.1.0/lib/protobuf.dart').
Try correcting the name to the name of an existing method, or defining a method named 'pPM'.
    ..pPM<WifiConfig_BasicServiceSet>(
      ^^^
lib/generated/spacex_api/device/wifi_config.pb.dart:1106:7: Error: The method 'aI' isn't defined for the type 'BuilderInfo'.
 - 'BuilderInfo' is from 'package:protobuf/protobuf.dart' ('../../../.pub-cache/hosted/pub.dev/protobuf-3.1.0/lib/protobuf.dart').
Try correcting the name to the name of an existing method, or defining a method named 'aI'.
    ..aI(1012, _omitFieldNames ? '' : 'dhcpv4Start',
      ^^
lib/generated/spacex_api/device/wifi_config.pb.dart:1109:7: Error: The method 'aI' isn't defined for the type 'BuilderInfo'.
 - 'BuilderInfo' is from 'package:protobuf/protobuf.dart' ('../../../.pub-cache/hosted/pub.dev/protobuf-3.1.0/lib/protobuf.dart').
Try correcting the name to the name of an existing method, or defining a method named 'aI'.
    ..aI(1014, _omitFieldNames ? '' : 'vlan', fieldType: $pb.PbFieldType.OU3)
      ^^
lib/generated/spacex_api/device/wifi_config.pb.dart:1111:7: Error: The method 'aI' isn't defined for the type 'BuilderInfo'.
 - 'BuilderInfo' is from 'package:protobuf/protobuf.dart' ('../../../.pub-cache/hosted/pub.dev/protobuf-3.1.0/lib/protobuf.dart').
Try correcting the name to the name of an existing method, or defining a method named 'aI'.
    ..aI(1016, _omitFieldNames ? '' : 'dhcpv4LeaseDurationS',
      ^^
lib/generated/spacex_api/device/wifi_config.pb.dart:1116:7: Error: The method 'aI' isn't defined for the type 'BuilderInfo'.
 - 'BuilderInfo' is from 'package:protobuf/protobuf.dart' ('../../../.pub-cache/hosted/pub.dev/protobuf-3.1.0/lib/protobuf.dart').
Try correcting the name to the name of an existing method, or defining a method named 'aI'.
    ..aI(1023, _omitFieldNames ? '' : 'sandboxId',
      ^^
lib/generated/spacex_api/device/wifi_config.pb.dart:1120:7: Error: The method 'aI' isn't defined for the type 'BuilderInfo'.
 - 'BuilderInfo' is from 'package:protobuf/protobuf.dart' ('../../../.pub-cache/hosted/pub.dev/protobuf-3.1.0/lib/protobuf.dart').
Try correcting the name to the name of an existing method, or defining a method named 'aI'.
    ..aI(1025, _omitFieldNames ? '' : 'dhcpv4End',
      ^^
lib/generated/spacex_api/device/wifi_config.pb.dart:1122:7: Error: The method 'aI' isn't defined for the type 'BuilderInfo'.
 - 'BuilderInfo' is from 'package:protobuf/protobuf.dart' ('../../../.pub-cache/hosted/pub.dev/protobuf-3.1.0/lib/protobuf.dart').
Try correcting the name to the name of an existing method, or defining a method named 'aI'.
    ..aI(1026, _omitFieldNames ? '' : 'networkGroups',
      ^^
lib/generated/spacex_api/device/wifi_config.pb.dart:1124:7: Error: The method 'pPM' isn't defined for the type 'BuilderInfo'.
 - 'BuilderInfo' is from 'package:protobuf/protobuf.dart' ('../../../.pub-cache/hosted/pub.dev/protobuf-3.1.0/lib/protobuf.dart').
Try correcting the name to the name of an existing method, or defining a method named 'pPM'.
    ..pPM<WifiConfig_DnsStaticEntry>(
      ^^^
lib/generated/spacex_api/device/wifi_config.pb.dart:1127:7: Error: The method 'pPM' isn't defined for the type 'BuilderInfo'.
 - 'BuilderInfo' is from 'package:protobuf/protobuf.dart' ('../../../.pub-cache/hosted/pub.dev/protobuf-3.1.0/lib/protobuf.dart').
Try correcting the name to the name of an existing method, or defining a method named 'pPM'.
    ..pPM<WifiConfig_DnsForwardRule>(
      ^^^
lib/generated/spacex_api/device/wifi_config.pb.dart:1131:7: Error: The method 'pPM' isn't defined for the type 'BuilderInfo'.
 - 'BuilderInfo' is from 'package:protobuf/protobuf.dart' ('../../../.pub-cache/hosted/pub.dev/protobuf-3.1.0/lib/protobuf.dart').
Try correcting the name to the name of an existing method, or defining a method named 'pPM'.
    ..pPM<WifiConfig_StaticRoute>(1030, _omitFieldNames ? '' : 'staticRoutes',
      ^^^
lib/generated/spacex_api/device/wifi_config.pb.dart:1166:23: Error: The method '$_clearField' isn't defined for the type 'WifiConfig_Network'.
 - 'WifiConfig_Network' is from 'package:starlink_isp_app/generated/spacex_api/device/wifi_config.pb.dart' ('lib/generated/spacex_api/device/wifi_config.pb.dart').
Try correcting the name to the name of an existing method, or defining a method named '$_clearField'.
  void clearIpv4() => $_clearField(1003);
                      ^^^^^^^^^^^^
lib/generated/spacex_api/device/wifi_config.pb.dart:1169:66: Error: A value of type 'List<dynamic>' can't be returned from a function with return type 'PbList<WifiConfig_BasicServiceSet>'.
 - 'List' is from 'dart:core'.
 - 'PbList' is from 'package:protobuf/protobuf.dart' ('../../../.pub-cache/hosted/pub.dev/protobuf-3.1.0/lib/protobuf.dart').
 - 'WifiConfig_BasicServiceSet' is from 'package:starlink_isp_app/generated/spacex_api/device/wifi_config.pb.dart' ('lib/generated/spacex_api/device/wifi_config.pb.dart').
  $pb.PbList<WifiConfig_BasicServiceSet> get basicServiceSets => $_getList(1);
                                                                 ^
lib/generated/spacex_api/device/wifi_config.pb.dart:1178:34: Error: The method '$_clearField' isn't defined for the type 'WifiConfig_Network'.
 - 'WifiConfig_Network' is from 'package:starlink_isp_app/generated/spacex_api/device/wifi_config.pb.dart' ('lib/generated/spacex_api/device/wifi_config.pb.dart').
Try correcting the name to the name of an existing method, or defining a method named '$_clearField'.
  void clearClientIsolation() => $_clearField(1008);
                                 ^^^^^^^^^^^^
lib/generated/spacex_api/device/wifi_config.pb.dart:1187:24: Error: The method '$_clearField' isn't defined for the type 'WifiConfig_Network'.
 - 'WifiConfig_Network' is from 'package:starlink_isp_app/generated/spacex_api/device/wifi_config.pb.dart' ('lib/generated/spacex_api/device/wifi_config.pb.dart').
Try correcting the name to the name of an existing method, or defining a method named '$_clearField'.
  void clearGuest() => $_clearField(1009);
                       ^^^^^^^^^^^^
lib/generated/spacex_api/device/wifi_config.pb.dart:1196:26: Error: The method '$_clearField' isn't defined for the type 'WifiConfig_Network'.
 - 'WifiConfig_Network' is from 'package:starlink_isp_app/generated/spacex_api/device/wifi_config.pb.dart' ('lib/generated/spacex_api/device/wifi_config.pb.dart').
Try correcting the name to the name of an existing method, or defining a method named '$_clearField'.
  void clearLanding() => $_clearField(1010);
                         ^^^^^^^^^^^^
lib/generated/spacex_api/device/wifi_config.pb.dart:1205:25: Error: The method '$_clearField' isn't defined for the type 'WifiConfig_Network'.
 - 'WifiConfig_Network' is from 'package:starlink_isp_app/generated/spacex_api/device/wifi_config.pb.dart' ('lib/generated/spacex_api/device/wifi_config.pb.dart').
Try correcting the name to the name of an existing method, or defining a method named '$_clearField'.
  void clearDomain() => $_clearField(1011);
                        ^^^^^^^^^^^^
lib/generated/spacex_api/device/wifi_config.pb.dart:1214:30: Error: The method '$_clearField' isn't defined for the type 'WifiConfig_Network'.
 - 'WifiConfig_Network' is from 'package:starlink_isp_app/generated/spacex_api/device/wifi_config.pb.dart' ('lib/generated/spacex_api/device/wifi_config.pb.dart').
Try correcting the name to the name of an existing method, or defining a method named '$_clearField'.
  void clearDhcpv4Start() => $_clearField(1012);
                             ^^^^^^^^^^^^
lib/generated/spacex_api/device/wifi_config.pb.dart:1223:27: Error: The method '$_clearField' isn't defined for the type 'WifiConfig_Network'.
 - 'WifiConfig_Network' is from 'package:starlink_isp_app/generated/spacex_api/device/wifi_config.pb.dart' ('lib/generated/spacex_api/device/wifi_config.pb.dart').
Try correcting the name to the name of an existing method, or defining a method named '$_clearField'.
  void clearInternal() => $_clearField(1013);
                          ^^^^^^^^^^^^
lib/generated/spacex_api/device/wifi_config.pb.dart:1232:23: Error: The method '$_clearField' isn't defined for the type 'WifiConfig_Network'.
 - 'WifiConfig_Network' is from 'package:starlink_isp_app/generated/spacex_api/device/wifi_config.pb.dart' ('lib/generated/spacex_api/device/wifi_config.pb.dart').
Try correcting the name to the name of an existing method, or defining a method named '$_clearField'.
  void clearVlan() => $_clearField(1014);
                      ^^^^^^^^^^^^
lib/generated/spacex_api/device/wifi_config.pb.dart:1241:31: Error: The method '$_clearField' isn't defined for the type 'WifiConfig_Network'.
 - 'WifiConfig_Network' is from 'package:starlink_isp_app/generated/spacex_api/device/wifi_config.pb.dart' ('lib/generated/spacex_api/device/wifi_config.pb.dart').
Try correcting the name to the name of an existing method, or defining a method named '$_clearField'.
  void clearDhcpDisabled() => $_clearField(1015);
                              ^^^^^^^^^^^^
lib/generated/spacex_api/device/wifi_config.pb.dart:1250:39: Error: The method '$_clearField' isn't defined for the type 'WifiConfig_Network'.
 - 'WifiConfig_Network' is from 'package:starlink_isp_app/generated/spacex_api/device/wifi_config.pb.dart' ('lib/generated/spacex_api/device/wifi_config.pb.dart').
Try correcting the name to the name of an existing method, or defining a method named '$_clearField'.
  void clearDhcpv4LeaseDurationS() => $_clearField(1016);
                                      ^^^^^^^^^^^^
lib/generated/spacex_api/device/wifi_config.pb.dart:1259:32: Error: The method '$_clearField' isn't defined for the type 'WifiConfig_Network'.
 - 'WifiConfig_Network' is from 'package:starlink_isp_app/generated/spacex_api/device/wifi_config.pb.dart' ('lib/generated/spacex_api/device/wifi_config.pb.dart').
Try correcting the name to the name of an existing method, or defining a method named '$_clearField'.
  void clearLandingPageV2() => $_clearField(1017);
                               ^^^^^^^^^^^^
lib/generated/spacex_api/device/wifi_config.pb.dart:1268:33: Error: The method '$_clearField' isn't defined for the type 'WifiConfig_Network'.
 - 'WifiConfig_Network' is from 'package:starlink_isp_app/generated/spacex_api/device/wifi_config.pb.dart' ('lib/generated/spacex_api/device/wifi_config.pb.dart').
Try correcting the name to the name of an existing method, or defining a method named '$_clearField'.
  void clearSandboxEnabled() => $_clearField(1020);
                                ^^^^^^^^^^^^
lib/generated/spacex_api/device/wifi_config.pb.dart:1271:58: Error: A value of type 'List<dynamic>' can't be returned from a function with return type 'PbList<String>'.
 - 'List' is from 'dart:core'.
 - 'PbList' is from 'package:protobuf/protobuf.dart' ('../../../.pub-cache/hosted/pub.dev/protobuf-3.1.0/lib/protobuf.dart').
  $pb.PbList<$core.String> get sandboxDomainAllowList => $_getList(13);
                                                         ^
lib/generated/spacex_api/device/wifi_config.pb.dart:1280:28: Error: The method '$_clearField' isn't defined for the type 'WifiConfig_Network'.
 - 'WifiConfig_Network' is from 'package:starlink_isp_app/generated/spacex_api/device/wifi_config.pb.dart' ('lib/generated/spacex_api/device/wifi_config.pb.dart').
Try correcting the name to the name of an existing method, or defining a method named '$_clearField'.
  void clearSandboxId() => $_clearField(1023);
                           ^^^^^^^^^^^^
lib/generated/spacex_api/device/wifi_config.pb.dart:1285:45: Error: The method '$_setField' isn't defined for the type 'WifiConfig_Network'.
 - 'WifiConfig_Network' is from 'package:starlink_isp_app/generated/spacex_api/device/wifi_config.pb.dart' ('lib/generated/spacex_api/device/wifi_config.pb.dart').
Try correcting the name to the name of an existing method, or defining a method named '$_setField'.
  set captivePortal(CaptivePortal value) => $_setField(1024, value);
                                            ^^^^^^^^^^
lib/generated/spacex_api/device/wifi_config.pb.dart:1289:32: Error: The method '$_clearField' isn't defined for the type 'WifiConfig_Network'.
 - 'WifiConfig_Network' is from 'package:starlink_isp_app/generated/spacex_api/device/wifi_config.pb.dart' ('lib/generated/spacex_api/device/wifi_config.pb.dart').
Try correcting the name to the name of an existing method, or defining a method named '$_clearField'.
  void clearCaptivePortal() => $_clearField(1024);
                               ^^^^^^^^^^^^
lib/generated/spacex_api/device/wifi_config.pb.dart:1300:28: Error: The method '$_clearField' isn't defined for the type 'WifiConfig_Network'.
 - 'WifiConfig_Network' is from 'package:starlink_isp_app/generated/spacex_api/device/wifi_config.pb.dart' ('lib/generated/spacex_api/device/wifi_config.pb.dart').
Try correcting the name to the name of an existing method, or defining a method named '$_clearField'.
  void clearDhcpv4End() => $_clearField(1025);
                           ^^^^^^^^^^^^
lib/generated/spacex_api/device/wifi_config.pb.dart:1309:32: Error: The method '$_clearField' isn't defined for the type 'WifiConfig_Network'.
 - 'WifiConfig_Network' is from 'package:starlink_isp_app/generated/spacex_api/device/wifi_config.pb.dart' ('lib/generated/spacex_api/device/wifi_config.pb.dart').
Try correcting the name to the name of an existing method, or defining a method named '$_clearField'.
  void clearNetworkGroups() => $_clearField(1026);
                               ^^^^^^^^^^^^
lib/generated/spacex_api/device/wifi_config.pb.dart:1312:65: Error: A value of type 'List<dynamic>' can't be returned from a function with return type 'PbList<WifiConfig_DnsStaticEntry>'.
 - 'List' is from 'dart:core'.
 - 'PbList' is from 'package:protobuf/protobuf.dart' ('../../../.pub-cache/hosted/pub.dev/protobuf-3.1.0/lib/protobuf.dart').
 - 'WifiConfig_DnsStaticEntry' is from 'package:starlink_isp_app/generated/spacex_api/device/wifi_config.pb.dart' ('lib/generated/spacex_api/device/wifi_config.pb.dart').
  $pb.PbList<WifiConfig_DnsStaticEntry> get dnsStaticEntries => $_getList(18);
                                                                ^
lib/generated/spacex_api/device/wifi_config.pb.dart:1315:64: Error: A value of type 'List<dynamic>' can't be returned from a function with return type 'PbList<WifiConfig_DnsForwardRule>'.
 - 'List' is from 'dart:core'.
 - 'PbList' is from 'package:protobuf/protobuf.dart' ('../../../.pub-cache/hosted/pub.dev/protobuf-3.1.0/lib/protobuf.dart').
 - 'WifiConfig_DnsForwardRule' is from 'package:starlink_isp_app/generated/spacex_api/device/wifi_config.pb.dart' ('lib/generated/spacex_api/device/wifi_config.pb.dart').
  $pb.PbList<WifiConfig_DnsForwardRule> get dnsForwardRules => $_getList(19);
                                                               ^
lib/generated/spacex_api/device/wifi_config.pb.dart:1324:40: Error: The method '$_clearField' isn't defined for the type 'WifiConfig_Network'.
 - 'WifiConfig_Network' is from 'package:starlink_isp_app/generated/spacex_api/device/wifi_config.pb.dart' ('lib/generated/spacex_api/device/wifi_config.pb.dart').
Try correcting the name to the name of an existing method, or defining a method named '$_clearField'.
  void clearDisableWhenOfflineOld() => $_clearField(1029);
                                       ^^^^^^^^^^^^
lib/generated/spacex_api/device/wifi_config.pb.dart:1327:58: Error: A value of type 'List<dynamic>' can't be returned from a function with return type 'PbList<WifiConfig_StaticRoute>'.
 - 'List' is from 'dart:core'.
 - 'PbList' is from 'package:protobuf/protobuf.dart' ('../../../.pub-cache/hosted/pub.dev/protobuf-3.1.0/lib/protobuf.dart').
 - 'WifiConfig_StaticRoute' is from 'package:starlink_isp_app/generated/spacex_api/device/wifi_config.pb.dart' ('lib/generated/spacex_api/device/wifi_config.pb.dart').
  $pb.PbList<WifiConfig_StaticRoute> get staticRoutes => $_getList(21);
                                                         ^
lib/generated/spacex_api/device/wifi_config.pb.dart:1336:37: Error: The method '$_clearField' isn't defined for the type 'WifiConfig_Network'.
 - 'WifiConfig_Network' is from 'package:starlink_isp_app/generated/spacex_api/device/wifi_config.pb.dart' ('lib/generated/spacex_api/device/wifi_config.pb.dart').
Try correcting the name to the name of an existing method, or defining a method named '$_clearField'.
  void clearDisableWhenOffline() => $_clearField(1031);
                                    ^^^^^^^^^^^^
lib/generated/spacex_api/device/wifi_config.pb.dart:1341:53: Error: The method '$_setField' isn't defined for the type 'WifiConfig_Network'.
 - 'WifiConfig_Network' is from 'package:starlink_isp_app/generated/spacex_api/device/wifi_config.pb.dart' ('lib/generated/spacex_api/device/wifi_config.pb.dart').
Try correcting the name to the name of an existing method, or defining a method named '$_setField'.
  set onboardRadiusTlsConfigOld(TlsConfig value) => $_setField(1032, value);
                                                    ^^^^^^^^^^
lib/generated/spacex_api/device/wifi_config.pb.dart:1345:44: Error: The method '$_clearField' isn't defined for the type 'WifiConfig_Network'.
 - 'WifiConfig_Network' is from 'package:starlink_isp_app/generated/spacex_api/device/wifi_config.pb.dart' ('lib/generated/spacex_api/device/wifi_config.pb.dart').
Try correcting the name to the name of an existing method, or defining a method named '$_clearField'.
  void clearOnboardRadiusTlsConfigOld() => $_clearField(1032);
                                           ^^^^^^^^^^^^
lib/generated/spacex_api/device/wifi_config.pb.dart:1352:50: Error: The method '$_setField' isn't defined for the type 'WifiConfig_Network'.
 - 'WifiConfig_Network' is from 'package:starlink_isp_app/generated/spacex_api/device/wifi_config.pb.dart' ('lib/generated/spacex_api/device/wifi_config.pb.dart').
Try correcting the name to the name of an existing method, or defining a method named '$_setField'.
  set onboardRadiusTlsConfig(TlsConfig value) => $_setField(1033, value);
                                                 ^^^^^^^^^^
lib/generated/spacex_api/device/wifi_config.pb.dart:1356:41: Error: The method '$_clearField' isn't defined for the type 'WifiConfig_Network'.
 - 'WifiConfig_Network' is from 'package:starlink_isp_app/generated/spacex_api/device/wifi_config.pb.dart' ('lib/generated/spacex_api/device/wifi_config.pb.dart').
Try correcting the name to the name of an existing method, or defining a method named '$_clearField'.
  void clearOnboardRadiusTlsConfig() => $_clearField(1033);
                                        ^^^^^^^^^^^^
lib/generated/spacex_api/device/wifi_config.pb.dart:1388:7: Error: The method 'aI' isn't defined for the type 'BuilderInfo'.
 - 'BuilderInfo' is from 'package:protobuf/protobuf.dart' ('../../../.pub-cache/hosted/pub.dev/protobuf-3.1.0/lib/protobuf.dart').
Try correcting the name to the name of an existing method, or defining a method named 'aI'.
    ..aI(2, _omitFieldNames ? '' : 'networkGroups',
      ^^
lib/generated/spacex_api/device/wifi_config.pb.dart:1422:25: Error: The method '$_clearField' isn't defined for the type 'WifiConfig_UnbridgedEthPort_StaticRoute'.
 - 'WifiConfig_UnbridgedEthPort_StaticRoute' is from 'package:starlink_isp_app/generated/spacex_api/device/wifi_config.pb.dart' ('lib/generated/spacex_api/device/wifi_config.pb.dart').
Try correcting the name to the name of an existing method, or defining a method named '$_clearField'.
  void clearSubnet() => $_clearField(1);
                        ^^^^^^^^^^^^
lib/generated/spacex_api/device/wifi_config.pb.dart:1431:32: Error: The method '$_clearField' isn't defined for the type 'WifiConfig_UnbridgedEthPort_StaticRoute'.
 - 'WifiConfig_UnbridgedEthPort_StaticRoute' is from 'package:starlink_isp_app/generated/spacex_api/device/wifi_config.pb.dart' ('lib/generated/spacex_api/device/wifi_config.pb.dart').
Try correcting the name to the name of an existing method, or defining a method named '$_clearField'.
  void clearNetworkGroups() => $_clearField(2);
                               ^^^^^^^^^^^^
lib/generated/spacex_api/device/wifi_config.pb.dart:1477:7: Error: The method 'aI' isn't defined for the type 'BuilderInfo'.
 - 'BuilderInfo' is from 'package:protobuf/protobuf.dart' ('../../../.pub-cache/hosted/pub.dev/protobuf-3.1.0/lib/protobuf.dart').
Try correcting the name to the name of an existing method, or defining a method named 'aI'.
    ..aI(1, _omitFieldNames ? '' : 'lanPortIndex',
      ^^
lib/generated/spacex_api/device/wifi_config.pb.dart:1481:7: Error: The method 'pPM' isn't defined for the type 'BuilderInfo'.
 - 'BuilderInfo' is from 'package:protobuf/protobuf.dart' ('../../../.pub-cache/hosted/pub.dev/protobuf-3.1.0/lib/protobuf.dart').
Try correcting the name to the name of an existing method, or defining a method named 'pPM'.
    ..pPM<WifiConfig_UnbridgedEthPort_StaticRoute>(
      ^^^
lib/generated/spacex_api/device/wifi_config.pb.dart:1519:22: Error: The method '$_clearField' isn't defined for the type 'WifiConfig_UnbridgedEthPort'.
 - 'WifiConfig_UnbridgedEthPort' is from 'package:starlink_isp_app/generated/spacex_api/device/wifi_config.pb.dart' ('lib/generated/spacex_api/device/wifi_config.pb.dart').
Try correcting the name to the name of an existing method, or defining a method named '$_clearField'.
  void clearWan() => $_clearField($_whichOneof(0));
                     ^^^^^^^^^^^^
lib/generated/spacex_api/device/wifi_config.pb.dart:1528:31: Error: The method '$_clearField' isn't defined for the type 'WifiConfig_UnbridgedEthPort'.
 - 'WifiConfig_UnbridgedEthPort' is from 'package:starlink_isp_app/generated/spacex_api/device/wifi_config.pb.dart' ('lib/generated/spacex_api/device/wifi_config.pb.dart').
Try correcting the name to the name of an existing method, or defining a method named '$_clearField'.
  void clearLanPortIndex() => $_clearField(1);
                              ^^^^^^^^^^^^
lib/generated/spacex_api/device/wifi_config.pb.dart:1537:21: Error: The method '$_clearField' isn't defined for the type 'WifiConfig_UnbridgedEthPort'.
 - 'WifiConfig_UnbridgedEthPort' is from 'package:starlink_isp_app/generated/spacex_api/device/wifi_config.pb.dart' ('lib/generated/spacex_api/device/wifi_config.pb.dart').
Try correcting the name to the name of an existing method, or defining a method named '$_clearField'.
  void clearIp() => $_clearField(2);
                    ^^^^^^^^^^^^
lib/generated/spacex_api/device/wifi_config.pb.dart:1546:26: Error: The method '$_clearField' isn't defined for the type 'WifiConfig_UnbridgedEthPort'.
 - 'WifiConfig_UnbridgedEthPort' is from 'package:starlink_isp_app/generated/spacex_api/device/wifi_config.pb.dart' ('lib/generated/spacex_api/device/wifi_config.pb.dart').
Try correcting the name to the name of an existing method, or defining a method named '$_clearField'.
  void clearGateway() => $_clearField(3);
                         ^^^^^^^^^^^^
lib/generated/spacex_api/device/wifi_config.pb.dart:1550:7: Error: A value of type 'List<dynamic>' can't be returned from a function with return type 'PbList<WifiConfig_UnbridgedEthPort_StaticRoute>'.
 - 'List' is from 'dart:core'.
 - 'PbList' is from 'package:protobuf/protobuf.dart' ('../../../.pub-cache/hosted/pub.dev/protobuf-3.1.0/lib/protobuf.dart').
 - 'WifiConfig_UnbridgedEthPort_StaticRoute' is from 'package:starlink_isp_app/generated/spacex_api/device/wifi_config.pb.dart' ('lib/generated/spacex_api/device/wifi_config.pb.dart').
      $_getList(3);
      ^
lib/generated/spacex_api/device/wifi_config.pb.dart:1555:33: Error: The method '$_setField' isn't defined for the type 'WifiConfig_UnbridgedEthPort'.
 - 'WifiConfig_UnbridgedEthPort' is from 'package:starlink_isp_app/generated/spacex_api/device/wifi_config.pb.dart' ('lib/generated/spacex_api/device/wifi_config.pb.dart').
Try correcting the name to the name of an existing method, or defining a method named '$_setField'.
  set wanNone(WanNone value) => $_setField(5, value);
                                ^^^^^^^^^^
lib/generated/spacex_api/device/wifi_config.pb.dart:1559:26: Error: The method '$_clearField' isn't defined for the type 'WifiConfig_UnbridgedEthPort'.
 - 'WifiConfig_UnbridgedEthPort' is from 'package:starlink_isp_app/generated/spacex_api/device/wifi_config.pb.dart' ('lib/generated/spacex_api/device/wifi_config.pb.dart').
Try correcting the name to the name of an existing method, or defining a method named '$_clearField'.
  void clearWanNone() => $_clearField(5);
                         ^^^^^^^^^^^^
lib/generated/spacex_api/device/wifi_config.pb.dart:1567:7: Error: The method '$_setField' isn't defined for the type 'WifiConfig_UnbridgedEthPort'.
 - 'WifiConfig_UnbridgedEthPort' is from 'package:starlink_isp_app/generated/spacex_api/device/wifi_config.pb.dart' ('lib/generated/spacex_api/device/wifi_config.pb.dart').
Try correcting the name to the name of an existing method, or defining a method named '$_setField'.
      $_setField(6, value);
      ^^^^^^^^^^
lib/generated/spacex_api/device/wifi_config.pb.dart:1571:40: Error: The method '$_clearField' isn't defined for the type 'WifiConfig_UnbridgedEthPort'.
 - 'WifiConfig_UnbridgedEthPort' is from 'package:starlink_isp_app/generated/spacex_api/device/wifi_config.pb.dart' ('lib/generated/spacex_api/device/wifi_config.pb.dart').
Try correcting the name to the name of an existing method, or defining a method named '$_clearField'.
  void clearWanStarlinkRouterPair() => $_clearField(6);
                                       ^^^^^^^^^^^^
lib/generated/spacex_api/device/wifi_config.pb.dart:1924:7: Error: The method 'aI' isn't defined for the type 'BuilderInfo'.
 - 'BuilderInfo' is from 'package:protobuf/protobuf.dart' ('../../../.pub-cache/hosted/pub.dev/protobuf-3.1.0/lib/protobuf.dart').
Try correcting the name to the name of an existing method, or defining a method named 'aI'.
    ..aI(9, _omitFieldNames ? '' : 'version', fieldType: $pb.PbFieldType.OU3)
      ^^
lib/generated/spacex_api/device/wifi_config.pb.dart:1927:7: Error: The method 'aI' isn't defined for the type 'BuilderInfo'.
 - 'BuilderInfo' is from 'package:protobuf/protobuf.dart' ('../../../.pub-cache/hosted/pub.dev/protobuf-3.1.0/lib/protobuf.dart').
Try correcting the name to the name of an existing method, or defining a method named 'aI'.
    ..aI(19, _omitFieldNames ? '' : 'channel2ghz',
      ^^
lib/generated/spacex_api/device/wifi_config.pb.dart:1929:7: Error: The method 'aI' isn't defined for the type 'BuilderInfo'.
 - 'BuilderInfo' is from 'package:protobuf/protobuf.dart' ('../../../.pub-cache/hosted/pub.dev/protobuf-3.1.0/lib/protobuf.dart').
Try correcting the name to the name of an existing method, or defining a method named 'aI'.
    ..aI(20, _omitFieldNames ? '' : 'channel5ghz',
      ^^
lib/generated/spacex_api/device/wifi_config.pb.dart:1931:7: Error: The method 'pPM' isn't defined for the type 'BuilderInfo'.
 - 'BuilderInfo' is from 'package:protobuf/protobuf.dart' ('../../../.pub-cache/hosted/pub.dev/protobuf-3.1.0/lib/protobuf.dart').
Try correcting the name to the name of an existing method, or defining a method named 'pPM'.
    ..pPM<$0.PublicKey>(22, _omitFieldNames ? '' : 'dynamicKeys',
      ^^^
lib/generated/spacex_api/device/wifi_config.pb.dart:1934:7: Error: The method 'aI' isn't defined for the type 'BuilderInfo'.
 - 'BuilderInfo' is from 'package:protobuf/protobuf.dart' ('../../../.pub-cache/hosted/pub.dev/protobuf-3.1.0/lib/protobuf.dart').
Try correcting the name to the name of an existing method, or defining a method named 'aI'.
    ..aI(26, _omitFieldNames ? '' : 'bootCount')
      ^^
lib/generated/spacex_api/device/wifi_config.pb.dart:1937:7: Error: The method 'pPM' isn't defined for the type 'BuilderInfo'.
 - 'BuilderInfo' is from 'package:protobuf/protobuf.dart' ('../../../.pub-cache/hosted/pub.dev/protobuf-3.1.0/lib/protobuf.dart').
Try correcting the name to the name of an existing method, or defining a method named 'pPM'.
    ..pPM<WifiConfig_MeshConfigsEntry>(33, _omitFieldNames ? '' : 'meshConfigs',
      ^^^
lib/generated/spacex_api/device/wifi_config.pb.dart:1944:7: Error: The method 'aE' isn't defined for the type 'BuilderInfo'.
 - 'BuilderInfo' is from 'package:protobuf/protobuf.dart' ('../../../.pub-cache/hosted/pub.dev/protobuf-3.1.0/lib/protobuf.dart').
Try correcting the name to the name of an existing method, or defining a method named 'aE'.
    ..aE<WifiConfig_WirelessMode>(44, _omitFieldNames ? '' : 'wirelessMode2ghz',
      ^^
lib/generated/spacex_api/device/wifi_config.pb.dart:1947:7: Error: The method 'aE' isn't defined for the type 'BuilderInfo'.
 - 'BuilderInfo' is from 'package:protobuf/protobuf.dart' ('../../../.pub-cache/hosted/pub.dev/protobuf-3.1.0/lib/protobuf.dart').
Try correcting the name to the name of an existing method, or defining a method named 'aE'.
    ..aE<WifiConfig_WirelessMode>(45, _omitFieldNames ? '' : 'wirelessMode5ghz',
      ^^
lib/generated/spacex_api/device/wifi_config.pb.dart:1950:7: Error: The method 'aE' isn't defined for the type 'BuilderInfo'.
 - 'BuilderInfo' is from 'package:protobuf/protobuf.dart' ('../../../.pub-cache/hosted/pub.dev/protobuf-3.1.0/lib/protobuf.dart').
Try correcting the name to the name of an existing method, or defining a method named 'aE'.
    ..aE<WifiConfig_HTBandwidth>(46, _omitFieldNames ? '' : 'htBandwidth2ghz',
      ^^
lib/generated/spacex_api/device/wifi_config.pb.dart:1953:7: Error: The method 'aE' isn't defined for the type 'BuilderInfo'.
 - 'BuilderInfo' is from 'package:protobuf/protobuf.dart' ('../../../.pub-cache/hosted/pub.dev/protobuf-3.1.0/lib/protobuf.dart').
Try correcting the name to the name of an existing method, or defining a method named 'aE'.
    ..aE<WifiConfig_HTBandwidth>(47, _omitFieldNames ? '' : 'htBandwidth5ghz',
      ^^
lib/generated/spacex_api/device/wifi_config.pb.dart:1956:7: Error: The method 'aE' isn't defined for the type 'BuilderInfo'.
 - 'BuilderInfo' is from 'package:protobuf/protobuf.dart' ('../../../.pub-cache/hosted/pub.dev/protobuf-3.1.0/lib/protobuf.dart').
Try correcting the name to the name of an existing method, or defining a method named 'aE'.
    ..aE<WifiConfig_VHTBandwidth>(48, _omitFieldNames ? '' : 'vhtBandwidth',
      ^^
lib/generated/spacex_api/device/wifi_config.pb.dart:1966:7: Error: The method 'aI' isn't defined for the type 'BuilderInfo'.
 - 'BuilderInfo' is from 'package:protobuf/protobuf.dart' ('../../../.pub-cache/hosted/pub.dev/protobuf-3.1.0/lib/protobuf.dart').
Try correcting the name to the name of an existing method, or defining a method named 'aI'.
    ..aI(57, _omitFieldNames ? '' : 'channel5ghzHigh',
      ^^
lib/generated/spacex_api/device/wifi_config.pb.dart:1968:7: Error: The method 'aE' isn't defined for the type 'BuilderInfo'.
 - 'BuilderInfo' is from 'package:protobuf/protobuf.dart' ('../../../.pub-cache/hosted/pub.dev/protobuf-3.1.0/lib/protobuf.dart').
Try correcting the name to the name of an existing method, or defining a method named 'aE'.
    ..aE<WifiConfig_WirelessMode>(
      ^^
lib/generated/spacex_api/device/wifi_config.pb.dart:1972:7: Error: The method 'aE' isn't defined for the type 'BuilderInfo'.
 - 'BuilderInfo' is from 'package:protobuf/protobuf.dart' ('../../../.pub-cache/hosted/pub.dev/protobuf-3.1.0/lib/protobuf.dart').
Try correcting the name to the name of an existing method, or defining a method named 'aE'.
    ..aE<WifiConfig_HTBandwidth>(
      ^^
lib/generated/spacex_api/device/wifi_config.pb.dart:1976:7: Error: The method 'aE' isn't defined for the type 'BuilderInfo'.
 - 'BuilderInfo' is from 'package:protobuf/protobuf.dart' ('../../../.pub-cache/hosted/pub.dev/protobuf-3.1.0/lib/protobuf.dart').
Try correcting the name to the name of an existing method, or defining a method named 'aE'.
    ..aE<WifiConfig_VHTBandwidth>(
      ^^
lib/generated/spacex_api/device/wifi_config.pb.dart:1981:7: Error: The method 'pPM' isn't defined for the type 'BuilderInfo'.
 - 'BuilderInfo' is from 'package:protobuf/protobuf.dart' ('../../../.pub-cache/hosted/pub.dev/protobuf-3.1.0/lib/protobuf.dart').
Try correcting the name to the name of an existing method, or defining a method named 'pPM'.
    ..pPM<ClientName>(62, _omitFieldNames ? '' : 'clientNames',
      ^^^
lib/generated/spacex_api/device/wifi_config.pb.dart:1990:7: Error: The method 'aE' isn't defined for the type 'BuilderInfo'.
 - 'BuilderInfo' is from 'package:protobuf/protobuf.dart' ('../../../.pub-cache/hosted/pub.dev/protobuf-3.1.0/lib/protobuf.dart').
Try correcting the name to the name of an existing method, or defining a method named 'aE'.
    ..aE<$2.IfaceType>(69, _omitFieldNames ? '' : 'goldenIfaceType',
      ^^
lib/generated/spacex_api/device/wifi_config.pb.dart:1992:7: Error: The method 'aE' isn't defined for the type 'BuilderInfo'.
 - 'BuilderInfo' is from 'package:protobuf/protobuf.dart' ('../../../.pub-cache/hosted/pub.dev/protobuf-3.1.0/lib/protobuf.dart').
Try correcting the name to the name of an existing method, or defining a method named 'aE'.
    ..aE<$2.TxPowerLevel>(70, _omitFieldNames ? '' : 'txPowerLevel2ghz',
      ^^
lib/generated/spacex_api/device/wifi_config.pb.dart:1994:7: Error: The method 'aE' isn't defined for the type 'BuilderInfo'.
 - 'BuilderInfo' is from 'package:protobuf/protobuf.dart' ('../../../.pub-cache/hosted/pub.dev/protobuf-3.1.0/lib/protobuf.dart').
Try correcting the name to the name of an existing method, or defining a method named 'aE'.
    ..aE<$2.TxPowerLevel>(71, _omitFieldNames ? '' : 'txPowerLevel5ghz',
      ^^
lib/generated/spacex_api/device/wifi_config.pb.dart:1996:7: Error: The method 'aE' isn't defined for the type 'BuilderInfo'.
 - 'BuilderInfo' is from 'package:protobuf/protobuf.dart' ('../../../.pub-cache/hosted/pub.dev/protobuf-3.1.0/lib/protobuf.dart').
Try correcting the name to the name of an existing method, or defining a method named 'aE'.
    ..aE<$2.TxPowerLevel>(72, _omitFieldNames ? '' : 'txPowerLevel5ghzHigh',
      ^^
lib/generated/spacex_api/device/wifi_config.pb.dart:2000:7: Error: The method 'pPM' isn't defined for the type 'BuilderInfo'.
 - 'BuilderInfo' is from 'package:protobuf/protobuf.dart' ('../../../.pub-cache/hosted/pub.dev/protobuf-3.1.0/lib/protobuf.dart').
Try correcting the name to the name of an existing method, or defining a method named 'pPM'.
    ..pPM<ClientConfig>(74, _omitFieldNames ? '' : 'clientConfigs',
      ^^^
lib/generated/spacex_api/device/wifi_config.pb.dart:2005:7: Error: The method 'aI' isn't defined for the type 'BuilderInfo'.
 - 'BuilderInfo' is from 'package:protobuf/protobuf.dart' ('../../../.pub-cache/hosted/pub.dev/protobuf-3.1.0/lib/protobuf.dart').
Try correcting the name to the name of an existing method, or defining a method named 'aI'.
    ..aI(77, _omitFieldNames ? '' : 'wanHostDscpMark')
      ^^
lib/generated/spacex_api/device/wifi_config.pb.dart:2006:7: Error: The method 'aI' isn't defined for the type 'BuilderInfo'.
 - 'BuilderInfo' is from 'package:protobuf/protobuf.dart' ('../../../.pub-cache/hosted/pub.dev/protobuf-3.1.0/lib/protobuf.dart').
Try correcting the name to the name of an existing method, or defining a method named 'aI'.
    ..aI(78, _omitFieldNames ? '' : 'tag', fieldType: $pb.PbFieldType.OU3)
      ^^
lib/generated/spacex_api/device/wifi_config.pb.dart:2009:7: Error: The method 'aI' isn't defined for the type 'BuilderInfo'.
 - 'BuilderInfo' is from 'package:protobuf/protobuf.dart' ('../../../.pub-cache/hosted/pub.dev/protobuf-3.1.0/lib/protobuf.dart').
Try correcting the name to the name of an existing method, or defining a method named 'aI'.
    ..aI(81, _omitFieldNames ? '' : 'assetClass',
      ^^
lib/generated/spacex_api/device/wifi_config.pb.dart:2079:7: Error: The method 'pPM' isn't defined for the type 'BuilderInfo'.
 - 'BuilderInfo' is from 'package:protobuf/protobuf.dart' ('../../../.pub-cache/hosted/pub.dev/protobuf-3.1.0/lib/protobuf.dart').
Try correcting the name to the name of an existing method, or defining a method named 'pPM'.
    ..pPM<WifiConfig_Network>(1100, _omitFieldNames ? '' : 'networks',
      ^^^
lib/generated/spacex_api/device/wifi_config.pb.dart:2089:7: Error: The method 'pPM' isn't defined for the type 'BuilderInfo'.
 - 'BuilderInfo' is from 'package:protobuf/protobuf.dart' ('../../../.pub-cache/hosted/pub.dev/protobuf-3.1.0/lib/protobuf.dart').
Try correcting the name to the name of an existing method, or defining a method named 'pPM'.
    ..pPM<WifiConfig_UnbridgedEthPort>(
      ^^^
lib/generated/spacex_api/device/wifi_config.pb.dart:2102:7: Error: The method 'pPM' isn't defined for the type 'BuilderInfo'.
 - 'BuilderInfo' is from 'package:protobuf/protobuf.dart' ('../../../.pub-cache/hosted/pub.dev/protobuf-3.1.0/lib/protobuf.dart').
Try correcting the name to the name of an existing method, or defining a method named 'pPM'.
    ..pPM<WifiConfig_MeshConfigsUpdatesEntry>(
      ^^^
lib/generated/spacex_api/device/wifi_config.pb.dart:2139:36: Error: The method '$_clearField' isn't defined for the type 'WifiConfig'.
 - 'WifiConfig' is from 'package:starlink_isp_app/generated/spacex_api/device/wifi_config.pb.dart' ('lib/generated/spacex_api/device/wifi_config.pb.dart').
Try correcting the name to the name of an existing method, or defining a method named '$_clearField'.
  void clearWanTrafficControl() => $_clearField($_whichOneof(0));
                                   ^^^^^^^^^^^^
lib/generated/spacex_api/device/wifi_config.pb.dart:2148:30: Error: The method '$_clearField' isn't defined for the type 'WifiConfig'.
 - 'WifiConfig' is from 'package:starlink_isp_app/generated/spacex_api/device/wifi_config.pb.dart' ('lib/generated/spacex_api/device/wifi_config.pb.dart').
Try correcting the name to the name of an existing method, or defining a method named '$_clearField'.
  void clearCountryCode() => $_clearField(3);
                             ^^^^^^^^^^^^
lib/generated/spacex_api/device/wifi_config.pb.dart:2157:32: Error: The method '$_clearField' isn't defined for the type 'WifiConfig'.
 - 'WifiConfig' is from 'package:starlink_isp_app/generated/spacex_api/device/wifi_config.pb.dart' ('lib/generated/spacex_api/device/wifi_config.pb.dart').
Try correcting the name to the name of an existing method, or defining a method named '$_clearField'.
  void clearSetupComplete() => $_clearField(7);
                               ^^^^^^^^^^^^
lib/generated/spacex_api/device/wifi_config.pb.dart:2166:26: Error: The method '$_clearField' isn't defined for the type 'WifiConfig'.
 - 'WifiConfig' is from 'package:starlink_isp_app/generated/spacex_api/device/wifi_config.pb.dart' ('lib/generated/spacex_api/device/wifi_config.pb.dart').
Try correcting the name to the name of an existing method, or defining a method named '$_clearField'.
  void clearVersion() => $_clearField(9);
                         ^^^^^^^^^^^^
lib/generated/spacex_api/device/wifi_config.pb.dart:2175:25: Error: The method '$_clearField' isn't defined for the type 'WifiConfig'.
 - 'WifiConfig' is from 'package:starlink_isp_app/generated/spacex_api/device/wifi_config.pb.dart' ('lib/generated/spacex_api/device/wifi_config.pb.dart').
Try correcting the name to the name of an existing method, or defining a method named '$_clearField'.
  void clearMacWan() => $_clearField(12);
                        ^^^^^^^^^^^^
lib/generated/spacex_api/device/wifi_config.pb.dart:2184:25: Error: The method '$_clearField' isn't defined for the type 'WifiConfig'.
 - 'WifiConfig' is from 'package:starlink_isp_app/generated/spacex_api/device/wifi_config.pb.dart' ('lib/generated/spacex_api/device/wifi_config.pb.dart').
Try correcting the name to the name of an existing method, or defining a method named '$_clearField'.
  void clearMacLan() => $_clearField(13);
                        ^^^^^^^^^^^^
lib/generated/spacex_api/device/wifi_config.pb.dart:2193:30: Error: The method '$_clearField' isn't defined for the type 'WifiConfig'.
 - 'WifiConfig' is from 'package:starlink_isp_app/generated/spacex_api/device/wifi_config.pb.dart' ('lib/generated/spacex_api/device/wifi_config.pb.dart').
Try correcting the name to the name of an existing method, or defining a method named '$_clearField'.
  void clearChannel2ghz() => $_clearField(19);
                             ^^^^^^^^^^^^
lib/generated/spacex_api/device/wifi_config.pb.dart:2202:30: Error: The method '$_clearField' isn't defined for the type 'WifiConfig'.
 - 'WifiConfig' is from 'package:starlink_isp_app/generated/spacex_api/device/wifi_config.pb.dart' ('lib/generated/spacex_api/device/wifi_config.pb.dart').
Try correcting the name to the name of an existing method, or defining a method named '$_clearField'.
  void clearChannel5ghz() => $_clearField(20);
                             ^^^^^^^^^^^^
lib/generated/spacex_api/device/wifi_config.pb.dart:2205:47: Error: A value of type 'List<dynamic>' can't be returned from a function with return type 'PbList<PublicKey>'.
 - 'List' is from 'dart:core'.
 - 'PbList' is from 'package:protobuf/protobuf.dart' ('../../../.pub-cache/hosted/pub.dev/protobuf-3.1.0/lib/protobuf.dart').
 - 'PublicKey' is from 'package:starlink_isp_app/generated/spacex_api/device/command.pb.dart' ('lib/generated/spacex_api/device/command.pb.dart').
  $pb.PbList<$0.PublicKey> get dynamicKeys => $_getList(7);
                                              ^
lib/generated/spacex_api/device/wifi_config.pb.dart:2214:29: Error: The method '$_clearField' isn't defined for the type 'WifiConfig'.
 - 'WifiConfig' is from 'package:starlink_isp_app/generated/spacex_api/device/wifi_config.pb.dart' ('lib/generated/spacex_api/device/wifi_config.pb.dart').
Try correcting the name to the name of an existing method, or defining a method named '$_clearField'.
  void clearIsRepeater() => $_clearField(23);
                            ^^^^^^^^^^^^
lib/generated/spacex_api/device/wifi_config.pb.dart:2223:28: Error: The method '$_clearField' isn't defined for the type 'WifiConfig'.
 - 'WifiConfig' is from 'package:starlink_isp_app/generated/spacex_api/device/wifi_config.pb.dart' ('lib/generated/spacex_api/device/wifi_config.pb.dart').
Try correcting the name to the name of an existing method, or defining a method named '$_clearField'.
  void clearBootCount() => $_clearField(26);
                           ^^^^^^^^^^^^
lib/generated/spacex_api/device/wifi_config.pb.dart:2226:47: Error: A value of type 'List<dynamic>' can't be returned from a function with return type 'PbList<String>'.
 - 'List' is from 'dart:core'.
 - 'PbList' is from 'package:protobuf/protobuf.dart' ('../../../.pub-cache/hosted/pub.dev/protobuf-3.1.0/lib/protobuf.dart').
  $pb.PbList<$core.String> get nameservers => $_getList(10);
                                              ^
lib/generated/spacex_api/device/wifi_config.pb.dart:2235:29: Error: The method '$_clearField' isn't defined for the type 'WifiConfig'.
 - 'WifiConfig' is from 'package:starlink_isp_app/generated/spacex_api/device/wifi_config.pb.dart' ('lib/generated/spacex_api/device/wifi_config.pb.dart').
Try correcting the name to the name of an existing method, or defining a method named '$_clearField'.
  void clearBypassMode() => $_clearField(31);
                            ^^^^^^^^^^^^
lib/generated/spacex_api/device/wifi_config.pb.dart:2238:62: Error: A value of type 'List<dynamic>' can't be returned from a function with return type 'PbList<WifiConfig_MeshConfigsEntry>'.
 - 'List' is from 'dart:core'.
 - 'PbList' is from 'package:protobuf/protobuf.dart' ('../../../.pub-cache/hosted/pub.dev/protobuf-3.1.0/lib/protobuf.dart').
 - 'WifiConfig_MeshConfigsEntry' is from 'package:starlink_isp_app/generated/spacex_api/device/wifi_config.pb.dart' ('lib/generated/spacex_api/device/wifi_config.pb.dart').
  $pb.PbList<WifiConfig_MeshConfigsEntry> get meshConfigs => $_getList(12);
                                                             ^
lib/generated/spacex_api/device/wifi_config.pb.dart:2247:35: Error: The method '$_clearField' isn't defined for the type 'WifiConfig'.
 - 'WifiConfig' is from 'package:starlink_isp_app/generated/spacex_api/device/wifi_config.pb.dart' ('lib/generated/spacex_api/device/wifi_config.pb.dart').
Try correcting the name to the name of an existing method, or defining a method named '$_clearField'.
  void clearApplyDynamicKeys() => $_clearField(39);
                                  ^^^^^^^^^^^^
lib/generated/spacex_api/device/wifi_config.pb.dart:2256:29: Error: The method '$_clearField' isn't defined for the type 'WifiConfig'.
 - 'WifiConfig' is from 'package:starlink_isp_app/generated/spacex_api/device/wifi_config.pb.dart' ('lib/generated/spacex_api/device/wifi_config.pb.dart').
Try correcting the name to the name of an existing method, or defining a method named '$_clearField'.
  void clearDfsEnabled() => $_clearField(42);
                            ^^^^^^^^^^^^
lib/generated/spacex_api/device/wifi_config.pb.dart:2265:30: Error: The method '$_clearField' isn't defined for the type 'WifiConfig'.
 - 'WifiConfig' is from 'package:starlink_isp_app/generated/spacex_api/device/wifi_config.pb.dart' ('lib/generated/spacex_api/device/wifi_config.pb.dart').
Try correcting the name to the name of an existing method, or defining a method named '$_clearField'.
  void clearIncarnation() => $_clearField(43);
                             ^^^^^^^^^^^^
lib/generated/spacex_api/device/wifi_config.pb.dart:2270:58: Error: The method '$_setField' isn't defined for the type 'WifiConfig'.
 - 'WifiConfig' is from 'package:starlink_isp_app/generated/spacex_api/device/wifi_config.pb.dart' ('lib/generated/spacex_api/device/wifi_config.pb.dart').
Try correcting the name to the name of an existing method, or defining a method named '$_setField'.
  set wirelessMode2ghz(WifiConfig_WirelessMode value) => $_setField(44, value);
                                                         ^^^^^^^^^^
lib/generated/spacex_api/device/wifi_config.pb.dart:2274:35: Error: The method '$_clearField' isn't defined for the type 'WifiConfig'.
 - 'WifiConfig' is from 'package:starlink_isp_app/generated/spacex_api/device/wifi_config.pb.dart' ('lib/generated/spacex_api/device/wifi_config.pb.dart').
Try correcting the name to the name of an existing method, or defining a method named '$_clearField'.
  void clearWirelessMode2ghz() => $_clearField(44);
                                  ^^^^^^^^^^^^
lib/generated/spacex_api/device/wifi_config.pb.dart:2279:58: Error: The method '$_setField' isn't defined for the type 'WifiConfig'.
 - 'WifiConfig' is from 'package:starlink_isp_app/generated/spacex_api/device/wifi_config.pb.dart' ('lib/generated/spacex_api/device/wifi_config.pb.dart').
Try correcting the name to the name of an existing method, or defining a method named '$_setField'.
  set wirelessMode5ghz(WifiConfig_WirelessMode value) => $_setField(45, value);
                                                         ^^^^^^^^^^
lib/generated/spacex_api/device/wifi_config.pb.dart:2283:35: Error: The method '$_clearField' isn't defined for the type 'WifiConfig'.
 - 'WifiConfig' is from 'package:starlink_isp_app/generated/spacex_api/device/wifi_config.pb.dart' ('lib/generated/spacex_api/device/wifi_config.pb.dart').
Try correcting the name to the name of an existing method, or defining a method named '$_clearField'.
  void clearWirelessMode5ghz() => $_clearField(45);
                                  ^^^^^^^^^^^^
lib/generated/spacex_api/device/wifi_config.pb.dart:2288:56: Error: The method '$_setField' isn't defined for the type 'WifiConfig'.
 - 'WifiConfig' is from 'package:starlink_isp_app/generated/spacex_api/device/wifi_config.pb.dart' ('lib/generated/spacex_api/device/wifi_config.pb.dart').
Try correcting the name to the name of an existing method, or defining a method named '$_setField'.
  set htBandwidth2ghz(WifiConfig_HTBandwidth value) => $_setField(46, value);
                                                       ^^^^^^^^^^
lib/generated/spacex_api/device/wifi_config.pb.dart:2292:34: Error: The method '$_clearField' isn't defined for the type 'WifiConfig'.
 - 'WifiConfig' is from 'package:starlink_isp_app/generated/spacex_api/device/wifi_config.pb.dart' ('lib/generated/spacex_api/device/wifi_config.pb.dart').
Try correcting the name to the name of an existing method, or defining a method named '$_clearField'.
  void clearHtBandwidth2ghz() => $_clearField(46);
                                 ^^^^^^^^^^^^
lib/generated/spacex_api/device/wifi_config.pb.dart:2297:56: Error: The method '$_setField' isn't defined for the type 'WifiConfig'.
 - 'WifiConfig' is from 'package:starlink_isp_app/generated/spacex_api/device/wifi_config.pb.dart' ('lib/generated/spacex_api/device/wifi_config.pb.dart').
Try correcting the name to the name of an existing method, or defining a method named '$_setField'.
  set htBandwidth5ghz(WifiConfig_HTBandwidth value) => $_setField(47, value);
                                                       ^^^^^^^^^^
lib/generated/spacex_api/device/wifi_config.pb.dart:2301:34: Error: The method '$_clearField' isn't defined for the type 'WifiConfig'.
 - 'WifiConfig' is from 'package:starlink_isp_app/generated/spacex_api/device/wifi_config.pb.dart' ('lib/generated/spacex_api/device/wifi_config.pb.dart').
Try correcting the name to the name of an existing method, or defining a method named '$_clearField'.
  void clearHtBandwidth5ghz() => $_clearField(47);
                                 ^^^^^^^^^^^^
lib/generated/spacex_api/device/wifi_config.pb.dart:2306:54: Error: The method '$_setField' isn't defined for the type 'WifiConfig'.
 - 'WifiConfig' is from 'package:starlink_isp_app/generated/spacex_api/device/wifi_config.pb.dart' ('lib/generated/spacex_api/device/wifi_config.pb.dart').
Try correcting the name to the name of an existing method, or defining a method named '$_setField'.
  set vhtBandwidth(WifiConfig_VHTBandwidth value) => $_setField(48, value);
                                                     ^^^^^^^^^^
lib/generated/spacex_api/device/wifi_config.pb.dart:2310:31: Error: The method '$_clearField' isn't defined for the type 'WifiConfig'.
 - 'WifiConfig' is from 'package:starlink_isp_app/generated/spacex_api/device/wifi_config.pb.dart' ('lib/generated/spacex_api/device/wifi_config.pb.dart').
Try correcting the name to the name of an existing method, or defining a method named '$_clearField'.
  void clearVhtBandwidth() => $_clearField(48);
                              ^^^^^^^^^^^^
lib/generated/spacex_api/device/wifi_config.pb.dart:2319:29: Error: The method '$_clearField' isn't defined for the type 'WifiConfig'.
 - 'WifiConfig' is from 'package:starlink_isp_app/generated/spacex_api/device/wifi_config.pb.dart' ('lib/generated/spacex_api/device/wifi_config.pb.dart').
Try correcting the name to the name of an existing method, or defining a method named '$_clearField'.
  void clearIsAviation() => $_clearField(49);
                            ^^^^^^^^^^^^
lib/generated/spacex_api/device/wifi_config.pb.dart:2328:28: Error: The method '$_clearField' isn't defined for the type 'WifiConfig'.
 - 'WifiConfig' is from 'package:starlink_isp_app/generated/spacex_api/device/wifi_config.pb.dart' ('lib/generated/spacex_api/device/wifi_config.pb.dart').
Try correcting the name to the name of an existing method, or defining a method named '$_clearField'.
  void clearSecureDns() => $_clearField(50);
                           ^^^^^^^^^^^^
lib/generated/spacex_api/device/wifi_config.pb.dart:2337:25: Error: The method '$_clearField' isn't defined for the type 'WifiConfig'.
 - 'WifiConfig' is from 'package:starlink_isp_app/generated/spacex_api/device/wifi_config.pb.dart' ('lib/generated/spacex_api/device/wifi_config.pb.dart').
Try correcting the name to the name of an existing method, or defining a method named '$_clearField'.
  void clearApMode() => $_clearField(51);
                        ^^^^^^^^^^^^
lib/generated/spacex_api/device/wifi_config.pb.dart:2346:40: Error: The method '$_clearField' isn't defined for the type 'WifiConfig'.
 - 'WifiConfig' is from 'package:starlink_isp_app/generated/spacex_api/device/wifi_config.pb.dart' ('lib/generated/spacex_api/device/wifi_config.pb.dart').
Try correcting the name to the name of an existing method, or defining a method named '$_clearField'.
  void clearDisableMeshOnboarding() => $_clearField(52);
                                       ^^^^^^^^^^^^
lib/generated/spacex_api/device/wifi_config.pb.dart:2355:33: Error: The method '$_clearField' isn't defined for the type 'WifiConfig'.
 - 'WifiConfig' is from 'package:starlink_isp_app/generated/spacex_api/device/wifi_config.pb.dart' ('lib/generated/spacex_api/device/wifi_config.pb.dart').
Try correcting the name to the name of an existing method, or defining a method named '$_clearField'.
  void clearPinCountryCode() => $_clearField(53);
                                ^^^^^^^^^^^^
lib/generated/spacex_api/device/wifi_config.pb.dart:2364:35: Error: The method '$_clearField' isn't defined for the type 'WifiConfig'.
 - 'WifiConfig' is from 'package:starlink_isp_app/generated/spacex_api/device/wifi_config.pb.dart' ('lib/generated/spacex_api/device/wifi_config.pb.dart').
Try correcting the name to the name of an existing method, or defining a method named '$_clearField'.
  void clearCustomPowerTable() => $_clearField(54);
                                  ^^^^^^^^^^^^
lib/generated/spacex_api/device/wifi_config.pb.dart:2373:36: Error: The method '$_clearField' isn't defined for the type 'WifiConfig'.
 - 'WifiConfig' is from 'package:starlink_isp_app/generated/spacex_api/device/wifi_config.pb.dart' ('lib/generated/spacex_api/device/wifi_config.pb.dart').
Try correcting the name to the name of an existing method, or defining a method named '$_clearField'.
  void clearUsePublicServices() => $_clearField(55);
                                   ^^^^^^^^^^^^
lib/generated/spacex_api/device/wifi_config.pb.dart:2382:45: Error: The method '$_clearField' isn't defined for the type 'WifiConfig'.
 - 'WifiConfig' is from 'package:starlink_isp_app/generated/spacex_api/device/wifi_config.pb.dart' ('lib/generated/spacex_api/device/wifi_config.pb.dart').
Try correcting the name to the name of an existing method, or defining a method named '$_clearField'.
  void clearDisableAutomatedSpeedtests() => $_clearField(56);
                                            ^^^^^^^^^^^^
lib/generated/spacex_api/device/wifi_config.pb.dart:2391:34: Error: The method '$_clearField' isn't defined for the type 'WifiConfig'.
 - 'WifiConfig' is from 'package:starlink_isp_app/generated/spacex_api/device/wifi_config.pb.dart' ('lib/generated/spacex_api/device/wifi_config.pb.dart').
Try correcting the name to the name of an existing method, or defining a method named '$_clearField'.
  void clearChannel5ghzHigh() => $_clearField(57);
                                 ^^^^^^^^^^^^
lib/generated/spacex_api/device/wifi_config.pb.dart:2397:7: Error: The method '$_setField' isn't defined for the type 'WifiConfig'.
 - 'WifiConfig' is from 'package:starlink_isp_app/generated/spacex_api/device/wifi_config.pb.dart' ('lib/generated/spacex_api/device/wifi_config.pb.dart').
Try correcting the name to the name of an existing method, or defining a method named '$_setField'.
      $_setField(58, value);
      ^^^^^^^^^^
lib/generated/spacex_api/device/wifi_config.pb.dart:2401:39: Error: The method '$_clearField' isn't defined for the type 'WifiConfig'.
 - 'WifiConfig' is from 'package:starlink_isp_app/generated/spacex_api/device/wifi_config.pb.dart' ('lib/generated/spacex_api/device/wifi_config.pb.dart').
Try correcting the name to the name of an existing method, or defining a method named '$_clearField'.
  void clearWirelessMode5ghzHigh() => $_clearField(58);
                                      ^^^^^^^^^^^^
lib/generated/spacex_api/device/wifi_config.pb.dart:2407:7: Error: The method '$_setField' isn't defined for the type 'WifiConfig'.
 - 'WifiConfig' is from 'package:starlink_isp_app/generated/spacex_api/device/wifi_config.pb.dart' ('lib/generated/spacex_api/device/wifi_config.pb.dart').
Try correcting the name to the name of an existing method, or defining a method named '$_setField'.
      $_setField(59, value);
      ^^^^^^^^^^
lib/generated/spacex_api/device/wifi_config.pb.dart:2411:38: Error: The method '$_clearField' isn't defined for the type 'WifiConfig'.
 - 'WifiConfig' is from 'package:starlink_isp_app/generated/spacex_api/device/wifi_config.pb.dart' ('lib/generated/spacex_api/device/wifi_config.pb.dart').
Try correcting the name to the name of an existing method, or defining a method named '$_clearField'.
  void clearHtBandwidth5ghzHigh() => $_clearField(59);
                                     ^^^^^^^^^^^^
lib/generated/spacex_api/device/wifi_config.pb.dart:2417:7: Error: The method '$_setField' isn't defined for the type 'WifiConfig'.
 - 'WifiConfig' is from 'package:starlink_isp_app/generated/spacex_api/device/wifi_config.pb.dart' ('lib/generated/spacex_api/device/wifi_config.pb.dart').
Try correcting the name to the name of an existing method, or defining a method named '$_setField'.
      $_setField(60, value);
      ^^^^^^^^^^
lib/generated/spacex_api/device/wifi_config.pb.dart:2421:39: Error: The method '$_clearField' isn't defined for the type 'WifiConfig'.
 - 'WifiConfig' is from 'package:starlink_isp_app/generated/spacex_api/device/wifi_config.pb.dart' ('lib/generated/spacex_api/device/wifi_config.pb.dart').
Try correcting the name to the name of an existing method, or defining a method named '$_clearField'.
  void clearVhtBandwidth5ghzHigh() => $_clearField(60);
                                      ^^^^^^^^^^^^
lib/generated/spacex_api/device/wifi_config.pb.dart:2430:38: Error: The method '$_clearField' isn't defined for the type 'WifiConfig'.
 - 'WifiConfig' is from 'package:starlink_isp_app/generated/spacex_api/device/wifi_config.pb.dart' ('lib/generated/spacex_api/device/wifi_config.pb.dart').
Try correcting the name to the name of an existing method, or defining a method named '$_clearField'.
  void clearEnableUmbilicalVlan() => $_clearField(61);
                                     ^^^^^^^^^^^^
lib/generated/spacex_api/device/wifi_config.pb.dart:2433:45: Error: A value of type 'List<dynamic>' can't be returned from a function with return type 'PbList<ClientName>'.
 - 'List' is from 'dart:core'.
 - 'PbList' is from 'package:protobuf/protobuf.dart' ('../../../.pub-cache/hosted/pub.dev/protobuf-3.1.0/lib/protobuf.dart').
 - 'ClientName' is from 'package:starlink_isp_app/generated/spacex_api/device/wifi_config.pb.dart' ('lib/generated/spacex_api/device/wifi_config.pb.dart').
  $pb.PbList<ClientName> get clientNames => $_getList(34);
                                            ^
lib/generated/spacex_api/device/wifi_config.pb.dart:2442:30: Error: The method '$_clearField' isn't defined for the type 'WifiConfig'.
 - 'WifiConfig' is from 'package:starlink_isp_app/generated/spacex_api/device/wifi_config.pb.dart' ('lib/generated/spacex_api/device/wifi_config.pb.dart').
Try correcting the name to the name of an existing method, or defining a method named '$_clearField'.
  void clearOutdoorMode() => $_clearField(63);
                             ^^^^^^^^^^^^
lib/generated/spacex_api/device/wifi_config.pb.dart:2451:30: Error: The method '$_clearField' isn't defined for the type 'WifiConfig'.
 - 'WifiConfig' is from 'package:starlink_isp_app/generated/spacex_api/device/wifi_config.pb.dart' ('lib/generated/spacex_api/device/wifi_config.pb.dart').
Try correcting the name to the name of an existing method, or defining a method named '$_clearField'.
  void clearDisable2ghz() => $_clearField(64);
                             ^^^^^^^^^^^^
lib/generated/spacex_api/device/wifi_config.pb.dart:2460:30: Error: The method '$_clearField' isn't defined for the type 'WifiConfig'.
 - 'WifiConfig' is from 'package:starlink_isp_app/generated/spacex_api/device/wifi_config.pb.dart' ('lib/generated/spacex_api/device/wifi_config.pb.dart').
Try correcting the name to the name of an existing method, or defining a method named '$_clearField'.
  void clearDisable5ghz() => $_clearField(65);
                             ^^^^^^^^^^^^
lib/generated/spacex_api/device/wifi_config.pb.dart:2469:34: Error: The method '$_clearField' isn't defined for the type 'WifiConfig'.
 - 'WifiConfig' is from 'package:starlink_isp_app/generated/spacex_api/device/wifi_config.pb.dart' ('lib/generated/spacex_api/device/wifi_config.pb.dart').
Try correcting the name to the name of an existing method, or defining a method named '$_clearField'.
  void clearDisable5ghzHigh() => $_clearField(66);
                                 ^^^^^^^^^^^^
lib/generated/spacex_api/device/wifi_config.pb.dart:2478:39: Error: The method '$_clearField' isn't defined for the type 'WifiConfig'.
 - 'WifiConfig' is from 'package:starlink_isp_app/generated/spacex_api/device/wifi_config.pb.dart' ('lib/generated/spacex_api/device/wifi_config.pb.dart').
Try correcting the name to the name of an existing method, or defining a method named '$_clearField'.
  void clearDisableXMeshBackhaul() => $_clearField(67);
                                      ^^^^^^^^^^^^
lib/generated/spacex_api/device/wifi_config.pb.dart:2487:30: Error: The method '$_clearField' isn't defined for the type 'WifiConfig'.
 - 'WifiConfig' is from 'package:starlink_isp_app/generated/spacex_api/device/wifi_config.pb.dart' ('lib/generated/spacex_api/device/wifi_config.pb.dart').
Try correcting the name to the name of an existing method, or defining a method named '$_clearField'.
  void clearGoldenBssid() => $_clearField(68);
                             ^^^^^^^^^^^^
lib/generated/spacex_api/device/wifi_config.pb.dart:2492:46: Error: The method '$_setField' isn't defined for the type 'WifiConfig'.
 - 'WifiConfig' is from 'package:starlink_isp_app/generated/spacex_api/device/wifi_config.pb.dart' ('lib/generated/spacex_api/device/wifi_config.pb.dart').
Try correcting the name to the name of an existing method, or defining a method named '$_setField'.
  set goldenIfaceType($2.IfaceType value) => $_setField(69, value);
                                             ^^^^^^^^^^
lib/generated/spacex_api/device/wifi_config.pb.dart:2496:34: Error: The method '$_clearField' isn't defined for the type 'WifiConfig'.
 - 'WifiConfig' is from 'package:starlink_isp_app/generated/spacex_api/device/wifi_config.pb.dart' ('lib/generated/spacex_api/device/wifi_config.pb.dart').
Try correcting the name to the name of an existing method, or defining a method named '$_clearField'.
  void clearGoldenIfaceType() => $_clearField(69);
                                 ^^^^^^^^^^^^
lib/generated/spacex_api/device/wifi_config.pb.dart:2501:50: Error: The method '$_setField' isn't defined for the type 'WifiConfig'.
 - 'WifiConfig' is from 'package:starlink_isp_app/generated/spacex_api/device/wifi_config.pb.dart' ('lib/generated/spacex_api/device/wifi_config.pb.dart').
Try correcting the name to the name of an existing method, or defining a method named '$_setField'.
  set txPowerLevel2ghz($2.TxPowerLevel value) => $_setField(70, value);
                                                 ^^^^^^^^^^
lib/generated/spacex_api/device/wifi_config.pb.dart:2505:35: Error: The method '$_clearField' isn't defined for the type 'WifiConfig'.
 - 'WifiConfig' is from 'package:starlink_isp_app/generated/spacex_api/device/wifi_config.pb.dart' ('lib/generated/spacex_api/device/wifi_config.pb.dart').
Try correcting the name to the name of an existing method, or defining a method named '$_clearField'.
  void clearTxPowerLevel2ghz() => $_clearField(70);
                                  ^^^^^^^^^^^^
lib/generated/spacex_api/device/wifi_config.pb.dart:2510:50: Error: The method '$_setField' isn't defined for the type 'WifiConfig'.
 - 'WifiConfig' is from 'package:starlink_isp_app/generated/spacex_api/device/wifi_config.pb.dart' ('lib/generated/spacex_api/device/wifi_config.pb.dart').
Try correcting the name to the name of an existing method, or defining a method named '$_setField'.
  set txPowerLevel5ghz($2.TxPowerLevel value) => $_setField(71, value);
                                                 ^^^^^^^^^^
lib/generated/spacex_api/device/wifi_config.pb.dart:2514:35: Error: The method '$_clearField' isn't defined for the type 'WifiConfig'.
 - 'WifiConfig' is from 'package:starlink_isp_app/generated/spacex_api/device/wifi_config.pb.dart' ('lib/generated/spacex_api/device/wifi_config.pb.dart').
Try correcting the name to the name of an existing method, or defining a method named '$_clearField'.
  void clearTxPowerLevel5ghz() => $_clearField(71);
                                  ^^^^^^^^^^^^
lib/generated/spacex_api/device/wifi_config.pb.dart:2519:54: Error: The method '$_setField' isn't defined for the type 'WifiConfig'.
 - 'WifiConfig' is from 'package:starlink_isp_app/generated/spacex_api/device/wifi_config.pb.dart' ('lib/generated/spacex_api/device/wifi_config.pb.dart').
Try correcting the name to the name of an existing method, or defining a method named '$_setField'.
  set txPowerLevel5ghzHigh($2.TxPowerLevel value) => $_setField(72, value);
                                                     ^^^^^^^^^^
lib/generated/spacex_api/device/wifi_config.pb.dart:2523:39: Error: The method '$_clearField' isn't defined for the type 'WifiConfig'.
 - 'WifiConfig' is from 'package:starlink_isp_app/generated/spacex_api/device/wifi_config.pb.dart' ('lib/generated/spacex_api/device/wifi_config.pb.dart').
Try correcting the name to the name of an existing method, or defining a method named '$_clearField'.
  void clearTxPowerLevel5ghzHigh() => $_clearField(72);
                                      ^^^^^^^^^^^^
lib/generated/spacex_api/device/wifi_config.pb.dart:2532:45: Error: The method '$_clearField' isn't defined for the type 'WifiConfig'.
 - 'WifiConfig' is from 'package:starlink_isp_app/generated/spacex_api/device/wifi_config.pb.dart' ('lib/generated/spacex_api/device/wifi_config.pb.dart').
Try correcting the name to the name of an existing method, or defining a method named '$_clearField'.
  void clearDisablePendingUpdateReboot() => $_clearField(73);
                                            ^^^^^^^^^^^^
lib/generated/spacex_api/device/wifi_config.pb.dart:2535:49: Error: A value of type 'List<dynamic>' can't be returned from a function with return type 'PbList<ClientConfig>'.
 - 'List' is from 'dart:core'.
 - 'PbList' is from 'package:protobuf/protobuf.dart' ('../../../.pub-cache/hosted/pub.dev/protobuf-3.1.0/lib/protobuf.dart').
 - 'ClientConfig' is from 'package:starlink_isp_app/generated/spacex_api/device/wifi_config.pb.dart' ('lib/generated/spacex_api/device/wifi_config.pb.dart').
  $pb.PbList<ClientConfig> get clientConfigs => $_getList(46);
                                                ^
lib/generated/spacex_api/device/wifi_config.pb.dart:2545:53: Error: The method '$_clearField' isn't defined for the type 'WifiConfig'.
 - 'WifiConfig' is from 'package:starlink_isp_app/generated/spacex_api/device/wifi_config.pb.dart' ('lib/generated/spacex_api/device/wifi_config.pb.dart').
Try correcting the name to the name of an existing method, or defining a method named '$_clearField'.
  void clearDisableSetWifiConfigFromController() => $_clearField(75);
                                                    ^^^^^^^^^^^^
lib/generated/spacex_api/device/wifi_config.pb.dart:2554:28: Error: The method '$_clearField' isn't defined for the type 'WifiConfig'.
 - 'WifiConfig' is from 'package:starlink_isp_app/generated/spacex_api/device/wifi_config.pb.dart' ('lib/generated/spacex_api/device/wifi_config.pb.dart').
Try correcting the name to the name of an existing method, or defining a method named '$_clearField'.
  void clearClientKey() => $_clearField(76);
                           ^^^^^^^^^^^^
lib/generated/spacex_api/device/wifi_config.pb.dart:2563:34: Error: The method '$_clearField' isn't defined for the type 'WifiConfig'.
 - 'WifiConfig' is from 'package:starlink_isp_app/generated/spacex_api/device/wifi_config.pb.dart' ('lib/generated/spacex_api/device/wifi_config.pb.dart').
Try correcting the name to the name of an existing method, or defining a method named '$_clearField'.
  void clearWanHostDscpMark() => $_clearField(77);
                                 ^^^^^^^^^^^^
lib/generated/spacex_api/device/wifi_config.pb.dart:2572:22: Error: The method '$_clearField' isn't defined for the type 'WifiConfig'.
 - 'WifiConfig' is from 'package:starlink_isp_app/generated/spacex_api/device/wifi_config.pb.dart' ('lib/generated/spacex_api/device/wifi_config.pb.dart').
Try correcting the name to the name of an existing method, or defining a method named '$_clearField'.
  void clearTag() => $_clearField(78);
                     ^^^^^^^^^^^^
lib/generated/spacex_api/device/wifi_config.pb.dart:2581:32: Error: The method '$_clearField' isn't defined for the type 'WifiConfig'.
 - 'WifiConfig' is from 'package:starlink_isp_app/generated/spacex_api/device/wifi_config.pb.dart' ('lib/generated/spacex_api/device/wifi_config.pb.dart').
Try correcting the name to the name of an existing method, or defining a method named '$_clearField'.
  void clearDebugPopPings() => $_clearField(79);
                               ^^^^^^^^^^^^
lib/generated/spacex_api/device/wifi_config.pb.dart:2590:31: Error: The method '$_clearField' isn't defined for the type 'WifiConfig'.
 - 'WifiConfig' is from 'package:starlink_isp_app/generated/spacex_api/device/wifi_config.pb.dart' ('lib/generated/spacex_api/device/wifi_config.pb.dart').
Try correcting the name to the name of an existing method, or defining a method named '$_clearField'.
  void clearClientTester() => $_clearField(80);
                              ^^^^^^^^^^^^
lib/generated/spacex_api/device/wifi_config.pb.dart:2599:29: Error: The method '$_clearField' isn't defined for the type 'WifiConfig'.
 - 'WifiConfig' is from 'package:starlink_isp_app/generated/spacex_api/device/wifi_config.pb.dart' ('lib/generated/spacex_api/device/wifi_config.pb.dart').
Try correcting the name to the name of an existing method, or defining a method named '$_clearField'.
  void clearAssetClass() => $_clearField(81);
                            ^^^^^^^^^^^^
lib/generated/spacex_api/device/wifi_config.pb.dart:2608:29: Error: The method '$_clearField' isn't defined for the type 'WifiConfig'.
 - 'WifiConfig' is from 'package:starlink_isp_app/generated/spacex_api/device/wifi_config.pb.dart' ('lib/generated/spacex_api/device/wifi_config.pb.dart').
Try correcting the name to the name of an existing method, or defining a method named '$_clearField'.
  void clearDebugPings() => $_clearField(94);
                            ^^^^^^^^^^^^
lib/generated/spacex_api/device/wifi_config.pb.dart:2617:38: Error: The method '$_clearField' isn't defined for the type 'WifiConfig'.
 - 'WifiConfig' is from 'package:starlink_isp_app/generated/spacex_api/device/wifi_config.pb.dart' ('lib/generated/spacex_api/device/wifi_config.pb.dart').
Try correcting the name to the name of an existing method, or defining a method named '$_clearField'.
  void clearDisableBandSteering() => $_clearField(95);
                                     ^^^^^^^^^^^^
lib/generated/spacex_api/device/wifi_config.pb.dart:2626:37: Error: The method '$_clearField' isn't defined for the type 'WifiConfig'.
 - 'WifiConfig' is from 'package:starlink_isp_app/generated/spacex_api/device/wifi_config.pb.dart' ('lib/generated/spacex_api/device/wifi_config.pb.dart').
Try correcting the name to the name of an existing method, or defining a method named '$_clearField'.
  void clearApplySetupComplete() => $_clearField(1010);
                                    ^^^^^^^^^^^^
lib/generated/spacex_api/device/wifi_config.pb.dart:2635:35: Error: The method '$_clearField' isn't defined for the type 'WifiConfig'.
 - 'WifiConfig' is from 'package:starlink_isp_app/generated/spacex_api/device/wifi_config.pb.dart' ('lib/generated/spacex_api/device/wifi_config.pb.dart').
Try correcting the name to the name of an existing method, or defining a method named '$_clearField'.
  void clearApplyChannel2ghz() => $_clearField(1013);
                                  ^^^^^^^^^^^^
lib/generated/spacex_api/device/wifi_config.pb.dart:2644:35: Error: The method '$_clearField' isn't defined for the type 'WifiConfig'.
 - 'WifiConfig' is from 'package:starlink_isp_app/generated/spacex_api/device/wifi_config.pb.dart' ('lib/generated/spacex_api/device/wifi_config.pb.dart').
Try correcting the name to the name of an existing method, or defining a method named '$_clearField'.
  void clearApplyChannel5ghz() => $_clearField(1014);
                                  ^^^^^^^^^^^^
lib/generated/spacex_api/device/wifi_config.pb.dart:2653:39: Error: The method '$_clearField' isn't defined for the type 'WifiConfig'.
 - 'WifiConfig' is from 'package:starlink_isp_app/generated/spacex_api/device/wifi_config.pb.dart' ('lib/generated/spacex_api/device/wifi_config.pb.dart').
Try correcting the name to the name of an existing method, or defining a method named '$_clearField'.
  void clearApplyChannel5ghzHigh() => $_clearField(1016);
                                      ^^^^^^^^^^^^
lib/generated/spacex_api/device/wifi_config.pb.dart:2662:34: Error: The method '$_clearField' isn't defined for the type 'WifiConfig'.
 - 'WifiConfig' is from 'package:starlink_isp_app/generated/spacex_api/device/wifi_config.pb.dart' ('lib/generated/spacex_api/device/wifi_config.pb.dart').
Try correcting the name to the name of an existing method, or defining a method named '$_clearField'.
  void clearApplyIsRepeater() => $_clearField(1031);
                                 ^^^^^^^^^^^^
lib/generated/spacex_api/device/wifi_config.pb.dart:2671:35: Error: The method '$_clearField' isn't defined for the type 'WifiConfig'.
 - 'WifiConfig' is from 'package:starlink_isp_app/generated/spacex_api/device/wifi_config.pb.dart' ('lib/generated/spacex_api/device/wifi_config.pb.dart').
Try correcting the name to the name of an existing method, or defining a method named '$_clearField'.
  void clearApplyMeshConfigs() => $_clearField(1033);
                                  ^^^^^^^^^^^^
lib/generated/spacex_api/device/wifi_config.pb.dart:2680:35: Error: The method '$_clearField' isn't defined for the type 'WifiConfig'.
 - 'WifiConfig' is from 'package:starlink_isp_app/generated/spacex_api/device/wifi_config.pb.dart' ('lib/generated/spacex_api/device/wifi_config.pb.dart').
Try correcting the name to the name of an existing method, or defining a method named '$_clearField'.
  void clearApplyNameservers() => $_clearField(1054);
                                  ^^^^^^^^^^^^
lib/generated/spacex_api/device/wifi_config.pb.dart:2689:34: Error: The method '$_clearField' isn't defined for the type 'WifiConfig'.
 - 'WifiConfig' is from 'package:starlink_isp_app/generated/spacex_api/device/wifi_config.pb.dart' ('lib/generated/spacex_api/device/wifi_config.pb.dart').
Try correcting the name to the name of an existing method, or defining a method named '$_clearField'.
  void clearApplyBypassMode() => $_clearField(1055);
                                 ^^^^^^^^^^^^
lib/generated/spacex_api/device/wifi_config.pb.dart:2698:34: Error: The method '$_clearField' isn't defined for the type 'WifiConfig'.
 - 'WifiConfig' is from 'package:starlink_isp_app/generated/spacex_api/device/wifi_config.pb.dart' ('lib/generated/spacex_api/device/wifi_config.pb.dart').
Try correcting the name to the name of an existing method, or defining a method named '$_clearField'.
  void clearApplyDfsEnabled() => $_clearField(1058);
                                 ^^^^^^^^^^^^
lib/generated/spacex_api/device/wifi_config.pb.dart:2707:40: Error: The method '$_clearField' isn't defined for the type 'WifiConfig'.
 - 'WifiConfig' is from 'package:starlink_isp_app/generated/spacex_api/device/wifi_config.pb.dart' ('lib/generated/spacex_api/device/wifi_config.pb.dart').
Try correcting the name to the name of an existing method, or defining a method named '$_clearField'.
  void clearApplyWirelessMode2ghz() => $_clearField(1059);
                                       ^^^^^^^^^^^^
lib/generated/spacex_api/device/wifi_config.pb.dart:2716:40: Error: The method '$_clearField' isn't defined for the type 'WifiConfig'.
 - 'WifiConfig' is from 'package:starlink_isp_app/generated/spacex_api/device/wifi_config.pb.dart' ('lib/generated/spacex_api/device/wifi_config.pb.dart').
Try correcting the name to the name of an existing method, or defining a method named '$_clearField'.
  void clearApplyWirelessMode5ghz() => $_clearField(1060);
                                       ^^^^^^^^^^^^
lib/generated/spacex_api/device/wifi_config.pb.dart:2725:39: Error: The method '$_clearField' isn't defined for the type 'WifiConfig'.
 - 'WifiConfig' is from 'package:starlink_isp_app/generated/spacex_api/device/wifi_config.pb.dart' ('lib/generated/spacex_api/device/wifi_config.pb.dart').
Try correcting the name to the name of an existing method, or defining a method named '$_clearField'.
  void clearApplyHtBandwidth2ghz() => $_clearField(1061);
                                      ^^^^^^^^^^^^
lib/generated/spacex_api/device/wifi_config.pb.dart:2734:39: Error: The method '$_clearField' isn't defined for the type 'WifiConfig'.
 - 'WifiConfig' is from 'package:starlink_isp_app/generated/spacex_api/device/wifi_config.pb.dart' ('lib/generated/spacex_api/device/wifi_config.pb.dart').
Try correcting the name to the name of an existing method, or defining a method named '$_clearField'.
  void clearApplyHtBandwidth5ghz() => $_clearField(1062);
                                      ^^^^^^^^^^^^
lib/generated/spacex_api/device/wifi_config.pb.dart:2743:36: Error: The method '$_clearField' isn't defined for the type 'WifiConfig'.
 - 'WifiConfig' is from 'package:starlink_isp_app/generated/spacex_api/device/wifi_config.pb.dart' ('lib/generated/spacex_api/device/wifi_config.pb.dart').
Try correcting the name to the name of an existing method, or defining a method named '$_clearField'.
  void clearApplyVhtBandwidth() => $_clearField(1063);
                                   ^^^^^^^^^^^^
lib/generated/spacex_api/device/wifi_config.pb.dart:2752:34: Error: The method '$_clearField' isn't defined for the type 'WifiConfig'.
 - 'WifiConfig' is from 'package:starlink_isp_app/generated/spacex_api/device/wifi_config.pb.dart' ('lib/generated/spacex_api/device/wifi_config.pb.dart').
Try correcting the name to the name of an existing method, or defining a method named '$_clearField'.
  void clearApplyIsAviation() => $_clearField(1064);
                                 ^^^^^^^^^^^^
lib/generated/spacex_api/device/wifi_config.pb.dart:2761:33: Error: The method '$_clearField' isn't defined for the type 'WifiConfig'.
 - 'WifiConfig' is from 'package:starlink_isp_app/generated/spacex_api/device/wifi_config.pb.dart' ('lib/generated/spacex_api/device/wifi_config.pb.dart').
Try correcting the name to the name of an existing method, or defining a method named '$_clearField'.
  void clearApplySecureDns() => $_clearField(1065);
                                ^^^^^^^^^^^^
lib/generated/spacex_api/device/wifi_config.pb.dart:2770:30: Error: The method '$_clearField' isn't defined for the type 'WifiConfig'.
 - 'WifiConfig' is from 'package:starlink_isp_app/generated/spacex_api/device/wifi_config.pb.dart' ('lib/generated/spacex_api/device/wifi_config.pb.dart').
Try correcting the name to the name of an existing method, or defining a method named '$_clearField'.
  void clearApplyApMode() => $_clearField(1066);
                             ^^^^^^^^^^^^
lib/generated/spacex_api/device/wifi_config.pb.dart:2779:45: Error: The method '$_clearField' isn't defined for the type 'WifiConfig'.
 - 'WifiConfig' is from 'package:starlink_isp_app/generated/spacex_api/device/wifi_config.pb.dart' ('lib/generated/spacex_api/device/wifi_config.pb.dart').
Try correcting the name to the name of an existing method, or defining a method named '$_clearField'.
  void clearApplyDisableMeshOnboarding() => $_clearField(1067);
                                            ^^^^^^^^^^^^
lib/generated/spacex_api/device/wifi_config.pb.dart:2788:41: Error: The method '$_clearField' isn't defined for the type 'WifiConfig'.
 - 'WifiConfig' is from 'package:starlink_isp_app/generated/spacex_api/device/wifi_config.pb.dart' ('lib/generated/spacex_api/device/wifi_config.pb.dart').
Try correcting the name to the name of an existing method, or defining a method named '$_clearField'.
  void clearApplyUsePublicServices() => $_clearField(1068);
                                        ^^^^^^^^^^^^
lib/generated/spacex_api/device/wifi_config.pb.dart:2797:50: Error: The method '$_clearField' isn't defined for the type 'WifiConfig'.
 - 'WifiConfig' is from 'package:starlink_isp_app/generated/spacex_api/device/wifi_config.pb.dart' ('lib/generated/spacex_api/device/wifi_config.pb.dart').
Try correcting the name to the name of an existing method, or defining a method named '$_clearField'.
  void clearApplyDisableAutomatedSpeedtests() => $_clearField(1069);
                                                 ^^^^^^^^^^^^
lib/generated/spacex_api/device/wifi_config.pb.dart:2806:44: Error: The method '$_clearField' isn't defined for the type 'WifiConfig'.
 - 'WifiConfig' is from 'package:starlink_isp_app/generated/spacex_api/device/wifi_config.pb.dart' ('lib/generated/spacex_api/device/wifi_config.pb.dart').
Try correcting the name to the name of an existing method, or defining a method named '$_clearField'.
  void clearApplyWirelessMode5ghzHigh() => $_clearField(1070);
                                           ^^^^^^^^^^^^
lib/generated/spacex_api/device/wifi_config.pb.dart:2815:43: Error: The method '$_clearField' isn't defined for the type 'WifiConfig'.
 - 'WifiConfig' is from 'package:starlink_isp_app/generated/spacex_api/device/wifi_config.pb.dart' ('lib/generated/spacex_api/device/wifi_config.pb.dart').
Try correcting the name to the name of an existing method, or defining a method named '$_clearField'.
  void clearApplyHtBandwidth5ghzHigh() => $_clearField(1071);
                                          ^^^^^^^^^^^^
lib/generated/spacex_api/device/wifi_config.pb.dart:2824:44: Error: The method '$_clearField' isn't defined for the type 'WifiConfig'.
 - 'WifiConfig' is from 'package:starlink_isp_app/generated/spacex_api/device/wifi_config.pb.dart' ('lib/generated/spacex_api/device/wifi_config.pb.dart').
Try correcting the name to the name of an existing method, or defining a method named '$_clearField'.
  void clearApplyVhtBandwidth5ghzHigh() => $_clearField(1072);
                                           ^^^^^^^^^^^^
lib/generated/spacex_api/device/wifi_config.pb.dart:2833:43: Error: The method '$_clearField' isn't defined for the type 'WifiConfig'.
 - 'WifiConfig' is from 'package:starlink_isp_app/generated/spacex_api/device/wifi_config.pb.dart' ('lib/generated/spacex_api/device/wifi_config.pb.dart').
Try correcting the name to the name of an existing method, or defining a method named '$_clearField'.
  void clearApplyEnableUmbilicalVlan() => $_clearField(1073);
                                          ^^^^^^^^^^^^
lib/generated/spacex_api/device/wifi_config.pb.dart:2842:35: Error: The method '$_clearField' isn't defined for the type 'WifiConfig'.
 - 'WifiConfig' is from 'package:starlink_isp_app/generated/spacex_api/device/wifi_config.pb.dart' ('lib/generated/spacex_api/device/wifi_config.pb.dart').
Try correcting the name to the name of an existing method, or defining a method named '$_clearField'.
  void clearApplyClientNames() => $_clearField(1074);
                                  ^^^^^^^^^^^^
lib/generated/spacex_api/device/wifi_config.pb.dart:2851:35: Error: The method '$_clearField' isn't defined for the type 'WifiConfig'.
 - 'WifiConfig' is from 'package:starlink_isp_app/generated/spacex_api/device/wifi_config.pb.dart' ('lib/generated/spacex_api/device/wifi_config.pb.dart').
Try correcting the name to the name of an existing method, or defining a method named '$_clearField'.
  void clearApplyOutdoorMode() => $_clearField(1075);
                                  ^^^^^^^^^^^^
lib/generated/spacex_api/device/wifi_config.pb.dart:2860:35: Error: The method '$_clearField' isn't defined for the type 'WifiConfig'.
 - 'WifiConfig' is from 'package:starlink_isp_app/generated/spacex_api/device/wifi_config.pb.dart' ('lib/generated/spacex_api/device/wifi_config.pb.dart').
Try correcting the name to the name of an existing method, or defining a method named '$_clearField'.
  void clearApplyDisable2ghz() => $_clearField(1076);
                                  ^^^^^^^^^^^^
lib/generated/spacex_api/device/wifi_config.pb.dart:2869:35: Error: The method '$_clearField' isn't defined for the type 'WifiConfig'.
 - 'WifiConfig' is from 'package:starlink_isp_app/generated/spacex_api/device/wifi_config.pb.dart' ('lib/generated/spacex_api/device/wifi_config.pb.dart').
Try correcting the name to the name of an existing method, or defining a method named '$_clearField'.
  void clearApplyDisable5ghz() => $_clearField(1077);
                                  ^^^^^^^^^^^^
lib/generated/spacex_api/device/wifi_config.pb.dart:2878:39: Error: The method '$_clearField' isn't defined for the type 'WifiConfig'.
 - 'WifiConfig' is from 'package:starlink_isp_app/generated/spacex_api/device/wifi_config.pb.dart' ('lib/generated/spacex_api/device/wifi_config.pb.dart').
Try correcting the name to the name of an existing method, or defining a method named '$_clearField'.
  void clearApplyDisable5ghzHigh() => $_clearField(1078);
                                      ^^^^^^^^^^^^
lib/generated/spacex_api/device/wifi_config.pb.dart:2887:44: Error: The method '$_clearField' isn't defined for the type 'WifiConfig'.
 - 'WifiConfig' is from 'package:starlink_isp_app/generated/spacex_api/device/wifi_config.pb.dart' ('lib/generated/spacex_api/device/wifi_config.pb.dart').
Try correcting the name to the name of an existing method, or defining a method named '$_clearField'.
  void clearApplyDisableXMeshBackhaul() => $_clearField(1079);
                                           ^^^^^^^^^^^^
lib/generated/spacex_api/device/wifi_config.pb.dart:2896:35: Error: The method '$_clearField' isn't defined for the type 'WifiConfig'.
 - 'WifiConfig' is from 'package:starlink_isp_app/generated/spacex_api/device/wifi_config.pb.dart' ('lib/generated/spacex_api/device/wifi_config.pb.dart').
Try correcting the name to the name of an existing method, or defining a method named '$_clearField'.
  void clearApplyGoldenBssid() => $_clearField(1080);
                                  ^^^^^^^^^^^^
lib/generated/spacex_api/device/wifi_config.pb.dart:2905:39: Error: The method '$_clearField' isn't defined for the type 'WifiConfig'.
 - 'WifiConfig' is from 'package:starlink_isp_app/generated/spacex_api/device/wifi_config.pb.dart' ('lib/generated/spacex_api/device/wifi_config.pb.dart').
Try correcting the name to the name of an existing method, or defining a method named '$_clearField'.
  void clearApplyGoldenIfaceType() => $_clearField(1081);
                                      ^^^^^^^^^^^^
lib/generated/spacex_api/device/wifi_config.pb.dart:2914:40: Error: The method '$_clearField' isn't defined for the type 'WifiConfig'.
 - 'WifiConfig' is from 'package:starlink_isp_app/generated/spacex_api/device/wifi_config.pb.dart' ('lib/generated/spacex_api/device/wifi_config.pb.dart').
Try correcting the name to the name of an existing method, or defining a method named '$_clearField'.
  void clearApplyTxPowerLevel2ghz() => $_clearField(1082);
                                       ^^^^^^^^^^^^
lib/generated/spacex_api/device/wifi_config.pb.dart:2923:40: Error: The method '$_clearField' isn't defined for the type 'WifiConfig'.
 - 'WifiConfig' is from 'package:starlink_isp_app/generated/spacex_api/device/wifi_config.pb.dart' ('lib/generated/spacex_api/device/wifi_config.pb.dart').
Try correcting the name to the name of an existing method, or defining a method named '$_clearField'.
  void clearApplyTxPowerLevel5ghz() => $_clearField(1083);
                                       ^^^^^^^^^^^^
lib/generated/spacex_api/device/wifi_config.pb.dart:2932:44: Error: The method '$_clearField' isn't defined for the type 'WifiConfig'.
 - 'WifiConfig' is from 'package:starlink_isp_app/generated/spacex_api/device/wifi_config.pb.dart' ('lib/generated/spacex_api/device/wifi_config.pb.dart').
Try correcting the name to the name of an existing method, or defining a method named '$_clearField'.
  void clearApplyTxPowerLevel5ghzHigh() => $_clearField(1084);
                                           ^^^^^^^^^^^^
lib/generated/spacex_api/device/wifi_config.pb.dart:2941:35: Error: The method '$_clearField' isn't defined for the type 'WifiConfig'.
 - 'WifiConfig' is from 'package:starlink_isp_app/generated/spacex_api/device/wifi_config.pb.dart' ('lib/generated/spacex_api/device/wifi_config.pb.dart').
Try correcting the name to the name of an existing method, or defining a method named '$_clearField'.
  void clearApplyCountryCode() => $_clearField(1085);
                                  ^^^^^^^^^^^^
lib/generated/spacex_api/device/wifi_config.pb.dart:2950:38: Error: The method '$_clearField' isn't defined for the type 'WifiConfig'.
 - 'WifiConfig' is from 'package:starlink_isp_app/generated/spacex_api/device/wifi_config.pb.dart' ('lib/generated/spacex_api/device/wifi_config.pb.dart').
Try correcting the name to the name of an existing method, or defining a method named '$_clearField'.
  void clearApplyPinCountryCode() => $_clearField(1086);
                                     ^^^^^^^^^^^^
lib/generated/spacex_api/device/wifi_config.pb.dart:2959:40: Error: The method '$_clearField' isn't defined for the type 'WifiConfig'.
 - 'WifiConfig' is from 'package:starlink_isp_app/generated/spacex_api/device/wifi_config.pb.dart' ('lib/generated/spacex_api/device/wifi_config.pb.dart').
Try correcting the name to the name of an existing method, or defining a method named '$_clearField'.
  void clearApplyCustomPowerTable() => $_clearField(1087);
                                       ^^^^^^^^^^^^
lib/generated/spacex_api/device/wifi_config.pb.dart:2968:50: Error: The method '$_clearField' isn't defined for the type 'WifiConfig'.
 - 'WifiConfig' is from 'package:starlink_isp_app/generated/spacex_api/device/wifi_config.pb.dart' ('lib/generated/spacex_api/device/wifi_config.pb.dart').
Try correcting the name to the name of an existing method, or defining a method named '$_clearField'.
  void clearApplyDisablePendingUpdateReboot() => $_clearField(1088);
                                                 ^^^^^^^^^^^^
lib/generated/spacex_api/device/wifi_config.pb.dart:2977:37: Error: The method '$_clearField' isn't defined for the type 'WifiConfig'.
 - 'WifiConfig' is from 'package:starlink_isp_app/generated/spacex_api/device/wifi_config.pb.dart' ('lib/generated/spacex_api/device/wifi_config.pb.dart').
Try correcting the name to the name of an existing method, or defining a method named '$_clearField'.
  void clearApplyClientConfigs() => $_clearField(1089);
                                    ^^^^^^^^^^^^
lib/generated/spacex_api/device/wifi_config.pb.dart:2987:58: Error: The method '$_clearField' isn't defined for the type 'WifiConfig'.
 - 'WifiConfig' is from 'package:starlink_isp_app/generated/spacex_api/device/wifi_config.pb.dart' ('lib/generated/spacex_api/device/wifi_config.pb.dart').
Try correcting the name to the name of an existing method, or defining a method named '$_clearField'.
  void clearApplyDisableSetWifiConfigFromController() => $_clearField(1090);
                                                         ^^^^^^^^^^^^
lib/generated/spacex_api/device/wifi_config.pb.dart:2996:33: Error: The method '$_clearField' isn't defined for the type 'WifiConfig'.
 - 'WifiConfig' is from 'package:starlink_isp_app/generated/spacex_api/device/wifi_config.pb.dart' ('lib/generated/spacex_api/device/wifi_config.pb.dart').
Try correcting the name to the name of an existing method, or defining a method named '$_clearField'.
  void clearApplyClientKey() => $_clearField(1091);
                                ^^^^^^^^^^^^
lib/generated/spacex_api/device/wifi_config.pb.dart:3005:41: Error: The method '$_clearField' isn't defined for the type 'WifiConfig'.
 - 'WifiConfig' is from 'package:starlink_isp_app/generated/spacex_api/device/wifi_config.pb.dart' ('lib/generated/spacex_api/device/wifi_config.pb.dart').
Try correcting the name to the name of an existing method, or defining a method named '$_clearField'.
  void clearApplyWanTrafficControl() => $_clearField(1092);
                                        ^^^^^^^^^^^^
lib/generated/spacex_api/device/wifi_config.pb.dart:3014:39: Error: The method '$_clearField' isn't defined for the type 'WifiConfig'.
 - 'WifiConfig' is from 'package:starlink_isp_app/generated/spacex_api/device/wifi_config.pb.dart' ('lib/generated/spacex_api/device/wifi_config.pb.dart').
Try correcting the name to the name of an existing method, or defining a method named '$_clearField'.
  void clearApplyWanHostDscpMark() => $_clearField(1093);
                                      ^^^^^^^^^^^^
lib/generated/spacex_api/device/wifi_config.pb.dart:3023:37: Error: The method '$_clearField' isn't defined for the type 'WifiConfig'.
 - 'WifiConfig' is from 'package:starlink_isp_app/generated/spacex_api/device/wifi_config.pb.dart' ('lib/generated/spacex_api/device/wifi_config.pb.dart').
Try correcting the name to the name of an existing method, or defining a method named '$_clearField'.
  void clearApplyDebugPopPings() => $_clearField(1095);
                                    ^^^^^^^^^^^^
lib/generated/spacex_api/device/wifi_config.pb.dart:3032:36: Error: The method '$_clearField' isn't defined for the type 'WifiConfig'.
 - 'WifiConfig' is from 'package:starlink_isp_app/generated/spacex_api/device/wifi_config.pb.dart' ('lib/generated/spacex_api/device/wifi_config.pb.dart').
Try correcting the name to the name of an existing method, or defining a method named '$_clearField'.
  void clearApplyClientTester() => $_clearField(1096);
                                   ^^^^^^^^^^^^
lib/generated/spacex_api/device/wifi_config.pb.dart:3041:48: Error: The method '$_clearField' isn't defined for the type 'WifiConfig'.
 - 'WifiConfig' is from 'package:starlink_isp_app/generated/spacex_api/device/wifi_config.pb.dart' ('lib/generated/spacex_api/device/wifi_config.pb.dart').
Try correcting the name to the name of an existing method, or defining a method named '$_clearField'.
  void clearDisableWirelessMeshOnboarding() => $_clearField(1097);
                                               ^^^^^^^^^^^^
lib/generated/spacex_api/device/wifi_config.pb.dart:3051:53: Error: The method '$_clearField' isn't defined for the type 'WifiConfig'.
 - 'WifiConfig' is from 'package:starlink_isp_app/generated/spacex_api/device/wifi_config.pb.dart' ('lib/generated/spacex_api/device/wifi_config.pb.dart').
Try correcting the name to the name of an existing method, or defining a method named '$_clearField'.
  void clearApplyDisableWirelessMeshOnboarding() => $_clearField(1098);
                                                    ^^^^^^^^^^^^
lib/generated/spacex_api/device/wifi_config.pb.dart:3060:34: Error: The method '$_clearField' isn't defined for the type 'WifiConfig'.
 - 'WifiConfig' is from 'package:starlink_isp_app/generated/spacex_api/device/wifi_config.pb.dart' ('lib/generated/spacex_api/device/wifi_config.pb.dart').
Try correcting the name to the name of an existing method, or defining a method named '$_clearField'.
  void clearApplyAssetClass() => $_clearField(1099);
                                 ^^^^^^^^^^^^
lib/generated/spacex_api/device/wifi_config.pb.dart:3063:50: Error: A value of type 'List<dynamic>' can't be returned from a function with return type 'PbList<WifiConfig_Network>'.
 - 'List' is from 'dart:core'.
 - 'PbList' is from 'package:protobuf/protobuf.dart' ('../../../.pub-cache/hosted/pub.dev/protobuf-3.1.0/lib/protobuf.dart').
 - 'WifiConfig_Network' is from 'package:starlink_isp_app/generated/spacex_api/device/wifi_config.pb.dart' ('lib/generated/spacex_api/device/wifi_config.pb.dart').
  $pb.PbList<WifiConfig_Network> get networks => $_getList(105);
                                                 ^
lib/generated/spacex_api/device/wifi_config.pb.dart:3072:32: Error: The method '$_clearField' isn't defined for the type 'WifiConfig'.
 - 'WifiConfig' is from 'package:starlink_isp_app/generated/spacex_api/device/wifi_config.pb.dart' ('lib/generated/spacex_api/device/wifi_config.pb.dart').
Try correcting the name to the name of an existing method, or defining a method named '$_clearField'.
  void clearApplyNetworks() => $_clearField(1101);
                               ^^^^^^^^^^^^
lib/generated/spacex_api/device/wifi_config.pb.dart:3081:34: Error: The method '$_clearField' isn't defined for the type 'WifiConfig'.
 - 'WifiConfig' is from 'package:starlink_isp_app/generated/spacex_api/device/wifi_config.pb.dart' ('lib/generated/spacex_api/device/wifi_config.pb.dart').
Try correcting the name to the name of an existing method, or defining a method named '$_clearField'.
  void clearApplyDebugPings() => $_clearField(1106);
                                 ^^^^^^^^^^^^
lib/generated/spacex_api/device/wifi_config.pb.dart:3090:34: Error: The method '$_clearField' isn't defined for the type 'WifiConfig'.
 - 'WifiConfig' is from 'package:starlink_isp_app/generated/spacex_api/device/wifi_config.pb.dart' ('lib/generated/spacex_api/device/wifi_config.pb.dart').
Try correcting the name to the name of an existing method, or defining a method named '$_clearField'.
  void clearApplyHttpServer() => $_clearField(1107);
                                 ^^^^^^^^^^^^
lib/generated/spacex_api/device/wifi_config.pb.dart:3095:39: Error: The method '$_setField' isn't defined for the type 'WifiConfig'.
 - 'WifiConfig' is from 'package:starlink_isp_app/generated/spacex_api/device/wifi_config.pb.dart' ('lib/generated/spacex_api/device/wifi_config.pb.dart').
Try correcting the name to the name of an existing method, or defining a method named '$_setField'.
  set httpServer(HttpServer value) => $_setField(1108, value);
                                      ^^^^^^^^^^
lib/generated/spacex_api/device/wifi_config.pb.dart:3099:29: Error: The method '$_clearField' isn't defined for the type 'WifiConfig'.
 - 'WifiConfig' is from 'package:starlink_isp_app/generated/spacex_api/device/wifi_config.pb.dart' ('lib/generated/spacex_api/device/wifi_config.pb.dart').
Try correcting the name to the name of an existing method, or defining a method named '$_clearField'.
  void clearHttpServer() => $_clearField(1108);
                            ^^^^^^^^^^^^
lib/generated/spacex_api/device/wifi_config.pb.dart:3110:43: Error: The method '$_clearField' isn't defined for the type 'WifiConfig'.
 - 'WifiConfig' is from 'package:starlink_isp_app/generated/spacex_api/device/wifi_config.pb.dart' ('lib/generated/spacex_api/device/wifi_config.pb.dart').
Try correcting the name to the name of an existing method, or defining a method named '$_clearField'.
  void clearApplyDisableBandSteering() => $_clearField(1109);
                                          ^^^^^^^^^^^^
lib/generated/spacex_api/device/wifi_config.pb.dart:3113:59: Error: A value of type 'List<dynamic>' can't be returned from a function with return type 'PbList<String>'.
 - 'List' is from 'dart:core'.
 - 'PbList' is from 'package:protobuf/protobuf.dart' ('../../../.pub-cache/hosted/pub.dev/protobuf-3.1.0/lib/protobuf.dart').
  $pb.PbList<$core.String> get onlyOverflightCountries => $_getList(111);
                                                          ^
lib/generated/spacex_api/device/wifi_config.pb.dart:3122:47: Error: The method '$_clearField' isn't defined for the type 'WifiConfig'.
 - 'WifiConfig' is from 'package:starlink_isp_app/generated/spacex_api/device/wifi_config.pb.dart' ('lib/generated/spacex_api/device/wifi_config.pb.dart').
Try correcting the name to the name of an existing method, or defining a method named '$_clearField'.
  void clearApplyOnlyOverflightCountries() => $_clearField(1111);
                                              ^^^^^^^^^^^^
lib/generated/spacex_api/device/wifi_config.pb.dart:3126:7: Error: A value of type 'List<dynamic>' can't be returned from a function with return type 'PbList<WifiConfig_UnbridgedEthPort>'.
 - 'List' is from 'dart:core'.
 - 'PbList' is from 'package:protobuf/protobuf.dart' ('../../../.pub-cache/hosted/pub.dev/protobuf-3.1.0/lib/protobuf.dart').
 - 'WifiConfig_UnbridgedEthPort' is from 'package:starlink_isp_app/generated/spacex_api/device/wifi_config.pb.dart' ('lib/generated/spacex_api/device/wifi_config.pb.dart').
      $_getList(113);
      ^
lib/generated/spacex_api/device/wifi_config.pb.dart:3135:41: Error: The method '$_clearField' isn't defined for the type 'WifiConfig'.
 - 'WifiConfig' is from 'package:starlink_isp_app/generated/spacex_api/device/wifi_config.pb.dart' ('lib/generated/spacex_api/device/wifi_config.pb.dart').
Try correcting the name to the name of an existing method, or defining a method named '$_clearField'.
  void clearApplyUnbridgedEthPorts() => $_clearField(1113);
                                        ^^^^^^^^^^^^
lib/generated/spacex_api/device/wifi_config.pb.dart:3145:54: Error: The method '$_clearField' isn't defined for the type 'WifiConfig'.
 - 'WifiConfig' is from 'package:starlink_isp_app/generated/spacex_api/device/wifi_config.pb.dart' ('lib/generated/spacex_api/device/wifi_config.pb.dart').
Try correcting the name to the name of an existing method, or defining a method named '$_clearField'.
  void clearOnlyOverflightCountriesUsingDefault() => $_clearField(1114);
                                                     ^^^^^^^^^^^^
lib/generated/spacex_api/device/wifi_config.pb.dart:3154:41: Error: The method '$_clearField' isn't defined for the type 'WifiConfig'.
 - 'WifiConfig' is from 'package:starlink_isp_app/generated/spacex_api/device/wifi_config.pb.dart' ('lib/generated/spacex_api/device/wifi_config.pb.dart').
Try correcting the name to the name of an existing method, or defining a method named '$_clearField'.
  void clearDisableSandboxFailOpen() => $_clearField(1115);
                                        ^^^^^^^^^^^^
lib/generated/spacex_api/device/wifi_config.pb.dart:3163:46: Error: The method '$_clearField' isn't defined for the type 'WifiConfig'.
 - 'WifiConfig' is from 'package:starlink_isp_app/generated/spacex_api/device/wifi_config.pb.dart' ('lib/generated/spacex_api/device/wifi_config.pb.dart').
Try correcting the name to the name of an existing method, or defining a method named '$_clearField'.
  void clearApplyDisableSandboxFailOpen() => $_clearField(1116);
                                             ^^^^^^^^^^^^
lib/generated/spacex_api/device/wifi_config.pb.dart:3172:36: Error: The method '$_clearField' isn't defined for the type 'WifiConfig'.
 - 'WifiConfig' is from 'package:starlink_isp_app/generated/spacex_api/device/wifi_config.pb.dart' ('lib/generated/spacex_api/device/wifi_config.pb.dart').
Try correcting the name to the name of an existing method, or defining a method named '$_clearField'.
  void clearCustomDnsDisabled() => $_clearField(1117);
                                   ^^^^^^^^^^^^
lib/generated/spacex_api/device/wifi_config.pb.dart:3181:41: Error: The method '$_clearField' isn't defined for the type 'WifiConfig'.
 - 'WifiConfig' is from 'package:starlink_isp_app/generated/spacex_api/device/wifi_config.pb.dart' ('lib/generated/spacex_api/device/wifi_config.pb.dart').
Try correcting the name to the name of an existing method, or defining a method named '$_clearField'.
  void clearApplyCustomDnsDisabled() => $_clearField(1118);
                                        ^^^^^^^^^^^^
lib/generated/spacex_api/device/wifi_config.pb.dart:3190:36: Error: The method '$_clearField' isn't defined for the type 'WifiConfig'.
 - 'WifiConfig' is from 'package:starlink_isp_app/generated/spacex_api/device/wifi_config.pb.dart' ('lib/generated/spacex_api/device/wifi_config.pb.dart').
Try correcting the name to the name of an existing method, or defining a method named '$_clearField'.
  void clearForeflightEnabled() => $_clearField(1119);
                                   ^^^^^^^^^^^^
lib/generated/spacex_api/device/wifi_config.pb.dart:3199:41: Error: The method '$_clearField' isn't defined for the type 'WifiConfig'.
 - 'WifiConfig' is from 'package:starlink_isp_app/generated/spacex_api/device/wifi_config.pb.dart' ('lib/generated/spacex_api/device/wifi_config.pb.dart').
Try correcting the name to the name of an existing method, or defining a method named '$_clearField'.
  void clearApplyForeflightEnabled() => $_clearField(1120);
                                        ^^^^^^^^^^^^
lib/generated/spacex_api/device/wifi_config.pb.dart:3204:34: Error: The method '$_setField' isn't defined for the type 'WifiConfig'.
 - 'WifiConfig' is from 'package:starlink_isp_app/generated/spacex_api/device/wifi_config.pb.dart' ('lib/generated/spacex_api/device/wifi_config.pb.dart').
Try correcting the name to the name of an existing method, or defining a method named '$_setField'.
  set boot($1.BootInfo value) => $_setField(3001, value);
                                 ^^^^^^^^^^
lib/generated/spacex_api/device/wifi_config.pb.dart:3208:23: Error: The method '$_clearField' isn't defined for the type 'WifiConfig'.
 - 'WifiConfig' is from 'package:starlink_isp_app/generated/spacex_api/device/wifi_config.pb.dart' ('lib/generated/spacex_api/device/wifi_config.pb.dart').
Try correcting the name to the name of an existing method, or defining a method named '$_clearField'.
  void clearBoot() => $_clearField(3001);
                      ^^^^^^^^^^^^
lib/generated/spacex_api/device/wifi_config.pb.dart:3214:7: Error: A value of type 'List<dynamic>' can't be returned from a function with return type 'PbList<WifiConfig_MeshConfigsUpdatesEntry>'.
 - 'List' is from 'dart:core'.
 - 'PbList' is from 'package:protobuf/protobuf.dart' ('../../../.pub-cache/hosted/pub.dev/protobuf-3.1.0/lib/protobuf.dart').
 - 'WifiConfig_MeshConfigsUpdatesEntry' is from 'package:starlink_isp_app/generated/spacex_api/device/wifi_config.pb.dart' ('lib/generated/spacex_api/device/wifi_config.pb.dart').
      $_getList(123);
      ^
lib/generated/spacex_api/device/wifi_config.pb.dart:3219:54: Error: The method '$_setField' isn't defined for the type 'WifiConfig'.
 - 'WifiConfig' is from 'package:starlink_isp_app/generated/spacex_api/device/wifi_config.pb.dart' ('lib/generated/spacex_api/device/wifi_config.pb.dart').
Try correcting the name to the name of an existing method, or defining a method named '$_setField'.
  set wanNoTrafficControl(NoTrafficControl value) => $_setField(4001, value);
                                                     ^^^^^^^^^^
lib/generated/spacex_api/device/wifi_config.pb.dart:3223:38: Error: The method '$_clearField' isn't defined for the type 'WifiConfig'.
 - 'WifiConfig' is from 'package:starlink_isp_app/generated/spacex_api/device/wifi_config.pb.dart' ('lib/generated/spacex_api/device/wifi_config.pb.dart').
Try correcting the name to the name of an existing method, or defining a method named '$_clearField'.
  void clearWanNoTrafficControl() => $_clearField(4001);
                                     ^^^^^^^^^^^^
lib/generated/spacex_api/device/wifi_config.pb.dart:3230:50: Error: The method '$_setField' isn't defined for the type 'WifiConfig'.
 - 'WifiConfig' is from 'package:starlink_isp_app/generated/spacex_api/device/wifi_config.pb.dart' ('lib/generated/spacex_api/device/wifi_config.pb.dart').
Try correcting the name to the name of an existing method, or defining a method named '$_setField'.
  set wanAckSuppression(AckSuppression value) => $_setField(4002, value);
                                                 ^^^^^^^^^^
lib/generated/spacex_api/device/wifi_config.pb.dart:3234:36: Error: The method '$_clearField' isn't defined for the type 'WifiConfig'.
 - 'WifiConfig' is from 'package:starlink_isp_app/generated/spacex_api/device/wifi_config.pb.dart' ('lib/generated/spacex_api/device/wifi_config.pb.dart').
Try correcting the name to the name of an existing method, or defining a method named '$_clearField'.
  void clearWanAckSuppression() => $_clearField(4002);
                                   ^^^^^^^^^^^^
lib/generated/spacex_api/device/wifi_config.pb.dart:3241:48: Error: The method '$_setField' isn't defined for the type 'WifiConfig'.
 - 'WifiConfig' is from 'package:starlink_isp_app/generated/spacex_api/device/wifi_config.pb.dart' ('lib/generated/spacex_api/device/wifi_config.pb.dart').
Try correcting the name to the name of an existing method, or defining a method named '$_setField'.
  set wanCakeRateLimit(CakeRateLimit value) => $_setField(4003, value);
                                               ^^^^^^^^^^
lib/generated/spacex_api/device/wifi_config.pb.dart:3245:35: Error: The method '$_clearField' isn't defined for the type 'WifiConfig'.
 - 'WifiConfig' is from 'package:starlink_isp_app/generated/spacex_api/device/wifi_config.pb.dart' ('lib/generated/spacex_api/device/wifi_config.pb.dart').
Try correcting the name to the name of an existing method, or defining a method named '$_clearField'.
  void clearWanCakeRateLimit() => $_clearField(4003);
                                  ^^^^^^^^^^^^
lib/generated/spacex_api/device/wifi_config.pb.dart:3341:34: Error: The method '$_clearField' isn't defined for the type 'WanStarlinkRouterPair'.
 - 'WanStarlinkRouterPair' is from 'package:starlink_isp_app/generated/spacex_api/device/wifi_config.pb.dart' ('lib/generated/spacex_api/device/wifi_config.pb.dart').
Try correcting the name to the name of an existing method, or defining a method named '$_clearField'.
  void clearClientVlanFirst() => $_clearField(1);
                                 ^^^^^^^^^^^^
lib/generated/spacex_api/device/wifi_config.pb.dart:3369:7: Error: The method 'aI' isn't defined for the type 'BuilderInfo'.
 - 'BuilderInfo' is from 'package:protobuf/protobuf.dart' ('../../../.pub-cache/hosted/pub.dev/protobuf-3.1.0/lib/protobuf.dart').
Try correcting the name to the name of an existing method, or defining a method named 'aI'.
    ..aI(1, _omitFieldNames ? '' : 'startMinutes',
      ^^
lib/generated/spacex_api/device/wifi_config.pb.dart:3371:7: Error: The method 'aI' isn't defined for the type 'BuilderInfo'.
 - 'BuilderInfo' is from 'package:protobuf/protobuf.dart' ('../../../.pub-cache/hosted/pub.dev/protobuf-3.1.0/lib/protobuf.dart').
Try correcting the name to the name of an existing method, or defining a method named 'aI'.
    ..aI(2, _omitFieldNames ? '' : 'endMinutes', fieldType: $pb.PbFieldType.OU3)
      ^^
lib/generated/spacex_api/device/wifi_config.pb.dart:3403:31: Error: The method '$_clearField' isn't defined for the type 'WeeklyBlockSchedule_BlockRange'.
 - 'WeeklyBlockSchedule_BlockRange' is from 'package:starlink_isp_app/generated/spacex_api/device/wifi_config.pb.dart' ('lib/generated/spacex_api/device/wifi_config.pb.dart').
Try correcting the name to the name of an existing method, or defining a method named '$_clearField'.
  void clearStartMinutes() => $_clearField(1);
                              ^^^^^^^^^^^^
lib/generated/spacex_api/device/wifi_config.pb.dart:3412:29: Error: The method '$_clearField' isn't defined for the type 'WeeklyBlockSchedule_BlockRange'.
 - 'WeeklyBlockSchedule_BlockRange' is from 'package:starlink_isp_app/generated/spacex_api/device/wifi_config.pb.dart' ('lib/generated/spacex_api/device/wifi_config.pb.dart').
Try correcting the name to the name of an existing method, or defining a method named '$_clearField'.
  void clearEndMinutes() => $_clearField(2);
                            ^^^^^^^^^^^^
lib/generated/spacex_api/device/wifi_config.pb.dart:3440:7: Error: The method 'pPM' isn't defined for the type 'BuilderInfo'.
 - 'BuilderInfo' is from 'package:protobuf/protobuf.dart' ('../../../.pub-cache/hosted/pub.dev/protobuf-3.1.0/lib/protobuf.dart').
Try correcting the name to the name of an existing method, or defining a method named 'pPM'.
    ..pPM<WeeklyBlockSchedule_BlockRange>(
      ^^^
lib/generated/spacex_api/device/wifi_config.pb.dart:3466:65: Error: A value of type 'List<dynamic>' can't be returned from a function with return type 'PbList<WeeklyBlockSchedule_BlockRange>'.
 - 'List' is from 'dart:core'.
 - 'PbList' is from 'package:protobuf/protobuf.dart' ('../../../.pub-cache/hosted/pub.dev/protobuf-3.1.0/lib/protobuf.dart').
 - 'WeeklyBlockSchedule_BlockRange' is from 'package:starlink_isp_app/generated/spacex_api/device/wifi_config.pb.dart' ('lib/generated/spacex_api/device/wifi_config.pb.dart').
  $pb.PbList<WeeklyBlockSchedule_BlockRange> get blockRanges => $_getList(0);
                                                                ^
lib/generated/spacex_api/device/wifi_config.pb.dart:3475:26: Error: The method '$_clearField' isn't defined for the type 'WeeklyBlockSchedule'.
 - 'WeeklyBlockSchedule' is from 'package:starlink_isp_app/generated/spacex_api/device/wifi_config.pb.dart' ('lib/generated/spacex_api/device/wifi_config.pb.dart').
Try correcting the name to the name of an existing method, or defining a method named '$_clearField'.
  void clearGroupId() => $_clearField(2);
                         ^^^^^^^^^^^^
lib/generated/spacex_api/device/wifi_config.pb.dart:3510:7: Error: The method 'aI' isn't defined for the type 'BuilderInfo'.
 - 'BuilderInfo' is from 'package:protobuf/protobuf.dart' ('../../../.pub-cache/hosted/pub.dev/protobuf-3.1.0/lib/protobuf.dart').
Try correcting the name to the name of an existing method, or defining a method named 'aI'.
    ..aI(1, _omitFieldNames ? '' : 'clientId', fieldType: $pb.PbFieldType.OU3)
      ^^
lib/generated/spacex_api/device/wifi_config.pb.dart:3513:7: Error: The method 'pPM' isn't defined for the type 'BuilderInfo'.
 - 'BuilderInfo' is from 'package:protobuf/protobuf.dart' ('../../../.pub-cache/hosted/pub.dev/protobuf-3.1.0/lib/protobuf.dart').
Try correcting the name to the name of an existing method, or defining a method named 'pPM'.
    ..pPM<WeeklyBlockSchedule>(5, _omitFieldNames ? '' : 'weeklyBlockSchedules',
      ^^^
lib/generated/spacex_api/device/wifi_config.pb.dart:3544:27: Error: The method '$_clearField' isn't defined for the type 'ClientConfig'.
 - 'ClientConfig' is from 'package:starlink_isp_app/generated/spacex_api/device/wifi_config.pb.dart' ('lib/generated/spacex_api/device/wifi_config.pb.dart').
Try correcting the name to the name of an existing method, or defining a method named '$_clearField'.
  void clearClientId() => $_clearField(1);
                          ^^^^^^^^^^^^
lib/generated/spacex_api/device/wifi_config.pb.dart:3553:29: Error: The method '$_clearField' isn't defined for the type 'ClientConfig'.
 - 'ClientConfig' is from 'package:starlink_isp_app/generated/spacex_api/device/wifi_config.pb.dart' ('lib/generated/spacex_api/device/wifi_config.pb.dart').
Try correcting the name to the name of an existing method, or defining a method named '$_clearField'.
  void clearMacAddress() => $_clearField(2);
                            ^^^^^^^^^^^^
lib/generated/spacex_api/device/wifi_config.pb.dart:3562:28: Error: The method '$_clearField' isn't defined for the type 'ClientConfig'.
 - 'ClientConfig' is from 'package:starlink_isp_app/generated/spacex_api/device/wifi_config.pb.dart' ('lib/generated/spacex_api/device/wifi_config.pb.dart').
Try correcting the name to the name of an existing method, or defining a method named '$_clearField'.
  void clearGivenName() => $_clearField(3);
                           ^^^^^^^^^^^^
lib/generated/spacex_api/device/wifi_config.pb.dart:3565:63: Error: A value of type 'List<dynamic>' can't be returned from a function with return type 'PbList<WeeklyBlockSchedule>'.
 - 'List' is from 'dart:core'.
 - 'PbList' is from 'package:protobuf/protobuf.dart' ('../../../.pub-cache/hosted/pub.dev/protobuf-3.1.0/lib/protobuf.dart').
 - 'WeeklyBlockSchedule' is from 'package:starlink_isp_app/generated/spacex_api/device/wifi_config.pb.dart' ('lib/generated/spacex_api/device/wifi_config.pb.dart').
  $pb.PbList<WeeklyBlockSchedule> get weeklyBlockSchedules => $_getList(3);
                                                              ^
lib/generated/spacex_api/device/wifi_config.pb.dart:3574:26: Error: The method '$_clearField' isn't defined for the type 'ClientConfig'.
 - 'ClientConfig' is from 'package:starlink_isp_app/generated/spacex_api/device/wifi_config.pb.dart' ('lib/generated/spacex_api/device/wifi_config.pb.dart').
Try correcting the name to the name of an existing method, or defining a method named '$_clearField'.
  void clearGroupId() => $_clearField(6);
                         ^^^^^^^^^^^^
lib/generated/spacex_api/device/wifi_config.pb.dart:3631:29: Error: The method '$_clearField' isn't defined for the type 'ClientName'.
 - 'ClientName' is from 'package:starlink_isp_app/generated/spacex_api/device/wifi_config.pb.dart' ('lib/generated/spacex_api/device/wifi_config.pb.dart').
Try correcting the name to the name of an existing method, or defining a method named '$_clearField'.
  void clearMacAddress() => $_clearField(1);
                            ^^^^^^^^^^^^
lib/generated/spacex_api/device/wifi_config.pb.dart:3640:28: Error: The method '$_clearField' isn't defined for the type 'ClientName'.
 - 'ClientName' is from 'package:starlink_isp_app/generated/spacex_api/device/wifi_config.pb.dart' ('lib/generated/spacex_api/device/wifi_config.pb.dart').
Try correcting the name to the name of an existing method, or defining a method named '$_clearField'.
  void clearGivenName() => $_clearField(2);
                           ^^^^^^^^^^^^
lib/generated/spacex_api/device/wifi_config.pb.dart:3732:27: Error: The method '$_clearField' isn't defined for the type 'AuthWpa2'.
 - 'AuthWpa2' is from 'package:starlink_isp_app/generated/spacex_api/device/wifi_config.pb.dart' ('lib/generated/spacex_api/device/wifi_config.pb.dart').
Try correcting the name to the name of an existing method, or defining a method named '$_clearField'.
  void clearPassword() => $_clearField(1);
                          ^^^^^^^^^^^^
lib/generated/spacex_api/device/wifi_config.pb.dart:3786:27: Error: The method '$_clearField' isn't defined for the type 'AuthWpa3'.
 - 'AuthWpa3' is from 'package:starlink_isp_app/generated/spacex_api/device/wifi_config.pb.dart' ('lib/generated/spacex_api/device/wifi_config.pb.dart').
Try correcting the name to the name of an existing method, or defining a method named '$_clearField'.
  void clearPassword() => $_clearField(1);
                          ^^^^^^^^^^^^
lib/generated/spacex_api/device/wifi_config.pb.dart:3841:27: Error: The method '$_clearField' isn't defined for the type 'AuthWpa2Wpa3'.
 - 'AuthWpa2Wpa3' is from 'package:starlink_isp_app/generated/spacex_api/device/wifi_config.pb.dart' ('lib/generated/spacex_api/device/wifi_config.pb.dart').
Try correcting the name to the name of an existing method, or defining a method named '$_clearField'.
  void clearPassword() => $_clearField(1);
                          ^^^^^^^^^^^^
lib/generated/spacex_api/device/wifi_config.pb.dart:3919:7: Error: The method 'aE' isn't defined for the type 'BuilderInfo'.
 - 'BuilderInfo' is from 'package:protobuf/protobuf.dart' ('../../../.pub-cache/hosted/pub.dev/protobuf-3.1.0/lib/protobuf.dart').
Try correcting the name to the name of an existing method, or defining a method named 'aE'.
    ..aE<$2.Protocol>(5, _omitFieldNames ? '' : 'transport',
      ^^
lib/generated/spacex_api/device/wifi_config.pb.dart:3948:25: Error: The method '$_clearField' isn't defined for the type 'AuthRadius'.
 - 'AuthRadius' is from 'package:starlink_isp_app/generated/spacex_api/device/wifi_config.pb.dart' ('lib/generated/spacex_api/device/wifi_config.pb.dart').
Try correcting the name to the name of an existing method, or defining a method named '$_clearField'.
  void clearServer() => $_clearField(1);
                        ^^^^^^^^^^^^
lib/generated/spacex_api/device/wifi_config.pb.dart:3957:27: Error: The method '$_clearField' isn't defined for the type 'AuthRadius'.
 - 'AuthRadius' is from 'package:starlink_isp_app/generated/spacex_api/device/wifi_config.pb.dart' ('lib/generated/spacex_api/device/wifi_config.pb.dart').
Try correcting the name to the name of an existing method, or defining a method named '$_clearField'.
  void clearPassword() => $_clearField(2);
                          ^^^^^^^^^^^^
lib/generated/spacex_api/device/wifi_config.pb.dart:3966:27: Error: The method '$_clearField' isn't defined for the type 'AuthRadius'.
 - 'AuthRadius' is from 'package:starlink_isp_app/generated/spacex_api/device/wifi_config.pb.dart' ('lib/generated/spacex_api/device/wifi_config.pb.dart').
Try correcting the name to the name of an existing method, or defining a method named '$_clearField'.
  void clearServerCa() => $_clearField(3);
                          ^^^^^^^^^^^^
lib/generated/spacex_api/device/wifi_config.pb.dart:3975:33: Error: The method '$_clearField' isn't defined for the type 'AuthRadius'.
 - 'AuthRadius' is from 'package:starlink_isp_app/generated/spacex_api/device/wifi_config.pb.dart' ('lib/generated/spacex_api/device/wifi_config.pb.dart').
Try correcting the name to the name of an existing method, or defining a method named '$_clearField'.
  void clearServerCaBase64() => $_clearField(4);
                                ^^^^^^^^^^^^
lib/generated/spacex_api/device/wifi_config.pb.dart:3980:39: Error: The method '$_setField' isn't defined for the type 'AuthRadius'.
 - 'AuthRadius' is from 'package:starlink_isp_app/generated/spacex_api/device/wifi_config.pb.dart' ('lib/generated/spacex_api/device/wifi_config.pb.dart').
Try correcting the name to the name of an existing method, or defining a method named '$_setField'.
  set transport($2.Protocol value) => $_setField(5, value);
                                      ^^^^^^^^^^
lib/generated/spacex_api/device/wifi_config.pb.dart:3984:28: Error: The method '$_clearField' isn't defined for the type 'AuthRadius'.
 - 'AuthRadius' is from 'package:starlink_isp_app/generated/spacex_api/device/wifi_config.pb.dart' ('lib/generated/spacex_api/device/wifi_config.pb.dart').
Try correcting the name to the name of an existing method, or defining a method named '$_clearField'.
  void clearTransport() => $_clearField(5);
                           ^^^^^^^^^^^^
lib/generated/spacex_api/device/wifi_config.pb.dart:4100:7: Error: The method 'aI' isn't defined for the type 'BuilderInfo'.
 - 'BuilderInfo' is from 'package:protobuf/protobuf.dart' ('../../../.pub-cache/hosted/pub.dev/protobuf-3.1.0/lib/protobuf.dart').
Try correcting the name to the name of an existing method, or defining a method named 'aI'.
    ..aI(1, _omitFieldNames ? '' : 'ackMark', fieldType: $pb.PbFieldType.OU3)
      ^^
lib/generated/spacex_api/device/wifi_config.pb.dart:4101:7: Error: The method 'aD' isn't defined for the type 'BuilderInfo'.
 - 'BuilderInfo' is from 'package:protobuf/protobuf.dart' ('../../../.pub-cache/hosted/pub.dev/protobuf-3.1.0/lib/protobuf.dart').
Try correcting the name to the name of an existing method, or defining a method named 'aD'.
    ..aD(2, _omitFieldNames ? '' : 'htbAckQueueRate',
      ^^
lib/generated/spacex_api/device/wifi_config.pb.dart:4103:7: Error: The method 'aD' isn't defined for the type 'BuilderInfo'.
 - 'BuilderInfo' is from 'package:protobuf/protobuf.dart' ('../../../.pub-cache/hosted/pub.dev/protobuf-3.1.0/lib/protobuf.dart').
Try correcting the name to the name of an existing method, or defining a method named 'aD'.
    ..aD(3, _omitFieldNames ? '' : 'htbAckQueueCeil',
      ^^
lib/generated/spacex_api/device/wifi_config.pb.dart:4105:7: Error: The method 'aD' isn't defined for the type 'BuilderInfo'.
 - 'BuilderInfo' is from 'package:protobuf/protobuf.dart' ('../../../.pub-cache/hosted/pub.dev/protobuf-3.1.0/lib/protobuf.dart').
Try correcting the name to the name of an existing method, or defining a method named 'aD'.
    ..aD(4, _omitFieldNames ? '' : 'cakeQueueBandwidth',
      ^^
lib/generated/spacex_api/device/wifi_config.pb.dart:4108:7: Error: The method 'aD' isn't defined for the type 'BuilderInfo'.
 - 'BuilderInfo' is from 'package:protobuf/protobuf.dart' ('../../../.pub-cache/hosted/pub.dev/protobuf-3.1.0/lib/protobuf.dart').
Try correcting the name to the name of an existing method, or defining a method named 'aD'.
    ..aD(6, _omitFieldNames ? '' : 'cakeManualRtt',
      ^^
lib/generated/spacex_api/device/wifi_config.pb.dart:4138:26: Error: The method '$_clearField' isn't defined for the type 'AckSuppression'.
 - 'AckSuppression' is from 'package:starlink_isp_app/generated/spacex_api/device/wifi_config.pb.dart' ('lib/generated/spacex_api/device/wifi_config.pb.dart').
Try correcting the name to the name of an existing method, or defining a method named '$_clearField'.
  void clearAckMark() => $_clearField(1);
                         ^^^^^^^^^^^^
lib/generated/spacex_api/device/wifi_config.pb.dart:4147:34: Error: The method '$_clearField' isn't defined for the type 'AckSuppression'.
 - 'AckSuppression' is from 'package:starlink_isp_app/generated/spacex_api/device/wifi_config.pb.dart' ('lib/generated/spacex_api/device/wifi_config.pb.dart').
Try correcting the name to the name of an existing method, or defining a method named '$_clearField'.
  void clearHtbAckQueueRate() => $_clearField(2);
                                 ^^^^^^^^^^^^
lib/generated/spacex_api/device/wifi_config.pb.dart:4156:34: Error: The method '$_clearField' isn't defined for the type 'AckSuppression'.
 - 'AckSuppression' is from 'package:starlink_isp_app/generated/spacex_api/device/wifi_config.pb.dart' ('lib/generated/spacex_api/device/wifi_config.pb.dart').
Try correcting the name to the name of an existing method, or defining a method named '$_clearField'.
  void clearHtbAckQueueCeil() => $_clearField(3);
                                 ^^^^^^^^^^^^
lib/generated/spacex_api/device/wifi_config.pb.dart:4165:37: Error: The method '$_clearField' isn't defined for the type 'AckSuppression'.
 - 'AckSuppression' is from 'package:starlink_isp_app/generated/spacex_api/device/wifi_config.pb.dart' ('lib/generated/spacex_api/device/wifi_config.pb.dart').
Try correcting the name to the name of an existing method, or defining a method named '$_clearField'.
  void clearCakeQueueBandwidth() => $_clearField(4);
                                    ^^^^^^^^^^^^
lib/generated/spacex_api/device/wifi_config.pb.dart:4174:42: Error: The method '$_clearField' isn't defined for the type 'AckSuppression'.
 - 'AckSuppression' is from 'package:starlink_isp_app/generated/spacex_api/device/wifi_config.pb.dart' ('lib/generated/spacex_api/device/wifi_config.pb.dart').
Try correcting the name to the name of an existing method, or defining a method named '$_clearField'.
  void clearCakeAckFilterAggressive() => $_clearField(5);
                                         ^^^^^^^^^^^^
lib/generated/spacex_api/device/wifi_config.pb.dart:4183:32: Error: The method '$_clearField' isn't defined for the type 'AckSuppression'.
 - 'AckSuppression' is from 'package:starlink_isp_app/generated/spacex_api/device/wifi_config.pb.dart' ('lib/generated/spacex_api/device/wifi_config.pb.dart').
Try correcting the name to the name of an existing method, or defining a method named '$_clearField'.
  void clearCakeManualRtt() => $_clearField(6);
                               ^^^^^^^^^^^^
lib/generated/spacex_api/device/wifi_config.pb.dart:4218:7: Error: The method 'aI' isn't defined for the type 'BuilderInfo'.
 - 'BuilderInfo' is from 'package:protobuf/protobuf.dart' ('../../../.pub-cache/hosted/pub.dev/protobuf-3.1.0/lib/protobuf.dart').
Try correcting the name to the name of an existing method, or defining a method named 'aI'.
    ..aI(1, _omitFieldNames ? '' : 'hostMark', fieldType: $pb.PbFieldType.OU3)
      ^^
lib/generated/spacex_api/device/wifi_config.pb.dart:4219:7: Error: The method 'aD' isn't defined for the type 'BuilderInfo'.
 - 'BuilderInfo' is from 'package:protobuf/protobuf.dart' ('../../../.pub-cache/hosted/pub.dev/protobuf-3.1.0/lib/protobuf.dart').
Try correcting the name to the name of an existing method, or defining a method named 'aD'.
    ..aD(2, _omitFieldNames ? '' : 'bandwidth', fieldType: $pb.PbFieldType.OF)
      ^^
lib/generated/spacex_api/device/wifi_config.pb.dart:4220:7: Error: The method 'aE' isn't defined for the type 'BuilderInfo'.
 - 'BuilderInfo' is from 'package:protobuf/protobuf.dart' ('../../../.pub-cache/hosted/pub.dev/protobuf-3.1.0/lib/protobuf.dart').
Try correcting the name to the name of an existing method, or defining a method named 'aE'.
    ..aE<CakePriorityQueueParameter>(
      ^^
lib/generated/spacex_api/device/wifi_config.pb.dart:4223:7: Error: The method 'aE' isn't defined for the type 'BuilderInfo'.
 - 'BuilderInfo' is from 'package:protobuf/protobuf.dart' ('../../../.pub-cache/hosted/pub.dev/protobuf-3.1.0/lib/protobuf.dart').
Try correcting the name to the name of an existing method, or defining a method named 'aE'.
    ..aE<CakeAckFilter>(4, _omitFieldNames ? '' : 'ackFilter',
      ^^
lib/generated/spacex_api/device/wifi_config.pb.dart:4225:7: Error: The method 'aD' isn't defined for the type 'BuilderInfo'.
 - 'BuilderInfo' is from 'package:protobuf/protobuf.dart' ('../../../.pub-cache/hosted/pub.dev/protobuf-3.1.0/lib/protobuf.dart').
Try correcting the name to the name of an existing method, or defining a method named 'aD'.
    ..aD(6, _omitFieldNames ? '' : 'manualRtt', fieldType: $pb.PbFieldType.OF)
      ^^
lib/generated/spacex_api/device/wifi_config.pb.dart:4254:27: Error: The method '$_clearField' isn't defined for the type 'CakeRateLimit'.
 - 'CakeRateLimit' is from 'package:starlink_isp_app/generated/spacex_api/device/wifi_config.pb.dart' ('lib/generated/spacex_api/device/wifi_config.pb.dart').
Try correcting the name to the name of an existing method, or defining a method named '$_clearField'.
  void clearHostMark() => $_clearField(1);
                          ^^^^^^^^^^^^
lib/generated/spacex_api/device/wifi_config.pb.dart:4263:28: Error: The method '$_clearField' isn't defined for the type 'CakeRateLimit'.
 - 'CakeRateLimit' is from 'package:starlink_isp_app/generated/spacex_api/device/wifi_config.pb.dart' ('lib/generated/spacex_api/device/wifi_config.pb.dart').
Try correcting the name to the name of an existing method, or defining a method named '$_clearField'.
  void clearBandwidth() => $_clearField(2);
                           ^^^^^^^^^^^^
lib/generated/spacex_api/device/wifi_config.pb.dart:4269:7: Error: The method '$_setField' isn't defined for the type 'CakeRateLimit'.
 - 'CakeRateLimit' is from 'package:starlink_isp_app/generated/spacex_api/device/wifi_config.pb.dart' ('lib/generated/spacex_api/device/wifi_config.pb.dart').
Try correcting the name to the name of an existing method, or defining a method named '$_setField'.
      $_setField(3, value);
      ^^^^^^^^^^
lib/generated/spacex_api/device/wifi_config.pb.dart:4273:41: Error: The method '$_clearField' isn't defined for the type 'CakeRateLimit'.
 - 'CakeRateLimit' is from 'package:starlink_isp_app/generated/spacex_api/device/wifi_config.pb.dart' ('lib/generated/spacex_api/device/wifi_config.pb.dart').
Try correcting the name to the name of an existing method, or defining a method named '$_clearField'.
  void clearPriorityQueueParameter() => $_clearField(3);
                                        ^^^^^^^^^^^^
lib/generated/spacex_api/device/wifi_config.pb.dart:4278:41: Error: The method '$_setField' isn't defined for the type 'CakeRateLimit'.
 - 'CakeRateLimit' is from 'package:starlink_isp_app/generated/spacex_api/device/wifi_config.pb.dart' ('lib/generated/spacex_api/device/wifi_config.pb.dart').
Try correcting the name to the name of an existing method, or defining a method named '$_setField'.
  set ackFilter(CakeAckFilter value) => $_setField(4, value);
                                        ^^^^^^^^^^
lib/generated/spacex_api/device/wifi_config.pb.dart:4282:28: Error: The method '$_clearField' isn't defined for the type 'CakeRateLimit'.
 - 'CakeRateLimit' is from 'package:starlink_isp_app/generated/spacex_api/device/wifi_config.pb.dart' ('lib/generated/spacex_api/device/wifi_config.pb.dart').
Try correcting the name to the name of an existing method, or defining a method named '$_clearField'.
  void clearAckFilter() => $_clearField(4);
                           ^^^^^^^^^^^^
lib/generated/spacex_api/device/wifi_config.pb.dart:4291:28: Error: The method '$_clearField' isn't defined for the type 'CakeRateLimit'.
 - 'CakeRateLimit' is from 'package:starlink_isp_app/generated/spacex_api/device/wifi_config.pb.dart' ('lib/generated/spacex_api/device/wifi_config.pb.dart').
Try correcting the name to the name of an existing method, or defining a method named '$_clearField'.
  void clearManualRtt() => $_clearField(6);
                           ^^^^^^^^^^^^
lib/generated/spacex_api/device/wifi_util.pb.dart:65:7: Error: The method 'aE' isn't defined for the type 'BuilderInfo'.
 - 'BuilderInfo' is from 'package:protobuf/protobuf.dart' ('../../../.pub-cache/hosted/pub.dev/protobuf-3.1.0/lib/protobuf.dart').
Try correcting the name to the name of an existing method, or defining a method named 'aE'.
    ..aE<IfaceType>(5, _omitFieldNames ? '' : 'ifaceType',
      ^^
lib/generated/spacex_api/device/wifi_util.pb.dart:67:7: Error: The method 'aI' isn't defined for the type 'BuilderInfo'.
 - 'BuilderInfo' is from 'package:protobuf/protobuf.dart' ('../../../.pub-cache/hosted/pub.dev/protobuf-3.1.0/lib/protobuf.dart').
Try correcting the name to the name of an existing method, or defining a method named 'aI'.
    ..aI(6, _omitFieldNames ? '' : 'channel', fieldType: $pb.PbFieldType.OU3)
      ^^
lib/generated/spacex_api/device/wifi_util.pb.dart:68:7: Error: The method 'aI' isn't defined for the type 'BuilderInfo'.
 - 'BuilderInfo' is from 'package:protobuf/protobuf.dart' ('../../../.pub-cache/hosted/pub.dev/protobuf-3.1.0/lib/protobuf.dart').
Try correcting the name to the name of an existing method, or defining a method named 'aI'.
    ..aI(7, _omitFieldNames ? '' : 'preference', fieldType: $pb.PbFieldType.OU3)
      ^^
lib/generated/spacex_api/device/wifi_util.pb.dart:99:24: Error: The method '$_clearField' isn't defined for the type 'InflatedBasicServiceSet'.
 - 'InflatedBasicServiceSet' is from 'package:starlink_isp_app/generated/spacex_api/device/wifi_util.pb.dart' ('lib/generated/spacex_api/device/wifi_util.pb.dart').
Try correcting the name to the name of an existing method, or defining a method named '$_clearField'.
  void clearBssid() => $_clearField(1);
                       ^^^^^^^^^^^^
lib/generated/spacex_api/device/wifi_util.pb.dart:108:23: Error: The method '$_clearField' isn't defined for the type 'InflatedBasicServiceSet'.
 - 'InflatedBasicServiceSet' is from 'package:starlink_isp_app/generated/spacex_api/device/wifi_util.pb.dart' ('lib/generated/spacex_api/device/wifi_util.pb.dart').
Try correcting the name to the name of an existing method, or defining a method named '$_clearField'.
  void clearSsid() => $_clearField(2);
                      ^^^^^^^^^^^^
lib/generated/spacex_api/device/wifi_util.pb.dart:117:25: Error: The method '$_clearField' isn't defined for the type 'InflatedBasicServiceSet'.
 - 'InflatedBasicServiceSet' is from 'package:starlink_isp_app/generated/spacex_api/device/wifi_util.pb.dart' ('lib/generated/spacex_api/device/wifi_util.pb.dart').
Try correcting the name to the name of an existing method, or defining a method named '$_clearField'.
  void clearMacLan() => $_clearField(3);
                        ^^^^^^^^^^^^
lib/generated/spacex_api/device/wifi_util.pb.dart:126:28: Error: The method '$_clearField' isn't defined for the type 'InflatedBasicServiceSet'.
 - 'InflatedBasicServiceSet' is from 'package:starlink_isp_app/generated/spacex_api/device/wifi_util.pb.dart' ('lib/generated/spacex_api/device/wifi_util.pb.dart').
Try correcting the name to the name of an existing method, or defining a method named '$_clearField'.
  void clearIfaceName() => $_clearField(4);
                           ^^^^^^^^^^^^
lib/generated/spacex_api/device/wifi_util.pb.dart:131:37: Error: The method '$_setField' isn't defined for the type 'InflatedBasicServiceSet'.
 - 'InflatedBasicServiceSet' is from 'package:starlink_isp_app/generated/spacex_api/device/wifi_util.pb.dart' ('lib/generated/spacex_api/device/wifi_util.pb.dart').
Try correcting the name to the name of an existing method, or defining a method named '$_setField'.
  set ifaceType(IfaceType value) => $_setField(5, value);
                                    ^^^^^^^^^^
lib/generated/spacex_api/device/wifi_util.pb.dart:135:28: Error: The method '$_clearField' isn't defined for the type 'InflatedBasicServiceSet'.
 - 'InflatedBasicServiceSet' is from 'package:starlink_isp_app/generated/spacex_api/device/wifi_util.pb.dart' ('lib/generated/spacex_api/device/wifi_util.pb.dart').
Try correcting the name to the name of an existing method, or defining a method named '$_clearField'.
  void clearIfaceType() => $_clearField(5);
                           ^^^^^^^^^^^^
lib/generated/spacex_api/device/wifi_util.pb.dart:144:26: Error: The method '$_clearField' isn't defined for the type 'InflatedBasicServiceSet'.
 - 'InflatedBasicServiceSet' is from 'package:starlink_isp_app/generated/spacex_api/device/wifi_util.pb.dart' ('lib/generated/spacex_api/device/wifi_util.pb.dart').
Try correcting the name to the name of an existing method, or defining a method named '$_clearField'.
  void clearChannel() => $_clearField(6);
                         ^^^^^^^^^^^^
lib/generated/spacex_api/device/wifi_util.pb.dart:153:29: Error: The method '$_clearField' isn't defined for the type 'InflatedBasicServiceSet'.
 - 'InflatedBasicServiceSet' is from 'package:starlink_isp_app/generated/spacex_api/device/wifi_util.pb.dart' ('lib/generated/spacex_api/device/wifi_util.pb.dart').
Try correcting the name to the name of an existing method, or defining a method named '$_clearField'.
  void clearPreference() => $_clearField(7);
                            ^^^^^^^^^^^^
lib/generated/spacex_api/device/wifi_util.pb.dart:162:25: Error: The method '$_clearField' isn't defined for the type 'InflatedBasicServiceSet'.
 - 'InflatedBasicServiceSet' is from 'package:starlink_isp_app/generated/spacex_api/device/wifi_util.pb.dart' ('lib/generated/spacex_api/device/wifi_util.pb.dart').
Try correcting the name to the name of an existing method, or defining a method named '$_clearField'.
  void clearDomain() => $_clearField(8);
                        ^^^^^^^^^^^^
lib/generated/spacex_api/device/wifi_util.pb.dart:203:7: Error: The method 'aI' isn't defined for the type 'BuilderInfo'.
 - 'BuilderInfo' is from 'package:protobuf/protobuf.dart' ('../../../.pub-cache/hosted/pub.dev/protobuf-3.1.0/lib/protobuf.dart').
Try correcting the name to the name of an existing method, or defining a method named 'aI'.
    ..aI(6, _omitFieldNames ? '' : 'clientId', fieldType: $pb.PbFieldType.OU3)
      ^^
lib/generated/spacex_api/device/wifi_util.pb.dart:231:28: Error: The method '$_clearField' isn't defined for the type 'DhcpLease'.
 - 'DhcpLease' is from 'package:starlink_isp_app/generated/spacex_api/device/wifi_util.pb.dart' ('lib/generated/spacex_api/device/wifi_util.pb.dart').
Try correcting the name to the name of an existing method, or defining a method named '$_clearField'.
  void clearIpAddress() => $_clearField(1);
                           ^^^^^^^^^^^^
lib/generated/spacex_api/device/wifi_util.pb.dart:240:29: Error: The method '$_clearField' isn't defined for the type 'DhcpLease'.
 - 'DhcpLease' is from 'package:starlink_isp_app/generated/spacex_api/device/wifi_util.pb.dart' ('lib/generated/spacex_api/device/wifi_util.pb.dart').
Try correcting the name to the name of an existing method, or defining a method named '$_clearField'.
  void clearMacAddress() => $_clearField(2);
                            ^^^^^^^^^^^^
lib/generated/spacex_api/device/wifi_util.pb.dart:249:27: Error: The method '$_clearField' isn't defined for the type 'DhcpLease'.
 - 'DhcpLease' is from 'package:starlink_isp_app/generated/spacex_api/device/wifi_util.pb.dart' ('lib/generated/spacex_api/device/wifi_util.pb.dart').
Try correcting the name to the name of an existing method, or defining a method named '$_clearField'.
  void clearHostname() => $_clearField(3);
                          ^^^^^^^^^^^^
lib/generated/spacex_api/device/wifi_util.pb.dart:258:30: Error: The method '$_clearField' isn't defined for the type 'DhcpLease'.
 - 'DhcpLease' is from 'package:starlink_isp_app/generated/spacex_api/device/wifi_util.pb.dart' ('lib/generated/spacex_api/device/wifi_util.pb.dart').
Try correcting the name to the name of an existing method, or defining a method named '$_clearField'.
  void clearExpiresTime() => $_clearField(4);
                             ^^^^^^^^^^^^
lib/generated/spacex_api/device/wifi_util.pb.dart:267:25: Error: The method '$_clearField' isn't defined for the type 'DhcpLease'.
 - 'DhcpLease' is from 'package:starlink_isp_app/generated/spacex_api/device/wifi_util.pb.dart' ('lib/generated/spacex_api/device/wifi_util.pb.dart').
Try correcting the name to the name of an existing method, or defining a method named '$_clearField'.
  void clearActive() => $_clearField(5);
                        ^^^^^^^^^^^^
lib/generated/spacex_api/device/wifi_util.pb.dart:276:27: Error: The method '$_clearField' isn't defined for the type 'DhcpLease'.
 - 'DhcpLease' is from 'package:starlink_isp_app/generated/spacex_api/device/wifi_util.pb.dart' ('lib/generated/spacex_api/device/wifi_util.pb.dart').
Try correcting the name to the name of an existing method, or defining a method named '$_clearField'.
  void clearClientId() => $_clearField(6);
                          ^^^^^^^^^^^^
lib/generated/spacex_api/device/wifi_util.pb.dart:310:7: Error: The method 'pPM' isn't defined for the type 'BuilderInfo'.
 - 'BuilderInfo' is from 'package:protobuf/protobuf.dart' ('../../../.pub-cache/hosted/pub.dev/protobuf-3.1.0/lib/protobuf.dart').
Try correcting the name to the name of an existing method, or defining a method named 'pPM'.
    ..pPM<DhcpLease>(3, _omitFieldNames ? '' : 'leases',
      ^^^
lib/generated/spacex_api/device/wifi_util.pb.dart:340:25: Error: The method '$_clearField' isn't defined for the type 'DhcpServer'.
 - 'DhcpServer' is from 'package:starlink_isp_app/generated/spacex_api/device/wifi_util.pb.dart' ('lib/generated/spacex_api/device/wifi_util.pb.dart').
Try correcting the name to the name of an existing method, or defining a method named '$_clearField'.
  void clearDomain() => $_clearField(1);
                        ^^^^^^^^^^^^
lib/generated/spacex_api/device/wifi_util.pb.dart:349:25: Error: The method '$_clearField' isn't defined for the type 'DhcpServer'.
 - 'DhcpServer' is from 'package:starlink_isp_app/generated/spacex_api/device/wifi_util.pb.dart' ('lib/generated/spacex_api/device/wifi_util.pb.dart').
Try correcting the name to the name of an existing method, or defining a method named '$_clearField'.
  void clearSubnet() => $_clearField(2);
                        ^^^^^^^^^^^^
lib/generated/spacex_api/device/wifi_util.pb.dart:352:39: Error: A value of type 'List<dynamic>' can't be returned from a function with return type 'PbList<DhcpLease>'.
 - 'List' is from 'dart:core'.
 - 'PbList' is from 'package:protobuf/protobuf.dart' ('../../../.pub-cache/hosted/pub.dev/protobuf-3.1.0/lib/protobuf.dart').
 - 'DhcpLease' is from 'package:starlink_isp_app/generated/spacex_api/device/wifi_util.pb.dart' ('lib/generated/spacex_api/device/wifi_util.pb.dart').
  $pb.PbList<DhcpLease> get leases => $_getList(2);
                                      ^
lib/generated/spacex_api/device/wifi_util.pb.dart:361:30: Error: The method '$_clearField' isn't defined for the type 'DhcpServer'.
 - 'DhcpServer' is from 'package:starlink_isp_app/generated/spacex_api/device/wifi_util.pb.dart' ('lib/generated/spacex_api/device/wifi_util.pb.dart').
Try correcting the name to the name of an existing method, or defining a method named '$_clearField'.
  void clearIpExhausted() => $_clearField(4);
                             ^^^^^^^^^^^^
lib/generated/spacex_api/device/wifi_util.pb.dart:406:7: Error: The method 'aI' isn't defined for the type 'BuilderInfo'.
 - 'BuilderInfo' is from 'package:protobuf/protobuf.dart' ('../../../.pub-cache/hosted/pub.dev/protobuf-3.1.0/lib/protobuf.dart').
Try correcting the name to the name of an existing method, or defining a method named 'aI'.
    ..aI(2, _omitFieldNames ? '' : 'timeoutCount',
      ^^
lib/generated/spacex_api/device/wifi_util.pb.dart:408:7: Error: The method 'aI' isn't defined for the type 'BuilderInfo'.
 - 'BuilderInfo' is from 'package:protobuf/protobuf.dart' ('../../../.pub-cache/hosted/pub.dev/protobuf-3.1.0/lib/protobuf.dart').
Try correcting the name to the name of an existing method, or defining a method named 'aI'.
    ..aI(3, _omitFieldNames ? '' : 'accessRequestCount',
      ^^
lib/generated/spacex_api/device/wifi_util.pb.dart:410:7: Error: The method 'aI' isn't defined for the type 'BuilderInfo'.
 - 'BuilderInfo' is from 'package:protobuf/protobuf.dart' ('../../../.pub-cache/hosted/pub.dev/protobuf-3.1.0/lib/protobuf.dart').
Try correcting the name to the name of an existing method, or defining a method named 'aI'.
    ..aI(4, _omitFieldNames ? '' : 'accessAcceptCount',
      ^^
lib/generated/spacex_api/device/wifi_util.pb.dart:412:7: Error: The method 'aI' isn't defined for the type 'BuilderInfo'.
 - 'BuilderInfo' is from 'package:protobuf/protobuf.dart' ('../../../.pub-cache/hosted/pub.dev/protobuf-3.1.0/lib/protobuf.dart').
Try correcting the name to the name of an existing method, or defining a method named 'aI'.
    ..aI(5, _omitFieldNames ? '' : 'accessRejectCount',
      ^^
lib/generated/spacex_api/device/wifi_util.pb.dart:414:7: Error: The method 'aI' isn't defined for the type 'BuilderInfo'.
 - 'BuilderInfo' is from 'package:protobuf/protobuf.dart' ('../../../.pub-cache/hosted/pub.dev/protobuf-3.1.0/lib/protobuf.dart').
Try correcting the name to the name of an existing method, or defining a method named 'aI'.
    ..aI(6, _omitFieldNames ? '' : 'accessChallengeCount',
      ^^
lib/generated/spacex_api/device/wifi_util.pb.dart:416:7: Error: The method 'aI' isn't defined for the type 'BuilderInfo'.
 - 'BuilderInfo' is from 'package:protobuf/protobuf.dart' ('../../../.pub-cache/hosted/pub.dev/protobuf-3.1.0/lib/protobuf.dart').
Try correcting the name to the name of an existing method, or defining a method named 'aI'.
    ..aI(7, _omitFieldNames ? '' : 'accountingRequestCount',
      ^^
lib/generated/spacex_api/device/wifi_util.pb.dart:418:7: Error: The method 'aI' isn't defined for the type 'BuilderInfo'.
 - 'BuilderInfo' is from 'package:protobuf/protobuf.dart' ('../../../.pub-cache/hosted/pub.dev/protobuf-3.1.0/lib/protobuf.dart').
Try correcting the name to the name of an existing method, or defining a method named 'aI'.
    ..aI(8, _omitFieldNames ? '' : 'accountingResponseCount',
      ^^
lib/generated/spacex_api/device/wifi_util.pb.dart:450:28: Error: The method '$_clearField' isn't defined for the type 'RadiusStatsMap_RadiusStats'.
 - 'RadiusStatsMap_RadiusStats' is from 'package:starlink_isp_app/generated/spacex_api/device/wifi_util.pb.dart' ('lib/generated/spacex_api/device/wifi_util.pb.dart').
Try correcting the name to the name of an existing method, or defining a method named '$_clearField'.
  void clearIfaceName() => $_clearField(1);
                           ^^^^^^^^^^^^
lib/generated/spacex_api/device/wifi_util.pb.dart:459:31: Error: The method '$_clearField' isn't defined for the type 'RadiusStatsMap_RadiusStats'.
 - 'RadiusStatsMap_RadiusStats' is from 'package:starlink_isp_app/generated/spacex_api/device/wifi_util.pb.dart' ('lib/generated/spacex_api/device/wifi_util.pb.dart').
Try correcting the name to the name of an existing method, or defining a method named '$_clearField'.
  void clearTimeoutCount() => $_clearField(2);
                              ^^^^^^^^^^^^
lib/generated/spacex_api/device/wifi_util.pb.dart:468:37: Error: The method '$_clearField' isn't defined for the type 'RadiusStatsMap_RadiusStats'.
 - 'RadiusStatsMap_RadiusStats' is from 'package:starlink_isp_app/generated/spacex_api/device/wifi_util.pb.dart' ('lib/generated/spacex_api/device/wifi_util.pb.dart').
Try correcting the name to the name of an existing method, or defining a method named '$_clearField'.
  void clearAccessRequestCount() => $_clearField(3);
                                    ^^^^^^^^^^^^
lib/generated/spacex_api/device/wifi_util.pb.dart:477:36: Error: The method '$_clearField' isn't defined for the type 'RadiusStatsMap_RadiusStats'.
 - 'RadiusStatsMap_RadiusStats' is from 'package:starlink_isp_app/generated/spacex_api/device/wifi_util.pb.dart' ('lib/generated/spacex_api/device/wifi_util.pb.dart').
Try correcting the name to the name of an existing method, or defining a method named '$_clearField'.
  void clearAccessAcceptCount() => $_clearField(4);
                                   ^^^^^^^^^^^^
lib/generated/spacex_api/device/wifi_util.pb.dart:486:36: Error: The method '$_clearField' isn't defined for the type 'RadiusStatsMap_RadiusStats'.
 - 'RadiusStatsMap_RadiusStats' is from 'package:starlink_isp_app/generated/spacex_api/device/wifi_util.pb.dart' ('lib/generated/spacex_api/device/wifi_util.pb.dart').
Try correcting the name to the name of an existing method, or defining a method named '$_clearField'.
  void clearAccessRejectCount() => $_clearField(5);
                                   ^^^^^^^^^^^^
lib/generated/spacex_api/device/wifi_util.pb.dart:495:39: Error: The method '$_clearField' isn't defined for the type 'RadiusStatsMap_RadiusStats'.
 - 'RadiusStatsMap_RadiusStats' is from 'package:starlink_isp_app/generated/spacex_api/device/wifi_util.pb.dart' ('lib/generated/spacex_api/device/wifi_util.pb.dart').
Try correcting the name to the name of an existing method, or defining a method named '$_clearField'.
  void clearAccessChallengeCount() => $_clearField(6);
                                      ^^^^^^^^^^^^
lib/generated/spacex_api/device/wifi_util.pb.dart:504:41: Error: The method '$_clearField' isn't defined for the type 'RadiusStatsMap_RadiusStats'.
 - 'RadiusStatsMap_RadiusStats' is from 'package:starlink_isp_app/generated/spacex_api/device/wifi_util.pb.dart' ('lib/generated/spacex_api/device/wifi_util.pb.dart').
Try correcting the name to the name of an existing method, or defining a method named '$_clearField'.
  void clearAccountingRequestCount() => $_clearField(7);
                                        ^^^^^^^^^^^^
lib/generated/spacex_api/device/wifi_util.pb.dart:513:42: Error: The method '$_clearField' isn't defined for the type 'RadiusStatsMap_RadiusStats'.
 - 'RadiusStatsMap_RadiusStats' is from 'package:starlink_isp_app/generated/spacex_api/device/wifi_util.pb.dart' ('lib/generated/spacex_api/device/wifi_util.pb.dart').
Try correcting the name to the name of an existing method, or defining a method named '$_clearField'.
  void clearAccountingResponseCount() => $_clearField(8);
                                         ^^^^^^^^^^^^
lib/generated/spacex_api/device/wifi_util.pb.dart:576:22: Error: The method '$_clearField' isn't defined for the type 'RadiusStatsMap_RadiusStatsEntry'.
 - 'RadiusStatsMap_RadiusStatsEntry' is from 'package:starlink_isp_app/generated/spacex_api/device/wifi_util.pb.dart' ('lib/generated/spacex_api/device/wifi_util.pb.dart').
Try correcting the name to the name of an existing method, or defining a method named '$_clearField'.
  void clearKey() => $_clearField(1);
                     ^^^^^^^^^^^^
lib/generated/spacex_api/device/wifi_util.pb.dart:581:50: Error: The method '$_setField' isn't defined for the type 'RadiusStatsMap_RadiusStatsEntry'.
 - 'RadiusStatsMap_RadiusStatsEntry' is from 'package:starlink_isp_app/generated/spacex_api/device/wifi_util.pb.dart' ('lib/generated/spacex_api/device/wifi_util.pb.dart').
Try correcting the name to the name of an existing method, or defining a method named '$_setField'.
  set value(RadiusStatsMap_RadiusStats value) => $_setField(2, value);
                                                 ^^^^^^^^^^
lib/generated/spacex_api/device/wifi_util.pb.dart:585:24: Error: The method '$_clearField' isn't defined for the type 'RadiusStatsMap_RadiusStatsEntry'.
 - 'RadiusStatsMap_RadiusStatsEntry' is from 'package:starlink_isp_app/generated/spacex_api/device/wifi_util.pb.dart' ('lib/generated/spacex_api/device/wifi_util.pb.dart').
Try correcting the name to the name of an existing method, or defining a method named '$_clearField'.
  void clearValue() => $_clearField(2);
                       ^^^^^^^^^^^^
lib/generated/spacex_api/device/wifi_util.pb.dart:613:7: Error: The method 'pPM' isn't defined for the type 'BuilderInfo'.
 - 'BuilderInfo' is from 'package:protobuf/protobuf.dart' ('../../../.pub-cache/hosted/pub.dev/protobuf-3.1.0/lib/protobuf.dart').
Try correcting the name to the name of an existing method, or defining a method named 'pPM'.
    ..pPM<RadiusStatsMap_RadiusStatsEntry>(
      ^^^
lib/generated/spacex_api/device/wifi_util.pb.dart:638:66: Error: A value of type 'List<dynamic>' can't be returned from a function with return type 'PbList<RadiusStatsMap_RadiusStatsEntry>'.
 - 'List' is from 'dart:core'.
 - 'PbList' is from 'package:protobuf/protobuf.dart' ('../../../.pub-cache/hosted/pub.dev/protobuf-3.1.0/lib/protobuf.dart').
 - 'RadiusStatsMap_RadiusStatsEntry' is from 'package:starlink_isp_app/generated/spacex_api/device/wifi_util.pb.dart' ('lib/generated/spacex_api/device/wifi_util.pb.dart').
  $pb.PbList<RadiusStatsMap_RadiusStatsEntry> get radiusStats => $_getList(0);
                                                                 ^
lib/generated/spacex_api/device/wifi_util.pb.dart:680:7: Error: The method 'aE' isn't defined for the type 'BuilderInfo'.
 - 'BuilderInfo' is from 'package:protobuf/protobuf.dart' ('../../../.pub-cache/hosted/pub.dev/protobuf-3.1.0/lib/protobuf.dart').
Try correcting the name to the name of an existing method, or defining a method named 'aE'.
    ..aE<PoeState>(1, _omitFieldNames ? '' : 'poeState',
      ^^
lib/generated/spacex_api/device/wifi_util.pb.dart:682:7: Error: The method 'aD' isn't defined for the type 'BuilderInfo'.
 - 'BuilderInfo' is from 'package:protobuf/protobuf.dart' ('../../../.pub-cache/hosted/pub.dev/protobuf-3.1.0/lib/protobuf.dart').
Try correcting the name to the name of an existing method, or defining a method named 'aD'.
    ..aD(2, _omitFieldNames ? '' : 'poePower', fieldType: $pb.PbFieldType.OF)
      ^^
lib/generated/spacex_api/device/wifi_util.pb.dart:683:7: Error: The method 'aI' isn't defined for the type 'BuilderInfo'.
 - 'BuilderInfo' is from 'package:protobuf/protobuf.dart' ('../../../.pub-cache/hosted/pub.dev/protobuf-3.1.0/lib/protobuf.dart').
Try correcting the name to the name of an existing method, or defining a method named 'aI'.
    ..aI(3, _omitFieldNames ? '' : 'poeFaultsFastOvercurrent',
      ^^
lib/generated/spacex_api/device/wifi_util.pb.dart:685:7: Error: The method 'aI' isn't defined for the type 'BuilderInfo'.
 - 'BuilderInfo' is from 'package:protobuf/protobuf.dart' ('../../../.pub-cache/hosted/pub.dev/protobuf-3.1.0/lib/protobuf.dart').
Try correcting the name to the name of an existing method, or defining a method named 'aI'.
    ..aI(4, _omitFieldNames ? '' : 'poeFaultsSlowOvercurrent',
      ^^
lib/generated/spacex_api/device/wifi_util.pb.dart:687:7: Error: The method 'aI' isn't defined for the type 'BuilderInfo'.
 - 'BuilderInfo' is from 'package:protobuf/protobuf.dart' ('../../../.pub-cache/hosted/pub.dev/protobuf-3.1.0/lib/protobuf.dart').
Try correcting the name to the name of an existing method, or defining a method named 'aI'.
    ..aI(5, _omitFieldNames ? '' : 'poeFaultsOvervoltage',
      ^^
lib/generated/spacex_api/device/wifi_util.pb.dart:689:7: Error: The method 'aI' isn't defined for the type 'BuilderInfo'.
 - 'BuilderInfo' is from 'package:protobuf/protobuf.dart' ('../../../.pub-cache/hosted/pub.dev/protobuf-3.1.0/lib/protobuf.dart').
Try correcting the name to the name of an existing method, or defining a method named 'aI'.
    ..aI(6, _omitFieldNames ? '' : 'poeFaultsUndervoltage',
      ^^
lib/generated/spacex_api/device/wifi_util.pb.dart:691:7: Error: The method 'aD' isn't defined for the type 'BuilderInfo'.
 - 'BuilderInfo' is from 'package:protobuf/protobuf.dart' ('../../../.pub-cache/hosted/pub.dev/protobuf-3.1.0/lib/protobuf.dart').
Try correcting the name to the name of an existing method, or defining a method named 'aD'.
    ..aD(7, _omitFieldNames ? '' : 'vsnsVin', fieldType: $pb.PbFieldType.OF)
      ^^
lib/generated/spacex_api/device/wifi_util.pb.dart:715:35: Error: The method '$_setField' isn't defined for the type 'PoeStats'.
 - 'PoeStats' is from 'package:starlink_isp_app/generated/spacex_api/device/wifi_util.pb.dart' ('lib/generated/spacex_api/device/wifi_util.pb.dart').
Try correcting the name to the name of an existing method, or defining a method named '$_setField'.
  set poeState(PoeState value) => $_setField(1, value);
                                  ^^^^^^^^^^
lib/generated/spacex_api/device/wifi_util.pb.dart:719:27: Error: The method '$_clearField' isn't defined for the type 'PoeStats'.
 - 'PoeStats' is from 'package:starlink_isp_app/generated/spacex_api/device/wifi_util.pb.dart' ('lib/generated/spacex_api/device/wifi_util.pb.dart').
Try correcting the name to the name of an existing method, or defining a method named '$_clearField'.
  void clearPoeState() => $_clearField(1);
                          ^^^^^^^^^^^^
lib/generated/spacex_api/device/wifi_util.pb.dart:728:27: Error: The method '$_clearField' isn't defined for the type 'PoeStats'.
 - 'PoeStats' is from 'package:starlink_isp_app/generated/spacex_api/device/wifi_util.pb.dart' ('lib/generated/spacex_api/device/wifi_util.pb.dart').
Try correcting the name to the name of an existing method, or defining a method named '$_clearField'.
  void clearPoePower() => $_clearField(2);
                          ^^^^^^^^^^^^
lib/generated/spacex_api/device/wifi_util.pb.dart:737:43: Error: The method '$_clearField' isn't defined for the type 'PoeStats'.
 - 'PoeStats' is from 'package:starlink_isp_app/generated/spacex_api/device/wifi_util.pb.dart' ('lib/generated/spacex_api/device/wifi_util.pb.dart').
Try correcting the name to the name of an existing method, or defining a method named '$_clearField'.
  void clearPoeFaultsFastOvercurrent() => $_clearField(3);
                                          ^^^^^^^^^^^^
lib/generated/spacex_api/device/wifi_util.pb.dart:746:43: Error: The method '$_clearField' isn't defined for the type 'PoeStats'.
 - 'PoeStats' is from 'package:starlink_isp_app/generated/spacex_api/device/wifi_util.pb.dart' ('lib/generated/spacex_api/device/wifi_util.pb.dart').
Try correcting the name to the name of an existing method, or defining a method named '$_clearField'.
  void clearPoeFaultsSlowOvercurrent() => $_clearField(4);
                                          ^^^^^^^^^^^^
lib/generated/spacex_api/device/wifi_util.pb.dart:755:39: Error: The method '$_clearField' isn't defined for the type 'PoeStats'.
 - 'PoeStats' is from 'package:starlink_isp_app/generated/spacex_api/device/wifi_util.pb.dart' ('lib/generated/spacex_api/device/wifi_util.pb.dart').
Try correcting the name to the name of an existing method, or defining a method named '$_clearField'.
  void clearPoeFaultsOvervoltage() => $_clearField(5);
                                      ^^^^^^^^^^^^
lib/generated/spacex_api/device/wifi_util.pb.dart:764:40: Error: The method '$_clearField' isn't defined for the type 'PoeStats'.
 - 'PoeStats' is from 'package:starlink_isp_app/generated/spacex_api/device/wifi_util.pb.dart' ('lib/generated/spacex_api/device/wifi_util.pb.dart').
Try correcting the name to the name of an existing method, or defining a method named '$_clearField'.
  void clearPoeFaultsUndervoltage() => $_clearField(6);
                                       ^^^^^^^^^^^^
lib/generated/spacex_api/device/wifi_util.pb.dart:773:26: Error: The method '$_clearField' isn't defined for the type 'PoeStats'.
 - 'PoeStats' is from 'package:starlink_isp_app/generated/spacex_api/device/wifi_util.pb.dart' ('lib/generated/spacex_api/device/wifi_util.pb.dart').
Try correcting the name to the name of an existing method, or defining a method named '$_clearField'.
  void clearVsnsVin() => $_clearField(7);
                         ^^^^^^^^^^^^
lib/generated/spacex_api/device/wifi_util.pb.dart:809:7: Error: The method 'aE' isn't defined for the type 'BuilderInfo'.
 - 'BuilderInfo' is from 'package:protobuf/protobuf.dart' ('../../../.pub-cache/hosted/pub.dev/protobuf-3.1.0/lib/protobuf.dart').
Try correcting the name to the name of an existing method, or defining a method named 'aE'.
    ..aE<WifiSoftwareUpdateState>(1, _omitFieldNames ? '' : 'state',
      ^^
lib/generated/spacex_api/device/wifi_util.pb.dart:811:7: Error: The method 'aD' isn't defined for the type 'BuilderInfo'.
 - 'BuilderInfo' is from 'package:protobuf/protobuf.dart' ('../../../.pub-cache/hosted/pub.dev/protobuf-3.1.0/lib/protobuf.dart').
Try correcting the name to the name of an existing method, or defining a method named 'aD'.
    ..aD(2, _omitFieldNames ? '' : 'softwareDownloadProgress',
      ^^
lib/generated/spacex_api/device/wifi_util.pb.dart:813:7: Error: The method 'aD' isn't defined for the type 'BuilderInfo'.
 - 'BuilderInfo' is from 'package:protobuf/protobuf.dart' ('../../../.pub-cache/hosted/pub.dev/protobuf-3.1.0/lib/protobuf.dart').
Try correcting the name to the name of an existing method, or defining a method named 'aD'.
    ..aD(3, _omitFieldNames ? '' : 'secondsSinceGetTargetVersions',
      ^^
lib/generated/spacex_api/device/wifi_util.pb.dart:842:47: Error: The method '$_setField' isn't defined for the type 'WifiSoftwareUpdateStats'.
 - 'WifiSoftwareUpdateStats' is from 'package:starlink_isp_app/generated/spacex_api/device/wifi_util.pb.dart' ('lib/generated/spacex_api/device/wifi_util.pb.dart').
Try correcting the name to the name of an existing method, or defining a method named '$_setField'.
  set state(WifiSoftwareUpdateState value) => $_setField(1, value);
                                              ^^^^^^^^^^
lib/generated/spacex_api/device/wifi_util.pb.dart:846:24: Error: The method '$_clearField' isn't defined for the type 'WifiSoftwareUpdateStats'.
 - 'WifiSoftwareUpdateStats' is from 'package:starlink_isp_app/generated/spacex_api/device/wifi_util.pb.dart' ('lib/generated/spacex_api/device/wifi_util.pb.dart').
Try correcting the name to the name of an existing method, or defining a method named '$_clearField'.
  void clearState() => $_clearField(1);
                       ^^^^^^^^^^^^
lib/generated/spacex_api/device/wifi_util.pb.dart:855:43: Error: The method '$_clearField' isn't defined for the type 'WifiSoftwareUpdateStats'.
 - 'WifiSoftwareUpdateStats' is from 'package:starlink_isp_app/generated/spacex_api/device/wifi_util.pb.dart' ('lib/generated/spacex_api/device/wifi_util.pb.dart').
Try correcting the name to the name of an existing method, or defining a method named '$_clearField'.
  void clearSoftwareDownloadProgress() => $_clearField(2);
                                          ^^^^^^^^^^^^
lib/generated/spacex_api/device/wifi_util.pb.dart:864:48: Error: The method '$_clearField' isn't defined for the type 'WifiSoftwareUpdateStats'.
 - 'WifiSoftwareUpdateStats' is from 'package:starlink_isp_app/generated/spacex_api/device/wifi_util.pb.dart' ('lib/generated/spacex_api/device/wifi_util.pb.dart').
Try correcting the name to the name of an existing method, or defining a method named '$_clearField'.
  void clearSecondsSinceGetTargetVersions() => $_clearField(3);
                                               ^^^^^^^^^^^^
lib/generated/spacex_api/device/wifi_util.pb.dart:873:33: Error: The method '$_clearField' isn't defined for the type 'WifiSoftwareUpdateStats'.
 - 'WifiSoftwareUpdateStats' is from 'package:starlink_isp_app/generated/spacex_api/device/wifi_util.pb.dart' ('lib/generated/spacex_api/device/wifi_util.pb.dart').
Try correcting the name to the name of an existing method, or defining a method named '$_clearField'.
  void clearRunningVersion() => $_clearField(4);
                                ^^^^^^^^^^^^
lib/generated/spacex_api/device/wifi_util.pb.dart:882:36: Error: The method '$_clearField' isn't defined for the type 'WifiSoftwareUpdateStats'.
 - 'WifiSoftwareUpdateStats' is from 'package:starlink_isp_app/generated/spacex_api/device/wifi_util.pb.dart' ('lib/generated/spacex_api/device/wifi_util.pb.dart').
Try correcting the name to the name of an existing method, or defining a method named '$_clearField'.
  void clearVersionInProgress() => $_clearField(5);
                                   ^^^^^^^^^^^^
lib/generated/spacex_api/device/wifi_util.pb.dart:911:7: Error: The method 'aE' isn't defined for the type 'BuilderInfo'.
 - 'BuilderInfo' is from 'package:protobuf/protobuf.dart' ('../../../.pub-cache/hosted/pub.dev/protobuf-3.1.0/lib/protobuf.dart').
Try correcting the name to the name of an existing method, or defining a method named 'aE'.
    ..aE<WifiSetupRequirementState>(1, _omitFieldNames ? '' : 'state',
      ^^
lib/generated/spacex_api/device/wifi_util.pb.dart:940:49: Error: The method '$_setField' isn't defined for the type 'WifiSetupRequirement'.
 - 'WifiSetupRequirement' is from 'package:starlink_isp_app/generated/spacex_api/device/wifi_util.pb.dart' ('lib/generated/spacex_api/device/wifi_util.pb.dart').
Try correcting the name to the name of an existing method, or defining a method named '$_setField'.
  set state(WifiSetupRequirementState value) => $_setField(1, value);
                                                ^^^^^^^^^^
lib/generated/spacex_api/device/wifi_util.pb.dart:944:24: Error: The method '$_clearField' isn't defined for the type 'WifiSetupRequirement'.
 - 'WifiSetupRequirement' is from 'package:starlink_isp_app/generated/spacex_api/device/wifi_util.pb.dart' ('lib/generated/spacex_api/device/wifi_util.pb.dart').
Try correcting the name to the name of an existing method, or defining a method named '$_clearField'.
  void clearState() => $_clearField(1);
                       ^^^^^^^^^^^^
lib/generated/spacex_api/device/wifi_util.pb.dart:953:40: Error: The method '$_clearField' isn't defined for the type 'WifiSetupRequirement'.
 - 'WifiSetupRequirement' is from 'package:starlink_isp_app/generated/spacex_api/device/wifi_util.pb.dart' ('lib/generated/spacex_api/device/wifi_util.pb.dart').
Try correcting the name to the name of an existing method, or defining a method named '$_clearField'.
  void clearPauseCountdownSeconds() => $_clearField(2);
                                       ^^^^^^^^^^^^
lib/generated/spacex_api/device/dish_config.pbenum.dart:33:24: Error: Member not found: 'ProtobufEnum.$_initByValueList'.
      $pb.ProtobufEnum.$_initByValueList(values, 2);
                       ^^^^^^^^^^^^^^^^^
lib/generated/spacex_api/device/dish_config.pbenum.dart:53:24: Error: Member not found: 'ProtobufEnum.$_initByValueList'.
      $pb.ProtobufEnum.$_initByValueList(values, 1);
                       ^^^^^^^^^^^^^^^^^
lib/generated/spacex_api/device/dish_config.pbenum.dart:73:24: Error: Member not found: 'ProtobufEnum.$_initByValueList'.
      $pb.ProtobufEnum.$_initByValueList(values, 1);
                       ^^^^^^^^^^^^^^^^^
lib/generated/spacex_api/telemetron/public/common/time.pbenum.dart:27:24: Error: Member not found: 'ProtobufEnum.$_initByValueList'.
      $pb.ProtobufEnum.$_initByValueList(values, 1);
                       ^^^^^^^^^^^^^^^^^
lib/generated/spacex_api/device/wifi_config.pbenum.dart:35:24: Error: Member not found: 'ProtobufEnum.$_initByValueList'.
      $pb.ProtobufEnum.$_initByValueList(values, 3);
                       ^^^^^^^^^^^^^^^^^
lib/generated/spacex_api/device/wifi_config.pbenum.dart:57:24: Error: Member not found: 'ProtobufEnum.$_initByValueList'.
      $pb.ProtobufEnum.$_initByValueList(values, 2);
                       ^^^^^^^^^^^^^^^^^
lib/generated/spacex_api/device/wifi_config.pbenum.dart:83:24: Error: Member not found: 'ProtobufEnum.$_initByValueList'.
      $pb.ProtobufEnum.$_initByValueList(values, 3);
                       ^^^^^^^^^^^^^^^^^
lib/generated/spacex_api/device/wifi_config.pbenum.dart:108:24: Error: Member not found: 'ProtobufEnum.$_initByValueList'.
      $pb.ProtobufEnum.$_initByValueList(values, 3);
                       ^^^^^^^^^^^^^^^^^
lib/generated/spacex_api/device/wifi_config.pbenum.dart:186:24: Error: Member not found: 'ProtobufEnum.$_initByValueList'.
      $pb.ProtobufEnum.$_initByValueList(values, 12);
                       ^^^^^^^^^^^^^^^^^
lib/generated/spacex_api/device/wifi_config.pbenum.dart:210:24: Error: Member not found: 'ProtobufEnum.$_initByValueList'.
      $pb.ProtobufEnum.$_initByValueList(values, 2);
                       ^^^^^^^^^^^^^^^^^
lib/generated/spacex_api/device/wifi_config.pbenum.dart:244:24: Error: Member not found: 'ProtobufEnum.$_initByValueList'.
      $pb.ProtobufEnum.$_initByValueList(values, 4);
                       ^^^^^^^^^^^^^^^^^
lib/generated/spacex_api/device/wifi_util.pbenum.dart:38:24: Error: Member not found: 'ProtobufEnum.$_initByValueList'.
      $pb.ProtobufEnum.$_initByValueList(values, 6);
                       ^^^^^^^^^^^^^^^^^
lib/generated/spacex_api/device/wifi_util.pbenum.dart:69:24: Error: Member not found: 'ProtobufEnum.$_initByValueList'.
      $pb.ProtobufEnum.$_initByValueList(values, 5);
                       ^^^^^^^^^^^^^^^^^
lib/generated/spacex_api/device/wifi_util.pbenum.dart:100:24: Error: Member not found: 'ProtobufEnum.$_initByValueList'.
      $pb.ProtobufEnum.$_initByValueList(values, 5);
                       ^^^^^^^^^^^^^^^^^
lib/generated/spacex_api/device/wifi_util.pbenum.dart:128:24: Error: Member not found: 'ProtobufEnum.$_initByValueList'.
      $pb.ProtobufEnum.$_initByValueList(values, 4);
                       ^^^^^^^^^^^^^^^^^
lib/generated/spacex_api/device/wifi_util.pbenum.dart:182:24: Error: Member not found: 'ProtobufEnum.$_initByValueList'.
      $pb.ProtobufEnum.$_initByValueList(values, 14);
                       ^^^^^^^^^^^^^^^^^
lib/generated/spacex_api/device/wifi_util.pbenum.dart:210:24: Error: Member not found: 'ProtobufEnum.$_initByValueList'.
      $pb.ProtobufEnum.$_initByValueList(values, 4);
                       ^^^^^^^^^^^^^^^^^
lib/generated/spacex_api/device/wifi_util.pbenum.dart:231:24: Error: Member not found: 'ProtobufEnum.$_initByValueList'.
      $pb.ProtobufEnum.$_initByValueList(values, 3);
                       ^^^^^^^^^^^^^^^^^
lib/generated/spacex_api/device/wifi_util.pbenum.dart:290:24: Error: Member not found: 'ProtobufEnum.$_initByValueList'.
      $pb.ProtobufEnum.$_initByValueList(values, 12);
                       ^^^^^^^^^^^^^^^^^
lib/generated/spacex_api/device/wifi_util.pbenum.dart:317:24: Error: Member not found: 'ProtobufEnum.$_initByValueList'.
      $pb.ProtobufEnum.$_initByValueList(values, 3);
                       ^^^^^^^^^^^^^^^^^
lib/generated/spacex_api/device/wifi_util.pbenum.dart:364:24: Error: Member not found: 'ProtobufEnum.$_initByValueList'.
      $pb.ProtobufEnum.$_initByValueList(values, 4);
                       ^^^^^^^^^^^^^^^^^
Target kernel_snapshot_program failed: Exception


FAILURE: Build failed with an exception.

* What went wrong:
Execution failed for task ':app:compileFlutterBuildRelease'.
> Process 'command '/Users/macbookpro/flutter/bin/flutter'' finished with non-zero exit value 1

* Try:
> Run with --stacktrace option to get the stack trace.
> Run with --info or --debug option to get more log output.
> Run with --scan to get full insights.
> Get more help at https://help.gradle.org.

BUILD FAILED in 1m 1s
Running Gradle task 'assembleRelease'...                           64.0s
Gradle task assembleRelease failed with exit code 1
